[0.075s] Invoking command in '/root/ros_ws/src/Rescue_Car_ws/build/microxrcedds_client': CMAKE_PREFIX_PATH=/root/ros_ws/src/Rescue_Car_ws/install/microcdr:/root/ros_ws/src/Rescue_Car_ws/install/micro_ros_demos_rclc:/root/ros_ws/src/Rescue_Car_ws/install/common_interfaces:/root/ros_ws/src/Rescue_Car_ws/install/visualization_msgs:/root/ros_ws/src/Rescue_Car_ws/install/test_msgs:/root/ros_ws/src/Rescue_Car_ws/install/example_interfaces:/root/ros_ws/src/Rescue_Car_ws/install/action_msgs:/root/ros_ws/src/Rescue_Car_ws/install/unique_identifier_msgs:/root/ros_ws/src/Rescue_Car_ws/install/trajectory_msgs:/root/ros_ws/src/Rescue_Car_ws/install/stereo_msgs:/root/ros_ws/src/Rescue_Car_ws/install/std_srvs:/root/ros_ws/src/Rescue_Car_ws/install/shape_msgs:/root/ros_ws/src/Rescue_Car_ws/install/sensor_msgs:/root/ros_ws/src/Rescue_Car_ws/install/nav_msgs:/root/ros_ws/src/Rescue_Car_ws/install/diagnostic_msgs:/root/ros_ws/src/Rescue_Car_ws/install/geometry_msgs:/root/ros_ws/src/Rescue_Car_ws/install/actionlib_msgs:/root/ros_ws/src/Rescue_Car_ws/install/std_msgs:/root/ros_ws/src/Rescue_Car_ws/install/statistics_msgs:/root/ros_ws/src/Rescue_Car_ws/install/rosidl_typesupport_microxrcedds_test_msg:/root/ros_ws/src/Rescue_Car_ws/install/rosidl_typesupport_microxrcedds_cpp_tests:/root/ros_ws/src/Rescue_Car_ws/install/rmw_microxrcedds:/root/ros_ws/src/Rescue_Car_ws/install/rosidl_typesupport_microxrcedds_cpp:/root/ros_ws/src/Rescue_Car_ws/install/rosidl_typesupport_microxrcedds_c_tests:/root/ros_ws/src/Rescue_Car_ws/install/rosidl_typesupport_microxrcedds_c:/root/ros_ws/src/Rescue_Car_ws/install/rosgraph_msgs:/root/ros_ws/src/Rescue_Car_ws/install/rclc_parameter:/root/ros_ws/src/Rescue_Car_ws/install/rclc:/root/ros_ws/src/Rescue_Car_ws/install/composition_interfaces:/root/ros_ws/src/Rescue_Car_ws/install/rcl_interfaces:/root/ros_ws/src/Rescue_Car_ws/install/microxrcedds_client:/root/ros_ws/src/Rescue_Car_ws/install/micro_ros_utilities:/root/ros_ws/src/Rescue_Car_ws/install/micro_ros_setup:/root/ros_ws/src/Rescue_Car_ws/install/micro_ros_agent:/root/ros_ws/src/Rescue_Car_ws/install/micro_ros_msgs:/root/ros_ws/src/Rescue_Car_ws/install/lifecycle_msgs:/root/ros_ws/src/Rescue_Car_ws/install/complex_msgs:/root/ros_ws/src/Rescue_Car_ws/install/car:/root/ros_ws/src/Rescue_Car_ws/install/builtin_interfaces /usr/bin/cmake --build /root/ros_ws/src/Rescue_Car_ws/build/microxrcedds_client -- -j20 -l20
[0.139s] [100%] Built target microxrcedds_client
[0.152s] Invoked command in '/root/ros_ws/src/Rescue_Car_ws/build/microxrcedds_client' returned '0': CMAKE_PREFIX_PATH=/root/ros_ws/src/Rescue_Car_ws/install/microcdr:/root/ros_ws/src/Rescue_Car_ws/install/micro_ros_demos_rclc:/root/ros_ws/src/Rescue_Car_ws/install/common_interfaces:/root/ros_ws/src/Rescue_Car_ws/install/visualization_msgs:/root/ros_ws/src/Rescue_Car_ws/install/test_msgs:/root/ros_ws/src/Rescue_Car_ws/install/example_interfaces:/root/ros_ws/src/Rescue_Car_ws/install/action_msgs:/root/ros_ws/src/Rescue_Car_ws/install/unique_identifier_msgs:/root/ros_ws/src/Rescue_Car_ws/install/trajectory_msgs:/root/ros_ws/src/Rescue_Car_ws/install/stereo_msgs:/root/ros_ws/src/Rescue_Car_ws/install/std_srvs:/root/ros_ws/src/Rescue_Car_ws/install/shape_msgs:/root/ros_ws/src/Rescue_Car_ws/install/sensor_msgs:/root/ros_ws/src/Rescue_Car_ws/install/nav_msgs:/root/ros_ws/src/Rescue_Car_ws/install/diagnostic_msgs:/root/ros_ws/src/Rescue_Car_ws/install/geometry_msgs:/root/ros_ws/src/Rescue_Car_ws/install/actionlib_msgs:/root/ros_ws/src/Rescue_Car_ws/install/std_msgs:/root/ros_ws/src/Rescue_Car_ws/install/statistics_msgs:/root/ros_ws/src/Rescue_Car_ws/install/rosidl_typesupport_microxrcedds_test_msg:/root/ros_ws/src/Rescue_Car_ws/install/rosidl_typesupport_microxrcedds_cpp_tests:/root/ros_ws/src/Rescue_Car_ws/install/rmw_microxrcedds:/root/ros_ws/src/Rescue_Car_ws/install/rosidl_typesupport_microxrcedds_cpp:/root/ros_ws/src/Rescue_Car_ws/install/rosidl_typesupport_microxrcedds_c_tests:/root/ros_ws/src/Rescue_Car_ws/install/rosidl_typesupport_microxrcedds_c:/root/ros_ws/src/Rescue_Car_ws/install/rosgraph_msgs:/root/ros_ws/src/Rescue_Car_ws/install/rclc_parameter:/root/ros_ws/src/Rescue_Car_ws/install/rclc:/root/ros_ws/src/Rescue_Car_ws/install/composition_interfaces:/root/ros_ws/src/Rescue_Car_ws/install/rcl_interfaces:/root/ros_ws/src/Rescue_Car_ws/install/microxrcedds_client:/root/ros_ws/src/Rescue_Car_ws/install/micro_ros_utilities:/root/ros_ws/src/Rescue_Car_ws/install/micro_ros_setup:/root/ros_ws/src/Rescue_Car_ws/install/micro_ros_agent:/root/ros_ws/src/Rescue_Car_ws/install/micro_ros_msgs:/root/ros_ws/src/Rescue_Car_ws/install/lifecycle_msgs:/root/ros_ws/src/Rescue_Car_ws/install/complex_msgs:/root/ros_ws/src/Rescue_Car_ws/install/car:/root/ros_ws/src/Rescue_Car_ws/install/builtin_interfaces /usr/bin/cmake --build /root/ros_ws/src/Rescue_Car_ws/build/microxrcedds_client -- -j20 -l20
[0.155s] Invoking command in '/root/ros_ws/src/Rescue_Car_ws/build/microxrcedds_client': CMAKE_PREFIX_PATH=/root/ros_ws/src/Rescue_Car_ws/install/microcdr:/root/ros_ws/src/Rescue_Car_ws/install/micro_ros_demos_rclc:/root/ros_ws/src/Rescue_Car_ws/install/common_interfaces:/root/ros_ws/src/Rescue_Car_ws/install/visualization_msgs:/root/ros_ws/src/Rescue_Car_ws/install/test_msgs:/root/ros_ws/src/Rescue_Car_ws/install/example_interfaces:/root/ros_ws/src/Rescue_Car_ws/install/action_msgs:/root/ros_ws/src/Rescue_Car_ws/install/unique_identifier_msgs:/root/ros_ws/src/Rescue_Car_ws/install/trajectory_msgs:/root/ros_ws/src/Rescue_Car_ws/install/stereo_msgs:/root/ros_ws/src/Rescue_Car_ws/install/std_srvs:/root/ros_ws/src/Rescue_Car_ws/install/shape_msgs:/root/ros_ws/src/Rescue_Car_ws/install/sensor_msgs:/root/ros_ws/src/Rescue_Car_ws/install/nav_msgs:/root/ros_ws/src/Rescue_Car_ws/install/diagnostic_msgs:/root/ros_ws/src/Rescue_Car_ws/install/geometry_msgs:/root/ros_ws/src/Rescue_Car_ws/install/actionlib_msgs:/root/ros_ws/src/Rescue_Car_ws/install/std_msgs:/root/ros_ws/src/Rescue_Car_ws/install/statistics_msgs:/root/ros_ws/src/Rescue_Car_ws/install/rosidl_typesupport_microxrcedds_test_msg:/root/ros_ws/src/Rescue_Car_ws/install/rosidl_typesupport_microxrcedds_cpp_tests:/root/ros_ws/src/Rescue_Car_ws/install/rmw_microxrcedds:/root/ros_ws/src/Rescue_Car_ws/install/rosidl_typesupport_microxrcedds_cpp:/root/ros_ws/src/Rescue_Car_ws/install/rosidl_typesupport_microxrcedds_c_tests:/root/ros_ws/src/Rescue_Car_ws/install/rosidl_typesupport_microxrcedds_c:/root/ros_ws/src/Rescue_Car_ws/install/rosgraph_msgs:/root/ros_ws/src/Rescue_Car_ws/install/rclc_parameter:/root/ros_ws/src/Rescue_Car_ws/install/rclc:/root/ros_ws/src/Rescue_Car_ws/install/composition_interfaces:/root/ros_ws/src/Rescue_Car_ws/install/rcl_interfaces:/root/ros_ws/src/Rescue_Car_ws/install/microxrcedds_client:/root/ros_ws/src/Rescue_Car_ws/install/micro_ros_utilities:/root/ros_ws/src/Rescue_Car_ws/install/micro_ros_setup:/root/ros_ws/src/Rescue_Car_ws/install/micro_ros_agent:/root/ros_ws/src/Rescue_Car_ws/install/micro_ros_msgs:/root/ros_ws/src/Rescue_Car_ws/install/lifecycle_msgs:/root/ros_ws/src/Rescue_Car_ws/install/complex_msgs:/root/ros_ws/src/Rescue_Car_ws/install/car:/root/ros_ws/src/Rescue_Car_ws/install/builtin_interfaces /usr/bin/cmake --install /root/ros_ws/src/Rescue_Car_ws/build/microxrcedds_client
[0.161s] -- Install configuration: "Release"
[0.162s] -- Up-to-date: /root/ros_ws/src/Rescue_Car_ws/install/microxrcedds_client/lib/libmicroxrcedds_client.a
[0.162s] -- Up-to-date: /root/ros_ws/src/Rescue_Car_ws/install/microxrcedds_client/include/uxr/client
[0.162s] -- Up-to-date: /root/ros_ws/src/Rescue_Car_ws/install/microxrcedds_client/include/uxr/client/transport.h
[0.162s] -- Up-to-date: /root/ros_ws/src/Rescue_Car_ws/install/microxrcedds_client/include/uxr/client/util
[0.162s] -- Up-to-date: /root/ros_ws/src/Rescue_Car_ws/install/microxrcedds_client/include/uxr/client/util/time.h
[0.163s] -- Up-to-date: /root/ros_ws/src/Rescue_Car_ws/install/microxrcedds_client/include/uxr/client/util/ping.h
[0.163s] -- Up-to-date: /root/ros_ws/src/Rescue_Car_ws/install/microxrcedds_client/include/uxr/client/client.h
[0.163s] -- Up-to-date: /root/ros_ws/src/Rescue_Car_ws/install/microxrcedds_client/include/uxr/client/visibility.h
[0.164s] -- Up-to-date: /root/ros_ws/src/Rescue_Car_ws/install/microxrcedds_client/include/uxr/client/core
[0.164s] -- Up-to-date: /root/ros_ws/src/Rescue_Car_ws/install/microxrcedds_client/include/uxr/client/core/type
[0.164s] -- Up-to-date: /root/ros_ws/src/Rescue_Car_ws/install/microxrcedds_client/include/uxr/client/core/type/xrce_types.h
[0.164s] -- Up-to-date: /root/ros_ws/src/Rescue_Car_ws/install/microxrcedds_client/include/uxr/client/core/communication
[0.164s] -- Up-to-date: /root/ros_ws/src/Rescue_Car_ws/install/microxrcedds_client/include/uxr/client/core/communication/communication.h
[0.164s] -- Up-to-date: /root/ros_ws/src/Rescue_Car_ws/install/microxrcedds_client/include/uxr/client/core/session
[0.164s] -- Up-to-date: /root/ros_ws/src/Rescue_Car_ws/install/microxrcedds_client/include/uxr/client/core/session/write_access.h
[0.164s] -- Up-to-date: /root/ros_ws/src/Rescue_Car_ws/install/microxrcedds_client/include/uxr/client/core/session/stream
[0.165s] -- Up-to-date: /root/ros_ws/src/Rescue_Car_ws/install/microxrcedds_client/include/uxr/client/core/session/stream/input_best_effort_stream.h
[0.165s] -- Up-to-date: /root/ros_ws/src/Rescue_Car_ws/install/microxrcedds_client/include/uxr/client/core/session/stream/output_best_effort_stream.h
[0.166s] -- Up-to-date: /root/ros_ws/src/Rescue_Car_ws/install/microxrcedds_client/include/uxr/client/core/session/stream/stream_id.h
[0.166s] -- Up-to-date: /root/ros_ws/src/Rescue_Car_ws/install/microxrcedds_client/include/uxr/client/core/session/stream/input_reliable_stream.h
[0.166s] -- Up-to-date: /root/ros_ws/src/Rescue_Car_ws/install/microxrcedds_client/include/uxr/client/core/session/stream/reliable_stream.h
[0.166s] -- Up-to-date: /root/ros_ws/src/Rescue_Car_ws/install/microxrcedds_client/include/uxr/client/core/session/stream/output_reliable_stream.h
[0.167s] -- Up-to-date: /root/ros_ws/src/Rescue_Car_ws/install/microxrcedds_client/include/uxr/client/core/session/stream/seq_num.h
[0.167s] -- Up-to-date: /root/ros_ws/src/Rescue_Car_ws/install/microxrcedds_client/include/uxr/client/core/session/stream/stream_storage.h
[0.167s] -- Up-to-date: /root/ros_ws/src/Rescue_Car_ws/install/microxrcedds_client/include/uxr/client/core/session/session_info.h
[0.168s] -- Up-to-date: /root/ros_ws/src/Rescue_Car_ws/install/microxrcedds_client/include/uxr/client/core/session/create_entities_ref.h
[0.169s] -- Up-to-date: /root/ros_ws/src/Rescue_Car_ws/install/microxrcedds_client/include/uxr/client/core/session/time_sync.h
[0.169s] -- Up-to-date: /root/ros_ws/src/Rescue_Car_ws/install/microxrcedds_client/include/uxr/client/core/session/object_id.h
[0.169s] -- Up-to-date: /root/ros_ws/src/Rescue_Car_ws/install/microxrcedds_client/include/uxr/client/core/session/common_create_entities.h
[0.169s] -- Up-to-date: /root/ros_ws/src/Rescue_Car_ws/install/microxrcedds_client/include/uxr/client/core/session/read_access.h
[0.170s] -- Up-to-date: /root/ros_ws/src/Rescue_Car_ws/install/microxrcedds_client/include/uxr/client/core/session/create_entities_bin.h
[0.170s] -- Up-to-date: /root/ros_ws/src/Rescue_Car_ws/install/microxrcedds_client/include/uxr/client/core/session/session.h
[0.170s] -- Up-to-date: /root/ros_ws/src/Rescue_Car_ws/install/microxrcedds_client/include/uxr/client/core/session/create_entities_xml.h
[0.170s] -- Up-to-date: /root/ros_ws/src/Rescue_Car_ws/install/microxrcedds_client/include/uxr/client/profile
[0.171s] -- Up-to-date: /root/ros_ws/src/Rescue_Car_ws/install/microxrcedds_client/include/uxr/client/profile/discovery
[0.171s] -- Up-to-date: /root/ros_ws/src/Rescue_Car_ws/install/microxrcedds_client/include/uxr/client/profile/discovery/discovery.h
[0.172s] -- Up-to-date: /root/ros_ws/src/Rescue_Car_ws/install/microxrcedds_client/include/uxr/client/profile/transport
[0.172s] -- Up-to-date: /root/ros_ws/src/Rescue_Car_ws/install/microxrcedds_client/include/uxr/client/profile/transport/serial
[0.173s] -- Up-to-date: /root/ros_ws/src/Rescue_Car_ws/install/microxrcedds_client/include/uxr/client/profile/transport/serial/serial_transport_platform.h
[0.173s] -- Up-to-date: /root/ros_ws/src/Rescue_Car_ws/install/microxrcedds_client/include/uxr/client/profile/transport/serial/serial_transport.h
[0.173s] -- Up-to-date: /root/ros_ws/src/Rescue_Car_ws/install/microxrcedds_client/include/uxr/client/profile/transport/serial/serial_transport_rtems_bsd_net.h
[0.173s] -- Up-to-date: /root/ros_ws/src/Rescue_Car_ws/install/microxrcedds_client/include/uxr/client/profile/transport/serial/serial_transport_posix.h
[0.173s] -- Up-to-date: /root/ros_ws/src/Rescue_Car_ws/install/microxrcedds_client/include/uxr/client/profile/transport/stream_framing
[0.174s] -- Up-to-date: /root/ros_ws/src/Rescue_Car_ws/install/microxrcedds_client/include/uxr/client/profile/transport/stream_framing/stream_framing_protocol.h
[0.174s] -- Up-to-date: /root/ros_ws/src/Rescue_Car_ws/install/microxrcedds_client/include/uxr/client/profile/transport/can
[0.174s] -- Up-to-date: /root/ros_ws/src/Rescue_Car_ws/install/microxrcedds_client/include/uxr/client/profile/transport/can/can_transport.h
[0.174s] -- Up-to-date: /root/ros_ws/src/Rescue_Car_ws/install/microxrcedds_client/include/uxr/client/profile/transport/can/can_transport_posix.h
[0.174s] -- Up-to-date: /root/ros_ws/src/Rescue_Car_ws/install/microxrcedds_client/include/uxr/client/profile/transport/custom
[0.174s] -- Up-to-date: /root/ros_ws/src/Rescue_Car_ws/install/microxrcedds_client/include/uxr/client/profile/transport/custom/custom_transport.h
[0.175s] -- Up-to-date: /root/ros_ws/src/Rescue_Car_ws/install/microxrcedds_client/include/uxr/client/profile/transport/ip
[0.175s] -- Up-to-date: /root/ros_ws/src/Rescue_Car_ws/install/microxrcedds_client/include/uxr/client/profile/transport/ip/ip.h
[0.175s] -- Up-to-date: /root/ros_ws/src/Rescue_Car_ws/install/microxrcedds_client/include/uxr/client/profile/transport/ip/udp
[0.175s] -- Up-to-date: /root/ros_ws/src/Rescue_Car_ws/install/microxrcedds_client/include/uxr/client/profile/transport/ip/udp/udp_transport_windows.h
[0.175s] -- Up-to-date: /root/ros_ws/src/Rescue_Car_ws/install/microxrcedds_client/include/uxr/client/profile/transport/ip/udp/udp_transport_freertos_plus_tcp.h
[0.176s] -- Up-to-date: /root/ros_ws/src/Rescue_Car_ws/install/microxrcedds_client/include/uxr/client/profile/transport/ip/udp/udp_transport_rtems_bsd_net.h
[0.176s] -- Up-to-date: /root/ros_ws/src/Rescue_Car_ws/install/microxrcedds_client/include/uxr/client/profile/transport/ip/udp/udp_transport_posix_nopoll.h
[0.176s] -- Up-to-date: /root/ros_ws/src/Rescue_Car_ws/install/microxrcedds_client/include/uxr/client/profile/transport/ip/udp/udp_transport.h
[0.176s] -- Up-to-date: /root/ros_ws/src/Rescue_Car_ws/install/microxrcedds_client/include/uxr/client/profile/transport/ip/udp/udp_transport_posix.h
[0.176s] -- Up-to-date: /root/ros_ws/src/Rescue_Car_ws/install/microxrcedds_client/include/uxr/client/profile/transport/ip/tcp
[0.176s] -- Up-to-date: /root/ros_ws/src/Rescue_Car_ws/install/microxrcedds_client/include/uxr/client/profile/transport/ip/tcp/tcp_transport.h
[0.177s] -- Up-to-date: /root/ros_ws/src/Rescue_Car_ws/install/microxrcedds_client/include/uxr/client/profile/transport/ip/tcp/tcp_transport_posix.h
[0.177s] -- Up-to-date: /root/ros_ws/src/Rescue_Car_ws/install/microxrcedds_client/include/uxr/client/profile/transport/ip/tcp/tcp_transport_windows.h
[0.177s] -- Up-to-date: /root/ros_ws/src/Rescue_Car_ws/install/microxrcedds_client/include/uxr/client/profile/transport/ip/tcp/tcp_transport_posix_nopoll.h
[0.177s] -- Up-to-date: /root/ros_ws/src/Rescue_Car_ws/install/microxrcedds_client/include/uxr/client/profile/transport/ip/tcp/tcp_transport_freertos_plus_tcp.h
[0.177s] -- Up-to-date: /root/ros_ws/src/Rescue_Car_ws/install/microxrcedds_client/include/uxr/client/profile/transport/ip/tcp/tcp_transport_rtems_bsd_net.h
[0.177s] -- Up-to-date: /root/ros_ws/src/Rescue_Car_ws/install/microxrcedds_client/include/uxr/client/profile/multithread
[0.177s] -- Up-to-date: /root/ros_ws/src/Rescue_Car_ws/install/microxrcedds_client/include/uxr/client/profile/multithread/multithread.h
[0.177s] -- Up-to-date: /root/ros_ws/src/Rescue_Car_ws/install/microxrcedds_client/include/uxr/client/defines.h
[0.177s] -- Up-to-date: /root/ros_ws/src/Rescue_Car_ws/install/microxrcedds_client/include/uxr/client/config.h
[0.177s] -- Up-to-date: /root/ros_ws/src/Rescue_Car_ws/install/microxrcedds_client/share/microxrcedds_client/cmake/microxrcedds_clientTargets.cmake
[0.178s] -- Up-to-date: /root/ros_ws/src/Rescue_Car_ws/install/microxrcedds_client/share/microxrcedds_client/cmake/microxrcedds_clientTargets-release.cmake
[0.178s] -- Up-to-date: /root/ros_ws/src/Rescue_Car_ws/install/microxrcedds_client/share/microxrcedds_client/cmake/microxrcedds_clientConfig.cmake
[0.178s] -- Up-to-date: /root/ros_ws/src/Rescue_Car_ws/install/microxrcedds_client/share/microxrcedds_client/cmake/microxrcedds_clientConfigVersion.cmake
[0.178s] Invoked command in '/root/ros_ws/src/Rescue_Car_ws/build/microxrcedds_client' returned '0': CMAKE_PREFIX_PATH=/root/ros_ws/src/Rescue_Car_ws/install/microcdr:/root/ros_ws/src/Rescue_Car_ws/install/micro_ros_demos_rclc:/root/ros_ws/src/Rescue_Car_ws/install/common_interfaces:/root/ros_ws/src/Rescue_Car_ws/install/visualization_msgs:/root/ros_ws/src/Rescue_Car_ws/install/test_msgs:/root/ros_ws/src/Rescue_Car_ws/install/example_interfaces:/root/ros_ws/src/Rescue_Car_ws/install/action_msgs:/root/ros_ws/src/Rescue_Car_ws/install/unique_identifier_msgs:/root/ros_ws/src/Rescue_Car_ws/install/trajectory_msgs:/root/ros_ws/src/Rescue_Car_ws/install/stereo_msgs:/root/ros_ws/src/Rescue_Car_ws/install/std_srvs:/root/ros_ws/src/Rescue_Car_ws/install/shape_msgs:/root/ros_ws/src/Rescue_Car_ws/install/sensor_msgs:/root/ros_ws/src/Rescue_Car_ws/install/nav_msgs:/root/ros_ws/src/Rescue_Car_ws/install/diagnostic_msgs:/root/ros_ws/src/Rescue_Car_ws/install/geometry_msgs:/root/ros_ws/src/Rescue_Car_ws/install/actionlib_msgs:/root/ros_ws/src/Rescue_Car_ws/install/std_msgs:/root/ros_ws/src/Rescue_Car_ws/install/statistics_msgs:/root/ros_ws/src/Rescue_Car_ws/install/rosidl_typesupport_microxrcedds_test_msg:/root/ros_ws/src/Rescue_Car_ws/install/rosidl_typesupport_microxrcedds_cpp_tests:/root/ros_ws/src/Rescue_Car_ws/install/rmw_microxrcedds:/root/ros_ws/src/Rescue_Car_ws/install/rosidl_typesupport_microxrcedds_cpp:/root/ros_ws/src/Rescue_Car_ws/install/rosidl_typesupport_microxrcedds_c_tests:/root/ros_ws/src/Rescue_Car_ws/install/rosidl_typesupport_microxrcedds_c:/root/ros_ws/src/Rescue_Car_ws/install/rosgraph_msgs:/root/ros_ws/src/Rescue_Car_ws/install/rclc_parameter:/root/ros_ws/src/Rescue_Car_ws/install/rclc:/root/ros_ws/src/Rescue_Car_ws/install/composition_interfaces:/root/ros_ws/src/Rescue_Car_ws/install/rcl_interfaces:/root/ros_ws/src/Rescue_Car_ws/install/microxrcedds_client:/root/ros_ws/src/Rescue_Car_ws/install/micro_ros_utilities:/root/ros_ws/src/Rescue_Car_ws/install/micro_ros_setup:/root/ros_ws/src/Rescue_Car_ws/install/micro_ros_agent:/root/ros_ws/src/Rescue_Car_ws/install/micro_ros_msgs:/root/ros_ws/src/Rescue_Car_ws/install/lifecycle_msgs:/root/ros_ws/src/Rescue_Car_ws/install/complex_msgs:/root/ros_ws/src/Rescue_Car_ws/install/car:/root/ros_ws/src/Rescue_Car_ws/install/builtin_interfaces /usr/bin/cmake --install /root/ros_ws/src/Rescue_Car_ws/build/microxrcedds_client
