[0.039s] Invoking command in '/root/ros_ws/src/Rescue_Car_ws/build/micro_ros_utilities': CMAKE_PREFIX_PATH=${CMAKE_PREFIX_PATH}:/root/ros_ws/src/Rescue_Car_ws/install/sensor_msgs_py:/opt/ros/humble /usr/bin/cmake --build /root/ros_ws/src/Rescue_Car_ws/build/micro_ros_utilities -- -j20 -l20
[0.100s] [ 30%] Built target micro_ros_utilities
[0.101s] [ 50%] Built target gtest_main
[0.102s] [ 70%] Built target gtest
[0.155s] [100%] Built target micro_ros_utilities_test
[0.245s] Invoked command in '/root/ros_ws/src/Rescue_Car_ws/build/micro_ros_utilities' returned '0': CMAKE_PREFIX_PATH=${CMAKE_PREFIX_PATH}:/root/ros_ws/src/Rescue_Car_ws/install/sensor_msgs_py:/opt/ros/humble /usr/bin/cmake --build /root/ros_ws/src/Rescue_Car_ws/build/micro_ros_utilities -- -j20 -l20
[0.246s] Invoking command in '/root/ros_ws/src/Rescue_Car_ws/build/micro_ros_utilities': CMAKE_PREFIX_PATH=${CMAKE_PREFIX_PATH}:/root/ros_ws/src/Rescue_Car_ws/install/sensor_msgs_py:/opt/ros/humble /usr/bin/cmake --install /root/ros_ws/src/Rescue_Car_ws/build/micro_ros_utilities
[0.255s] -- Install configuration: ""
[0.255s] -- Up-to-date: /root/ros_ws/src/Rescue_Car_ws/install/micro_ros_utilities/include
[0.255s] -- Up-to-date: /root/ros_ws/src/Rescue_Car_ws/install/micro_ros_utilities/include/micro_ros_utilities
[0.255s] -- Up-to-date: /root/ros_ws/src/Rescue_Car_ws/install/micro_ros_utilities/include/micro_ros_utilities/type_utilities.h
[0.255s] -- Up-to-date: /root/ros_ws/src/Rescue_Car_ws/install/micro_ros_utilities/include/micro_ros_utilities/string_utilities.h
[0.255s] -- Up-to-date: /root/ros_ws/src/Rescue_Car_ws/install/micro_ros_utilities/include/micro_ros_utilities/visibility_control.h
[0.255s] -- Up-to-date: /root/ros_ws/src/Rescue_Car_ws/install/micro_ros_utilities/lib/libmicro_ros_utilities.a
[0.255s] -- Up-to-date: /root/ros_ws/src/Rescue_Car_ws/install/micro_ros_utilities/share/micro_ros_utilities/environment/library_path.sh
[0.255s] -- Up-to-date: /root/ros_ws/src/Rescue_Car_ws/install/micro_ros_utilities/share/micro_ros_utilities/environment/library_path.dsv
[0.255s] -- Up-to-date: /root/ros_ws/src/Rescue_Car_ws/install/micro_ros_utilities/share/ament_index/resource_index/package_run_dependencies/micro_ros_utilities
[0.256s] -- Up-to-date: /root/ros_ws/src/Rescue_Car_ws/install/micro_ros_utilities/share/ament_index/resource_index/parent_prefix_path/micro_ros_utilities
[0.256s] -- Up-to-date: /root/ros_ws/src/Rescue_Car_ws/install/micro_ros_utilities/share/micro_ros_utilities/environment/ament_prefix_path.sh
[0.256s] -- Up-to-date: /root/ros_ws/src/Rescue_Car_ws/install/micro_ros_utilities/share/micro_ros_utilities/environment/ament_prefix_path.dsv
[0.256s] -- Up-to-date: /root/ros_ws/src/Rescue_Car_ws/install/micro_ros_utilities/share/micro_ros_utilities/environment/path.sh
[0.256s] -- Up-to-date: /root/ros_ws/src/Rescue_Car_ws/install/micro_ros_utilities/share/micro_ros_utilities/environment/path.dsv
[0.256s] -- Up-to-date: /root/ros_ws/src/Rescue_Car_ws/install/micro_ros_utilities/share/micro_ros_utilities/local_setup.bash
[0.257s] -- Up-to-date: /root/ros_ws/src/Rescue_Car_ws/install/micro_ros_utilities/share/micro_ros_utilities/local_setup.sh
[0.260s] -- Up-to-date: /root/ros_ws/src/Rescue_Car_ws/install/micro_ros_utilities/share/micro_ros_utilities/local_setup.zsh
[0.260s] -- Up-to-date: /root/ros_ws/src/Rescue_Car_ws/install/micro_ros_utilities/share/micro_ros_utilities/local_setup.dsv
[0.260s] -- Installing: /root/ros_ws/src/Rescue_Car_ws/install/micro_ros_utilities/share/micro_ros_utilities/package.dsv
[0.260s] -- Up-to-date: /root/ros_ws/src/Rescue_Car_ws/install/micro_ros_utilities/share/ament_index/resource_index/packages/micro_ros_utilities
[0.261s] -- Up-to-date: /root/ros_ws/src/Rescue_Car_ws/install/micro_ros_utilities/share/micro_ros_utilities/cmake/ament_cmake_export_include_directories-extras.cmake
[0.261s] -- Up-to-date: /root/ros_ws/src/Rescue_Car_ws/install/micro_ros_utilities/share/micro_ros_utilities/cmake/ament_cmake_export_libraries-extras.cmake
[0.261s] -- Up-to-date: /root/ros_ws/src/Rescue_Car_ws/install/micro_ros_utilities/share/micro_ros_utilities/cmake/ament_cmake_export_dependencies-extras.cmake
[0.261s] -- Up-to-date: /root/ros_ws/src/Rescue_Car_ws/install/micro_ros_utilities/share/micro_ros_utilities/cmake/micro_ros_utilitiesConfig.cmake
[0.261s] -- Up-to-date: /root/ros_ws/src/Rescue_Car_ws/install/micro_ros_utilities/share/micro_ros_utilities/cmake/micro_ros_utilitiesConfig-version.cmake
[0.261s] -- Up-to-date: /root/ros_ws/src/Rescue_Car_ws/install/micro_ros_utilities/share/micro_ros_utilities/package.xml
[0.262s] Invoked command in '/root/ros_ws/src/Rescue_Car_ws/build/micro_ros_utilities' returned '0': CMAKE_PREFIX_PATH=${CMAKE_PREFIX_PATH}:/root/ros_ws/src/Rescue_Car_ws/install/sensor_msgs_py:/opt/ros/humble /usr/bin/cmake --install /root/ros_ws/src/Rescue_Car_ws/build/micro_ros_utilities
