/usr/bin/cmake -S/root/ros_ws/src/Rescue_Car_ws/src/microros/src/uros/rclc/rclc_parameter -B/root/ros_ws/src/Rescue_Car_ws/build/rclc_parameter --check-build-system CMakeFiles/Makefile.cmake 0
/usr/bin/cmake -E cmake_progress_start /root/ros_ws/src/Rescue_Car_ws/build/rclc_parameter/CMakeFiles /root/ros_ws/src/Rescue_Car_ws/build/rclc_parameter//CMakeFiles/progress.marks
/usr/bin/gmake  -f CMakeFiles/Makefile2 all
gmake[1]: Entering directory '/root/ros_ws/src/Rescue_Car_ws/build/rclc_parameter'
/usr/bin/gmake  -f CMakeFiles/rclc_parameter.dir/build.make CMakeFiles/rclc_parameter.dir/depend
/usr/bin/gmake  -f gtest/CMakeFiles/gtest_main.dir/build.make gtest/CMakeFiles/gtest_main.dir/depend
/usr/bin/gmake  -f gtest/CMakeFiles/gtest.dir/build.make gtest/CMakeFiles/gtest.dir/depend
gmake[2]: Entering directory '/root/ros_ws/src/Rescue_Car_ws/build/rclc_parameter'
cd /root/ros_ws/src/Rescue_Car_ws/build/rclc_parameter && /usr/bin/cmake -E cmake_depends "Unix Makefiles" /root/ros_ws/src/Rescue_Car_ws/src/microros/src/uros/rclc/rclc_parameter /root/ros_ws/src/Rescue_Car_ws/src/microros/src/uros/rclc/rclc_parameter /root/ros_ws/src/Rescue_Car_ws/build/rclc_parameter /root/ros_ws/src/Rescue_Car_ws/build/rclc_parameter /root/ros_ws/src/Rescue_Car_ws/build/rclc_parameter/CMakeFiles/rclc_parameter.dir/DependInfo.cmake --color=
gmake[2]: Entering directory '/root/ros_ws/src/Rescue_Car_ws/build/rclc_parameter'
cd /root/ros_ws/src/Rescue_Car_ws/build/rclc_parameter && /usr/bin/cmake -E cmake_depends "Unix Makefiles" /root/ros_ws/src/Rescue_Car_ws/src/microros/src/uros/rclc/rclc_parameter /opt/ros/humble/src/gtest_vendor /root/ros_ws/src/Rescue_Car_ws/build/rclc_parameter /root/ros_ws/src/Rescue_Car_ws/build/rclc_parameter/gtest /root/ros_ws/src/Rescue_Car_ws/build/rclc_parameter/gtest/CMakeFiles/gtest_main.dir/DependInfo.cmake --color=
gmake[2]: Entering directory '/root/ros_ws/src/Rescue_Car_ws/build/rclc_parameter'
cd /root/ros_ws/src/Rescue_Car_ws/build/rclc_parameter && /usr/bin/cmake -E cmake_depends "Unix Makefiles" /root/ros_ws/src/Rescue_Car_ws/src/microros/src/uros/rclc/rclc_parameter /opt/ros/humble/src/gtest_vendor /root/ros_ws/src/Rescue_Car_ws/build/rclc_parameter /root/ros_ws/src/Rescue_Car_ws/build/rclc_parameter/gtest /root/ros_ws/src/Rescue_Car_ws/build/rclc_parameter/gtest/CMakeFiles/gtest.dir/DependInfo.cmake --color=
[35m[1mConsolidate compiler generated dependencies of target rclc_parameter[0m
gmake[2]: Leaving directory '/root/ros_ws/src/Rescue_Car_ws/build/rclc_parameter'
/usr/bin/gmake  -f CMakeFiles/rclc_parameter.dir/build.make CMakeFiles/rclc_parameter.dir/build
[35m[1mConsolidate compiler generated dependencies of target gtest_main[0m
[35m[1mConsolidate compiler generated dependencies of target gtest[0m
gmake[2]: Entering directory '/root/ros_ws/src/Rescue_Car_ws/build/rclc_parameter'
gmake[2]: Nothing to be done for 'CMakeFiles/rclc_parameter.dir/build'.
gmake[2]: Leaving directory '/root/ros_ws/src/Rescue_Car_ws/build/rclc_parameter'
gmake[2]: Leaving directory '/root/ros_ws/src/Rescue_Car_ws/build/rclc_parameter'
/usr/bin/gmake  -f gtest/CMakeFiles/gtest_main.dir/build.make gtest/CMakeFiles/gtest_main.dir/build
gmake[2]: Leaving directory '/root/ros_ws/src/Rescue_Car_ws/build/rclc_parameter'
/usr/bin/gmake  -f gtest/CMakeFiles/gtest.dir/build.make gtest/CMakeFiles/gtest.dir/build
gmake[2]: Entering directory '/root/ros_ws/src/Rescue_Car_ws/build/rclc_parameter'
gmake[2]: Nothing to be done for 'gtest/CMakeFiles/gtest.dir/build'.
gmake[2]: Leaving directory '/root/ros_ws/src/Rescue_Car_ws/build/rclc_parameter'
gmake[2]: Entering directory '/root/ros_ws/src/Rescue_Car_ws/build/rclc_parameter'
gmake[2]: Nothing to be done for 'gtest/CMakeFiles/gtest_main.dir/build'.
gmake[2]: Leaving directory '/root/ros_ws/src/Rescue_Car_ws/build/rclc_parameter'
[ 33%] Built target rclc_parameter
[ 77%] Built target gtest
[ 77%] Built target gtest_main
/usr/bin/gmake  -f CMakeFiles/rclc_parameter_test.dir/build.make CMakeFiles/rclc_parameter_test.dir/depend
gmake[2]: Entering directory '/root/ros_ws/src/Rescue_Car_ws/build/rclc_parameter'
cd /root/ros_ws/src/Rescue_Car_ws/build/rclc_parameter && /usr/bin/cmake -E cmake_depends "Unix Makefiles" /root/ros_ws/src/Rescue_Car_ws/src/microros/src/uros/rclc/rclc_parameter /root/ros_ws/src/Rescue_Car_ws/src/microros/src/uros/rclc/rclc_parameter /root/ros_ws/src/Rescue_Car_ws/build/rclc_parameter /root/ros_ws/src/Rescue_Car_ws/build/rclc_parameter /root/ros_ws/src/Rescue_Car_ws/build/rclc_parameter/CMakeFiles/rclc_parameter_test.dir/DependInfo.cmake --color=
[35m[1mConsolidate compiler generated dependencies of target rclc_parameter_test[0m
gmake[2]: Leaving directory '/root/ros_ws/src/Rescue_Car_ws/build/rclc_parameter'
/usr/bin/gmake  -f CMakeFiles/rclc_parameter_test.dir/build.make CMakeFiles/rclc_parameter_test.dir/build
gmake[2]: Entering directory '/root/ros_ws/src/Rescue_Car_ws/build/rclc_parameter'
[ 88%] [32m[1mLinking CXX executable rclc_parameter_test[0m
/usr/bin/cmake -E cmake_link_script CMakeFiles/rclc_parameter_test.dir/link.txt --verbose=1
/usr/bin/c++ CMakeFiles/rclc_parameter_test.dir/test/rclc_parameter/test_parameter.cpp.o -o rclc_parameter_test  -Wl,-rpath,/root/ros_ws/src/Rescue_Car_ws/install/std_msgs/lib:/root/ros_ws/src/Rescue_Car_ws/install/example_interfaces/lib:/root/ros_ws/src/Rescue_Car_ws/install/rcl_interfaces/lib:/root/ros_ws/src/Rescue_Car_ws/install/action_msgs/lib:/root/ros_ws/src/Rescue_Car_ws/install/builtin_interfaces/lib:/root/ros_ws/src/Rescue_Car_ws/install/unique_identifier_msgs/lib:/opt/ros/humble/lib:/root/ros_ws/src/Rescue_Car_ws/install/rclc/lib gtest/libgtest_main.a gtest/libgtest.a librclc_parameter.a /opt/ros/humble/lib/librclcpp.so /root/ros_ws/src/Rescue_Car_ws/install/rclc/lib/librclc.so /opt/ros/humble/lib/libmemory_tools_interpose.so /root/ros_ws/src/Rescue_Car_ws/install/std_msgs/lib/libstd_msgs__rosidl_typesupport_fastrtps_c.so /root/ros_ws/src/Rescue_Car_ws/install/std_msgs/lib/libstd_msgs__rosidl_typesupport_fastrtps_cpp.so /root/ros_ws/src/Rescue_Car_ws/install/std_msgs/lib/libstd_msgs__rosidl_typesupport_introspection_c.so /root/ros_ws/src/Rescue_Car_ws/install/std_msgs/lib/libstd_msgs__rosidl_typesupport_introspection_cpp.so /root/ros_ws/src/Rescue_Car_ws/install/std_msgs/lib/libstd_msgs__rosidl_typesupport_cpp.so /root/ros_ws/src/Rescue_Car_ws/install/std_msgs/lib/libstd_msgs__rosidl_generator_py.so /root/ros_ws/src/Rescue_Car_ws/install/example_interfaces/lib/libexample_interfaces__rosidl_typesupport_fastrtps_c.so /root/ros_ws/src/Rescue_Car_ws/install/example_interfaces/lib/libexample_interfaces__rosidl_typesupport_introspection_c.so /root/ros_ws/src/Rescue_Car_ws/install/example_interfaces/lib/libexample_interfaces__rosidl_typesupport_fastrtps_cpp.so /root/ros_ws/src/Rescue_Car_ws/install/example_interfaces/lib/libexample_interfaces__rosidl_typesupport_introspection_cpp.so /root/ros_ws/src/Rescue_Car_ws/install/example_interfaces/lib/libexample_interfaces__rosidl_typesupport_cpp.so /root/ros_ws/src/Rescue_Car_ws/install/example_interfaces/lib/libexample_interfaces__rosidl_generator_py.so -pthread /opt/ros/humble/lib/librcl_action.so /opt/ros/humble/lib/liblibstatistics_collector.so /opt/ros/humble/lib/librcl.so /root/ros_ws/src/Rescue_Car_ws/install/rcl_interfaces/lib/librcl_interfaces__rosidl_typesupport_fastrtps_c.so /root/ros_ws/src/Rescue_Car_ws/install/rcl_interfaces/lib/librcl_interfaces__rosidl_typesupport_introspection_c.so /root/ros_ws/src/Rescue_Car_ws/install/rcl_interfaces/lib/librcl_interfaces__rosidl_typesupport_fastrtps_cpp.so /root/ros_ws/src/Rescue_Car_ws/install/rcl_interfaces/lib/librcl_interfaces__rosidl_typesupport_introspection_cpp.so /root/ros_ws/src/Rescue_Car_ws/install/rcl_interfaces/lib/librcl_interfaces__rosidl_typesupport_cpp.so /root/ros_ws/src/Rescue_Car_ws/install/rcl_interfaces/lib/librcl_interfaces__rosidl_generator_py.so /root/ros_ws/src/Rescue_Car_ws/install/rcl_interfaces/lib/librcl_interfaces__rosidl_typesupport_c.so /root/ros_ws/src/Rescue_Car_ws/install/rcl_interfaces/lib/librcl_interfaces__rosidl_generator_c.so /opt/ros/humble/lib/librmw_implementation.so /opt/ros/humble/lib/libament_index_cpp.so /opt/ros/humble/lib/librcl_logging_spdlog.so /opt/ros/humble/lib/librcl_logging_interface.so /opt/ros/humble/lib/librcl_yaml_param_parser.so /opt/ros/humble/lib/libyaml.so /opt/ros/humble/lib/librosgraph_msgs__rosidl_typesupport_fastrtps_c.so /opt/ros/humble/lib/librosgraph_msgs__rosidl_typesupport_fastrtps_cpp.so /opt/ros/humble/lib/librosgraph_msgs__rosidl_typesupport_introspection_c.so /opt/ros/humble/lib/librosgraph_msgs__rosidl_typesupport_introspection_cpp.so /opt/ros/humble/lib/librosgraph_msgs__rosidl_typesupport_cpp.so /opt/ros/humble/lib/librosgraph_msgs__rosidl_generator_py.so /opt/ros/humble/lib/librosgraph_msgs__rosidl_typesupport_c.so /opt/ros/humble/lib/librosgraph_msgs__rosidl_generator_c.so /opt/ros/humble/lib/libstatistics_msgs__rosidl_typesupport_fastrtps_c.so /opt/ros/humble/lib/libstatistics_msgs__rosidl_typesupport_fastrtps_cpp.so /opt/ros/humble/lib/libstatistics_msgs__rosidl_typesupport_introspection_c.so /opt/ros/humble/lib/libstatistics_msgs__rosidl_typesupport_introspection_cpp.so /opt/ros/humble/lib/libstatistics_msgs__rosidl_typesupport_cpp.so /opt/ros/humble/lib/libstatistics_msgs__rosidl_generator_py.so /opt/ros/humble/lib/libstatistics_msgs__rosidl_typesupport_c.so /opt/ros/humble/lib/libstatistics_msgs__rosidl_generator_c.so /opt/ros/humble/lib/libtracetools.so /opt/ros/humble/lib/libmemory_tools.so /root/ros_ws/src/Rescue_Car_ws/install/std_msgs/lib/libstd_msgs__rosidl_typesupport_c.so /root/ros_ws/src/Rescue_Car_ws/install/std_msgs/lib/libstd_msgs__rosidl_generator_c.so /root/ros_ws/src/Rescue_Car_ws/install/action_msgs/lib/libaction_msgs__rosidl_typesupport_fastrtps_c.so /root/ros_ws/src/Rescue_Car_ws/install/builtin_interfaces/lib/libbuiltin_interfaces__rosidl_typesupport_fastrtps_c.so /root/ros_ws/src/Rescue_Car_ws/install/unique_identifier_msgs/lib/libunique_identifier_msgs__rosidl_typesupport_fastrtps_c.so /opt/ros/humble/lib/librosidl_typesupport_fastrtps_c.so /root/ros_ws/src/Rescue_Car_ws/install/action_msgs/lib/libaction_msgs__rosidl_typesupport_introspection_c.so /root/ros_ws/src/Rescue_Car_ws/install/builtin_interfaces/lib/libbuiltin_interfaces__rosidl_typesupport_introspection_c.so /root/ros_ws/src/Rescue_Car_ws/install/unique_identifier_msgs/lib/libunique_identifier_msgs__rosidl_typesupport_introspection_c.so /root/ros_ws/src/Rescue_Car_ws/install/action_msgs/lib/libaction_msgs__rosidl_typesupport_fastrtps_cpp.so /root/ros_ws/src/Rescue_Car_ws/install/builtin_interfaces/lib/libbuiltin_interfaces__rosidl_typesupport_fastrtps_cpp.so /root/ros_ws/src/Rescue_Car_ws/install/unique_identifier_msgs/lib/libunique_identifier_msgs__rosidl_typesupport_fastrtps_cpp.so /opt/ros/humble/lib/librosidl_typesupport_fastrtps_cpp.so /opt/ros/humble/lib/librmw.so /opt/ros/humble/lib/libfastcdr.so.1.0.24 /root/ros_ws/src/Rescue_Car_ws/install/action_msgs/lib/libaction_msgs__rosidl_typesupport_introspection_cpp.so /root/ros_ws/src/Rescue_Car_ws/install/builtin_interfaces/lib/libbuiltin_interfaces__rosidl_typesupport_introspection_cpp.so /root/ros_ws/src/Rescue_Car_ws/install/unique_identifier_msgs/lib/libunique_identifier_msgs__rosidl_typesupport_introspection_cpp.so /opt/ros/humble/lib/librosidl_typesupport_introspection_cpp.so /opt/ros/humble/lib/librosidl_typesupport_introspection_c.so /root/ros_ws/src/Rescue_Car_ws/install/action_msgs/lib/libaction_msgs__rosidl_typesupport_cpp.so /root/ros_ws/src/Rescue_Car_ws/install/builtin_interfaces/lib/libbuiltin_interfaces__rosidl_typesupport_cpp.so /root/ros_ws/src/Rescue_Car_ws/install/unique_identifier_msgs/lib/libunique_identifier_msgs__rosidl_typesupport_cpp.so /opt/ros/humble/lib/librosidl_typesupport_cpp.so /root/ros_ws/src/Rescue_Car_ws/install/example_interfaces/lib/libexample_interfaces__rosidl_typesupport_c.so /root/ros_ws/src/Rescue_Car_ws/install/example_interfaces/lib/libexample_interfaces__rosidl_generator_c.so /root/ros_ws/src/Rescue_Car_ws/install/action_msgs/lib/libaction_msgs__rosidl_generator_py.so /root/ros_ws/src/Rescue_Car_ws/install/builtin_interfaces/lib/libbuiltin_interfaces__rosidl_generator_py.so /root/ros_ws/src/Rescue_Car_ws/install/action_msgs/lib/libaction_msgs__rosidl_typesupport_c.so /root/ros_ws/src/Rescue_Car_ws/install/builtin_interfaces/lib/libbuiltin_interfaces__rosidl_typesupport_c.so /root/ros_ws/src/Rescue_Car_ws/install/action_msgs/lib/libaction_msgs__rosidl_generator_c.so /root/ros_ws/src/Rescue_Car_ws/install/builtin_interfaces/lib/libbuiltin_interfaces__rosidl_generator_c.so /root/ros_ws/src/Rescue_Car_ws/install/unique_identifier_msgs/lib/libunique_identifier_msgs__rosidl_generator_py.so /usr/lib/x86_64-linux-gnu/libpython3.10.so /root/ros_ws/src/Rescue_Car_ws/install/unique_identifier_msgs/lib/libunique_identifier_msgs__rosidl_typesupport_c.so /root/ros_ws/src/Rescue_Car_ws/install/unique_identifier_msgs/lib/libunique_identifier_msgs__rosidl_generator_c.so /opt/ros/humble/lib/librosidl_typesupport_c.so /opt/ros/humble/lib/librosidl_runtime_c.so /opt/ros/humble/lib/librcpputils.so /opt/ros/humble/lib/librcutils.so -ldl 
gmake[2]: Leaving directory '/root/ros_ws/src/Rescue_Car_ws/build/rclc_parameter'
[100%] Built target rclc_parameter_test
gmake[1]: Leaving directory '/root/ros_ws/src/Rescue_Car_ws/build/rclc_parameter'
/usr/bin/cmake -E cmake_progress_start /root/ros_ws/src/Rescue_Car_ws/build/rclc_parameter/CMakeFiles 0
-- Install configuration: ""
-- Up-to-date: /root/ros_ws/src/Rescue_Car_ws/install/rclc_parameter/lib/librclc_parameter.a
-- Up-to-date: /root/ros_ws/src/Rescue_Car_ws/install/rclc_parameter/include
-- Up-to-date: /root/ros_ws/src/Rescue_Car_ws/install/rclc_parameter/include/rclc_parameter
-- Up-to-date: /root/ros_ws/src/Rescue_Car_ws/install/rclc_parameter/include/rclc_parameter/visibility_control.h
-- Up-to-date: /root/ros_ws/src/Rescue_Car_ws/install/rclc_parameter/include/rclc_parameter/rclc_parameter.h
-- Up-to-date: /root/ros_ws/src/Rescue_Car_ws/install/rclc_parameter/share/rclc_parameter/environment/library_path.sh
-- Up-to-date: /root/ros_ws/src/Rescue_Car_ws/install/rclc_parameter/share/rclc_parameter/environment/library_path.dsv
-- Up-to-date: /root/ros_ws/src/Rescue_Car_ws/install/rclc_parameter/share/ament_index/resource_index/package_run_dependencies/rclc_parameter
-- Up-to-date: /root/ros_ws/src/Rescue_Car_ws/install/rclc_parameter/share/ament_index/resource_index/parent_prefix_path/rclc_parameter
-- Up-to-date: /root/ros_ws/src/Rescue_Car_ws/install/rclc_parameter/share/rclc_parameter/environment/ament_prefix_path.sh
-- Up-to-date: /root/ros_ws/src/Rescue_Car_ws/install/rclc_parameter/share/rclc_parameter/environment/ament_prefix_path.dsv
-- Up-to-date: /root/ros_ws/src/Rescue_Car_ws/install/rclc_parameter/share/rclc_parameter/environment/path.sh
-- Up-to-date: /root/ros_ws/src/Rescue_Car_ws/install/rclc_parameter/share/rclc_parameter/environment/path.dsv
-- Up-to-date: /root/ros_ws/src/Rescue_Car_ws/install/rclc_parameter/share/rclc_parameter/local_setup.bash
-- Up-to-date: /root/ros_ws/src/Rescue_Car_ws/install/rclc_parameter/share/rclc_parameter/local_setup.sh
-- Up-to-date: /root/ros_ws/src/Rescue_Car_ws/install/rclc_parameter/share/rclc_parameter/local_setup.zsh
-- Up-to-date: /root/ros_ws/src/Rescue_Car_ws/install/rclc_parameter/share/rclc_parameter/local_setup.dsv
-- Installing: /root/ros_ws/src/Rescue_Car_ws/install/rclc_parameter/share/rclc_parameter/package.dsv
-- Up-to-date: /root/ros_ws/src/Rescue_Car_ws/install/rclc_parameter/share/ament_index/resource_index/packages/rclc_parameter
-- Up-to-date: /root/ros_ws/src/Rescue_Car_ws/install/rclc_parameter/share/rclc_parameter/cmake/rclc_parameterExport.cmake
-- Up-to-date: /root/ros_ws/src/Rescue_Car_ws/install/rclc_parameter/share/rclc_parameter/cmake/rclc_parameterExport-noconfig.cmake
-- Up-to-date: /root/ros_ws/src/Rescue_Car_ws/install/rclc_parameter/share/rclc_parameter/cmake/ament_cmake_export_include_directories-extras.cmake
-- Up-to-date: /root/ros_ws/src/Rescue_Car_ws/install/rclc_parameter/share/rclc_parameter/cmake/ament_cmake_export_libraries-extras.cmake
-- Up-to-date: /root/ros_ws/src/Rescue_Car_ws/install/rclc_parameter/share/rclc_parameter/cmake/ament_cmake_export_targets-extras.cmake
-- Up-to-date: /root/ros_ws/src/Rescue_Car_ws/install/rclc_parameter/share/rclc_parameter/cmake/ament_cmake_export_dependencies-extras.cmake
-- Up-to-date: /root/ros_ws/src/Rescue_Car_ws/install/rclc_parameter/share/rclc_parameter/cmake/rclc_parameterConfig.cmake
-- Up-to-date: /root/ros_ws/src/Rescue_Car_ws/install/rclc_parameter/share/rclc_parameter/cmake/rclc_parameterConfig-version.cmake
-- Up-to-date: /root/ros_ws/src/Rescue_Car_ws/install/rclc_parameter/share/rclc_parameter/package.xml
