[0.042s] Invoking command in '/root/ros_ws/src/Rescue_Car_ws/build/unique_identifier_msgs': CMAKE_PREFIX_PATH=${CMAKE_PREFIX_PATH}:/root/ros_ws/src/Rescue_Car_ws/install/sensor_msgs_py:/opt/ros/humble /usr/bin/cmake --build /root/ros_ws/src/Rescue_Car_ws/build/unique_identifier_msgs -- -j20 -l20
[0.117s] [  9%] Built target unique_identifier_msgs__rosidl_generator_c
[0.121s] [ 12%] Built target unique_identifier_msgs__cpp
[0.126s] [ 12%] Built target ament_cmake_python_copy_unique_identifier_msgs
[0.170s] [ 22%] Built target unique_identifier_msgs__rosidl_typesupport_fastrtps_c
[0.185s] [ 32%] Built target unique_identifier_msgs__rosidl_typesupport_fastrtps_cpp
[0.185s] [ 41%] Built target unique_identifier_msgs__rosidl_typesupport_introspection_c
[0.211s] [ 51%] Built target unique_identifier_msgs__rosidl_typesupport_c
[0.211s] [ 70%] Built target unique_identifier_msgs__rosidl_typesupport_cpp
[0.211s] [ 70%] Built target unique_identifier_msgs__rosidl_typesupport_introspection_cpp
[0.228s] [ 70%] Built target unique_identifier_msgs
[0.261s] [ 74%] Built target unique_identifier_msgs__py
[0.290s] [ 80%] Built target unique_identifier_msgs__rosidl_generator_py
[0.324s] [ 87%] Built target unique_identifier_msgs__rosidl_typesupport_fastrtps_c__pyext
[0.324s] [ 93%] Built target unique_identifier_msgs__rosidl_typesupport_introspection_c__pyext
[0.325s] [100%] Built target unique_identifier_msgs__rosidl_typesupport_c__pyext
[0.436s] running egg_info
[0.437s] writing unique_identifier_msgs.egg-info/PKG-INFO
[0.437s] writing dependency_links to unique_identifier_msgs.egg-info/dependency_links.txt
[0.437s] writing top-level names to unique_identifier_msgs.egg-info/top_level.txt
[0.439s] reading manifest file 'unique_identifier_msgs.egg-info/SOURCES.txt'
[0.440s] writing manifest file 'unique_identifier_msgs.egg-info/SOURCES.txt'
[0.482s] [100%] Built target ament_cmake_python_build_unique_identifier_msgs_egg
[0.511s] Invoked command in '/root/ros_ws/src/Rescue_Car_ws/build/unique_identifier_msgs' returned '0': CMAKE_PREFIX_PATH=${CMAKE_PREFIX_PATH}:/root/ros_ws/src/Rescue_Car_ws/install/sensor_msgs_py:/opt/ros/humble /usr/bin/cmake --build /root/ros_ws/src/Rescue_Car_ws/build/unique_identifier_msgs -- -j20 -l20
[0.512s] Invoking command in '/root/ros_ws/src/Rescue_Car_ws/build/unique_identifier_msgs': CMAKE_PREFIX_PATH=${CMAKE_PREFIX_PATH}:/root/ros_ws/src/Rescue_Car_ws/install/sensor_msgs_py:/opt/ros/humble /usr/bin/cmake --install /root/ros_ws/src/Rescue_Car_ws/build/unique_identifier_msgs
[0.520s] -- Install configuration: ""
[0.520s] -- Up-to-date: /root/ros_ws/src/Rescue_Car_ws/install/unique_identifier_msgs/share/ament_index/resource_index/rosidl_interfaces/unique_identifier_msgs
[0.521s] -- Up-to-date: /root/ros_ws/src/Rescue_Car_ws/install/unique_identifier_msgs/include/unique_identifier_msgs/unique_identifier_msgs
[0.521s] -- Up-to-date: /root/ros_ws/src/Rescue_Car_ws/install/unique_identifier_msgs/include/unique_identifier_msgs/unique_identifier_msgs/msg
[0.521s] -- Up-to-date: /root/ros_ws/src/Rescue_Car_ws/install/unique_identifier_msgs/include/unique_identifier_msgs/unique_identifier_msgs/msg/uuid.h
[0.521s] -- Up-to-date: /root/ros_ws/src/Rescue_Car_ws/install/unique_identifier_msgs/include/unique_identifier_msgs/unique_identifier_msgs/msg/detail
[0.521s] -- Up-to-date: /root/ros_ws/src/Rescue_Car_ws/install/unique_identifier_msgs/include/unique_identifier_msgs/unique_identifier_msgs/msg/detail/uuid__functions.h
[0.521s] -- Up-to-date: /root/ros_ws/src/Rescue_Car_ws/install/unique_identifier_msgs/include/unique_identifier_msgs/unique_identifier_msgs/msg/detail/uuid__type_support.h
[0.521s] -- Up-to-date: /root/ros_ws/src/Rescue_Car_ws/install/unique_identifier_msgs/include/unique_identifier_msgs/unique_identifier_msgs/msg/detail/uuid__struct.h
[0.521s] -- Up-to-date: /root/ros_ws/src/Rescue_Car_ws/install/unique_identifier_msgs/include/unique_identifier_msgs/unique_identifier_msgs/msg/detail/uuid__functions.c
[0.521s] -- Up-to-date: /root/ros_ws/src/Rescue_Car_ws/install/unique_identifier_msgs/include/unique_identifier_msgs/unique_identifier_msgs/msg/rosidl_generator_c__visibility_control.h
[0.521s] -- Up-to-date: /root/ros_ws/src/Rescue_Car_ws/install/unique_identifier_msgs/share/unique_identifier_msgs/environment/library_path.sh
[0.521s] -- Up-to-date: /root/ros_ws/src/Rescue_Car_ws/install/unique_identifier_msgs/share/unique_identifier_msgs/environment/library_path.dsv
[0.522s] -- Up-to-date: /root/ros_ws/src/Rescue_Car_ws/install/unique_identifier_msgs/lib/libunique_identifier_msgs__rosidl_generator_c.so
[0.522s] -- Up-to-date: /root/ros_ws/src/Rescue_Car_ws/install/unique_identifier_msgs/include/unique_identifier_msgs/unique_identifier_msgs
[0.522s] -- Up-to-date: /root/ros_ws/src/Rescue_Car_ws/install/unique_identifier_msgs/include/unique_identifier_msgs/unique_identifier_msgs/msg
[0.522s] -- Up-to-date: /root/ros_ws/src/Rescue_Car_ws/install/unique_identifier_msgs/include/unique_identifier_msgs/unique_identifier_msgs/msg/detail
[0.522s] -- Up-to-date: /root/ros_ws/src/Rescue_Car_ws/install/unique_identifier_msgs/include/unique_identifier_msgs/unique_identifier_msgs/msg/detail/uuid__rosidl_typesupport_fastrtps_c.h
[0.522s] -- Up-to-date: /root/ros_ws/src/Rescue_Car_ws/install/unique_identifier_msgs/include/unique_identifier_msgs/unique_identifier_msgs/msg/rosidl_typesupport_fastrtps_c__visibility_control.h
[0.522s] -- Up-to-date: /root/ros_ws/src/Rescue_Car_ws/install/unique_identifier_msgs/lib/libunique_identifier_msgs__rosidl_typesupport_fastrtps_c.so
[0.522s] -- Up-to-date: /root/ros_ws/src/Rescue_Car_ws/install/unique_identifier_msgs/include/unique_identifier_msgs/unique_identifier_msgs
[0.525s] -- Up-to-date: /root/ros_ws/src/Rescue_Car_ws/install/unique_identifier_msgs/include/unique_identifier_msgs/unique_identifier_msgs/msg
[0.526s] -- Up-to-date: /root/ros_ws/src/Rescue_Car_ws/install/unique_identifier_msgs/include/unique_identifier_msgs/unique_identifier_msgs/msg/rosidl_typesupport_introspection_c__visibility_control.h
[0.527s] -- Up-to-date: /root/ros_ws/src/Rescue_Car_ws/install/unique_identifier_msgs/include/unique_identifier_msgs/unique_identifier_msgs/msg/detail
[0.527s] -- Up-to-date: /root/ros_ws/src/Rescue_Car_ws/install/unique_identifier_msgs/include/unique_identifier_msgs/unique_identifier_msgs/msg/detail/uuid__rosidl_typesupport_introspection_c.h
[0.527s] -- Up-to-date: /root/ros_ws/src/Rescue_Car_ws/install/unique_identifier_msgs/include/unique_identifier_msgs/unique_identifier_msgs/msg/detail/uuid__type_support.c
[0.528s] -- Up-to-date: /root/ros_ws/src/Rescue_Car_ws/install/unique_identifier_msgs/lib/libunique_identifier_msgs__rosidl_typesupport_introspection_c.so
[0.529s] -- Up-to-date: /root/ros_ws/src/Rescue_Car_ws/install/unique_identifier_msgs/lib/libunique_identifier_msgs__rosidl_typesupport_c.so
[0.531s] -- Up-to-date: /root/ros_ws/src/Rescue_Car_ws/install/unique_identifier_msgs/include/unique_identifier_msgs/unique_identifier_msgs
[0.532s] -- Up-to-date: /root/ros_ws/src/Rescue_Car_ws/install/unique_identifier_msgs/include/unique_identifier_msgs/unique_identifier_msgs/msg
[0.532s] -- Up-to-date: /root/ros_ws/src/Rescue_Car_ws/install/unique_identifier_msgs/include/unique_identifier_msgs/unique_identifier_msgs/msg/uuid.hpp
[0.532s] -- Up-to-date: /root/ros_ws/src/Rescue_Car_ws/install/unique_identifier_msgs/include/unique_identifier_msgs/unique_identifier_msgs/msg/rosidl_generator_cpp__visibility_control.hpp
[0.532s] -- Up-to-date: /root/ros_ws/src/Rescue_Car_ws/install/unique_identifier_msgs/include/unique_identifier_msgs/unique_identifier_msgs/msg/detail
[0.532s] -- Up-to-date: /root/ros_ws/src/Rescue_Car_ws/install/unique_identifier_msgs/include/unique_identifier_msgs/unique_identifier_msgs/msg/detail/uuid__builder.hpp
[0.533s] -- Up-to-date: /root/ros_ws/src/Rescue_Car_ws/install/unique_identifier_msgs/include/unique_identifier_msgs/unique_identifier_msgs/msg/detail/uuid__traits.hpp
[0.533s] -- Up-to-date: /root/ros_ws/src/Rescue_Car_ws/install/unique_identifier_msgs/include/unique_identifier_msgs/unique_identifier_msgs/msg/detail/uuid__struct.hpp
[0.533s] -- Up-to-date: /root/ros_ws/src/Rescue_Car_ws/install/unique_identifier_msgs/include/unique_identifier_msgs/unique_identifier_msgs/msg/detail/uuid__type_support.hpp
[0.533s] -- Up-to-date: /root/ros_ws/src/Rescue_Car_ws/install/unique_identifier_msgs/include/unique_identifier_msgs/unique_identifier_msgs
[0.533s] -- Up-to-date: /root/ros_ws/src/Rescue_Car_ws/install/unique_identifier_msgs/include/unique_identifier_msgs/unique_identifier_msgs/msg
[0.534s] -- Up-to-date: /root/ros_ws/src/Rescue_Car_ws/install/unique_identifier_msgs/include/unique_identifier_msgs/unique_identifier_msgs/msg/rosidl_typesupport_fastrtps_cpp__visibility_control.h
[0.534s] -- Up-to-date: /root/ros_ws/src/Rescue_Car_ws/install/unique_identifier_msgs/include/unique_identifier_msgs/unique_identifier_msgs/msg/detail
[0.537s] -- Up-to-date: /root/ros_ws/src/Rescue_Car_ws/install/unique_identifier_msgs/include/unique_identifier_msgs/unique_identifier_msgs/msg/detail/dds_fastrtps
[0.537s] -- Up-to-date: /root/ros_ws/src/Rescue_Car_ws/install/unique_identifier_msgs/include/unique_identifier_msgs/unique_identifier_msgs/msg/detail/uuid__rosidl_typesupport_fastrtps_cpp.hpp
[0.538s] -- Up-to-date: /root/ros_ws/src/Rescue_Car_ws/install/unique_identifier_msgs/lib/libunique_identifier_msgs__rosidl_typesupport_fastrtps_cpp.so
[0.538s] -- Up-to-date: /root/ros_ws/src/Rescue_Car_ws/install/unique_identifier_msgs/include/unique_identifier_msgs/unique_identifier_msgs
[0.538s] -- Up-to-date: /root/ros_ws/src/Rescue_Car_ws/install/unique_identifier_msgs/include/unique_identifier_msgs/unique_identifier_msgs/msg
[0.538s] -- Up-to-date: /root/ros_ws/src/Rescue_Car_ws/install/unique_identifier_msgs/include/unique_identifier_msgs/unique_identifier_msgs/msg/detail
[0.538s] -- Up-to-date: /root/ros_ws/src/Rescue_Car_ws/install/unique_identifier_msgs/include/unique_identifier_msgs/unique_identifier_msgs/msg/detail/uuid__rosidl_typesupport_introspection_cpp.hpp
[0.538s] -- Up-to-date: /root/ros_ws/src/Rescue_Car_ws/install/unique_identifier_msgs/include/unique_identifier_msgs/unique_identifier_msgs/msg/detail/uuid__type_support.cpp
[0.538s] -- Up-to-date: /root/ros_ws/src/Rescue_Car_ws/install/unique_identifier_msgs/lib/libunique_identifier_msgs__rosidl_typesupport_introspection_cpp.so
[0.538s] -- Up-to-date: /root/ros_ws/src/Rescue_Car_ws/install/unique_identifier_msgs/lib/libunique_identifier_msgs__rosidl_typesupport_cpp.so
[0.538s] -- Up-to-date: /root/ros_ws/src/Rescue_Car_ws/install/unique_identifier_msgs/share/unique_identifier_msgs/environment/pythonpath.sh
[0.538s] -- Up-to-date: /root/ros_ws/src/Rescue_Car_ws/install/unique_identifier_msgs/share/unique_identifier_msgs/environment/pythonpath.dsv
[0.538s] -- Up-to-date: /root/ros_ws/src/Rescue_Car_ws/install/unique_identifier_msgs/local/lib/python3.10/dist-packages/unique_identifier_msgs-2.2.1-py3.10.egg-info
[0.538s] -- Installing: /root/ros_ws/src/Rescue_Car_ws/install/unique_identifier_msgs/local/lib/python3.10/dist-packages/unique_identifier_msgs-2.2.1-py3.10.egg-info/dependency_links.txt
[0.539s] -- Installing: /root/ros_ws/src/Rescue_Car_ws/install/unique_identifier_msgs/local/lib/python3.10/dist-packages/unique_identifier_msgs-2.2.1-py3.10.egg-info/SOURCES.txt
[0.539s] -- Installing: /root/ros_ws/src/Rescue_Car_ws/install/unique_identifier_msgs/local/lib/python3.10/dist-packages/unique_identifier_msgs-2.2.1-py3.10.egg-info/PKG-INFO
[0.539s] -- Installing: /root/ros_ws/src/Rescue_Car_ws/install/unique_identifier_msgs/local/lib/python3.10/dist-packages/unique_identifier_msgs-2.2.1-py3.10.egg-info/top_level.txt
[0.539s] -- Up-to-date: /root/ros_ws/src/Rescue_Car_ws/install/unique_identifier_msgs/local/lib/python3.10/dist-packages/unique_identifier_msgs
[0.539s] -- Up-to-date: /root/ros_ws/src/Rescue_Car_ws/install/unique_identifier_msgs/local/lib/python3.10/dist-packages/unique_identifier_msgs/_unique_identifier_msgs_s.ep.rosidl_typesupport_c.c
[0.539s] -- Up-to-date: /root/ros_ws/src/Rescue_Car_ws/install/unique_identifier_msgs/local/lib/python3.10/dist-packages/unique_identifier_msgs/unique_identifier_msgs_s__rosidl_typesupport_introspection_c.cpython-310-x86_64-linux-gnu.so
[0.539s] -- Up-to-date: /root/ros_ws/src/Rescue_Car_ws/install/unique_identifier_msgs/local/lib/python3.10/dist-packages/unique_identifier_msgs/_unique_identifier_msgs_s.ep.rosidl_typesupport_introspection_c.c
[0.539s] -- Up-to-date: /root/ros_ws/src/Rescue_Car_ws/install/unique_identifier_msgs/local/lib/python3.10/dist-packages/unique_identifier_msgs/unique_identifier_msgs_s__rosidl_typesupport_c.cpython-310-x86_64-linux-gnu.so
[0.539s] -- Up-to-date: /root/ros_ws/src/Rescue_Car_ws/install/unique_identifier_msgs/local/lib/python3.10/dist-packages/unique_identifier_msgs/libunique_identifier_msgs__rosidl_generator_py.so
[0.539s] -- Up-to-date: /root/ros_ws/src/Rescue_Car_ws/install/unique_identifier_msgs/local/lib/python3.10/dist-packages/unique_identifier_msgs/_unique_identifier_msgs_s.ep.rosidl_typesupport_fastrtps_c.c
[0.540s] -- Up-to-date: /root/ros_ws/src/Rescue_Car_ws/install/unique_identifier_msgs/local/lib/python3.10/dist-packages/unique_identifier_msgs/unique_identifier_msgs_s__rosidl_typesupport_fastrtps_c.cpython-310-x86_64-linux-gnu.so
[0.540s] -- Up-to-date: /root/ros_ws/src/Rescue_Car_ws/install/unique_identifier_msgs/local/lib/python3.10/dist-packages/unique_identifier_msgs/__init__.py
[0.540s] -- Up-to-date: /root/ros_ws/src/Rescue_Car_ws/install/unique_identifier_msgs/local/lib/python3.10/dist-packages/unique_identifier_msgs/msg
[0.540s] -- Up-to-date: /root/ros_ws/src/Rescue_Car_ws/install/unique_identifier_msgs/local/lib/python3.10/dist-packages/unique_identifier_msgs/msg/_uuid_s.c
[0.540s] -- Up-to-date: /root/ros_ws/src/Rescue_Car_ws/install/unique_identifier_msgs/local/lib/python3.10/dist-packages/unique_identifier_msgs/msg/_uuid.py
[0.540s] -- Up-to-date: /root/ros_ws/src/Rescue_Car_ws/install/unique_identifier_msgs/local/lib/python3.10/dist-packages/unique_identifier_msgs/msg/__init__.py
[0.581s] Listing '/root/ros_ws/src/Rescue_Car_ws/install/unique_identifier_msgs/local/lib/python3.10/dist-packages/unique_identifier_msgs'...
[0.581s] Listing '/root/ros_ws/src/Rescue_Car_ws/install/unique_identifier_msgs/local/lib/python3.10/dist-packages/unique_identifier_msgs/msg'...
[0.582s] -- Up-to-date: /root/ros_ws/src/Rescue_Car_ws/install/unique_identifier_msgs/local/lib/python3.10/dist-packages/unique_identifier_msgs/unique_identifier_msgs_s__rosidl_typesupport_fastrtps_c.cpython-310-x86_64-linux-gnu.so
[0.584s] -- Up-to-date: /root/ros_ws/src/Rescue_Car_ws/install/unique_identifier_msgs/local/lib/python3.10/dist-packages/unique_identifier_msgs/unique_identifier_msgs_s__rosidl_typesupport_introspection_c.cpython-310-x86_64-linux-gnu.so
[0.584s] -- Up-to-date: /root/ros_ws/src/Rescue_Car_ws/install/unique_identifier_msgs/local/lib/python3.10/dist-packages/unique_identifier_msgs/unique_identifier_msgs_s__rosidl_typesupport_c.cpython-310-x86_64-linux-gnu.so
[0.585s] -- Up-to-date: /root/ros_ws/src/Rescue_Car_ws/install/unique_identifier_msgs/lib/libunique_identifier_msgs__rosidl_generator_py.so
[0.585s] -- Up-to-date: /root/ros_ws/src/Rescue_Car_ws/install/unique_identifier_msgs/share/unique_identifier_msgs/msg/UUID.idl
[0.585s] -- Up-to-date: /root/ros_ws/src/Rescue_Car_ws/install/unique_identifier_msgs/share/unique_identifier_msgs/msg/UUID.msg
[0.586s] -- Up-to-date: /root/ros_ws/src/Rescue_Car_ws/install/unique_identifier_msgs/share/ament_index/resource_index/package_run_dependencies/unique_identifier_msgs
[0.586s] -- Up-to-date: /root/ros_ws/src/Rescue_Car_ws/install/unique_identifier_msgs/share/ament_index/resource_index/parent_prefix_path/unique_identifier_msgs
[0.587s] -- Up-to-date: /root/ros_ws/src/Rescue_Car_ws/install/unique_identifier_msgs/share/unique_identifier_msgs/environment/ament_prefix_path.sh
[0.587s] -- Up-to-date: /root/ros_ws/src/Rescue_Car_ws/install/unique_identifier_msgs/share/unique_identifier_msgs/environment/ament_prefix_path.dsv
[0.587s] -- Up-to-date: /root/ros_ws/src/Rescue_Car_ws/install/unique_identifier_msgs/share/unique_identifier_msgs/environment/path.sh
[0.587s] -- Up-to-date: /root/ros_ws/src/Rescue_Car_ws/install/unique_identifier_msgs/share/unique_identifier_msgs/environment/path.dsv
[0.587s] -- Up-to-date: /root/ros_ws/src/Rescue_Car_ws/install/unique_identifier_msgs/share/unique_identifier_msgs/local_setup.bash
[0.587s] -- Up-to-date: /root/ros_ws/src/Rescue_Car_ws/install/unique_identifier_msgs/share/unique_identifier_msgs/local_setup.sh
[0.587s] -- Up-to-date: /root/ros_ws/src/Rescue_Car_ws/install/unique_identifier_msgs/share/unique_identifier_msgs/local_setup.zsh
[0.587s] -- Up-to-date: /root/ros_ws/src/Rescue_Car_ws/install/unique_identifier_msgs/share/unique_identifier_msgs/local_setup.dsv
[0.588s] -- Installing: /root/ros_ws/src/Rescue_Car_ws/install/unique_identifier_msgs/share/unique_identifier_msgs/package.dsv
[0.588s] -- Up-to-date: /root/ros_ws/src/Rescue_Car_ws/install/unique_identifier_msgs/share/ament_index/resource_index/packages/unique_identifier_msgs
[0.588s] -- Up-to-date: /root/ros_ws/src/Rescue_Car_ws/install/unique_identifier_msgs/share/unique_identifier_msgs/cmake/export_unique_identifier_msgs__rosidl_generator_cExport.cmake
[0.588s] -- Up-to-date: /root/ros_ws/src/Rescue_Car_ws/install/unique_identifier_msgs/share/unique_identifier_msgs/cmake/export_unique_identifier_msgs__rosidl_generator_cExport-noconfig.cmake
[0.588s] -- Up-to-date: /root/ros_ws/src/Rescue_Car_ws/install/unique_identifier_msgs/share/unique_identifier_msgs/cmake/export_unique_identifier_msgs__rosidl_typesupport_fastrtps_cExport.cmake
[0.588s] -- Up-to-date: /root/ros_ws/src/Rescue_Car_ws/install/unique_identifier_msgs/share/unique_identifier_msgs/cmake/export_unique_identifier_msgs__rosidl_typesupport_fastrtps_cExport-noconfig.cmake
[0.588s] -- Up-to-date: /root/ros_ws/src/Rescue_Car_ws/install/unique_identifier_msgs/share/unique_identifier_msgs/cmake/unique_identifier_msgs__rosidl_typesupport_introspection_cExport.cmake
[0.588s] -- Up-to-date: /root/ros_ws/src/Rescue_Car_ws/install/unique_identifier_msgs/share/unique_identifier_msgs/cmake/unique_identifier_msgs__rosidl_typesupport_introspection_cExport-noconfig.cmake
[0.588s] -- Up-to-date: /root/ros_ws/src/Rescue_Car_ws/install/unique_identifier_msgs/share/unique_identifier_msgs/cmake/unique_identifier_msgs__rosidl_typesupport_cExport.cmake
[0.588s] -- Up-to-date: /root/ros_ws/src/Rescue_Car_ws/install/unique_identifier_msgs/share/unique_identifier_msgs/cmake/unique_identifier_msgs__rosidl_typesupport_cExport-noconfig.cmake
[0.589s] -- Up-to-date: /root/ros_ws/src/Rescue_Car_ws/install/unique_identifier_msgs/share/unique_identifier_msgs/cmake/export_unique_identifier_msgs__rosidl_generator_cppExport.cmake
[0.589s] -- Up-to-date: /root/ros_ws/src/Rescue_Car_ws/install/unique_identifier_msgs/share/unique_identifier_msgs/cmake/export_unique_identifier_msgs__rosidl_typesupport_fastrtps_cppExport.cmake
[0.589s] -- Up-to-date: /root/ros_ws/src/Rescue_Car_ws/install/unique_identifier_msgs/share/unique_identifier_msgs/cmake/export_unique_identifier_msgs__rosidl_typesupport_fastrtps_cppExport-noconfig.cmake
[0.589s] -- Up-to-date: /root/ros_ws/src/Rescue_Car_ws/install/unique_identifier_msgs/share/unique_identifier_msgs/cmake/unique_identifier_msgs__rosidl_typesupport_introspection_cppExport.cmake
[0.589s] -- Up-to-date: /root/ros_ws/src/Rescue_Car_ws/install/unique_identifier_msgs/share/unique_identifier_msgs/cmake/unique_identifier_msgs__rosidl_typesupport_introspection_cppExport-noconfig.cmake
[0.589s] -- Up-to-date: /root/ros_ws/src/Rescue_Car_ws/install/unique_identifier_msgs/share/unique_identifier_msgs/cmake/unique_identifier_msgs__rosidl_typesupport_cppExport.cmake
[0.589s] -- Up-to-date: /root/ros_ws/src/Rescue_Car_ws/install/unique_identifier_msgs/share/unique_identifier_msgs/cmake/unique_identifier_msgs__rosidl_typesupport_cppExport-noconfig.cmake
[0.589s] -- Up-to-date: /root/ros_ws/src/Rescue_Car_ws/install/unique_identifier_msgs/share/unique_identifier_msgs/cmake/export_unique_identifier_msgs__rosidl_generator_pyExport.cmake
[0.590s] -- Up-to-date: /root/ros_ws/src/Rescue_Car_ws/install/unique_identifier_msgs/share/unique_identifier_msgs/cmake/export_unique_identifier_msgs__rosidl_generator_pyExport-noconfig.cmake
[0.591s] -- Up-to-date: /root/ros_ws/src/Rescue_Car_ws/install/unique_identifier_msgs/share/unique_identifier_msgs/cmake/rosidl_cmake-extras.cmake
[0.591s] -- Up-to-date: /root/ros_ws/src/Rescue_Car_ws/install/unique_identifier_msgs/share/unique_identifier_msgs/cmake/ament_cmake_export_include_directories-extras.cmake
[0.591s] -- Up-to-date: /root/ros_ws/src/Rescue_Car_ws/install/unique_identifier_msgs/share/unique_identifier_msgs/cmake/ament_cmake_export_libraries-extras.cmake
[0.591s] -- Up-to-date: /root/ros_ws/src/Rescue_Car_ws/install/unique_identifier_msgs/share/unique_identifier_msgs/cmake/ament_cmake_export_targets-extras.cmake
[0.592s] -- Up-to-date: /root/ros_ws/src/Rescue_Car_ws/install/unique_identifier_msgs/share/unique_identifier_msgs/cmake/rosidl_cmake_export_typesupport_targets-extras.cmake
[0.592s] -- Up-to-date: /root/ros_ws/src/Rescue_Car_ws/install/unique_identifier_msgs/share/unique_identifier_msgs/cmake/ament_cmake_export_dependencies-extras.cmake
[0.592s] -- Up-to-date: /root/ros_ws/src/Rescue_Car_ws/install/unique_identifier_msgs/share/unique_identifier_msgs/cmake/rosidl_cmake_export_typesupport_libraries-extras.cmake
[0.592s] -- Up-to-date: /root/ros_ws/src/Rescue_Car_ws/install/unique_identifier_msgs/share/unique_identifier_msgs/cmake/unique_identifier_msgsConfig.cmake
[0.592s] -- Up-to-date: /root/ros_ws/src/Rescue_Car_ws/install/unique_identifier_msgs/share/unique_identifier_msgs/cmake/unique_identifier_msgsConfig-version.cmake
[0.592s] -- Up-to-date: /root/ros_ws/src/Rescue_Car_ws/install/unique_identifier_msgs/share/unique_identifier_msgs/package.xml
[0.592s] -- Up-to-date: /root/ros_ws/src/Rescue_Car_ws/install/unique_identifier_msgs/share/unique_identifier_msgs/mapping_rules.yaml
[0.662s] Invoked command in '/root/ros_ws/src/Rescue_Car_ws/build/unique_identifier_msgs' returned '0': CMAKE_PREFIX_PATH=${CMAKE_PREFIX_PATH}:/root/ros_ws/src/Rescue_Car_ws/install/sensor_msgs_py:/opt/ros/humble /usr/bin/cmake --install /root/ros_ws/src/Rescue_Car_ws/build/unique_identifier_msgs
