[0.039s] Invoking command in '/root/ros_ws/src/Rescue_Car_ws/build/builtin_interfaces': CMAKE_PREFIX_PATH=/opt/ros/humble /usr/bin/cmake --build /root/ros_ws/src/Rescue_Car_ws/build/builtin_interfaces -- -j20 -l20
[0.072s] [35m[1mConsolidate compiler generated dependencies of target builtin_interfaces__rosidl_generator_c[0m
[0.081s] [ 10%] Built target builtin_interfaces__rosidl_generator_c
[0.085s] [ 12%] Built target builtin_interfaces__cpp
[0.094s] [ 12%] Built target ament_cmake_python_copy_builtin_interfaces
[0.095s] [35m[1mConsolidate compiler generated dependencies of target builtin_interfaces__rosidl_typesupport_fastrtps_c[0m
[0.095s] [35m[1mConsolidate compiler generated dependencies of target builtin_interfaces__rosidl_typesupport_introspection_c[0m
[0.113s] [35m[1mConsolidate compiler generated dependencies of target builtin_interfaces__rosidl_typesupport_c[0m
[0.115s] [35m[1mConsolidate compiler generated dependencies of target builtin_interfaces__rosidl_typesupport_cpp[0m
[0.120s] [35m[1mConsolidate compiler generated dependencies of target builtin_interfaces__rosidl_typesupport_introspection_cpp[0m
[0.120s] [35m[1mConsolidate compiler generated dependencies of target builtin_interfaces__rosidl_typesupport_fastrtps_cpp[0m
[0.122s] [ 23%] Built target builtin_interfaces__rosidl_typesupport_fastrtps_c
[0.124s] [ 33%] Built target builtin_interfaces__rosidl_typesupport_introspection_c
[0.125s] [ 43%] Built target builtin_interfaces__rosidl_typesupport_introspection_cpp
[0.127s] [ 53%] Built target builtin_interfaces__rosidl_typesupport_fastrtps_cpp
[0.129s] [ 64%] Built target builtin_interfaces__rosidl_typesupport_c
[0.134s] [ 74%] Built target builtin_interfaces__rosidl_typesupport_cpp
[0.190s] [ 74%] Built target builtin_interfaces
[0.206s] [ 76%] Built target builtin_interfaces__py
[0.207s] [35m[1mConsolidate compiler generated dependencies of target builtin_interfaces__rosidl_generator_py[0m
[0.210s] [ 84%] Built target builtin_interfaces__rosidl_generator_py
[0.224s] [35m[1mConsolidate compiler generated dependencies of target builtin_interfaces__rosidl_typesupport_fastrtps_c__pyext[0m
[0.225s] [35m[1mConsolidate compiler generated dependencies of target builtin_interfaces__rosidl_typesupport_introspection_c__pyext[0m
[0.225s] [35m[1mConsolidate compiler generated dependencies of target builtin_interfaces__rosidl_typesupport_c__pyext[0m
[0.238s] [ 89%] Built target builtin_interfaces__rosidl_typesupport_fastrtps_c__pyext
[0.238s] [ 94%] Built target builtin_interfaces__rosidl_typesupport_introspection_c__pyext
[0.239s] [100%] Built target builtin_interfaces__rosidl_typesupport_c__pyext
[0.418s] running egg_info
[0.419s] writing builtin_interfaces.egg-info/PKG-INFO
[0.419s] writing dependency_links to builtin_interfaces.egg-info/dependency_links.txt
[0.420s] writing top-level names to builtin_interfaces.egg-info/top_level.txt
[0.421s] reading manifest file 'builtin_interfaces.egg-info/SOURCES.txt'
[0.423s] writing manifest file 'builtin_interfaces.egg-info/SOURCES.txt'
[0.470s] [100%] Built target ament_cmake_python_build_builtin_interfaces_egg
[0.480s] Invoked command in '/root/ros_ws/src/Rescue_Car_ws/build/builtin_interfaces' returned '0': CMAKE_PREFIX_PATH=/opt/ros/humble /usr/bin/cmake --build /root/ros_ws/src/Rescue_Car_ws/build/builtin_interfaces -- -j20 -l20
[0.482s] Invoking command in '/root/ros_ws/src/Rescue_Car_ws/build/builtin_interfaces': CMAKE_PREFIX_PATH=/opt/ros/humble /usr/bin/cmake --install /root/ros_ws/src/Rescue_Car_ws/build/builtin_interfaces
[0.489s] -- Install configuration: ""
[0.489s] -- Up-to-date: /root/ros_ws/src/Rescue_Car_ws/install/builtin_interfaces/share/ament_index/resource_index/rosidl_interfaces/builtin_interfaces
[0.489s] -- Up-to-date: /root/ros_ws/src/Rescue_Car_ws/install/builtin_interfaces/include/builtin_interfaces/builtin_interfaces
[0.490s] -- Up-to-date: /root/ros_ws/src/Rescue_Car_ws/install/builtin_interfaces/include/builtin_interfaces/builtin_interfaces/msg
[0.490s] -- Up-to-date: /root/ros_ws/src/Rescue_Car_ws/install/builtin_interfaces/include/builtin_interfaces/builtin_interfaces/msg/duration.h
[0.491s] -- Up-to-date: /root/ros_ws/src/Rescue_Car_ws/install/builtin_interfaces/include/builtin_interfaces/builtin_interfaces/msg/detail
[0.491s] -- Up-to-date: /root/ros_ws/src/Rescue_Car_ws/install/builtin_interfaces/include/builtin_interfaces/builtin_interfaces/msg/detail/duration__functions.h
[0.491s] -- Up-to-date: /root/ros_ws/src/Rescue_Car_ws/install/builtin_interfaces/include/builtin_interfaces/builtin_interfaces/msg/detail/time__functions.c
[0.491s] -- Up-to-date: /root/ros_ws/src/Rescue_Car_ws/install/builtin_interfaces/include/builtin_interfaces/builtin_interfaces/msg/detail/time__type_support.h
[0.491s] -- Up-to-date: /root/ros_ws/src/Rescue_Car_ws/install/builtin_interfaces/include/builtin_interfaces/builtin_interfaces/msg/detail/time__struct.h
[0.492s] -- Up-to-date: /root/ros_ws/src/Rescue_Car_ws/install/builtin_interfaces/include/builtin_interfaces/builtin_interfaces/msg/detail/duration__type_support.h
[0.492s] -- Up-to-date: /root/ros_ws/src/Rescue_Car_ws/install/builtin_interfaces/include/builtin_interfaces/builtin_interfaces/msg/detail/duration__functions.c
[0.492s] -- Up-to-date: /root/ros_ws/src/Rescue_Car_ws/install/builtin_interfaces/include/builtin_interfaces/builtin_interfaces/msg/detail/time__functions.h
[0.492s] -- Up-to-date: /root/ros_ws/src/Rescue_Car_ws/install/builtin_interfaces/include/builtin_interfaces/builtin_interfaces/msg/detail/duration__struct.h
[0.492s] -- Up-to-date: /root/ros_ws/src/Rescue_Car_ws/install/builtin_interfaces/include/builtin_interfaces/builtin_interfaces/msg/rosidl_generator_c__visibility_control.h
[0.492s] -- Up-to-date: /root/ros_ws/src/Rescue_Car_ws/install/builtin_interfaces/include/builtin_interfaces/builtin_interfaces/msg/time.h
[0.492s] -- Up-to-date: /root/ros_ws/src/Rescue_Car_ws/install/builtin_interfaces/share/builtin_interfaces/environment/library_path.sh
[0.493s] -- Up-to-date: /root/ros_ws/src/Rescue_Car_ws/install/builtin_interfaces/share/builtin_interfaces/environment/library_path.dsv
[0.493s] -- Up-to-date: /root/ros_ws/src/Rescue_Car_ws/install/builtin_interfaces/lib/libbuiltin_interfaces__rosidl_generator_c.so
[0.493s] -- Up-to-date: /root/ros_ws/src/Rescue_Car_ws/install/builtin_interfaces/include/builtin_interfaces/builtin_interfaces
[0.493s] -- Up-to-date: /root/ros_ws/src/Rescue_Car_ws/install/builtin_interfaces/include/builtin_interfaces/builtin_interfaces/msg
[0.494s] -- Up-to-date: /root/ros_ws/src/Rescue_Car_ws/install/builtin_interfaces/include/builtin_interfaces/builtin_interfaces/msg/detail
[0.494s] -- Up-to-date: /root/ros_ws/src/Rescue_Car_ws/install/builtin_interfaces/include/builtin_interfaces/builtin_interfaces/msg/detail/time__rosidl_typesupport_fastrtps_c.h
[0.494s] -- Up-to-date: /root/ros_ws/src/Rescue_Car_ws/install/builtin_interfaces/include/builtin_interfaces/builtin_interfaces/msg/detail/duration__rosidl_typesupport_fastrtps_c.h
[0.494s] -- Up-to-date: /root/ros_ws/src/Rescue_Car_ws/install/builtin_interfaces/include/builtin_interfaces/builtin_interfaces/msg/rosidl_typesupport_fastrtps_c__visibility_control.h
[0.494s] -- Up-to-date: /root/ros_ws/src/Rescue_Car_ws/install/builtin_interfaces/lib/libbuiltin_interfaces__rosidl_typesupport_fastrtps_c.so
[0.495s] -- Up-to-date: /root/ros_ws/src/Rescue_Car_ws/install/builtin_interfaces/include/builtin_interfaces/builtin_interfaces
[0.495s] -- Up-to-date: /root/ros_ws/src/Rescue_Car_ws/install/builtin_interfaces/include/builtin_interfaces/builtin_interfaces/msg
[0.495s] -- Up-to-date: /root/ros_ws/src/Rescue_Car_ws/install/builtin_interfaces/include/builtin_interfaces/builtin_interfaces/msg/rosidl_typesupport_introspection_c__visibility_control.h
[0.495s] -- Up-to-date: /root/ros_ws/src/Rescue_Car_ws/install/builtin_interfaces/include/builtin_interfaces/builtin_interfaces/msg/detail
[0.495s] -- Up-to-date: /root/ros_ws/src/Rescue_Car_ws/install/builtin_interfaces/include/builtin_interfaces/builtin_interfaces/msg/detail/time__rosidl_typesupport_introspection_c.h
[0.496s] -- Up-to-date: /root/ros_ws/src/Rescue_Car_ws/install/builtin_interfaces/include/builtin_interfaces/builtin_interfaces/msg/detail/duration__rosidl_typesupport_introspection_c.h
[0.496s] -- Up-to-date: /root/ros_ws/src/Rescue_Car_ws/install/builtin_interfaces/include/builtin_interfaces/builtin_interfaces/msg/detail/time__type_support.c
[0.496s] -- Up-to-date: /root/ros_ws/src/Rescue_Car_ws/install/builtin_interfaces/include/builtin_interfaces/builtin_interfaces/msg/detail/duration__type_support.c
[0.496s] -- Up-to-date: /root/ros_ws/src/Rescue_Car_ws/install/builtin_interfaces/lib/libbuiltin_interfaces__rosidl_typesupport_introspection_c.so
[0.497s] -- Up-to-date: /root/ros_ws/src/Rescue_Car_ws/install/builtin_interfaces/lib/libbuiltin_interfaces__rosidl_typesupport_c.so
[0.499s] -- Up-to-date: /root/ros_ws/src/Rescue_Car_ws/install/builtin_interfaces/include/builtin_interfaces/builtin_interfaces
[0.499s] -- Up-to-date: /root/ros_ws/src/Rescue_Car_ws/install/builtin_interfaces/include/builtin_interfaces/builtin_interfaces/msg
[0.499s] -- Up-to-date: /root/ros_ws/src/Rescue_Car_ws/install/builtin_interfaces/include/builtin_interfaces/builtin_interfaces/msg/rosidl_generator_cpp__visibility_control.hpp
[0.499s] -- Up-to-date: /root/ros_ws/src/Rescue_Car_ws/install/builtin_interfaces/include/builtin_interfaces/builtin_interfaces/msg/detail
[0.499s] -- Up-to-date: /root/ros_ws/src/Rescue_Car_ws/install/builtin_interfaces/include/builtin_interfaces/builtin_interfaces/msg/detail/duration__struct.hpp
[0.500s] -- Up-to-date: /root/ros_ws/src/Rescue_Car_ws/install/builtin_interfaces/include/builtin_interfaces/builtin_interfaces/msg/detail/duration__type_support.hpp
[0.500s] -- Up-to-date: /root/ros_ws/src/Rescue_Car_ws/install/builtin_interfaces/include/builtin_interfaces/builtin_interfaces/msg/detail/time__struct.hpp
[0.501s] -- Up-to-date: /root/ros_ws/src/Rescue_Car_ws/install/builtin_interfaces/include/builtin_interfaces/builtin_interfaces/msg/detail/time__type_support.hpp
[0.501s] -- Up-to-date: /root/ros_ws/src/Rescue_Car_ws/install/builtin_interfaces/include/builtin_interfaces/builtin_interfaces/msg/detail/time__traits.hpp
[0.502s] -- Up-to-date: /root/ros_ws/src/Rescue_Car_ws/install/builtin_interfaces/include/builtin_interfaces/builtin_interfaces/msg/detail/duration__builder.hpp
[0.502s] -- Up-to-date: /root/ros_ws/src/Rescue_Car_ws/install/builtin_interfaces/include/builtin_interfaces/builtin_interfaces/msg/detail/duration__traits.hpp
[0.502s] -- Up-to-date: /root/ros_ws/src/Rescue_Car_ws/install/builtin_interfaces/include/builtin_interfaces/builtin_interfaces/msg/detail/time__builder.hpp
[0.503s] -- Up-to-date: /root/ros_ws/src/Rescue_Car_ws/install/builtin_interfaces/include/builtin_interfaces/builtin_interfaces/msg/time.hpp
[0.503s] -- Up-to-date: /root/ros_ws/src/Rescue_Car_ws/install/builtin_interfaces/include/builtin_interfaces/builtin_interfaces/msg/duration.hpp
[0.504s] -- Up-to-date: /root/ros_ws/src/Rescue_Car_ws/install/builtin_interfaces/include/builtin_interfaces/builtin_interfaces
[0.504s] -- Up-to-date: /root/ros_ws/src/Rescue_Car_ws/install/builtin_interfaces/include/builtin_interfaces/builtin_interfaces/msg
[0.507s] -- Up-to-date: /root/ros_ws/src/Rescue_Car_ws/install/builtin_interfaces/include/builtin_interfaces/builtin_interfaces/msg/rosidl_typesupport_fastrtps_cpp__visibility_control.h
[0.507s] -- Up-to-date: /root/ros_ws/src/Rescue_Car_ws/install/builtin_interfaces/include/builtin_interfaces/builtin_interfaces/msg/detail
[0.507s] -- Up-to-date: /root/ros_ws/src/Rescue_Car_ws/install/builtin_interfaces/include/builtin_interfaces/builtin_interfaces/msg/detail/duration__rosidl_typesupport_fastrtps_cpp.hpp
[0.507s] -- Up-to-date: /root/ros_ws/src/Rescue_Car_ws/install/builtin_interfaces/include/builtin_interfaces/builtin_interfaces/msg/detail/dds_fastrtps
[0.507s] -- Up-to-date: /root/ros_ws/src/Rescue_Car_ws/install/builtin_interfaces/include/builtin_interfaces/builtin_interfaces/msg/detail/time__rosidl_typesupport_fastrtps_cpp.hpp
[0.508s] -- Up-to-date: /root/ros_ws/src/Rescue_Car_ws/install/builtin_interfaces/lib/libbuiltin_interfaces__rosidl_typesupport_fastrtps_cpp.so
[0.509s] -- Up-to-date: /root/ros_ws/src/Rescue_Car_ws/install/builtin_interfaces/include/builtin_interfaces/builtin_interfaces
[0.509s] -- Up-to-date: /root/ros_ws/src/Rescue_Car_ws/install/builtin_interfaces/include/builtin_interfaces/builtin_interfaces/msg
[0.510s] -- Up-to-date: /root/ros_ws/src/Rescue_Car_ws/install/builtin_interfaces/include/builtin_interfaces/builtin_interfaces/msg/detail
[0.510s] -- Up-to-date: /root/ros_ws/src/Rescue_Car_ws/install/builtin_interfaces/include/builtin_interfaces/builtin_interfaces/msg/detail/duration__rosidl_typesupport_introspection_cpp.hpp
[0.510s] -- Up-to-date: /root/ros_ws/src/Rescue_Car_ws/install/builtin_interfaces/include/builtin_interfaces/builtin_interfaces/msg/detail/duration__type_support.cpp
[0.510s] -- Up-to-date: /root/ros_ws/src/Rescue_Car_ws/install/builtin_interfaces/include/builtin_interfaces/builtin_interfaces/msg/detail/time__type_support.cpp
[0.510s] -- Up-to-date: /root/ros_ws/src/Rescue_Car_ws/install/builtin_interfaces/include/builtin_interfaces/builtin_interfaces/msg/detail/time__rosidl_typesupport_introspection_cpp.hpp
[0.511s] -- Up-to-date: /root/ros_ws/src/Rescue_Car_ws/install/builtin_interfaces/lib/libbuiltin_interfaces__rosidl_typesupport_introspection_cpp.so
[0.511s] -- Up-to-date: /root/ros_ws/src/Rescue_Car_ws/install/builtin_interfaces/lib/libbuiltin_interfaces__rosidl_typesupport_cpp.so
[0.511s] -- Up-to-date: /root/ros_ws/src/Rescue_Car_ws/install/builtin_interfaces/share/builtin_interfaces/environment/pythonpath.sh
[0.512s] -- Up-to-date: /root/ros_ws/src/Rescue_Car_ws/install/builtin_interfaces/share/builtin_interfaces/environment/pythonpath.dsv
[0.512s] -- Up-to-date: /root/ros_ws/src/Rescue_Car_ws/install/builtin_interfaces/local/lib/python3.10/dist-packages/builtin_interfaces-1.2.2-py3.10.egg-info
[0.512s] -- Installing: /root/ros_ws/src/Rescue_Car_ws/install/builtin_interfaces/local/lib/python3.10/dist-packages/builtin_interfaces-1.2.2-py3.10.egg-info/dependency_links.txt
[0.513s] -- Installing: /root/ros_ws/src/Rescue_Car_ws/install/builtin_interfaces/local/lib/python3.10/dist-packages/builtin_interfaces-1.2.2-py3.10.egg-info/SOURCES.txt
[0.513s] -- Installing: /root/ros_ws/src/Rescue_Car_ws/install/builtin_interfaces/local/lib/python3.10/dist-packages/builtin_interfaces-1.2.2-py3.10.egg-info/PKG-INFO
[0.513s] -- Installing: /root/ros_ws/src/Rescue_Car_ws/install/builtin_interfaces/local/lib/python3.10/dist-packages/builtin_interfaces-1.2.2-py3.10.egg-info/top_level.txt
[0.513s] -- Up-to-date: /root/ros_ws/src/Rescue_Car_ws/install/builtin_interfaces/local/lib/python3.10/dist-packages/builtin_interfaces
[0.513s] -- Up-to-date: /root/ros_ws/src/Rescue_Car_ws/install/builtin_interfaces/local/lib/python3.10/dist-packages/builtin_interfaces/libbuiltin_interfaces__rosidl_generator_py.so
[0.513s] -- Up-to-date: /root/ros_ws/src/Rescue_Car_ws/install/builtin_interfaces/local/lib/python3.10/dist-packages/builtin_interfaces/builtin_interfaces_s__rosidl_typesupport_fastrtps_c.cpython-310-x86_64-linux-gnu.so
[0.513s] -- Up-to-date: /root/ros_ws/src/Rescue_Car_ws/install/builtin_interfaces/local/lib/python3.10/dist-packages/builtin_interfaces/builtin_interfaces_s__rosidl_typesupport_introspection_c.cpython-310-x86_64-linux-gnu.so
[0.514s] -- Up-to-date: /root/ros_ws/src/Rescue_Car_ws/install/builtin_interfaces/local/lib/python3.10/dist-packages/builtin_interfaces/_builtin_interfaces_s.ep.rosidl_typesupport_c.c
[0.514s] -- Up-to-date: /root/ros_ws/src/Rescue_Car_ws/install/builtin_interfaces/local/lib/python3.10/dist-packages/builtin_interfaces/_builtin_interfaces_s.ep.rosidl_typesupport_fastrtps_c.c
[0.514s] -- Up-to-date: /root/ros_ws/src/Rescue_Car_ws/install/builtin_interfaces/local/lib/python3.10/dist-packages/builtin_interfaces/builtin_interfaces_s__rosidl_typesupport_c.cpython-310-x86_64-linux-gnu.so
[0.514s] -- Up-to-date: /root/ros_ws/src/Rescue_Car_ws/install/builtin_interfaces/local/lib/python3.10/dist-packages/builtin_interfaces/__init__.py
[0.514s] -- Up-to-date: /root/ros_ws/src/Rescue_Car_ws/install/builtin_interfaces/local/lib/python3.10/dist-packages/builtin_interfaces/_builtin_interfaces_s.ep.rosidl_typesupport_introspection_c.c
[0.514s] -- Up-to-date: /root/ros_ws/src/Rescue_Car_ws/install/builtin_interfaces/local/lib/python3.10/dist-packages/builtin_interfaces/msg
[0.514s] -- Up-to-date: /root/ros_ws/src/Rescue_Car_ws/install/builtin_interfaces/local/lib/python3.10/dist-packages/builtin_interfaces/msg/_time_s.c
[0.514s] -- Up-to-date: /root/ros_ws/src/Rescue_Car_ws/install/builtin_interfaces/local/lib/python3.10/dist-packages/builtin_interfaces/msg/_duration.py
[0.514s] -- Up-to-date: /root/ros_ws/src/Rescue_Car_ws/install/builtin_interfaces/local/lib/python3.10/dist-packages/builtin_interfaces/msg/_time.py
[0.514s] -- Up-to-date: /root/ros_ws/src/Rescue_Car_ws/install/builtin_interfaces/local/lib/python3.10/dist-packages/builtin_interfaces/msg/__init__.py
[0.515s] -- Up-to-date: /root/ros_ws/src/Rescue_Car_ws/install/builtin_interfaces/local/lib/python3.10/dist-packages/builtin_interfaces/msg/_duration_s.c
[0.548s] Listing '/root/ros_ws/src/Rescue_Car_ws/install/builtin_interfaces/local/lib/python3.10/dist-packages/builtin_interfaces'...
[0.548s] Listing '/root/ros_ws/src/Rescue_Car_ws/install/builtin_interfaces/local/lib/python3.10/dist-packages/builtin_interfaces/msg'...
[0.548s] -- Up-to-date: /root/ros_ws/src/Rescue_Car_ws/install/builtin_interfaces/local/lib/python3.10/dist-packages/builtin_interfaces/builtin_interfaces_s__rosidl_typesupport_fastrtps_c.cpython-310-x86_64-linux-gnu.so
[0.548s] -- Up-to-date: /root/ros_ws/src/Rescue_Car_ws/install/builtin_interfaces/local/lib/python3.10/dist-packages/builtin_interfaces/builtin_interfaces_s__rosidl_typesupport_introspection_c.cpython-310-x86_64-linux-gnu.so
[0.548s] -- Up-to-date: /root/ros_ws/src/Rescue_Car_ws/install/builtin_interfaces/local/lib/python3.10/dist-packages/builtin_interfaces/builtin_interfaces_s__rosidl_typesupport_c.cpython-310-x86_64-linux-gnu.so
[0.548s] -- Up-to-date: /root/ros_ws/src/Rescue_Car_ws/install/builtin_interfaces/lib/libbuiltin_interfaces__rosidl_generator_py.so
[0.548s] -- Up-to-date: /root/ros_ws/src/Rescue_Car_ws/install/builtin_interfaces/share/builtin_interfaces/msg/Duration.idl
[0.549s] -- Up-to-date: /root/ros_ws/src/Rescue_Car_ws/install/builtin_interfaces/share/builtin_interfaces/msg/Time.idl
[0.549s] -- Up-to-date: /root/ros_ws/src/Rescue_Car_ws/install/builtin_interfaces/share/builtin_interfaces/msg/Duration.msg
[0.549s] -- Up-to-date: /root/ros_ws/src/Rescue_Car_ws/install/builtin_interfaces/share/builtin_interfaces/msg/Time.msg
[0.549s] -- Up-to-date: /root/ros_ws/src/Rescue_Car_ws/install/builtin_interfaces/share/ament_index/resource_index/package_run_dependencies/builtin_interfaces
[0.549s] -- Up-to-date: /root/ros_ws/src/Rescue_Car_ws/install/builtin_interfaces/share/ament_index/resource_index/parent_prefix_path/builtin_interfaces
[0.549s] -- Up-to-date: /root/ros_ws/src/Rescue_Car_ws/install/builtin_interfaces/share/builtin_interfaces/environment/ament_prefix_path.sh
[0.549s] -- Up-to-date: /root/ros_ws/src/Rescue_Car_ws/install/builtin_interfaces/share/builtin_interfaces/environment/ament_prefix_path.dsv
[0.549s] -- Up-to-date: /root/ros_ws/src/Rescue_Car_ws/install/builtin_interfaces/share/builtin_interfaces/environment/path.sh
[0.549s] -- Up-to-date: /root/ros_ws/src/Rescue_Car_ws/install/builtin_interfaces/share/builtin_interfaces/environment/path.dsv
[0.549s] -- Up-to-date: /root/ros_ws/src/Rescue_Car_ws/install/builtin_interfaces/share/builtin_interfaces/local_setup.bash
[0.549s] -- Up-to-date: /root/ros_ws/src/Rescue_Car_ws/install/builtin_interfaces/share/builtin_interfaces/local_setup.sh
[0.549s] -- Up-to-date: /root/ros_ws/src/Rescue_Car_ws/install/builtin_interfaces/share/builtin_interfaces/local_setup.zsh
[0.549s] -- Up-to-date: /root/ros_ws/src/Rescue_Car_ws/install/builtin_interfaces/share/builtin_interfaces/local_setup.dsv
[0.550s] -- Installing: /root/ros_ws/src/Rescue_Car_ws/install/builtin_interfaces/share/builtin_interfaces/package.dsv
[0.550s] -- Up-to-date: /root/ros_ws/src/Rescue_Car_ws/install/builtin_interfaces/share/ament_index/resource_index/packages/builtin_interfaces
[0.551s] -- Up-to-date: /root/ros_ws/src/Rescue_Car_ws/install/builtin_interfaces/share/builtin_interfaces/cmake/export_builtin_interfaces__rosidl_generator_cExport.cmake
[0.552s] -- Up-to-date: /root/ros_ws/src/Rescue_Car_ws/install/builtin_interfaces/share/builtin_interfaces/cmake/export_builtin_interfaces__rosidl_generator_cExport-noconfig.cmake
[0.557s] -- Up-to-date: /root/ros_ws/src/Rescue_Car_ws/install/builtin_interfaces/share/builtin_interfaces/cmake/export_builtin_interfaces__rosidl_typesupport_fastrtps_cExport.cmake
[0.557s] -- Up-to-date: /root/ros_ws/src/Rescue_Car_ws/install/builtin_interfaces/share/builtin_interfaces/cmake/export_builtin_interfaces__rosidl_typesupport_fastrtps_cExport-noconfig.cmake
[0.557s] -- Up-to-date: /root/ros_ws/src/Rescue_Car_ws/install/builtin_interfaces/share/builtin_interfaces/cmake/builtin_interfaces__rosidl_typesupport_introspection_cExport.cmake
[0.557s] -- Up-to-date: /root/ros_ws/src/Rescue_Car_ws/install/builtin_interfaces/share/builtin_interfaces/cmake/builtin_interfaces__rosidl_typesupport_introspection_cExport-noconfig.cmake
[0.557s] -- Up-to-date: /root/ros_ws/src/Rescue_Car_ws/install/builtin_interfaces/share/builtin_interfaces/cmake/builtin_interfaces__rosidl_typesupport_cExport.cmake
[0.557s] -- Up-to-date: /root/ros_ws/src/Rescue_Car_ws/install/builtin_interfaces/share/builtin_interfaces/cmake/builtin_interfaces__rosidl_typesupport_cExport-noconfig.cmake
[0.558s] -- Up-to-date: /root/ros_ws/src/Rescue_Car_ws/install/builtin_interfaces/share/builtin_interfaces/cmake/export_builtin_interfaces__rosidl_generator_cppExport.cmake
[0.558s] -- Up-to-date: /root/ros_ws/src/Rescue_Car_ws/install/builtin_interfaces/share/builtin_interfaces/cmake/export_builtin_interfaces__rosidl_typesupport_fastrtps_cppExport.cmake
[0.558s] -- Up-to-date: /root/ros_ws/src/Rescue_Car_ws/install/builtin_interfaces/share/builtin_interfaces/cmake/export_builtin_interfaces__rosidl_typesupport_fastrtps_cppExport-noconfig.cmake
[0.558s] -- Up-to-date: /root/ros_ws/src/Rescue_Car_ws/install/builtin_interfaces/share/builtin_interfaces/cmake/builtin_interfaces__rosidl_typesupport_introspection_cppExport.cmake
[0.559s] -- Up-to-date: /root/ros_ws/src/Rescue_Car_ws/install/builtin_interfaces/share/builtin_interfaces/cmake/builtin_interfaces__rosidl_typesupport_introspection_cppExport-noconfig.cmake
[0.560s] -- Up-to-date: /root/ros_ws/src/Rescue_Car_ws/install/builtin_interfaces/share/builtin_interfaces/cmake/builtin_interfaces__rosidl_typesupport_cppExport.cmake
[0.561s] -- Up-to-date: /root/ros_ws/src/Rescue_Car_ws/install/builtin_interfaces/share/builtin_interfaces/cmake/builtin_interfaces__rosidl_typesupport_cppExport-noconfig.cmake
[0.561s] -- Up-to-date: /root/ros_ws/src/Rescue_Car_ws/install/builtin_interfaces/share/builtin_interfaces/cmake/export_builtin_interfaces__rosidl_generator_pyExport.cmake
[0.561s] -- Up-to-date: /root/ros_ws/src/Rescue_Car_ws/install/builtin_interfaces/share/builtin_interfaces/cmake/export_builtin_interfaces__rosidl_generator_pyExport-noconfig.cmake
[0.561s] -- Up-to-date: /root/ros_ws/src/Rescue_Car_ws/install/builtin_interfaces/share/builtin_interfaces/cmake/rosidl_cmake-extras.cmake
[0.561s] -- Up-to-date: /root/ros_ws/src/Rescue_Car_ws/install/builtin_interfaces/share/builtin_interfaces/cmake/ament_cmake_export_include_directories-extras.cmake
[0.562s] -- Up-to-date: /root/ros_ws/src/Rescue_Car_ws/install/builtin_interfaces/share/builtin_interfaces/cmake/ament_cmake_export_libraries-extras.cmake
[0.562s] -- Up-to-date: /root/ros_ws/src/Rescue_Car_ws/install/builtin_interfaces/share/builtin_interfaces/cmake/ament_cmake_export_targets-extras.cmake
[0.566s] -- Up-to-date: /root/ros_ws/src/Rescue_Car_ws/install/builtin_interfaces/share/builtin_interfaces/cmake/rosidl_cmake_export_typesupport_targets-extras.cmake
[0.566s] -- Up-to-date: /root/ros_ws/src/Rescue_Car_ws/install/builtin_interfaces/share/builtin_interfaces/cmake/ament_cmake_export_dependencies-extras.cmake
[0.566s] -- Up-to-date: /root/ros_ws/src/Rescue_Car_ws/install/builtin_interfaces/share/builtin_interfaces/cmake/rosidl_cmake_export_typesupport_libraries-extras.cmake
[0.566s] -- Up-to-date: /root/ros_ws/src/Rescue_Car_ws/install/builtin_interfaces/share/builtin_interfaces/cmake/builtin_interfacesConfig.cmake
[0.566s] -- Up-to-date: /root/ros_ws/src/Rescue_Car_ws/install/builtin_interfaces/share/builtin_interfaces/cmake/builtin_interfacesConfig-version.cmake
[0.567s] -- Up-to-date: /root/ros_ws/src/Rescue_Car_ws/install/builtin_interfaces/share/builtin_interfaces/package.xml
[0.651s] Invoked command in '/root/ros_ws/src/Rescue_Car_ws/build/builtin_interfaces' returned '0': CMAKE_PREFIX_PATH=/opt/ros/humble /usr/bin/cmake --install /root/ros_ws/src/Rescue_Car_ws/build/builtin_interfaces
