[0.107s] Invoking command in '/root/ros_ws/src/Rescue_Car_ws/build/rosgraph_msgs': AMENT_PREFIX_PATH=/root/ros_ws/src/Rescue_Car_ws/install/builtin_interfaces:${AMENT_PREFIX_PATH} CMAKE_PREFIX_PATH=/root/ros_ws/src/Rescue_Car_ws/install/builtin_interfaces:/opt/ros/humble LD_LIBRARY_PATH=/root/ros_ws/src/Rescue_Car_ws/install/builtin_interfaces/lib:${LD_LIBRARY_PATH} PYTHONPATH=/root/ros_ws/src/Rescue_Car_ws/install/builtin_interfaces/local/lib/python3.10/dist-packages:${PYTHONPATH} /usr/bin/cmake --build /root/ros_ws/src/Rescue_Car_ws/build/rosgraph_msgs -- -j20 -l20
[0.145s] [35m[1mConsolidate compiler generated dependencies of target rosgraph_msgs__rosidl_generator_c[0m
[0.160s] [  3%] Built target rosgraph_msgs__cpp
[0.161s] [ 12%] Built target rosgraph_msgs__rosidl_generator_c
[0.174s] [ 12%] Built target ament_cmake_python_copy_rosgraph_msgs
[0.176s] [35m[1mConsolidate compiler generated dependencies of target rosgraph_msgs__rosidl_typesupport_fastrtps_c[0m
[0.187s] [35m[1mConsolidate compiler generated dependencies of target rosgraph_msgs__rosidl_typesupport_introspection_c[0m
[0.187s] [35m[1mConsolidate compiler generated dependencies of target rosgraph_msgs__rosidl_typesupport_introspection_cpp[0m
[0.203s] [35m[1mConsolidate compiler generated dependencies of target rosgraph_msgs__rosidl_typesupport_c[0m
[0.206s] [35m[1mConsolidate compiler generated dependencies of target rosgraph_msgs__rosidl_typesupport_cpp[0m
[0.217s] [ 22%] Built target rosgraph_msgs__rosidl_typesupport_introspection_c
[0.218s] [ 32%] Built target rosgraph_msgs__rosidl_typesupport_fastrtps_c
[0.224s] [ 41%] Built target rosgraph_msgs__rosidl_typesupport_introspection_cpp
[0.228s] [ 51%] Built target rosgraph_msgs__rosidl_typesupport_cpp
[0.228s] [ 61%] Built target rosgraph_msgs__rosidl_typesupport_c
[0.247s] [35m[1mConsolidate compiler generated dependencies of target rosgraph_msgs__rosidl_typesupport_fastrtps_cpp[0m
[0.250s] [ 70%] Built target rosgraph_msgs__rosidl_typesupport_fastrtps_cpp
[0.273s] [ 70%] Built target rosgraph_msgs
[0.305s] [ 74%] Built target rosgraph_msgs__py
[0.317s] [35m[1mConsolidate compiler generated dependencies of target rosgraph_msgs__rosidl_generator_py[0m
[0.335s] [ 80%] Built target rosgraph_msgs__rosidl_generator_py
[0.349s] [35m[1mConsolidate compiler generated dependencies of target rosgraph_msgs__rosidl_typesupport_fastrtps_c__pyext[0m
[0.350s] [35m[1mConsolidate compiler generated dependencies of target rosgraph_msgs__rosidl_typesupport_introspection_c__pyext[0m
[0.362s] [35m[1mConsolidate compiler generated dependencies of target rosgraph_msgs__rosidl_typesupport_c__pyext[0m
[0.367s] [ 87%] Built target rosgraph_msgs__rosidl_typesupport_fastrtps_c__pyext
[0.367s] [ 93%] Built target rosgraph_msgs__rosidl_typesupport_introspection_c__pyext
[0.377s] [100%] Built target rosgraph_msgs__rosidl_typesupport_c__pyext
[0.484s] running egg_info
[0.485s] writing rosgraph_msgs.egg-info/PKG-INFO
[0.485s] writing dependency_links to rosgraph_msgs.egg-info/dependency_links.txt
[0.485s] writing top-level names to rosgraph_msgs.egg-info/top_level.txt
[0.488s] reading manifest file 'rosgraph_msgs.egg-info/SOURCES.txt'
[0.489s] writing manifest file 'rosgraph_msgs.egg-info/SOURCES.txt'
[0.519s] [100%] Built target ament_cmake_python_build_rosgraph_msgs_egg
[0.644s] Invoked command in '/root/ros_ws/src/Rescue_Car_ws/build/rosgraph_msgs' returned '0': AMENT_PREFIX_PATH=/root/ros_ws/src/Rescue_Car_ws/install/builtin_interfaces:${AMENT_PREFIX_PATH} CMAKE_PREFIX_PATH=/root/ros_ws/src/Rescue_Car_ws/install/builtin_interfaces:/opt/ros/humble LD_LIBRARY_PATH=/root/ros_ws/src/Rescue_Car_ws/install/builtin_interfaces/lib:${LD_LIBRARY_PATH} PYTHONPATH=/root/ros_ws/src/Rescue_Car_ws/install/builtin_interfaces/local/lib/python3.10/dist-packages:${PYTHONPATH} /usr/bin/cmake --build /root/ros_ws/src/Rescue_Car_ws/build/rosgraph_msgs -- -j20 -l20
[0.659s] Invoking command in '/root/ros_ws/src/Rescue_Car_ws/build/rosgraph_msgs': AMENT_PREFIX_PATH=/root/ros_ws/src/Rescue_Car_ws/install/builtin_interfaces:${AMENT_PREFIX_PATH} CMAKE_PREFIX_PATH=/root/ros_ws/src/Rescue_Car_ws/install/builtin_interfaces:/opt/ros/humble LD_LIBRARY_PATH=/root/ros_ws/src/Rescue_Car_ws/install/builtin_interfaces/lib:${LD_LIBRARY_PATH} PYTHONPATH=/root/ros_ws/src/Rescue_Car_ws/install/builtin_interfaces/local/lib/python3.10/dist-packages:${PYTHONPATH} /usr/bin/cmake --install /root/ros_ws/src/Rescue_Car_ws/build/rosgraph_msgs
[0.685s] -- Install configuration: ""
[0.685s] -- Up-to-date: /root/ros_ws/src/Rescue_Car_ws/install/rosgraph_msgs/share/ament_index/resource_index/rosidl_interfaces/rosgraph_msgs
[0.685s] -- Up-to-date: /root/ros_ws/src/Rescue_Car_ws/install/rosgraph_msgs/include/rosgraph_msgs/rosgraph_msgs
[0.685s] -- Up-to-date: /root/ros_ws/src/Rescue_Car_ws/install/rosgraph_msgs/include/rosgraph_msgs/rosgraph_msgs/msg
[0.685s] -- Up-to-date: /root/ros_ws/src/Rescue_Car_ws/install/rosgraph_msgs/include/rosgraph_msgs/rosgraph_msgs/msg/clock.h
[0.685s] -- Up-to-date: /root/ros_ws/src/Rescue_Car_ws/install/rosgraph_msgs/include/rosgraph_msgs/rosgraph_msgs/msg/detail
[0.685s] -- Up-to-date: /root/ros_ws/src/Rescue_Car_ws/install/rosgraph_msgs/include/rosgraph_msgs/rosgraph_msgs/msg/detail/clock__struct.h
[0.685s] -- Up-to-date: /root/ros_ws/src/Rescue_Car_ws/install/rosgraph_msgs/include/rosgraph_msgs/rosgraph_msgs/msg/detail/clock__functions.h
[0.686s] -- Up-to-date: /root/ros_ws/src/Rescue_Car_ws/install/rosgraph_msgs/include/rosgraph_msgs/rosgraph_msgs/msg/detail/clock__type_support.h
[0.686s] -- Up-to-date: /root/ros_ws/src/Rescue_Car_ws/install/rosgraph_msgs/include/rosgraph_msgs/rosgraph_msgs/msg/detail/clock__functions.c
[0.686s] -- Up-to-date: /root/ros_ws/src/Rescue_Car_ws/install/rosgraph_msgs/include/rosgraph_msgs/rosgraph_msgs/msg/rosidl_generator_c__visibility_control.h
[0.686s] -- Up-to-date: /root/ros_ws/src/Rescue_Car_ws/install/rosgraph_msgs/share/rosgraph_msgs/environment/library_path.sh
[0.686s] -- Up-to-date: /root/ros_ws/src/Rescue_Car_ws/install/rosgraph_msgs/share/rosgraph_msgs/environment/library_path.dsv
[0.686s] -- Up-to-date: /root/ros_ws/src/Rescue_Car_ws/install/rosgraph_msgs/lib/librosgraph_msgs__rosidl_generator_c.so
[0.686s] -- Up-to-date: /root/ros_ws/src/Rescue_Car_ws/install/rosgraph_msgs/include/rosgraph_msgs/rosgraph_msgs
[0.687s] -- Up-to-date: /root/ros_ws/src/Rescue_Car_ws/install/rosgraph_msgs/include/rosgraph_msgs/rosgraph_msgs/msg
[0.687s] -- Up-to-date: /root/ros_ws/src/Rescue_Car_ws/install/rosgraph_msgs/include/rosgraph_msgs/rosgraph_msgs/msg/detail
[0.687s] -- Up-to-date: /root/ros_ws/src/Rescue_Car_ws/install/rosgraph_msgs/include/rosgraph_msgs/rosgraph_msgs/msg/detail/clock__rosidl_typesupport_fastrtps_c.h
[0.691s] -- Up-to-date: /root/ros_ws/src/Rescue_Car_ws/install/rosgraph_msgs/include/rosgraph_msgs/rosgraph_msgs/msg/rosidl_typesupport_fastrtps_c__visibility_control.h
[0.691s] -- Up-to-date: /root/ros_ws/src/Rescue_Car_ws/install/rosgraph_msgs/lib/librosgraph_msgs__rosidl_typesupport_fastrtps_c.so
[0.691s] -- Up-to-date: /root/ros_ws/src/Rescue_Car_ws/install/rosgraph_msgs/include/rosgraph_msgs/rosgraph_msgs
[0.691s] -- Up-to-date: /root/ros_ws/src/Rescue_Car_ws/install/rosgraph_msgs/include/rosgraph_msgs/rosgraph_msgs/msg
[0.691s] -- Up-to-date: /root/ros_ws/src/Rescue_Car_ws/install/rosgraph_msgs/include/rosgraph_msgs/rosgraph_msgs/msg/clock.hpp
[0.691s] -- Up-to-date: /root/ros_ws/src/Rescue_Car_ws/install/rosgraph_msgs/include/rosgraph_msgs/rosgraph_msgs/msg/rosidl_generator_cpp__visibility_control.hpp
[0.691s] -- Up-to-date: /root/ros_ws/src/Rescue_Car_ws/install/rosgraph_msgs/include/rosgraph_msgs/rosgraph_msgs/msg/detail
[0.692s] -- Up-to-date: /root/ros_ws/src/Rescue_Car_ws/install/rosgraph_msgs/include/rosgraph_msgs/rosgraph_msgs/msg/detail/clock__traits.hpp
[0.692s] -- Up-to-date: /root/ros_ws/src/Rescue_Car_ws/install/rosgraph_msgs/include/rosgraph_msgs/rosgraph_msgs/msg/detail/clock__builder.hpp
[0.692s] -- Up-to-date: /root/ros_ws/src/Rescue_Car_ws/install/rosgraph_msgs/include/rosgraph_msgs/rosgraph_msgs/msg/detail/clock__struct.hpp
[0.692s] -- Up-to-date: /root/ros_ws/src/Rescue_Car_ws/install/rosgraph_msgs/include/rosgraph_msgs/rosgraph_msgs/msg/detail/clock__type_support.hpp
[0.692s] -- Up-to-date: /root/ros_ws/src/Rescue_Car_ws/install/rosgraph_msgs/include/rosgraph_msgs/rosgraph_msgs
[0.692s] -- Up-to-date: /root/ros_ws/src/Rescue_Car_ws/install/rosgraph_msgs/include/rosgraph_msgs/rosgraph_msgs/msg
[0.692s] -- Up-to-date: /root/ros_ws/src/Rescue_Car_ws/install/rosgraph_msgs/include/rosgraph_msgs/rosgraph_msgs/msg/rosidl_typesupport_fastrtps_cpp__visibility_control.h
[0.692s] -- Up-to-date: /root/ros_ws/src/Rescue_Car_ws/install/rosgraph_msgs/include/rosgraph_msgs/rosgraph_msgs/msg/detail
[0.692s] -- Up-to-date: /root/ros_ws/src/Rescue_Car_ws/install/rosgraph_msgs/include/rosgraph_msgs/rosgraph_msgs/msg/detail/clock__rosidl_typesupport_fastrtps_cpp.hpp
[0.692s] -- Up-to-date: /root/ros_ws/src/Rescue_Car_ws/install/rosgraph_msgs/include/rosgraph_msgs/rosgraph_msgs/msg/detail/dds_fastrtps
[0.692s] -- Up-to-date: /root/ros_ws/src/Rescue_Car_ws/install/rosgraph_msgs/lib/librosgraph_msgs__rosidl_typesupport_fastrtps_cpp.so
[0.692s] -- Up-to-date: /root/ros_ws/src/Rescue_Car_ws/install/rosgraph_msgs/include/rosgraph_msgs/rosgraph_msgs
[0.693s] -- Up-to-date: /root/ros_ws/src/Rescue_Car_ws/install/rosgraph_msgs/include/rosgraph_msgs/rosgraph_msgs/msg
[0.693s] -- Up-to-date: /root/ros_ws/src/Rescue_Car_ws/install/rosgraph_msgs/include/rosgraph_msgs/rosgraph_msgs/msg/rosidl_typesupport_introspection_c__visibility_control.h
[0.693s] -- Up-to-date: /root/ros_ws/src/Rescue_Car_ws/install/rosgraph_msgs/include/rosgraph_msgs/rosgraph_msgs/msg/detail
[0.693s] -- Up-to-date: /root/ros_ws/src/Rescue_Car_ws/install/rosgraph_msgs/include/rosgraph_msgs/rosgraph_msgs/msg/detail/clock__type_support.c
[0.693s] -- Up-to-date: /root/ros_ws/src/Rescue_Car_ws/install/rosgraph_msgs/include/rosgraph_msgs/rosgraph_msgs/msg/detail/clock__rosidl_typesupport_introspection_c.h
[0.693s] -- Up-to-date: /root/ros_ws/src/Rescue_Car_ws/install/rosgraph_msgs/lib/librosgraph_msgs__rosidl_typesupport_introspection_c.so
[0.693s] -- Up-to-date: /root/ros_ws/src/Rescue_Car_ws/install/rosgraph_msgs/lib/librosgraph_msgs__rosidl_typesupport_c.so
[0.694s] -- Up-to-date: /root/ros_ws/src/Rescue_Car_ws/install/rosgraph_msgs/include/rosgraph_msgs/rosgraph_msgs
[0.694s] -- Up-to-date: /root/ros_ws/src/Rescue_Car_ws/install/rosgraph_msgs/include/rosgraph_msgs/rosgraph_msgs/msg
[0.694s] -- Up-to-date: /root/ros_ws/src/Rescue_Car_ws/install/rosgraph_msgs/include/rosgraph_msgs/rosgraph_msgs/msg/detail
[0.694s] -- Up-to-date: /root/ros_ws/src/Rescue_Car_ws/install/rosgraph_msgs/include/rosgraph_msgs/rosgraph_msgs/msg/detail/clock__type_support.cpp
[0.694s] -- Up-to-date: /root/ros_ws/src/Rescue_Car_ws/install/rosgraph_msgs/include/rosgraph_msgs/rosgraph_msgs/msg/detail/clock__rosidl_typesupport_introspection_cpp.hpp
[0.694s] -- Up-to-date: /root/ros_ws/src/Rescue_Car_ws/install/rosgraph_msgs/lib/librosgraph_msgs__rosidl_typesupport_introspection_cpp.so
[0.694s] -- Up-to-date: /root/ros_ws/src/Rescue_Car_ws/install/rosgraph_msgs/lib/librosgraph_msgs__rosidl_typesupport_cpp.so
[0.694s] -- Up-to-date: /root/ros_ws/src/Rescue_Car_ws/install/rosgraph_msgs/share/rosgraph_msgs/environment/pythonpath.sh
[0.694s] -- Up-to-date: /root/ros_ws/src/Rescue_Car_ws/install/rosgraph_msgs/share/rosgraph_msgs/environment/pythonpath.dsv
[0.694s] -- Up-to-date: /root/ros_ws/src/Rescue_Car_ws/install/rosgraph_msgs/local/lib/python3.10/dist-packages/rosgraph_msgs-1.2.2-py3.10.egg-info
[0.694s] -- Installing: /root/ros_ws/src/Rescue_Car_ws/install/rosgraph_msgs/local/lib/python3.10/dist-packages/rosgraph_msgs-1.2.2-py3.10.egg-info/dependency_links.txt
[0.694s] -- Installing: /root/ros_ws/src/Rescue_Car_ws/install/rosgraph_msgs/local/lib/python3.10/dist-packages/rosgraph_msgs-1.2.2-py3.10.egg-info/SOURCES.txt
[0.695s] -- Installing: /root/ros_ws/src/Rescue_Car_ws/install/rosgraph_msgs/local/lib/python3.10/dist-packages/rosgraph_msgs-1.2.2-py3.10.egg-info/PKG-INFO
[0.695s] -- Installing: /root/ros_ws/src/Rescue_Car_ws/install/rosgraph_msgs/local/lib/python3.10/dist-packages/rosgraph_msgs-1.2.2-py3.10.egg-info/top_level.txt
[0.695s] -- Up-to-date: /root/ros_ws/src/Rescue_Car_ws/install/rosgraph_msgs/local/lib/python3.10/dist-packages/rosgraph_msgs
[0.695s] -- Up-to-date: /root/ros_ws/src/Rescue_Car_ws/install/rosgraph_msgs/local/lib/python3.10/dist-packages/rosgraph_msgs/librosgraph_msgs__rosidl_generator_py.so
[0.695s] -- Up-to-date: /root/ros_ws/src/Rescue_Car_ws/install/rosgraph_msgs/local/lib/python3.10/dist-packages/rosgraph_msgs/rosgraph_msgs_s__rosidl_typesupport_fastrtps_c.cpython-310-x86_64-linux-gnu.so
[0.695s] -- Up-to-date: /root/ros_ws/src/Rescue_Car_ws/install/rosgraph_msgs/local/lib/python3.10/dist-packages/rosgraph_msgs/rosgraph_msgs_s__rosidl_typesupport_introspection_c.cpython-310-x86_64-linux-gnu.so
[0.695s] -- Up-to-date: /root/ros_ws/src/Rescue_Car_ws/install/rosgraph_msgs/local/lib/python3.10/dist-packages/rosgraph_msgs/_rosgraph_msgs_s.ep.rosidl_typesupport_fastrtps_c.c
[0.695s] -- Up-to-date: /root/ros_ws/src/Rescue_Car_ws/install/rosgraph_msgs/local/lib/python3.10/dist-packages/rosgraph_msgs/_rosgraph_msgs_s.ep.rosidl_typesupport_introspection_c.c
[0.695s] -- Up-to-date: /root/ros_ws/src/Rescue_Car_ws/install/rosgraph_msgs/local/lib/python3.10/dist-packages/rosgraph_msgs/__init__.py
[0.695s] -- Up-to-date: /root/ros_ws/src/Rescue_Car_ws/install/rosgraph_msgs/local/lib/python3.10/dist-packages/rosgraph_msgs/msg
[0.696s] -- Up-to-date: /root/ros_ws/src/Rescue_Car_ws/install/rosgraph_msgs/local/lib/python3.10/dist-packages/rosgraph_msgs/msg/_clock.py
[0.696s] -- Up-to-date: /root/ros_ws/src/Rescue_Car_ws/install/rosgraph_msgs/local/lib/python3.10/dist-packages/rosgraph_msgs/msg/_clock_s.c
[0.696s] -- Up-to-date: /root/ros_ws/src/Rescue_Car_ws/install/rosgraph_msgs/local/lib/python3.10/dist-packages/rosgraph_msgs/msg/__init__.py
[0.696s] -- Up-to-date: /root/ros_ws/src/Rescue_Car_ws/install/rosgraph_msgs/local/lib/python3.10/dist-packages/rosgraph_msgs/_rosgraph_msgs_s.ep.rosidl_typesupport_c.c
[0.696s] -- Up-to-date: /root/ros_ws/src/Rescue_Car_ws/install/rosgraph_msgs/local/lib/python3.10/dist-packages/rosgraph_msgs/rosgraph_msgs_s__rosidl_typesupport_c.cpython-310-x86_64-linux-gnu.so
[0.722s] Listing '/root/ros_ws/src/Rescue_Car_ws/install/rosgraph_msgs/local/lib/python3.10/dist-packages/rosgraph_msgs'...
[0.722s] Listing '/root/ros_ws/src/Rescue_Car_ws/install/rosgraph_msgs/local/lib/python3.10/dist-packages/rosgraph_msgs/msg'...
[0.723s] -- Up-to-date: /root/ros_ws/src/Rescue_Car_ws/install/rosgraph_msgs/local/lib/python3.10/dist-packages/rosgraph_msgs/rosgraph_msgs_s__rosidl_typesupport_fastrtps_c.cpython-310-x86_64-linux-gnu.so
[0.724s] -- Up-to-date: /root/ros_ws/src/Rescue_Car_ws/install/rosgraph_msgs/local/lib/python3.10/dist-packages/rosgraph_msgs/rosgraph_msgs_s__rosidl_typesupport_introspection_c.cpython-310-x86_64-linux-gnu.so
[0.724s] -- Up-to-date: /root/ros_ws/src/Rescue_Car_ws/install/rosgraph_msgs/local/lib/python3.10/dist-packages/rosgraph_msgs/rosgraph_msgs_s__rosidl_typesupport_c.cpython-310-x86_64-linux-gnu.so
[0.724s] -- Up-to-date: /root/ros_ws/src/Rescue_Car_ws/install/rosgraph_msgs/lib/librosgraph_msgs__rosidl_generator_py.so
[0.724s] -- Up-to-date: /root/ros_ws/src/Rescue_Car_ws/install/rosgraph_msgs/share/rosgraph_msgs/msg/Clock.idl
[0.724s] -- Up-to-date: /root/ros_ws/src/Rescue_Car_ws/install/rosgraph_msgs/share/rosgraph_msgs/msg/Clock.msg
[0.724s] -- Up-to-date: /root/ros_ws/src/Rescue_Car_ws/install/rosgraph_msgs/share/ament_index/resource_index/package_run_dependencies/rosgraph_msgs
[0.724s] -- Up-to-date: /root/ros_ws/src/Rescue_Car_ws/install/rosgraph_msgs/share/ament_index/resource_index/parent_prefix_path/rosgraph_msgs
[0.724s] -- Up-to-date: /root/ros_ws/src/Rescue_Car_ws/install/rosgraph_msgs/share/rosgraph_msgs/environment/ament_prefix_path.sh
[0.724s] -- Up-to-date: /root/ros_ws/src/Rescue_Car_ws/install/rosgraph_msgs/share/rosgraph_msgs/environment/ament_prefix_path.dsv
[0.725s] -- Up-to-date: /root/ros_ws/src/Rescue_Car_ws/install/rosgraph_msgs/share/rosgraph_msgs/environment/path.sh
[0.725s] -- Up-to-date: /root/ros_ws/src/Rescue_Car_ws/install/rosgraph_msgs/share/rosgraph_msgs/environment/path.dsv
[0.725s] -- Up-to-date: /root/ros_ws/src/Rescue_Car_ws/install/rosgraph_msgs/share/rosgraph_msgs/local_setup.bash
[0.725s] -- Up-to-date: /root/ros_ws/src/Rescue_Car_ws/install/rosgraph_msgs/share/rosgraph_msgs/local_setup.sh
[0.725s] -- Up-to-date: /root/ros_ws/src/Rescue_Car_ws/install/rosgraph_msgs/share/rosgraph_msgs/local_setup.zsh
[0.725s] -- Up-to-date: /root/ros_ws/src/Rescue_Car_ws/install/rosgraph_msgs/share/rosgraph_msgs/local_setup.dsv
[0.725s] -- Installing: /root/ros_ws/src/Rescue_Car_ws/install/rosgraph_msgs/share/rosgraph_msgs/package.dsv
[0.725s] -- Up-to-date: /root/ros_ws/src/Rescue_Car_ws/install/rosgraph_msgs/share/ament_index/resource_index/packages/rosgraph_msgs
[0.725s] -- Up-to-date: /root/ros_ws/src/Rescue_Car_ws/install/rosgraph_msgs/share/rosgraph_msgs/cmake/export_rosgraph_msgs__rosidl_generator_cExport.cmake
[0.725s] -- Up-to-date: /root/ros_ws/src/Rescue_Car_ws/install/rosgraph_msgs/share/rosgraph_msgs/cmake/export_rosgraph_msgs__rosidl_generator_cExport-noconfig.cmake
[0.725s] -- Up-to-date: /root/ros_ws/src/Rescue_Car_ws/install/rosgraph_msgs/share/rosgraph_msgs/cmake/export_rosgraph_msgs__rosidl_typesupport_fastrtps_cExport.cmake
[0.725s] -- Up-to-date: /root/ros_ws/src/Rescue_Car_ws/install/rosgraph_msgs/share/rosgraph_msgs/cmake/export_rosgraph_msgs__rosidl_typesupport_fastrtps_cExport-noconfig.cmake
[0.726s] -- Up-to-date: /root/ros_ws/src/Rescue_Car_ws/install/rosgraph_msgs/share/rosgraph_msgs/cmake/export_rosgraph_msgs__rosidl_generator_cppExport.cmake
[0.726s] -- Up-to-date: /root/ros_ws/src/Rescue_Car_ws/install/rosgraph_msgs/share/rosgraph_msgs/cmake/export_rosgraph_msgs__rosidl_typesupport_fastrtps_cppExport.cmake
[0.726s] -- Up-to-date: /root/ros_ws/src/Rescue_Car_ws/install/rosgraph_msgs/share/rosgraph_msgs/cmake/export_rosgraph_msgs__rosidl_typesupport_fastrtps_cppExport-noconfig.cmake
[0.726s] -- Up-to-date: /root/ros_ws/src/Rescue_Car_ws/install/rosgraph_msgs/share/rosgraph_msgs/cmake/rosgraph_msgs__rosidl_typesupport_introspection_cExport.cmake
[0.726s] -- Up-to-date: /root/ros_ws/src/Rescue_Car_ws/install/rosgraph_msgs/share/rosgraph_msgs/cmake/rosgraph_msgs__rosidl_typesupport_introspection_cExport-noconfig.cmake
[0.726s] -- Up-to-date: /root/ros_ws/src/Rescue_Car_ws/install/rosgraph_msgs/share/rosgraph_msgs/cmake/rosgraph_msgs__rosidl_typesupport_cExport.cmake
[0.727s] -- Up-to-date: /root/ros_ws/src/Rescue_Car_ws/install/rosgraph_msgs/share/rosgraph_msgs/cmake/rosgraph_msgs__rosidl_typesupport_cExport-noconfig.cmake
[0.727s] -- Up-to-date: /root/ros_ws/src/Rescue_Car_ws/install/rosgraph_msgs/share/rosgraph_msgs/cmake/rosgraph_msgs__rosidl_typesupport_introspection_cppExport.cmake
[0.727s] -- Up-to-date: /root/ros_ws/src/Rescue_Car_ws/install/rosgraph_msgs/share/rosgraph_msgs/cmake/rosgraph_msgs__rosidl_typesupport_introspection_cppExport-noconfig.cmake
[0.727s] -- Up-to-date: /root/ros_ws/src/Rescue_Car_ws/install/rosgraph_msgs/share/rosgraph_msgs/cmake/rosgraph_msgs__rosidl_typesupport_cppExport.cmake
[0.728s] -- Up-to-date: /root/ros_ws/src/Rescue_Car_ws/install/rosgraph_msgs/share/rosgraph_msgs/cmake/rosgraph_msgs__rosidl_typesupport_cppExport-noconfig.cmake
[0.728s] -- Up-to-date: /root/ros_ws/src/Rescue_Car_ws/install/rosgraph_msgs/share/rosgraph_msgs/cmake/export_rosgraph_msgs__rosidl_generator_pyExport.cmake
[0.728s] -- Up-to-date: /root/ros_ws/src/Rescue_Car_ws/install/rosgraph_msgs/share/rosgraph_msgs/cmake/export_rosgraph_msgs__rosidl_generator_pyExport-noconfig.cmake
[0.728s] -- Up-to-date: /root/ros_ws/src/Rescue_Car_ws/install/rosgraph_msgs/share/rosgraph_msgs/cmake/rosidl_cmake-extras.cmake
[0.728s] -- Up-to-date: /root/ros_ws/src/Rescue_Car_ws/install/rosgraph_msgs/share/rosgraph_msgs/cmake/ament_cmake_export_dependencies-extras.cmake
[0.728s] -- Up-to-date: /root/ros_ws/src/Rescue_Car_ws/install/rosgraph_msgs/share/rosgraph_msgs/cmake/ament_cmake_export_include_directories-extras.cmake
[0.728s] -- Up-to-date: /root/ros_ws/src/Rescue_Car_ws/install/rosgraph_msgs/share/rosgraph_msgs/cmake/ament_cmake_export_libraries-extras.cmake
[0.728s] -- Up-to-date: /root/ros_ws/src/Rescue_Car_ws/install/rosgraph_msgs/share/rosgraph_msgs/cmake/ament_cmake_export_targets-extras.cmake
[0.728s] -- Up-to-date: /root/ros_ws/src/Rescue_Car_ws/install/rosgraph_msgs/share/rosgraph_msgs/cmake/rosidl_cmake_export_typesupport_targets-extras.cmake
[0.728s] -- Up-to-date: /root/ros_ws/src/Rescue_Car_ws/install/rosgraph_msgs/share/rosgraph_msgs/cmake/rosidl_cmake_export_typesupport_libraries-extras.cmake
[0.728s] -- Up-to-date: /root/ros_ws/src/Rescue_Car_ws/install/rosgraph_msgs/share/rosgraph_msgs/cmake/rosgraph_msgsConfig.cmake
[0.729s] -- Up-to-date: /root/ros_ws/src/Rescue_Car_ws/install/rosgraph_msgs/share/rosgraph_msgs/cmake/rosgraph_msgsConfig-version.cmake
[0.729s] -- Up-to-date: /root/ros_ws/src/Rescue_Car_ws/install/rosgraph_msgs/share/rosgraph_msgs/package.xml
[0.756s] Invoked command in '/root/ros_ws/src/Rescue_Car_ws/build/rosgraph_msgs' returned '0': AMENT_PREFIX_PATH=/root/ros_ws/src/Rescue_Car_ws/install/builtin_interfaces:${AMENT_PREFIX_PATH} CMAKE_PREFIX_PATH=/root/ros_ws/src/Rescue_Car_ws/install/builtin_interfaces:/opt/ros/humble LD_LIBRARY_PATH=/root/ros_ws/src/Rescue_Car_ws/install/builtin_interfaces/lib:${LD_LIBRARY_PATH} PYTHONPATH=/root/ros_ws/src/Rescue_Car_ws/install/builtin_interfaces/local/lib/python3.10/dist-packages:${PYTHONPATH} /usr/bin/cmake --install /root/ros_ws/src/Rescue_Car_ws/build/rosgraph_msgs
