[0.162s] Invoking command in '/root/ros_ws/src/Rescue_Car_ws/build/composition_interfaces': AMENT_PREFIX_PATH=/root/ros_ws/src/Rescue_Car_ws/install/rcl_interfaces:/root/ros_ws/src/Rescue_Car_ws/install/builtin_interfaces:${AMENT_PREFIX_PATH} CMAKE_PREFIX_PATH=/root/ros_ws/src/Rescue_Car_ws/install/rcl_interfaces:/root/ros_ws/src/Rescue_Car_ws/install/builtin_interfaces:/opt/ros/humble LD_LIBRARY_PATH=/root/ros_ws/src/Rescue_Car_ws/install/rcl_interfaces/lib:/root/ros_ws/src/Rescue_Car_ws/install/builtin_interfaces/lib:${LD_LIBRARY_PATH} PYTHONPATH=/root/ros_ws/src/Rescue_Car_ws/install/rcl_interfaces/local/lib/python3.10/dist-packages:/root/ros_ws/src/Rescue_Car_ws/install/builtin_interfaces/local/lib/python3.10/dist-packages:${PYTHONPATH} /usr/bin/cmake --build /root/ros_ws/src/Rescue_Car_ws/build/composition_interfaces -- -j20 -l20
[0.197s] [35m[1mConsolidate compiler generated dependencies of target composition_interfaces__rosidl_generator_c[0m
[0.214s] [  2%] Built target composition_interfaces__cpp
[0.214s] [ 12%] Built target composition_interfaces__rosidl_generator_c
[0.219s] [35m[1mConsolidate compiler generated dependencies of target composition_interfaces__rosidl_typesupport_cpp[0m
[0.224s] [35m[1mConsolidate compiler generated dependencies of target composition_interfaces__rosidl_typesupport_fastrtps_cpp[0m
[0.224s] [ 12%] Built target ament_cmake_python_copy_composition_interfaces
[0.225s] [35m[1mConsolidate compiler generated dependencies of target composition_interfaces__rosidl_typesupport_introspection_cpp[0m
[0.231s] [35m[1mConsolidate compiler generated dependencies of target composition_interfaces__rosidl_typesupport_fastrtps_c[0m
[0.235s] [35m[1mConsolidate compiler generated dependencies of target composition_interfaces__rosidl_typesupport_c[0m
[0.235s] [35m[1mConsolidate compiler generated dependencies of target composition_interfaces__rosidl_typesupport_introspection_c[0m
[0.237s] [ 23%] Built target composition_interfaces__rosidl_typesupport_introspection_cpp
[0.237s] [ 34%] Built target composition_interfaces__rosidl_typesupport_cpp
[0.241s] [ 44%] Built target composition_interfaces__rosidl_typesupport_fastrtps_cpp
[0.250s] [ 65%] Built target composition_interfaces__rosidl_typesupport_c
[0.250s] [ 65%] Built target composition_interfaces__rosidl_typesupport_introspection_c
[0.251s] [ 76%] Built target composition_interfaces__rosidl_typesupport_fastrtps_c
[0.278s] [ 76%] Built target composition_interfaces
[0.299s] [ 78%] Built target composition_interfaces__py
[0.311s] [35m[1mConsolidate compiler generated dependencies of target composition_interfaces__rosidl_generator_py[0m
[0.325s] [ 87%] Built target composition_interfaces__rosidl_generator_py
[0.336s] [35m[1mConsolidate compiler generated dependencies of target composition_interfaces__rosidl_typesupport_fastrtps_c__pyext[0m
[0.337s] [35m[1mConsolidate compiler generated dependencies of target composition_interfaces__rosidl_typesupport_c__pyext[0m
[0.337s] [35m[1mConsolidate compiler generated dependencies of target composition_interfaces__rosidl_typesupport_introspection_c__pyext[0m
[0.348s] [ 91%] Built target composition_interfaces__rosidl_typesupport_fastrtps_c__pyext
[0.349s] [ 95%] Built target composition_interfaces__rosidl_typesupport_introspection_c__pyext
[0.351s] [100%] Built target composition_interfaces__rosidl_typesupport_c__pyext
[0.455s] running egg_info
[0.458s] writing composition_interfaces.egg-info/PKG-INFO
[0.458s] writing dependency_links to composition_interfaces.egg-info/dependency_links.txt
[0.458s] writing top-level names to composition_interfaces.egg-info/top_level.txt
[0.463s] reading manifest file 'composition_interfaces.egg-info/SOURCES.txt'
[0.463s] writing manifest file 'composition_interfaces.egg-info/SOURCES.txt'
[0.497s] [100%] Built target ament_cmake_python_build_composition_interfaces_egg
[0.511s] Invoked command in '/root/ros_ws/src/Rescue_Car_ws/build/composition_interfaces' returned '0': AMENT_PREFIX_PATH=/root/ros_ws/src/Rescue_Car_ws/install/rcl_interfaces:/root/ros_ws/src/Rescue_Car_ws/install/builtin_interfaces:${AMENT_PREFIX_PATH} CMAKE_PREFIX_PATH=/root/ros_ws/src/Rescue_Car_ws/install/rcl_interfaces:/root/ros_ws/src/Rescue_Car_ws/install/builtin_interfaces:/opt/ros/humble LD_LIBRARY_PATH=/root/ros_ws/src/Rescue_Car_ws/install/rcl_interfaces/lib:/root/ros_ws/src/Rescue_Car_ws/install/builtin_interfaces/lib:${LD_LIBRARY_PATH} PYTHONPATH=/root/ros_ws/src/Rescue_Car_ws/install/rcl_interfaces/local/lib/python3.10/dist-packages:/root/ros_ws/src/Rescue_Car_ws/install/builtin_interfaces/local/lib/python3.10/dist-packages:${PYTHONPATH} /usr/bin/cmake --build /root/ros_ws/src/Rescue_Car_ws/build/composition_interfaces -- -j20 -l20
[0.512s] Invoking command in '/root/ros_ws/src/Rescue_Car_ws/build/composition_interfaces': AMENT_PREFIX_PATH=/root/ros_ws/src/Rescue_Car_ws/install/rcl_interfaces:/root/ros_ws/src/Rescue_Car_ws/install/builtin_interfaces:${AMENT_PREFIX_PATH} CMAKE_PREFIX_PATH=/root/ros_ws/src/Rescue_Car_ws/install/rcl_interfaces:/root/ros_ws/src/Rescue_Car_ws/install/builtin_interfaces:/opt/ros/humble LD_LIBRARY_PATH=/root/ros_ws/src/Rescue_Car_ws/install/rcl_interfaces/lib:/root/ros_ws/src/Rescue_Car_ws/install/builtin_interfaces/lib:${LD_LIBRARY_PATH} PYTHONPATH=/root/ros_ws/src/Rescue_Car_ws/install/rcl_interfaces/local/lib/python3.10/dist-packages:/root/ros_ws/src/Rescue_Car_ws/install/builtin_interfaces/local/lib/python3.10/dist-packages:${PYTHONPATH} /usr/bin/cmake --install /root/ros_ws/src/Rescue_Car_ws/build/composition_interfaces
[0.520s] -- Install configuration: ""
[0.520s] -- Up-to-date: /root/ros_ws/src/Rescue_Car_ws/install/composition_interfaces/share/ament_index/resource_index/rosidl_interfaces/composition_interfaces
[0.520s] -- Up-to-date: /root/ros_ws/src/Rescue_Car_ws/install/composition_interfaces/include/composition_interfaces/composition_interfaces
[0.521s] -- Up-to-date: /root/ros_ws/src/Rescue_Car_ws/install/composition_interfaces/include/composition_interfaces/composition_interfaces/srv
[0.521s] -- Up-to-date: /root/ros_ws/src/Rescue_Car_ws/install/composition_interfaces/include/composition_interfaces/composition_interfaces/srv/list_nodes.h
[0.521s] -- Up-to-date: /root/ros_ws/src/Rescue_Car_ws/install/composition_interfaces/include/composition_interfaces/composition_interfaces/srv/load_node.h
[0.521s] -- Up-to-date: /root/ros_ws/src/Rescue_Car_ws/install/composition_interfaces/include/composition_interfaces/composition_interfaces/srv/detail
[0.522s] -- Up-to-date: /root/ros_ws/src/Rescue_Car_ws/install/composition_interfaces/include/composition_interfaces/composition_interfaces/srv/detail/unload_node__functions.c
[0.522s] -- Up-to-date: /root/ros_ws/src/Rescue_Car_ws/install/composition_interfaces/include/composition_interfaces/composition_interfaces/srv/detail/load_node__functions.c
[0.522s] -- Up-to-date: /root/ros_ws/src/Rescue_Car_ws/install/composition_interfaces/include/composition_interfaces/composition_interfaces/srv/detail/unload_node__struct.h
[0.522s] -- Up-to-date: /root/ros_ws/src/Rescue_Car_ws/install/composition_interfaces/include/composition_interfaces/composition_interfaces/srv/detail/list_nodes__functions.c
[0.522s] -- Up-to-date: /root/ros_ws/src/Rescue_Car_ws/install/composition_interfaces/include/composition_interfaces/composition_interfaces/srv/detail/unload_node__functions.h
[0.522s] -- Up-to-date: /root/ros_ws/src/Rescue_Car_ws/install/composition_interfaces/include/composition_interfaces/composition_interfaces/srv/detail/list_nodes__functions.h
[0.523s] -- Up-to-date: /root/ros_ws/src/Rescue_Car_ws/install/composition_interfaces/include/composition_interfaces/composition_interfaces/srv/detail/unload_node__type_support.h
[0.523s] -- Up-to-date: /root/ros_ws/src/Rescue_Car_ws/install/composition_interfaces/include/composition_interfaces/composition_interfaces/srv/detail/load_node__type_support.h
[0.523s] -- Up-to-date: /root/ros_ws/src/Rescue_Car_ws/install/composition_interfaces/include/composition_interfaces/composition_interfaces/srv/detail/list_nodes__type_support.h
[0.523s] -- Up-to-date: /root/ros_ws/src/Rescue_Car_ws/install/composition_interfaces/include/composition_interfaces/composition_interfaces/srv/detail/load_node__struct.h
[0.524s] -- Up-to-date: /root/ros_ws/src/Rescue_Car_ws/install/composition_interfaces/include/composition_interfaces/composition_interfaces/srv/detail/load_node__functions.h
[0.524s] -- Up-to-date: /root/ros_ws/src/Rescue_Car_ws/install/composition_interfaces/include/composition_interfaces/composition_interfaces/srv/detail/list_nodes__struct.h
[0.524s] -- Up-to-date: /root/ros_ws/src/Rescue_Car_ws/install/composition_interfaces/include/composition_interfaces/composition_interfaces/srv/unload_node.h
[0.524s] -- Up-to-date: /root/ros_ws/src/Rescue_Car_ws/install/composition_interfaces/include/composition_interfaces/composition_interfaces/msg
[0.524s] -- Up-to-date: /root/ros_ws/src/Rescue_Car_ws/install/composition_interfaces/include/composition_interfaces/composition_interfaces/msg/rosidl_generator_c__visibility_control.h
[0.524s] -- Up-to-date: /root/ros_ws/src/Rescue_Car_ws/install/composition_interfaces/share/composition_interfaces/environment/library_path.sh
[0.525s] -- Up-to-date: /root/ros_ws/src/Rescue_Car_ws/install/composition_interfaces/share/composition_interfaces/environment/library_path.dsv
[0.525s] -- Up-to-date: /root/ros_ws/src/Rescue_Car_ws/install/composition_interfaces/lib/libcomposition_interfaces__rosidl_generator_c.so
[0.525s] -- Up-to-date: /root/ros_ws/src/Rescue_Car_ws/install/composition_interfaces/include/composition_interfaces/composition_interfaces
[0.525s] -- Up-to-date: /root/ros_ws/src/Rescue_Car_ws/install/composition_interfaces/include/composition_interfaces/composition_interfaces/srv
[0.526s] -- Up-to-date: /root/ros_ws/src/Rescue_Car_ws/install/composition_interfaces/include/composition_interfaces/composition_interfaces/srv/detail
[0.526s] -- Up-to-date: /root/ros_ws/src/Rescue_Car_ws/install/composition_interfaces/include/composition_interfaces/composition_interfaces/srv/detail/load_node__rosidl_typesupport_fastrtps_c.h
[0.526s] -- Up-to-date: /root/ros_ws/src/Rescue_Car_ws/install/composition_interfaces/include/composition_interfaces/composition_interfaces/srv/detail/list_nodes__rosidl_typesupport_fastrtps_c.h
[0.526s] -- Up-to-date: /root/ros_ws/src/Rescue_Car_ws/install/composition_interfaces/include/composition_interfaces/composition_interfaces/srv/detail/unload_node__rosidl_typesupport_fastrtps_c.h
[0.526s] -- Up-to-date: /root/ros_ws/src/Rescue_Car_ws/install/composition_interfaces/include/composition_interfaces/composition_interfaces/msg
[0.526s] -- Up-to-date: /root/ros_ws/src/Rescue_Car_ws/install/composition_interfaces/include/composition_interfaces/composition_interfaces/msg/rosidl_typesupport_fastrtps_c__visibility_control.h
[0.526s] -- Up-to-date: /root/ros_ws/src/Rescue_Car_ws/install/composition_interfaces/lib/libcomposition_interfaces__rosidl_typesupport_fastrtps_c.so
[0.526s] -- Up-to-date: /root/ros_ws/src/Rescue_Car_ws/install/composition_interfaces/include/composition_interfaces/composition_interfaces
[0.526s] -- Up-to-date: /root/ros_ws/src/Rescue_Car_ws/install/composition_interfaces/include/composition_interfaces/composition_interfaces/srv
[0.526s] -- Up-to-date: /root/ros_ws/src/Rescue_Car_ws/install/composition_interfaces/include/composition_interfaces/composition_interfaces/srv/detail
[0.526s] -- Up-to-date: /root/ros_ws/src/Rescue_Car_ws/install/composition_interfaces/include/composition_interfaces/composition_interfaces/srv/detail/load_node__rosidl_typesupport_introspection_c.h
[0.526s] -- Up-to-date: /root/ros_ws/src/Rescue_Car_ws/install/composition_interfaces/include/composition_interfaces/composition_interfaces/srv/detail/list_nodes__type_support.c
[0.526s] -- Up-to-date: /root/ros_ws/src/Rescue_Car_ws/install/composition_interfaces/include/composition_interfaces/composition_interfaces/srv/detail/unload_node__type_support.c
[0.526s] -- Up-to-date: /root/ros_ws/src/Rescue_Car_ws/install/composition_interfaces/include/composition_interfaces/composition_interfaces/srv/detail/load_node__type_support.c
[0.526s] -- Up-to-date: /root/ros_ws/src/Rescue_Car_ws/install/composition_interfaces/include/composition_interfaces/composition_interfaces/srv/detail/unload_node__rosidl_typesupport_introspection_c.h
[0.526s] -- Up-to-date: /root/ros_ws/src/Rescue_Car_ws/install/composition_interfaces/include/composition_interfaces/composition_interfaces/srv/detail/list_nodes__rosidl_typesupport_introspection_c.h
[0.526s] -- Up-to-date: /root/ros_ws/src/Rescue_Car_ws/install/composition_interfaces/include/composition_interfaces/composition_interfaces/msg
[0.526s] -- Up-to-date: /root/ros_ws/src/Rescue_Car_ws/install/composition_interfaces/include/composition_interfaces/composition_interfaces/msg/rosidl_typesupport_introspection_c__visibility_control.h
[0.526s] -- Up-to-date: /root/ros_ws/src/Rescue_Car_ws/install/composition_interfaces/lib/libcomposition_interfaces__rosidl_typesupport_introspection_c.so
[0.526s] -- Up-to-date: /root/ros_ws/src/Rescue_Car_ws/install/composition_interfaces/lib/libcomposition_interfaces__rosidl_typesupport_c.so
[0.526s] -- Up-to-date: /root/ros_ws/src/Rescue_Car_ws/install/composition_interfaces/include/composition_interfaces/composition_interfaces
[0.527s] -- Up-to-date: /root/ros_ws/src/Rescue_Car_ws/install/composition_interfaces/include/composition_interfaces/composition_interfaces/srv
[0.527s] -- Up-to-date: /root/ros_ws/src/Rescue_Car_ws/install/composition_interfaces/include/composition_interfaces/composition_interfaces/srv/list_nodes.hpp
[0.527s] -- Up-to-date: /root/ros_ws/src/Rescue_Car_ws/install/composition_interfaces/include/composition_interfaces/composition_interfaces/srv/load_node.hpp
[0.527s] -- Up-to-date: /root/ros_ws/src/Rescue_Car_ws/install/composition_interfaces/include/composition_interfaces/composition_interfaces/srv/detail
[0.527s] -- Up-to-date: /root/ros_ws/src/Rescue_Car_ws/install/composition_interfaces/include/composition_interfaces/composition_interfaces/srv/detail/unload_node__struct.hpp
[0.527s] -- Up-to-date: /root/ros_ws/src/Rescue_Car_ws/install/composition_interfaces/include/composition_interfaces/composition_interfaces/srv/detail/load_node__builder.hpp
[0.527s] -- Up-to-date: /root/ros_ws/src/Rescue_Car_ws/install/composition_interfaces/include/composition_interfaces/composition_interfaces/srv/detail/load_node__traits.hpp
[0.528s] -- Up-to-date: /root/ros_ws/src/Rescue_Car_ws/install/composition_interfaces/include/composition_interfaces/composition_interfaces/srv/detail/unload_node__type_support.hpp
[0.528s] -- Up-to-date: /root/ros_ws/src/Rescue_Car_ws/install/composition_interfaces/include/composition_interfaces/composition_interfaces/srv/detail/unload_node__traits.hpp
[0.528s] -- Up-to-date: /root/ros_ws/src/Rescue_Car_ws/install/composition_interfaces/include/composition_interfaces/composition_interfaces/srv/detail/list_nodes__builder.hpp
[0.528s] -- Up-to-date: /root/ros_ws/src/Rescue_Car_ws/install/composition_interfaces/include/composition_interfaces/composition_interfaces/srv/detail/load_node__type_support.hpp
[0.528s] -- Up-to-date: /root/ros_ws/src/Rescue_Car_ws/install/composition_interfaces/include/composition_interfaces/composition_interfaces/srv/detail/unload_node__builder.hpp
[0.528s] -- Up-to-date: /root/ros_ws/src/Rescue_Car_ws/install/composition_interfaces/include/composition_interfaces/composition_interfaces/srv/detail/list_nodes__type_support.hpp
[0.528s] -- Up-to-date: /root/ros_ws/src/Rescue_Car_ws/install/composition_interfaces/include/composition_interfaces/composition_interfaces/srv/detail/list_nodes__struct.hpp
[0.528s] -- Up-to-date: /root/ros_ws/src/Rescue_Car_ws/install/composition_interfaces/include/composition_interfaces/composition_interfaces/srv/detail/list_nodes__traits.hpp
[0.529s] -- Up-to-date: /root/ros_ws/src/Rescue_Car_ws/install/composition_interfaces/include/composition_interfaces/composition_interfaces/srv/detail/load_node__struct.hpp
[0.529s] -- Up-to-date: /root/ros_ws/src/Rescue_Car_ws/install/composition_interfaces/include/composition_interfaces/composition_interfaces/srv/unload_node.hpp
[0.529s] -- Up-to-date: /root/ros_ws/src/Rescue_Car_ws/install/composition_interfaces/include/composition_interfaces/composition_interfaces/msg
[0.529s] -- Up-to-date: /root/ros_ws/src/Rescue_Car_ws/install/composition_interfaces/include/composition_interfaces/composition_interfaces/msg/rosidl_generator_cpp__visibility_control.hpp
[0.530s] -- Up-to-date: /root/ros_ws/src/Rescue_Car_ws/install/composition_interfaces/include/composition_interfaces/composition_interfaces
[0.530s] -- Up-to-date: /root/ros_ws/src/Rescue_Car_ws/install/composition_interfaces/include/composition_interfaces/composition_interfaces/srv
[0.530s] -- Up-to-date: /root/ros_ws/src/Rescue_Car_ws/install/composition_interfaces/include/composition_interfaces/composition_interfaces/srv/detail
[0.530s] -- Up-to-date: /root/ros_ws/src/Rescue_Car_ws/install/composition_interfaces/include/composition_interfaces/composition_interfaces/srv/detail/list_nodes__rosidl_typesupport_fastrtps_cpp.hpp
[0.530s] -- Up-to-date: /root/ros_ws/src/Rescue_Car_ws/install/composition_interfaces/include/composition_interfaces/composition_interfaces/srv/detail/dds_fastrtps
[0.530s] -- Up-to-date: /root/ros_ws/src/Rescue_Car_ws/install/composition_interfaces/include/composition_interfaces/composition_interfaces/srv/detail/unload_node__rosidl_typesupport_fastrtps_cpp.hpp
[0.531s] -- Up-to-date: /root/ros_ws/src/Rescue_Car_ws/install/composition_interfaces/include/composition_interfaces/composition_interfaces/srv/detail/load_node__rosidl_typesupport_fastrtps_cpp.hpp
[0.531s] -- Up-to-date: /root/ros_ws/src/Rescue_Car_ws/install/composition_interfaces/include/composition_interfaces/composition_interfaces/msg
[0.531s] -- Up-to-date: /root/ros_ws/src/Rescue_Car_ws/install/composition_interfaces/include/composition_interfaces/composition_interfaces/msg/rosidl_typesupport_fastrtps_cpp__visibility_control.h
[0.532s] -- Up-to-date: /root/ros_ws/src/Rescue_Car_ws/install/composition_interfaces/lib/libcomposition_interfaces__rosidl_typesupport_fastrtps_cpp.so
[0.532s] -- Up-to-date: /root/ros_ws/src/Rescue_Car_ws/install/composition_interfaces/include/composition_interfaces/composition_interfaces
[0.532s] -- Up-to-date: /root/ros_ws/src/Rescue_Car_ws/install/composition_interfaces/include/composition_interfaces/composition_interfaces/srv
[0.532s] -- Up-to-date: /root/ros_ws/src/Rescue_Car_ws/install/composition_interfaces/include/composition_interfaces/composition_interfaces/srv/detail
[0.532s] -- Up-to-date: /root/ros_ws/src/Rescue_Car_ws/install/composition_interfaces/include/composition_interfaces/composition_interfaces/srv/detail/unload_node__type_support.cpp
[0.533s] -- Up-to-date: /root/ros_ws/src/Rescue_Car_ws/install/composition_interfaces/include/composition_interfaces/composition_interfaces/srv/detail/list_nodes__rosidl_typesupport_introspection_cpp.hpp
[0.533s] -- Up-to-date: /root/ros_ws/src/Rescue_Car_ws/install/composition_interfaces/include/composition_interfaces/composition_interfaces/srv/detail/load_node__rosidl_typesupport_introspection_cpp.hpp
[0.533s] -- Up-to-date: /root/ros_ws/src/Rescue_Car_ws/install/composition_interfaces/include/composition_interfaces/composition_interfaces/srv/detail/list_nodes__type_support.cpp
[0.533s] -- Up-to-date: /root/ros_ws/src/Rescue_Car_ws/install/composition_interfaces/include/composition_interfaces/composition_interfaces/srv/detail/unload_node__rosidl_typesupport_introspection_cpp.hpp
[0.533s] -- Up-to-date: /root/ros_ws/src/Rescue_Car_ws/install/composition_interfaces/include/composition_interfaces/composition_interfaces/srv/detail/load_node__type_support.cpp
[0.533s] -- Up-to-date: /root/ros_ws/src/Rescue_Car_ws/install/composition_interfaces/lib/libcomposition_interfaces__rosidl_typesupport_introspection_cpp.so
[0.533s] -- Up-to-date: /root/ros_ws/src/Rescue_Car_ws/install/composition_interfaces/lib/libcomposition_interfaces__rosidl_typesupport_cpp.so
[0.533s] -- Up-to-date: /root/ros_ws/src/Rescue_Car_ws/install/composition_interfaces/share/composition_interfaces/environment/pythonpath.sh
[0.533s] -- Up-to-date: /root/ros_ws/src/Rescue_Car_ws/install/composition_interfaces/share/composition_interfaces/environment/pythonpath.dsv
[0.534s] -- Up-to-date: /root/ros_ws/src/Rescue_Car_ws/install/composition_interfaces/local/lib/python3.10/dist-packages/composition_interfaces-1.2.2-py3.10.egg-info
[0.534s] -- Installing: /root/ros_ws/src/Rescue_Car_ws/install/composition_interfaces/local/lib/python3.10/dist-packages/composition_interfaces-1.2.2-py3.10.egg-info/dependency_links.txt
[0.534s] -- Installing: /root/ros_ws/src/Rescue_Car_ws/install/composition_interfaces/local/lib/python3.10/dist-packages/composition_interfaces-1.2.2-py3.10.egg-info/SOURCES.txt
[0.534s] -- Installing: /root/ros_ws/src/Rescue_Car_ws/install/composition_interfaces/local/lib/python3.10/dist-packages/composition_interfaces-1.2.2-py3.10.egg-info/PKG-INFO
[0.535s] -- Installing: /root/ros_ws/src/Rescue_Car_ws/install/composition_interfaces/local/lib/python3.10/dist-packages/composition_interfaces-1.2.2-py3.10.egg-info/top_level.txt
[0.535s] -- Up-to-date: /root/ros_ws/src/Rescue_Car_ws/install/composition_interfaces/local/lib/python3.10/dist-packages/composition_interfaces
[0.535s] -- Up-to-date: /root/ros_ws/src/Rescue_Car_ws/install/composition_interfaces/local/lib/python3.10/dist-packages/composition_interfaces/composition_interfaces_s__rosidl_typesupport_fastrtps_c.cpython-310-x86_64-linux-gnu.so
[0.535s] -- Up-to-date: /root/ros_ws/src/Rescue_Car_ws/install/composition_interfaces/local/lib/python3.10/dist-packages/composition_interfaces/composition_interfaces_s__rosidl_typesupport_introspection_c.cpython-310-x86_64-linux-gnu.so
[0.535s] -- Up-to-date: /root/ros_ws/src/Rescue_Car_ws/install/composition_interfaces/local/lib/python3.10/dist-packages/composition_interfaces/libcomposition_interfaces__rosidl_generator_py.so
[0.535s] -- Up-to-date: /root/ros_ws/src/Rescue_Car_ws/install/composition_interfaces/local/lib/python3.10/dist-packages/composition_interfaces/_composition_interfaces_s.ep.rosidl_typesupport_introspection_c.c
[0.535s] -- Up-to-date: /root/ros_ws/src/Rescue_Car_ws/install/composition_interfaces/local/lib/python3.10/dist-packages/composition_interfaces/srv
[0.536s] -- Up-to-date: /root/ros_ws/src/Rescue_Car_ws/install/composition_interfaces/local/lib/python3.10/dist-packages/composition_interfaces/srv/_list_nodes_s.c
[0.536s] -- Up-to-date: /root/ros_ws/src/Rescue_Car_ws/install/composition_interfaces/local/lib/python3.10/dist-packages/composition_interfaces/srv/_unload_node_s.c
[0.536s] -- Up-to-date: /root/ros_ws/src/Rescue_Car_ws/install/composition_interfaces/local/lib/python3.10/dist-packages/composition_interfaces/srv/_load_node_s.c
[0.536s] -- Up-to-date: /root/ros_ws/src/Rescue_Car_ws/install/composition_interfaces/local/lib/python3.10/dist-packages/composition_interfaces/srv/__init__.py
[0.536s] -- Up-to-date: /root/ros_ws/src/Rescue_Car_ws/install/composition_interfaces/local/lib/python3.10/dist-packages/composition_interfaces/srv/_unload_node.py
[0.536s] -- Up-to-date: /root/ros_ws/src/Rescue_Car_ws/install/composition_interfaces/local/lib/python3.10/dist-packages/composition_interfaces/srv/_load_node.py
[0.537s] -- Up-to-date: /root/ros_ws/src/Rescue_Car_ws/install/composition_interfaces/local/lib/python3.10/dist-packages/composition_interfaces/srv/_list_nodes.py
[0.537s] -- Up-to-date: /root/ros_ws/src/Rescue_Car_ws/install/composition_interfaces/local/lib/python3.10/dist-packages/composition_interfaces/composition_interfaces_s__rosidl_typesupport_c.cpython-310-x86_64-linux-gnu.so
[0.537s] -- Up-to-date: /root/ros_ws/src/Rescue_Car_ws/install/composition_interfaces/local/lib/python3.10/dist-packages/composition_interfaces/__init__.py
[0.538s] -- Up-to-date: /root/ros_ws/src/Rescue_Car_ws/install/composition_interfaces/local/lib/python3.10/dist-packages/composition_interfaces/_composition_interfaces_s.ep.rosidl_typesupport_fastrtps_c.c
[0.539s] -- Up-to-date: /root/ros_ws/src/Rescue_Car_ws/install/composition_interfaces/local/lib/python3.10/dist-packages/composition_interfaces/_composition_interfaces_s.ep.rosidl_typesupport_c.c
[0.609s] Listing '/root/ros_ws/src/Rescue_Car_ws/install/composition_interfaces/local/lib/python3.10/dist-packages/composition_interfaces'...
[0.610s] Listing '/root/ros_ws/src/Rescue_Car_ws/install/composition_interfaces/local/lib/python3.10/dist-packages/composition_interfaces/srv'...
[0.645s] -- Up-to-date: /root/ros_ws/src/Rescue_Car_ws/install/composition_interfaces/local/lib/python3.10/dist-packages/composition_interfaces/composition_interfaces_s__rosidl_typesupport_fastrtps_c.cpython-310-x86_64-linux-gnu.so
[0.645s] -- Up-to-date: /root/ros_ws/src/Rescue_Car_ws/install/composition_interfaces/local/lib/python3.10/dist-packages/composition_interfaces/composition_interfaces_s__rosidl_typesupport_introspection_c.cpython-310-x86_64-linux-gnu.so
[0.645s] -- Up-to-date: /root/ros_ws/src/Rescue_Car_ws/install/composition_interfaces/local/lib/python3.10/dist-packages/composition_interfaces/composition_interfaces_s__rosidl_typesupport_c.cpython-310-x86_64-linux-gnu.so
[0.656s] -- Up-to-date: /root/ros_ws/src/Rescue_Car_ws/install/composition_interfaces/lib/libcomposition_interfaces__rosidl_generator_py.so
[0.656s] -- Up-to-date: /root/ros_ws/src/Rescue_Car_ws/install/composition_interfaces/share/composition_interfaces/srv/LoadNode.idl
[0.656s] -- Up-to-date: /root/ros_ws/src/Rescue_Car_ws/install/composition_interfaces/share/composition_interfaces/srv/ListNodes.idl
[0.656s] -- Up-to-date: /root/ros_ws/src/Rescue_Car_ws/install/composition_interfaces/share/composition_interfaces/srv/UnloadNode.idl
[0.657s] -- Up-to-date: /root/ros_ws/src/Rescue_Car_ws/install/composition_interfaces/share/composition_interfaces/srv/LoadNode.srv
[0.657s] -- Up-to-date: /root/ros_ws/src/Rescue_Car_ws/install/composition_interfaces/share/composition_interfaces/srv/LoadNode_Request.msg
[0.657s] -- Up-to-date: /root/ros_ws/src/Rescue_Car_ws/install/composition_interfaces/share/composition_interfaces/srv/LoadNode_Response.msg
[0.657s] -- Up-to-date: /root/ros_ws/src/Rescue_Car_ws/install/composition_interfaces/share/composition_interfaces/srv/ListNodes.srv
[0.657s] -- Up-to-date: /root/ros_ws/src/Rescue_Car_ws/install/composition_interfaces/share/composition_interfaces/srv/ListNodes_Request.msg
[0.657s] -- Up-to-date: /root/ros_ws/src/Rescue_Car_ws/install/composition_interfaces/share/composition_interfaces/srv/ListNodes_Response.msg
[0.657s] -- Up-to-date: /root/ros_ws/src/Rescue_Car_ws/install/composition_interfaces/share/composition_interfaces/srv/UnloadNode.srv
[0.657s] -- Up-to-date: /root/ros_ws/src/Rescue_Car_ws/install/composition_interfaces/share/composition_interfaces/srv/UnloadNode_Request.msg
[0.658s] -- Up-to-date: /root/ros_ws/src/Rescue_Car_ws/install/composition_interfaces/share/composition_interfaces/srv/UnloadNode_Response.msg
[0.658s] -- Up-to-date: /root/ros_ws/src/Rescue_Car_ws/install/composition_interfaces/share/ament_index/resource_index/package_run_dependencies/composition_interfaces
[0.658s] -- Up-to-date: /root/ros_ws/src/Rescue_Car_ws/install/composition_interfaces/share/ament_index/resource_index/parent_prefix_path/composition_interfaces
[0.658s] -- Up-to-date: /root/ros_ws/src/Rescue_Car_ws/install/composition_interfaces/share/composition_interfaces/environment/ament_prefix_path.sh
[0.658s] -- Up-to-date: /root/ros_ws/src/Rescue_Car_ws/install/composition_interfaces/share/composition_interfaces/environment/ament_prefix_path.dsv
[0.658s] -- Up-to-date: /root/ros_ws/src/Rescue_Car_ws/install/composition_interfaces/share/composition_interfaces/environment/path.sh
[0.658s] -- Up-to-date: /root/ros_ws/src/Rescue_Car_ws/install/composition_interfaces/share/composition_interfaces/environment/path.dsv
[0.658s] -- Up-to-date: /root/ros_ws/src/Rescue_Car_ws/install/composition_interfaces/share/composition_interfaces/local_setup.bash
[0.658s] -- Up-to-date: /root/ros_ws/src/Rescue_Car_ws/install/composition_interfaces/share/composition_interfaces/local_setup.sh
[0.659s] -- Up-to-date: /root/ros_ws/src/Rescue_Car_ws/install/composition_interfaces/share/composition_interfaces/local_setup.zsh
[0.659s] -- Up-to-date: /root/ros_ws/src/Rescue_Car_ws/install/composition_interfaces/share/composition_interfaces/local_setup.dsv
[0.659s] -- Installing: /root/ros_ws/src/Rescue_Car_ws/install/composition_interfaces/share/composition_interfaces/package.dsv
[0.659s] -- Up-to-date: /root/ros_ws/src/Rescue_Car_ws/install/composition_interfaces/share/ament_index/resource_index/packages/composition_interfaces
[0.659s] -- Up-to-date: /root/ros_ws/src/Rescue_Car_ws/install/composition_interfaces/share/composition_interfaces/cmake/export_composition_interfaces__rosidl_generator_cExport.cmake
[0.659s] -- Up-to-date: /root/ros_ws/src/Rescue_Car_ws/install/composition_interfaces/share/composition_interfaces/cmake/export_composition_interfaces__rosidl_generator_cExport-noconfig.cmake
[0.660s] -- Up-to-date: /root/ros_ws/src/Rescue_Car_ws/install/composition_interfaces/share/composition_interfaces/cmake/export_composition_interfaces__rosidl_typesupport_fastrtps_cExport.cmake
[0.660s] -- Up-to-date: /root/ros_ws/src/Rescue_Car_ws/install/composition_interfaces/share/composition_interfaces/cmake/export_composition_interfaces__rosidl_typesupport_fastrtps_cExport-noconfig.cmake
[0.660s] -- Up-to-date: /root/ros_ws/src/Rescue_Car_ws/install/composition_interfaces/share/composition_interfaces/cmake/composition_interfaces__rosidl_typesupport_introspection_cExport.cmake
[0.660s] -- Up-to-date: /root/ros_ws/src/Rescue_Car_ws/install/composition_interfaces/share/composition_interfaces/cmake/composition_interfaces__rosidl_typesupport_introspection_cExport-noconfig.cmake
[0.660s] -- Up-to-date: /root/ros_ws/src/Rescue_Car_ws/install/composition_interfaces/share/composition_interfaces/cmake/composition_interfaces__rosidl_typesupport_cExport.cmake
[0.660s] -- Up-to-date: /root/ros_ws/src/Rescue_Car_ws/install/composition_interfaces/share/composition_interfaces/cmake/composition_interfaces__rosidl_typesupport_cExport-noconfig.cmake
[0.661s] -- Up-to-date: /root/ros_ws/src/Rescue_Car_ws/install/composition_interfaces/share/composition_interfaces/cmake/export_composition_interfaces__rosidl_generator_cppExport.cmake
[0.661s] -- Up-to-date: /root/ros_ws/src/Rescue_Car_ws/install/composition_interfaces/share/composition_interfaces/cmake/export_composition_interfaces__rosidl_typesupport_fastrtps_cppExport.cmake
[0.661s] -- Up-to-date: /root/ros_ws/src/Rescue_Car_ws/install/composition_interfaces/share/composition_interfaces/cmake/export_composition_interfaces__rosidl_typesupport_fastrtps_cppExport-noconfig.cmake
[0.662s] -- Up-to-date: /root/ros_ws/src/Rescue_Car_ws/install/composition_interfaces/share/composition_interfaces/cmake/composition_interfaces__rosidl_typesupport_introspection_cppExport.cmake
[0.662s] -- Up-to-date: /root/ros_ws/src/Rescue_Car_ws/install/composition_interfaces/share/composition_interfaces/cmake/composition_interfaces__rosidl_typesupport_introspection_cppExport-noconfig.cmake
[0.662s] -- Up-to-date: /root/ros_ws/src/Rescue_Car_ws/install/composition_interfaces/share/composition_interfaces/cmake/composition_interfaces__rosidl_typesupport_cppExport.cmake
[0.662s] -- Up-to-date: /root/ros_ws/src/Rescue_Car_ws/install/composition_interfaces/share/composition_interfaces/cmake/composition_interfaces__rosidl_typesupport_cppExport-noconfig.cmake
[0.663s] -- Up-to-date: /root/ros_ws/src/Rescue_Car_ws/install/composition_interfaces/share/composition_interfaces/cmake/export_composition_interfaces__rosidl_generator_pyExport.cmake
[0.663s] -- Up-to-date: /root/ros_ws/src/Rescue_Car_ws/install/composition_interfaces/share/composition_interfaces/cmake/export_composition_interfaces__rosidl_generator_pyExport-noconfig.cmake
[0.664s] -- Up-to-date: /root/ros_ws/src/Rescue_Car_ws/install/composition_interfaces/share/composition_interfaces/cmake/rosidl_cmake-extras.cmake
[0.664s] -- Up-to-date: /root/ros_ws/src/Rescue_Car_ws/install/composition_interfaces/share/composition_interfaces/cmake/ament_cmake_export_dependencies-extras.cmake
[0.665s] -- Up-to-date: /root/ros_ws/src/Rescue_Car_ws/install/composition_interfaces/share/composition_interfaces/cmake/ament_cmake_export_include_directories-extras.cmake
[0.665s] -- Up-to-date: /root/ros_ws/src/Rescue_Car_ws/install/composition_interfaces/share/composition_interfaces/cmake/ament_cmake_export_libraries-extras.cmake
[0.665s] -- Up-to-date: /root/ros_ws/src/Rescue_Car_ws/install/composition_interfaces/share/composition_interfaces/cmake/ament_cmake_export_targets-extras.cmake
[0.666s] -- Up-to-date: /root/ros_ws/src/Rescue_Car_ws/install/composition_interfaces/share/composition_interfaces/cmake/rosidl_cmake_export_typesupport_targets-extras.cmake
[0.666s] -- Up-to-date: /root/ros_ws/src/Rescue_Car_ws/install/composition_interfaces/share/composition_interfaces/cmake/rosidl_cmake_export_typesupport_libraries-extras.cmake
[0.666s] -- Up-to-date: /root/ros_ws/src/Rescue_Car_ws/install/composition_interfaces/share/composition_interfaces/cmake/composition_interfacesConfig.cmake
[0.666s] -- Up-to-date: /root/ros_ws/src/Rescue_Car_ws/install/composition_interfaces/share/composition_interfaces/cmake/composition_interfacesConfig-version.cmake
[0.667s] -- Up-to-date: /root/ros_ws/src/Rescue_Car_ws/install/composition_interfaces/share/composition_interfaces/package.xml
[0.673s] Invoked command in '/root/ros_ws/src/Rescue_Car_ws/build/composition_interfaces' returned '0': AMENT_PREFIX_PATH=/root/ros_ws/src/Rescue_Car_ws/install/rcl_interfaces:/root/ros_ws/src/Rescue_Car_ws/install/builtin_interfaces:${AMENT_PREFIX_PATH} CMAKE_PREFIX_PATH=/root/ros_ws/src/Rescue_Car_ws/install/rcl_interfaces:/root/ros_ws/src/Rescue_Car_ws/install/builtin_interfaces:/opt/ros/humble LD_LIBRARY_PATH=/root/ros_ws/src/Rescue_Car_ws/install/rcl_interfaces/lib:/root/ros_ws/src/Rescue_Car_ws/install/builtin_interfaces/lib:${LD_LIBRARY_PATH} PYTHONPATH=/root/ros_ws/src/Rescue_Car_ws/install/rcl_interfaces/local/lib/python3.10/dist-packages:/root/ros_ws/src/Rescue_Car_ws/install/builtin_interfaces/local/lib/python3.10/dist-packages:${PYTHONPATH} /usr/bin/cmake --install /root/ros_ws/src/Rescue_Car_ws/build/composition_interfaces
