[0.319s] Invoking command in '/root/ros_ws/src/Rescue_Car_ws/build/stereo_msgs': CMAKE_PREFIX_PATH=/root/ros_ws/src/Rescue_Car_ws/install/sensor_msgs:/root/ros_ws/src/Rescue_Car_ws/install/geometry_msgs:/root/ros_ws/src/Rescue_Car_ws/install/std_msgs:/root/ros_ws/src/Rescue_Car_ws/install/builtin_interfaces:/root/ros_ws/src/Rescue_Car_ws/install/micro_ros_demos_rclc:/root/ros_ws/src/Rescue_Car_ws/install/common_interfaces:/root/ros_ws/src/Rescue_Car_ws/install/visualization_msgs:/root/ros_ws/src/Rescue_Car_ws/install/test_msgs:/root/ros_ws/src/Rescue_Car_ws/install/example_interfaces:/root/ros_ws/src/Rescue_Car_ws/install/action_msgs:/root/ros_ws/src/Rescue_Car_ws/install/unique_identifier_msgs:/root/ros_ws/src/Rescue_Car_ws/install/trajectory_msgs:/root/ros_ws/src/Rescue_Car_ws/install/stereo_msgs:/root/ros_ws/src/Rescue_Car_ws/install/std_srvs:/root/ros_ws/src/Rescue_Car_ws/install/shape_msgs:/root/ros_ws/src/Rescue_Car_ws/install/nav_msgs:/root/ros_ws/src/Rescue_Car_ws/install/diagnostic_msgs:/root/ros_ws/src/Rescue_Car_ws/install/actionlib_msgs:/root/ros_ws/src/Rescue_Car_ws/install/statistics_msgs:/root/ros_ws/src/Rescue_Car_ws/install/rosidl_typesupport_microxrcedds_test_msg:/root/ros_ws/src/Rescue_Car_ws/install/rosidl_typesupport_microxrcedds_cpp_tests:/root/ros_ws/src/Rescue_Car_ws/install/rmw_microxrcedds:/root/ros_ws/src/Rescue_Car_ws/install/rosidl_typesupport_microxrcedds_cpp:/root/ros_ws/src/Rescue_Car_ws/install/rosidl_typesupport_microxrcedds_c_tests:/root/ros_ws/src/Rescue_Car_ws/install/rosidl_typesupport_microxrcedds_c:/root/ros_ws/src/Rescue_Car_ws/install/rosgraph_msgs:/root/ros_ws/src/Rescue_Car_ws/install/rclc_parameter:/root/ros_ws/src/Rescue_Car_ws/install/rclc:/root/ros_ws/src/Rescue_Car_ws/install/composition_interfaces:/root/ros_ws/src/Rescue_Car_ws/install/rcl_interfaces:/root/ros_ws/src/Rescue_Car_ws/install/microxrcedds_client:/root/ros_ws/src/Rescue_Car_ws/install/microcdr:/root/ros_ws/src/Rescue_Car_ws/install/micro_ros_utilities:/root/ros_ws/src/Rescue_Car_ws/install/micro_ros_setup:/root/ros_ws/src/Rescue_Car_ws/install/micro_ros_agent:/root/ros_ws/src/Rescue_Car_ws/install/micro_ros_msgs:/root/ros_ws/src/Rescue_Car_ws/install/lifecycle_msgs:/root/ros_ws/src/Rescue_Car_ws/install/complex_msgs:/root/ros_ws/src/Rescue_Car_ws/install/car:/root/ros_ws/src/Rescue_Car_ws/install/sensor_msgs_py:/opt/ros/humble LD_LIBRARY_PATH=/root/ros_ws/src/Rescue_Car_ws/install/sensor_msgs/lib:/root/ros_ws/src/Rescue_Car_ws/install/geometry_msgs/lib:/root/ros_ws/src/Rescue_Car_ws/install/std_msgs/lib:/root/ros_ws/src/Rescue_Car_ws/install/builtin_interfaces/lib:/root/ros_ws/src/Rescue_Car_ws/install/visualization_msgs/lib:/root/ros_ws/src/Rescue_Car_ws/install/test_msgs/lib:/root/ros_ws/src/Rescue_Car_ws/install/example_interfaces/lib:/root/ros_ws/src/Rescue_Car_ws/install/action_msgs/lib:/root/ros_ws/src/Rescue_Car_ws/install/unique_identifier_msgs/lib:/root/ros_ws/src/Rescue_Car_ws/install/trajectory_msgs/lib:/root/ros_ws/src/Rescue_Car_ws/install/stereo_msgs/lib:/root/ros_ws/src/Rescue_Car_ws/install/std_srvs/lib:/root/ros_ws/src/Rescue_Car_ws/install/shape_msgs/lib:/root/ros_ws/src/Rescue_Car_ws/install/nav_msgs/lib:/root/ros_ws/src/Rescue_Car_ws/install/diagnostic_msgs/lib:/root/ros_ws/src/Rescue_Car_ws/install/actionlib_msgs/lib:/root/ros_ws/src/Rescue_Car_ws/install/statistics_msgs/lib:/root/ros_ws/src/Rescue_Car_ws/install/rosidl_typesupport_microxrcedds_test_msg/lib:/root/ros_ws/src/Rescue_Car_ws/install/rmw_microxrcedds/lib:/root/ros_ws/src/Rescue_Car_ws/install/rosidl_typesupport_microxrcedds_cpp/lib:/root/ros_ws/src/Rescue_Car_ws/install/rosidl_typesupport_microxrcedds_c/lib:/root/ros_ws/src/Rescue_Car_ws/install/rosgraph_msgs/lib:/root/ros_ws/src/Rescue_Car_ws/install/rclc_parameter/lib:/root/ros_ws/src/Rescue_Car_ws/install/rclc/lib:/root/ros_ws/src/Rescue_Car_ws/install/composition_interfaces/lib:/root/ros_ws/src/Rescue_Car_ws/install/rcl_interfaces/lib:/root/ros_ws/src/Rescue_Car_ws/install/micro_ros_utilities/lib:/root/ros_ws/src/Rescue_Car_ws/install/micro_ros_agent/lib:/root/ros_ws/src/Rescue_Car_ws/install/micro_ros_msgs/lib:/root/ros_ws/src/Rescue_Car_ws/install/lifecycle_msgs/lib:/root/ros_ws/src/Rescue_Car_ws/install/complex_msgs/lib:/usr/lib/x86_64-linux-gnu/gazebo-11/plugins:/opt/ros/humble/opt/rviz_ogre_vendor/lib:/opt/ros/humble/lib/x86_64-linux-gnu:/opt/ros/humble/lib /usr/bin/cmake --build /root/ros_ws/src/Rescue_Car_ws/build/stereo_msgs -- -j20 -l20
[0.375s] [  3%] Built target stereo_msgs__cpp
[0.380s] [ 12%] Built target stereo_msgs__rosidl_generator_c
[0.388s] [ 12%] Built target ament_cmake_python_copy_stereo_msgs
[0.402s] [ 22%] Built target stereo_msgs__rosidl_typesupport_fastrtps_cpp
[0.406s] [ 32%] Built target stereo_msgs__rosidl_typesupport_introspection_cpp
[0.406s] [ 41%] Built target stereo_msgs__rosidl_typesupport_cpp
[0.408s] [ 51%] Built target stereo_msgs__rosidl_typesupport_c
[0.410s] [ 61%] Built target stereo_msgs__rosidl_typesupport_fastrtps_c
[0.411s] [ 70%] Built target stereo_msgs__rosidl_typesupport_introspection_c
[0.438s] [ 70%] Built target stereo_msgs
[0.464s] [ 74%] Built target stereo_msgs__py
[0.488s] [ 80%] Built target stereo_msgs__rosidl_generator_py
[0.515s] [ 87%] Built target stereo_msgs__rosidl_typesupport_fastrtps_c__pyext
[0.515s] [ 93%] Built target stereo_msgs__rosidl_typesupport_c__pyext
[0.517s] [100%] Built target stereo_msgs__rosidl_typesupport_introspection_c__pyext
[0.593s] running egg_info
[0.593s] writing stereo_msgs.egg-info/PKG-INFO
[0.593s] writing dependency_links to stereo_msgs.egg-info/dependency_links.txt
[0.594s] writing top-level names to stereo_msgs.egg-info/top_level.txt
[0.595s] reading manifest file 'stereo_msgs.egg-info/SOURCES.txt'
[0.596s] writing manifest file 'stereo_msgs.egg-info/SOURCES.txt'
[0.620s] [100%] Built target ament_cmake_python_build_stereo_msgs_egg
[0.631s] Invoked command in '/root/ros_ws/src/Rescue_Car_ws/build/stereo_msgs' returned '0': CMAKE_PREFIX_PATH=/root/ros_ws/src/Rescue_Car_ws/install/sensor_msgs:/root/ros_ws/src/Rescue_Car_ws/install/geometry_msgs:/root/ros_ws/src/Rescue_Car_ws/install/std_msgs:/root/ros_ws/src/Rescue_Car_ws/install/builtin_interfaces:/root/ros_ws/src/Rescue_Car_ws/install/micro_ros_demos_rclc:/root/ros_ws/src/Rescue_Car_ws/install/common_interfaces:/root/ros_ws/src/Rescue_Car_ws/install/visualization_msgs:/root/ros_ws/src/Rescue_Car_ws/install/test_msgs:/root/ros_ws/src/Rescue_Car_ws/install/example_interfaces:/root/ros_ws/src/Rescue_Car_ws/install/action_msgs:/root/ros_ws/src/Rescue_Car_ws/install/unique_identifier_msgs:/root/ros_ws/src/Rescue_Car_ws/install/trajectory_msgs:/root/ros_ws/src/Rescue_Car_ws/install/stereo_msgs:/root/ros_ws/src/Rescue_Car_ws/install/std_srvs:/root/ros_ws/src/Rescue_Car_ws/install/shape_msgs:/root/ros_ws/src/Rescue_Car_ws/install/nav_msgs:/root/ros_ws/src/Rescue_Car_ws/install/diagnostic_msgs:/root/ros_ws/src/Rescue_Car_ws/install/actionlib_msgs:/root/ros_ws/src/Rescue_Car_ws/install/statistics_msgs:/root/ros_ws/src/Rescue_Car_ws/install/rosidl_typesupport_microxrcedds_test_msg:/root/ros_ws/src/Rescue_Car_ws/install/rosidl_typesupport_microxrcedds_cpp_tests:/root/ros_ws/src/Rescue_Car_ws/install/rmw_microxrcedds:/root/ros_ws/src/Rescue_Car_ws/install/rosidl_typesupport_microxrcedds_cpp:/root/ros_ws/src/Rescue_Car_ws/install/rosidl_typesupport_microxrcedds_c_tests:/root/ros_ws/src/Rescue_Car_ws/install/rosidl_typesupport_microxrcedds_c:/root/ros_ws/src/Rescue_Car_ws/install/rosgraph_msgs:/root/ros_ws/src/Rescue_Car_ws/install/rclc_parameter:/root/ros_ws/src/Rescue_Car_ws/install/rclc:/root/ros_ws/src/Rescue_Car_ws/install/composition_interfaces:/root/ros_ws/src/Rescue_Car_ws/install/rcl_interfaces:/root/ros_ws/src/Rescue_Car_ws/install/microxrcedds_client:/root/ros_ws/src/Rescue_Car_ws/install/microcdr:/root/ros_ws/src/Rescue_Car_ws/install/micro_ros_utilities:/root/ros_ws/src/Rescue_Car_ws/install/micro_ros_setup:/root/ros_ws/src/Rescue_Car_ws/install/micro_ros_agent:/root/ros_ws/src/Rescue_Car_ws/install/micro_ros_msgs:/root/ros_ws/src/Rescue_Car_ws/install/lifecycle_msgs:/root/ros_ws/src/Rescue_Car_ws/install/complex_msgs:/root/ros_ws/src/Rescue_Car_ws/install/car:/root/ros_ws/src/Rescue_Car_ws/install/sensor_msgs_py:/opt/ros/humble LD_LIBRARY_PATH=/root/ros_ws/src/Rescue_Car_ws/install/sensor_msgs/lib:/root/ros_ws/src/Rescue_Car_ws/install/geometry_msgs/lib:/root/ros_ws/src/Rescue_Car_ws/install/std_msgs/lib:/root/ros_ws/src/Rescue_Car_ws/install/builtin_interfaces/lib:/root/ros_ws/src/Rescue_Car_ws/install/visualization_msgs/lib:/root/ros_ws/src/Rescue_Car_ws/install/test_msgs/lib:/root/ros_ws/src/Rescue_Car_ws/install/example_interfaces/lib:/root/ros_ws/src/Rescue_Car_ws/install/action_msgs/lib:/root/ros_ws/src/Rescue_Car_ws/install/unique_identifier_msgs/lib:/root/ros_ws/src/Rescue_Car_ws/install/trajectory_msgs/lib:/root/ros_ws/src/Rescue_Car_ws/install/stereo_msgs/lib:/root/ros_ws/src/Rescue_Car_ws/install/std_srvs/lib:/root/ros_ws/src/Rescue_Car_ws/install/shape_msgs/lib:/root/ros_ws/src/Rescue_Car_ws/install/nav_msgs/lib:/root/ros_ws/src/Rescue_Car_ws/install/diagnostic_msgs/lib:/root/ros_ws/src/Rescue_Car_ws/install/actionlib_msgs/lib:/root/ros_ws/src/Rescue_Car_ws/install/statistics_msgs/lib:/root/ros_ws/src/Rescue_Car_ws/install/rosidl_typesupport_microxrcedds_test_msg/lib:/root/ros_ws/src/Rescue_Car_ws/install/rmw_microxrcedds/lib:/root/ros_ws/src/Rescue_Car_ws/install/rosidl_typesupport_microxrcedds_cpp/lib:/root/ros_ws/src/Rescue_Car_ws/install/rosidl_typesupport_microxrcedds_c/lib:/root/ros_ws/src/Rescue_Car_ws/install/rosgraph_msgs/lib:/root/ros_ws/src/Rescue_Car_ws/install/rclc_parameter/lib:/root/ros_ws/src/Rescue_Car_ws/install/rclc/lib:/root/ros_ws/src/Rescue_Car_ws/install/composition_interfaces/lib:/root/ros_ws/src/Rescue_Car_ws/install/rcl_interfaces/lib:/root/ros_ws/src/Rescue_Car_ws/install/micro_ros_utilities/lib:/root/ros_ws/src/Rescue_Car_ws/install/micro_ros_agent/lib:/root/ros_ws/src/Rescue_Car_ws/install/micro_ros_msgs/lib:/root/ros_ws/src/Rescue_Car_ws/install/lifecycle_msgs/lib:/root/ros_ws/src/Rescue_Car_ws/install/complex_msgs/lib:/usr/lib/x86_64-linux-gnu/gazebo-11/plugins:/opt/ros/humble/opt/rviz_ogre_vendor/lib:/opt/ros/humble/lib/x86_64-linux-gnu:/opt/ros/humble/lib /usr/bin/cmake --build /root/ros_ws/src/Rescue_Car_ws/build/stereo_msgs -- -j20 -l20
[0.632s] Invoking command in '/root/ros_ws/src/Rescue_Car_ws/build/stereo_msgs': CMAKE_PREFIX_PATH=/root/ros_ws/src/Rescue_Car_ws/install/sensor_msgs:/root/ros_ws/src/Rescue_Car_ws/install/geometry_msgs:/root/ros_ws/src/Rescue_Car_ws/install/std_msgs:/root/ros_ws/src/Rescue_Car_ws/install/builtin_interfaces:/root/ros_ws/src/Rescue_Car_ws/install/micro_ros_demos_rclc:/root/ros_ws/src/Rescue_Car_ws/install/common_interfaces:/root/ros_ws/src/Rescue_Car_ws/install/visualization_msgs:/root/ros_ws/src/Rescue_Car_ws/install/test_msgs:/root/ros_ws/src/Rescue_Car_ws/install/example_interfaces:/root/ros_ws/src/Rescue_Car_ws/install/action_msgs:/root/ros_ws/src/Rescue_Car_ws/install/unique_identifier_msgs:/root/ros_ws/src/Rescue_Car_ws/install/trajectory_msgs:/root/ros_ws/src/Rescue_Car_ws/install/stereo_msgs:/root/ros_ws/src/Rescue_Car_ws/install/std_srvs:/root/ros_ws/src/Rescue_Car_ws/install/shape_msgs:/root/ros_ws/src/Rescue_Car_ws/install/nav_msgs:/root/ros_ws/src/Rescue_Car_ws/install/diagnostic_msgs:/root/ros_ws/src/Rescue_Car_ws/install/actionlib_msgs:/root/ros_ws/src/Rescue_Car_ws/install/statistics_msgs:/root/ros_ws/src/Rescue_Car_ws/install/rosidl_typesupport_microxrcedds_test_msg:/root/ros_ws/src/Rescue_Car_ws/install/rosidl_typesupport_microxrcedds_cpp_tests:/root/ros_ws/src/Rescue_Car_ws/install/rmw_microxrcedds:/root/ros_ws/src/Rescue_Car_ws/install/rosidl_typesupport_microxrcedds_cpp:/root/ros_ws/src/Rescue_Car_ws/install/rosidl_typesupport_microxrcedds_c_tests:/root/ros_ws/src/Rescue_Car_ws/install/rosidl_typesupport_microxrcedds_c:/root/ros_ws/src/Rescue_Car_ws/install/rosgraph_msgs:/root/ros_ws/src/Rescue_Car_ws/install/rclc_parameter:/root/ros_ws/src/Rescue_Car_ws/install/rclc:/root/ros_ws/src/Rescue_Car_ws/install/composition_interfaces:/root/ros_ws/src/Rescue_Car_ws/install/rcl_interfaces:/root/ros_ws/src/Rescue_Car_ws/install/microxrcedds_client:/root/ros_ws/src/Rescue_Car_ws/install/microcdr:/root/ros_ws/src/Rescue_Car_ws/install/micro_ros_utilities:/root/ros_ws/src/Rescue_Car_ws/install/micro_ros_setup:/root/ros_ws/src/Rescue_Car_ws/install/micro_ros_agent:/root/ros_ws/src/Rescue_Car_ws/install/micro_ros_msgs:/root/ros_ws/src/Rescue_Car_ws/install/lifecycle_msgs:/root/ros_ws/src/Rescue_Car_ws/install/complex_msgs:/root/ros_ws/src/Rescue_Car_ws/install/car:/root/ros_ws/src/Rescue_Car_ws/install/sensor_msgs_py:/opt/ros/humble LD_LIBRARY_PATH=/root/ros_ws/src/Rescue_Car_ws/install/sensor_msgs/lib:/root/ros_ws/src/Rescue_Car_ws/install/geometry_msgs/lib:/root/ros_ws/src/Rescue_Car_ws/install/std_msgs/lib:/root/ros_ws/src/Rescue_Car_ws/install/builtin_interfaces/lib:/root/ros_ws/src/Rescue_Car_ws/install/visualization_msgs/lib:/root/ros_ws/src/Rescue_Car_ws/install/test_msgs/lib:/root/ros_ws/src/Rescue_Car_ws/install/example_interfaces/lib:/root/ros_ws/src/Rescue_Car_ws/install/action_msgs/lib:/root/ros_ws/src/Rescue_Car_ws/install/unique_identifier_msgs/lib:/root/ros_ws/src/Rescue_Car_ws/install/trajectory_msgs/lib:/root/ros_ws/src/Rescue_Car_ws/install/stereo_msgs/lib:/root/ros_ws/src/Rescue_Car_ws/install/std_srvs/lib:/root/ros_ws/src/Rescue_Car_ws/install/shape_msgs/lib:/root/ros_ws/src/Rescue_Car_ws/install/nav_msgs/lib:/root/ros_ws/src/Rescue_Car_ws/install/diagnostic_msgs/lib:/root/ros_ws/src/Rescue_Car_ws/install/actionlib_msgs/lib:/root/ros_ws/src/Rescue_Car_ws/install/statistics_msgs/lib:/root/ros_ws/src/Rescue_Car_ws/install/rosidl_typesupport_microxrcedds_test_msg/lib:/root/ros_ws/src/Rescue_Car_ws/install/rmw_microxrcedds/lib:/root/ros_ws/src/Rescue_Car_ws/install/rosidl_typesupport_microxrcedds_cpp/lib:/root/ros_ws/src/Rescue_Car_ws/install/rosidl_typesupport_microxrcedds_c/lib:/root/ros_ws/src/Rescue_Car_ws/install/rosgraph_msgs/lib:/root/ros_ws/src/Rescue_Car_ws/install/rclc_parameter/lib:/root/ros_ws/src/Rescue_Car_ws/install/rclc/lib:/root/ros_ws/src/Rescue_Car_ws/install/composition_interfaces/lib:/root/ros_ws/src/Rescue_Car_ws/install/rcl_interfaces/lib:/root/ros_ws/src/Rescue_Car_ws/install/micro_ros_utilities/lib:/root/ros_ws/src/Rescue_Car_ws/install/micro_ros_agent/lib:/root/ros_ws/src/Rescue_Car_ws/install/micro_ros_msgs/lib:/root/ros_ws/src/Rescue_Car_ws/install/lifecycle_msgs/lib:/root/ros_ws/src/Rescue_Car_ws/install/complex_msgs/lib:/usr/lib/x86_64-linux-gnu/gazebo-11/plugins:/opt/ros/humble/opt/rviz_ogre_vendor/lib:/opt/ros/humble/lib/x86_64-linux-gnu:/opt/ros/humble/lib /usr/bin/cmake --install /root/ros_ws/src/Rescue_Car_ws/build/stereo_msgs
[0.640s] -- Install configuration: ""
[0.640s] -- Up-to-date: /root/ros_ws/src/Rescue_Car_ws/install/stereo_msgs/share/ament_index/resource_index/rosidl_interfaces/stereo_msgs
[0.640s] -- Up-to-date: /root/ros_ws/src/Rescue_Car_ws/install/stereo_msgs/include/stereo_msgs/stereo_msgs
[0.641s] -- Up-to-date: /root/ros_ws/src/Rescue_Car_ws/install/stereo_msgs/include/stereo_msgs/stereo_msgs/msg
[0.641s] -- Up-to-date: /root/ros_ws/src/Rescue_Car_ws/install/stereo_msgs/include/stereo_msgs/stereo_msgs/msg/detail
[0.641s] -- Up-to-date: /root/ros_ws/src/Rescue_Car_ws/install/stereo_msgs/include/stereo_msgs/stereo_msgs/msg/detail/disparity_image__type_support.h
[0.641s] -- Up-to-date: /root/ros_ws/src/Rescue_Car_ws/install/stereo_msgs/include/stereo_msgs/stereo_msgs/msg/detail/disparity_image__struct.h
[0.641s] -- Up-to-date: /root/ros_ws/src/Rescue_Car_ws/install/stereo_msgs/include/stereo_msgs/stereo_msgs/msg/detail/disparity_image__functions.c
[0.642s] -- Up-to-date: /root/ros_ws/src/Rescue_Car_ws/install/stereo_msgs/include/stereo_msgs/stereo_msgs/msg/detail/disparity_image__functions.h
[0.642s] -- Up-to-date: /root/ros_ws/src/Rescue_Car_ws/install/stereo_msgs/include/stereo_msgs/stereo_msgs/msg/rosidl_generator_c__visibility_control.h
[0.642s] -- Up-to-date: /root/ros_ws/src/Rescue_Car_ws/install/stereo_msgs/include/stereo_msgs/stereo_msgs/msg/disparity_image.h
[0.642s] -- Up-to-date: /root/ros_ws/src/Rescue_Car_ws/install/stereo_msgs/share/stereo_msgs/environment/library_path.sh
[0.642s] -- Up-to-date: /root/ros_ws/src/Rescue_Car_ws/install/stereo_msgs/share/stereo_msgs/environment/library_path.dsv
[0.643s] -- Up-to-date: /root/ros_ws/src/Rescue_Car_ws/install/stereo_msgs/lib/libstereo_msgs__rosidl_generator_c.so
[0.643s] -- Up-to-date: /root/ros_ws/src/Rescue_Car_ws/install/stereo_msgs/include/stereo_msgs/stereo_msgs
[0.643s] -- Up-to-date: /root/ros_ws/src/Rescue_Car_ws/install/stereo_msgs/include/stereo_msgs/stereo_msgs/msg
[0.643s] -- Up-to-date: /root/ros_ws/src/Rescue_Car_ws/install/stereo_msgs/include/stereo_msgs/stereo_msgs/msg/detail
[0.643s] -- Up-to-date: /root/ros_ws/src/Rescue_Car_ws/install/stereo_msgs/include/stereo_msgs/stereo_msgs/msg/detail/disparity_image__rosidl_typesupport_fastrtps_c.h
[0.643s] -- Up-to-date: /root/ros_ws/src/Rescue_Car_ws/install/stereo_msgs/include/stereo_msgs/stereo_msgs/msg/rosidl_typesupport_fastrtps_c__visibility_control.h
[0.643s] -- Up-to-date: /root/ros_ws/src/Rescue_Car_ws/install/stereo_msgs/lib/libstereo_msgs__rosidl_typesupport_fastrtps_c.so
[0.644s] -- Up-to-date: /root/ros_ws/src/Rescue_Car_ws/install/stereo_msgs/include/stereo_msgs/stereo_msgs
[0.644s] -- Up-to-date: /root/ros_ws/src/Rescue_Car_ws/install/stereo_msgs/include/stereo_msgs/stereo_msgs/msg
[0.644s] -- Up-to-date: /root/ros_ws/src/Rescue_Car_ws/install/stereo_msgs/include/stereo_msgs/stereo_msgs/msg/rosidl_typesupport_introspection_c__visibility_control.h
[0.644s] -- Up-to-date: /root/ros_ws/src/Rescue_Car_ws/install/stereo_msgs/include/stereo_msgs/stereo_msgs/msg/detail
[0.645s] -- Up-to-date: /root/ros_ws/src/Rescue_Car_ws/install/stereo_msgs/include/stereo_msgs/stereo_msgs/msg/detail/disparity_image__type_support.c
[0.645s] -- Up-to-date: /root/ros_ws/src/Rescue_Car_ws/install/stereo_msgs/include/stereo_msgs/stereo_msgs/msg/detail/disparity_image__rosidl_typesupport_introspection_c.h
[0.645s] -- Up-to-date: /root/ros_ws/src/Rescue_Car_ws/install/stereo_msgs/lib/libstereo_msgs__rosidl_typesupport_introspection_c.so
[0.645s] -- Up-to-date: /root/ros_ws/src/Rescue_Car_ws/install/stereo_msgs/lib/libstereo_msgs__rosidl_typesupport_c.so
[0.645s] -- Up-to-date: /root/ros_ws/src/Rescue_Car_ws/install/stereo_msgs/include/stereo_msgs/stereo_msgs
[0.646s] -- Up-to-date: /root/ros_ws/src/Rescue_Car_ws/install/stereo_msgs/include/stereo_msgs/stereo_msgs/msg
[0.646s] -- Up-to-date: /root/ros_ws/src/Rescue_Car_ws/install/stereo_msgs/include/stereo_msgs/stereo_msgs/msg/rosidl_generator_cpp__visibility_control.hpp
[0.646s] -- Up-to-date: /root/ros_ws/src/Rescue_Car_ws/install/stereo_msgs/include/stereo_msgs/stereo_msgs/msg/detail
[0.646s] -- Up-to-date: /root/ros_ws/src/Rescue_Car_ws/install/stereo_msgs/include/stereo_msgs/stereo_msgs/msg/detail/disparity_image__builder.hpp
[0.646s] -- Up-to-date: /root/ros_ws/src/Rescue_Car_ws/install/stereo_msgs/include/stereo_msgs/stereo_msgs/msg/detail/disparity_image__struct.hpp
[0.647s] -- Up-to-date: /root/ros_ws/src/Rescue_Car_ws/install/stereo_msgs/include/stereo_msgs/stereo_msgs/msg/detail/disparity_image__type_support.hpp
[0.647s] -- Up-to-date: /root/ros_ws/src/Rescue_Car_ws/install/stereo_msgs/include/stereo_msgs/stereo_msgs/msg/detail/disparity_image__traits.hpp
[0.647s] -- Up-to-date: /root/ros_ws/src/Rescue_Car_ws/install/stereo_msgs/include/stereo_msgs/stereo_msgs/msg/disparity_image.hpp
[0.647s] -- Up-to-date: /root/ros_ws/src/Rescue_Car_ws/install/stereo_msgs/include/stereo_msgs/stereo_msgs
[0.648s] -- Up-to-date: /root/ros_ws/src/Rescue_Car_ws/install/stereo_msgs/include/stereo_msgs/stereo_msgs/msg
[0.648s] -- Up-to-date: /root/ros_ws/src/Rescue_Car_ws/install/stereo_msgs/include/stereo_msgs/stereo_msgs/msg/rosidl_typesupport_fastrtps_cpp__visibility_control.h
[0.649s] -- Up-to-date: /root/ros_ws/src/Rescue_Car_ws/install/stereo_msgs/include/stereo_msgs/stereo_msgs/msg/detail
[0.650s] -- Up-to-date: /root/ros_ws/src/Rescue_Car_ws/install/stereo_msgs/include/stereo_msgs/stereo_msgs/msg/detail/dds_fastrtps
[0.650s] -- Up-to-date: /root/ros_ws/src/Rescue_Car_ws/install/stereo_msgs/include/stereo_msgs/stereo_msgs/msg/detail/disparity_image__rosidl_typesupport_fastrtps_cpp.hpp
[0.650s] -- Up-to-date: /root/ros_ws/src/Rescue_Car_ws/install/stereo_msgs/lib/libstereo_msgs__rosidl_typesupport_fastrtps_cpp.so
[0.650s] -- Up-to-date: /root/ros_ws/src/Rescue_Car_ws/install/stereo_msgs/include/stereo_msgs/stereo_msgs
[0.651s] -- Up-to-date: /root/ros_ws/src/Rescue_Car_ws/install/stereo_msgs/include/stereo_msgs/stereo_msgs/msg
[0.652s] -- Up-to-date: /root/ros_ws/src/Rescue_Car_ws/install/stereo_msgs/include/stereo_msgs/stereo_msgs/msg/detail
[0.652s] -- Up-to-date: /root/ros_ws/src/Rescue_Car_ws/install/stereo_msgs/include/stereo_msgs/stereo_msgs/msg/detail/disparity_image__type_support.cpp
[0.652s] -- Up-to-date: /root/ros_ws/src/Rescue_Car_ws/install/stereo_msgs/include/stereo_msgs/stereo_msgs/msg/detail/disparity_image__rosidl_typesupport_introspection_cpp.hpp
[0.652s] -- Up-to-date: /root/ros_ws/src/Rescue_Car_ws/install/stereo_msgs/lib/libstereo_msgs__rosidl_typesupport_introspection_cpp.so
[0.652s] -- Up-to-date: /root/ros_ws/src/Rescue_Car_ws/install/stereo_msgs/lib/libstereo_msgs__rosidl_typesupport_cpp.so
[0.652s] -- Up-to-date: /root/ros_ws/src/Rescue_Car_ws/install/stereo_msgs/share/stereo_msgs/environment/pythonpath.sh
[0.653s] -- Up-to-date: /root/ros_ws/src/Rescue_Car_ws/install/stereo_msgs/share/stereo_msgs/environment/pythonpath.dsv
[0.654s] -- Up-to-date: /root/ros_ws/src/Rescue_Car_ws/install/stereo_msgs/local/lib/python3.10/dist-packages/stereo_msgs-4.9.0-py3.10.egg-info
[0.656s] -- Installing: /root/ros_ws/src/Rescue_Car_ws/install/stereo_msgs/local/lib/python3.10/dist-packages/stereo_msgs-4.9.0-py3.10.egg-info/dependency_links.txt
[0.657s] -- Installing: /root/ros_ws/src/Rescue_Car_ws/install/stereo_msgs/local/lib/python3.10/dist-packages/stereo_msgs-4.9.0-py3.10.egg-info/SOURCES.txt
[0.657s] -- Installing: /root/ros_ws/src/Rescue_Car_ws/install/stereo_msgs/local/lib/python3.10/dist-packages/stereo_msgs-4.9.0-py3.10.egg-info/PKG-INFO
[0.657s] -- Installing: /root/ros_ws/src/Rescue_Car_ws/install/stereo_msgs/local/lib/python3.10/dist-packages/stereo_msgs-4.9.0-py3.10.egg-info/top_level.txt
[0.658s] -- Up-to-date: /root/ros_ws/src/Rescue_Car_ws/install/stereo_msgs/local/lib/python3.10/dist-packages/stereo_msgs
[0.658s] -- Up-to-date: /root/ros_ws/src/Rescue_Car_ws/install/stereo_msgs/local/lib/python3.10/dist-packages/stereo_msgs/stereo_msgs_s__rosidl_typesupport_introspection_c.cpython-310-x86_64-linux-gnu.so
[0.658s] -- Up-to-date: /root/ros_ws/src/Rescue_Car_ws/install/stereo_msgs/local/lib/python3.10/dist-packages/stereo_msgs/_stereo_msgs_s.ep.rosidl_typesupport_c.c
[0.658s] -- Up-to-date: /root/ros_ws/src/Rescue_Car_ws/install/stereo_msgs/local/lib/python3.10/dist-packages/stereo_msgs/_stereo_msgs_s.ep.rosidl_typesupport_fastrtps_c.c
[0.658s] -- Up-to-date: /root/ros_ws/src/Rescue_Car_ws/install/stereo_msgs/local/lib/python3.10/dist-packages/stereo_msgs/libstereo_msgs__rosidl_generator_py.so
[0.659s] -- Up-to-date: /root/ros_ws/src/Rescue_Car_ws/install/stereo_msgs/local/lib/python3.10/dist-packages/stereo_msgs/stereo_msgs_s__rosidl_typesupport_fastrtps_c.cpython-310-x86_64-linux-gnu.so
[0.659s] -- Up-to-date: /root/ros_ws/src/Rescue_Car_ws/install/stereo_msgs/local/lib/python3.10/dist-packages/stereo_msgs/_stereo_msgs_s.ep.rosidl_typesupport_introspection_c.c
[0.659s] -- Up-to-date: /root/ros_ws/src/Rescue_Car_ws/install/stereo_msgs/local/lib/python3.10/dist-packages/stereo_msgs/__init__.py
[0.659s] -- Up-to-date: /root/ros_ws/src/Rescue_Car_ws/install/stereo_msgs/local/lib/python3.10/dist-packages/stereo_msgs/msg
[0.659s] -- Up-to-date: /root/ros_ws/src/Rescue_Car_ws/install/stereo_msgs/local/lib/python3.10/dist-packages/stereo_msgs/msg/_disparity_image_s.c
[0.659s] -- Up-to-date: /root/ros_ws/src/Rescue_Car_ws/install/stereo_msgs/local/lib/python3.10/dist-packages/stereo_msgs/msg/_disparity_image.py
[0.659s] -- Up-to-date: /root/ros_ws/src/Rescue_Car_ws/install/stereo_msgs/local/lib/python3.10/dist-packages/stereo_msgs/msg/__init__.py
[0.659s] -- Up-to-date: /root/ros_ws/src/Rescue_Car_ws/install/stereo_msgs/local/lib/python3.10/dist-packages/stereo_msgs/stereo_msgs_s__rosidl_typesupport_c.cpython-310-x86_64-linux-gnu.so
[0.694s] Listing '/root/ros_ws/src/Rescue_Car_ws/install/stereo_msgs/local/lib/python3.10/dist-packages/stereo_msgs'...
[0.694s] Listing '/root/ros_ws/src/Rescue_Car_ws/install/stereo_msgs/local/lib/python3.10/dist-packages/stereo_msgs/msg'...
[0.703s] -- Up-to-date: /root/ros_ws/src/Rescue_Car_ws/install/stereo_msgs/local/lib/python3.10/dist-packages/stereo_msgs/stereo_msgs_s__rosidl_typesupport_fastrtps_c.cpython-310-x86_64-linux-gnu.so
[0.704s] -- Up-to-date: /root/ros_ws/src/Rescue_Car_ws/install/stereo_msgs/local/lib/python3.10/dist-packages/stereo_msgs/stereo_msgs_s__rosidl_typesupport_introspection_c.cpython-310-x86_64-linux-gnu.so
[0.704s] -- Up-to-date: /root/ros_ws/src/Rescue_Car_ws/install/stereo_msgs/local/lib/python3.10/dist-packages/stereo_msgs/stereo_msgs_s__rosidl_typesupport_c.cpython-310-x86_64-linux-gnu.so
[0.704s] -- Up-to-date: /root/ros_ws/src/Rescue_Car_ws/install/stereo_msgs/lib/libstereo_msgs__rosidl_generator_py.so
[0.704s] -- Up-to-date: /root/ros_ws/src/Rescue_Car_ws/install/stereo_msgs/share/stereo_msgs/msg/DisparityImage.idl
[0.704s] -- Up-to-date: /root/ros_ws/src/Rescue_Car_ws/install/stereo_msgs/share/stereo_msgs/msg/DisparityImage.msg
[0.704s] -- Up-to-date: /root/ros_ws/src/Rescue_Car_ws/install/stereo_msgs/share/ament_index/resource_index/package_run_dependencies/stereo_msgs
[0.704s] -- Up-to-date: /root/ros_ws/src/Rescue_Car_ws/install/stereo_msgs/share/ament_index/resource_index/parent_prefix_path/stereo_msgs
[0.705s] -- Up-to-date: /root/ros_ws/src/Rescue_Car_ws/install/stereo_msgs/share/stereo_msgs/environment/ament_prefix_path.sh
[0.705s] -- Up-to-date: /root/ros_ws/src/Rescue_Car_ws/install/stereo_msgs/share/stereo_msgs/environment/ament_prefix_path.dsv
[0.705s] -- Up-to-date: /root/ros_ws/src/Rescue_Car_ws/install/stereo_msgs/share/stereo_msgs/environment/path.sh
[0.705s] -- Up-to-date: /root/ros_ws/src/Rescue_Car_ws/install/stereo_msgs/share/stereo_msgs/environment/path.dsv
[0.705s] -- Up-to-date: /root/ros_ws/src/Rescue_Car_ws/install/stereo_msgs/share/stereo_msgs/local_setup.bash
[0.705s] -- Up-to-date: /root/ros_ws/src/Rescue_Car_ws/install/stereo_msgs/share/stereo_msgs/local_setup.sh
[0.705s] -- Up-to-date: /root/ros_ws/src/Rescue_Car_ws/install/stereo_msgs/share/stereo_msgs/local_setup.zsh
[0.705s] -- Up-to-date: /root/ros_ws/src/Rescue_Car_ws/install/stereo_msgs/share/stereo_msgs/local_setup.dsv
[0.705s] -- Installing: /root/ros_ws/src/Rescue_Car_ws/install/stereo_msgs/share/stereo_msgs/package.dsv
[0.705s] -- Up-to-date: /root/ros_ws/src/Rescue_Car_ws/install/stereo_msgs/share/ament_index/resource_index/packages/stereo_msgs
[0.706s] -- Up-to-date: /root/ros_ws/src/Rescue_Car_ws/install/stereo_msgs/share/stereo_msgs/cmake/export_stereo_msgs__rosidl_generator_cExport.cmake
[0.706s] -- Up-to-date: /root/ros_ws/src/Rescue_Car_ws/install/stereo_msgs/share/stereo_msgs/cmake/export_stereo_msgs__rosidl_generator_cExport-noconfig.cmake
[0.706s] -- Up-to-date: /root/ros_ws/src/Rescue_Car_ws/install/stereo_msgs/share/stereo_msgs/cmake/export_stereo_msgs__rosidl_typesupport_fastrtps_cExport.cmake
[0.707s] -- Up-to-date: /root/ros_ws/src/Rescue_Car_ws/install/stereo_msgs/share/stereo_msgs/cmake/export_stereo_msgs__rosidl_typesupport_fastrtps_cExport-noconfig.cmake
[0.708s] -- Up-to-date: /root/ros_ws/src/Rescue_Car_ws/install/stereo_msgs/share/stereo_msgs/cmake/stereo_msgs__rosidl_typesupport_introspection_cExport.cmake
[0.708s] -- Up-to-date: /root/ros_ws/src/Rescue_Car_ws/install/stereo_msgs/share/stereo_msgs/cmake/stereo_msgs__rosidl_typesupport_introspection_cExport-noconfig.cmake
[0.709s] -- Up-to-date: /root/ros_ws/src/Rescue_Car_ws/install/stereo_msgs/share/stereo_msgs/cmake/stereo_msgs__rosidl_typesupport_cExport.cmake
[0.709s] -- Up-to-date: /root/ros_ws/src/Rescue_Car_ws/install/stereo_msgs/share/stereo_msgs/cmake/stereo_msgs__rosidl_typesupport_cExport-noconfig.cmake
[0.709s] -- Up-to-date: /root/ros_ws/src/Rescue_Car_ws/install/stereo_msgs/share/stereo_msgs/cmake/export_stereo_msgs__rosidl_generator_cppExport.cmake
[0.710s] -- Up-to-date: /root/ros_ws/src/Rescue_Car_ws/install/stereo_msgs/share/stereo_msgs/cmake/export_stereo_msgs__rosidl_typesupport_fastrtps_cppExport.cmake
[0.710s] -- Up-to-date: /root/ros_ws/src/Rescue_Car_ws/install/stereo_msgs/share/stereo_msgs/cmake/export_stereo_msgs__rosidl_typesupport_fastrtps_cppExport-noconfig.cmake
[0.710s] -- Up-to-date: /root/ros_ws/src/Rescue_Car_ws/install/stereo_msgs/share/stereo_msgs/cmake/stereo_msgs__rosidl_typesupport_introspection_cppExport.cmake
[0.710s] -- Up-to-date: /root/ros_ws/src/Rescue_Car_ws/install/stereo_msgs/share/stereo_msgs/cmake/stereo_msgs__rosidl_typesupport_introspection_cppExport-noconfig.cmake
[0.710s] -- Up-to-date: /root/ros_ws/src/Rescue_Car_ws/install/stereo_msgs/share/stereo_msgs/cmake/stereo_msgs__rosidl_typesupport_cppExport.cmake
[0.710s] -- Up-to-date: /root/ros_ws/src/Rescue_Car_ws/install/stereo_msgs/share/stereo_msgs/cmake/stereo_msgs__rosidl_typesupport_cppExport-noconfig.cmake
[0.710s] -- Up-to-date: /root/ros_ws/src/Rescue_Car_ws/install/stereo_msgs/share/stereo_msgs/cmake/export_stereo_msgs__rosidl_generator_pyExport.cmake
[0.711s] -- Up-to-date: /root/ros_ws/src/Rescue_Car_ws/install/stereo_msgs/share/stereo_msgs/cmake/export_stereo_msgs__rosidl_generator_pyExport-noconfig.cmake
[0.711s] -- Up-to-date: /root/ros_ws/src/Rescue_Car_ws/install/stereo_msgs/share/stereo_msgs/cmake/rosidl_cmake-extras.cmake
[0.711s] -- Up-to-date: /root/ros_ws/src/Rescue_Car_ws/install/stereo_msgs/share/stereo_msgs/cmake/ament_cmake_export_dependencies-extras.cmake
[0.711s] -- Up-to-date: /root/ros_ws/src/Rescue_Car_ws/install/stereo_msgs/share/stereo_msgs/cmake/ament_cmake_export_include_directories-extras.cmake
[0.711s] -- Up-to-date: /root/ros_ws/src/Rescue_Car_ws/install/stereo_msgs/share/stereo_msgs/cmake/ament_cmake_export_libraries-extras.cmake
[0.711s] -- Up-to-date: /root/ros_ws/src/Rescue_Car_ws/install/stereo_msgs/share/stereo_msgs/cmake/ament_cmake_export_targets-extras.cmake
[0.712s] -- Up-to-date: /root/ros_ws/src/Rescue_Car_ws/install/stereo_msgs/share/stereo_msgs/cmake/rosidl_cmake_export_typesupport_targets-extras.cmake
[0.712s] -- Up-to-date: /root/ros_ws/src/Rescue_Car_ws/install/stereo_msgs/share/stereo_msgs/cmake/rosidl_cmake_export_typesupport_libraries-extras.cmake
[0.712s] -- Up-to-date: /root/ros_ws/src/Rescue_Car_ws/install/stereo_msgs/share/stereo_msgs/cmake/stereo_msgsConfig.cmake
[0.712s] -- Up-to-date: /root/ros_ws/src/Rescue_Car_ws/install/stereo_msgs/share/stereo_msgs/cmake/stereo_msgsConfig-version.cmake
[0.712s] -- Up-to-date: /root/ros_ws/src/Rescue_Car_ws/install/stereo_msgs/share/stereo_msgs/package.xml
[0.719s] Invoked command in '/root/ros_ws/src/Rescue_Car_ws/build/stereo_msgs' returned '0': CMAKE_PREFIX_PATH=/root/ros_ws/src/Rescue_Car_ws/install/sensor_msgs:/root/ros_ws/src/Rescue_Car_ws/install/geometry_msgs:/root/ros_ws/src/Rescue_Car_ws/install/std_msgs:/root/ros_ws/src/Rescue_Car_ws/install/builtin_interfaces:/root/ros_ws/src/Rescue_Car_ws/install/micro_ros_demos_rclc:/root/ros_ws/src/Rescue_Car_ws/install/common_interfaces:/root/ros_ws/src/Rescue_Car_ws/install/visualization_msgs:/root/ros_ws/src/Rescue_Car_ws/install/test_msgs:/root/ros_ws/src/Rescue_Car_ws/install/example_interfaces:/root/ros_ws/src/Rescue_Car_ws/install/action_msgs:/root/ros_ws/src/Rescue_Car_ws/install/unique_identifier_msgs:/root/ros_ws/src/Rescue_Car_ws/install/trajectory_msgs:/root/ros_ws/src/Rescue_Car_ws/install/stereo_msgs:/root/ros_ws/src/Rescue_Car_ws/install/std_srvs:/root/ros_ws/src/Rescue_Car_ws/install/shape_msgs:/root/ros_ws/src/Rescue_Car_ws/install/nav_msgs:/root/ros_ws/src/Rescue_Car_ws/install/diagnostic_msgs:/root/ros_ws/src/Rescue_Car_ws/install/actionlib_msgs:/root/ros_ws/src/Rescue_Car_ws/install/statistics_msgs:/root/ros_ws/src/Rescue_Car_ws/install/rosidl_typesupport_microxrcedds_test_msg:/root/ros_ws/src/Rescue_Car_ws/install/rosidl_typesupport_microxrcedds_cpp_tests:/root/ros_ws/src/Rescue_Car_ws/install/rmw_microxrcedds:/root/ros_ws/src/Rescue_Car_ws/install/rosidl_typesupport_microxrcedds_cpp:/root/ros_ws/src/Rescue_Car_ws/install/rosidl_typesupport_microxrcedds_c_tests:/root/ros_ws/src/Rescue_Car_ws/install/rosidl_typesupport_microxrcedds_c:/root/ros_ws/src/Rescue_Car_ws/install/rosgraph_msgs:/root/ros_ws/src/Rescue_Car_ws/install/rclc_parameter:/root/ros_ws/src/Rescue_Car_ws/install/rclc:/root/ros_ws/src/Rescue_Car_ws/install/composition_interfaces:/root/ros_ws/src/Rescue_Car_ws/install/rcl_interfaces:/root/ros_ws/src/Rescue_Car_ws/install/microxrcedds_client:/root/ros_ws/src/Rescue_Car_ws/install/microcdr:/root/ros_ws/src/Rescue_Car_ws/install/micro_ros_utilities:/root/ros_ws/src/Rescue_Car_ws/install/micro_ros_setup:/root/ros_ws/src/Rescue_Car_ws/install/micro_ros_agent:/root/ros_ws/src/Rescue_Car_ws/install/micro_ros_msgs:/root/ros_ws/src/Rescue_Car_ws/install/lifecycle_msgs:/root/ros_ws/src/Rescue_Car_ws/install/complex_msgs:/root/ros_ws/src/Rescue_Car_ws/install/car:/root/ros_ws/src/Rescue_Car_ws/install/sensor_msgs_py:/opt/ros/humble LD_LIBRARY_PATH=/root/ros_ws/src/Rescue_Car_ws/install/sensor_msgs/lib:/root/ros_ws/src/Rescue_Car_ws/install/geometry_msgs/lib:/root/ros_ws/src/Rescue_Car_ws/install/std_msgs/lib:/root/ros_ws/src/Rescue_Car_ws/install/builtin_interfaces/lib:/root/ros_ws/src/Rescue_Car_ws/install/visualization_msgs/lib:/root/ros_ws/src/Rescue_Car_ws/install/test_msgs/lib:/root/ros_ws/src/Rescue_Car_ws/install/example_interfaces/lib:/root/ros_ws/src/Rescue_Car_ws/install/action_msgs/lib:/root/ros_ws/src/Rescue_Car_ws/install/unique_identifier_msgs/lib:/root/ros_ws/src/Rescue_Car_ws/install/trajectory_msgs/lib:/root/ros_ws/src/Rescue_Car_ws/install/stereo_msgs/lib:/root/ros_ws/src/Rescue_Car_ws/install/std_srvs/lib:/root/ros_ws/src/Rescue_Car_ws/install/shape_msgs/lib:/root/ros_ws/src/Rescue_Car_ws/install/nav_msgs/lib:/root/ros_ws/src/Rescue_Car_ws/install/diagnostic_msgs/lib:/root/ros_ws/src/Rescue_Car_ws/install/actionlib_msgs/lib:/root/ros_ws/src/Rescue_Car_ws/install/statistics_msgs/lib:/root/ros_ws/src/Rescue_Car_ws/install/rosidl_typesupport_microxrcedds_test_msg/lib:/root/ros_ws/src/Rescue_Car_ws/install/rmw_microxrcedds/lib:/root/ros_ws/src/Rescue_Car_ws/install/rosidl_typesupport_microxrcedds_cpp/lib:/root/ros_ws/src/Rescue_Car_ws/install/rosidl_typesupport_microxrcedds_c/lib:/root/ros_ws/src/Rescue_Car_ws/install/rosgraph_msgs/lib:/root/ros_ws/src/Rescue_Car_ws/install/rclc_parameter/lib:/root/ros_ws/src/Rescue_Car_ws/install/rclc/lib:/root/ros_ws/src/Rescue_Car_ws/install/composition_interfaces/lib:/root/ros_ws/src/Rescue_Car_ws/install/rcl_interfaces/lib:/root/ros_ws/src/Rescue_Car_ws/install/micro_ros_utilities/lib:/root/ros_ws/src/Rescue_Car_ws/install/micro_ros_agent/lib:/root/ros_ws/src/Rescue_Car_ws/install/micro_ros_msgs/lib:/root/ros_ws/src/Rescue_Car_ws/install/lifecycle_msgs/lib:/root/ros_ws/src/Rescue_Car_ws/install/complex_msgs/lib:/usr/lib/x86_64-linux-gnu/gazebo-11/plugins:/opt/ros/humble/opt/rviz_ogre_vendor/lib:/opt/ros/humble/lib/x86_64-linux-gnu:/opt/ros/humble/lib /usr/bin/cmake --install /root/ros_ws/src/Rescue_Car_ws/build/stereo_msgs
