[0.230s] Invoking command in '/root/ros_ws/src/Rescue_Car_ws/build/trajectory_msgs': AMENT_PREFIX_PATH=/root/ros_ws/src/Rescue_Car_ws/install/geometry_msgs:/root/ros_ws/src/Rescue_Car_ws/install/std_msgs:/root/ros_ws/src/Rescue_Car_ws/install/builtin_interfaces:${AMENT_PREFIX_PATH} CMAKE_PREFIX_PATH=/root/ros_ws/src/Rescue_Car_ws/install/geometry_msgs:/root/ros_ws/src/Rescue_Car_ws/install/std_msgs:/root/ros_ws/src/Rescue_Car_ws/install/builtin_interfaces:/opt/ros/humble LD_LIBRARY_PATH=/root/ros_ws/src/Rescue_Car_ws/install/geometry_msgs/lib:/root/ros_ws/src/Rescue_Car_ws/install/std_msgs/lib:/root/ros_ws/src/Rescue_Car_ws/install/builtin_interfaces/lib:${LD_LIBRARY_PATH} PYTHONPATH=/root/ros_ws/src/Rescue_Car_ws/install/geometry_msgs/local/lib/python3.10/dist-packages:/root/ros_ws/src/Rescue_Car_ws/install/std_msgs/local/lib/python3.10/dist-packages:/root/ros_ws/src/Rescue_Car_ws/install/builtin_interfaces/local/lib/python3.10/dist-packages:${PYTHONPATH} /usr/bin/cmake /root/ros_ws/src/Rescue_Car_ws/src/microros/src/ros2/common_interfaces/trajectory_msgs -DCMAKE_INSTALL_PREFIX=/root/ros_ws/src/Rescue_Car_ws/install/trajectory_msgs
[0.373s] -- The C compiler identification is GNU 11.4.0
[0.872s] -- The CXX compiler identification is GNU 11.4.0
[1.318s] -- Detecting C compiler ABI info
[1.460s] -- Detecting C compiler ABI info - done
[1.466s] -- Check for working C compiler: /usr/bin/cc - skipped
[1.466s] -- Detecting C compile features
[1.466s] -- Detecting C compile features - done
[1.469s] -- Detecting CXX compiler ABI info
[1.633s] -- Detecting CXX compiler ABI info - done
[1.640s] -- Check for working CXX compiler: /usr/bin/c++ - skipped
[1.640s] -- Detecting CXX compile features
[1.641s] -- Detecting CXX compile features - done
[1.644s] -- Found ament_cmake: 1.3.12 (/opt/ros/humble/share/ament_cmake/cmake)
[1.783s] -- Found Python3: /usr/bin/python3 (found version "3.10.12") found components: Interpreter 
[1.855s] -- Found builtin_interfaces: 1.2.2 (/root/ros_ws/src/Rescue_Car_ws/install/builtin_interfaces/share/builtin_interfaces/cmake)
[2.034s] -- Found rosidl_generator_c: 3.1.7 (/opt/ros/humble/share/rosidl_generator_c/cmake)
[2.040s] -- Found rosidl_adapter: 3.1.7 (/opt/ros/humble/share/rosidl_adapter/cmake)
[2.048s] -- Found rosidl_generator_cpp: 3.1.7 (/opt/ros/humble/share/rosidl_generator_cpp/cmake)
[2.062s] -- Using all available rosidl_typesupport_c: rosidl_typesupport_fastrtps_c;rosidl_typesupport_introspection_c
[2.080s] -- Using all available rosidl_typesupport_cpp: rosidl_typesupport_fastrtps_cpp;rosidl_typesupport_introspection_cpp
[2.097s] -- Found geometry_msgs: 4.9.0 (/root/ros_ws/src/Rescue_Car_ws/install/geometry_msgs/share/geometry_msgs/cmake)
[2.116s] -- Found rosidl_default_generators: 1.2.0 (/opt/ros/humble/share/rosidl_default_generators/cmake)
[2.422s] -- Found ament_cmake_cppcheck: 0.12.14 (/opt/ros/humble/share/ament_cmake_cppcheck/cmake)
[2.425s] -- Found ament_cmake_cpplint: 0.12.14 (/opt/ros/humble/share/ament_cmake_cpplint/cmake)
[2.428s] -- Found ament_cmake_uncrustify: 0.12.14 (/opt/ros/humble/share/ament_cmake_uncrustify/cmake)
[2.430s] -- Found ament_cmake_ros: 0.10.0 (/opt/ros/humble/share/ament_cmake_ros/cmake)
[2.859s] -- Using all available rosidl_typesupport_c: rosidl_typesupport_fastrtps_c;rosidl_typesupport_introspection_c
[3.031s] -- Using all available rosidl_typesupport_cpp: rosidl_typesupport_fastrtps_cpp;rosidl_typesupport_introspection_cpp
[3.178s] -- Found PythonInterp: /usr/bin/python3 (found suitable version "3.10.12", minimum required is "3.6") 
[3.180s] -- Found python_cmake_module: 0.10.0 (/opt/ros/humble/share/python_cmake_module/cmake)
[3.504s] -- Found PythonLibs: /usr/lib/x86_64-linux-gnu/libpython3.10.so (found suitable version "3.10.12", minimum required is "3.5") 
[3.504s] -- Using PYTHON_EXECUTABLE: /usr/bin/python3
[3.504s] -- Using PYTHON_INCLUDE_DIRS: /usr/include/python3.10
[3.504s] -- Using PYTHON_LIBRARIES: /usr/lib/x86_64-linux-gnu/libpython3.10.so
[3.525s] -- Found PythonExtra: .so  
[3.625s] -- Found ament_cmake_flake8: 0.12.14 (/opt/ros/humble/share/ament_cmake_flake8/cmake)
[3.627s] -- Found ament_cmake_pep257: 0.12.14 (/opt/ros/humble/share/ament_cmake_pep257/cmake)
[3.637s] -- Configuring done
[3.691s] -- Generating done
[3.709s] -- Build files have been written to: /root/ros_ws/src/Rescue_Car_ws/build/trajectory_msgs
[3.719s] Invoked command in '/root/ros_ws/src/Rescue_Car_ws/build/trajectory_msgs' returned '0': AMENT_PREFIX_PATH=/root/ros_ws/src/Rescue_Car_ws/install/geometry_msgs:/root/ros_ws/src/Rescue_Car_ws/install/std_msgs:/root/ros_ws/src/Rescue_Car_ws/install/builtin_interfaces:${AMENT_PREFIX_PATH} CMAKE_PREFIX_PATH=/root/ros_ws/src/Rescue_Car_ws/install/geometry_msgs:/root/ros_ws/src/Rescue_Car_ws/install/std_msgs:/root/ros_ws/src/Rescue_Car_ws/install/builtin_interfaces:/opt/ros/humble LD_LIBRARY_PATH=/root/ros_ws/src/Rescue_Car_ws/install/geometry_msgs/lib:/root/ros_ws/src/Rescue_Car_ws/install/std_msgs/lib:/root/ros_ws/src/Rescue_Car_ws/install/builtin_interfaces/lib:${LD_LIBRARY_PATH} PYTHONPATH=/root/ros_ws/src/Rescue_Car_ws/install/geometry_msgs/local/lib/python3.10/dist-packages:/root/ros_ws/src/Rescue_Car_ws/install/std_msgs/local/lib/python3.10/dist-packages:/root/ros_ws/src/Rescue_Car_ws/install/builtin_interfaces/local/lib/python3.10/dist-packages:${PYTHONPATH} /usr/bin/cmake /root/ros_ws/src/Rescue_Car_ws/src/microros/src/ros2/common_interfaces/trajectory_msgs -DCMAKE_INSTALL_PREFIX=/root/ros_ws/src/Rescue_Car_ws/install/trajectory_msgs
[3.722s] Invoking command in '/root/ros_ws/src/Rescue_Car_ws/build/trajectory_msgs': AMENT_PREFIX_PATH=/root/ros_ws/src/Rescue_Car_ws/install/geometry_msgs:/root/ros_ws/src/Rescue_Car_ws/install/std_msgs:/root/ros_ws/src/Rescue_Car_ws/install/builtin_interfaces:${AMENT_PREFIX_PATH} CMAKE_PREFIX_PATH=/root/ros_ws/src/Rescue_Car_ws/install/geometry_msgs:/root/ros_ws/src/Rescue_Car_ws/install/std_msgs:/root/ros_ws/src/Rescue_Car_ws/install/builtin_interfaces:/opt/ros/humble LD_LIBRARY_PATH=/root/ros_ws/src/Rescue_Car_ws/install/geometry_msgs/lib:/root/ros_ws/src/Rescue_Car_ws/install/std_msgs/lib:/root/ros_ws/src/Rescue_Car_ws/install/builtin_interfaces/lib:${LD_LIBRARY_PATH} PYTHONPATH=/root/ros_ws/src/Rescue_Car_ws/install/geometry_msgs/local/lib/python3.10/dist-packages:/root/ros_ws/src/Rescue_Car_ws/install/std_msgs/local/lib/python3.10/dist-packages:/root/ros_ws/src/Rescue_Car_ws/install/builtin_interfaces/local/lib/python3.10/dist-packages:${PYTHONPATH} /usr/bin/cmake --build /root/ros_ws/src/Rescue_Car_ws/build/trajectory_msgs -- -j20 -l20
[3.773s] [  1%] [34m[1mGenerating C code for ROS interfaces[0m
[3.783s] [  3%] [34m[1mGenerating C++ code for ROS interfaces[0m
[3.794s] [  3%] Built target ament_cmake_python_copy_trajectory_msgs
[4.060s] running egg_info
[4.061s] creating trajectory_msgs.egg-info
[4.062s] writing trajectory_msgs.egg-info/PKG-INFO
[4.062s] writing dependency_links to trajectory_msgs.egg-info/dependency_links.txt
[4.062s] writing top-level names to trajectory_msgs.egg-info/top_level.txt
[4.062s] writing manifest file 'trajectory_msgs.egg-info/SOURCES.txt'
[4.065s] reading manifest file 'trajectory_msgs.egg-info/SOURCES.txt'
[4.067s] writing manifest file 'trajectory_msgs.egg-info/SOURCES.txt'
[4.101s] [  3%] Built target ament_cmake_python_build_trajectory_msgs_egg
[4.505s] [  3%] Built target trajectory_msgs__cpp
[4.523s] [  5%] [34m[1mGenerating C++ introspection for ROS interfaces[0m
[4.536s] [  7%] [32mBuilding C object CMakeFiles/trajectory_msgs__rosidl_generator_c.dir/rosidl_generator_c/trajectory_msgs/msg/detail/joint_trajectory_point__functions.c.o[0m
[4.538s] [  9%] [34m[1mGenerating C++ type support for eProsima Fast-RTPS[0m
[4.539s] [ 10%] [34m[1mGenerating C++ type support dispatch for ROS interfaces[0m
[4.542s] [ 12%] [32mBuilding C object CMakeFiles/trajectory_msgs__rosidl_generator_c.dir/rosidl_generator_c/trajectory_msgs/msg/detail/joint_trajectory__functions.c.o[0m
[4.560s] [ 14%] [32mBuilding C object CMakeFiles/trajectory_msgs__rosidl_generator_c.dir/rosidl_generator_c/trajectory_msgs/msg/detail/multi_dof_joint_trajectory__functions.c.o[0m
[4.566s] [ 16%] [32mBuilding C object CMakeFiles/trajectory_msgs__rosidl_generator_c.dir/rosidl_generator_c/trajectory_msgs/msg/detail/multi_dof_joint_trajectory_point__functions.c.o[0m
[4.680s] [ 18%] [32m[1mLinking C shared library libtrajectory_msgs__rosidl_generator_c.so[0m
[5.195s] [ 20%] [32mBuilding CXX object CMakeFiles/trajectory_msgs__rosidl_typesupport_cpp.dir/rosidl_typesupport_cpp/trajectory_msgs/msg/joint_trajectory__type_support.cpp.o[0m
[5.202s] [ 21%] [32mBuilding CXX object CMakeFiles/trajectory_msgs__rosidl_typesupport_cpp.dir/rosidl_typesupport_cpp/trajectory_msgs/msg/multi_dof_joint_trajectory_point__type_support.cpp.o[0m
[5.217s] [ 23%] [32mBuilding CXX object CMakeFiles/trajectory_msgs__rosidl_typesupport_cpp.dir/rosidl_typesupport_cpp/trajectory_msgs/msg/joint_trajectory_point__type_support.cpp.o[0m
[5.226s] [ 25%] [32mBuilding CXX object CMakeFiles/trajectory_msgs__rosidl_typesupport_cpp.dir/rosidl_typesupport_cpp/trajectory_msgs/msg/multi_dof_joint_trajectory__type_support.cpp.o[0m
[5.279s] [ 27%] [32mBuilding CXX object CMakeFiles/trajectory_msgs__rosidl_typesupport_introspection_cpp.dir/rosidl_typesupport_introspection_cpp/trajectory_msgs/msg/detail/joint_trajectory__type_support.cpp.o[0m
[5.287s] [ 29%] [32mBuilding CXX object CMakeFiles/trajectory_msgs__rosidl_typesupport_introspection_cpp.dir/rosidl_typesupport_introspection_cpp/trajectory_msgs/msg/detail/joint_trajectory_point__type_support.cpp.o[0m
[5.288s] [ 30%] [32mBuilding CXX object CMakeFiles/trajectory_msgs__rosidl_typesupport_introspection_cpp.dir/rosidl_typesupport_introspection_cpp/trajectory_msgs/msg/detail/multi_dof_joint_trajectory_point__type_support.cpp.o[0m
[5.293s] [ 32%] [32mBuilding CXX object CMakeFiles/trajectory_msgs__rosidl_typesupport_introspection_cpp.dir/rosidl_typesupport_introspection_cpp/trajectory_msgs/msg/detail/multi_dof_joint_trajectory__type_support.cpp.o[0m
[5.494s] [ 34%] [32mBuilding CXX object CMakeFiles/trajectory_msgs__rosidl_typesupport_fastrtps_cpp.dir/rosidl_typesupport_fastrtps_cpp/trajectory_msgs/msg/detail/dds_fastrtps/joint_trajectory__type_support.cpp.o[0m
[5.498s] [ 34%] Built target trajectory_msgs__rosidl_generator_c
[5.502s] [ 36%] [32mBuilding CXX object CMakeFiles/trajectory_msgs__rosidl_typesupport_fastrtps_cpp.dir/rosidl_typesupport_fastrtps_cpp/trajectory_msgs/msg/detail/dds_fastrtps/joint_trajectory_point__type_support.cpp.o[0m
[5.515s] [ 38%] [32mBuilding CXX object CMakeFiles/trajectory_msgs__rosidl_typesupport_fastrtps_cpp.dir/rosidl_typesupport_fastrtps_cpp/trajectory_msgs/msg/detail/dds_fastrtps/multi_dof_joint_trajectory_point__type_support.cpp.o[0m
[5.521s] [ 40%] [32mBuilding CXX object CMakeFiles/trajectory_msgs__rosidl_typesupport_fastrtps_cpp.dir/rosidl_typesupport_fastrtps_cpp/trajectory_msgs/msg/detail/dds_fastrtps/multi_dof_joint_trajectory__type_support.cpp.o[0m
[5.535s] [ 41%] [34m[1mGenerating C type support dispatch for ROS interfaces[0m
[5.537s] [ 43%] [34m[1mGenerating C introspection for ROS interfaces[0m
[5.552s] [ 45%] [34m[1mGenerating C type support for eProsima Fast-RTPS[0m
[6.239s] [ 47%] [32m[1mLinking CXX shared library libtrajectory_msgs__rosidl_typesupport_cpp.so[0m
[7.264s] [ 49%] [32mBuilding CXX object CMakeFiles/trajectory_msgs__rosidl_typesupport_c.dir/rosidl_typesupport_c/trajectory_msgs/msg/joint_trajectory__type_support.cpp.o[0m
[7.286s] [ 49%] Built target trajectory_msgs__rosidl_typesupport_cpp
[7.304s] [ 50%] [32mBuilding CXX object CMakeFiles/trajectory_msgs__rosidl_typesupport_c.dir/rosidl_typesupport_c/trajectory_msgs/msg/multi_dof_joint_trajectory_point__type_support.cpp.o[0m
[7.310s] [ 52%] [32m[1mLinking CXX shared library libtrajectory_msgs__rosidl_typesupport_introspection_cpp.so[0m
[7.330s] [ 54%] [32m[1mLinking CXX shared library libtrajectory_msgs__rosidl_typesupport_fastrtps_cpp.so[0m
[7.371s] [ 56%] [32mBuilding CXX object CMakeFiles/trajectory_msgs__rosidl_typesupport_c.dir/rosidl_typesupport_c/trajectory_msgs/msg/multi_dof_joint_trajectory__type_support.cpp.o[0m
[7.391s] [ 58%] [32mBuilding C object CMakeFiles/trajectory_msgs__rosidl_typesupport_introspection_c.dir/rosidl_typesupport_introspection_c/trajectory_msgs/msg/detail/joint_trajectory__type_support.c.o[0m
[7.414s] [ 60%] [32mBuilding CXX object CMakeFiles/trajectory_msgs__rosidl_typesupport_fastrtps_c.dir/rosidl_typesupport_fastrtps_c/trajectory_msgs/msg/detail/joint_trajectory__type_support_c.cpp.o[0m
[7.433s] [ 61%] [32mBuilding CXX object CMakeFiles/trajectory_msgs__rosidl_typesupport_c.dir/rosidl_typesupport_c/trajectory_msgs/msg/joint_trajectory_point__type_support.cpp.o[0m
[7.460s] [ 63%] [32mBuilding C object CMakeFiles/trajectory_msgs__rosidl_typesupport_introspection_c.dir/rosidl_typesupport_introspection_c/trajectory_msgs/msg/detail/multi_dof_joint_trajectory_point__type_support.c.o[0m
[7.474s] [ 65%] [32m[1mLinking CXX shared library libtrajectory_msgs__rosidl_typesupport_c.so[0m
[7.517s] [ 67%] [32mBuilding C object CMakeFiles/trajectory_msgs__rosidl_typesupport_introspection_c.dir/rosidl_typesupport_introspection_c/trajectory_msgs/msg/detail/multi_dof_joint_trajectory__type_support.c.o[0m
[7.562s] [ 69%] [32mBuilding C object CMakeFiles/trajectory_msgs__rosidl_typesupport_introspection_c.dir/rosidl_typesupport_introspection_c/trajectory_msgs/msg/detail/joint_trajectory_point__type_support.c.o[0m
[7.622s] [ 70%] [32m[1mLinking C shared library libtrajectory_msgs__rosidl_typesupport_introspection_c.so[0m
[7.648s] [ 70%] Built target trajectory_msgs__rosidl_typesupport_introspection_cpp
[7.690s] [ 70%] Built target trajectory_msgs__rosidl_typesupport_fastrtps_cpp
[7.711s] [ 70%] Built target trajectory_msgs__rosidl_typesupport_c
[7.814s] [ 70%] Built target trajectory_msgs__rosidl_typesupport_introspection_c
[7.850s] [ 72%] [32mBuilding CXX object CMakeFiles/trajectory_msgs__rosidl_typesupport_fastrtps_c.dir/rosidl_typesupport_fastrtps_c/trajectory_msgs/msg/detail/multi_dof_joint_trajectory_point__type_support_c.cpp.o[0m
[8.232s] [ 74%] [32mBuilding CXX object CMakeFiles/trajectory_msgs__rosidl_typesupport_fastrtps_c.dir/rosidl_typesupport_fastrtps_c/trajectory_msgs/msg/detail/multi_dof_joint_trajectory__type_support_c.cpp.o[0m
[8.583s] [ 76%] [32mBuilding CXX object CMakeFiles/trajectory_msgs__rosidl_typesupport_fastrtps_c.dir/rosidl_typesupport_fastrtps_c/trajectory_msgs/msg/detail/joint_trajectory_point__type_support_c.cpp.o[0m
[8.946s] [ 78%] [32m[1mLinking CXX shared library libtrajectory_msgs__rosidl_typesupport_fastrtps_c.so[0m
[9.162s] [ 78%] Built target trajectory_msgs__rosidl_typesupport_fastrtps_c
[9.191s] [ 78%] Built target trajectory_msgs
[9.222s] [ 80%] [34m[1mGenerating Python code for ROS interfaces[0m
[10.260s] [ 80%] Built target trajectory_msgs__py
[10.283s] [ 81%] [32mBuilding C object CMakeFiles/trajectory_msgs__rosidl_generator_py.dir/rosidl_generator_py/trajectory_msgs/msg/_joint_trajectory_s.c.o[0m
[10.404s] [ 83%] [32mBuilding C object CMakeFiles/trajectory_msgs__rosidl_generator_py.dir/rosidl_generator_py/trajectory_msgs/msg/_multi_dof_joint_trajectory_point_s.c.o[0m
[10.529s] [ 85%] [32mBuilding C object CMakeFiles/trajectory_msgs__rosidl_generator_py.dir/rosidl_generator_py/trajectory_msgs/msg/_multi_dof_joint_trajectory_s.c.o[0m
[10.643s] [ 87%] [32mBuilding C object CMakeFiles/trajectory_msgs__rosidl_generator_py.dir/rosidl_generator_py/trajectory_msgs/msg/_joint_trajectory_point_s.c.o[0m
[10.750s] [ 89%] [32m[1mLinking C shared library rosidl_generator_py/trajectory_msgs/libtrajectory_msgs__rosidl_generator_py.so[0m
[10.895s] [ 89%] Built target trajectory_msgs__rosidl_generator_py
[10.919s] [ 90%] [32mBuilding C object CMakeFiles/trajectory_msgs__rosidl_typesupport_fastrtps_c__pyext.dir/rosidl_generator_py/trajectory_msgs/_trajectory_msgs_s.ep.rosidl_typesupport_fastrtps_c.c.o[0m
[11.034s] [ 92%] [32m[1mLinking C shared library rosidl_generator_py/trajectory_msgs/trajectory_msgs_s__rosidl_typesupport_fastrtps_c.cpython-310-x86_64-linux-gnu.so[0m
[11.195s] [ 92%] Built target trajectory_msgs__rosidl_typesupport_fastrtps_c__pyext
[11.219s] [ 94%] [32mBuilding C object CMakeFiles/trajectory_msgs__rosidl_typesupport_c__pyext.dir/rosidl_generator_py/trajectory_msgs/_trajectory_msgs_s.ep.rosidl_typesupport_c.c.o[0m
[11.324s] [ 96%] [32m[1mLinking C shared library rosidl_generator_py/trajectory_msgs/trajectory_msgs_s__rosidl_typesupport_c.cpython-310-x86_64-linux-gnu.so[0m
[11.443s] [ 96%] Built target trajectory_msgs__rosidl_typesupport_c__pyext
[11.467s] [ 98%] [32mBuilding C object CMakeFiles/trajectory_msgs__rosidl_typesupport_introspection_c__pyext.dir/rosidl_generator_py/trajectory_msgs/_trajectory_msgs_s.ep.rosidl_typesupport_introspection_c.c.o[0m
[11.568s] [100%] [32m[1mLinking C shared library rosidl_generator_py/trajectory_msgs/trajectory_msgs_s__rosidl_typesupport_introspection_c.cpython-310-x86_64-linux-gnu.so[0m
[11.690s] [100%] Built target trajectory_msgs__rosidl_typesupport_introspection_c__pyext
[11.705s] Invoked command in '/root/ros_ws/src/Rescue_Car_ws/build/trajectory_msgs' returned '0': AMENT_PREFIX_PATH=/root/ros_ws/src/Rescue_Car_ws/install/geometry_msgs:/root/ros_ws/src/Rescue_Car_ws/install/std_msgs:/root/ros_ws/src/Rescue_Car_ws/install/builtin_interfaces:${AMENT_PREFIX_PATH} CMAKE_PREFIX_PATH=/root/ros_ws/src/Rescue_Car_ws/install/geometry_msgs:/root/ros_ws/src/Rescue_Car_ws/install/std_msgs:/root/ros_ws/src/Rescue_Car_ws/install/builtin_interfaces:/opt/ros/humble LD_LIBRARY_PATH=/root/ros_ws/src/Rescue_Car_ws/install/geometry_msgs/lib:/root/ros_ws/src/Rescue_Car_ws/install/std_msgs/lib:/root/ros_ws/src/Rescue_Car_ws/install/builtin_interfaces/lib:${LD_LIBRARY_PATH} PYTHONPATH=/root/ros_ws/src/Rescue_Car_ws/install/geometry_msgs/local/lib/python3.10/dist-packages:/root/ros_ws/src/Rescue_Car_ws/install/std_msgs/local/lib/python3.10/dist-packages:/root/ros_ws/src/Rescue_Car_ws/install/builtin_interfaces/local/lib/python3.10/dist-packages:${PYTHONPATH} /usr/bin/cmake --build /root/ros_ws/src/Rescue_Car_ws/build/trajectory_msgs -- -j20 -l20
[11.706s] Invoking command in '/root/ros_ws/src/Rescue_Car_ws/build/trajectory_msgs': AMENT_PREFIX_PATH=/root/ros_ws/src/Rescue_Car_ws/install/geometry_msgs:/root/ros_ws/src/Rescue_Car_ws/install/std_msgs:/root/ros_ws/src/Rescue_Car_ws/install/builtin_interfaces:${AMENT_PREFIX_PATH} CMAKE_PREFIX_PATH=/root/ros_ws/src/Rescue_Car_ws/install/geometry_msgs:/root/ros_ws/src/Rescue_Car_ws/install/std_msgs:/root/ros_ws/src/Rescue_Car_ws/install/builtin_interfaces:/opt/ros/humble LD_LIBRARY_PATH=/root/ros_ws/src/Rescue_Car_ws/install/geometry_msgs/lib:/root/ros_ws/src/Rescue_Car_ws/install/std_msgs/lib:/root/ros_ws/src/Rescue_Car_ws/install/builtin_interfaces/lib:${LD_LIBRARY_PATH} PYTHONPATH=/root/ros_ws/src/Rescue_Car_ws/install/geometry_msgs/local/lib/python3.10/dist-packages:/root/ros_ws/src/Rescue_Car_ws/install/std_msgs/local/lib/python3.10/dist-packages:/root/ros_ws/src/Rescue_Car_ws/install/builtin_interfaces/local/lib/python3.10/dist-packages:${PYTHONPATH} /usr/bin/cmake --install /root/ros_ws/src/Rescue_Car_ws/build/trajectory_msgs
[11.715s] -- Install configuration: ""
[11.716s] -- Installing: /root/ros_ws/src/Rescue_Car_ws/install/trajectory_msgs/share/ament_index/resource_index/rosidl_interfaces/trajectory_msgs
[11.716s] -- Installing: /root/ros_ws/src/Rescue_Car_ws/install/trajectory_msgs/include/trajectory_msgs/trajectory_msgs
[11.716s] -- Installing: /root/ros_ws/src/Rescue_Car_ws/install/trajectory_msgs/include/trajectory_msgs/trajectory_msgs/msg
[11.716s] -- Installing: /root/ros_ws/src/Rescue_Car_ws/install/trajectory_msgs/include/trajectory_msgs/trajectory_msgs/msg/joint_trajectory_point.h
[11.716s] -- Installing: /root/ros_ws/src/Rescue_Car_ws/install/trajectory_msgs/include/trajectory_msgs/trajectory_msgs/msg/multi_dof_joint_trajectory.h
[11.717s] -- Installing: /root/ros_ws/src/Rescue_Car_ws/install/trajectory_msgs/include/trajectory_msgs/trajectory_msgs/msg/joint_trajectory.h
[11.717s] -- Installing: /root/ros_ws/src/Rescue_Car_ws/install/trajectory_msgs/include/trajectory_msgs/trajectory_msgs/msg/detail
[11.717s] -- Installing: /root/ros_ws/src/Rescue_Car_ws/install/trajectory_msgs/include/trajectory_msgs/trajectory_msgs/msg/detail/multi_dof_joint_trajectory_point__type_support.h
[11.718s] -- Installing: /root/ros_ws/src/Rescue_Car_ws/install/trajectory_msgs/include/trajectory_msgs/trajectory_msgs/msg/detail/joint_trajectory__functions.c
[11.718s] -- Installing: /root/ros_ws/src/Rescue_Car_ws/install/trajectory_msgs/include/trajectory_msgs/trajectory_msgs/msg/detail/joint_trajectory_point__struct.h
[11.718s] -- Installing: /root/ros_ws/src/Rescue_Car_ws/install/trajectory_msgs/include/trajectory_msgs/trajectory_msgs/msg/detail/joint_trajectory__type_support.h
[11.718s] -- Installing: /root/ros_ws/src/Rescue_Car_ws/install/trajectory_msgs/include/trajectory_msgs/trajectory_msgs/msg/detail/joint_trajectory_point__type_support.h
[11.719s] -- Installing: /root/ros_ws/src/Rescue_Car_ws/install/trajectory_msgs/include/trajectory_msgs/trajectory_msgs/msg/detail/joint_trajectory__struct.h
[11.719s] -- Installing: /root/ros_ws/src/Rescue_Car_ws/install/trajectory_msgs/include/trajectory_msgs/trajectory_msgs/msg/detail/multi_dof_joint_trajectory_point__functions.h
[11.719s] -- Installing: /root/ros_ws/src/Rescue_Car_ws/install/trajectory_msgs/include/trajectory_msgs/trajectory_msgs/msg/detail/multi_dof_joint_trajectory__functions.h
[11.720s] -- Installing: /root/ros_ws/src/Rescue_Car_ws/install/trajectory_msgs/include/trajectory_msgs/trajectory_msgs/msg/detail/multi_dof_joint_trajectory__struct.h
[11.720s] -- Installing: /root/ros_ws/src/Rescue_Car_ws/install/trajectory_msgs/include/trajectory_msgs/trajectory_msgs/msg/detail/joint_trajectory__functions.h
[11.721s] -- Installing: /root/ros_ws/src/Rescue_Car_ws/install/trajectory_msgs/include/trajectory_msgs/trajectory_msgs/msg/detail/multi_dof_joint_trajectory__functions.c
[11.721s] -- Installing: /root/ros_ws/src/Rescue_Car_ws/install/trajectory_msgs/include/trajectory_msgs/trajectory_msgs/msg/detail/joint_trajectory_point__functions.h
[11.721s] -- Installing: /root/ros_ws/src/Rescue_Car_ws/install/trajectory_msgs/include/trajectory_msgs/trajectory_msgs/msg/detail/joint_trajectory_point__functions.c
[11.722s] -- Installing: /root/ros_ws/src/Rescue_Car_ws/install/trajectory_msgs/include/trajectory_msgs/trajectory_msgs/msg/detail/multi_dof_joint_trajectory_point__struct.h
[11.722s] -- Installing: /root/ros_ws/src/Rescue_Car_ws/install/trajectory_msgs/include/trajectory_msgs/trajectory_msgs/msg/detail/multi_dof_joint_trajectory__type_support.h
[11.722s] -- Installing: /root/ros_ws/src/Rescue_Car_ws/install/trajectory_msgs/include/trajectory_msgs/trajectory_msgs/msg/detail/multi_dof_joint_trajectory_point__functions.c
[11.723s] -- Installing: /root/ros_ws/src/Rescue_Car_ws/install/trajectory_msgs/include/trajectory_msgs/trajectory_msgs/msg/rosidl_generator_c__visibility_control.h
[11.723s] -- Installing: /root/ros_ws/src/Rescue_Car_ws/install/trajectory_msgs/include/trajectory_msgs/trajectory_msgs/msg/multi_dof_joint_trajectory_point.h
[11.723s] -- Installing: /root/ros_ws/src/Rescue_Car_ws/install/trajectory_msgs/share/trajectory_msgs/environment/library_path.sh
[11.723s] -- Installing: /root/ros_ws/src/Rescue_Car_ws/install/trajectory_msgs/share/trajectory_msgs/environment/library_path.dsv
[11.724s] -- Installing: /root/ros_ws/src/Rescue_Car_ws/install/trajectory_msgs/lib/libtrajectory_msgs__rosidl_generator_c.so
[11.724s] -- Set runtime path of "/root/ros_ws/src/Rescue_Car_ws/install/trajectory_msgs/lib/libtrajectory_msgs__rosidl_generator_c.so" to ""
[11.724s] -- Up-to-date: /root/ros_ws/src/Rescue_Car_ws/install/trajectory_msgs/include/trajectory_msgs/trajectory_msgs
[11.724s] -- Up-to-date: /root/ros_ws/src/Rescue_Car_ws/install/trajectory_msgs/include/trajectory_msgs/trajectory_msgs/msg
[11.724s] -- Up-to-date: /root/ros_ws/src/Rescue_Car_ws/install/trajectory_msgs/include/trajectory_msgs/trajectory_msgs/msg/detail
[11.725s] -- Installing: /root/ros_ws/src/Rescue_Car_ws/install/trajectory_msgs/include/trajectory_msgs/trajectory_msgs/msg/detail/multi_dof_joint_trajectory_point__rosidl_typesupport_fastrtps_c.h
[11.725s] -- Installing: /root/ros_ws/src/Rescue_Car_ws/install/trajectory_msgs/include/trajectory_msgs/trajectory_msgs/msg/detail/joint_trajectory__rosidl_typesupport_fastrtps_c.h
[11.725s] -- Installing: /root/ros_ws/src/Rescue_Car_ws/install/trajectory_msgs/include/trajectory_msgs/trajectory_msgs/msg/detail/multi_dof_joint_trajectory__rosidl_typesupport_fastrtps_c.h
[11.725s] -- Installing: /root/ros_ws/src/Rescue_Car_ws/install/trajectory_msgs/include/trajectory_msgs/trajectory_msgs/msg/detail/joint_trajectory_point__rosidl_typesupport_fastrtps_c.h
[11.725s] -- Installing: /root/ros_ws/src/Rescue_Car_ws/install/trajectory_msgs/include/trajectory_msgs/trajectory_msgs/msg/rosidl_typesupport_fastrtps_c__visibility_control.h
[11.725s] -- Installing: /root/ros_ws/src/Rescue_Car_ws/install/trajectory_msgs/lib/libtrajectory_msgs__rosidl_typesupport_fastrtps_c.so
[11.725s] -- Set runtime path of "/root/ros_ws/src/Rescue_Car_ws/install/trajectory_msgs/lib/libtrajectory_msgs__rosidl_typesupport_fastrtps_c.so" to ""
[11.725s] -- Up-to-date: /root/ros_ws/src/Rescue_Car_ws/install/trajectory_msgs/include/trajectory_msgs/trajectory_msgs
[11.726s] -- Up-to-date: /root/ros_ws/src/Rescue_Car_ws/install/trajectory_msgs/include/trajectory_msgs/trajectory_msgs/msg
[11.726s] -- Installing: /root/ros_ws/src/Rescue_Car_ws/install/trajectory_msgs/include/trajectory_msgs/trajectory_msgs/msg/multi_dof_joint_trajectory.hpp
[11.726s] -- Installing: /root/ros_ws/src/Rescue_Car_ws/install/trajectory_msgs/include/trajectory_msgs/trajectory_msgs/msg/rosidl_generator_cpp__visibility_control.hpp
[11.726s] -- Installing: /root/ros_ws/src/Rescue_Car_ws/install/trajectory_msgs/include/trajectory_msgs/trajectory_msgs/msg/joint_trajectory_point.hpp
[11.726s] -- Installing: /root/ros_ws/src/Rescue_Car_ws/install/trajectory_msgs/include/trajectory_msgs/trajectory_msgs/msg/multi_dof_joint_trajectory_point.hpp
[11.726s] -- Up-to-date: /root/ros_ws/src/Rescue_Car_ws/install/trajectory_msgs/include/trajectory_msgs/trajectory_msgs/msg/detail
[11.726s] -- Installing: /root/ros_ws/src/Rescue_Car_ws/install/trajectory_msgs/include/trajectory_msgs/trajectory_msgs/msg/detail/multi_dof_joint_trajectory_point__struct.hpp
[11.726s] -- Installing: /root/ros_ws/src/Rescue_Car_ws/install/trajectory_msgs/include/trajectory_msgs/trajectory_msgs/msg/detail/multi_dof_joint_trajectory_point__builder.hpp
[11.726s] -- Installing: /root/ros_ws/src/Rescue_Car_ws/install/trajectory_msgs/include/trajectory_msgs/trajectory_msgs/msg/detail/joint_trajectory_point__type_support.hpp
[11.726s] -- Installing: /root/ros_ws/src/Rescue_Car_ws/install/trajectory_msgs/include/trajectory_msgs/trajectory_msgs/msg/detail/joint_trajectory_point__builder.hpp
[11.726s] -- Installing: /root/ros_ws/src/Rescue_Car_ws/install/trajectory_msgs/include/trajectory_msgs/trajectory_msgs/msg/detail/multi_dof_joint_trajectory__type_support.hpp
[11.726s] -- Installing: /root/ros_ws/src/Rescue_Car_ws/install/trajectory_msgs/include/trajectory_msgs/trajectory_msgs/msg/detail/joint_trajectory_point__struct.hpp
[11.727s] -- Installing: /root/ros_ws/src/Rescue_Car_ws/install/trajectory_msgs/include/trajectory_msgs/trajectory_msgs/msg/detail/multi_dof_joint_trajectory__builder.hpp
[11.727s] -- Installing: /root/ros_ws/src/Rescue_Car_ws/install/trajectory_msgs/include/trajectory_msgs/trajectory_msgs/msg/detail/joint_trajectory__traits.hpp
[11.727s] -- Installing: /root/ros_ws/src/Rescue_Car_ws/install/trajectory_msgs/include/trajectory_msgs/trajectory_msgs/msg/detail/multi_dof_joint_trajectory__traits.hpp
[11.727s] -- Installing: /root/ros_ws/src/Rescue_Car_ws/install/trajectory_msgs/include/trajectory_msgs/trajectory_msgs/msg/detail/joint_trajectory_point__traits.hpp
[11.727s] -- Installing: /root/ros_ws/src/Rescue_Car_ws/install/trajectory_msgs/include/trajectory_msgs/trajectory_msgs/msg/detail/multi_dof_joint_trajectory__struct.hpp
[11.727s] -- Installing: /root/ros_ws/src/Rescue_Car_ws/install/trajectory_msgs/include/trajectory_msgs/trajectory_msgs/msg/detail/joint_trajectory__type_support.hpp
[11.727s] -- Installing: /root/ros_ws/src/Rescue_Car_ws/install/trajectory_msgs/include/trajectory_msgs/trajectory_msgs/msg/detail/multi_dof_joint_trajectory_point__type_support.hpp
[11.727s] -- Installing: /root/ros_ws/src/Rescue_Car_ws/install/trajectory_msgs/include/trajectory_msgs/trajectory_msgs/msg/detail/joint_trajectory__struct.hpp
[11.727s] -- Installing: /root/ros_ws/src/Rescue_Car_ws/install/trajectory_msgs/include/trajectory_msgs/trajectory_msgs/msg/detail/joint_trajectory__builder.hpp
[11.727s] -- Installing: /root/ros_ws/src/Rescue_Car_ws/install/trajectory_msgs/include/trajectory_msgs/trajectory_msgs/msg/detail/multi_dof_joint_trajectory_point__traits.hpp
[11.727s] -- Installing: /root/ros_ws/src/Rescue_Car_ws/install/trajectory_msgs/include/trajectory_msgs/trajectory_msgs/msg/joint_trajectory.hpp
[11.727s] -- Up-to-date: /root/ros_ws/src/Rescue_Car_ws/install/trajectory_msgs/include/trajectory_msgs/trajectory_msgs
[11.727s] -- Up-to-date: /root/ros_ws/src/Rescue_Car_ws/install/trajectory_msgs/include/trajectory_msgs/trajectory_msgs/msg
[11.727s] -- Installing: /root/ros_ws/src/Rescue_Car_ws/install/trajectory_msgs/include/trajectory_msgs/trajectory_msgs/msg/rosidl_typesupport_fastrtps_cpp__visibility_control.h
[11.728s] -- Up-to-date: /root/ros_ws/src/Rescue_Car_ws/install/trajectory_msgs/include/trajectory_msgs/trajectory_msgs/msg/detail
[11.728s] -- Installing: /root/ros_ws/src/Rescue_Car_ws/install/trajectory_msgs/include/trajectory_msgs/trajectory_msgs/msg/detail/dds_fastrtps
[11.728s] -- Installing: /root/ros_ws/src/Rescue_Car_ws/install/trajectory_msgs/include/trajectory_msgs/trajectory_msgs/msg/detail/joint_trajectory__rosidl_typesupport_fastrtps_cpp.hpp
[11.728s] -- Installing: /root/ros_ws/src/Rescue_Car_ws/install/trajectory_msgs/include/trajectory_msgs/trajectory_msgs/msg/detail/multi_dof_joint_trajectory_point__rosidl_typesupport_fastrtps_cpp.hpp
[11.728s] -- Installing: /root/ros_ws/src/Rescue_Car_ws/install/trajectory_msgs/include/trajectory_msgs/trajectory_msgs/msg/detail/joint_trajectory_point__rosidl_typesupport_fastrtps_cpp.hpp
[11.728s] -- Installing: /root/ros_ws/src/Rescue_Car_ws/install/trajectory_msgs/include/trajectory_msgs/trajectory_msgs/msg/detail/multi_dof_joint_trajectory__rosidl_typesupport_fastrtps_cpp.hpp
[11.728s] -- Installing: /root/ros_ws/src/Rescue_Car_ws/install/trajectory_msgs/lib/libtrajectory_msgs__rosidl_typesupport_fastrtps_cpp.so
[11.728s] -- Set runtime path of "/root/ros_ws/src/Rescue_Car_ws/install/trajectory_msgs/lib/libtrajectory_msgs__rosidl_typesupport_fastrtps_cpp.so" to ""
[11.729s] -- Up-to-date: /root/ros_ws/src/Rescue_Car_ws/install/trajectory_msgs/include/trajectory_msgs/trajectory_msgs
[11.729s] -- Up-to-date: /root/ros_ws/src/Rescue_Car_ws/install/trajectory_msgs/include/trajectory_msgs/trajectory_msgs/msg
[11.729s] -- Installing: /root/ros_ws/src/Rescue_Car_ws/install/trajectory_msgs/include/trajectory_msgs/trajectory_msgs/msg/rosidl_typesupport_introspection_c__visibility_control.h
[11.729s] -- Up-to-date: /root/ros_ws/src/Rescue_Car_ws/install/trajectory_msgs/include/trajectory_msgs/trajectory_msgs/msg/detail
[11.729s] -- Installing: /root/ros_ws/src/Rescue_Car_ws/install/trajectory_msgs/include/trajectory_msgs/trajectory_msgs/msg/detail/multi_dof_joint_trajectory_point__type_support.c
[11.729s] -- Installing: /root/ros_ws/src/Rescue_Car_ws/install/trajectory_msgs/include/trajectory_msgs/trajectory_msgs/msg/detail/multi_dof_joint_trajectory__type_support.c
[11.730s] -- Installing: /root/ros_ws/src/Rescue_Car_ws/install/trajectory_msgs/include/trajectory_msgs/trajectory_msgs/msg/detail/joint_trajectory_point__rosidl_typesupport_introspection_c.h
[11.730s] -- Installing: /root/ros_ws/src/Rescue_Car_ws/install/trajectory_msgs/include/trajectory_msgs/trajectory_msgs/msg/detail/joint_trajectory__rosidl_typesupport_introspection_c.h
[11.730s] -- Installing: /root/ros_ws/src/Rescue_Car_ws/install/trajectory_msgs/include/trajectory_msgs/trajectory_msgs/msg/detail/joint_trajectory_point__type_support.c
[11.730s] -- Installing: /root/ros_ws/src/Rescue_Car_ws/install/trajectory_msgs/include/trajectory_msgs/trajectory_msgs/msg/detail/multi_dof_joint_trajectory__rosidl_typesupport_introspection_c.h
[11.730s] -- Installing: /root/ros_ws/src/Rescue_Car_ws/install/trajectory_msgs/include/trajectory_msgs/trajectory_msgs/msg/detail/joint_trajectory__type_support.c
[11.730s] -- Installing: /root/ros_ws/src/Rescue_Car_ws/install/trajectory_msgs/include/trajectory_msgs/trajectory_msgs/msg/detail/multi_dof_joint_trajectory_point__rosidl_typesupport_introspection_c.h
[11.730s] -- Installing: /root/ros_ws/src/Rescue_Car_ws/install/trajectory_msgs/lib/libtrajectory_msgs__rosidl_typesupport_introspection_c.so
[11.730s] -- Set runtime path of "/root/ros_ws/src/Rescue_Car_ws/install/trajectory_msgs/lib/libtrajectory_msgs__rosidl_typesupport_introspection_c.so" to ""
[11.730s] -- Installing: /root/ros_ws/src/Rescue_Car_ws/install/trajectory_msgs/lib/libtrajectory_msgs__rosidl_typesupport_c.so
[11.730s] -- Set runtime path of "/root/ros_ws/src/Rescue_Car_ws/install/trajectory_msgs/lib/libtrajectory_msgs__rosidl_typesupport_c.so" to ""
[11.730s] -- Up-to-date: /root/ros_ws/src/Rescue_Car_ws/install/trajectory_msgs/include/trajectory_msgs/trajectory_msgs
[11.730s] -- Up-to-date: /root/ros_ws/src/Rescue_Car_ws/install/trajectory_msgs/include/trajectory_msgs/trajectory_msgs/msg
[11.730s] -- Up-to-date: /root/ros_ws/src/Rescue_Car_ws/install/trajectory_msgs/include/trajectory_msgs/trajectory_msgs/msg/detail
[11.731s] -- Installing: /root/ros_ws/src/Rescue_Car_ws/install/trajectory_msgs/include/trajectory_msgs/trajectory_msgs/msg/detail/joint_trajectory__rosidl_typesupport_introspection_cpp.hpp
[11.731s] -- Installing: /root/ros_ws/src/Rescue_Car_ws/install/trajectory_msgs/include/trajectory_msgs/trajectory_msgs/msg/detail/multi_dof_joint_trajectory_point__rosidl_typesupport_introspection_cpp.hpp
[11.731s] -- Installing: /root/ros_ws/src/Rescue_Car_ws/install/trajectory_msgs/include/trajectory_msgs/trajectory_msgs/msg/detail/joint_trajectory__type_support.cpp
[11.731s] -- Installing: /root/ros_ws/src/Rescue_Car_ws/install/trajectory_msgs/include/trajectory_msgs/trajectory_msgs/msg/detail/multi_dof_joint_trajectory__rosidl_typesupport_introspection_cpp.hpp
[11.731s] -- Installing: /root/ros_ws/src/Rescue_Car_ws/install/trajectory_msgs/include/trajectory_msgs/trajectory_msgs/msg/detail/joint_trajectory_point__rosidl_typesupport_introspection_cpp.hpp
[11.731s] -- Installing: /root/ros_ws/src/Rescue_Car_ws/install/trajectory_msgs/include/trajectory_msgs/trajectory_msgs/msg/detail/multi_dof_joint_trajectory__type_support.cpp
[11.731s] -- Installing: /root/ros_ws/src/Rescue_Car_ws/install/trajectory_msgs/include/trajectory_msgs/trajectory_msgs/msg/detail/joint_trajectory_point__type_support.cpp
[11.731s] -- Installing: /root/ros_ws/src/Rescue_Car_ws/install/trajectory_msgs/include/trajectory_msgs/trajectory_msgs/msg/detail/multi_dof_joint_trajectory_point__type_support.cpp
[11.731s] -- Installing: /root/ros_ws/src/Rescue_Car_ws/install/trajectory_msgs/lib/libtrajectory_msgs__rosidl_typesupport_introspection_cpp.so
[11.731s] -- Set runtime path of "/root/ros_ws/src/Rescue_Car_ws/install/trajectory_msgs/lib/libtrajectory_msgs__rosidl_typesupport_introspection_cpp.so" to ""
[11.731s] -- Installing: /root/ros_ws/src/Rescue_Car_ws/install/trajectory_msgs/lib/libtrajectory_msgs__rosidl_typesupport_cpp.so
[11.731s] -- Set runtime path of "/root/ros_ws/src/Rescue_Car_ws/install/trajectory_msgs/lib/libtrajectory_msgs__rosidl_typesupport_cpp.so" to ""
[11.731s] -- Installing: /root/ros_ws/src/Rescue_Car_ws/install/trajectory_msgs/share/trajectory_msgs/environment/pythonpath.sh
[11.731s] -- Installing: /root/ros_ws/src/Rescue_Car_ws/install/trajectory_msgs/share/trajectory_msgs/environment/pythonpath.dsv
[11.731s] -- Installing: /root/ros_ws/src/Rescue_Car_ws/install/trajectory_msgs/local/lib/python3.10/dist-packages/trajectory_msgs-4.9.0-py3.10.egg-info
[11.732s] -- Installing: /root/ros_ws/src/Rescue_Car_ws/install/trajectory_msgs/local/lib/python3.10/dist-packages/trajectory_msgs-4.9.0-py3.10.egg-info/dependency_links.txt
[11.732s] -- Installing: /root/ros_ws/src/Rescue_Car_ws/install/trajectory_msgs/local/lib/python3.10/dist-packages/trajectory_msgs-4.9.0-py3.10.egg-info/SOURCES.txt
[11.732s] -- Installing: /root/ros_ws/src/Rescue_Car_ws/install/trajectory_msgs/local/lib/python3.10/dist-packages/trajectory_msgs-4.9.0-py3.10.egg-info/PKG-INFO
[11.732s] -- Installing: /root/ros_ws/src/Rescue_Car_ws/install/trajectory_msgs/local/lib/python3.10/dist-packages/trajectory_msgs-4.9.0-py3.10.egg-info/top_level.txt
[11.732s] -- Installing: /root/ros_ws/src/Rescue_Car_ws/install/trajectory_msgs/local/lib/python3.10/dist-packages/trajectory_msgs
[11.732s] -- Installing: /root/ros_ws/src/Rescue_Car_ws/install/trajectory_msgs/local/lib/python3.10/dist-packages/trajectory_msgs/trajectory_msgs_s__rosidl_typesupport_c.cpython-310-x86_64-linux-gnu.so
[11.732s] -- Installing: /root/ros_ws/src/Rescue_Car_ws/install/trajectory_msgs/local/lib/python3.10/dist-packages/trajectory_msgs/_trajectory_msgs_s.ep.rosidl_typesupport_fastrtps_c.c
[11.732s] -- Installing: /root/ros_ws/src/Rescue_Car_ws/install/trajectory_msgs/local/lib/python3.10/dist-packages/trajectory_msgs/trajectory_msgs_s__rosidl_typesupport_introspection_c.cpython-310-x86_64-linux-gnu.so
[11.732s] -- Installing: /root/ros_ws/src/Rescue_Car_ws/install/trajectory_msgs/local/lib/python3.10/dist-packages/trajectory_msgs/libtrajectory_msgs__rosidl_generator_py.so
[11.732s] -- Installing: /root/ros_ws/src/Rescue_Car_ws/install/trajectory_msgs/local/lib/python3.10/dist-packages/trajectory_msgs/_trajectory_msgs_s.ep.rosidl_typesupport_c.c
[11.732s] -- Installing: /root/ros_ws/src/Rescue_Car_ws/install/trajectory_msgs/local/lib/python3.10/dist-packages/trajectory_msgs/trajectory_msgs_s__rosidl_typesupport_fastrtps_c.cpython-310-x86_64-linux-gnu.so
[11.732s] -- Installing: /root/ros_ws/src/Rescue_Car_ws/install/trajectory_msgs/local/lib/python3.10/dist-packages/trajectory_msgs/__init__.py
[11.732s] -- Installing: /root/ros_ws/src/Rescue_Car_ws/install/trajectory_msgs/local/lib/python3.10/dist-packages/trajectory_msgs/msg
[11.732s] -- Installing: /root/ros_ws/src/Rescue_Car_ws/install/trajectory_msgs/local/lib/python3.10/dist-packages/trajectory_msgs/msg/_multi_dof_joint_trajectory.py
[11.732s] -- Installing: /root/ros_ws/src/Rescue_Car_ws/install/trajectory_msgs/local/lib/python3.10/dist-packages/trajectory_msgs/msg/_joint_trajectory.py
[11.733s] -- Installing: /root/ros_ws/src/Rescue_Car_ws/install/trajectory_msgs/local/lib/python3.10/dist-packages/trajectory_msgs/msg/_multi_dof_joint_trajectory_point_s.c
[11.733s] -- Installing: /root/ros_ws/src/Rescue_Car_ws/install/trajectory_msgs/local/lib/python3.10/dist-packages/trajectory_msgs/msg/_multi_dof_joint_trajectory_point.py
[11.733s] -- Installing: /root/ros_ws/src/Rescue_Car_ws/install/trajectory_msgs/local/lib/python3.10/dist-packages/trajectory_msgs/msg/_joint_trajectory_point.py
[11.733s] -- Installing: /root/ros_ws/src/Rescue_Car_ws/install/trajectory_msgs/local/lib/python3.10/dist-packages/trajectory_msgs/msg/_multi_dof_joint_trajectory_s.c
[11.733s] -- Installing: /root/ros_ws/src/Rescue_Car_ws/install/trajectory_msgs/local/lib/python3.10/dist-packages/trajectory_msgs/msg/_joint_trajectory_s.c
[11.733s] -- Installing: /root/ros_ws/src/Rescue_Car_ws/install/trajectory_msgs/local/lib/python3.10/dist-packages/trajectory_msgs/msg/__init__.py
[11.733s] -- Installing: /root/ros_ws/src/Rescue_Car_ws/install/trajectory_msgs/local/lib/python3.10/dist-packages/trajectory_msgs/msg/_joint_trajectory_point_s.c
[11.733s] -- Installing: /root/ros_ws/src/Rescue_Car_ws/install/trajectory_msgs/local/lib/python3.10/dist-packages/trajectory_msgs/_trajectory_msgs_s.ep.rosidl_typesupport_introspection_c.c
[11.770s] Listing '/root/ros_ws/src/Rescue_Car_ws/install/trajectory_msgs/local/lib/python3.10/dist-packages/trajectory_msgs'...
[11.770s] Compiling '/root/ros_ws/src/Rescue_Car_ws/install/trajectory_msgs/local/lib/python3.10/dist-packages/trajectory_msgs/__init__.py'...
[11.770s] Listing '/root/ros_ws/src/Rescue_Car_ws/install/trajectory_msgs/local/lib/python3.10/dist-packages/trajectory_msgs/msg'...
[11.770s] Compiling '/root/ros_ws/src/Rescue_Car_ws/install/trajectory_msgs/local/lib/python3.10/dist-packages/trajectory_msgs/msg/__init__.py'...
[11.770s] Compiling '/root/ros_ws/src/Rescue_Car_ws/install/trajectory_msgs/local/lib/python3.10/dist-packages/trajectory_msgs/msg/_joint_trajectory.py'...
[11.770s] Compiling '/root/ros_ws/src/Rescue_Car_ws/install/trajectory_msgs/local/lib/python3.10/dist-packages/trajectory_msgs/msg/_joint_trajectory_point.py'...
[11.770s] Compiling '/root/ros_ws/src/Rescue_Car_ws/install/trajectory_msgs/local/lib/python3.10/dist-packages/trajectory_msgs/msg/_multi_dof_joint_trajectory.py'...
[11.770s] Compiling '/root/ros_ws/src/Rescue_Car_ws/install/trajectory_msgs/local/lib/python3.10/dist-packages/trajectory_msgs/msg/_multi_dof_joint_trajectory_point.py'...
[11.775s] -- Installing: /root/ros_ws/src/Rescue_Car_ws/install/trajectory_msgs/local/lib/python3.10/dist-packages/trajectory_msgs/trajectory_msgs_s__rosidl_typesupport_fastrtps_c.cpython-310-x86_64-linux-gnu.so
[11.775s] -- Set runtime path of "/root/ros_ws/src/Rescue_Car_ws/install/trajectory_msgs/local/lib/python3.10/dist-packages/trajectory_msgs/trajectory_msgs_s__rosidl_typesupport_fastrtps_c.cpython-310-x86_64-linux-gnu.so" to ""
[11.776s] -- Installing: /root/ros_ws/src/Rescue_Car_ws/install/trajectory_msgs/local/lib/python3.10/dist-packages/trajectory_msgs/trajectory_msgs_s__rosidl_typesupport_introspection_c.cpython-310-x86_64-linux-gnu.so
[11.776s] -- Set runtime path of "/root/ros_ws/src/Rescue_Car_ws/install/trajectory_msgs/local/lib/python3.10/dist-packages/trajectory_msgs/trajectory_msgs_s__rosidl_typesupport_introspection_c.cpython-310-x86_64-linux-gnu.so" to ""
[11.776s] -- Installing: /root/ros_ws/src/Rescue_Car_ws/install/trajectory_msgs/local/lib/python3.10/dist-packages/trajectory_msgs/trajectory_msgs_s__rosidl_typesupport_c.cpython-310-x86_64-linux-gnu.so
[11.777s] -- Set runtime path of "/root/ros_ws/src/Rescue_Car_ws/install/trajectory_msgs/local/lib/python3.10/dist-packages/trajectory_msgs/trajectory_msgs_s__rosidl_typesupport_c.cpython-310-x86_64-linux-gnu.so" to ""
[11.777s] -- Installing: /root/ros_ws/src/Rescue_Car_ws/install/trajectory_msgs/lib/libtrajectory_msgs__rosidl_generator_py.so
[11.777s] -- Set runtime path of "/root/ros_ws/src/Rescue_Car_ws/install/trajectory_msgs/lib/libtrajectory_msgs__rosidl_generator_py.so" to ""
[11.777s] -- Installing: /root/ros_ws/src/Rescue_Car_ws/install/trajectory_msgs/share/trajectory_msgs/msg/JointTrajectory.idl
[11.777s] -- Installing: /root/ros_ws/src/Rescue_Car_ws/install/trajectory_msgs/share/trajectory_msgs/msg/JointTrajectoryPoint.idl
[11.778s] -- Installing: /root/ros_ws/src/Rescue_Car_ws/install/trajectory_msgs/share/trajectory_msgs/msg/MultiDOFJointTrajectory.idl
[11.778s] -- Installing: /root/ros_ws/src/Rescue_Car_ws/install/trajectory_msgs/share/trajectory_msgs/msg/MultiDOFJointTrajectoryPoint.idl
[11.778s] -- Installing: /root/ros_ws/src/Rescue_Car_ws/install/trajectory_msgs/share/trajectory_msgs/msg/JointTrajectory.msg
[11.778s] -- Installing: /root/ros_ws/src/Rescue_Car_ws/install/trajectory_msgs/share/trajectory_msgs/msg/JointTrajectoryPoint.msg
[11.779s] -- Installing: /root/ros_ws/src/Rescue_Car_ws/install/trajectory_msgs/share/trajectory_msgs/msg/MultiDOFJointTrajectory.msg
[11.779s] -- Installing: /root/ros_ws/src/Rescue_Car_ws/install/trajectory_msgs/share/trajectory_msgs/msg/MultiDOFJointTrajectoryPoint.msg
[11.779s] -- Installing: /root/ros_ws/src/Rescue_Car_ws/install/trajectory_msgs/share/ament_index/resource_index/package_run_dependencies/trajectory_msgs
[11.779s] -- Installing: /root/ros_ws/src/Rescue_Car_ws/install/trajectory_msgs/share/ament_index/resource_index/parent_prefix_path/trajectory_msgs
[11.780s] -- Installing: /root/ros_ws/src/Rescue_Car_ws/install/trajectory_msgs/share/trajectory_msgs/environment/ament_prefix_path.sh
[11.780s] -- Installing: /root/ros_ws/src/Rescue_Car_ws/install/trajectory_msgs/share/trajectory_msgs/environment/ament_prefix_path.dsv
[11.780s] -- Installing: /root/ros_ws/src/Rescue_Car_ws/install/trajectory_msgs/share/trajectory_msgs/environment/path.sh
[11.780s] -- Installing: /root/ros_ws/src/Rescue_Car_ws/install/trajectory_msgs/share/trajectory_msgs/environment/path.dsv
[11.781s] -- Installing: /root/ros_ws/src/Rescue_Car_ws/install/trajectory_msgs/share/trajectory_msgs/local_setup.bash
[11.781s] -- Installing: /root/ros_ws/src/Rescue_Car_ws/install/trajectory_msgs/share/trajectory_msgs/local_setup.sh
[11.781s] -- Installing: /root/ros_ws/src/Rescue_Car_ws/install/trajectory_msgs/share/trajectory_msgs/local_setup.zsh
[11.781s] -- Installing: /root/ros_ws/src/Rescue_Car_ws/install/trajectory_msgs/share/trajectory_msgs/local_setup.dsv
[11.781s] -- Installing: /root/ros_ws/src/Rescue_Car_ws/install/trajectory_msgs/share/trajectory_msgs/package.dsv
[11.781s] -- Installing: /root/ros_ws/src/Rescue_Car_ws/install/trajectory_msgs/share/ament_index/resource_index/packages/trajectory_msgs
[11.781s] -- Installing: /root/ros_ws/src/Rescue_Car_ws/install/trajectory_msgs/share/trajectory_msgs/cmake/export_trajectory_msgs__rosidl_generator_cExport.cmake
[11.781s] -- Installing: /root/ros_ws/src/Rescue_Car_ws/install/trajectory_msgs/share/trajectory_msgs/cmake/export_trajectory_msgs__rosidl_generator_cExport-noconfig.cmake
[11.781s] -- Installing: /root/ros_ws/src/Rescue_Car_ws/install/trajectory_msgs/share/trajectory_msgs/cmake/export_trajectory_msgs__rosidl_typesupport_fastrtps_cExport.cmake
[11.781s] -- Installing: /root/ros_ws/src/Rescue_Car_ws/install/trajectory_msgs/share/trajectory_msgs/cmake/export_trajectory_msgs__rosidl_typesupport_fastrtps_cExport-noconfig.cmake
[11.781s] -- Installing: /root/ros_ws/src/Rescue_Car_ws/install/trajectory_msgs/share/trajectory_msgs/cmake/export_trajectory_msgs__rosidl_generator_cppExport.cmake
[11.781s] -- Installing: /root/ros_ws/src/Rescue_Car_ws/install/trajectory_msgs/share/trajectory_msgs/cmake/export_trajectory_msgs__rosidl_typesupport_fastrtps_cppExport.cmake
[11.781s] -- Installing: /root/ros_ws/src/Rescue_Car_ws/install/trajectory_msgs/share/trajectory_msgs/cmake/export_trajectory_msgs__rosidl_typesupport_fastrtps_cppExport-noconfig.cmake
[11.781s] -- Installing: /root/ros_ws/src/Rescue_Car_ws/install/trajectory_msgs/share/trajectory_msgs/cmake/trajectory_msgs__rosidl_typesupport_introspection_cExport.cmake
[11.781s] -- Installing: /root/ros_ws/src/Rescue_Car_ws/install/trajectory_msgs/share/trajectory_msgs/cmake/trajectory_msgs__rosidl_typesupport_introspection_cExport-noconfig.cmake
[11.781s] -- Installing: /root/ros_ws/src/Rescue_Car_ws/install/trajectory_msgs/share/trajectory_msgs/cmake/trajectory_msgs__rosidl_typesupport_cExport.cmake
[11.781s] -- Installing: /root/ros_ws/src/Rescue_Car_ws/install/trajectory_msgs/share/trajectory_msgs/cmake/trajectory_msgs__rosidl_typesupport_cExport-noconfig.cmake
[11.782s] -- Installing: /root/ros_ws/src/Rescue_Car_ws/install/trajectory_msgs/share/trajectory_msgs/cmake/trajectory_msgs__rosidl_typesupport_introspection_cppExport.cmake
[11.782s] -- Installing: /root/ros_ws/src/Rescue_Car_ws/install/trajectory_msgs/share/trajectory_msgs/cmake/trajectory_msgs__rosidl_typesupport_introspection_cppExport-noconfig.cmake
[11.782s] -- Installing: /root/ros_ws/src/Rescue_Car_ws/install/trajectory_msgs/share/trajectory_msgs/cmake/trajectory_msgs__rosidl_typesupport_cppExport.cmake
[11.782s] -- Installing: /root/ros_ws/src/Rescue_Car_ws/install/trajectory_msgs/share/trajectory_msgs/cmake/trajectory_msgs__rosidl_typesupport_cppExport-noconfig.cmake
[11.782s] -- Installing: /root/ros_ws/src/Rescue_Car_ws/install/trajectory_msgs/share/trajectory_msgs/cmake/export_trajectory_msgs__rosidl_generator_pyExport.cmake
[11.782s] -- Installing: /root/ros_ws/src/Rescue_Car_ws/install/trajectory_msgs/share/trajectory_msgs/cmake/export_trajectory_msgs__rosidl_generator_pyExport-noconfig.cmake
[11.782s] -- Installing: /root/ros_ws/src/Rescue_Car_ws/install/trajectory_msgs/share/trajectory_msgs/cmake/rosidl_cmake-extras.cmake
[11.782s] -- Installing: /root/ros_ws/src/Rescue_Car_ws/install/trajectory_msgs/share/trajectory_msgs/cmake/ament_cmake_export_dependencies-extras.cmake
[11.782s] -- Installing: /root/ros_ws/src/Rescue_Car_ws/install/trajectory_msgs/share/trajectory_msgs/cmake/ament_cmake_export_include_directories-extras.cmake
[11.783s] -- Installing: /root/ros_ws/src/Rescue_Car_ws/install/trajectory_msgs/share/trajectory_msgs/cmake/ament_cmake_export_libraries-extras.cmake
[11.783s] -- Installing: /root/ros_ws/src/Rescue_Car_ws/install/trajectory_msgs/share/trajectory_msgs/cmake/ament_cmake_export_targets-extras.cmake
[11.783s] -- Installing: /root/ros_ws/src/Rescue_Car_ws/install/trajectory_msgs/share/trajectory_msgs/cmake/rosidl_cmake_export_typesupport_targets-extras.cmake
[11.784s] -- Installing: /root/ros_ws/src/Rescue_Car_ws/install/trajectory_msgs/share/trajectory_msgs/cmake/rosidl_cmake_export_typesupport_libraries-extras.cmake
[11.784s] -- Installing: /root/ros_ws/src/Rescue_Car_ws/install/trajectory_msgs/share/trajectory_msgs/cmake/trajectory_msgsConfig.cmake
[11.784s] -- Installing: /root/ros_ws/src/Rescue_Car_ws/install/trajectory_msgs/share/trajectory_msgs/cmake/trajectory_msgsConfig-version.cmake
[11.784s] -- Installing: /root/ros_ws/src/Rescue_Car_ws/install/trajectory_msgs/share/trajectory_msgs/package.xml
[11.785s] Invoked command in '/root/ros_ws/src/Rescue_Car_ws/build/trajectory_msgs' returned '0': AMENT_PREFIX_PATH=/root/ros_ws/src/Rescue_Car_ws/install/geometry_msgs:/root/ros_ws/src/Rescue_Car_ws/install/std_msgs:/root/ros_ws/src/Rescue_Car_ws/install/builtin_interfaces:${AMENT_PREFIX_PATH} CMAKE_PREFIX_PATH=/root/ros_ws/src/Rescue_Car_ws/install/geometry_msgs:/root/ros_ws/src/Rescue_Car_ws/install/std_msgs:/root/ros_ws/src/Rescue_Car_ws/install/builtin_interfaces:/opt/ros/humble LD_LIBRARY_PATH=/root/ros_ws/src/Rescue_Car_ws/install/geometry_msgs/lib:/root/ros_ws/src/Rescue_Car_ws/install/std_msgs/lib:/root/ros_ws/src/Rescue_Car_ws/install/builtin_interfaces/lib:${LD_LIBRARY_PATH} PYTHONPATH=/root/ros_ws/src/Rescue_Car_ws/install/geometry_msgs/local/lib/python3.10/dist-packages:/root/ros_ws/src/Rescue_Car_ws/install/std_msgs/local/lib/python3.10/dist-packages:/root/ros_ws/src/Rescue_Car_ws/install/builtin_interfaces/local/lib/python3.10/dist-packages:${PYTHONPATH} /usr/bin/cmake --install /root/ros_ws/src/Rescue_Car_ws/build/trajectory_msgs
