[0.109s] Invoking command in '/root/ros_ws/src/Rescue_Car_ws/build/statistics_msgs': AMENT_PREFIX_PATH=/root/ros_ws/src/Rescue_Car_ws/install/builtin_interfaces:${AMENT_PREFIX_PATH} CMAKE_PREFIX_PATH=/root/ros_ws/src/Rescue_Car_ws/install/builtin_interfaces:/opt/ros/humble LD_LIBRARY_PATH=/root/ros_ws/src/Rescue_Car_ws/install/builtin_interfaces/lib:${LD_LIBRARY_PATH} PYTHONPATH=/root/ros_ws/src/Rescue_Car_ws/install/builtin_interfaces/local/lib/python3.10/dist-packages:${PYTHONPATH} /usr/bin/cmake --build /root/ros_ws/src/Rescue_Car_ws/build/statistics_msgs -- -j20 -l20
[0.148s] [35m[1mConsolidate compiler generated dependencies of target statistics_msgs__rosidl_generator_c[0m
[0.164s] [  2%] Built target statistics_msgs__cpp
[0.173s] [ 12%] Built target statistics_msgs__rosidl_generator_c
[0.176s] [35m[1mConsolidate compiler generated dependencies of target statistics_msgs__rosidl_typesupport_cpp[0m
[0.182s] [35m[1mConsolidate compiler generated dependencies of target statistics_msgs__rosidl_typesupport_introspection_cpp[0m
[0.189s] [35m[1mConsolidate compiler generated dependencies of target statistics_msgs__rosidl_typesupport_fastrtps_c[0m
[0.189s] [35m[1mConsolidate compiler generated dependencies of target statistics_msgs__rosidl_typesupport_fastrtps_cpp[0m
[0.199s] [ 12%] Built target ament_cmake_python_copy_statistics_msgs
[0.199s] [35m[1mConsolidate compiler generated dependencies of target statistics_msgs__rosidl_typesupport_introspection_c[0m
[0.202s] [35m[1mConsolidate compiler generated dependencies of target statistics_msgs__rosidl_typesupport_c[0m
[0.210s] [ 23%] Built target statistics_msgs__rosidl_typesupport_cpp
[0.214s] [ 34%] Built target statistics_msgs__rosidl_typesupport_introspection_cpp
[0.214s] [ 44%] Built target statistics_msgs__rosidl_typesupport_fastrtps_cpp
[0.215s] [ 55%] Built target statistics_msgs__rosidl_typesupport_c
[0.222s] [ 65%] Built target statistics_msgs__rosidl_typesupport_fastrtps_c
[0.224s] [ 76%] Built target statistics_msgs__rosidl_typesupport_introspection_c
[0.245s] [ 76%] Built target statistics_msgs
[0.265s] [ 78%] Built target statistics_msgs__py
[0.290s] [35m[1mConsolidate compiler generated dependencies of target statistics_msgs__rosidl_generator_py[0m
[0.304s] [ 87%] Built target statistics_msgs__rosidl_generator_py
[0.313s] [35m[1mConsolidate compiler generated dependencies of target statistics_msgs__rosidl_typesupport_introspection_c__pyext[0m
[0.316s] [35m[1mConsolidate compiler generated dependencies of target statistics_msgs__rosidl_typesupport_c__pyext[0m
[0.317s] [35m[1mConsolidate compiler generated dependencies of target statistics_msgs__rosidl_typesupport_fastrtps_c__pyext[0m
[0.334s] [ 91%] Built target statistics_msgs__rosidl_typesupport_introspection_c__pyext
[0.343s] [ 95%] Built target statistics_msgs__rosidl_typesupport_c__pyext
[0.343s] [100%] Built target statistics_msgs__rosidl_typesupport_fastrtps_c__pyext
[0.489s] running egg_info
[0.490s] writing statistics_msgs.egg-info/PKG-INFO
[0.490s] writing dependency_links to statistics_msgs.egg-info/dependency_links.txt
[0.490s] writing top-level names to statistics_msgs.egg-info/top_level.txt
[0.493s] reading manifest file 'statistics_msgs.egg-info/SOURCES.txt'
[0.494s] writing manifest file 'statistics_msgs.egg-info/SOURCES.txt'
[0.560s] [100%] Built target ament_cmake_python_build_statistics_msgs_egg
[0.673s] Invoked command in '/root/ros_ws/src/Rescue_Car_ws/build/statistics_msgs' returned '0': AMENT_PREFIX_PATH=/root/ros_ws/src/Rescue_Car_ws/install/builtin_interfaces:${AMENT_PREFIX_PATH} CMAKE_PREFIX_PATH=/root/ros_ws/src/Rescue_Car_ws/install/builtin_interfaces:/opt/ros/humble LD_LIBRARY_PATH=/root/ros_ws/src/Rescue_Car_ws/install/builtin_interfaces/lib:${LD_LIBRARY_PATH} PYTHONPATH=/root/ros_ws/src/Rescue_Car_ws/install/builtin_interfaces/local/lib/python3.10/dist-packages:${PYTHONPATH} /usr/bin/cmake --build /root/ros_ws/src/Rescue_Car_ws/build/statistics_msgs -- -j20 -l20
[0.689s] Invoking command in '/root/ros_ws/src/Rescue_Car_ws/build/statistics_msgs': AMENT_PREFIX_PATH=/root/ros_ws/src/Rescue_Car_ws/install/builtin_interfaces:${AMENT_PREFIX_PATH} CMAKE_PREFIX_PATH=/root/ros_ws/src/Rescue_Car_ws/install/builtin_interfaces:/opt/ros/humble LD_LIBRARY_PATH=/root/ros_ws/src/Rescue_Car_ws/install/builtin_interfaces/lib:${LD_LIBRARY_PATH} PYTHONPATH=/root/ros_ws/src/Rescue_Car_ws/install/builtin_interfaces/local/lib/python3.10/dist-packages:${PYTHONPATH} /usr/bin/cmake --install /root/ros_ws/src/Rescue_Car_ws/build/statistics_msgs
[0.694s] -- Install configuration: ""
[0.695s] -- Up-to-date: /root/ros_ws/src/Rescue_Car_ws/install/statistics_msgs/share/ament_index/resource_index/rosidl_interfaces/statistics_msgs
[0.695s] -- Up-to-date: /root/ros_ws/src/Rescue_Car_ws/install/statistics_msgs/include/statistics_msgs/statistics_msgs
[0.695s] -- Up-to-date: /root/ros_ws/src/Rescue_Car_ws/install/statistics_msgs/include/statistics_msgs/statistics_msgs/msg
[0.695s] -- Up-to-date: /root/ros_ws/src/Rescue_Car_ws/install/statistics_msgs/include/statistics_msgs/statistics_msgs/msg/statistic_data_point.h
[0.695s] -- Up-to-date: /root/ros_ws/src/Rescue_Car_ws/install/statistics_msgs/include/statistics_msgs/statistics_msgs/msg/detail
[0.695s] -- Up-to-date: /root/ros_ws/src/Rescue_Car_ws/install/statistics_msgs/include/statistics_msgs/statistics_msgs/msg/detail/metrics_message__functions.c
[0.695s] -- Up-to-date: /root/ros_ws/src/Rescue_Car_ws/install/statistics_msgs/include/statistics_msgs/statistics_msgs/msg/detail/statistic_data_point__type_support.h
[0.695s] -- Up-to-date: /root/ros_ws/src/Rescue_Car_ws/install/statistics_msgs/include/statistics_msgs/statistics_msgs/msg/detail/metrics_message__functions.h
[0.696s] -- Up-to-date: /root/ros_ws/src/Rescue_Car_ws/install/statistics_msgs/include/statistics_msgs/statistics_msgs/msg/detail/statistic_data_point__functions.h
[0.696s] -- Up-to-date: /root/ros_ws/src/Rescue_Car_ws/install/statistics_msgs/include/statistics_msgs/statistics_msgs/msg/detail/metrics_message__type_support.h
[0.696s] -- Up-to-date: /root/ros_ws/src/Rescue_Car_ws/install/statistics_msgs/include/statistics_msgs/statistics_msgs/msg/detail/statistic_data_type__functions.h
[0.696s] -- Up-to-date: /root/ros_ws/src/Rescue_Car_ws/install/statistics_msgs/include/statistics_msgs/statistics_msgs/msg/detail/statistic_data_point__functions.c
[0.696s] -- Up-to-date: /root/ros_ws/src/Rescue_Car_ws/install/statistics_msgs/include/statistics_msgs/statistics_msgs/msg/detail/statistic_data_type__functions.c
[0.696s] -- Up-to-date: /root/ros_ws/src/Rescue_Car_ws/install/statistics_msgs/include/statistics_msgs/statistics_msgs/msg/detail/metrics_message__struct.h
[0.696s] -- Up-to-date: /root/ros_ws/src/Rescue_Car_ws/install/statistics_msgs/include/statistics_msgs/statistics_msgs/msg/detail/statistic_data_point__struct.h
[0.696s] -- Up-to-date: /root/ros_ws/src/Rescue_Car_ws/install/statistics_msgs/include/statistics_msgs/statistics_msgs/msg/detail/statistic_data_type__type_support.h
[0.697s] -- Up-to-date: /root/ros_ws/src/Rescue_Car_ws/install/statistics_msgs/include/statistics_msgs/statistics_msgs/msg/detail/statistic_data_type__struct.h
[0.697s] -- Up-to-date: /root/ros_ws/src/Rescue_Car_ws/install/statistics_msgs/include/statistics_msgs/statistics_msgs/msg/rosidl_generator_c__visibility_control.h
[0.697s] -- Up-to-date: /root/ros_ws/src/Rescue_Car_ws/install/statistics_msgs/include/statistics_msgs/statistics_msgs/msg/statistic_data_type.h
[0.697s] -- Up-to-date: /root/ros_ws/src/Rescue_Car_ws/install/statistics_msgs/include/statistics_msgs/statistics_msgs/msg/metrics_message.h
[0.697s] -- Up-to-date: /root/ros_ws/src/Rescue_Car_ws/install/statistics_msgs/share/statistics_msgs/environment/library_path.sh
[0.697s] -- Up-to-date: /root/ros_ws/src/Rescue_Car_ws/install/statistics_msgs/share/statistics_msgs/environment/library_path.dsv
[0.697s] -- Up-to-date: /root/ros_ws/src/Rescue_Car_ws/install/statistics_msgs/lib/libstatistics_msgs__rosidl_generator_c.so
[0.697s] -- Up-to-date: /root/ros_ws/src/Rescue_Car_ws/install/statistics_msgs/include/statistics_msgs/statistics_msgs
[0.697s] -- Up-to-date: /root/ros_ws/src/Rescue_Car_ws/install/statistics_msgs/include/statistics_msgs/statistics_msgs/msg
[0.697s] -- Up-to-date: /root/ros_ws/src/Rescue_Car_ws/install/statistics_msgs/include/statistics_msgs/statistics_msgs/msg/detail
[0.697s] -- Up-to-date: /root/ros_ws/src/Rescue_Car_ws/install/statistics_msgs/include/statistics_msgs/statistics_msgs/msg/detail/statistic_data_type__rosidl_typesupport_fastrtps_c.h
[0.698s] -- Up-to-date: /root/ros_ws/src/Rescue_Car_ws/install/statistics_msgs/include/statistics_msgs/statistics_msgs/msg/detail/statistic_data_point__rosidl_typesupport_fastrtps_c.h
[0.698s] -- Up-to-date: /root/ros_ws/src/Rescue_Car_ws/install/statistics_msgs/include/statistics_msgs/statistics_msgs/msg/detail/metrics_message__rosidl_typesupport_fastrtps_c.h
[0.698s] -- Up-to-date: /root/ros_ws/src/Rescue_Car_ws/install/statistics_msgs/include/statistics_msgs/statistics_msgs/msg/rosidl_typesupport_fastrtps_c__visibility_control.h
[0.698s] -- Up-to-date: /root/ros_ws/src/Rescue_Car_ws/install/statistics_msgs/lib/libstatistics_msgs__rosidl_typesupport_fastrtps_c.so
[0.698s] -- Up-to-date: /root/ros_ws/src/Rescue_Car_ws/install/statistics_msgs/include/statistics_msgs/statistics_msgs
[0.698s] -- Up-to-date: /root/ros_ws/src/Rescue_Car_ws/install/statistics_msgs/include/statistics_msgs/statistics_msgs/msg
[0.698s] -- Up-to-date: /root/ros_ws/src/Rescue_Car_ws/install/statistics_msgs/include/statistics_msgs/statistics_msgs/msg/statistic_data_point.hpp
[0.698s] -- Up-to-date: /root/ros_ws/src/Rescue_Car_ws/install/statistics_msgs/include/statistics_msgs/statistics_msgs/msg/rosidl_generator_cpp__visibility_control.hpp
[0.698s] -- Up-to-date: /root/ros_ws/src/Rescue_Car_ws/install/statistics_msgs/include/statistics_msgs/statistics_msgs/msg/detail
[0.698s] -- Up-to-date: /root/ros_ws/src/Rescue_Car_ws/install/statistics_msgs/include/statistics_msgs/statistics_msgs/msg/detail/statistic_data_point__struct.hpp
[0.698s] -- Up-to-date: /root/ros_ws/src/Rescue_Car_ws/install/statistics_msgs/include/statistics_msgs/statistics_msgs/msg/detail/metrics_message__type_support.hpp
[0.699s] -- Up-to-date: /root/ros_ws/src/Rescue_Car_ws/install/statistics_msgs/include/statistics_msgs/statistics_msgs/msg/detail/metrics_message__struct.hpp
[0.699s] -- Up-to-date: /root/ros_ws/src/Rescue_Car_ws/install/statistics_msgs/include/statistics_msgs/statistics_msgs/msg/detail/statistic_data_point__type_support.hpp
[0.699s] -- Up-to-date: /root/ros_ws/src/Rescue_Car_ws/install/statistics_msgs/include/statistics_msgs/statistics_msgs/msg/detail/metrics_message__builder.hpp
[0.699s] -- Up-to-date: /root/ros_ws/src/Rescue_Car_ws/install/statistics_msgs/include/statistics_msgs/statistics_msgs/msg/detail/metrics_message__traits.hpp
[0.699s] -- Up-to-date: /root/ros_ws/src/Rescue_Car_ws/install/statistics_msgs/include/statistics_msgs/statistics_msgs/msg/detail/statistic_data_type__traits.hpp
[0.699s] -- Up-to-date: /root/ros_ws/src/Rescue_Car_ws/install/statistics_msgs/include/statistics_msgs/statistics_msgs/msg/detail/statistic_data_type__type_support.hpp
[0.699s] -- Up-to-date: /root/ros_ws/src/Rescue_Car_ws/install/statistics_msgs/include/statistics_msgs/statistics_msgs/msg/detail/statistic_data_type__builder.hpp
[0.699s] -- Up-to-date: /root/ros_ws/src/Rescue_Car_ws/install/statistics_msgs/include/statistics_msgs/statistics_msgs/msg/detail/statistic_data_point__builder.hpp
[0.699s] -- Up-to-date: /root/ros_ws/src/Rescue_Car_ws/install/statistics_msgs/include/statistics_msgs/statistics_msgs/msg/detail/statistic_data_type__struct.hpp
[0.699s] -- Up-to-date: /root/ros_ws/src/Rescue_Car_ws/install/statistics_msgs/include/statistics_msgs/statistics_msgs/msg/detail/statistic_data_point__traits.hpp
[0.699s] -- Up-to-date: /root/ros_ws/src/Rescue_Car_ws/install/statistics_msgs/include/statistics_msgs/statistics_msgs/msg/statistic_data_type.hpp
[0.699s] -- Up-to-date: /root/ros_ws/src/Rescue_Car_ws/install/statistics_msgs/include/statistics_msgs/statistics_msgs/msg/metrics_message.hpp
[0.700s] -- Up-to-date: /root/ros_ws/src/Rescue_Car_ws/install/statistics_msgs/include/statistics_msgs/statistics_msgs
[0.700s] -- Up-to-date: /root/ros_ws/src/Rescue_Car_ws/install/statistics_msgs/include/statistics_msgs/statistics_msgs/msg
[0.700s] -- Up-to-date: /root/ros_ws/src/Rescue_Car_ws/install/statistics_msgs/include/statistics_msgs/statistics_msgs/msg/rosidl_typesupport_fastrtps_cpp__visibility_control.h
[0.700s] -- Up-to-date: /root/ros_ws/src/Rescue_Car_ws/install/statistics_msgs/include/statistics_msgs/statistics_msgs/msg/detail
[0.700s] -- Up-to-date: /root/ros_ws/src/Rescue_Car_ws/install/statistics_msgs/include/statistics_msgs/statistics_msgs/msg/detail/dds_fastrtps
[0.700s] -- Up-to-date: /root/ros_ws/src/Rescue_Car_ws/install/statistics_msgs/include/statistics_msgs/statistics_msgs/msg/detail/statistic_data_point__rosidl_typesupport_fastrtps_cpp.hpp
[0.700s] -- Up-to-date: /root/ros_ws/src/Rescue_Car_ws/install/statistics_msgs/include/statistics_msgs/statistics_msgs/msg/detail/metrics_message__rosidl_typesupport_fastrtps_cpp.hpp
[0.700s] -- Up-to-date: /root/ros_ws/src/Rescue_Car_ws/install/statistics_msgs/include/statistics_msgs/statistics_msgs/msg/detail/statistic_data_type__rosidl_typesupport_fastrtps_cpp.hpp
[0.700s] -- Up-to-date: /root/ros_ws/src/Rescue_Car_ws/install/statistics_msgs/lib/libstatistics_msgs__rosidl_typesupport_fastrtps_cpp.so
[0.700s] -- Up-to-date: /root/ros_ws/src/Rescue_Car_ws/install/statistics_msgs/include/statistics_msgs/statistics_msgs
[0.701s] -- Up-to-date: /root/ros_ws/src/Rescue_Car_ws/install/statistics_msgs/include/statistics_msgs/statistics_msgs/msg
[0.701s] -- Up-to-date: /root/ros_ws/src/Rescue_Car_ws/install/statistics_msgs/include/statistics_msgs/statistics_msgs/msg/rosidl_typesupport_introspection_c__visibility_control.h
[0.701s] -- Up-to-date: /root/ros_ws/src/Rescue_Car_ws/install/statistics_msgs/include/statistics_msgs/statistics_msgs/msg/detail
[0.701s] -- Up-to-date: /root/ros_ws/src/Rescue_Car_ws/install/statistics_msgs/include/statistics_msgs/statistics_msgs/msg/detail/metrics_message__rosidl_typesupport_introspection_c.h
[0.701s] -- Up-to-date: /root/ros_ws/src/Rescue_Car_ws/install/statistics_msgs/include/statistics_msgs/statistics_msgs/msg/detail/metrics_message__type_support.c
[0.701s] -- Up-to-date: /root/ros_ws/src/Rescue_Car_ws/install/statistics_msgs/include/statistics_msgs/statistics_msgs/msg/detail/statistic_data_type__rosidl_typesupport_introspection_c.h
[0.701s] -- Up-to-date: /root/ros_ws/src/Rescue_Car_ws/install/statistics_msgs/include/statistics_msgs/statistics_msgs/msg/detail/statistic_data_point__type_support.c
[0.701s] -- Up-to-date: /root/ros_ws/src/Rescue_Car_ws/install/statistics_msgs/include/statistics_msgs/statistics_msgs/msg/detail/statistic_data_type__type_support.c
[0.701s] -- Up-to-date: /root/ros_ws/src/Rescue_Car_ws/install/statistics_msgs/include/statistics_msgs/statistics_msgs/msg/detail/statistic_data_point__rosidl_typesupport_introspection_c.h
[0.701s] -- Up-to-date: /root/ros_ws/src/Rescue_Car_ws/install/statistics_msgs/lib/libstatistics_msgs__rosidl_typesupport_introspection_c.so
[0.701s] -- Up-to-date: /root/ros_ws/src/Rescue_Car_ws/install/statistics_msgs/lib/libstatistics_msgs__rosidl_typesupport_c.so
[0.701s] -- Up-to-date: /root/ros_ws/src/Rescue_Car_ws/install/statistics_msgs/include/statistics_msgs/statistics_msgs
[0.702s] -- Up-to-date: /root/ros_ws/src/Rescue_Car_ws/install/statistics_msgs/include/statistics_msgs/statistics_msgs/msg
[0.702s] -- Up-to-date: /root/ros_ws/src/Rescue_Car_ws/install/statistics_msgs/include/statistics_msgs/statistics_msgs/msg/detail
[0.702s] -- Up-to-date: /root/ros_ws/src/Rescue_Car_ws/install/statistics_msgs/include/statistics_msgs/statistics_msgs/msg/detail/statistic_data_type__rosidl_typesupport_introspection_cpp.hpp
[0.702s] -- Up-to-date: /root/ros_ws/src/Rescue_Car_ws/install/statistics_msgs/include/statistics_msgs/statistics_msgs/msg/detail/metrics_message__type_support.cpp
[0.702s] -- Up-to-date: /root/ros_ws/src/Rescue_Car_ws/install/statistics_msgs/include/statistics_msgs/statistics_msgs/msg/detail/statistic_data_type__type_support.cpp
[0.702s] -- Up-to-date: /root/ros_ws/src/Rescue_Car_ws/install/statistics_msgs/include/statistics_msgs/statistics_msgs/msg/detail/statistic_data_point__rosidl_typesupport_introspection_cpp.hpp
[0.703s] -- Up-to-date: /root/ros_ws/src/Rescue_Car_ws/install/statistics_msgs/include/statistics_msgs/statistics_msgs/msg/detail/statistic_data_point__type_support.cpp
[0.704s] -- Up-to-date: /root/ros_ws/src/Rescue_Car_ws/install/statistics_msgs/include/statistics_msgs/statistics_msgs/msg/detail/metrics_message__rosidl_typesupport_introspection_cpp.hpp
[0.704s] -- Up-to-date: /root/ros_ws/src/Rescue_Car_ws/install/statistics_msgs/lib/libstatistics_msgs__rosidl_typesupport_introspection_cpp.so
[0.705s] -- Up-to-date: /root/ros_ws/src/Rescue_Car_ws/install/statistics_msgs/lib/libstatistics_msgs__rosidl_typesupport_cpp.so
[0.705s] -- Up-to-date: /root/ros_ws/src/Rescue_Car_ws/install/statistics_msgs/share/statistics_msgs/environment/pythonpath.sh
[0.705s] -- Up-to-date: /root/ros_ws/src/Rescue_Car_ws/install/statistics_msgs/share/statistics_msgs/environment/pythonpath.dsv
[0.705s] -- Up-to-date: /root/ros_ws/src/Rescue_Car_ws/install/statistics_msgs/local/lib/python3.10/dist-packages/statistics_msgs-1.2.2-py3.10.egg-info
[0.705s] -- Installing: /root/ros_ws/src/Rescue_Car_ws/install/statistics_msgs/local/lib/python3.10/dist-packages/statistics_msgs-1.2.2-py3.10.egg-info/dependency_links.txt
[0.705s] -- Installing: /root/ros_ws/src/Rescue_Car_ws/install/statistics_msgs/local/lib/python3.10/dist-packages/statistics_msgs-1.2.2-py3.10.egg-info/SOURCES.txt
[0.705s] -- Installing: /root/ros_ws/src/Rescue_Car_ws/install/statistics_msgs/local/lib/python3.10/dist-packages/statistics_msgs-1.2.2-py3.10.egg-info/PKG-INFO
[0.705s] -- Installing: /root/ros_ws/src/Rescue_Car_ws/install/statistics_msgs/local/lib/python3.10/dist-packages/statistics_msgs-1.2.2-py3.10.egg-info/top_level.txt
[0.705s] -- Up-to-date: /root/ros_ws/src/Rescue_Car_ws/install/statistics_msgs/local/lib/python3.10/dist-packages/statistics_msgs
[0.705s] -- Up-to-date: /root/ros_ws/src/Rescue_Car_ws/install/statistics_msgs/local/lib/python3.10/dist-packages/statistics_msgs/statistics_msgs_s__rosidl_typesupport_fastrtps_c.cpython-310-x86_64-linux-gnu.so
[0.705s] -- Up-to-date: /root/ros_ws/src/Rescue_Car_ws/install/statistics_msgs/local/lib/python3.10/dist-packages/statistics_msgs/libstatistics_msgs__rosidl_generator_py.so
[0.705s] -- Up-to-date: /root/ros_ws/src/Rescue_Car_ws/install/statistics_msgs/local/lib/python3.10/dist-packages/statistics_msgs/_statistics_msgs_s.ep.rosidl_typesupport_fastrtps_c.c
[0.706s] -- Up-to-date: /root/ros_ws/src/Rescue_Car_ws/install/statistics_msgs/local/lib/python3.10/dist-packages/statistics_msgs/statistics_msgs_s__rosidl_typesupport_c.cpython-310-x86_64-linux-gnu.so
[0.706s] -- Up-to-date: /root/ros_ws/src/Rescue_Car_ws/install/statistics_msgs/local/lib/python3.10/dist-packages/statistics_msgs/statistics_msgs_s__rosidl_typesupport_introspection_c.cpython-310-x86_64-linux-gnu.so
[0.706s] -- Up-to-date: /root/ros_ws/src/Rescue_Car_ws/install/statistics_msgs/local/lib/python3.10/dist-packages/statistics_msgs/__init__.py
[0.706s] -- Up-to-date: /root/ros_ws/src/Rescue_Car_ws/install/statistics_msgs/local/lib/python3.10/dist-packages/statistics_msgs/msg
[0.706s] -- Up-to-date: /root/ros_ws/src/Rescue_Car_ws/install/statistics_msgs/local/lib/python3.10/dist-packages/statistics_msgs/msg/_metrics_message.py
[0.706s] -- Up-to-date: /root/ros_ws/src/Rescue_Car_ws/install/statistics_msgs/local/lib/python3.10/dist-packages/statistics_msgs/msg/_statistic_data_point.py
[0.706s] -- Up-to-date: /root/ros_ws/src/Rescue_Car_ws/install/statistics_msgs/local/lib/python3.10/dist-packages/statistics_msgs/msg/_statistic_data_point_s.c
[0.706s] -- Up-to-date: /root/ros_ws/src/Rescue_Car_ws/install/statistics_msgs/local/lib/python3.10/dist-packages/statistics_msgs/msg/_statistic_data_type.py
[0.706s] -- Up-to-date: /root/ros_ws/src/Rescue_Car_ws/install/statistics_msgs/local/lib/python3.10/dist-packages/statistics_msgs/msg/__init__.py
[0.706s] -- Up-to-date: /root/ros_ws/src/Rescue_Car_ws/install/statistics_msgs/local/lib/python3.10/dist-packages/statistics_msgs/msg/_metrics_message_s.c
[0.707s] -- Up-to-date: /root/ros_ws/src/Rescue_Car_ws/install/statistics_msgs/local/lib/python3.10/dist-packages/statistics_msgs/msg/_statistic_data_type_s.c
[0.707s] -- Up-to-date: /root/ros_ws/src/Rescue_Car_ws/install/statistics_msgs/local/lib/python3.10/dist-packages/statistics_msgs/_statistics_msgs_s.ep.rosidl_typesupport_introspection_c.c
[0.707s] -- Up-to-date: /root/ros_ws/src/Rescue_Car_ws/install/statistics_msgs/local/lib/python3.10/dist-packages/statistics_msgs/_statistics_msgs_s.ep.rosidl_typesupport_c.c
[0.737s] Listing '/root/ros_ws/src/Rescue_Car_ws/install/statistics_msgs/local/lib/python3.10/dist-packages/statistics_msgs'...
[0.737s] Listing '/root/ros_ws/src/Rescue_Car_ws/install/statistics_msgs/local/lib/python3.10/dist-packages/statistics_msgs/msg'...
[0.737s] -- Up-to-date: /root/ros_ws/src/Rescue_Car_ws/install/statistics_msgs/local/lib/python3.10/dist-packages/statistics_msgs/statistics_msgs_s__rosidl_typesupport_fastrtps_c.cpython-310-x86_64-linux-gnu.so
[0.737s] -- Up-to-date: /root/ros_ws/src/Rescue_Car_ws/install/statistics_msgs/local/lib/python3.10/dist-packages/statistics_msgs/statistics_msgs_s__rosidl_typesupport_introspection_c.cpython-310-x86_64-linux-gnu.so
[0.737s] -- Up-to-date: /root/ros_ws/src/Rescue_Car_ws/install/statistics_msgs/local/lib/python3.10/dist-packages/statistics_msgs/statistics_msgs_s__rosidl_typesupport_c.cpython-310-x86_64-linux-gnu.so
[0.737s] -- Up-to-date: /root/ros_ws/src/Rescue_Car_ws/install/statistics_msgs/lib/libstatistics_msgs__rosidl_generator_py.so
[0.737s] -- Up-to-date: /root/ros_ws/src/Rescue_Car_ws/install/statistics_msgs/share/statistics_msgs/msg/MetricsMessage.idl
[0.737s] -- Up-to-date: /root/ros_ws/src/Rescue_Car_ws/install/statistics_msgs/share/statistics_msgs/msg/StatisticDataPoint.idl
[0.737s] -- Up-to-date: /root/ros_ws/src/Rescue_Car_ws/install/statistics_msgs/share/statistics_msgs/msg/StatisticDataType.idl
[0.737s] -- Up-to-date: /root/ros_ws/src/Rescue_Car_ws/install/statistics_msgs/share/statistics_msgs/msg/MetricsMessage.msg
[0.738s] -- Up-to-date: /root/ros_ws/src/Rescue_Car_ws/install/statistics_msgs/share/statistics_msgs/msg/StatisticDataPoint.msg
[0.738s] -- Up-to-date: /root/ros_ws/src/Rescue_Car_ws/install/statistics_msgs/share/statistics_msgs/msg/StatisticDataType.msg
[0.738s] -- Up-to-date: /root/ros_ws/src/Rescue_Car_ws/install/statistics_msgs/share/ament_index/resource_index/package_run_dependencies/statistics_msgs
[0.738s] -- Up-to-date: /root/ros_ws/src/Rescue_Car_ws/install/statistics_msgs/share/ament_index/resource_index/parent_prefix_path/statistics_msgs
[0.738s] -- Up-to-date: /root/ros_ws/src/Rescue_Car_ws/install/statistics_msgs/share/statistics_msgs/environment/ament_prefix_path.sh
[0.738s] -- Up-to-date: /root/ros_ws/src/Rescue_Car_ws/install/statistics_msgs/share/statistics_msgs/environment/ament_prefix_path.dsv
[0.738s] -- Up-to-date: /root/ros_ws/src/Rescue_Car_ws/install/statistics_msgs/share/statistics_msgs/environment/path.sh
[0.738s] -- Up-to-date: /root/ros_ws/src/Rescue_Car_ws/install/statistics_msgs/share/statistics_msgs/environment/path.dsv
[0.738s] -- Up-to-date: /root/ros_ws/src/Rescue_Car_ws/install/statistics_msgs/share/statistics_msgs/local_setup.bash
[0.738s] -- Up-to-date: /root/ros_ws/src/Rescue_Car_ws/install/statistics_msgs/share/statistics_msgs/local_setup.sh
[0.738s] -- Up-to-date: /root/ros_ws/src/Rescue_Car_ws/install/statistics_msgs/share/statistics_msgs/local_setup.zsh
[0.738s] -- Up-to-date: /root/ros_ws/src/Rescue_Car_ws/install/statistics_msgs/share/statistics_msgs/local_setup.dsv
[0.739s] -- Installing: /root/ros_ws/src/Rescue_Car_ws/install/statistics_msgs/share/statistics_msgs/package.dsv
[0.739s] -- Up-to-date: /root/ros_ws/src/Rescue_Car_ws/install/statistics_msgs/share/ament_index/resource_index/packages/statistics_msgs
[0.739s] -- Up-to-date: /root/ros_ws/src/Rescue_Car_ws/install/statistics_msgs/share/statistics_msgs/cmake/export_statistics_msgs__rosidl_generator_cExport.cmake
[0.739s] -- Up-to-date: /root/ros_ws/src/Rescue_Car_ws/install/statistics_msgs/share/statistics_msgs/cmake/export_statistics_msgs__rosidl_generator_cExport-noconfig.cmake
[0.739s] -- Up-to-date: /root/ros_ws/src/Rescue_Car_ws/install/statistics_msgs/share/statistics_msgs/cmake/export_statistics_msgs__rosidl_typesupport_fastrtps_cExport.cmake
[0.739s] -- Up-to-date: /root/ros_ws/src/Rescue_Car_ws/install/statistics_msgs/share/statistics_msgs/cmake/export_statistics_msgs__rosidl_typesupport_fastrtps_cExport-noconfig.cmake
[0.739s] -- Up-to-date: /root/ros_ws/src/Rescue_Car_ws/install/statistics_msgs/share/statistics_msgs/cmake/export_statistics_msgs__rosidl_generator_cppExport.cmake
[0.739s] -- Up-to-date: /root/ros_ws/src/Rescue_Car_ws/install/statistics_msgs/share/statistics_msgs/cmake/export_statistics_msgs__rosidl_typesupport_fastrtps_cppExport.cmake
[0.739s] -- Up-to-date: /root/ros_ws/src/Rescue_Car_ws/install/statistics_msgs/share/statistics_msgs/cmake/export_statistics_msgs__rosidl_typesupport_fastrtps_cppExport-noconfig.cmake
[0.739s] -- Up-to-date: /root/ros_ws/src/Rescue_Car_ws/install/statistics_msgs/share/statistics_msgs/cmake/statistics_msgs__rosidl_typesupport_introspection_cExport.cmake
[0.739s] -- Up-to-date: /root/ros_ws/src/Rescue_Car_ws/install/statistics_msgs/share/statistics_msgs/cmake/statistics_msgs__rosidl_typesupport_introspection_cExport-noconfig.cmake
[0.739s] -- Up-to-date: /root/ros_ws/src/Rescue_Car_ws/install/statistics_msgs/share/statistics_msgs/cmake/statistics_msgs__rosidl_typesupport_cExport.cmake
[0.740s] -- Up-to-date: /root/ros_ws/src/Rescue_Car_ws/install/statistics_msgs/share/statistics_msgs/cmake/statistics_msgs__rosidl_typesupport_cExport-noconfig.cmake
[0.740s] -- Up-to-date: /root/ros_ws/src/Rescue_Car_ws/install/statistics_msgs/share/statistics_msgs/cmake/statistics_msgs__rosidl_typesupport_introspection_cppExport.cmake
[0.740s] -- Up-to-date: /root/ros_ws/src/Rescue_Car_ws/install/statistics_msgs/share/statistics_msgs/cmake/statistics_msgs__rosidl_typesupport_introspection_cppExport-noconfig.cmake
[0.740s] -- Up-to-date: /root/ros_ws/src/Rescue_Car_ws/install/statistics_msgs/share/statistics_msgs/cmake/statistics_msgs__rosidl_typesupport_cppExport.cmake
[0.740s] -- Up-to-date: /root/ros_ws/src/Rescue_Car_ws/install/statistics_msgs/share/statistics_msgs/cmake/statistics_msgs__rosidl_typesupport_cppExport-noconfig.cmake
[0.740s] -- Up-to-date: /root/ros_ws/src/Rescue_Car_ws/install/statistics_msgs/share/statistics_msgs/cmake/export_statistics_msgs__rosidl_generator_pyExport.cmake
[0.740s] -- Up-to-date: /root/ros_ws/src/Rescue_Car_ws/install/statistics_msgs/share/statistics_msgs/cmake/export_statistics_msgs__rosidl_generator_pyExport-noconfig.cmake
[0.740s] -- Up-to-date: /root/ros_ws/src/Rescue_Car_ws/install/statistics_msgs/share/statistics_msgs/cmake/rosidl_cmake-extras.cmake
[0.740s] -- Up-to-date: /root/ros_ws/src/Rescue_Car_ws/install/statistics_msgs/share/statistics_msgs/cmake/ament_cmake_export_dependencies-extras.cmake
[0.740s] -- Up-to-date: /root/ros_ws/src/Rescue_Car_ws/install/statistics_msgs/share/statistics_msgs/cmake/ament_cmake_export_include_directories-extras.cmake
[0.740s] -- Up-to-date: /root/ros_ws/src/Rescue_Car_ws/install/statistics_msgs/share/statistics_msgs/cmake/ament_cmake_export_libraries-extras.cmake
[0.741s] -- Up-to-date: /root/ros_ws/src/Rescue_Car_ws/install/statistics_msgs/share/statistics_msgs/cmake/ament_cmake_export_targets-extras.cmake
[0.741s] -- Up-to-date: /root/ros_ws/src/Rescue_Car_ws/install/statistics_msgs/share/statistics_msgs/cmake/rosidl_cmake_export_typesupport_targets-extras.cmake
[0.741s] -- Up-to-date: /root/ros_ws/src/Rescue_Car_ws/install/statistics_msgs/share/statistics_msgs/cmake/rosidl_cmake_export_typesupport_libraries-extras.cmake
[0.741s] -- Up-to-date: /root/ros_ws/src/Rescue_Car_ws/install/statistics_msgs/share/statistics_msgs/cmake/statistics_msgsConfig.cmake
[0.741s] -- Up-to-date: /root/ros_ws/src/Rescue_Car_ws/install/statistics_msgs/share/statistics_msgs/cmake/statistics_msgsConfig-version.cmake
[0.741s] -- Up-to-date: /root/ros_ws/src/Rescue_Car_ws/install/statistics_msgs/share/statistics_msgs/package.xml
[0.779s] Invoked command in '/root/ros_ws/src/Rescue_Car_ws/build/statistics_msgs' returned '0': AMENT_PREFIX_PATH=/root/ros_ws/src/Rescue_Car_ws/install/builtin_interfaces:${AMENT_PREFIX_PATH} CMAKE_PREFIX_PATH=/root/ros_ws/src/Rescue_Car_ws/install/builtin_interfaces:/opt/ros/humble LD_LIBRARY_PATH=/root/ros_ws/src/Rescue_Car_ws/install/builtin_interfaces/lib:${LD_LIBRARY_PATH} PYTHONPATH=/root/ros_ws/src/Rescue_Car_ws/install/builtin_interfaces/local/lib/python3.10/dist-packages:${PYTHONPATH} /usr/bin/cmake --install /root/ros_ws/src/Rescue_Car_ws/build/statistics_msgs
