[0.141s] Invoking command in '/root/ros_ws/src/Rescue_Car_ws/build/actionlib_msgs': CMAKE_PREFIX_PATH=/root/ros_ws/src/Rescue_Car_ws/install/std_msgs:/root/ros_ws/src/Rescue_Car_ws/install/builtin_interfaces:/root/ros_ws/src/Rescue_Car_ws/install/micro_ros_demos_rclc:/root/ros_ws/src/Rescue_Car_ws/install/common_interfaces:/root/ros_ws/src/Rescue_Car_ws/install/visualization_msgs:/root/ros_ws/src/Rescue_Car_ws/install/test_msgs:/root/ros_ws/src/Rescue_Car_ws/install/example_interfaces:/root/ros_ws/src/Rescue_Car_ws/install/action_msgs:/root/ros_ws/src/Rescue_Car_ws/install/unique_identifier_msgs:/root/ros_ws/src/Rescue_Car_ws/install/trajectory_msgs:/root/ros_ws/src/Rescue_Car_ws/install/stereo_msgs:/root/ros_ws/src/Rescue_Car_ws/install/std_srvs:/root/ros_ws/src/Rescue_Car_ws/install/shape_msgs:/root/ros_ws/src/Rescue_Car_ws/install/sensor_msgs:/root/ros_ws/src/Rescue_Car_ws/install/nav_msgs:/root/ros_ws/src/Rescue_Car_ws/install/diagnostic_msgs:/root/ros_ws/src/Rescue_Car_ws/install/geometry_msgs:/root/ros_ws/src/Rescue_Car_ws/install/actionlib_msgs:/root/ros_ws/src/Rescue_Car_ws/install/statistics_msgs:/root/ros_ws/src/Rescue_Car_ws/install/rosidl_typesupport_microxrcedds_test_msg:/root/ros_ws/src/Rescue_Car_ws/install/rosidl_typesupport_microxrcedds_cpp_tests:/root/ros_ws/src/Rescue_Car_ws/install/rmw_microxrcedds:/root/ros_ws/src/Rescue_Car_ws/install/rosidl_typesupport_microxrcedds_cpp:/root/ros_ws/src/Rescue_Car_ws/install/rosidl_typesupport_microxrcedds_c_tests:/root/ros_ws/src/Rescue_Car_ws/install/rosidl_typesupport_microxrcedds_c:/root/ros_ws/src/Rescue_Car_ws/install/rosgraph_msgs:/root/ros_ws/src/Rescue_Car_ws/install/rclc_parameter:/root/ros_ws/src/Rescue_Car_ws/install/rclc:/root/ros_ws/src/Rescue_Car_ws/install/composition_interfaces:/root/ros_ws/src/Rescue_Car_ws/install/rcl_interfaces:/root/ros_ws/src/Rescue_Car_ws/install/microxrcedds_client:/root/ros_ws/src/Rescue_Car_ws/install/microcdr:/root/ros_ws/src/Rescue_Car_ws/install/micro_ros_utilities:/root/ros_ws/src/Rescue_Car_ws/install/micro_ros_setup:/root/ros_ws/src/Rescue_Car_ws/install/micro_ros_agent:/root/ros_ws/src/Rescue_Car_ws/install/micro_ros_msgs:/root/ros_ws/src/Rescue_Car_ws/install/lifecycle_msgs:/root/ros_ws/src/Rescue_Car_ws/install/complex_msgs:/root/ros_ws/src/Rescue_Car_ws/install/car:/root/ros_ws/src/Rescue_Car_ws/install/sensor_msgs_py:/opt/ros/humble LD_LIBRARY_PATH=/root/ros_ws/src/Rescue_Car_ws/install/std_msgs/lib:/root/ros_ws/src/Rescue_Car_ws/install/builtin_interfaces/lib:/root/ros_ws/src/Rescue_Car_ws/install/visualization_msgs/lib:/root/ros_ws/src/Rescue_Car_ws/install/test_msgs/lib:/root/ros_ws/src/Rescue_Car_ws/install/example_interfaces/lib:/root/ros_ws/src/Rescue_Car_ws/install/action_msgs/lib:/root/ros_ws/src/Rescue_Car_ws/install/unique_identifier_msgs/lib:/root/ros_ws/src/Rescue_Car_ws/install/trajectory_msgs/lib:/root/ros_ws/src/Rescue_Car_ws/install/stereo_msgs/lib:/root/ros_ws/src/Rescue_Car_ws/install/std_srvs/lib:/root/ros_ws/src/Rescue_Car_ws/install/shape_msgs/lib:/root/ros_ws/src/Rescue_Car_ws/install/sensor_msgs/lib:/root/ros_ws/src/Rescue_Car_ws/install/nav_msgs/lib:/root/ros_ws/src/Rescue_Car_ws/install/diagnostic_msgs/lib:/root/ros_ws/src/Rescue_Car_ws/install/geometry_msgs/lib:/root/ros_ws/src/Rescue_Car_ws/install/actionlib_msgs/lib:/root/ros_ws/src/Rescue_Car_ws/install/statistics_msgs/lib:/root/ros_ws/src/Rescue_Car_ws/install/rosidl_typesupport_microxrcedds_test_msg/lib:/root/ros_ws/src/Rescue_Car_ws/install/rmw_microxrcedds/lib:/root/ros_ws/src/Rescue_Car_ws/install/rosidl_typesupport_microxrcedds_cpp/lib:/root/ros_ws/src/Rescue_Car_ws/install/rosidl_typesupport_microxrcedds_c/lib:/root/ros_ws/src/Rescue_Car_ws/install/rosgraph_msgs/lib:/root/ros_ws/src/Rescue_Car_ws/install/rclc_parameter/lib:/root/ros_ws/src/Rescue_Car_ws/install/rclc/lib:/root/ros_ws/src/Rescue_Car_ws/install/composition_interfaces/lib:/root/ros_ws/src/Rescue_Car_ws/install/rcl_interfaces/lib:/root/ros_ws/src/Rescue_Car_ws/install/micro_ros_utilities/lib:/root/ros_ws/src/Rescue_Car_ws/install/micro_ros_agent/lib:/root/ros_ws/src/Rescue_Car_ws/install/micro_ros_msgs/lib:/root/ros_ws/src/Rescue_Car_ws/install/lifecycle_msgs/lib:/root/ros_ws/src/Rescue_Car_ws/install/complex_msgs/lib:/usr/lib/x86_64-linux-gnu/gazebo-11/plugins:/opt/ros/humble/opt/rviz_ogre_vendor/lib:/opt/ros/humble/lib/x86_64-linux-gnu:/opt/ros/humble/lib /usr/bin/cmake --build /root/ros_ws/src/Rescue_Car_ws/build/actionlib_msgs -- -j20 -l20
[0.186s] [ 10%] Built target actionlib_msgs__rosidl_generator_c
[0.188s] [ 12%] Built target actionlib_msgs__cpp
[0.202s] [ 12%] Built target ament_cmake_python_copy_actionlib_msgs
[0.213s] [ 23%] Built target actionlib_msgs__rosidl_typesupport_introspection_c
[0.215s] [ 34%] Built target actionlib_msgs__rosidl_typesupport_cpp
[0.216s] [ 44%] Built target actionlib_msgs__rosidl_typesupport_fastrtps_cpp
[0.216s] [ 55%] Built target actionlib_msgs__rosidl_typesupport_c
[0.219s] [ 65%] Built target actionlib_msgs__rosidl_typesupport_introspection_cpp
[0.219s] [ 76%] Built target actionlib_msgs__rosidl_typesupport_fastrtps_c
[0.252s] [ 76%] Built target actionlib_msgs
[0.281s] [ 78%] Built target actionlib_msgs__py
[0.314s] [ 87%] Built target actionlib_msgs__rosidl_generator_py
[0.339s] [ 91%] Built target actionlib_msgs__rosidl_typesupport_fastrtps_c__pyext
[0.341s] [ 95%] Built target actionlib_msgs__rosidl_typesupport_c__pyext
[0.342s] [100%] Built target actionlib_msgs__rosidl_typesupport_introspection_c__pyext
[0.471s] running egg_info
[0.471s] writing actionlib_msgs.egg-info/PKG-INFO
[0.471s] writing dependency_links to actionlib_msgs.egg-info/dependency_links.txt
[0.471s] writing top-level names to actionlib_msgs.egg-info/top_level.txt
[0.472s] reading manifest file 'actionlib_msgs.egg-info/SOURCES.txt'
[0.473s] writing manifest file 'actionlib_msgs.egg-info/SOURCES.txt'
[0.515s] [100%] Built target ament_cmake_python_build_actionlib_msgs_egg
[0.547s] Invoked command in '/root/ros_ws/src/Rescue_Car_ws/build/actionlib_msgs' returned '0': CMAKE_PREFIX_PATH=/root/ros_ws/src/Rescue_Car_ws/install/std_msgs:/root/ros_ws/src/Rescue_Car_ws/install/builtin_interfaces:/root/ros_ws/src/Rescue_Car_ws/install/micro_ros_demos_rclc:/root/ros_ws/src/Rescue_Car_ws/install/common_interfaces:/root/ros_ws/src/Rescue_Car_ws/install/visualization_msgs:/root/ros_ws/src/Rescue_Car_ws/install/test_msgs:/root/ros_ws/src/Rescue_Car_ws/install/example_interfaces:/root/ros_ws/src/Rescue_Car_ws/install/action_msgs:/root/ros_ws/src/Rescue_Car_ws/install/unique_identifier_msgs:/root/ros_ws/src/Rescue_Car_ws/install/trajectory_msgs:/root/ros_ws/src/Rescue_Car_ws/install/stereo_msgs:/root/ros_ws/src/Rescue_Car_ws/install/std_srvs:/root/ros_ws/src/Rescue_Car_ws/install/shape_msgs:/root/ros_ws/src/Rescue_Car_ws/install/sensor_msgs:/root/ros_ws/src/Rescue_Car_ws/install/nav_msgs:/root/ros_ws/src/Rescue_Car_ws/install/diagnostic_msgs:/root/ros_ws/src/Rescue_Car_ws/install/geometry_msgs:/root/ros_ws/src/Rescue_Car_ws/install/actionlib_msgs:/root/ros_ws/src/Rescue_Car_ws/install/statistics_msgs:/root/ros_ws/src/Rescue_Car_ws/install/rosidl_typesupport_microxrcedds_test_msg:/root/ros_ws/src/Rescue_Car_ws/install/rosidl_typesupport_microxrcedds_cpp_tests:/root/ros_ws/src/Rescue_Car_ws/install/rmw_microxrcedds:/root/ros_ws/src/Rescue_Car_ws/install/rosidl_typesupport_microxrcedds_cpp:/root/ros_ws/src/Rescue_Car_ws/install/rosidl_typesupport_microxrcedds_c_tests:/root/ros_ws/src/Rescue_Car_ws/install/rosidl_typesupport_microxrcedds_c:/root/ros_ws/src/Rescue_Car_ws/install/rosgraph_msgs:/root/ros_ws/src/Rescue_Car_ws/install/rclc_parameter:/root/ros_ws/src/Rescue_Car_ws/install/rclc:/root/ros_ws/src/Rescue_Car_ws/install/composition_interfaces:/root/ros_ws/src/Rescue_Car_ws/install/rcl_interfaces:/root/ros_ws/src/Rescue_Car_ws/install/microxrcedds_client:/root/ros_ws/src/Rescue_Car_ws/install/microcdr:/root/ros_ws/src/Rescue_Car_ws/install/micro_ros_utilities:/root/ros_ws/src/Rescue_Car_ws/install/micro_ros_setup:/root/ros_ws/src/Rescue_Car_ws/install/micro_ros_agent:/root/ros_ws/src/Rescue_Car_ws/install/micro_ros_msgs:/root/ros_ws/src/Rescue_Car_ws/install/lifecycle_msgs:/root/ros_ws/src/Rescue_Car_ws/install/complex_msgs:/root/ros_ws/src/Rescue_Car_ws/install/car:/root/ros_ws/src/Rescue_Car_ws/install/sensor_msgs_py:/opt/ros/humble LD_LIBRARY_PATH=/root/ros_ws/src/Rescue_Car_ws/install/std_msgs/lib:/root/ros_ws/src/Rescue_Car_ws/install/builtin_interfaces/lib:/root/ros_ws/src/Rescue_Car_ws/install/visualization_msgs/lib:/root/ros_ws/src/Rescue_Car_ws/install/test_msgs/lib:/root/ros_ws/src/Rescue_Car_ws/install/example_interfaces/lib:/root/ros_ws/src/Rescue_Car_ws/install/action_msgs/lib:/root/ros_ws/src/Rescue_Car_ws/install/unique_identifier_msgs/lib:/root/ros_ws/src/Rescue_Car_ws/install/trajectory_msgs/lib:/root/ros_ws/src/Rescue_Car_ws/install/stereo_msgs/lib:/root/ros_ws/src/Rescue_Car_ws/install/std_srvs/lib:/root/ros_ws/src/Rescue_Car_ws/install/shape_msgs/lib:/root/ros_ws/src/Rescue_Car_ws/install/sensor_msgs/lib:/root/ros_ws/src/Rescue_Car_ws/install/nav_msgs/lib:/root/ros_ws/src/Rescue_Car_ws/install/diagnostic_msgs/lib:/root/ros_ws/src/Rescue_Car_ws/install/geometry_msgs/lib:/root/ros_ws/src/Rescue_Car_ws/install/actionlib_msgs/lib:/root/ros_ws/src/Rescue_Car_ws/install/statistics_msgs/lib:/root/ros_ws/src/Rescue_Car_ws/install/rosidl_typesupport_microxrcedds_test_msg/lib:/root/ros_ws/src/Rescue_Car_ws/install/rmw_microxrcedds/lib:/root/ros_ws/src/Rescue_Car_ws/install/rosidl_typesupport_microxrcedds_cpp/lib:/root/ros_ws/src/Rescue_Car_ws/install/rosidl_typesupport_microxrcedds_c/lib:/root/ros_ws/src/Rescue_Car_ws/install/rosgraph_msgs/lib:/root/ros_ws/src/Rescue_Car_ws/install/rclc_parameter/lib:/root/ros_ws/src/Rescue_Car_ws/install/rclc/lib:/root/ros_ws/src/Rescue_Car_ws/install/composition_interfaces/lib:/root/ros_ws/src/Rescue_Car_ws/install/rcl_interfaces/lib:/root/ros_ws/src/Rescue_Car_ws/install/micro_ros_utilities/lib:/root/ros_ws/src/Rescue_Car_ws/install/micro_ros_agent/lib:/root/ros_ws/src/Rescue_Car_ws/install/micro_ros_msgs/lib:/root/ros_ws/src/Rescue_Car_ws/install/lifecycle_msgs/lib:/root/ros_ws/src/Rescue_Car_ws/install/complex_msgs/lib:/usr/lib/x86_64-linux-gnu/gazebo-11/plugins:/opt/ros/humble/opt/rviz_ogre_vendor/lib:/opt/ros/humble/lib/x86_64-linux-gnu:/opt/ros/humble/lib /usr/bin/cmake --build /root/ros_ws/src/Rescue_Car_ws/build/actionlib_msgs -- -j20 -l20
[0.548s] Invoking command in '/root/ros_ws/src/Rescue_Car_ws/build/actionlib_msgs': CMAKE_PREFIX_PATH=/root/ros_ws/src/Rescue_Car_ws/install/std_msgs:/root/ros_ws/src/Rescue_Car_ws/install/builtin_interfaces:/root/ros_ws/src/Rescue_Car_ws/install/micro_ros_demos_rclc:/root/ros_ws/src/Rescue_Car_ws/install/common_interfaces:/root/ros_ws/src/Rescue_Car_ws/install/visualization_msgs:/root/ros_ws/src/Rescue_Car_ws/install/test_msgs:/root/ros_ws/src/Rescue_Car_ws/install/example_interfaces:/root/ros_ws/src/Rescue_Car_ws/install/action_msgs:/root/ros_ws/src/Rescue_Car_ws/install/unique_identifier_msgs:/root/ros_ws/src/Rescue_Car_ws/install/trajectory_msgs:/root/ros_ws/src/Rescue_Car_ws/install/stereo_msgs:/root/ros_ws/src/Rescue_Car_ws/install/std_srvs:/root/ros_ws/src/Rescue_Car_ws/install/shape_msgs:/root/ros_ws/src/Rescue_Car_ws/install/sensor_msgs:/root/ros_ws/src/Rescue_Car_ws/install/nav_msgs:/root/ros_ws/src/Rescue_Car_ws/install/diagnostic_msgs:/root/ros_ws/src/Rescue_Car_ws/install/geometry_msgs:/root/ros_ws/src/Rescue_Car_ws/install/actionlib_msgs:/root/ros_ws/src/Rescue_Car_ws/install/statistics_msgs:/root/ros_ws/src/Rescue_Car_ws/install/rosidl_typesupport_microxrcedds_test_msg:/root/ros_ws/src/Rescue_Car_ws/install/rosidl_typesupport_microxrcedds_cpp_tests:/root/ros_ws/src/Rescue_Car_ws/install/rmw_microxrcedds:/root/ros_ws/src/Rescue_Car_ws/install/rosidl_typesupport_microxrcedds_cpp:/root/ros_ws/src/Rescue_Car_ws/install/rosidl_typesupport_microxrcedds_c_tests:/root/ros_ws/src/Rescue_Car_ws/install/rosidl_typesupport_microxrcedds_c:/root/ros_ws/src/Rescue_Car_ws/install/rosgraph_msgs:/root/ros_ws/src/Rescue_Car_ws/install/rclc_parameter:/root/ros_ws/src/Rescue_Car_ws/install/rclc:/root/ros_ws/src/Rescue_Car_ws/install/composition_interfaces:/root/ros_ws/src/Rescue_Car_ws/install/rcl_interfaces:/root/ros_ws/src/Rescue_Car_ws/install/microxrcedds_client:/root/ros_ws/src/Rescue_Car_ws/install/microcdr:/root/ros_ws/src/Rescue_Car_ws/install/micro_ros_utilities:/root/ros_ws/src/Rescue_Car_ws/install/micro_ros_setup:/root/ros_ws/src/Rescue_Car_ws/install/micro_ros_agent:/root/ros_ws/src/Rescue_Car_ws/install/micro_ros_msgs:/root/ros_ws/src/Rescue_Car_ws/install/lifecycle_msgs:/root/ros_ws/src/Rescue_Car_ws/install/complex_msgs:/root/ros_ws/src/Rescue_Car_ws/install/car:/root/ros_ws/src/Rescue_Car_ws/install/sensor_msgs_py:/opt/ros/humble LD_LIBRARY_PATH=/root/ros_ws/src/Rescue_Car_ws/install/std_msgs/lib:/root/ros_ws/src/Rescue_Car_ws/install/builtin_interfaces/lib:/root/ros_ws/src/Rescue_Car_ws/install/visualization_msgs/lib:/root/ros_ws/src/Rescue_Car_ws/install/test_msgs/lib:/root/ros_ws/src/Rescue_Car_ws/install/example_interfaces/lib:/root/ros_ws/src/Rescue_Car_ws/install/action_msgs/lib:/root/ros_ws/src/Rescue_Car_ws/install/unique_identifier_msgs/lib:/root/ros_ws/src/Rescue_Car_ws/install/trajectory_msgs/lib:/root/ros_ws/src/Rescue_Car_ws/install/stereo_msgs/lib:/root/ros_ws/src/Rescue_Car_ws/install/std_srvs/lib:/root/ros_ws/src/Rescue_Car_ws/install/shape_msgs/lib:/root/ros_ws/src/Rescue_Car_ws/install/sensor_msgs/lib:/root/ros_ws/src/Rescue_Car_ws/install/nav_msgs/lib:/root/ros_ws/src/Rescue_Car_ws/install/diagnostic_msgs/lib:/root/ros_ws/src/Rescue_Car_ws/install/geometry_msgs/lib:/root/ros_ws/src/Rescue_Car_ws/install/actionlib_msgs/lib:/root/ros_ws/src/Rescue_Car_ws/install/statistics_msgs/lib:/root/ros_ws/src/Rescue_Car_ws/install/rosidl_typesupport_microxrcedds_test_msg/lib:/root/ros_ws/src/Rescue_Car_ws/install/rmw_microxrcedds/lib:/root/ros_ws/src/Rescue_Car_ws/install/rosidl_typesupport_microxrcedds_cpp/lib:/root/ros_ws/src/Rescue_Car_ws/install/rosidl_typesupport_microxrcedds_c/lib:/root/ros_ws/src/Rescue_Car_ws/install/rosgraph_msgs/lib:/root/ros_ws/src/Rescue_Car_ws/install/rclc_parameter/lib:/root/ros_ws/src/Rescue_Car_ws/install/rclc/lib:/root/ros_ws/src/Rescue_Car_ws/install/composition_interfaces/lib:/root/ros_ws/src/Rescue_Car_ws/install/rcl_interfaces/lib:/root/ros_ws/src/Rescue_Car_ws/install/micro_ros_utilities/lib:/root/ros_ws/src/Rescue_Car_ws/install/micro_ros_agent/lib:/root/ros_ws/src/Rescue_Car_ws/install/micro_ros_msgs/lib:/root/ros_ws/src/Rescue_Car_ws/install/lifecycle_msgs/lib:/root/ros_ws/src/Rescue_Car_ws/install/complex_msgs/lib:/usr/lib/x86_64-linux-gnu/gazebo-11/plugins:/opt/ros/humble/opt/rviz_ogre_vendor/lib:/opt/ros/humble/lib/x86_64-linux-gnu:/opt/ros/humble/lib /usr/bin/cmake --install /root/ros_ws/src/Rescue_Car_ws/build/actionlib_msgs
[0.564s] -- Install configuration: ""
[0.564s] -- Up-to-date: /root/ros_ws/src/Rescue_Car_ws/install/actionlib_msgs/share/ament_index/resource_index/rosidl_interfaces/actionlib_msgs
[0.564s] -- Up-to-date: /root/ros_ws/src/Rescue_Car_ws/install/actionlib_msgs/include/actionlib_msgs/actionlib_msgs
[0.564s] -- Up-to-date: /root/ros_ws/src/Rescue_Car_ws/install/actionlib_msgs/include/actionlib_msgs/actionlib_msgs/msg
[0.564s] -- Up-to-date: /root/ros_ws/src/Rescue_Car_ws/install/actionlib_msgs/include/actionlib_msgs/actionlib_msgs/msg/goal_status_array.h
[0.564s] -- Up-to-date: /root/ros_ws/src/Rescue_Car_ws/install/actionlib_msgs/include/actionlib_msgs/actionlib_msgs/msg/detail
[0.564s] -- Up-to-date: /root/ros_ws/src/Rescue_Car_ws/install/actionlib_msgs/include/actionlib_msgs/actionlib_msgs/msg/detail/goal_id__struct.h
[0.565s] -- Up-to-date: /root/ros_ws/src/Rescue_Car_ws/install/actionlib_msgs/include/actionlib_msgs/actionlib_msgs/msg/detail/goal_status_array__functions.c
[0.565s] -- Up-to-date: /root/ros_ws/src/Rescue_Car_ws/install/actionlib_msgs/include/actionlib_msgs/actionlib_msgs/msg/detail/goal_id__type_support.h
[0.565s] -- Up-to-date: /root/ros_ws/src/Rescue_Car_ws/install/actionlib_msgs/include/actionlib_msgs/actionlib_msgs/msg/detail/goal_id__functions.c
[0.565s] -- Up-to-date: /root/ros_ws/src/Rescue_Car_ws/install/actionlib_msgs/include/actionlib_msgs/actionlib_msgs/msg/detail/goal_status__functions.h
[0.565s] -- Up-to-date: /root/ros_ws/src/Rescue_Car_ws/install/actionlib_msgs/include/actionlib_msgs/actionlib_msgs/msg/detail/goal_status__functions.c
[0.565s] -- Up-to-date: /root/ros_ws/src/Rescue_Car_ws/install/actionlib_msgs/include/actionlib_msgs/actionlib_msgs/msg/detail/goal_status_array__functions.h
[0.565s] -- Up-to-date: /root/ros_ws/src/Rescue_Car_ws/install/actionlib_msgs/include/actionlib_msgs/actionlib_msgs/msg/detail/goal_status__type_support.h
[0.565s] -- Up-to-date: /root/ros_ws/src/Rescue_Car_ws/install/actionlib_msgs/include/actionlib_msgs/actionlib_msgs/msg/detail/goal_id__functions.h
[0.565s] -- Up-to-date: /root/ros_ws/src/Rescue_Car_ws/install/actionlib_msgs/include/actionlib_msgs/actionlib_msgs/msg/detail/goal_status_array__struct.h
[0.565s] -- Up-to-date: /root/ros_ws/src/Rescue_Car_ws/install/actionlib_msgs/include/actionlib_msgs/actionlib_msgs/msg/detail/goal_status_array__type_support.h
[0.565s] -- Up-to-date: /root/ros_ws/src/Rescue_Car_ws/install/actionlib_msgs/include/actionlib_msgs/actionlib_msgs/msg/detail/goal_status__struct.h
[0.566s] -- Up-to-date: /root/ros_ws/src/Rescue_Car_ws/install/actionlib_msgs/include/actionlib_msgs/actionlib_msgs/msg/rosidl_generator_c__visibility_control.h
[0.566s] -- Up-to-date: /root/ros_ws/src/Rescue_Car_ws/install/actionlib_msgs/include/actionlib_msgs/actionlib_msgs/msg/goal_id.h
[0.566s] -- Up-to-date: /root/ros_ws/src/Rescue_Car_ws/install/actionlib_msgs/include/actionlib_msgs/actionlib_msgs/msg/goal_status.h
[0.566s] -- Up-to-date: /root/ros_ws/src/Rescue_Car_ws/install/actionlib_msgs/share/actionlib_msgs/environment/library_path.sh
[0.566s] -- Up-to-date: /root/ros_ws/src/Rescue_Car_ws/install/actionlib_msgs/share/actionlib_msgs/environment/library_path.dsv
[0.566s] -- Up-to-date: /root/ros_ws/src/Rescue_Car_ws/install/actionlib_msgs/lib/libactionlib_msgs__rosidl_generator_c.so
[0.566s] -- Up-to-date: /root/ros_ws/src/Rescue_Car_ws/install/actionlib_msgs/include/actionlib_msgs/actionlib_msgs
[0.566s] -- Up-to-date: /root/ros_ws/src/Rescue_Car_ws/install/actionlib_msgs/include/actionlib_msgs/actionlib_msgs/msg
[0.566s] -- Up-to-date: /root/ros_ws/src/Rescue_Car_ws/install/actionlib_msgs/include/actionlib_msgs/actionlib_msgs/msg/detail
[0.566s] -- Up-to-date: /root/ros_ws/src/Rescue_Car_ws/install/actionlib_msgs/include/actionlib_msgs/actionlib_msgs/msg/detail/goal_status__rosidl_typesupport_fastrtps_c.h
[0.566s] -- Up-to-date: /root/ros_ws/src/Rescue_Car_ws/install/actionlib_msgs/include/actionlib_msgs/actionlib_msgs/msg/detail/goal_status_array__rosidl_typesupport_fastrtps_c.h
[0.566s] -- Up-to-date: /root/ros_ws/src/Rescue_Car_ws/install/actionlib_msgs/include/actionlib_msgs/actionlib_msgs/msg/detail/goal_id__rosidl_typesupport_fastrtps_c.h
[0.566s] -- Up-to-date: /root/ros_ws/src/Rescue_Car_ws/install/actionlib_msgs/include/actionlib_msgs/actionlib_msgs/msg/rosidl_typesupport_fastrtps_c__visibility_control.h
[0.566s] -- Up-to-date: /root/ros_ws/src/Rescue_Car_ws/install/actionlib_msgs/lib/libactionlib_msgs__rosidl_typesupport_fastrtps_c.so
[0.566s] -- Up-to-date: /root/ros_ws/src/Rescue_Car_ws/install/actionlib_msgs/include/actionlib_msgs/actionlib_msgs
[0.566s] -- Up-to-date: /root/ros_ws/src/Rescue_Car_ws/install/actionlib_msgs/include/actionlib_msgs/actionlib_msgs/msg
[0.567s] -- Up-to-date: /root/ros_ws/src/Rescue_Car_ws/install/actionlib_msgs/include/actionlib_msgs/actionlib_msgs/msg/rosidl_generator_cpp__visibility_control.hpp
[0.567s] -- Up-to-date: /root/ros_ws/src/Rescue_Car_ws/install/actionlib_msgs/include/actionlib_msgs/actionlib_msgs/msg/goal_status_array.hpp
[0.567s] -- Up-to-date: /root/ros_ws/src/Rescue_Car_ws/install/actionlib_msgs/include/actionlib_msgs/actionlib_msgs/msg/goal_status.hpp
[0.567s] -- Up-to-date: /root/ros_ws/src/Rescue_Car_ws/install/actionlib_msgs/include/actionlib_msgs/actionlib_msgs/msg/detail
[0.567s] -- Up-to-date: /root/ros_ws/src/Rescue_Car_ws/install/actionlib_msgs/include/actionlib_msgs/actionlib_msgs/msg/detail/goal_status_array__builder.hpp
[0.567s] -- Up-to-date: /root/ros_ws/src/Rescue_Car_ws/install/actionlib_msgs/include/actionlib_msgs/actionlib_msgs/msg/detail/goal_id__builder.hpp
[0.567s] -- Up-to-date: /root/ros_ws/src/Rescue_Car_ws/install/actionlib_msgs/include/actionlib_msgs/actionlib_msgs/msg/detail/goal_id__type_support.hpp
[0.567s] -- Up-to-date: /root/ros_ws/src/Rescue_Car_ws/install/actionlib_msgs/include/actionlib_msgs/actionlib_msgs/msg/detail/goal_status_array__type_support.hpp
[0.567s] -- Up-to-date: /root/ros_ws/src/Rescue_Car_ws/install/actionlib_msgs/include/actionlib_msgs/actionlib_msgs/msg/detail/goal_status__type_support.hpp
[0.567s] -- Up-to-date: /root/ros_ws/src/Rescue_Car_ws/install/actionlib_msgs/include/actionlib_msgs/actionlib_msgs/msg/detail/goal_status_array__traits.hpp
[0.567s] -- Up-to-date: /root/ros_ws/src/Rescue_Car_ws/install/actionlib_msgs/include/actionlib_msgs/actionlib_msgs/msg/detail/goal_status__struct.hpp
[0.567s] -- Up-to-date: /root/ros_ws/src/Rescue_Car_ws/install/actionlib_msgs/include/actionlib_msgs/actionlib_msgs/msg/detail/goal_status_array__struct.hpp
[0.567s] -- Up-to-date: /root/ros_ws/src/Rescue_Car_ws/install/actionlib_msgs/include/actionlib_msgs/actionlib_msgs/msg/detail/goal_id__traits.hpp
[0.567s] -- Up-to-date: /root/ros_ws/src/Rescue_Car_ws/install/actionlib_msgs/include/actionlib_msgs/actionlib_msgs/msg/detail/goal_id__struct.hpp
[0.568s] -- Up-to-date: /root/ros_ws/src/Rescue_Car_ws/install/actionlib_msgs/include/actionlib_msgs/actionlib_msgs/msg/detail/goal_status__traits.hpp
[0.568s] -- Up-to-date: /root/ros_ws/src/Rescue_Car_ws/install/actionlib_msgs/include/actionlib_msgs/actionlib_msgs/msg/detail/goal_status__builder.hpp
[0.568s] -- Up-to-date: /root/ros_ws/src/Rescue_Car_ws/install/actionlib_msgs/include/actionlib_msgs/actionlib_msgs/msg/goal_id.hpp
[0.568s] -- Up-to-date: /root/ros_ws/src/Rescue_Car_ws/install/actionlib_msgs/include/actionlib_msgs/actionlib_msgs
[0.568s] -- Up-to-date: /root/ros_ws/src/Rescue_Car_ws/install/actionlib_msgs/include/actionlib_msgs/actionlib_msgs/msg
[0.568s] -- Up-to-date: /root/ros_ws/src/Rescue_Car_ws/install/actionlib_msgs/include/actionlib_msgs/actionlib_msgs/msg/rosidl_typesupport_fastrtps_cpp__visibility_control.h
[0.568s] -- Up-to-date: /root/ros_ws/src/Rescue_Car_ws/install/actionlib_msgs/include/actionlib_msgs/actionlib_msgs/msg/detail
[0.568s] -- Up-to-date: /root/ros_ws/src/Rescue_Car_ws/install/actionlib_msgs/include/actionlib_msgs/actionlib_msgs/msg/detail/goal_status__rosidl_typesupport_fastrtps_cpp.hpp
[0.568s] -- Up-to-date: /root/ros_ws/src/Rescue_Car_ws/install/actionlib_msgs/include/actionlib_msgs/actionlib_msgs/msg/detail/goal_id__rosidl_typesupport_fastrtps_cpp.hpp
[0.568s] -- Up-to-date: /root/ros_ws/src/Rescue_Car_ws/install/actionlib_msgs/include/actionlib_msgs/actionlib_msgs/msg/detail/dds_fastrtps
[0.568s] -- Up-to-date: /root/ros_ws/src/Rescue_Car_ws/install/actionlib_msgs/include/actionlib_msgs/actionlib_msgs/msg/detail/goal_status_array__rosidl_typesupport_fastrtps_cpp.hpp
[0.568s] -- Up-to-date: /root/ros_ws/src/Rescue_Car_ws/install/actionlib_msgs/lib/libactionlib_msgs__rosidl_typesupport_fastrtps_cpp.so
[0.568s] -- Up-to-date: /root/ros_ws/src/Rescue_Car_ws/install/actionlib_msgs/include/actionlib_msgs/actionlib_msgs
[0.568s] -- Up-to-date: /root/ros_ws/src/Rescue_Car_ws/install/actionlib_msgs/include/actionlib_msgs/actionlib_msgs/msg
[0.568s] -- Up-to-date: /root/ros_ws/src/Rescue_Car_ws/install/actionlib_msgs/include/actionlib_msgs/actionlib_msgs/msg/rosidl_typesupport_introspection_c__visibility_control.h
[0.569s] -- Up-to-date: /root/ros_ws/src/Rescue_Car_ws/install/actionlib_msgs/include/actionlib_msgs/actionlib_msgs/msg/detail
[0.569s] -- Up-to-date: /root/ros_ws/src/Rescue_Car_ws/install/actionlib_msgs/include/actionlib_msgs/actionlib_msgs/msg/detail/goal_id__rosidl_typesupport_introspection_c.h
[0.569s] -- Up-to-date: /root/ros_ws/src/Rescue_Car_ws/install/actionlib_msgs/include/actionlib_msgs/actionlib_msgs/msg/detail/goal_status_array__type_support.c
[0.569s] -- Up-to-date: /root/ros_ws/src/Rescue_Car_ws/install/actionlib_msgs/include/actionlib_msgs/actionlib_msgs/msg/detail/goal_status__type_support.c
[0.569s] -- Up-to-date: /root/ros_ws/src/Rescue_Car_ws/install/actionlib_msgs/include/actionlib_msgs/actionlib_msgs/msg/detail/goal_status__rosidl_typesupport_introspection_c.h
[0.569s] -- Up-to-date: /root/ros_ws/src/Rescue_Car_ws/install/actionlib_msgs/include/actionlib_msgs/actionlib_msgs/msg/detail/goal_status_array__rosidl_typesupport_introspection_c.h
[0.569s] -- Up-to-date: /root/ros_ws/src/Rescue_Car_ws/install/actionlib_msgs/include/actionlib_msgs/actionlib_msgs/msg/detail/goal_id__type_support.c
[0.569s] -- Up-to-date: /root/ros_ws/src/Rescue_Car_ws/install/actionlib_msgs/lib/libactionlib_msgs__rosidl_typesupport_introspection_c.so
[0.569s] -- Up-to-date: /root/ros_ws/src/Rescue_Car_ws/install/actionlib_msgs/lib/libactionlib_msgs__rosidl_typesupport_c.so
[0.569s] -- Up-to-date: /root/ros_ws/src/Rescue_Car_ws/install/actionlib_msgs/include/actionlib_msgs/actionlib_msgs
[0.569s] -- Up-to-date: /root/ros_ws/src/Rescue_Car_ws/install/actionlib_msgs/include/actionlib_msgs/actionlib_msgs/msg
[0.569s] -- Up-to-date: /root/ros_ws/src/Rescue_Car_ws/install/actionlib_msgs/include/actionlib_msgs/actionlib_msgs/msg/detail
[0.569s] -- Up-to-date: /root/ros_ws/src/Rescue_Car_ws/install/actionlib_msgs/include/actionlib_msgs/actionlib_msgs/msg/detail/goal_status_array__rosidl_typesupport_introspection_cpp.hpp
[0.569s] -- Up-to-date: /root/ros_ws/src/Rescue_Car_ws/install/actionlib_msgs/include/actionlib_msgs/actionlib_msgs/msg/detail/goal_id__type_support.cpp
[0.569s] -- Up-to-date: /root/ros_ws/src/Rescue_Car_ws/install/actionlib_msgs/include/actionlib_msgs/actionlib_msgs/msg/detail/goal_status_array__type_support.cpp
[0.570s] -- Up-to-date: /root/ros_ws/src/Rescue_Car_ws/install/actionlib_msgs/include/actionlib_msgs/actionlib_msgs/msg/detail/goal_status__rosidl_typesupport_introspection_cpp.hpp
[0.570s] -- Up-to-date: /root/ros_ws/src/Rescue_Car_ws/install/actionlib_msgs/include/actionlib_msgs/actionlib_msgs/msg/detail/goal_status__type_support.cpp
[0.570s] -- Up-to-date: /root/ros_ws/src/Rescue_Car_ws/install/actionlib_msgs/include/actionlib_msgs/actionlib_msgs/msg/detail/goal_id__rosidl_typesupport_introspection_cpp.hpp
[0.570s] -- Up-to-date: /root/ros_ws/src/Rescue_Car_ws/install/actionlib_msgs/lib/libactionlib_msgs__rosidl_typesupport_introspection_cpp.so
[0.570s] -- Up-to-date: /root/ros_ws/src/Rescue_Car_ws/install/actionlib_msgs/lib/libactionlib_msgs__rosidl_typesupport_cpp.so
[0.570s] -- Up-to-date: /root/ros_ws/src/Rescue_Car_ws/install/actionlib_msgs/share/actionlib_msgs/environment/pythonpath.sh
[0.570s] -- Up-to-date: /root/ros_ws/src/Rescue_Car_ws/install/actionlib_msgs/share/actionlib_msgs/environment/pythonpath.dsv
[0.570s] -- Up-to-date: /root/ros_ws/src/Rescue_Car_ws/install/actionlib_msgs/local/lib/python3.10/dist-packages/actionlib_msgs-4.9.0-py3.10.egg-info
[0.570s] -- Installing: /root/ros_ws/src/Rescue_Car_ws/install/actionlib_msgs/local/lib/python3.10/dist-packages/actionlib_msgs-4.9.0-py3.10.egg-info/dependency_links.txt
[0.570s] -- Installing: /root/ros_ws/src/Rescue_Car_ws/install/actionlib_msgs/local/lib/python3.10/dist-packages/actionlib_msgs-4.9.0-py3.10.egg-info/SOURCES.txt
[0.570s] -- Installing: /root/ros_ws/src/Rescue_Car_ws/install/actionlib_msgs/local/lib/python3.10/dist-packages/actionlib_msgs-4.9.0-py3.10.egg-info/PKG-INFO
[0.570s] -- Installing: /root/ros_ws/src/Rescue_Car_ws/install/actionlib_msgs/local/lib/python3.10/dist-packages/actionlib_msgs-4.9.0-py3.10.egg-info/top_level.txt
[0.570s] -- Up-to-date: /root/ros_ws/src/Rescue_Car_ws/install/actionlib_msgs/local/lib/python3.10/dist-packages/actionlib_msgs
[0.570s] -- Up-to-date: /root/ros_ws/src/Rescue_Car_ws/install/actionlib_msgs/local/lib/python3.10/dist-packages/actionlib_msgs/_actionlib_msgs_s.ep.rosidl_typesupport_fastrtps_c.c
[0.570s] -- Up-to-date: /root/ros_ws/src/Rescue_Car_ws/install/actionlib_msgs/local/lib/python3.10/dist-packages/actionlib_msgs/actionlib_msgs_s__rosidl_typesupport_introspection_c.cpython-310-x86_64-linux-gnu.so
[0.571s] -- Up-to-date: /root/ros_ws/src/Rescue_Car_ws/install/actionlib_msgs/local/lib/python3.10/dist-packages/actionlib_msgs/actionlib_msgs_s__rosidl_typesupport_fastrtps_c.cpython-310-x86_64-linux-gnu.so
[0.571s] -- Up-to-date: /root/ros_ws/src/Rescue_Car_ws/install/actionlib_msgs/local/lib/python3.10/dist-packages/actionlib_msgs/_actionlib_msgs_s.ep.rosidl_typesupport_introspection_c.c
[0.571s] -- Up-to-date: /root/ros_ws/src/Rescue_Car_ws/install/actionlib_msgs/local/lib/python3.10/dist-packages/actionlib_msgs/libactionlib_msgs__rosidl_generator_py.so
[0.571s] -- Up-to-date: /root/ros_ws/src/Rescue_Car_ws/install/actionlib_msgs/local/lib/python3.10/dist-packages/actionlib_msgs/_actionlib_msgs_s.ep.rosidl_typesupport_c.c
[0.571s] -- Up-to-date: /root/ros_ws/src/Rescue_Car_ws/install/actionlib_msgs/local/lib/python3.10/dist-packages/actionlib_msgs/actionlib_msgs_s__rosidl_typesupport_c.cpython-310-x86_64-linux-gnu.so
[0.571s] -- Up-to-date: /root/ros_ws/src/Rescue_Car_ws/install/actionlib_msgs/local/lib/python3.10/dist-packages/actionlib_msgs/__init__.py
[0.571s] -- Up-to-date: /root/ros_ws/src/Rescue_Car_ws/install/actionlib_msgs/local/lib/python3.10/dist-packages/actionlib_msgs/msg
[0.571s] -- Up-to-date: /root/ros_ws/src/Rescue_Car_ws/install/actionlib_msgs/local/lib/python3.10/dist-packages/actionlib_msgs/msg/_goal_status_s.c
[0.571s] -- Up-to-date: /root/ros_ws/src/Rescue_Car_ws/install/actionlib_msgs/local/lib/python3.10/dist-packages/actionlib_msgs/msg/_goal_id_s.c
[0.571s] -- Up-to-date: /root/ros_ws/src/Rescue_Car_ws/install/actionlib_msgs/local/lib/python3.10/dist-packages/actionlib_msgs/msg/_goal_status.py
[0.571s] -- Up-to-date: /root/ros_ws/src/Rescue_Car_ws/install/actionlib_msgs/local/lib/python3.10/dist-packages/actionlib_msgs/msg/_goal_status_array_s.c
[0.571s] -- Up-to-date: /root/ros_ws/src/Rescue_Car_ws/install/actionlib_msgs/local/lib/python3.10/dist-packages/actionlib_msgs/msg/_goal_status_array.py
[0.571s] -- Up-to-date: /root/ros_ws/src/Rescue_Car_ws/install/actionlib_msgs/local/lib/python3.10/dist-packages/actionlib_msgs/msg/__init__.py
[0.572s] -- Up-to-date: /root/ros_ws/src/Rescue_Car_ws/install/actionlib_msgs/local/lib/python3.10/dist-packages/actionlib_msgs/msg/_goal_id.py
[0.653s] Listing '/root/ros_ws/src/Rescue_Car_ws/install/actionlib_msgs/local/lib/python3.10/dist-packages/actionlib_msgs'...
[0.653s] Listing '/root/ros_ws/src/Rescue_Car_ws/install/actionlib_msgs/local/lib/python3.10/dist-packages/actionlib_msgs/msg'...
[0.664s] -- Up-to-date: /root/ros_ws/src/Rescue_Car_ws/install/actionlib_msgs/local/lib/python3.10/dist-packages/actionlib_msgs/actionlib_msgs_s__rosidl_typesupport_fastrtps_c.cpython-310-x86_64-linux-gnu.so
[0.665s] -- Up-to-date: /root/ros_ws/src/Rescue_Car_ws/install/actionlib_msgs/local/lib/python3.10/dist-packages/actionlib_msgs/actionlib_msgs_s__rosidl_typesupport_introspection_c.cpython-310-x86_64-linux-gnu.so
[0.665s] -- Up-to-date: /root/ros_ws/src/Rescue_Car_ws/install/actionlib_msgs/local/lib/python3.10/dist-packages/actionlib_msgs/actionlib_msgs_s__rosidl_typesupport_c.cpython-310-x86_64-linux-gnu.so
[0.666s] -- Up-to-date: /root/ros_ws/src/Rescue_Car_ws/install/actionlib_msgs/lib/libactionlib_msgs__rosidl_generator_py.so
[0.667s] -- Up-to-date: /root/ros_ws/src/Rescue_Car_ws/install/actionlib_msgs/share/actionlib_msgs/msg/GoalID.idl
[0.667s] -- Up-to-date: /root/ros_ws/src/Rescue_Car_ws/install/actionlib_msgs/share/actionlib_msgs/msg/GoalStatus.idl
[0.668s] -- Up-to-date: /root/ros_ws/src/Rescue_Car_ws/install/actionlib_msgs/share/actionlib_msgs/msg/GoalStatusArray.idl
[0.668s] -- Up-to-date: /root/ros_ws/src/Rescue_Car_ws/install/actionlib_msgs/share/actionlib_msgs/msg/GoalID.msg
[0.668s] -- Up-to-date: /root/ros_ws/src/Rescue_Car_ws/install/actionlib_msgs/share/actionlib_msgs/msg/GoalStatus.msg
[0.668s] -- Up-to-date: /root/ros_ws/src/Rescue_Car_ws/install/actionlib_msgs/share/actionlib_msgs/msg/GoalStatusArray.msg
[0.669s] -- Up-to-date: /root/ros_ws/src/Rescue_Car_ws/install/actionlib_msgs/share/ament_index/resource_index/package_run_dependencies/actionlib_msgs
[0.669s] -- Up-to-date: /root/ros_ws/src/Rescue_Car_ws/install/actionlib_msgs/share/ament_index/resource_index/parent_prefix_path/actionlib_msgs
[0.669s] -- Up-to-date: /root/ros_ws/src/Rescue_Car_ws/install/actionlib_msgs/share/actionlib_msgs/environment/ament_prefix_path.sh
[0.669s] -- Up-to-date: /root/ros_ws/src/Rescue_Car_ws/install/actionlib_msgs/share/actionlib_msgs/environment/ament_prefix_path.dsv
[0.670s] -- Up-to-date: /root/ros_ws/src/Rescue_Car_ws/install/actionlib_msgs/share/actionlib_msgs/environment/path.sh
[0.670s] -- Up-to-date: /root/ros_ws/src/Rescue_Car_ws/install/actionlib_msgs/share/actionlib_msgs/environment/path.dsv
[0.670s] -- Up-to-date: /root/ros_ws/src/Rescue_Car_ws/install/actionlib_msgs/share/actionlib_msgs/local_setup.bash
[0.670s] -- Up-to-date: /root/ros_ws/src/Rescue_Car_ws/install/actionlib_msgs/share/actionlib_msgs/local_setup.sh
[0.670s] -- Up-to-date: /root/ros_ws/src/Rescue_Car_ws/install/actionlib_msgs/share/actionlib_msgs/local_setup.zsh
[0.670s] -- Up-to-date: /root/ros_ws/src/Rescue_Car_ws/install/actionlib_msgs/share/actionlib_msgs/local_setup.dsv
[0.671s] -- Installing: /root/ros_ws/src/Rescue_Car_ws/install/actionlib_msgs/share/actionlib_msgs/package.dsv
[0.671s] -- Up-to-date: /root/ros_ws/src/Rescue_Car_ws/install/actionlib_msgs/share/ament_index/resource_index/packages/actionlib_msgs
[0.671s] -- Up-to-date: /root/ros_ws/src/Rescue_Car_ws/install/actionlib_msgs/share/actionlib_msgs/cmake/export_actionlib_msgs__rosidl_generator_cExport.cmake
[0.671s] -- Up-to-date: /root/ros_ws/src/Rescue_Car_ws/install/actionlib_msgs/share/actionlib_msgs/cmake/export_actionlib_msgs__rosidl_generator_cExport-noconfig.cmake
[0.673s] -- Up-to-date: /root/ros_ws/src/Rescue_Car_ws/install/actionlib_msgs/share/actionlib_msgs/cmake/export_actionlib_msgs__rosidl_typesupport_fastrtps_cExport.cmake
[0.673s] -- Up-to-date: /root/ros_ws/src/Rescue_Car_ws/install/actionlib_msgs/share/actionlib_msgs/cmake/export_actionlib_msgs__rosidl_typesupport_fastrtps_cExport-noconfig.cmake
[0.673s] -- Up-to-date: /root/ros_ws/src/Rescue_Car_ws/install/actionlib_msgs/share/actionlib_msgs/cmake/export_actionlib_msgs__rosidl_generator_cppExport.cmake
[0.674s] -- Up-to-date: /root/ros_ws/src/Rescue_Car_ws/install/actionlib_msgs/share/actionlib_msgs/cmake/export_actionlib_msgs__rosidl_typesupport_fastrtps_cppExport.cmake
[0.674s] -- Up-to-date: /root/ros_ws/src/Rescue_Car_ws/install/actionlib_msgs/share/actionlib_msgs/cmake/export_actionlib_msgs__rosidl_typesupport_fastrtps_cppExport-noconfig.cmake
[0.674s] -- Up-to-date: /root/ros_ws/src/Rescue_Car_ws/install/actionlib_msgs/share/actionlib_msgs/cmake/actionlib_msgs__rosidl_typesupport_introspection_cExport.cmake
[0.674s] -- Up-to-date: /root/ros_ws/src/Rescue_Car_ws/install/actionlib_msgs/share/actionlib_msgs/cmake/actionlib_msgs__rosidl_typesupport_introspection_cExport-noconfig.cmake
[0.674s] -- Up-to-date: /root/ros_ws/src/Rescue_Car_ws/install/actionlib_msgs/share/actionlib_msgs/cmake/actionlib_msgs__rosidl_typesupport_cExport.cmake
[0.674s] -- Up-to-date: /root/ros_ws/src/Rescue_Car_ws/install/actionlib_msgs/share/actionlib_msgs/cmake/actionlib_msgs__rosidl_typesupport_cExport-noconfig.cmake
[0.675s] -- Up-to-date: /root/ros_ws/src/Rescue_Car_ws/install/actionlib_msgs/share/actionlib_msgs/cmake/actionlib_msgs__rosidl_typesupport_introspection_cppExport.cmake
[0.675s] -- Up-to-date: /root/ros_ws/src/Rescue_Car_ws/install/actionlib_msgs/share/actionlib_msgs/cmake/actionlib_msgs__rosidl_typesupport_introspection_cppExport-noconfig.cmake
[0.676s] -- Up-to-date: /root/ros_ws/src/Rescue_Car_ws/install/actionlib_msgs/share/actionlib_msgs/cmake/actionlib_msgs__rosidl_typesupport_cppExport.cmake
[0.676s] -- Up-to-date: /root/ros_ws/src/Rescue_Car_ws/install/actionlib_msgs/share/actionlib_msgs/cmake/actionlib_msgs__rosidl_typesupport_cppExport-noconfig.cmake
[0.676s] -- Up-to-date: /root/ros_ws/src/Rescue_Car_ws/install/actionlib_msgs/share/actionlib_msgs/cmake/export_actionlib_msgs__rosidl_generator_pyExport.cmake
[0.677s] -- Up-to-date: /root/ros_ws/src/Rescue_Car_ws/install/actionlib_msgs/share/actionlib_msgs/cmake/export_actionlib_msgs__rosidl_generator_pyExport-noconfig.cmake
[0.677s] -- Up-to-date: /root/ros_ws/src/Rescue_Car_ws/install/actionlib_msgs/share/actionlib_msgs/cmake/rosidl_cmake-extras.cmake
[0.677s] -- Up-to-date: /root/ros_ws/src/Rescue_Car_ws/install/actionlib_msgs/share/actionlib_msgs/cmake/ament_cmake_export_dependencies-extras.cmake
[0.677s] -- Up-to-date: /root/ros_ws/src/Rescue_Car_ws/install/actionlib_msgs/share/actionlib_msgs/cmake/ament_cmake_export_include_directories-extras.cmake
[0.677s] -- Up-to-date: /root/ros_ws/src/Rescue_Car_ws/install/actionlib_msgs/share/actionlib_msgs/cmake/ament_cmake_export_libraries-extras.cmake
[0.677s] -- Up-to-date: /root/ros_ws/src/Rescue_Car_ws/install/actionlib_msgs/share/actionlib_msgs/cmake/ament_cmake_export_targets-extras.cmake
[0.677s] -- Up-to-date: /root/ros_ws/src/Rescue_Car_ws/install/actionlib_msgs/share/actionlib_msgs/cmake/rosidl_cmake_export_typesupport_targets-extras.cmake
[0.677s] -- Up-to-date: /root/ros_ws/src/Rescue_Car_ws/install/actionlib_msgs/share/actionlib_msgs/cmake/rosidl_cmake_export_typesupport_libraries-extras.cmake
[0.677s] -- Up-to-date: /root/ros_ws/src/Rescue_Car_ws/install/actionlib_msgs/share/actionlib_msgs/cmake/actionlib_msgsConfig.cmake
[0.677s] -- Up-to-date: /root/ros_ws/src/Rescue_Car_ws/install/actionlib_msgs/share/actionlib_msgs/cmake/actionlib_msgsConfig-version.cmake
[0.678s] -- Up-to-date: /root/ros_ws/src/Rescue_Car_ws/install/actionlib_msgs/share/actionlib_msgs/package.xml
[0.717s] Invoked command in '/root/ros_ws/src/Rescue_Car_ws/build/actionlib_msgs' returned '0': CMAKE_PREFIX_PATH=/root/ros_ws/src/Rescue_Car_ws/install/std_msgs:/root/ros_ws/src/Rescue_Car_ws/install/builtin_interfaces:/root/ros_ws/src/Rescue_Car_ws/install/micro_ros_demos_rclc:/root/ros_ws/src/Rescue_Car_ws/install/common_interfaces:/root/ros_ws/src/Rescue_Car_ws/install/visualization_msgs:/root/ros_ws/src/Rescue_Car_ws/install/test_msgs:/root/ros_ws/src/Rescue_Car_ws/install/example_interfaces:/root/ros_ws/src/Rescue_Car_ws/install/action_msgs:/root/ros_ws/src/Rescue_Car_ws/install/unique_identifier_msgs:/root/ros_ws/src/Rescue_Car_ws/install/trajectory_msgs:/root/ros_ws/src/Rescue_Car_ws/install/stereo_msgs:/root/ros_ws/src/Rescue_Car_ws/install/std_srvs:/root/ros_ws/src/Rescue_Car_ws/install/shape_msgs:/root/ros_ws/src/Rescue_Car_ws/install/sensor_msgs:/root/ros_ws/src/Rescue_Car_ws/install/nav_msgs:/root/ros_ws/src/Rescue_Car_ws/install/diagnostic_msgs:/root/ros_ws/src/Rescue_Car_ws/install/geometry_msgs:/root/ros_ws/src/Rescue_Car_ws/install/actionlib_msgs:/root/ros_ws/src/Rescue_Car_ws/install/statistics_msgs:/root/ros_ws/src/Rescue_Car_ws/install/rosidl_typesupport_microxrcedds_test_msg:/root/ros_ws/src/Rescue_Car_ws/install/rosidl_typesupport_microxrcedds_cpp_tests:/root/ros_ws/src/Rescue_Car_ws/install/rmw_microxrcedds:/root/ros_ws/src/Rescue_Car_ws/install/rosidl_typesupport_microxrcedds_cpp:/root/ros_ws/src/Rescue_Car_ws/install/rosidl_typesupport_microxrcedds_c_tests:/root/ros_ws/src/Rescue_Car_ws/install/rosidl_typesupport_microxrcedds_c:/root/ros_ws/src/Rescue_Car_ws/install/rosgraph_msgs:/root/ros_ws/src/Rescue_Car_ws/install/rclc_parameter:/root/ros_ws/src/Rescue_Car_ws/install/rclc:/root/ros_ws/src/Rescue_Car_ws/install/composition_interfaces:/root/ros_ws/src/Rescue_Car_ws/install/rcl_interfaces:/root/ros_ws/src/Rescue_Car_ws/install/microxrcedds_client:/root/ros_ws/src/Rescue_Car_ws/install/microcdr:/root/ros_ws/src/Rescue_Car_ws/install/micro_ros_utilities:/root/ros_ws/src/Rescue_Car_ws/install/micro_ros_setup:/root/ros_ws/src/Rescue_Car_ws/install/micro_ros_agent:/root/ros_ws/src/Rescue_Car_ws/install/micro_ros_msgs:/root/ros_ws/src/Rescue_Car_ws/install/lifecycle_msgs:/root/ros_ws/src/Rescue_Car_ws/install/complex_msgs:/root/ros_ws/src/Rescue_Car_ws/install/car:/root/ros_ws/src/Rescue_Car_ws/install/sensor_msgs_py:/opt/ros/humble LD_LIBRARY_PATH=/root/ros_ws/src/Rescue_Car_ws/install/std_msgs/lib:/root/ros_ws/src/Rescue_Car_ws/install/builtin_interfaces/lib:/root/ros_ws/src/Rescue_Car_ws/install/visualization_msgs/lib:/root/ros_ws/src/Rescue_Car_ws/install/test_msgs/lib:/root/ros_ws/src/Rescue_Car_ws/install/example_interfaces/lib:/root/ros_ws/src/Rescue_Car_ws/install/action_msgs/lib:/root/ros_ws/src/Rescue_Car_ws/install/unique_identifier_msgs/lib:/root/ros_ws/src/Rescue_Car_ws/install/trajectory_msgs/lib:/root/ros_ws/src/Rescue_Car_ws/install/stereo_msgs/lib:/root/ros_ws/src/Rescue_Car_ws/install/std_srvs/lib:/root/ros_ws/src/Rescue_Car_ws/install/shape_msgs/lib:/root/ros_ws/src/Rescue_Car_ws/install/sensor_msgs/lib:/root/ros_ws/src/Rescue_Car_ws/install/nav_msgs/lib:/root/ros_ws/src/Rescue_Car_ws/install/diagnostic_msgs/lib:/root/ros_ws/src/Rescue_Car_ws/install/geometry_msgs/lib:/root/ros_ws/src/Rescue_Car_ws/install/actionlib_msgs/lib:/root/ros_ws/src/Rescue_Car_ws/install/statistics_msgs/lib:/root/ros_ws/src/Rescue_Car_ws/install/rosidl_typesupport_microxrcedds_test_msg/lib:/root/ros_ws/src/Rescue_Car_ws/install/rmw_microxrcedds/lib:/root/ros_ws/src/Rescue_Car_ws/install/rosidl_typesupport_microxrcedds_cpp/lib:/root/ros_ws/src/Rescue_Car_ws/install/rosidl_typesupport_microxrcedds_c/lib:/root/ros_ws/src/Rescue_Car_ws/install/rosgraph_msgs/lib:/root/ros_ws/src/Rescue_Car_ws/install/rclc_parameter/lib:/root/ros_ws/src/Rescue_Car_ws/install/rclc/lib:/root/ros_ws/src/Rescue_Car_ws/install/composition_interfaces/lib:/root/ros_ws/src/Rescue_Car_ws/install/rcl_interfaces/lib:/root/ros_ws/src/Rescue_Car_ws/install/micro_ros_utilities/lib:/root/ros_ws/src/Rescue_Car_ws/install/micro_ros_agent/lib:/root/ros_ws/src/Rescue_Car_ws/install/micro_ros_msgs/lib:/root/ros_ws/src/Rescue_Car_ws/install/lifecycle_msgs/lib:/root/ros_ws/src/Rescue_Car_ws/install/complex_msgs/lib:/usr/lib/x86_64-linux-gnu/gazebo-11/plugins:/opt/ros/humble/opt/rviz_ogre_vendor/lib:/opt/ros/humble/lib/x86_64-linux-gnu:/opt/ros/humble/lib /usr/bin/cmake --install /root/ros_ws/src/Rescue_Car_ws/build/actionlib_msgs
