[0.042s] Invoking command in '/root/ros_ws/src/Rescue_Car_ws/build/car': CMAKE_PREFIX_PATH=${CMAKE_PREFIX_PATH}:/root/ros_ws/src/Rescue_Car_ws/install/sensor_msgs_py:/opt/ros/humble /usr/bin/cmake --build /root/ros_ws/src/Rescue_Car_ws/build/car -- -j20 -l20
[0.065s] -- Found ament_cmake: 1.3.12 (/opt/ros/humble/share/ament_cmake/cmake)
[0.277s] -- Found rclcpp: 16.0.14 (/opt/ros/humble/share/rclcpp/cmake)
[0.568s] -- Found rosidl_generator_c: 3.1.7 (/opt/ros/humble/share/rosidl_generator_c/cmake)
[0.578s] -- Found rosidl_adapter: 3.1.7 (/opt/ros/humble/share/rosidl_adapter/cmake)
[0.595s] -- Found rosidl_generator_cpp: 3.1.7 (/opt/ros/humble/share/rosidl_generator_cpp/cmake)
[0.595s] -- Using all available rosidl_typesupport_c: rosidl_typesupport_microxrcedds_c;rosidl_typesupport_fastrtps_c;rosidl_typesupport_introspection_c
[0.600s] -- Using all available rosidl_typesupport_cpp: rosidl_typesupport_microxrcedds_cpp;rosidl_typesupport_fastrtps_cpp;rosidl_typesupport_introspection_cpp
[0.659s] -- Found rmw_implementation_cmake: 6.1.2 (/opt/ros/humble/share/rmw_implementation_cmake/cmake)
[0.663s] -- Found rmw_fastrtps_cpp: 6.2.8 (/opt/ros/humble/share/rmw_fastrtps_cpp/cmake)
[2.782s] -- Found OpenSSL: /usr/lib/x86_64-linux-gnu/libcrypto.so (found version "3.0.2")  
[4.404s] -- Found FastRTPS: /opt/ros/humble/include  
[7.475s] -- Using RMW implementation 'rmw_fastrtps_cpp' as default
[7.486s] -- Looking for pthread.h
[7.629s] -- Looking for pthread.h - found
[7.629s] -- Performing Test CMAKE_HAVE_LIBC_PTHREAD
[7.799s] -- Performing Test CMAKE_HAVE_LIBC_PTHREAD - Success
[7.800s] -- Found Threads: TRUE  
[7.841s] -- Found geometry_msgs: 4.9.0 (/root/ros_ws/src/Rescue_Car_ws/install/geometry_msgs/share/geometry_msgs/cmake)
[7.852s] [31mCMake Error at CMakeLists.txt:19 (install):
[7.852s]   install TARGETS given target "myturtlecontrol_pub" which does not exist.
[7.852s] 
[7.852s] [0m
[7.852s] -- Found ament_lint_auto: 0.12.14 (/opt/ros/humble/share/ament_lint_auto/cmake)
[7.907s] -- Added test 'cppcheck' to perform static code analysis on C / C++ code
[7.907s] -- Configured cppcheck include dirs: 
[7.907s] -- Configured cppcheck exclude dirs and/or files: 
[7.907s] -- Added test 'flake8' to check Python code syntax and style conventions
[7.907s] -- Added test 'lint_cmake' to check CMake code style
[7.907s] -- Added test 'pep257' to check Python code against some of the docstring style conventions in PEP 257
[7.907s] -- Added test 'uncrustify' to check C / C++ code style
[7.907s] -- Configured uncrustify additional arguments: 
[7.908s] -- Added test 'xmllint' to check XML markup files
[7.908s] -- Configuring incomplete, errors occurred!
[7.908s] See also "/root/ros_ws/src/Rescue_Car_ws/build/car/CMakeFiles/CMakeOutput.log".
[7.915s] gmake: *** [Makefile:226: cmake_check_build_system] Error 1
[7.916s] Invoked command in '/root/ros_ws/src/Rescue_Car_ws/build/car' returned '2': CMAKE_PREFIX_PATH=${CMAKE_PREFIX_PATH}:/root/ros_ws/src/Rescue_Car_ws/install/sensor_msgs_py:/opt/ros/humble /usr/bin/cmake --build /root/ros_ws/src/Rescue_Car_ws/build/car -- -j20 -l20
