[0.038s] Invoking command in '/root/ros_ws/src/Rescue_Car_ws/build/lifecycle_msgs': CMAKE_PREFIX_PATH=/opt/ros/humble /usr/bin/cmake --build /root/ros_ws/src/Rescue_Car_ws/build/lifecycle_msgs -- -j20 -l20
[0.097s] [35m[1mConsolidate compiler generated dependencies of target lifecycle_msgs__rosidl_generator_c[0m
[0.123s] [  1%] Built target lifecycle_msgs__cpp
[0.123s] [ 12%] Built target lifecycle_msgs__rosidl_generator_c
[0.165s] [35m[1mConsolidate compiler generated dependencies of target lifecycle_msgs__rosidl_typesupport_cpp[0m
[0.167s] [35m[1mConsolidate compiler generated dependencies of target lifecycle_msgs__rosidl_typesupport_fastrtps_cpp[0m
[0.168s] [35m[1mConsolidate compiler generated dependencies of target lifecycle_msgs__rosidl_typesupport_introspection_cpp[0m
[0.168s] [35m[1mConsolidate compiler generated dependencies of target lifecycle_msgs__rosidl_typesupport_fastrtps_c[0m
[0.169s] [ 12%] Built target ament_cmake_python_copy_lifecycle_msgs
[0.169s] [35m[1mConsolidate compiler generated dependencies of target lifecycle_msgs__rosidl_typesupport_c[0m
[0.169s] [35m[1mConsolidate compiler generated dependencies of target lifecycle_msgs__rosidl_typesupport_introspection_c[0m
[0.178s] [ 24%] Built target lifecycle_msgs__rosidl_typesupport_cpp
[0.179s] [ 35%] Built target lifecycle_msgs__rosidl_typesupport_fastrtps_cpp
[0.180s] [ 47%] Built target lifecycle_msgs__rosidl_typesupport_introspection_cpp
[0.180s] [ 58%] Built target lifecycle_msgs__rosidl_typesupport_introspection_c
[0.181s] [ 70%] Built target lifecycle_msgs__rosidl_typesupport_c
[0.182s] [ 81%] Built target lifecycle_msgs__rosidl_typesupport_fastrtps_c
[0.186s] [ 81%] Built target lifecycle_msgs
[0.212s] [ 82%] Built target lifecycle_msgs__py
[0.224s] [35m[1mConsolidate compiler generated dependencies of target lifecycle_msgs__rosidl_generator_py[0m
[0.255s] [ 93%] Built target lifecycle_msgs__rosidl_generator_py
[0.261s] [35m[1mConsolidate compiler generated dependencies of target lifecycle_msgs__rosidl_typesupport_introspection_c__pyext[0m
[0.271s] [35m[1mConsolidate compiler generated dependencies of target lifecycle_msgs__rosidl_typesupport_c__pyext[0m
[0.271s] [35m[1mConsolidate compiler generated dependencies of target lifecycle_msgs__rosidl_typesupport_fastrtps_c__pyext[0m
[0.282s] [ 95%] Built target lifecycle_msgs__rosidl_typesupport_introspection_c__pyext
[0.296s] [ 97%] Built target lifecycle_msgs__rosidl_typesupport_fastrtps_c__pyext
[0.296s] [100%] Built target lifecycle_msgs__rosidl_typesupport_c__pyext
[0.413s] running egg_info
[0.414s] writing lifecycle_msgs.egg-info/PKG-INFO
[0.414s] writing dependency_links to lifecycle_msgs.egg-info/dependency_links.txt
[0.415s] writing top-level names to lifecycle_msgs.egg-info/top_level.txt
[0.417s] reading manifest file 'lifecycle_msgs.egg-info/SOURCES.txt'
[0.419s] writing manifest file 'lifecycle_msgs.egg-info/SOURCES.txt'
[0.462s] [100%] Built target ament_cmake_python_build_lifecycle_msgs_egg
[0.518s] Invoked command in '/root/ros_ws/src/Rescue_Car_ws/build/lifecycle_msgs' returned '0': CMAKE_PREFIX_PATH=/opt/ros/humble /usr/bin/cmake --build /root/ros_ws/src/Rescue_Car_ws/build/lifecycle_msgs -- -j20 -l20
[0.518s] Invoking command in '/root/ros_ws/src/Rescue_Car_ws/build/lifecycle_msgs': CMAKE_PREFIX_PATH=/opt/ros/humble /usr/bin/cmake --install /root/ros_ws/src/Rescue_Car_ws/build/lifecycle_msgs
[0.553s] -- Install configuration: ""
[0.553s] -- Up-to-date: /root/ros_ws/src/Rescue_Car_ws/install/lifecycle_msgs/share/ament_index/resource_index/rosidl_interfaces/lifecycle_msgs
[0.553s] -- Up-to-date: /root/ros_ws/src/Rescue_Car_ws/install/lifecycle_msgs/include/lifecycle_msgs/lifecycle_msgs
[0.553s] -- Up-to-date: /root/ros_ws/src/Rescue_Car_ws/install/lifecycle_msgs/include/lifecycle_msgs/lifecycle_msgs/srv
[0.553s] -- Up-to-date: /root/ros_ws/src/Rescue_Car_ws/install/lifecycle_msgs/include/lifecycle_msgs/lifecycle_msgs/srv/get_available_states.h
[0.553s] -- Up-to-date: /root/ros_ws/src/Rescue_Car_ws/install/lifecycle_msgs/include/lifecycle_msgs/lifecycle_msgs/srv/change_state.h
[0.553s] -- Up-to-date: /root/ros_ws/src/Rescue_Car_ws/install/lifecycle_msgs/include/lifecycle_msgs/lifecycle_msgs/srv/get_available_transitions.h
[0.553s] -- Up-to-date: /root/ros_ws/src/Rescue_Car_ws/install/lifecycle_msgs/include/lifecycle_msgs/lifecycle_msgs/srv/detail
[0.553s] -- Up-to-date: /root/ros_ws/src/Rescue_Car_ws/install/lifecycle_msgs/include/lifecycle_msgs/lifecycle_msgs/srv/detail/get_available_transitions__struct.h
[0.553s] -- Up-to-date: /root/ros_ws/src/Rescue_Car_ws/install/lifecycle_msgs/include/lifecycle_msgs/lifecycle_msgs/srv/detail/change_state__struct.h
[0.553s] -- Up-to-date: /root/ros_ws/src/Rescue_Car_ws/install/lifecycle_msgs/include/lifecycle_msgs/lifecycle_msgs/srv/detail/change_state__type_support.h
[0.554s] -- Up-to-date: /root/ros_ws/src/Rescue_Car_ws/install/lifecycle_msgs/include/lifecycle_msgs/lifecycle_msgs/srv/detail/get_available_transitions__functions.h
[0.554s] -- Up-to-date: /root/ros_ws/src/Rescue_Car_ws/install/lifecycle_msgs/include/lifecycle_msgs/lifecycle_msgs/srv/detail/change_state__functions.h
[0.554s] -- Up-to-date: /root/ros_ws/src/Rescue_Car_ws/install/lifecycle_msgs/include/lifecycle_msgs/lifecycle_msgs/srv/detail/get_available_transitions__functions.c
[0.554s] -- Up-to-date: /root/ros_ws/src/Rescue_Car_ws/install/lifecycle_msgs/include/lifecycle_msgs/lifecycle_msgs/srv/detail/get_state__functions.c
[0.554s] -- Up-to-date: /root/ros_ws/src/Rescue_Car_ws/install/lifecycle_msgs/include/lifecycle_msgs/lifecycle_msgs/srv/detail/change_state__functions.c
[0.554s] -- Up-to-date: /root/ros_ws/src/Rescue_Car_ws/install/lifecycle_msgs/include/lifecycle_msgs/lifecycle_msgs/srv/detail/get_available_states__functions.c
[0.554s] -- Up-to-date: /root/ros_ws/src/Rescue_Car_ws/install/lifecycle_msgs/include/lifecycle_msgs/lifecycle_msgs/srv/detail/get_available_states__type_support.h
[0.554s] -- Up-to-date: /root/ros_ws/src/Rescue_Car_ws/install/lifecycle_msgs/include/lifecycle_msgs/lifecycle_msgs/srv/detail/get_available_states__struct.h
[0.554s] -- Up-to-date: /root/ros_ws/src/Rescue_Car_ws/install/lifecycle_msgs/include/lifecycle_msgs/lifecycle_msgs/srv/detail/get_available_transitions__type_support.h
[0.554s] -- Up-to-date: /root/ros_ws/src/Rescue_Car_ws/install/lifecycle_msgs/include/lifecycle_msgs/lifecycle_msgs/srv/detail/get_state__struct.h
[0.554s] -- Up-to-date: /root/ros_ws/src/Rescue_Car_ws/install/lifecycle_msgs/include/lifecycle_msgs/lifecycle_msgs/srv/detail/get_available_states__functions.h
[0.554s] -- Up-to-date: /root/ros_ws/src/Rescue_Car_ws/install/lifecycle_msgs/include/lifecycle_msgs/lifecycle_msgs/srv/detail/get_state__functions.h
[0.554s] -- Up-to-date: /root/ros_ws/src/Rescue_Car_ws/install/lifecycle_msgs/include/lifecycle_msgs/lifecycle_msgs/srv/detail/get_state__type_support.h
[0.555s] -- Up-to-date: /root/ros_ws/src/Rescue_Car_ws/install/lifecycle_msgs/include/lifecycle_msgs/lifecycle_msgs/srv/get_state.h
[0.555s] -- Up-to-date: /root/ros_ws/src/Rescue_Car_ws/install/lifecycle_msgs/include/lifecycle_msgs/lifecycle_msgs/msg
[0.555s] -- Up-to-date: /root/ros_ws/src/Rescue_Car_ws/install/lifecycle_msgs/include/lifecycle_msgs/lifecycle_msgs/msg/transition.h
[0.555s] -- Up-to-date: /root/ros_ws/src/Rescue_Car_ws/install/lifecycle_msgs/include/lifecycle_msgs/lifecycle_msgs/msg/state.h
[0.555s] -- Up-to-date: /root/ros_ws/src/Rescue_Car_ws/install/lifecycle_msgs/include/lifecycle_msgs/lifecycle_msgs/msg/transition_event.h
[0.556s] -- Up-to-date: /root/ros_ws/src/Rescue_Car_ws/install/lifecycle_msgs/include/lifecycle_msgs/lifecycle_msgs/msg/detail
[0.556s] -- Up-to-date: /root/ros_ws/src/Rescue_Car_ws/install/lifecycle_msgs/include/lifecycle_msgs/lifecycle_msgs/msg/detail/transition__functions.h
[0.556s] -- Up-to-date: /root/ros_ws/src/Rescue_Car_ws/install/lifecycle_msgs/include/lifecycle_msgs/lifecycle_msgs/msg/detail/state__functions.h
[0.556s] -- Up-to-date: /root/ros_ws/src/Rescue_Car_ws/install/lifecycle_msgs/include/lifecycle_msgs/lifecycle_msgs/msg/detail/transition__functions.c
[0.557s] -- Up-to-date: /root/ros_ws/src/Rescue_Car_ws/install/lifecycle_msgs/include/lifecycle_msgs/lifecycle_msgs/msg/detail/transition__type_support.h
[0.557s] -- Up-to-date: /root/ros_ws/src/Rescue_Car_ws/install/lifecycle_msgs/include/lifecycle_msgs/lifecycle_msgs/msg/detail/transition_description__functions.c
[0.558s] -- Up-to-date: /root/ros_ws/src/Rescue_Car_ws/install/lifecycle_msgs/include/lifecycle_msgs/lifecycle_msgs/msg/detail/transition_event__type_support.h
[0.558s] -- Up-to-date: /root/ros_ws/src/Rescue_Car_ws/install/lifecycle_msgs/include/lifecycle_msgs/lifecycle_msgs/msg/detail/state__struct.h
[0.558s] -- Up-to-date: /root/ros_ws/src/Rescue_Car_ws/install/lifecycle_msgs/include/lifecycle_msgs/lifecycle_msgs/msg/detail/state__type_support.h
[0.558s] -- Up-to-date: /root/ros_ws/src/Rescue_Car_ws/install/lifecycle_msgs/include/lifecycle_msgs/lifecycle_msgs/msg/detail/transition__struct.h
[0.558s] -- Up-to-date: /root/ros_ws/src/Rescue_Car_ws/install/lifecycle_msgs/include/lifecycle_msgs/lifecycle_msgs/msg/detail/transition_description__type_support.h
[0.558s] -- Up-to-date: /root/ros_ws/src/Rescue_Car_ws/install/lifecycle_msgs/include/lifecycle_msgs/lifecycle_msgs/msg/detail/transition_event__struct.h
[0.558s] -- Up-to-date: /root/ros_ws/src/Rescue_Car_ws/install/lifecycle_msgs/include/lifecycle_msgs/lifecycle_msgs/msg/detail/transition_description__functions.h
[0.558s] -- Up-to-date: /root/ros_ws/src/Rescue_Car_ws/install/lifecycle_msgs/include/lifecycle_msgs/lifecycle_msgs/msg/detail/transition_description__struct.h
[0.559s] -- Up-to-date: /root/ros_ws/src/Rescue_Car_ws/install/lifecycle_msgs/include/lifecycle_msgs/lifecycle_msgs/msg/detail/transition_event__functions.c
[0.559s] -- Up-to-date: /root/ros_ws/src/Rescue_Car_ws/install/lifecycle_msgs/include/lifecycle_msgs/lifecycle_msgs/msg/detail/state__functions.c
[0.559s] -- Up-to-date: /root/ros_ws/src/Rescue_Car_ws/install/lifecycle_msgs/include/lifecycle_msgs/lifecycle_msgs/msg/detail/transition_event__functions.h
[0.559s] -- Up-to-date: /root/ros_ws/src/Rescue_Car_ws/install/lifecycle_msgs/include/lifecycle_msgs/lifecycle_msgs/msg/rosidl_generator_c__visibility_control.h
[0.559s] -- Up-to-date: /root/ros_ws/src/Rescue_Car_ws/install/lifecycle_msgs/include/lifecycle_msgs/lifecycle_msgs/msg/transition_description.h
[0.559s] -- Up-to-date: /root/ros_ws/src/Rescue_Car_ws/install/lifecycle_msgs/share/lifecycle_msgs/environment/library_path.sh
[0.559s] -- Up-to-date: /root/ros_ws/src/Rescue_Car_ws/install/lifecycle_msgs/share/lifecycle_msgs/environment/library_path.dsv
[0.559s] -- Up-to-date: /root/ros_ws/src/Rescue_Car_ws/install/lifecycle_msgs/lib/liblifecycle_msgs__rosidl_generator_c.so
[0.559s] -- Up-to-date: /root/ros_ws/src/Rescue_Car_ws/install/lifecycle_msgs/include/lifecycle_msgs/lifecycle_msgs
[0.559s] -- Up-to-date: /root/ros_ws/src/Rescue_Car_ws/install/lifecycle_msgs/include/lifecycle_msgs/lifecycle_msgs/srv
[0.559s] -- Up-to-date: /root/ros_ws/src/Rescue_Car_ws/install/lifecycle_msgs/include/lifecycle_msgs/lifecycle_msgs/srv/detail
[0.559s] -- Up-to-date: /root/ros_ws/src/Rescue_Car_ws/install/lifecycle_msgs/include/lifecycle_msgs/lifecycle_msgs/srv/detail/change_state__rosidl_typesupport_fastrtps_c.h
[0.559s] -- Up-to-date: /root/ros_ws/src/Rescue_Car_ws/install/lifecycle_msgs/include/lifecycle_msgs/lifecycle_msgs/srv/detail/get_available_states__rosidl_typesupport_fastrtps_c.h
[0.560s] -- Up-to-date: /root/ros_ws/src/Rescue_Car_ws/install/lifecycle_msgs/include/lifecycle_msgs/lifecycle_msgs/srv/detail/get_state__rosidl_typesupport_fastrtps_c.h
[0.560s] -- Up-to-date: /root/ros_ws/src/Rescue_Car_ws/install/lifecycle_msgs/include/lifecycle_msgs/lifecycle_msgs/srv/detail/get_available_transitions__rosidl_typesupport_fastrtps_c.h
[0.560s] -- Up-to-date: /root/ros_ws/src/Rescue_Car_ws/install/lifecycle_msgs/include/lifecycle_msgs/lifecycle_msgs/msg
[0.560s] -- Up-to-date: /root/ros_ws/src/Rescue_Car_ws/install/lifecycle_msgs/include/lifecycle_msgs/lifecycle_msgs/msg/detail
[0.560s] -- Up-to-date: /root/ros_ws/src/Rescue_Car_ws/install/lifecycle_msgs/include/lifecycle_msgs/lifecycle_msgs/msg/detail/state__rosidl_typesupport_fastrtps_c.h
[0.560s] -- Up-to-date: /root/ros_ws/src/Rescue_Car_ws/install/lifecycle_msgs/include/lifecycle_msgs/lifecycle_msgs/msg/detail/transition_event__rosidl_typesupport_fastrtps_c.h
[0.560s] -- Up-to-date: /root/ros_ws/src/Rescue_Car_ws/install/lifecycle_msgs/include/lifecycle_msgs/lifecycle_msgs/msg/detail/transition_description__rosidl_typesupport_fastrtps_c.h
[0.560s] -- Up-to-date: /root/ros_ws/src/Rescue_Car_ws/install/lifecycle_msgs/include/lifecycle_msgs/lifecycle_msgs/msg/detail/transition__rosidl_typesupport_fastrtps_c.h
[0.560s] -- Up-to-date: /root/ros_ws/src/Rescue_Car_ws/install/lifecycle_msgs/include/lifecycle_msgs/lifecycle_msgs/msg/rosidl_typesupport_fastrtps_c__visibility_control.h
[0.560s] -- Up-to-date: /root/ros_ws/src/Rescue_Car_ws/install/lifecycle_msgs/lib/liblifecycle_msgs__rosidl_typesupport_fastrtps_c.so
[0.560s] -- Up-to-date: /root/ros_ws/src/Rescue_Car_ws/install/lifecycle_msgs/include/lifecycle_msgs/lifecycle_msgs
[0.561s] -- Up-to-date: /root/ros_ws/src/Rescue_Car_ws/install/lifecycle_msgs/include/lifecycle_msgs/lifecycle_msgs/srv
[0.561s] -- Up-to-date: /root/ros_ws/src/Rescue_Car_ws/install/lifecycle_msgs/include/lifecycle_msgs/lifecycle_msgs/srv/detail
[0.561s] -- Up-to-date: /root/ros_ws/src/Rescue_Car_ws/install/lifecycle_msgs/include/lifecycle_msgs/lifecycle_msgs/srv/detail/get_state__rosidl_typesupport_introspection_c.h
[0.561s] -- Up-to-date: /root/ros_ws/src/Rescue_Car_ws/install/lifecycle_msgs/include/lifecycle_msgs/lifecycle_msgs/srv/detail/change_state__type_support.c
[0.562s] -- Up-to-date: /root/ros_ws/src/Rescue_Car_ws/install/lifecycle_msgs/include/lifecycle_msgs/lifecycle_msgs/srv/detail/get_state__type_support.c
[0.562s] -- Up-to-date: /root/ros_ws/src/Rescue_Car_ws/install/lifecycle_msgs/include/lifecycle_msgs/lifecycle_msgs/srv/detail/get_available_transitions__type_support.c
[0.562s] -- Up-to-date: /root/ros_ws/src/Rescue_Car_ws/install/lifecycle_msgs/include/lifecycle_msgs/lifecycle_msgs/srv/detail/get_available_transitions__rosidl_typesupport_introspection_c.h
[0.562s] -- Up-to-date: /root/ros_ws/src/Rescue_Car_ws/install/lifecycle_msgs/include/lifecycle_msgs/lifecycle_msgs/srv/detail/change_state__rosidl_typesupport_introspection_c.h
[0.562s] -- Up-to-date: /root/ros_ws/src/Rescue_Car_ws/install/lifecycle_msgs/include/lifecycle_msgs/lifecycle_msgs/srv/detail/get_available_states__type_support.c
[0.562s] -- Up-to-date: /root/ros_ws/src/Rescue_Car_ws/install/lifecycle_msgs/include/lifecycle_msgs/lifecycle_msgs/srv/detail/get_available_states__rosidl_typesupport_introspection_c.h
[0.562s] -- Up-to-date: /root/ros_ws/src/Rescue_Car_ws/install/lifecycle_msgs/include/lifecycle_msgs/lifecycle_msgs/msg
[0.562s] -- Up-to-date: /root/ros_ws/src/Rescue_Car_ws/install/lifecycle_msgs/include/lifecycle_msgs/lifecycle_msgs/msg/rosidl_typesupport_introspection_c__visibility_control.h
[0.563s] -- Up-to-date: /root/ros_ws/src/Rescue_Car_ws/install/lifecycle_msgs/include/lifecycle_msgs/lifecycle_msgs/msg/detail
[0.563s] -- Up-to-date: /root/ros_ws/src/Rescue_Car_ws/install/lifecycle_msgs/include/lifecycle_msgs/lifecycle_msgs/msg/detail/state__type_support.c
[0.563s] -- Up-to-date: /root/ros_ws/src/Rescue_Car_ws/install/lifecycle_msgs/include/lifecycle_msgs/lifecycle_msgs/msg/detail/transition__rosidl_typesupport_introspection_c.h
[0.563s] -- Up-to-date: /root/ros_ws/src/Rescue_Car_ws/install/lifecycle_msgs/include/lifecycle_msgs/lifecycle_msgs/msg/detail/transition_event__rosidl_typesupport_introspection_c.h
[0.563s] -- Up-to-date: /root/ros_ws/src/Rescue_Car_ws/install/lifecycle_msgs/include/lifecycle_msgs/lifecycle_msgs/msg/detail/transition_description__rosidl_typesupport_introspection_c.h
[0.563s] -- Up-to-date: /root/ros_ws/src/Rescue_Car_ws/install/lifecycle_msgs/include/lifecycle_msgs/lifecycle_msgs/msg/detail/transition__type_support.c
[0.563s] -- Up-to-date: /root/ros_ws/src/Rescue_Car_ws/install/lifecycle_msgs/include/lifecycle_msgs/lifecycle_msgs/msg/detail/transition_description__type_support.c
[0.563s] -- Up-to-date: /root/ros_ws/src/Rescue_Car_ws/install/lifecycle_msgs/include/lifecycle_msgs/lifecycle_msgs/msg/detail/transition_event__type_support.c
[0.563s] -- Up-to-date: /root/ros_ws/src/Rescue_Car_ws/install/lifecycle_msgs/include/lifecycle_msgs/lifecycle_msgs/msg/detail/state__rosidl_typesupport_introspection_c.h
[0.563s] -- Up-to-date: /root/ros_ws/src/Rescue_Car_ws/install/lifecycle_msgs/lib/liblifecycle_msgs__rosidl_typesupport_introspection_c.so
[0.563s] -- Up-to-date: /root/ros_ws/src/Rescue_Car_ws/install/lifecycle_msgs/lib/liblifecycle_msgs__rosidl_typesupport_c.so
[0.564s] -- Up-to-date: /root/ros_ws/src/Rescue_Car_ws/install/lifecycle_msgs/include/lifecycle_msgs/lifecycle_msgs
[0.564s] -- Up-to-date: /root/ros_ws/src/Rescue_Car_ws/install/lifecycle_msgs/include/lifecycle_msgs/lifecycle_msgs/srv
[0.564s] -- Up-to-date: /root/ros_ws/src/Rescue_Car_ws/install/lifecycle_msgs/include/lifecycle_msgs/lifecycle_msgs/srv/get_state.hpp
[0.564s] -- Up-to-date: /root/ros_ws/src/Rescue_Car_ws/install/lifecycle_msgs/include/lifecycle_msgs/lifecycle_msgs/srv/detail
[0.564s] -- Up-to-date: /root/ros_ws/src/Rescue_Car_ws/install/lifecycle_msgs/include/lifecycle_msgs/lifecycle_msgs/srv/detail/get_state__type_support.hpp
[0.564s] -- Up-to-date: /root/ros_ws/src/Rescue_Car_ws/install/lifecycle_msgs/include/lifecycle_msgs/lifecycle_msgs/srv/detail/get_available_transitions__struct.hpp
[0.564s] -- Up-to-date: /root/ros_ws/src/Rescue_Car_ws/install/lifecycle_msgs/include/lifecycle_msgs/lifecycle_msgs/srv/detail/get_available_transitions__builder.hpp
[0.564s] -- Up-to-date: /root/ros_ws/src/Rescue_Car_ws/install/lifecycle_msgs/include/lifecycle_msgs/lifecycle_msgs/srv/detail/get_available_transitions__type_support.hpp
[0.564s] -- Up-to-date: /root/ros_ws/src/Rescue_Car_ws/install/lifecycle_msgs/include/lifecycle_msgs/lifecycle_msgs/srv/detail/change_state__builder.hpp
[0.564s] -- Up-to-date: /root/ros_ws/src/Rescue_Car_ws/install/lifecycle_msgs/include/lifecycle_msgs/lifecycle_msgs/srv/detail/get_available_transitions__traits.hpp
[0.564s] -- Up-to-date: /root/ros_ws/src/Rescue_Car_ws/install/lifecycle_msgs/include/lifecycle_msgs/lifecycle_msgs/srv/detail/get_available_states__struct.hpp
[0.564s] -- Up-to-date: /root/ros_ws/src/Rescue_Car_ws/install/lifecycle_msgs/include/lifecycle_msgs/lifecycle_msgs/srv/detail/get_state__builder.hpp
[0.565s] -- Up-to-date: /root/ros_ws/src/Rescue_Car_ws/install/lifecycle_msgs/include/lifecycle_msgs/lifecycle_msgs/srv/detail/change_state__type_support.hpp
[0.565s] -- Up-to-date: /root/ros_ws/src/Rescue_Car_ws/install/lifecycle_msgs/include/lifecycle_msgs/lifecycle_msgs/srv/detail/get_state__traits.hpp
[0.565s] -- Up-to-date: /root/ros_ws/src/Rescue_Car_ws/install/lifecycle_msgs/include/lifecycle_msgs/lifecycle_msgs/srv/detail/get_available_states__builder.hpp
[0.565s] -- Up-to-date: /root/ros_ws/src/Rescue_Car_ws/install/lifecycle_msgs/include/lifecycle_msgs/lifecycle_msgs/srv/detail/get_state__struct.hpp
[0.565s] -- Up-to-date: /root/ros_ws/src/Rescue_Car_ws/install/lifecycle_msgs/include/lifecycle_msgs/lifecycle_msgs/srv/detail/change_state__traits.hpp
[0.565s] -- Up-to-date: /root/ros_ws/src/Rescue_Car_ws/install/lifecycle_msgs/include/lifecycle_msgs/lifecycle_msgs/srv/detail/get_available_states__type_support.hpp
[0.565s] -- Up-to-date: /root/ros_ws/src/Rescue_Car_ws/install/lifecycle_msgs/include/lifecycle_msgs/lifecycle_msgs/srv/detail/get_available_states__traits.hpp
[0.565s] -- Up-to-date: /root/ros_ws/src/Rescue_Car_ws/install/lifecycle_msgs/include/lifecycle_msgs/lifecycle_msgs/srv/detail/change_state__struct.hpp
[0.565s] -- Up-to-date: /root/ros_ws/src/Rescue_Car_ws/install/lifecycle_msgs/include/lifecycle_msgs/lifecycle_msgs/srv/get_available_transitions.hpp
[0.565s] -- Up-to-date: /root/ros_ws/src/Rescue_Car_ws/install/lifecycle_msgs/include/lifecycle_msgs/lifecycle_msgs/srv/change_state.hpp
[0.566s] -- Up-to-date: /root/ros_ws/src/Rescue_Car_ws/install/lifecycle_msgs/include/lifecycle_msgs/lifecycle_msgs/srv/get_available_states.hpp
[0.566s] -- Up-to-date: /root/ros_ws/src/Rescue_Car_ws/install/lifecycle_msgs/include/lifecycle_msgs/lifecycle_msgs/msg
[0.566s] -- Up-to-date: /root/ros_ws/src/Rescue_Car_ws/install/lifecycle_msgs/include/lifecycle_msgs/lifecycle_msgs/msg/rosidl_generator_cpp__visibility_control.hpp
[0.566s] -- Up-to-date: /root/ros_ws/src/Rescue_Car_ws/install/lifecycle_msgs/include/lifecycle_msgs/lifecycle_msgs/msg/transition_description.hpp
[0.566s] -- Up-to-date: /root/ros_ws/src/Rescue_Car_ws/install/lifecycle_msgs/include/lifecycle_msgs/lifecycle_msgs/msg/transition_event.hpp
[0.566s] -- Up-to-date: /root/ros_ws/src/Rescue_Car_ws/install/lifecycle_msgs/include/lifecycle_msgs/lifecycle_msgs/msg/detail
[0.566s] -- Up-to-date: /root/ros_ws/src/Rescue_Car_ws/install/lifecycle_msgs/include/lifecycle_msgs/lifecycle_msgs/msg/detail/transition_event__builder.hpp
[0.567s] -- Up-to-date: /root/ros_ws/src/Rescue_Car_ws/install/lifecycle_msgs/include/lifecycle_msgs/lifecycle_msgs/msg/detail/state__builder.hpp
[0.567s] -- Up-to-date: /root/ros_ws/src/Rescue_Car_ws/install/lifecycle_msgs/include/lifecycle_msgs/lifecycle_msgs/msg/detail/transition_description__builder.hpp
[0.567s] -- Up-to-date: /root/ros_ws/src/Rescue_Car_ws/install/lifecycle_msgs/include/lifecycle_msgs/lifecycle_msgs/msg/detail/transition_event__traits.hpp
[0.567s] -- Up-to-date: /root/ros_ws/src/Rescue_Car_ws/install/lifecycle_msgs/include/lifecycle_msgs/lifecycle_msgs/msg/detail/state__struct.hpp
[0.567s] -- Up-to-date: /root/ros_ws/src/Rescue_Car_ws/install/lifecycle_msgs/include/lifecycle_msgs/lifecycle_msgs/msg/detail/transition__builder.hpp
[0.567s] -- Up-to-date: /root/ros_ws/src/Rescue_Car_ws/install/lifecycle_msgs/include/lifecycle_msgs/lifecycle_msgs/msg/detail/transition_description__type_support.hpp
[0.568s] -- Up-to-date: /root/ros_ws/src/Rescue_Car_ws/install/lifecycle_msgs/include/lifecycle_msgs/lifecycle_msgs/msg/detail/state__traits.hpp
[0.568s] -- Up-to-date: /root/ros_ws/src/Rescue_Car_ws/install/lifecycle_msgs/include/lifecycle_msgs/lifecycle_msgs/msg/detail/transition__traits.hpp
[0.568s] -- Up-to-date: /root/ros_ws/src/Rescue_Car_ws/install/lifecycle_msgs/include/lifecycle_msgs/lifecycle_msgs/msg/detail/transition_description__traits.hpp
[0.568s] -- Up-to-date: /root/ros_ws/src/Rescue_Car_ws/install/lifecycle_msgs/include/lifecycle_msgs/lifecycle_msgs/msg/detail/transition__type_support.hpp
[0.569s] -- Up-to-date: /root/ros_ws/src/Rescue_Car_ws/install/lifecycle_msgs/include/lifecycle_msgs/lifecycle_msgs/msg/detail/transition_event__struct.hpp
[0.569s] -- Up-to-date: /root/ros_ws/src/Rescue_Car_ws/install/lifecycle_msgs/include/lifecycle_msgs/lifecycle_msgs/msg/detail/state__type_support.hpp
[0.569s] -- Up-to-date: /root/ros_ws/src/Rescue_Car_ws/install/lifecycle_msgs/include/lifecycle_msgs/lifecycle_msgs/msg/detail/transition_description__struct.hpp
[0.570s] -- Up-to-date: /root/ros_ws/src/Rescue_Car_ws/install/lifecycle_msgs/include/lifecycle_msgs/lifecycle_msgs/msg/detail/transition__struct.hpp
[0.570s] -- Up-to-date: /root/ros_ws/src/Rescue_Car_ws/install/lifecycle_msgs/include/lifecycle_msgs/lifecycle_msgs/msg/detail/transition_event__type_support.hpp
[0.571s] -- Up-to-date: /root/ros_ws/src/Rescue_Car_ws/install/lifecycle_msgs/include/lifecycle_msgs/lifecycle_msgs/msg/transition.hpp
[0.571s] -- Up-to-date: /root/ros_ws/src/Rescue_Car_ws/install/lifecycle_msgs/include/lifecycle_msgs/lifecycle_msgs/msg/state.hpp
[0.572s] -- Up-to-date: /root/ros_ws/src/Rescue_Car_ws/install/lifecycle_msgs/include/lifecycle_msgs/lifecycle_msgs
[0.572s] -- Up-to-date: /root/ros_ws/src/Rescue_Car_ws/install/lifecycle_msgs/include/lifecycle_msgs/lifecycle_msgs/srv
[0.572s] -- Up-to-date: /root/ros_ws/src/Rescue_Car_ws/install/lifecycle_msgs/include/lifecycle_msgs/lifecycle_msgs/srv/detail
[0.572s] -- Up-to-date: /root/ros_ws/src/Rescue_Car_ws/install/lifecycle_msgs/include/lifecycle_msgs/lifecycle_msgs/srv/detail/change_state__rosidl_typesupport_fastrtps_cpp.hpp
[0.572s] -- Up-to-date: /root/ros_ws/src/Rescue_Car_ws/install/lifecycle_msgs/include/lifecycle_msgs/lifecycle_msgs/srv/detail/dds_fastrtps
[0.572s] -- Up-to-date: /root/ros_ws/src/Rescue_Car_ws/install/lifecycle_msgs/include/lifecycle_msgs/lifecycle_msgs/srv/detail/get_available_states__rosidl_typesupport_fastrtps_cpp.hpp
[0.573s] -- Up-to-date: /root/ros_ws/src/Rescue_Car_ws/install/lifecycle_msgs/include/lifecycle_msgs/lifecycle_msgs/srv/detail/get_available_transitions__rosidl_typesupport_fastrtps_cpp.hpp
[0.573s] -- Up-to-date: /root/ros_ws/src/Rescue_Car_ws/install/lifecycle_msgs/include/lifecycle_msgs/lifecycle_msgs/srv/detail/get_state__rosidl_typesupport_fastrtps_cpp.hpp
[0.573s] -- Up-to-date: /root/ros_ws/src/Rescue_Car_ws/install/lifecycle_msgs/include/lifecycle_msgs/lifecycle_msgs/msg
[0.573s] -- Up-to-date: /root/ros_ws/src/Rescue_Car_ws/install/lifecycle_msgs/include/lifecycle_msgs/lifecycle_msgs/msg/rosidl_typesupport_fastrtps_cpp__visibility_control.h
[0.573s] -- Up-to-date: /root/ros_ws/src/Rescue_Car_ws/install/lifecycle_msgs/include/lifecycle_msgs/lifecycle_msgs/msg/detail
[0.573s] -- Up-to-date: /root/ros_ws/src/Rescue_Car_ws/install/lifecycle_msgs/include/lifecycle_msgs/lifecycle_msgs/msg/detail/transition_event__rosidl_typesupport_fastrtps_cpp.hpp
[0.573s] -- Up-to-date: /root/ros_ws/src/Rescue_Car_ws/install/lifecycle_msgs/include/lifecycle_msgs/lifecycle_msgs/msg/detail/state__rosidl_typesupport_fastrtps_cpp.hpp
[0.573s] -- Up-to-date: /root/ros_ws/src/Rescue_Car_ws/install/lifecycle_msgs/include/lifecycle_msgs/lifecycle_msgs/msg/detail/dds_fastrtps
[0.573s] -- Up-to-date: /root/ros_ws/src/Rescue_Car_ws/install/lifecycle_msgs/include/lifecycle_msgs/lifecycle_msgs/msg/detail/transition_description__rosidl_typesupport_fastrtps_cpp.hpp
[0.573s] -- Up-to-date: /root/ros_ws/src/Rescue_Car_ws/install/lifecycle_msgs/include/lifecycle_msgs/lifecycle_msgs/msg/detail/transition__rosidl_typesupport_fastrtps_cpp.hpp
[0.574s] -- Up-to-date: /root/ros_ws/src/Rescue_Car_ws/install/lifecycle_msgs/lib/liblifecycle_msgs__rosidl_typesupport_fastrtps_cpp.so
[0.574s] -- Up-to-date: /root/ros_ws/src/Rescue_Car_ws/install/lifecycle_msgs/include/lifecycle_msgs/lifecycle_msgs
[0.574s] -- Up-to-date: /root/ros_ws/src/Rescue_Car_ws/install/lifecycle_msgs/include/lifecycle_msgs/lifecycle_msgs/srv
[0.574s] -- Up-to-date: /root/ros_ws/src/Rescue_Car_ws/install/lifecycle_msgs/include/lifecycle_msgs/lifecycle_msgs/srv/detail
[0.574s] -- Up-to-date: /root/ros_ws/src/Rescue_Car_ws/install/lifecycle_msgs/include/lifecycle_msgs/lifecycle_msgs/srv/detail/get_state__rosidl_typesupport_introspection_cpp.hpp
[0.574s] -- Up-to-date: /root/ros_ws/src/Rescue_Car_ws/install/lifecycle_msgs/include/lifecycle_msgs/lifecycle_msgs/srv/detail/get_available_transitions__rosidl_typesupport_introspection_cpp.hpp
[0.574s] -- Up-to-date: /root/ros_ws/src/Rescue_Car_ws/install/lifecycle_msgs/include/lifecycle_msgs/lifecycle_msgs/srv/detail/change_state__rosidl_typesupport_introspection_cpp.hpp
[0.574s] -- Up-to-date: /root/ros_ws/src/Rescue_Car_ws/install/lifecycle_msgs/include/lifecycle_msgs/lifecycle_msgs/srv/detail/change_state__type_support.cpp
[0.574s] -- Up-to-date: /root/ros_ws/src/Rescue_Car_ws/install/lifecycle_msgs/include/lifecycle_msgs/lifecycle_msgs/srv/detail/get_available_transitions__type_support.cpp
[0.575s] -- Up-to-date: /root/ros_ws/src/Rescue_Car_ws/install/lifecycle_msgs/include/lifecycle_msgs/lifecycle_msgs/srv/detail/get_available_states__rosidl_typesupport_introspection_cpp.hpp
[0.575s] -- Up-to-date: /root/ros_ws/src/Rescue_Car_ws/install/lifecycle_msgs/include/lifecycle_msgs/lifecycle_msgs/srv/detail/get_state__type_support.cpp
[0.575s] -- Up-to-date: /root/ros_ws/src/Rescue_Car_ws/install/lifecycle_msgs/include/lifecycle_msgs/lifecycle_msgs/srv/detail/get_available_states__type_support.cpp
[0.575s] -- Up-to-date: /root/ros_ws/src/Rescue_Car_ws/install/lifecycle_msgs/include/lifecycle_msgs/lifecycle_msgs/msg
[0.575s] -- Up-to-date: /root/ros_ws/src/Rescue_Car_ws/install/lifecycle_msgs/include/lifecycle_msgs/lifecycle_msgs/msg/detail
[0.575s] -- Up-to-date: /root/ros_ws/src/Rescue_Car_ws/install/lifecycle_msgs/include/lifecycle_msgs/lifecycle_msgs/msg/detail/state__rosidl_typesupport_introspection_cpp.hpp
[0.575s] -- Up-to-date: /root/ros_ws/src/Rescue_Car_ws/install/lifecycle_msgs/include/lifecycle_msgs/lifecycle_msgs/msg/detail/transition_event__rosidl_typesupport_introspection_cpp.hpp
[0.575s] -- Up-to-date: /root/ros_ws/src/Rescue_Car_ws/install/lifecycle_msgs/include/lifecycle_msgs/lifecycle_msgs/msg/detail/transition__type_support.cpp
[0.575s] -- Up-to-date: /root/ros_ws/src/Rescue_Car_ws/install/lifecycle_msgs/include/lifecycle_msgs/lifecycle_msgs/msg/detail/state__type_support.cpp
[0.575s] -- Up-to-date: /root/ros_ws/src/Rescue_Car_ws/install/lifecycle_msgs/include/lifecycle_msgs/lifecycle_msgs/msg/detail/transition__rosidl_typesupport_introspection_cpp.hpp
[0.576s] -- Up-to-date: /root/ros_ws/src/Rescue_Car_ws/install/lifecycle_msgs/include/lifecycle_msgs/lifecycle_msgs/msg/detail/transition_event__type_support.cpp
[0.576s] -- Up-to-date: /root/ros_ws/src/Rescue_Car_ws/install/lifecycle_msgs/include/lifecycle_msgs/lifecycle_msgs/msg/detail/transition_description__type_support.cpp
[0.576s] -- Up-to-date: /root/ros_ws/src/Rescue_Car_ws/install/lifecycle_msgs/include/lifecycle_msgs/lifecycle_msgs/msg/detail/transition_description__rosidl_typesupport_introspection_cpp.hpp
[0.576s] -- Up-to-date: /root/ros_ws/src/Rescue_Car_ws/install/lifecycle_msgs/lib/liblifecycle_msgs__rosidl_typesupport_introspection_cpp.so
[0.576s] -- Up-to-date: /root/ros_ws/src/Rescue_Car_ws/install/lifecycle_msgs/lib/liblifecycle_msgs__rosidl_typesupport_cpp.so
[0.576s] -- Up-to-date: /root/ros_ws/src/Rescue_Car_ws/install/lifecycle_msgs/share/lifecycle_msgs/environment/pythonpath.sh
[0.576s] -- Up-to-date: /root/ros_ws/src/Rescue_Car_ws/install/lifecycle_msgs/share/lifecycle_msgs/environment/pythonpath.dsv
[0.576s] -- Up-to-date: /root/ros_ws/src/Rescue_Car_ws/install/lifecycle_msgs/local/lib/python3.10/dist-packages/lifecycle_msgs-1.2.2-py3.10.egg-info
[0.576s] -- Installing: /root/ros_ws/src/Rescue_Car_ws/install/lifecycle_msgs/local/lib/python3.10/dist-packages/lifecycle_msgs-1.2.2-py3.10.egg-info/dependency_links.txt
[0.576s] -- Installing: /root/ros_ws/src/Rescue_Car_ws/install/lifecycle_msgs/local/lib/python3.10/dist-packages/lifecycle_msgs-1.2.2-py3.10.egg-info/SOURCES.txt
[0.576s] -- Installing: /root/ros_ws/src/Rescue_Car_ws/install/lifecycle_msgs/local/lib/python3.10/dist-packages/lifecycle_msgs-1.2.2-py3.10.egg-info/PKG-INFO
[0.576s] -- Installing: /root/ros_ws/src/Rescue_Car_ws/install/lifecycle_msgs/local/lib/python3.10/dist-packages/lifecycle_msgs-1.2.2-py3.10.egg-info/top_level.txt
[0.577s] -- Up-to-date: /root/ros_ws/src/Rescue_Car_ws/install/lifecycle_msgs/local/lib/python3.10/dist-packages/lifecycle_msgs
[0.577s] -- Up-to-date: /root/ros_ws/src/Rescue_Car_ws/install/lifecycle_msgs/local/lib/python3.10/dist-packages/lifecycle_msgs/lifecycle_msgs_s__rosidl_typesupport_c.cpython-310-x86_64-linux-gnu.so
[0.577s] -- Up-to-date: /root/ros_ws/src/Rescue_Car_ws/install/lifecycle_msgs/local/lib/python3.10/dist-packages/lifecycle_msgs/lifecycle_msgs_s__rosidl_typesupport_introspection_c.cpython-310-x86_64-linux-gnu.so
[0.577s] -- Up-to-date: /root/ros_ws/src/Rescue_Car_ws/install/lifecycle_msgs/local/lib/python3.10/dist-packages/lifecycle_msgs/lifecycle_msgs_s__rosidl_typesupport_fastrtps_c.cpython-310-x86_64-linux-gnu.so
[0.577s] -- Up-to-date: /root/ros_ws/src/Rescue_Car_ws/install/lifecycle_msgs/local/lib/python3.10/dist-packages/lifecycle_msgs/_lifecycle_msgs_s.ep.rosidl_typesupport_c.c
[0.577s] -- Up-to-date: /root/ros_ws/src/Rescue_Car_ws/install/lifecycle_msgs/local/lib/python3.10/dist-packages/lifecycle_msgs/_lifecycle_msgs_s.ep.rosidl_typesupport_introspection_c.c
[0.577s] -- Up-to-date: /root/ros_ws/src/Rescue_Car_ws/install/lifecycle_msgs/local/lib/python3.10/dist-packages/lifecycle_msgs/liblifecycle_msgs__rosidl_generator_py.so
[0.578s] -- Up-to-date: /root/ros_ws/src/Rescue_Car_ws/install/lifecycle_msgs/local/lib/python3.10/dist-packages/lifecycle_msgs/_lifecycle_msgs_s.ep.rosidl_typesupport_fastrtps_c.c
[0.578s] -- Up-to-date: /root/ros_ws/src/Rescue_Car_ws/install/lifecycle_msgs/local/lib/python3.10/dist-packages/lifecycle_msgs/srv
[0.578s] -- Up-to-date: /root/ros_ws/src/Rescue_Car_ws/install/lifecycle_msgs/local/lib/python3.10/dist-packages/lifecycle_msgs/srv/_get_available_states_s.c
[0.578s] -- Up-to-date: /root/ros_ws/src/Rescue_Car_ws/install/lifecycle_msgs/local/lib/python3.10/dist-packages/lifecycle_msgs/srv/_change_state.py
[0.578s] -- Up-to-date: /root/ros_ws/src/Rescue_Car_ws/install/lifecycle_msgs/local/lib/python3.10/dist-packages/lifecycle_msgs/srv/_get_state.py
[0.578s] -- Up-to-date: /root/ros_ws/src/Rescue_Car_ws/install/lifecycle_msgs/local/lib/python3.10/dist-packages/lifecycle_msgs/srv/_get_available_states.py
[0.578s] -- Up-to-date: /root/ros_ws/src/Rescue_Car_ws/install/lifecycle_msgs/local/lib/python3.10/dist-packages/lifecycle_msgs/srv/_change_state_s.c
[0.578s] -- Up-to-date: /root/ros_ws/src/Rescue_Car_ws/install/lifecycle_msgs/local/lib/python3.10/dist-packages/lifecycle_msgs/srv/_get_available_transitions.py
[0.578s] -- Up-to-date: /root/ros_ws/src/Rescue_Car_ws/install/lifecycle_msgs/local/lib/python3.10/dist-packages/lifecycle_msgs/srv/__init__.py
[0.579s] -- Up-to-date: /root/ros_ws/src/Rescue_Car_ws/install/lifecycle_msgs/local/lib/python3.10/dist-packages/lifecycle_msgs/srv/_get_available_transitions_s.c
[0.579s] -- Up-to-date: /root/ros_ws/src/Rescue_Car_ws/install/lifecycle_msgs/local/lib/python3.10/dist-packages/lifecycle_msgs/srv/_get_state_s.c
[0.579s] -- Up-to-date: /root/ros_ws/src/Rescue_Car_ws/install/lifecycle_msgs/local/lib/python3.10/dist-packages/lifecycle_msgs/__init__.py
[0.579s] -- Up-to-date: /root/ros_ws/src/Rescue_Car_ws/install/lifecycle_msgs/local/lib/python3.10/dist-packages/lifecycle_msgs/msg
[0.579s] -- Up-to-date: /root/ros_ws/src/Rescue_Car_ws/install/lifecycle_msgs/local/lib/python3.10/dist-packages/lifecycle_msgs/msg/_transition_s.c
[0.579s] -- Up-to-date: /root/ros_ws/src/Rescue_Car_ws/install/lifecycle_msgs/local/lib/python3.10/dist-packages/lifecycle_msgs/msg/_state_s.c
[0.579s] -- Up-to-date: /root/ros_ws/src/Rescue_Car_ws/install/lifecycle_msgs/local/lib/python3.10/dist-packages/lifecycle_msgs/msg/_transition_description_s.c
[0.579s] -- Up-to-date: /root/ros_ws/src/Rescue_Car_ws/install/lifecycle_msgs/local/lib/python3.10/dist-packages/lifecycle_msgs/msg/_transition_description.py
[0.579s] -- Up-to-date: /root/ros_ws/src/Rescue_Car_ws/install/lifecycle_msgs/local/lib/python3.10/dist-packages/lifecycle_msgs/msg/_transition_event_s.c
[0.580s] -- Up-to-date: /root/ros_ws/src/Rescue_Car_ws/install/lifecycle_msgs/local/lib/python3.10/dist-packages/lifecycle_msgs/msg/__init__.py
[0.580s] -- Up-to-date: /root/ros_ws/src/Rescue_Car_ws/install/lifecycle_msgs/local/lib/python3.10/dist-packages/lifecycle_msgs/msg/_transition.py
[0.580s] -- Up-to-date: /root/ros_ws/src/Rescue_Car_ws/install/lifecycle_msgs/local/lib/python3.10/dist-packages/lifecycle_msgs/msg/_state.py
[0.580s] -- Up-to-date: /root/ros_ws/src/Rescue_Car_ws/install/lifecycle_msgs/local/lib/python3.10/dist-packages/lifecycle_msgs/msg/_transition_event.py
[0.582s] Listing '/root/ros_ws/src/Rescue_Car_ws/install/lifecycle_msgs/local/lib/python3.10/dist-packages/lifecycle_msgs'...
[0.583s] Listing '/root/ros_ws/src/Rescue_Car_ws/install/lifecycle_msgs/local/lib/python3.10/dist-packages/lifecycle_msgs/msg'...
[0.583s] Listing '/root/ros_ws/src/Rescue_Car_ws/install/lifecycle_msgs/local/lib/python3.10/dist-packages/lifecycle_msgs/srv'...
[0.588s] -- Up-to-date: /root/ros_ws/src/Rescue_Car_ws/install/lifecycle_msgs/local/lib/python3.10/dist-packages/lifecycle_msgs/lifecycle_msgs_s__rosidl_typesupport_fastrtps_c.cpython-310-x86_64-linux-gnu.so
[0.588s] -- Up-to-date: /root/ros_ws/src/Rescue_Car_ws/install/lifecycle_msgs/local/lib/python3.10/dist-packages/lifecycle_msgs/lifecycle_msgs_s__rosidl_typesupport_introspection_c.cpython-310-x86_64-linux-gnu.so
[0.589s] -- Up-to-date: /root/ros_ws/src/Rescue_Car_ws/install/lifecycle_msgs/local/lib/python3.10/dist-packages/lifecycle_msgs/lifecycle_msgs_s__rosidl_typesupport_c.cpython-310-x86_64-linux-gnu.so
[0.589s] -- Up-to-date: /root/ros_ws/src/Rescue_Car_ws/install/lifecycle_msgs/lib/liblifecycle_msgs__rosidl_generator_py.so
[0.589s] -- Up-to-date: /root/ros_ws/src/Rescue_Car_ws/install/lifecycle_msgs/share/lifecycle_msgs/msg/State.idl
[0.590s] -- Up-to-date: /root/ros_ws/src/Rescue_Car_ws/install/lifecycle_msgs/share/lifecycle_msgs/msg/Transition.idl
[0.590s] -- Up-to-date: /root/ros_ws/src/Rescue_Car_ws/install/lifecycle_msgs/share/lifecycle_msgs/msg/TransitionDescription.idl
[0.590s] -- Up-to-date: /root/ros_ws/src/Rescue_Car_ws/install/lifecycle_msgs/share/lifecycle_msgs/msg/TransitionEvent.idl
[0.590s] -- Up-to-date: /root/ros_ws/src/Rescue_Car_ws/install/lifecycle_msgs/share/lifecycle_msgs/srv/ChangeState.idl
[0.590s] -- Up-to-date: /root/ros_ws/src/Rescue_Car_ws/install/lifecycle_msgs/share/lifecycle_msgs/srv/GetAvailableStates.idl
[0.590s] -- Up-to-date: /root/ros_ws/src/Rescue_Car_ws/install/lifecycle_msgs/share/lifecycle_msgs/srv/GetAvailableTransitions.idl
[0.590s] -- Up-to-date: /root/ros_ws/src/Rescue_Car_ws/install/lifecycle_msgs/share/lifecycle_msgs/srv/GetState.idl
[0.591s] -- Up-to-date: /root/ros_ws/src/Rescue_Car_ws/install/lifecycle_msgs/share/lifecycle_msgs/msg/State.msg
[0.591s] -- Up-to-date: /root/ros_ws/src/Rescue_Car_ws/install/lifecycle_msgs/share/lifecycle_msgs/msg/Transition.msg
[0.591s] -- Up-to-date: /root/ros_ws/src/Rescue_Car_ws/install/lifecycle_msgs/share/lifecycle_msgs/msg/TransitionDescription.msg
[0.591s] -- Up-to-date: /root/ros_ws/src/Rescue_Car_ws/install/lifecycle_msgs/share/lifecycle_msgs/msg/TransitionEvent.msg
[0.591s] -- Up-to-date: /root/ros_ws/src/Rescue_Car_ws/install/lifecycle_msgs/share/lifecycle_msgs/srv/ChangeState.srv
[0.592s] -- Up-to-date: /root/ros_ws/src/Rescue_Car_ws/install/lifecycle_msgs/share/lifecycle_msgs/srv/ChangeState_Request.msg
[0.592s] -- Up-to-date: /root/ros_ws/src/Rescue_Car_ws/install/lifecycle_msgs/share/lifecycle_msgs/srv/ChangeState_Response.msg
[0.592s] -- Up-to-date: /root/ros_ws/src/Rescue_Car_ws/install/lifecycle_msgs/share/lifecycle_msgs/srv/GetAvailableStates.srv
[0.592s] -- Up-to-date: /root/ros_ws/src/Rescue_Car_ws/install/lifecycle_msgs/share/lifecycle_msgs/srv/GetAvailableStates_Request.msg
[0.592s] -- Up-to-date: /root/ros_ws/src/Rescue_Car_ws/install/lifecycle_msgs/share/lifecycle_msgs/srv/GetAvailableStates_Response.msg
[0.592s] -- Up-to-date: /root/ros_ws/src/Rescue_Car_ws/install/lifecycle_msgs/share/lifecycle_msgs/srv/GetAvailableTransitions.srv
[0.593s] -- Up-to-date: /root/ros_ws/src/Rescue_Car_ws/install/lifecycle_msgs/share/lifecycle_msgs/srv/GetAvailableTransitions_Request.msg
[0.593s] -- Up-to-date: /root/ros_ws/src/Rescue_Car_ws/install/lifecycle_msgs/share/lifecycle_msgs/srv/GetAvailableTransitions_Response.msg
[0.593s] -- Up-to-date: /root/ros_ws/src/Rescue_Car_ws/install/lifecycle_msgs/share/lifecycle_msgs/srv/GetState.srv
[0.593s] -- Up-to-date: /root/ros_ws/src/Rescue_Car_ws/install/lifecycle_msgs/share/lifecycle_msgs/srv/GetState_Request.msg
[0.593s] -- Up-to-date: /root/ros_ws/src/Rescue_Car_ws/install/lifecycle_msgs/share/lifecycle_msgs/srv/GetState_Response.msg
[0.594s] -- Up-to-date: /root/ros_ws/src/Rescue_Car_ws/install/lifecycle_msgs/share/ament_index/resource_index/package_run_dependencies/lifecycle_msgs
[0.594s] -- Up-to-date: /root/ros_ws/src/Rescue_Car_ws/install/lifecycle_msgs/share/ament_index/resource_index/parent_prefix_path/lifecycle_msgs
[0.594s] -- Up-to-date: /root/ros_ws/src/Rescue_Car_ws/install/lifecycle_msgs/share/lifecycle_msgs/environment/ament_prefix_path.sh
[0.594s] -- Up-to-date: /root/ros_ws/src/Rescue_Car_ws/install/lifecycle_msgs/share/lifecycle_msgs/environment/ament_prefix_path.dsv
[0.594s] -- Up-to-date: /root/ros_ws/src/Rescue_Car_ws/install/lifecycle_msgs/share/lifecycle_msgs/environment/path.sh
[0.594s] -- Up-to-date: /root/ros_ws/src/Rescue_Car_ws/install/lifecycle_msgs/share/lifecycle_msgs/environment/path.dsv
[0.594s] -- Up-to-date: /root/ros_ws/src/Rescue_Car_ws/install/lifecycle_msgs/share/lifecycle_msgs/local_setup.bash
[0.594s] -- Up-to-date: /root/ros_ws/src/Rescue_Car_ws/install/lifecycle_msgs/share/lifecycle_msgs/local_setup.sh
[0.595s] -- Up-to-date: /root/ros_ws/src/Rescue_Car_ws/install/lifecycle_msgs/share/lifecycle_msgs/local_setup.zsh
[0.595s] -- Up-to-date: /root/ros_ws/src/Rescue_Car_ws/install/lifecycle_msgs/share/lifecycle_msgs/local_setup.dsv
[0.595s] -- Installing: /root/ros_ws/src/Rescue_Car_ws/install/lifecycle_msgs/share/lifecycle_msgs/package.dsv
[0.595s] -- Up-to-date: /root/ros_ws/src/Rescue_Car_ws/install/lifecycle_msgs/share/ament_index/resource_index/packages/lifecycle_msgs
[0.595s] -- Up-to-date: /root/ros_ws/src/Rescue_Car_ws/install/lifecycle_msgs/share/lifecycle_msgs/cmake/export_lifecycle_msgs__rosidl_generator_cExport.cmake
[0.595s] -- Up-to-date: /root/ros_ws/src/Rescue_Car_ws/install/lifecycle_msgs/share/lifecycle_msgs/cmake/export_lifecycle_msgs__rosidl_generator_cExport-noconfig.cmake
[0.595s] -- Up-to-date: /root/ros_ws/src/Rescue_Car_ws/install/lifecycle_msgs/share/lifecycle_msgs/cmake/export_lifecycle_msgs__rosidl_typesupport_fastrtps_cExport.cmake
[0.595s] -- Up-to-date: /root/ros_ws/src/Rescue_Car_ws/install/lifecycle_msgs/share/lifecycle_msgs/cmake/export_lifecycle_msgs__rosidl_typesupport_fastrtps_cExport-noconfig.cmake
[0.595s] -- Up-to-date: /root/ros_ws/src/Rescue_Car_ws/install/lifecycle_msgs/share/lifecycle_msgs/cmake/lifecycle_msgs__rosidl_typesupport_introspection_cExport.cmake
[0.595s] -- Up-to-date: /root/ros_ws/src/Rescue_Car_ws/install/lifecycle_msgs/share/lifecycle_msgs/cmake/lifecycle_msgs__rosidl_typesupport_introspection_cExport-noconfig.cmake
[0.595s] -- Up-to-date: /root/ros_ws/src/Rescue_Car_ws/install/lifecycle_msgs/share/lifecycle_msgs/cmake/lifecycle_msgs__rosidl_typesupport_cExport.cmake
[0.596s] -- Up-to-date: /root/ros_ws/src/Rescue_Car_ws/install/lifecycle_msgs/share/lifecycle_msgs/cmake/lifecycle_msgs__rosidl_typesupport_cExport-noconfig.cmake
[0.596s] -- Up-to-date: /root/ros_ws/src/Rescue_Car_ws/install/lifecycle_msgs/share/lifecycle_msgs/cmake/export_lifecycle_msgs__rosidl_generator_cppExport.cmake
[0.596s] -- Up-to-date: /root/ros_ws/src/Rescue_Car_ws/install/lifecycle_msgs/share/lifecycle_msgs/cmake/export_lifecycle_msgs__rosidl_typesupport_fastrtps_cppExport.cmake
[0.596s] -- Up-to-date: /root/ros_ws/src/Rescue_Car_ws/install/lifecycle_msgs/share/lifecycle_msgs/cmake/export_lifecycle_msgs__rosidl_typesupport_fastrtps_cppExport-noconfig.cmake
[0.596s] -- Up-to-date: /root/ros_ws/src/Rescue_Car_ws/install/lifecycle_msgs/share/lifecycle_msgs/cmake/lifecycle_msgs__rosidl_typesupport_introspection_cppExport.cmake
[0.596s] -- Up-to-date: /root/ros_ws/src/Rescue_Car_ws/install/lifecycle_msgs/share/lifecycle_msgs/cmake/lifecycle_msgs__rosidl_typesupport_introspection_cppExport-noconfig.cmake
[0.597s] -- Up-to-date: /root/ros_ws/src/Rescue_Car_ws/install/lifecycle_msgs/share/lifecycle_msgs/cmake/lifecycle_msgs__rosidl_typesupport_cppExport.cmake
[0.597s] -- Up-to-date: /root/ros_ws/src/Rescue_Car_ws/install/lifecycle_msgs/share/lifecycle_msgs/cmake/lifecycle_msgs__rosidl_typesupport_cppExport-noconfig.cmake
[0.597s] -- Up-to-date: /root/ros_ws/src/Rescue_Car_ws/install/lifecycle_msgs/share/lifecycle_msgs/cmake/export_lifecycle_msgs__rosidl_generator_pyExport.cmake
[0.597s] -- Up-to-date: /root/ros_ws/src/Rescue_Car_ws/install/lifecycle_msgs/share/lifecycle_msgs/cmake/export_lifecycle_msgs__rosidl_generator_pyExport-noconfig.cmake
[0.598s] -- Up-to-date: /root/ros_ws/src/Rescue_Car_ws/install/lifecycle_msgs/share/lifecycle_msgs/cmake/rosidl_cmake-extras.cmake
[0.598s] -- Up-to-date: /root/ros_ws/src/Rescue_Car_ws/install/lifecycle_msgs/share/lifecycle_msgs/cmake/ament_cmake_export_include_directories-extras.cmake
[0.598s] -- Up-to-date: /root/ros_ws/src/Rescue_Car_ws/install/lifecycle_msgs/share/lifecycle_msgs/cmake/ament_cmake_export_libraries-extras.cmake
[0.598s] -- Up-to-date: /root/ros_ws/src/Rescue_Car_ws/install/lifecycle_msgs/share/lifecycle_msgs/cmake/ament_cmake_export_targets-extras.cmake
[0.598s] -- Up-to-date: /root/ros_ws/src/Rescue_Car_ws/install/lifecycle_msgs/share/lifecycle_msgs/cmake/rosidl_cmake_export_typesupport_targets-extras.cmake
[0.598s] -- Up-to-date: /root/ros_ws/src/Rescue_Car_ws/install/lifecycle_msgs/share/lifecycle_msgs/cmake/ament_cmake_export_dependencies-extras.cmake
[0.598s] -- Up-to-date: /root/ros_ws/src/Rescue_Car_ws/install/lifecycle_msgs/share/lifecycle_msgs/cmake/rosidl_cmake_export_typesupport_libraries-extras.cmake
[0.598s] -- Up-to-date: /root/ros_ws/src/Rescue_Car_ws/install/lifecycle_msgs/share/lifecycle_msgs/cmake/lifecycle_msgsConfig.cmake
[0.598s] -- Up-to-date: /root/ros_ws/src/Rescue_Car_ws/install/lifecycle_msgs/share/lifecycle_msgs/cmake/lifecycle_msgsConfig-version.cmake
[0.598s] -- Up-to-date: /root/ros_ws/src/Rescue_Car_ws/install/lifecycle_msgs/share/lifecycle_msgs/package.xml
[0.661s] Invoked command in '/root/ros_ws/src/Rescue_Car_ws/build/lifecycle_msgs' returned '0': CMAKE_PREFIX_PATH=/opt/ros/humble /usr/bin/cmake --install /root/ros_ws/src/Rescue_Car_ws/build/lifecycle_msgs
