[0.028s] Invoking command in '/root/ros_ws/src/Rescue_Car_ws/build/micro_ros_utilities': CMAKE_PREFIX_PATH=/opt/ros/humble /usr/bin/cmake /root/ros_ws/src/Rescue_Car_ws/src/microros/src/uros/micro_ros_utilities -DCMAKE_INSTALL_PREFIX=/root/ros_ws/src/Rescue_Car_ws/install/micro_ros_utilities
[0.208s] -- The C compiler identification is GNU 11.4.0
[0.706s] -- The CXX compiler identification is GNU 11.4.0
[1.056s] -- Detecting C compiler ABI info
[1.174s] -- Detecting C compiler ABI info - done
[1.179s] -- Check for working C compiler: /usr/bin/cc - skipped
[1.179s] -- Detecting C compile features
[1.180s] -- Detecting C compile features - done
[1.183s] -- Detecting CXX compiler ABI info
[1.294s] -- Detecting CXX compiler ABI info - done
[1.299s] -- Check for working CXX compiler: /usr/bin/c++ - skipped
[1.299s] -- Detecting CXX compile features
[1.299s] -- Detecting CXX compile features - done
[1.302s] -- Found ament_cmake: 1.3.12 (/opt/ros/humble/share/ament_cmake/cmake)
[1.422s] -- Found Python3: /usr/bin/python3 (found version "3.10.12") found components: Interpreter 
[1.519s] -- Found rosidl_typesupport_introspection_c: 3.1.7 (/opt/ros/humble/share/rosidl_typesupport_introspection_c/cmake)
[1.527s] -- Found rosidl_adapter: 3.1.7 (/opt/ros/humble/share/rosidl_adapter/cmake)
[1.746s] -- Found ament_lint_auto: 0.12.14 (/opt/ros/humble/share/ament_lint_auto/cmake)
[1.748s] -- Found ament_cmake_gtest: 1.3.12 (/opt/ros/humble/share/ament_cmake_gtest/cmake)
[1.752s] -- Found std_msgs: 4.9.0 (/opt/ros/humble/share/std_msgs/cmake)
[1.783s] -- Found rosidl_generator_cpp: 3.1.7 (/opt/ros/humble/share/rosidl_generator_cpp/cmake)
[1.793s] -- Using all available rosidl_typesupport_c: rosidl_typesupport_fastrtps_c;rosidl_typesupport_introspection_c
[1.801s] -- Using all available rosidl_typesupport_cpp: rosidl_typesupport_fastrtps_cpp;rosidl_typesupport_introspection_cpp
[1.828s] -- Found trajectory_msgs: 4.9.0 (/opt/ros/humble/share/trajectory_msgs/cmake)
[1.925s] -- Found gtest sources under '/opt/ros/humble/src/gtest_vendor': C++ tests using 'Google Test' will be built
[1.929s] -- Looking for pthread.h
[2.072s] -- Looking for pthread.h - found
[2.072s] -- Performing Test CMAKE_HAVE_LIBC_PTHREAD
[2.229s] -- Performing Test CMAKE_HAVE_LIBC_PTHREAD - Success
[2.230s] -- Found Threads: TRUE  
[2.244s] -- Added test 'cppcheck' to perform static code analysis on C / C++ code
[2.245s] -- Configured cppcheck include dirs: $<BUILD_INTERFACE:/root/ros_ws/src/Rescue_Car_ws/src/microros/src/uros/micro_ros_utilities/include>;$<BUILD_INTERFACE:/root/ros_ws/src/Rescue_Car_ws/src/microros/src/uros/micro_ros_utilities/src>;/root/ros_ws/src/Rescue_Car_ws/src/microros/src/uros/micro_ros_utilities/include;/root/ros_ws/src/Rescue_Car_ws/src/microros/src/uros/micro_ros_utilities/src
[2.245s] -- Configured cppcheck exclude dirs and/or files: 
[2.249s] -- Added test 'cpplint' to check C / C++ code against the Google style
[2.249s] -- Configured cpplint exclude dirs and/or files: 
[2.251s] -- Added test 'lint_cmake' to check CMake code style
[2.253s] -- Added test 'uncrustify' to check C / C++ code style
[2.253s] -- Configured uncrustify additional arguments: 
[2.254s] -- Added test 'xmllint' to check XML markup files
[2.258s] -- Configuring done
[2.273s] -- Generating done
[2.278s] -- Build files have been written to: /root/ros_ws/src/Rescue_Car_ws/build/micro_ros_utilities
[2.287s] Invoked command in '/root/ros_ws/src/Rescue_Car_ws/build/micro_ros_utilities' returned '0': CMAKE_PREFIX_PATH=/opt/ros/humble /usr/bin/cmake /root/ros_ws/src/Rescue_Car_ws/src/microros/src/uros/micro_ros_utilities -DCMAKE_INSTALL_PREFIX=/root/ros_ws/src/Rescue_Car_ws/install/micro_ros_utilities
[2.288s] Invoking command in '/root/ros_ws/src/Rescue_Car_ws/build/micro_ros_utilities': CMAKE_PREFIX_PATH=/opt/ros/humble /usr/bin/cmake --build /root/ros_ws/src/Rescue_Car_ws/build/micro_ros_utilities -- -j20 -l20
[2.329s] [ 10%] [32mBuilding CXX object gtest/CMakeFiles/gtest.dir/src/gtest-all.cc.o[0m
[2.330s] [ 20%] [32mBuilding C object CMakeFiles/micro_ros_utilities.dir/src/string_utilities.c.o[0m
[2.330s] [ 30%] [32mBuilding CXX object gtest/CMakeFiles/gtest_main.dir/src/gtest_main.cc.o[0m
[2.331s] [ 40%] [32mBuilding C object CMakeFiles/micro_ros_utilities.dir/src/type_utilities.c.o[0m
[2.383s] [ 50%] [32m[1mLinking C static library libmicro_ros_utilities.a[0m
[2.432s] [ 50%] Built target micro_ros_utilities
[3.064s] [ 60%] [32m[1mLinking CXX static library libgtest_main.a[0m
[3.132s] [ 60%] Built target gtest_main
[6.970s] [ 70%] [32m[1mLinking CXX static library libgtest.a[0m
[7.159s] [ 70%] Built target gtest
[7.208s] [ 80%] [32mBuilding CXX object CMakeFiles/micro_ros_utilities_test.dir/test/micro_ros_utilities/test_string.cpp.o[0m
[7.218s] [ 90%] [32mBuilding CXX object CMakeFiles/micro_ros_utilities_test.dir/test/micro_ros_utilities/test_memory.cpp.o[0m
[8.707s] [100%] [32m[1mLinking CXX executable micro_ros_utilities_test[0m
[8.970s] [100%] Built target micro_ros_utilities_test
[8.980s] Invoked command in '/root/ros_ws/src/Rescue_Car_ws/build/micro_ros_utilities' returned '0': CMAKE_PREFIX_PATH=/opt/ros/humble /usr/bin/cmake --build /root/ros_ws/src/Rescue_Car_ws/build/micro_ros_utilities -- -j20 -l20
[8.982s] Invoking command in '/root/ros_ws/src/Rescue_Car_ws/build/micro_ros_utilities': CMAKE_PREFIX_PATH=/opt/ros/humble /usr/bin/cmake --install /root/ros_ws/src/Rescue_Car_ws/build/micro_ros_utilities
[8.987s] -- Install configuration: ""
[8.987s] -- Installing: /root/ros_ws/src/Rescue_Car_ws/install/micro_ros_utilities/include
[8.987s] -- Installing: /root/ros_ws/src/Rescue_Car_ws/install/micro_ros_utilities/include/micro_ros_utilities
[8.988s] -- Installing: /root/ros_ws/src/Rescue_Car_ws/install/micro_ros_utilities/include/micro_ros_utilities/type_utilities.h
[8.988s] -- Installing: /root/ros_ws/src/Rescue_Car_ws/install/micro_ros_utilities/include/micro_ros_utilities/string_utilities.h
[8.988s] -- Installing: /root/ros_ws/src/Rescue_Car_ws/install/micro_ros_utilities/include/micro_ros_utilities/visibility_control.h
[8.988s] -- Installing: /root/ros_ws/src/Rescue_Car_ws/install/micro_ros_utilities/lib/libmicro_ros_utilities.a
[8.989s] -- Installing: /root/ros_ws/src/Rescue_Car_ws/install/micro_ros_utilities/share/micro_ros_utilities/environment/library_path.sh
[8.989s] -- Installing: /root/ros_ws/src/Rescue_Car_ws/install/micro_ros_utilities/share/micro_ros_utilities/environment/library_path.dsv
[8.990s] -- Installing: /root/ros_ws/src/Rescue_Car_ws/install/micro_ros_utilities/share/ament_index/resource_index/package_run_dependencies/micro_ros_utilities
[8.990s] -- Installing: /root/ros_ws/src/Rescue_Car_ws/install/micro_ros_utilities/share/ament_index/resource_index/parent_prefix_path/micro_ros_utilities
[8.990s] -- Installing: /root/ros_ws/src/Rescue_Car_ws/install/micro_ros_utilities/share/micro_ros_utilities/environment/ament_prefix_path.sh
[8.990s] -- Installing: /root/ros_ws/src/Rescue_Car_ws/install/micro_ros_utilities/share/micro_ros_utilities/environment/ament_prefix_path.dsv
[8.990s] -- Installing: /root/ros_ws/src/Rescue_Car_ws/install/micro_ros_utilities/share/micro_ros_utilities/environment/path.sh
[8.990s] -- Installing: /root/ros_ws/src/Rescue_Car_ws/install/micro_ros_utilities/share/micro_ros_utilities/environment/path.dsv
[8.991s] -- Installing: /root/ros_ws/src/Rescue_Car_ws/install/micro_ros_utilities/share/micro_ros_utilities/local_setup.bash
[8.991s] -- Installing: /root/ros_ws/src/Rescue_Car_ws/install/micro_ros_utilities/share/micro_ros_utilities/local_setup.sh
[8.991s] -- Installing: /root/ros_ws/src/Rescue_Car_ws/install/micro_ros_utilities/share/micro_ros_utilities/local_setup.zsh
[8.991s] -- Installing: /root/ros_ws/src/Rescue_Car_ws/install/micro_ros_utilities/share/micro_ros_utilities/local_setup.dsv
[8.991s] -- Installing: /root/ros_ws/src/Rescue_Car_ws/install/micro_ros_utilities/share/micro_ros_utilities/package.dsv
[8.991s] -- Installing: /root/ros_ws/src/Rescue_Car_ws/install/micro_ros_utilities/share/ament_index/resource_index/packages/micro_ros_utilities
[8.992s] -- Installing: /root/ros_ws/src/Rescue_Car_ws/install/micro_ros_utilities/share/micro_ros_utilities/cmake/ament_cmake_export_include_directories-extras.cmake
[8.992s] -- Installing: /root/ros_ws/src/Rescue_Car_ws/install/micro_ros_utilities/share/micro_ros_utilities/cmake/ament_cmake_export_libraries-extras.cmake
[8.992s] -- Installing: /root/ros_ws/src/Rescue_Car_ws/install/micro_ros_utilities/share/micro_ros_utilities/cmake/ament_cmake_export_dependencies-extras.cmake
[8.992s] -- Installing: /root/ros_ws/src/Rescue_Car_ws/install/micro_ros_utilities/share/micro_ros_utilities/cmake/micro_ros_utilitiesConfig.cmake
[8.992s] -- Installing: /root/ros_ws/src/Rescue_Car_ws/install/micro_ros_utilities/share/micro_ros_utilities/cmake/micro_ros_utilitiesConfig-version.cmake
[8.992s] -- Installing: /root/ros_ws/src/Rescue_Car_ws/install/micro_ros_utilities/share/micro_ros_utilities/package.xml
[8.994s] Invoked command in '/root/ros_ws/src/Rescue_Car_ws/build/micro_ros_utilities' returned '0': CMAKE_PREFIX_PATH=/opt/ros/humble /usr/bin/cmake --install /root/ros_ws/src/Rescue_Car_ws/build/micro_ros_utilities
