[0.100s] Invoking command in '/root/ros_ws/src/Rescue_Car_ws/build/rcl_interfaces': CMAKE_PREFIX_PATH=/root/ros_ws/src/Rescue_Car_ws/install/builtin_interfaces:/root/ros_ws/src/Rescue_Car_ws/install/micro_ros_demos_rclc:/root/ros_ws/src/Rescue_Car_ws/install/common_interfaces:/root/ros_ws/src/Rescue_Car_ws/install/visualization_msgs:/root/ros_ws/src/Rescue_Car_ws/install/test_msgs:/root/ros_ws/src/Rescue_Car_ws/install/example_interfaces:/root/ros_ws/src/Rescue_Car_ws/install/action_msgs:/root/ros_ws/src/Rescue_Car_ws/install/unique_identifier_msgs:/root/ros_ws/src/Rescue_Car_ws/install/trajectory_msgs:/root/ros_ws/src/Rescue_Car_ws/install/stereo_msgs:/root/ros_ws/src/Rescue_Car_ws/install/std_srvs:/root/ros_ws/src/Rescue_Car_ws/install/shape_msgs:/root/ros_ws/src/Rescue_Car_ws/install/sensor_msgs:/root/ros_ws/src/Rescue_Car_ws/install/nav_msgs:/root/ros_ws/src/Rescue_Car_ws/install/diagnostic_msgs:/root/ros_ws/src/Rescue_Car_ws/install/geometry_msgs:/root/ros_ws/src/Rescue_Car_ws/install/actionlib_msgs:/root/ros_ws/src/Rescue_Car_ws/install/std_msgs:/root/ros_ws/src/Rescue_Car_ws/install/statistics_msgs:/root/ros_ws/src/Rescue_Car_ws/install/rosidl_typesupport_microxrcedds_test_msg:/root/ros_ws/src/Rescue_Car_ws/install/rosidl_typesupport_microxrcedds_cpp_tests:/root/ros_ws/src/Rescue_Car_ws/install/rmw_microxrcedds:/root/ros_ws/src/Rescue_Car_ws/install/rosidl_typesupport_microxrcedds_cpp:/root/ros_ws/src/Rescue_Car_ws/install/rosidl_typesupport_microxrcedds_c_tests:/root/ros_ws/src/Rescue_Car_ws/install/rosidl_typesupport_microxrcedds_c:/root/ros_ws/src/Rescue_Car_ws/install/rosgraph_msgs:/root/ros_ws/src/Rescue_Car_ws/install/rclc_parameter:/root/ros_ws/src/Rescue_Car_ws/install/rclc:/root/ros_ws/src/Rescue_Car_ws/install/composition_interfaces:/root/ros_ws/src/Rescue_Car_ws/install/rcl_interfaces:/root/ros_ws/src/Rescue_Car_ws/install/microxrcedds_client:/root/ros_ws/src/Rescue_Car_ws/install/microcdr:/root/ros_ws/src/Rescue_Car_ws/install/micro_ros_utilities:/root/ros_ws/src/Rescue_Car_ws/install/micro_ros_setup:/root/ros_ws/src/Rescue_Car_ws/install/micro_ros_agent:/root/ros_ws/src/Rescue_Car_ws/install/micro_ros_msgs:/root/ros_ws/src/Rescue_Car_ws/install/lifecycle_msgs:/root/ros_ws/src/Rescue_Car_ws/install/complex_msgs:/root/ros_ws/src/Rescue_Car_ws/install/car:/root/ros_ws/src/Rescue_Car_ws/install/sensor_msgs_py:/opt/ros/humble LD_LIBRARY_PATH=/root/ros_ws/src/Rescue_Car_ws/install/builtin_interfaces/lib:/root/ros_ws/src/Rescue_Car_ws/install/visualization_msgs/lib:/root/ros_ws/src/Rescue_Car_ws/install/test_msgs/lib:/root/ros_ws/src/Rescue_Car_ws/install/example_interfaces/lib:/root/ros_ws/src/Rescue_Car_ws/install/action_msgs/lib:/root/ros_ws/src/Rescue_Car_ws/install/unique_identifier_msgs/lib:/root/ros_ws/src/Rescue_Car_ws/install/trajectory_msgs/lib:/root/ros_ws/src/Rescue_Car_ws/install/stereo_msgs/lib:/root/ros_ws/src/Rescue_Car_ws/install/std_srvs/lib:/root/ros_ws/src/Rescue_Car_ws/install/shape_msgs/lib:/root/ros_ws/src/Rescue_Car_ws/install/sensor_msgs/lib:/root/ros_ws/src/Rescue_Car_ws/install/nav_msgs/lib:/root/ros_ws/src/Rescue_Car_ws/install/diagnostic_msgs/lib:/root/ros_ws/src/Rescue_Car_ws/install/geometry_msgs/lib:/root/ros_ws/src/Rescue_Car_ws/install/actionlib_msgs/lib:/root/ros_ws/src/Rescue_Car_ws/install/std_msgs/lib:/root/ros_ws/src/Rescue_Car_ws/install/statistics_msgs/lib:/root/ros_ws/src/Rescue_Car_ws/install/rosidl_typesupport_microxrcedds_test_msg/lib:/root/ros_ws/src/Rescue_Car_ws/install/rmw_microxrcedds/lib:/root/ros_ws/src/Rescue_Car_ws/install/rosidl_typesupport_microxrcedds_cpp/lib:/root/ros_ws/src/Rescue_Car_ws/install/rosidl_typesupport_microxrcedds_c/lib:/root/ros_ws/src/Rescue_Car_ws/install/rosgraph_msgs/lib:/root/ros_ws/src/Rescue_Car_ws/install/rclc_parameter/lib:/root/ros_ws/src/Rescue_Car_ws/install/rclc/lib:/root/ros_ws/src/Rescue_Car_ws/install/composition_interfaces/lib:/root/ros_ws/src/Rescue_Car_ws/install/rcl_interfaces/lib:/root/ros_ws/src/Rescue_Car_ws/install/micro_ros_utilities/lib:/root/ros_ws/src/Rescue_Car_ws/install/micro_ros_agent/lib:/root/ros_ws/src/Rescue_Car_ws/install/micro_ros_msgs/lib:/root/ros_ws/src/Rescue_Car_ws/install/lifecycle_msgs/lib:/root/ros_ws/src/Rescue_Car_ws/install/complex_msgs/lib:/usr/lib/x86_64-linux-gnu/gazebo-11/plugins:/opt/ros/humble/opt/rviz_ogre_vendor/lib:/opt/ros/humble/lib/x86_64-linux-gnu:/opt/ros/humble/lib /usr/bin/cmake --build /root/ros_ws/src/Rescue_Car_ws/build/rcl_interfaces -- -j20 -l20
[0.161s] [ 12%] Built target rcl_interfaces__rosidl_generator_c
[0.172s] [ 12%] Built target rcl_interfaces__cpp
[0.176s] [ 12%] Built target ament_cmake_python_copy_rcl_interfaces
[0.218s] [ 24%] Built target rcl_interfaces__rosidl_typesupport_introspection_c
[0.220s] [ 36%] Built target rcl_interfaces__rosidl_typesupport_c
[0.222s] [ 48%] Built target rcl_interfaces__rosidl_typesupport_fastrtps_c
[0.239s] [ 60%] Built target rcl_interfaces__rosidl_typesupport_cpp
[0.246s] [ 72%] Built target rcl_interfaces__rosidl_typesupport_introspection_cpp
[0.249s] [ 84%] Built target rcl_interfaces__rosidl_typesupport_fastrtps_cpp
[0.277s] [ 84%] Built target rcl_interfaces
[0.309s] [ 85%] Built target rcl_interfaces__py
[0.352s] [ 96%] Built target rcl_interfaces__rosidl_generator_py
[0.394s] [ 97%] Built target rcl_interfaces__rosidl_typesupport_fastrtps_c__pyext
[0.394s] [ 99%] Built target rcl_interfaces__rosidl_typesupport_introspection_c__pyext
[0.402s] [100%] Built target rcl_interfaces__rosidl_typesupport_c__pyext
[0.502s] running egg_info
[0.502s] writing rcl_interfaces.egg-info/PKG-INFO
[0.502s] writing dependency_links to rcl_interfaces.egg-info/dependency_links.txt
[0.503s] writing top-level names to rcl_interfaces.egg-info/top_level.txt
[0.505s] reading manifest file 'rcl_interfaces.egg-info/SOURCES.txt'
[0.506s] writing manifest file 'rcl_interfaces.egg-info/SOURCES.txt'
[0.548s] [100%] Built target ament_cmake_python_build_rcl_interfaces_egg
[0.563s] Invoked command in '/root/ros_ws/src/Rescue_Car_ws/build/rcl_interfaces' returned '0': CMAKE_PREFIX_PATH=/root/ros_ws/src/Rescue_Car_ws/install/builtin_interfaces:/root/ros_ws/src/Rescue_Car_ws/install/micro_ros_demos_rclc:/root/ros_ws/src/Rescue_Car_ws/install/common_interfaces:/root/ros_ws/src/Rescue_Car_ws/install/visualization_msgs:/root/ros_ws/src/Rescue_Car_ws/install/test_msgs:/root/ros_ws/src/Rescue_Car_ws/install/example_interfaces:/root/ros_ws/src/Rescue_Car_ws/install/action_msgs:/root/ros_ws/src/Rescue_Car_ws/install/unique_identifier_msgs:/root/ros_ws/src/Rescue_Car_ws/install/trajectory_msgs:/root/ros_ws/src/Rescue_Car_ws/install/stereo_msgs:/root/ros_ws/src/Rescue_Car_ws/install/std_srvs:/root/ros_ws/src/Rescue_Car_ws/install/shape_msgs:/root/ros_ws/src/Rescue_Car_ws/install/sensor_msgs:/root/ros_ws/src/Rescue_Car_ws/install/nav_msgs:/root/ros_ws/src/Rescue_Car_ws/install/diagnostic_msgs:/root/ros_ws/src/Rescue_Car_ws/install/geometry_msgs:/root/ros_ws/src/Rescue_Car_ws/install/actionlib_msgs:/root/ros_ws/src/Rescue_Car_ws/install/std_msgs:/root/ros_ws/src/Rescue_Car_ws/install/statistics_msgs:/root/ros_ws/src/Rescue_Car_ws/install/rosidl_typesupport_microxrcedds_test_msg:/root/ros_ws/src/Rescue_Car_ws/install/rosidl_typesupport_microxrcedds_cpp_tests:/root/ros_ws/src/Rescue_Car_ws/install/rmw_microxrcedds:/root/ros_ws/src/Rescue_Car_ws/install/rosidl_typesupport_microxrcedds_cpp:/root/ros_ws/src/Rescue_Car_ws/install/rosidl_typesupport_microxrcedds_c_tests:/root/ros_ws/src/Rescue_Car_ws/install/rosidl_typesupport_microxrcedds_c:/root/ros_ws/src/Rescue_Car_ws/install/rosgraph_msgs:/root/ros_ws/src/Rescue_Car_ws/install/rclc_parameter:/root/ros_ws/src/Rescue_Car_ws/install/rclc:/root/ros_ws/src/Rescue_Car_ws/install/composition_interfaces:/root/ros_ws/src/Rescue_Car_ws/install/rcl_interfaces:/root/ros_ws/src/Rescue_Car_ws/install/microxrcedds_client:/root/ros_ws/src/Rescue_Car_ws/install/microcdr:/root/ros_ws/src/Rescue_Car_ws/install/micro_ros_utilities:/root/ros_ws/src/Rescue_Car_ws/install/micro_ros_setup:/root/ros_ws/src/Rescue_Car_ws/install/micro_ros_agent:/root/ros_ws/src/Rescue_Car_ws/install/micro_ros_msgs:/root/ros_ws/src/Rescue_Car_ws/install/lifecycle_msgs:/root/ros_ws/src/Rescue_Car_ws/install/complex_msgs:/root/ros_ws/src/Rescue_Car_ws/install/car:/root/ros_ws/src/Rescue_Car_ws/install/sensor_msgs_py:/opt/ros/humble LD_LIBRARY_PATH=/root/ros_ws/src/Rescue_Car_ws/install/builtin_interfaces/lib:/root/ros_ws/src/Rescue_Car_ws/install/visualization_msgs/lib:/root/ros_ws/src/Rescue_Car_ws/install/test_msgs/lib:/root/ros_ws/src/Rescue_Car_ws/install/example_interfaces/lib:/root/ros_ws/src/Rescue_Car_ws/install/action_msgs/lib:/root/ros_ws/src/Rescue_Car_ws/install/unique_identifier_msgs/lib:/root/ros_ws/src/Rescue_Car_ws/install/trajectory_msgs/lib:/root/ros_ws/src/Rescue_Car_ws/install/stereo_msgs/lib:/root/ros_ws/src/Rescue_Car_ws/install/std_srvs/lib:/root/ros_ws/src/Rescue_Car_ws/install/shape_msgs/lib:/root/ros_ws/src/Rescue_Car_ws/install/sensor_msgs/lib:/root/ros_ws/src/Rescue_Car_ws/install/nav_msgs/lib:/root/ros_ws/src/Rescue_Car_ws/install/diagnostic_msgs/lib:/root/ros_ws/src/Rescue_Car_ws/install/geometry_msgs/lib:/root/ros_ws/src/Rescue_Car_ws/install/actionlib_msgs/lib:/root/ros_ws/src/Rescue_Car_ws/install/std_msgs/lib:/root/ros_ws/src/Rescue_Car_ws/install/statistics_msgs/lib:/root/ros_ws/src/Rescue_Car_ws/install/rosidl_typesupport_microxrcedds_test_msg/lib:/root/ros_ws/src/Rescue_Car_ws/install/rmw_microxrcedds/lib:/root/ros_ws/src/Rescue_Car_ws/install/rosidl_typesupport_microxrcedds_cpp/lib:/root/ros_ws/src/Rescue_Car_ws/install/rosidl_typesupport_microxrcedds_c/lib:/root/ros_ws/src/Rescue_Car_ws/install/rosgraph_msgs/lib:/root/ros_ws/src/Rescue_Car_ws/install/rclc_parameter/lib:/root/ros_ws/src/Rescue_Car_ws/install/rclc/lib:/root/ros_ws/src/Rescue_Car_ws/install/composition_interfaces/lib:/root/ros_ws/src/Rescue_Car_ws/install/rcl_interfaces/lib:/root/ros_ws/src/Rescue_Car_ws/install/micro_ros_utilities/lib:/root/ros_ws/src/Rescue_Car_ws/install/micro_ros_agent/lib:/root/ros_ws/src/Rescue_Car_ws/install/micro_ros_msgs/lib:/root/ros_ws/src/Rescue_Car_ws/install/lifecycle_msgs/lib:/root/ros_ws/src/Rescue_Car_ws/install/complex_msgs/lib:/usr/lib/x86_64-linux-gnu/gazebo-11/plugins:/opt/ros/humble/opt/rviz_ogre_vendor/lib:/opt/ros/humble/lib/x86_64-linux-gnu:/opt/ros/humble/lib /usr/bin/cmake --build /root/ros_ws/src/Rescue_Car_ws/build/rcl_interfaces -- -j20 -l20
[0.567s] Invoking command in '/root/ros_ws/src/Rescue_Car_ws/build/rcl_interfaces': CMAKE_PREFIX_PATH=/root/ros_ws/src/Rescue_Car_ws/install/builtin_interfaces:/root/ros_ws/src/Rescue_Car_ws/install/micro_ros_demos_rclc:/root/ros_ws/src/Rescue_Car_ws/install/common_interfaces:/root/ros_ws/src/Rescue_Car_ws/install/visualization_msgs:/root/ros_ws/src/Rescue_Car_ws/install/test_msgs:/root/ros_ws/src/Rescue_Car_ws/install/example_interfaces:/root/ros_ws/src/Rescue_Car_ws/install/action_msgs:/root/ros_ws/src/Rescue_Car_ws/install/unique_identifier_msgs:/root/ros_ws/src/Rescue_Car_ws/install/trajectory_msgs:/root/ros_ws/src/Rescue_Car_ws/install/stereo_msgs:/root/ros_ws/src/Rescue_Car_ws/install/std_srvs:/root/ros_ws/src/Rescue_Car_ws/install/shape_msgs:/root/ros_ws/src/Rescue_Car_ws/install/sensor_msgs:/root/ros_ws/src/Rescue_Car_ws/install/nav_msgs:/root/ros_ws/src/Rescue_Car_ws/install/diagnostic_msgs:/root/ros_ws/src/Rescue_Car_ws/install/geometry_msgs:/root/ros_ws/src/Rescue_Car_ws/install/actionlib_msgs:/root/ros_ws/src/Rescue_Car_ws/install/std_msgs:/root/ros_ws/src/Rescue_Car_ws/install/statistics_msgs:/root/ros_ws/src/Rescue_Car_ws/install/rosidl_typesupport_microxrcedds_test_msg:/root/ros_ws/src/Rescue_Car_ws/install/rosidl_typesupport_microxrcedds_cpp_tests:/root/ros_ws/src/Rescue_Car_ws/install/rmw_microxrcedds:/root/ros_ws/src/Rescue_Car_ws/install/rosidl_typesupport_microxrcedds_cpp:/root/ros_ws/src/Rescue_Car_ws/install/rosidl_typesupport_microxrcedds_c_tests:/root/ros_ws/src/Rescue_Car_ws/install/rosidl_typesupport_microxrcedds_c:/root/ros_ws/src/Rescue_Car_ws/install/rosgraph_msgs:/root/ros_ws/src/Rescue_Car_ws/install/rclc_parameter:/root/ros_ws/src/Rescue_Car_ws/install/rclc:/root/ros_ws/src/Rescue_Car_ws/install/composition_interfaces:/root/ros_ws/src/Rescue_Car_ws/install/rcl_interfaces:/root/ros_ws/src/Rescue_Car_ws/install/microxrcedds_client:/root/ros_ws/src/Rescue_Car_ws/install/microcdr:/root/ros_ws/src/Rescue_Car_ws/install/micro_ros_utilities:/root/ros_ws/src/Rescue_Car_ws/install/micro_ros_setup:/root/ros_ws/src/Rescue_Car_ws/install/micro_ros_agent:/root/ros_ws/src/Rescue_Car_ws/install/micro_ros_msgs:/root/ros_ws/src/Rescue_Car_ws/install/lifecycle_msgs:/root/ros_ws/src/Rescue_Car_ws/install/complex_msgs:/root/ros_ws/src/Rescue_Car_ws/install/car:/root/ros_ws/src/Rescue_Car_ws/install/sensor_msgs_py:/opt/ros/humble LD_LIBRARY_PATH=/root/ros_ws/src/Rescue_Car_ws/install/builtin_interfaces/lib:/root/ros_ws/src/Rescue_Car_ws/install/visualization_msgs/lib:/root/ros_ws/src/Rescue_Car_ws/install/test_msgs/lib:/root/ros_ws/src/Rescue_Car_ws/install/example_interfaces/lib:/root/ros_ws/src/Rescue_Car_ws/install/action_msgs/lib:/root/ros_ws/src/Rescue_Car_ws/install/unique_identifier_msgs/lib:/root/ros_ws/src/Rescue_Car_ws/install/trajectory_msgs/lib:/root/ros_ws/src/Rescue_Car_ws/install/stereo_msgs/lib:/root/ros_ws/src/Rescue_Car_ws/install/std_srvs/lib:/root/ros_ws/src/Rescue_Car_ws/install/shape_msgs/lib:/root/ros_ws/src/Rescue_Car_ws/install/sensor_msgs/lib:/root/ros_ws/src/Rescue_Car_ws/install/nav_msgs/lib:/root/ros_ws/src/Rescue_Car_ws/install/diagnostic_msgs/lib:/root/ros_ws/src/Rescue_Car_ws/install/geometry_msgs/lib:/root/ros_ws/src/Rescue_Car_ws/install/actionlib_msgs/lib:/root/ros_ws/src/Rescue_Car_ws/install/std_msgs/lib:/root/ros_ws/src/Rescue_Car_ws/install/statistics_msgs/lib:/root/ros_ws/src/Rescue_Car_ws/install/rosidl_typesupport_microxrcedds_test_msg/lib:/root/ros_ws/src/Rescue_Car_ws/install/rmw_microxrcedds/lib:/root/ros_ws/src/Rescue_Car_ws/install/rosidl_typesupport_microxrcedds_cpp/lib:/root/ros_ws/src/Rescue_Car_ws/install/rosidl_typesupport_microxrcedds_c/lib:/root/ros_ws/src/Rescue_Car_ws/install/rosgraph_msgs/lib:/root/ros_ws/src/Rescue_Car_ws/install/rclc_parameter/lib:/root/ros_ws/src/Rescue_Car_ws/install/rclc/lib:/root/ros_ws/src/Rescue_Car_ws/install/composition_interfaces/lib:/root/ros_ws/src/Rescue_Car_ws/install/rcl_interfaces/lib:/root/ros_ws/src/Rescue_Car_ws/install/micro_ros_utilities/lib:/root/ros_ws/src/Rescue_Car_ws/install/micro_ros_agent/lib:/root/ros_ws/src/Rescue_Car_ws/install/micro_ros_msgs/lib:/root/ros_ws/src/Rescue_Car_ws/install/lifecycle_msgs/lib:/root/ros_ws/src/Rescue_Car_ws/install/complex_msgs/lib:/usr/lib/x86_64-linux-gnu/gazebo-11/plugins:/opt/ros/humble/opt/rviz_ogre_vendor/lib:/opt/ros/humble/lib/x86_64-linux-gnu:/opt/ros/humble/lib /usr/bin/cmake --install /root/ros_ws/src/Rescue_Car_ws/build/rcl_interfaces
[0.626s] -- Install configuration: ""
[0.626s] -- Up-to-date: /root/ros_ws/src/Rescue_Car_ws/install/rcl_interfaces/share/ament_index/resource_index/rosidl_interfaces/rcl_interfaces
[0.655s] -- Up-to-date: /root/ros_ws/src/Rescue_Car_ws/install/rcl_interfaces/include/rcl_interfaces/rcl_interfaces
[0.655s] -- Up-to-date: /root/ros_ws/src/Rescue_Car_ws/install/rcl_interfaces/include/rcl_interfaces/rcl_interfaces/srv
[0.662s] -- Up-to-date: /root/ros_ws/src/Rescue_Car_ws/install/rcl_interfaces/include/rcl_interfaces/rcl_interfaces/srv/set_parameters_atomically.h
[0.662s] -- Up-to-date: /root/ros_ws/src/Rescue_Car_ws/install/rcl_interfaces/include/rcl_interfaces/rcl_interfaces/srv/get_parameters.h
[0.663s] -- Up-to-date: /root/ros_ws/src/Rescue_Car_ws/install/rcl_interfaces/include/rcl_interfaces/rcl_interfaces/srv/set_parameters.h
[0.663s] -- Up-to-date: /root/ros_ws/src/Rescue_Car_ws/install/rcl_interfaces/include/rcl_interfaces/rcl_interfaces/srv/describe_parameters.h
[0.663s] -- Up-to-date: /root/ros_ws/src/Rescue_Car_ws/install/rcl_interfaces/include/rcl_interfaces/rcl_interfaces/srv/list_parameters.h
[0.663s] -- Up-to-date: /root/ros_ws/src/Rescue_Car_ws/install/rcl_interfaces/include/rcl_interfaces/rcl_interfaces/srv/detail
[0.663s] -- Up-to-date: /root/ros_ws/src/Rescue_Car_ws/install/rcl_interfaces/include/rcl_interfaces/rcl_interfaces/srv/detail/get_parameters__functions.c
[0.663s] -- Up-to-date: /root/ros_ws/src/Rescue_Car_ws/install/rcl_interfaces/include/rcl_interfaces/rcl_interfaces/srv/detail/set_parameters__functions.h
[0.663s] -- Up-to-date: /root/ros_ws/src/Rescue_Car_ws/install/rcl_interfaces/include/rcl_interfaces/rcl_interfaces/srv/detail/list_parameters__functions.c
[0.663s] -- Up-to-date: /root/ros_ws/src/Rescue_Car_ws/install/rcl_interfaces/include/rcl_interfaces/rcl_interfaces/srv/detail/get_parameter_types__struct.h
[0.663s] -- Up-to-date: /root/ros_ws/src/Rescue_Car_ws/install/rcl_interfaces/include/rcl_interfaces/rcl_interfaces/srv/detail/get_parameter_types__type_support.h
[0.663s] -- Up-to-date: /root/ros_ws/src/Rescue_Car_ws/install/rcl_interfaces/include/rcl_interfaces/rcl_interfaces/srv/detail/set_parameters_atomically__functions.h
[0.664s] -- Up-to-date: /root/ros_ws/src/Rescue_Car_ws/install/rcl_interfaces/include/rcl_interfaces/rcl_interfaces/srv/detail/set_parameters__type_support.h
[0.664s] -- Up-to-date: /root/ros_ws/src/Rescue_Car_ws/install/rcl_interfaces/include/rcl_interfaces/rcl_interfaces/srv/detail/list_parameters__functions.h
[0.664s] -- Up-to-date: /root/ros_ws/src/Rescue_Car_ws/install/rcl_interfaces/include/rcl_interfaces/rcl_interfaces/srv/detail/list_parameters__struct.h
[0.664s] -- Up-to-date: /root/ros_ws/src/Rescue_Car_ws/install/rcl_interfaces/include/rcl_interfaces/rcl_interfaces/srv/detail/list_parameters__type_support.h
[0.664s] -- Up-to-date: /root/ros_ws/src/Rescue_Car_ws/install/rcl_interfaces/include/rcl_interfaces/rcl_interfaces/srv/detail/describe_parameters__type_support.h
[0.664s] -- Up-to-date: /root/ros_ws/src/Rescue_Car_ws/install/rcl_interfaces/include/rcl_interfaces/rcl_interfaces/srv/detail/set_parameters__functions.c
[0.664s] -- Up-to-date: /root/ros_ws/src/Rescue_Car_ws/install/rcl_interfaces/include/rcl_interfaces/rcl_interfaces/srv/detail/set_parameters_atomically__functions.c
[0.664s] -- Up-to-date: /root/ros_ws/src/Rescue_Car_ws/install/rcl_interfaces/include/rcl_interfaces/rcl_interfaces/srv/detail/get_parameters__struct.h
[0.665s] -- Up-to-date: /root/ros_ws/src/Rescue_Car_ws/install/rcl_interfaces/include/rcl_interfaces/rcl_interfaces/srv/detail/set_parameters_atomically__type_support.h
[0.665s] -- Up-to-date: /root/ros_ws/src/Rescue_Car_ws/install/rcl_interfaces/include/rcl_interfaces/rcl_interfaces/srv/detail/set_parameters__struct.h
[0.665s] -- Up-to-date: /root/ros_ws/src/Rescue_Car_ws/install/rcl_interfaces/include/rcl_interfaces/rcl_interfaces/srv/detail/get_parameters__functions.h
[0.665s] -- Up-to-date: /root/ros_ws/src/Rescue_Car_ws/install/rcl_interfaces/include/rcl_interfaces/rcl_interfaces/srv/detail/describe_parameters__functions.c
[0.665s] -- Up-to-date: /root/ros_ws/src/Rescue_Car_ws/install/rcl_interfaces/include/rcl_interfaces/rcl_interfaces/srv/detail/describe_parameters__functions.h
[0.665s] -- Up-to-date: /root/ros_ws/src/Rescue_Car_ws/install/rcl_interfaces/include/rcl_interfaces/rcl_interfaces/srv/detail/get_parameter_types__functions.h
[0.665s] -- Up-to-date: /root/ros_ws/src/Rescue_Car_ws/install/rcl_interfaces/include/rcl_interfaces/rcl_interfaces/srv/detail/set_parameters_atomically__struct.h
[0.665s] -- Up-to-date: /root/ros_ws/src/Rescue_Car_ws/install/rcl_interfaces/include/rcl_interfaces/rcl_interfaces/srv/detail/describe_parameters__struct.h
[0.665s] -- Up-to-date: /root/ros_ws/src/Rescue_Car_ws/install/rcl_interfaces/include/rcl_interfaces/rcl_interfaces/srv/detail/get_parameters__type_support.h
[0.665s] -- Up-to-date: /root/ros_ws/src/Rescue_Car_ws/install/rcl_interfaces/include/rcl_interfaces/rcl_interfaces/srv/detail/get_parameter_types__functions.c
[0.665s] -- Up-to-date: /root/ros_ws/src/Rescue_Car_ws/install/rcl_interfaces/include/rcl_interfaces/rcl_interfaces/srv/get_parameter_types.h
[0.665s] -- Up-to-date: /root/ros_ws/src/Rescue_Car_ws/install/rcl_interfaces/include/rcl_interfaces/rcl_interfaces/msg
[0.666s] -- Up-to-date: /root/ros_ws/src/Rescue_Car_ws/install/rcl_interfaces/include/rcl_interfaces/rcl_interfaces/msg/parameter_event.h
[0.666s] -- Up-to-date: /root/ros_ws/src/Rescue_Car_ws/install/rcl_interfaces/include/rcl_interfaces/rcl_interfaces/msg/parameter_descriptor.h
[0.666s] -- Up-to-date: /root/ros_ws/src/Rescue_Car_ws/install/rcl_interfaces/include/rcl_interfaces/rcl_interfaces/msg/parameter_event_descriptors.h
[0.666s] -- Up-to-date: /root/ros_ws/src/Rescue_Car_ws/install/rcl_interfaces/include/rcl_interfaces/rcl_interfaces/msg/parameter_value.h
[0.666s] -- Up-to-date: /root/ros_ws/src/Rescue_Car_ws/install/rcl_interfaces/include/rcl_interfaces/rcl_interfaces/msg/floating_point_range.h
[0.666s] -- Up-to-date: /root/ros_ws/src/Rescue_Car_ws/install/rcl_interfaces/include/rcl_interfaces/rcl_interfaces/msg/list_parameters_result.h
[0.666s] -- Up-to-date: /root/ros_ws/src/Rescue_Car_ws/install/rcl_interfaces/include/rcl_interfaces/rcl_interfaces/msg/integer_range.h
[0.666s] -- Up-to-date: /root/ros_ws/src/Rescue_Car_ws/install/rcl_interfaces/include/rcl_interfaces/rcl_interfaces/msg/parameter.h
[0.666s] -- Up-to-date: /root/ros_ws/src/Rescue_Car_ws/install/rcl_interfaces/include/rcl_interfaces/rcl_interfaces/msg/log.h
[0.666s] -- Up-to-date: /root/ros_ws/src/Rescue_Car_ws/install/rcl_interfaces/include/rcl_interfaces/rcl_interfaces/msg/detail
[0.666s] -- Up-to-date: /root/ros_ws/src/Rescue_Car_ws/install/rcl_interfaces/include/rcl_interfaces/rcl_interfaces/msg/detail/integer_range__functions.c
[0.666s] -- Up-to-date: /root/ros_ws/src/Rescue_Car_ws/install/rcl_interfaces/include/rcl_interfaces/rcl_interfaces/msg/detail/parameter_descriptor__type_support.h
[0.666s] -- Up-to-date: /root/ros_ws/src/Rescue_Car_ws/install/rcl_interfaces/include/rcl_interfaces/rcl_interfaces/msg/detail/log__functions.c
[0.666s] -- Up-to-date: /root/ros_ws/src/Rescue_Car_ws/install/rcl_interfaces/include/rcl_interfaces/rcl_interfaces/msg/detail/log__functions.h
[0.667s] -- Up-to-date: /root/ros_ws/src/Rescue_Car_ws/install/rcl_interfaces/include/rcl_interfaces/rcl_interfaces/msg/detail/list_parameters_result__type_support.h
[0.667s] -- Up-to-date: /root/ros_ws/src/Rescue_Car_ws/install/rcl_interfaces/include/rcl_interfaces/rcl_interfaces/msg/detail/parameter__functions.c
[0.667s] -- Up-to-date: /root/ros_ws/src/Rescue_Car_ws/install/rcl_interfaces/include/rcl_interfaces/rcl_interfaces/msg/detail/parameter_event_descriptors__type_support.h
[0.667s] -- Up-to-date: /root/ros_ws/src/Rescue_Car_ws/install/rcl_interfaces/include/rcl_interfaces/rcl_interfaces/msg/detail/parameter_type__struct.h
[0.667s] -- Up-to-date: /root/ros_ws/src/Rescue_Car_ws/install/rcl_interfaces/include/rcl_interfaces/rcl_interfaces/msg/detail/parameter__functions.h
[0.667s] -- Up-to-date: /root/ros_ws/src/Rescue_Car_ws/install/rcl_interfaces/include/rcl_interfaces/rcl_interfaces/msg/detail/parameter_value__functions.h
[0.667s] -- Up-to-date: /root/ros_ws/src/Rescue_Car_ws/install/rcl_interfaces/include/rcl_interfaces/rcl_interfaces/msg/detail/parameter__type_support.h
[0.667s] -- Up-to-date: /root/ros_ws/src/Rescue_Car_ws/install/rcl_interfaces/include/rcl_interfaces/rcl_interfaces/msg/detail/floating_point_range__functions.h
[0.667s] -- Up-to-date: /root/ros_ws/src/Rescue_Car_ws/install/rcl_interfaces/include/rcl_interfaces/rcl_interfaces/msg/detail/parameter__struct.h
[0.667s] -- Up-to-date: /root/ros_ws/src/Rescue_Car_ws/install/rcl_interfaces/include/rcl_interfaces/rcl_interfaces/msg/detail/parameter_type__type_support.h
[0.668s] -- Up-to-date: /root/ros_ws/src/Rescue_Car_ws/install/rcl_interfaces/include/rcl_interfaces/rcl_interfaces/msg/detail/floating_point_range__functions.c
[0.668s] -- Up-to-date: /root/ros_ws/src/Rescue_Car_ws/install/rcl_interfaces/include/rcl_interfaces/rcl_interfaces/msg/detail/parameter_event_descriptors__functions.h
[0.668s] -- Up-to-date: /root/ros_ws/src/Rescue_Car_ws/install/rcl_interfaces/include/rcl_interfaces/rcl_interfaces/msg/detail/parameter_value__type_support.h
[0.668s] -- Up-to-date: /root/ros_ws/src/Rescue_Car_ws/install/rcl_interfaces/include/rcl_interfaces/rcl_interfaces/msg/detail/parameter_descriptor__functions.h
[0.668s] -- Up-to-date: /root/ros_ws/src/Rescue_Car_ws/install/rcl_interfaces/include/rcl_interfaces/rcl_interfaces/msg/detail/parameter_event_descriptors__functions.c
[0.668s] -- Up-to-date: /root/ros_ws/src/Rescue_Car_ws/install/rcl_interfaces/include/rcl_interfaces/rcl_interfaces/msg/detail/list_parameters_result__functions.h
[0.668s] -- Up-to-date: /root/ros_ws/src/Rescue_Car_ws/install/rcl_interfaces/include/rcl_interfaces/rcl_interfaces/msg/detail/parameter_event__struct.h
[0.668s] -- Up-to-date: /root/ros_ws/src/Rescue_Car_ws/install/rcl_interfaces/include/rcl_interfaces/rcl_interfaces/msg/detail/parameter_event__functions.c
[0.668s] -- Up-to-date: /root/ros_ws/src/Rescue_Car_ws/install/rcl_interfaces/include/rcl_interfaces/rcl_interfaces/msg/detail/set_parameters_result__functions.h
[0.668s] -- Up-to-date: /root/ros_ws/src/Rescue_Car_ws/install/rcl_interfaces/include/rcl_interfaces/rcl_interfaces/msg/detail/parameter_descriptor__struct.h
[0.668s] -- Up-to-date: /root/ros_ws/src/Rescue_Car_ws/install/rcl_interfaces/include/rcl_interfaces/rcl_interfaces/msg/detail/parameter_value__functions.c
[0.668s] -- Up-to-date: /root/ros_ws/src/Rescue_Car_ws/install/rcl_interfaces/include/rcl_interfaces/rcl_interfaces/msg/detail/integer_range__type_support.h
[0.669s] -- Up-to-date: /root/ros_ws/src/Rescue_Car_ws/install/rcl_interfaces/include/rcl_interfaces/rcl_interfaces/msg/detail/integer_range__struct.h
[0.669s] -- Up-to-date: /root/ros_ws/src/Rescue_Car_ws/install/rcl_interfaces/include/rcl_interfaces/rcl_interfaces/msg/detail/integer_range__functions.h
[0.669s] -- Up-to-date: /root/ros_ws/src/Rescue_Car_ws/install/rcl_interfaces/include/rcl_interfaces/rcl_interfaces/msg/detail/set_parameters_result__type_support.h
[0.669s] -- Up-to-date: /root/ros_ws/src/Rescue_Car_ws/install/rcl_interfaces/include/rcl_interfaces/rcl_interfaces/msg/detail/parameter_event__functions.h
[0.669s] -- Up-to-date: /root/ros_ws/src/Rescue_Car_ws/install/rcl_interfaces/include/rcl_interfaces/rcl_interfaces/msg/detail/list_parameters_result__struct.h
[0.669s] -- Up-to-date: /root/ros_ws/src/Rescue_Car_ws/install/rcl_interfaces/include/rcl_interfaces/rcl_interfaces/msg/detail/parameter_event_descriptors__struct.h
[0.669s] -- Up-to-date: /root/ros_ws/src/Rescue_Car_ws/install/rcl_interfaces/include/rcl_interfaces/rcl_interfaces/msg/detail/parameter_type__functions.h
[0.669s] -- Up-to-date: /root/ros_ws/src/Rescue_Car_ws/install/rcl_interfaces/include/rcl_interfaces/rcl_interfaces/msg/detail/list_parameters_result__functions.c
[0.669s] -- Up-to-date: /root/ros_ws/src/Rescue_Car_ws/install/rcl_interfaces/include/rcl_interfaces/rcl_interfaces/msg/detail/parameter_type__functions.c
[0.669s] -- Up-to-date: /root/ros_ws/src/Rescue_Car_ws/install/rcl_interfaces/include/rcl_interfaces/rcl_interfaces/msg/detail/parameter_event__type_support.h
[0.669s] -- Up-to-date: /root/ros_ws/src/Rescue_Car_ws/install/rcl_interfaces/include/rcl_interfaces/rcl_interfaces/msg/detail/log__struct.h
[0.669s] -- Up-to-date: /root/ros_ws/src/Rescue_Car_ws/install/rcl_interfaces/include/rcl_interfaces/rcl_interfaces/msg/detail/set_parameters_result__functions.c
[0.670s] -- Up-to-date: /root/ros_ws/src/Rescue_Car_ws/install/rcl_interfaces/include/rcl_interfaces/rcl_interfaces/msg/detail/parameter_value__struct.h
[0.670s] -- Up-to-date: /root/ros_ws/src/Rescue_Car_ws/install/rcl_interfaces/include/rcl_interfaces/rcl_interfaces/msg/detail/log__type_support.h
[0.670s] -- Up-to-date: /root/ros_ws/src/Rescue_Car_ws/install/rcl_interfaces/include/rcl_interfaces/rcl_interfaces/msg/detail/parameter_descriptor__functions.c
[0.670s] -- Up-to-date: /root/ros_ws/src/Rescue_Car_ws/install/rcl_interfaces/include/rcl_interfaces/rcl_interfaces/msg/detail/set_parameters_result__struct.h
[0.670s] -- Up-to-date: /root/ros_ws/src/Rescue_Car_ws/install/rcl_interfaces/include/rcl_interfaces/rcl_interfaces/msg/detail/floating_point_range__struct.h
[0.670s] -- Up-to-date: /root/ros_ws/src/Rescue_Car_ws/install/rcl_interfaces/include/rcl_interfaces/rcl_interfaces/msg/detail/floating_point_range__type_support.h
[0.670s] -- Up-to-date: /root/ros_ws/src/Rescue_Car_ws/install/rcl_interfaces/include/rcl_interfaces/rcl_interfaces/msg/parameter_type.h
[0.670s] -- Up-to-date: /root/ros_ws/src/Rescue_Car_ws/install/rcl_interfaces/include/rcl_interfaces/rcl_interfaces/msg/rosidl_generator_c__visibility_control.h
[0.670s] -- Up-to-date: /root/ros_ws/src/Rescue_Car_ws/install/rcl_interfaces/include/rcl_interfaces/rcl_interfaces/msg/set_parameters_result.h
[0.670s] -- Up-to-date: /root/ros_ws/src/Rescue_Car_ws/install/rcl_interfaces/share/rcl_interfaces/environment/library_path.sh
[0.670s] -- Up-to-date: /root/ros_ws/src/Rescue_Car_ws/install/rcl_interfaces/share/rcl_interfaces/environment/library_path.dsv
[0.671s] -- Up-to-date: /root/ros_ws/src/Rescue_Car_ws/install/rcl_interfaces/lib/librcl_interfaces__rosidl_generator_c.so
[0.671s] -- Up-to-date: /root/ros_ws/src/Rescue_Car_ws/install/rcl_interfaces/include/rcl_interfaces/rcl_interfaces
[0.671s] -- Up-to-date: /root/ros_ws/src/Rescue_Car_ws/install/rcl_interfaces/include/rcl_interfaces/rcl_interfaces/srv
[0.671s] -- Up-to-date: /root/ros_ws/src/Rescue_Car_ws/install/rcl_interfaces/include/rcl_interfaces/rcl_interfaces/srv/detail
[0.671s] -- Up-to-date: /root/ros_ws/src/Rescue_Car_ws/install/rcl_interfaces/include/rcl_interfaces/rcl_interfaces/srv/detail/get_parameters__rosidl_typesupport_fastrtps_c.h
[0.671s] -- Up-to-date: /root/ros_ws/src/Rescue_Car_ws/install/rcl_interfaces/include/rcl_interfaces/rcl_interfaces/srv/detail/get_parameter_types__rosidl_typesupport_fastrtps_c.h
[0.671s] -- Up-to-date: /root/ros_ws/src/Rescue_Car_ws/install/rcl_interfaces/include/rcl_interfaces/rcl_interfaces/srv/detail/set_parameters_atomically__rosidl_typesupport_fastrtps_c.h
[0.671s] -- Up-to-date: /root/ros_ws/src/Rescue_Car_ws/install/rcl_interfaces/include/rcl_interfaces/rcl_interfaces/srv/detail/list_parameters__rosidl_typesupport_fastrtps_c.h
[0.671s] -- Up-to-date: /root/ros_ws/src/Rescue_Car_ws/install/rcl_interfaces/include/rcl_interfaces/rcl_interfaces/srv/detail/describe_parameters__rosidl_typesupport_fastrtps_c.h
[0.671s] -- Up-to-date: /root/ros_ws/src/Rescue_Car_ws/install/rcl_interfaces/include/rcl_interfaces/rcl_interfaces/srv/detail/set_parameters__rosidl_typesupport_fastrtps_c.h
[0.672s] -- Up-to-date: /root/ros_ws/src/Rescue_Car_ws/install/rcl_interfaces/include/rcl_interfaces/rcl_interfaces/msg
[0.672s] -- Up-to-date: /root/ros_ws/src/Rescue_Car_ws/install/rcl_interfaces/include/rcl_interfaces/rcl_interfaces/msg/detail
[0.672s] -- Up-to-date: /root/ros_ws/src/Rescue_Car_ws/install/rcl_interfaces/include/rcl_interfaces/rcl_interfaces/msg/detail/parameter_value__rosidl_typesupport_fastrtps_c.h
[0.672s] -- Up-to-date: /root/ros_ws/src/Rescue_Car_ws/install/rcl_interfaces/include/rcl_interfaces/rcl_interfaces/msg/detail/set_parameters_result__rosidl_typesupport_fastrtps_c.h
[0.672s] -- Up-to-date: /root/ros_ws/src/Rescue_Car_ws/install/rcl_interfaces/include/rcl_interfaces/rcl_interfaces/msg/detail/list_parameters_result__rosidl_typesupport_fastrtps_c.h
[0.672s] -- Up-to-date: /root/ros_ws/src/Rescue_Car_ws/install/rcl_interfaces/include/rcl_interfaces/rcl_interfaces/msg/detail/parameter_event__rosidl_typesupport_fastrtps_c.h
[0.672s] -- Up-to-date: /root/ros_ws/src/Rescue_Car_ws/install/rcl_interfaces/include/rcl_interfaces/rcl_interfaces/msg/detail/log__rosidl_typesupport_fastrtps_c.h
[0.672s] -- Up-to-date: /root/ros_ws/src/Rescue_Car_ws/install/rcl_interfaces/include/rcl_interfaces/rcl_interfaces/msg/detail/parameter__rosidl_typesupport_fastrtps_c.h
[0.672s] -- Up-to-date: /root/ros_ws/src/Rescue_Car_ws/install/rcl_interfaces/include/rcl_interfaces/rcl_interfaces/msg/detail/floating_point_range__rosidl_typesupport_fastrtps_c.h
[0.672s] -- Up-to-date: /root/ros_ws/src/Rescue_Car_ws/install/rcl_interfaces/include/rcl_interfaces/rcl_interfaces/msg/detail/integer_range__rosidl_typesupport_fastrtps_c.h
[0.672s] -- Up-to-date: /root/ros_ws/src/Rescue_Car_ws/install/rcl_interfaces/include/rcl_interfaces/rcl_interfaces/msg/detail/parameter_type__rosidl_typesupport_fastrtps_c.h
[0.673s] -- Up-to-date: /root/ros_ws/src/Rescue_Car_ws/install/rcl_interfaces/include/rcl_interfaces/rcl_interfaces/msg/detail/parameter_event_descriptors__rosidl_typesupport_fastrtps_c.h
[0.673s] -- Up-to-date: /root/ros_ws/src/Rescue_Car_ws/install/rcl_interfaces/include/rcl_interfaces/rcl_interfaces/msg/detail/parameter_descriptor__rosidl_typesupport_fastrtps_c.h
[0.673s] -- Up-to-date: /root/ros_ws/src/Rescue_Car_ws/install/rcl_interfaces/include/rcl_interfaces/rcl_interfaces/msg/rosidl_typesupport_fastrtps_c__visibility_control.h
[0.673s] -- Up-to-date: /root/ros_ws/src/Rescue_Car_ws/install/rcl_interfaces/lib/librcl_interfaces__rosidl_typesupport_fastrtps_c.so
[0.673s] -- Up-to-date: /root/ros_ws/src/Rescue_Car_ws/install/rcl_interfaces/include/rcl_interfaces/rcl_interfaces
[0.673s] -- Up-to-date: /root/ros_ws/src/Rescue_Car_ws/install/rcl_interfaces/include/rcl_interfaces/rcl_interfaces/srv
[0.673s] -- Up-to-date: /root/ros_ws/src/Rescue_Car_ws/install/rcl_interfaces/include/rcl_interfaces/rcl_interfaces/srv/detail
[0.674s] -- Up-to-date: /root/ros_ws/src/Rescue_Car_ws/install/rcl_interfaces/include/rcl_interfaces/rcl_interfaces/srv/detail/set_parameters_atomically__type_support.c
[0.674s] -- Up-to-date: /root/ros_ws/src/Rescue_Car_ws/install/rcl_interfaces/include/rcl_interfaces/rcl_interfaces/srv/detail/set_parameters_atomically__rosidl_typesupport_introspection_c.h
[0.674s] -- Up-to-date: /root/ros_ws/src/Rescue_Car_ws/install/rcl_interfaces/include/rcl_interfaces/rcl_interfaces/srv/detail/get_parameters__rosidl_typesupport_introspection_c.h
[0.674s] -- Up-to-date: /root/ros_ws/src/Rescue_Car_ws/install/rcl_interfaces/include/rcl_interfaces/rcl_interfaces/srv/detail/list_parameters__rosidl_typesupport_introspection_c.h
[0.674s] -- Up-to-date: /root/ros_ws/src/Rescue_Car_ws/install/rcl_interfaces/include/rcl_interfaces/rcl_interfaces/srv/detail/set_parameters__type_support.c
[0.674s] -- Up-to-date: /root/ros_ws/src/Rescue_Car_ws/install/rcl_interfaces/include/rcl_interfaces/rcl_interfaces/srv/detail/describe_parameters__type_support.c
[0.674s] -- Up-to-date: /root/ros_ws/src/Rescue_Car_ws/install/rcl_interfaces/include/rcl_interfaces/rcl_interfaces/srv/detail/set_parameters__rosidl_typesupport_introspection_c.h
[0.674s] -- Up-to-date: /root/ros_ws/src/Rescue_Car_ws/install/rcl_interfaces/include/rcl_interfaces/rcl_interfaces/srv/detail/get_parameter_types__type_support.c
[0.674s] -- Up-to-date: /root/ros_ws/src/Rescue_Car_ws/install/rcl_interfaces/include/rcl_interfaces/rcl_interfaces/srv/detail/list_parameters__type_support.c
[0.674s] -- Up-to-date: /root/ros_ws/src/Rescue_Car_ws/install/rcl_interfaces/include/rcl_interfaces/rcl_interfaces/srv/detail/describe_parameters__rosidl_typesupport_introspection_c.h
[0.674s] -- Up-to-date: /root/ros_ws/src/Rescue_Car_ws/install/rcl_interfaces/include/rcl_interfaces/rcl_interfaces/srv/detail/get_parameter_types__rosidl_typesupport_introspection_c.h
[0.674s] -- Up-to-date: /root/ros_ws/src/Rescue_Car_ws/install/rcl_interfaces/include/rcl_interfaces/rcl_interfaces/srv/detail/get_parameters__type_support.c
[0.675s] -- Up-to-date: /root/ros_ws/src/Rescue_Car_ws/install/rcl_interfaces/include/rcl_interfaces/rcl_interfaces/msg
[0.675s] -- Up-to-date: /root/ros_ws/src/Rescue_Car_ws/install/rcl_interfaces/include/rcl_interfaces/rcl_interfaces/msg/rosidl_typesupport_introspection_c__visibility_control.h
[0.675s] -- Up-to-date: /root/ros_ws/src/Rescue_Car_ws/install/rcl_interfaces/include/rcl_interfaces/rcl_interfaces/msg/detail
[0.675s] -- Up-to-date: /root/ros_ws/src/Rescue_Car_ws/install/rcl_interfaces/include/rcl_interfaces/rcl_interfaces/msg/detail/floating_point_range__type_support.c
[0.675s] -- Up-to-date: /root/ros_ws/src/Rescue_Car_ws/install/rcl_interfaces/include/rcl_interfaces/rcl_interfaces/msg/detail/log__type_support.c
[0.675s] -- Up-to-date: /root/ros_ws/src/Rescue_Car_ws/install/rcl_interfaces/include/rcl_interfaces/rcl_interfaces/msg/detail/list_parameters_result__rosidl_typesupport_introspection_c.h
[0.675s] -- Up-to-date: /root/ros_ws/src/Rescue_Car_ws/install/rcl_interfaces/include/rcl_interfaces/rcl_interfaces/msg/detail/parameter__type_support.c
[0.675s] -- Up-to-date: /root/ros_ws/src/Rescue_Car_ws/install/rcl_interfaces/include/rcl_interfaces/rcl_interfaces/msg/detail/parameter_descriptor__type_support.c
[0.675s] -- Up-to-date: /root/ros_ws/src/Rescue_Car_ws/install/rcl_interfaces/include/rcl_interfaces/rcl_interfaces/msg/detail/floating_point_range__rosidl_typesupport_introspection_c.h
[0.675s] -- Up-to-date: /root/ros_ws/src/Rescue_Car_ws/install/rcl_interfaces/include/rcl_interfaces/rcl_interfaces/msg/detail/parameter_value__rosidl_typesupport_introspection_c.h
[0.675s] -- Up-to-date: /root/ros_ws/src/Rescue_Car_ws/install/rcl_interfaces/include/rcl_interfaces/rcl_interfaces/msg/detail/parameter_type__type_support.c
[0.675s] -- Up-to-date: /root/ros_ws/src/Rescue_Car_ws/install/rcl_interfaces/include/rcl_interfaces/rcl_interfaces/msg/detail/set_parameters_result__type_support.c
[0.676s] -- Up-to-date: /root/ros_ws/src/Rescue_Car_ws/install/rcl_interfaces/include/rcl_interfaces/rcl_interfaces/msg/detail/log__rosidl_typesupport_introspection_c.h
[0.676s] -- Up-to-date: /root/ros_ws/src/Rescue_Car_ws/install/rcl_interfaces/include/rcl_interfaces/rcl_interfaces/msg/detail/parameter_event_descriptors__rosidl_typesupport_introspection_c.h
[0.676s] -- Up-to-date: /root/ros_ws/src/Rescue_Car_ws/install/rcl_interfaces/include/rcl_interfaces/rcl_interfaces/msg/detail/parameter_descriptor__rosidl_typesupport_introspection_c.h
[0.676s] -- Up-to-date: /root/ros_ws/src/Rescue_Car_ws/install/rcl_interfaces/include/rcl_interfaces/rcl_interfaces/msg/detail/list_parameters_result__type_support.c
[0.676s] -- Up-to-date: /root/ros_ws/src/Rescue_Car_ws/install/rcl_interfaces/include/rcl_interfaces/rcl_interfaces/msg/detail/parameter_event__rosidl_typesupport_introspection_c.h
[0.676s] -- Up-to-date: /root/ros_ws/src/Rescue_Car_ws/install/rcl_interfaces/include/rcl_interfaces/rcl_interfaces/msg/detail/integer_range__rosidl_typesupport_introspection_c.h
[0.676s] -- Up-to-date: /root/ros_ws/src/Rescue_Car_ws/install/rcl_interfaces/include/rcl_interfaces/rcl_interfaces/msg/detail/set_parameters_result__rosidl_typesupport_introspection_c.h
[0.676s] -- Up-to-date: /root/ros_ws/src/Rescue_Car_ws/install/rcl_interfaces/include/rcl_interfaces/rcl_interfaces/msg/detail/parameter__rosidl_typesupport_introspection_c.h
[0.676s] -- Up-to-date: /root/ros_ws/src/Rescue_Car_ws/install/rcl_interfaces/include/rcl_interfaces/rcl_interfaces/msg/detail/integer_range__type_support.c
[0.676s] -- Up-to-date: /root/ros_ws/src/Rescue_Car_ws/install/rcl_interfaces/include/rcl_interfaces/rcl_interfaces/msg/detail/parameter_type__rosidl_typesupport_introspection_c.h
[0.676s] -- Up-to-date: /root/ros_ws/src/Rescue_Car_ws/install/rcl_interfaces/include/rcl_interfaces/rcl_interfaces/msg/detail/parameter_event__type_support.c
[0.676s] -- Up-to-date: /root/ros_ws/src/Rescue_Car_ws/install/rcl_interfaces/include/rcl_interfaces/rcl_interfaces/msg/detail/parameter_event_descriptors__type_support.c
[0.677s] -- Up-to-date: /root/ros_ws/src/Rescue_Car_ws/install/rcl_interfaces/include/rcl_interfaces/rcl_interfaces/msg/detail/parameter_value__type_support.c
[0.677s] -- Up-to-date: /root/ros_ws/src/Rescue_Car_ws/install/rcl_interfaces/lib/librcl_interfaces__rosidl_typesupport_introspection_c.so
[0.679s] -- Up-to-date: /root/ros_ws/src/Rescue_Car_ws/install/rcl_interfaces/lib/librcl_interfaces__rosidl_typesupport_c.so
[0.682s] -- Up-to-date: /root/ros_ws/src/Rescue_Car_ws/install/rcl_interfaces/include/rcl_interfaces/rcl_interfaces
[0.682s] -- Up-to-date: /root/ros_ws/src/Rescue_Car_ws/install/rcl_interfaces/include/rcl_interfaces/rcl_interfaces/srv
[0.683s] -- Up-to-date: /root/ros_ws/src/Rescue_Car_ws/install/rcl_interfaces/include/rcl_interfaces/rcl_interfaces/srv/list_parameters.hpp
[0.683s] -- Up-to-date: /root/ros_ws/src/Rescue_Car_ws/install/rcl_interfaces/include/rcl_interfaces/rcl_interfaces/srv/set_parameters.hpp
[0.684s] -- Up-to-date: /root/ros_ws/src/Rescue_Car_ws/install/rcl_interfaces/include/rcl_interfaces/rcl_interfaces/srv/describe_parameters.hpp
[0.684s] -- Up-to-date: /root/ros_ws/src/Rescue_Car_ws/install/rcl_interfaces/include/rcl_interfaces/rcl_interfaces/srv/detail
[0.684s] -- Up-to-date: /root/ros_ws/src/Rescue_Car_ws/install/rcl_interfaces/include/rcl_interfaces/rcl_interfaces/srv/detail/describe_parameters__builder.hpp
[0.684s] -- Up-to-date: /root/ros_ws/src/Rescue_Car_ws/install/rcl_interfaces/include/rcl_interfaces/rcl_interfaces/srv/detail/get_parameters__type_support.hpp
[0.684s] -- Up-to-date: /root/ros_ws/src/Rescue_Car_ws/install/rcl_interfaces/include/rcl_interfaces/rcl_interfaces/srv/detail/list_parameters__traits.hpp
[0.684s] -- Up-to-date: /root/ros_ws/src/Rescue_Car_ws/install/rcl_interfaces/include/rcl_interfaces/rcl_interfaces/srv/detail/get_parameter_types__builder.hpp
[0.684s] -- Up-to-date: /root/ros_ws/src/Rescue_Car_ws/install/rcl_interfaces/include/rcl_interfaces/rcl_interfaces/srv/detail/set_parameters_atomically__traits.hpp
[0.684s] -- Up-to-date: /root/ros_ws/src/Rescue_Car_ws/install/rcl_interfaces/include/rcl_interfaces/rcl_interfaces/srv/detail/describe_parameters__type_support.hpp
[0.684s] -- Up-to-date: /root/ros_ws/src/Rescue_Car_ws/install/rcl_interfaces/include/rcl_interfaces/rcl_interfaces/srv/detail/set_parameters_atomically__type_support.hpp
[0.684s] -- Up-to-date: /root/ros_ws/src/Rescue_Car_ws/install/rcl_interfaces/include/rcl_interfaces/rcl_interfaces/srv/detail/list_parameters__struct.hpp
[0.684s] -- Up-to-date: /root/ros_ws/src/Rescue_Car_ws/install/rcl_interfaces/include/rcl_interfaces/rcl_interfaces/srv/detail/get_parameters__struct.hpp
[0.685s] -- Up-to-date: /root/ros_ws/src/Rescue_Car_ws/install/rcl_interfaces/include/rcl_interfaces/rcl_interfaces/srv/detail/describe_parameters__struct.hpp
[0.685s] -- Up-to-date: /root/ros_ws/src/Rescue_Car_ws/install/rcl_interfaces/include/rcl_interfaces/rcl_interfaces/srv/detail/set_parameters_atomically__struct.hpp
[0.685s] -- Up-to-date: /root/ros_ws/src/Rescue_Car_ws/install/rcl_interfaces/include/rcl_interfaces/rcl_interfaces/srv/detail/get_parameter_types__traits.hpp
[0.685s] -- Up-to-date: /root/ros_ws/src/Rescue_Car_ws/install/rcl_interfaces/include/rcl_interfaces/rcl_interfaces/srv/detail/get_parameter_types__struct.hpp
[0.685s] -- Up-to-date: /root/ros_ws/src/Rescue_Car_ws/install/rcl_interfaces/include/rcl_interfaces/rcl_interfaces/srv/detail/get_parameters__builder.hpp
[0.685s] -- Up-to-date: /root/ros_ws/src/Rescue_Car_ws/install/rcl_interfaces/include/rcl_interfaces/rcl_interfaces/srv/detail/set_parameters__type_support.hpp
[0.685s] -- Up-to-date: /root/ros_ws/src/Rescue_Car_ws/install/rcl_interfaces/include/rcl_interfaces/rcl_interfaces/srv/detail/set_parameters__traits.hpp
[0.685s] -- Up-to-date: /root/ros_ws/src/Rescue_Car_ws/install/rcl_interfaces/include/rcl_interfaces/rcl_interfaces/srv/detail/describe_parameters__traits.hpp
[0.685s] -- Up-to-date: /root/ros_ws/src/Rescue_Car_ws/install/rcl_interfaces/include/rcl_interfaces/rcl_interfaces/srv/detail/set_parameters__struct.hpp
[0.685s] -- Up-to-date: /root/ros_ws/src/Rescue_Car_ws/install/rcl_interfaces/include/rcl_interfaces/rcl_interfaces/srv/detail/get_parameter_types__type_support.hpp
[0.685s] -- Up-to-date: /root/ros_ws/src/Rescue_Car_ws/install/rcl_interfaces/include/rcl_interfaces/rcl_interfaces/srv/detail/list_parameters__type_support.hpp
[0.686s] -- Up-to-date: /root/ros_ws/src/Rescue_Car_ws/install/rcl_interfaces/include/rcl_interfaces/rcl_interfaces/srv/detail/set_parameters_atomically__builder.hpp
[0.686s] -- Up-to-date: /root/ros_ws/src/Rescue_Car_ws/install/rcl_interfaces/include/rcl_interfaces/rcl_interfaces/srv/detail/list_parameters__builder.hpp
[0.686s] -- Up-to-date: /root/ros_ws/src/Rescue_Car_ws/install/rcl_interfaces/include/rcl_interfaces/rcl_interfaces/srv/detail/get_parameters__traits.hpp
[0.686s] -- Up-to-date: /root/ros_ws/src/Rescue_Car_ws/install/rcl_interfaces/include/rcl_interfaces/rcl_interfaces/srv/detail/set_parameters__builder.hpp
[0.686s] -- Up-to-date: /root/ros_ws/src/Rescue_Car_ws/install/rcl_interfaces/include/rcl_interfaces/rcl_interfaces/srv/get_parameters.hpp
[0.686s] -- Up-to-date: /root/ros_ws/src/Rescue_Car_ws/install/rcl_interfaces/include/rcl_interfaces/rcl_interfaces/srv/get_parameter_types.hpp
[0.686s] -- Up-to-date: /root/ros_ws/src/Rescue_Car_ws/install/rcl_interfaces/include/rcl_interfaces/rcl_interfaces/srv/set_parameters_atomically.hpp
[0.686s] -- Up-to-date: /root/ros_ws/src/Rescue_Car_ws/install/rcl_interfaces/include/rcl_interfaces/rcl_interfaces/msg
[0.686s] -- Up-to-date: /root/ros_ws/src/Rescue_Car_ws/install/rcl_interfaces/include/rcl_interfaces/rcl_interfaces/msg/parameter_event_descriptors.hpp
[0.686s] -- Up-to-date: /root/ros_ws/src/Rescue_Car_ws/install/rcl_interfaces/include/rcl_interfaces/rcl_interfaces/msg/rosidl_generator_cpp__visibility_control.hpp
[0.686s] -- Up-to-date: /root/ros_ws/src/Rescue_Car_ws/install/rcl_interfaces/include/rcl_interfaces/rcl_interfaces/msg/parameter_event.hpp
[0.686s] -- Up-to-date: /root/ros_ws/src/Rescue_Car_ws/install/rcl_interfaces/include/rcl_interfaces/rcl_interfaces/msg/set_parameters_result.hpp
[0.687s] -- Up-to-date: /root/ros_ws/src/Rescue_Car_ws/install/rcl_interfaces/include/rcl_interfaces/rcl_interfaces/msg/integer_range.hpp
[0.687s] -- Up-to-date: /root/ros_ws/src/Rescue_Car_ws/install/rcl_interfaces/include/rcl_interfaces/rcl_interfaces/msg/list_parameters_result.hpp
[0.687s] -- Up-to-date: /root/ros_ws/src/Rescue_Car_ws/install/rcl_interfaces/include/rcl_interfaces/rcl_interfaces/msg/parameter_descriptor.hpp
[0.687s] -- Up-to-date: /root/ros_ws/src/Rescue_Car_ws/install/rcl_interfaces/include/rcl_interfaces/rcl_interfaces/msg/detail
[0.687s] -- Up-to-date: /root/ros_ws/src/Rescue_Car_ws/install/rcl_interfaces/include/rcl_interfaces/rcl_interfaces/msg/detail/set_parameters_result__type_support.hpp
[0.687s] -- Up-to-date: /root/ros_ws/src/Rescue_Car_ws/install/rcl_interfaces/include/rcl_interfaces/rcl_interfaces/msg/detail/set_parameters_result__builder.hpp
[0.687s] -- Up-to-date: /root/ros_ws/src/Rescue_Car_ws/install/rcl_interfaces/include/rcl_interfaces/rcl_interfaces/msg/detail/parameter_type__struct.hpp
[0.687s] -- Up-to-date: /root/ros_ws/src/Rescue_Car_ws/install/rcl_interfaces/include/rcl_interfaces/rcl_interfaces/msg/detail/parameter__struct.hpp
[0.687s] -- Up-to-date: /root/ros_ws/src/Rescue_Car_ws/install/rcl_interfaces/include/rcl_interfaces/rcl_interfaces/msg/detail/parameter_type__builder.hpp
[0.687s] -- Up-to-date: /root/ros_ws/src/Rescue_Car_ws/install/rcl_interfaces/include/rcl_interfaces/rcl_interfaces/msg/detail/parameter_value__builder.hpp
[0.687s] -- Up-to-date: /root/ros_ws/src/Rescue_Car_ws/install/rcl_interfaces/include/rcl_interfaces/rcl_interfaces/msg/detail/parameter__traits.hpp
[0.687s] -- Up-to-date: /root/ros_ws/src/Rescue_Car_ws/install/rcl_interfaces/include/rcl_interfaces/rcl_interfaces/msg/detail/list_parameters_result__traits.hpp
[0.688s] -- Up-to-date: /root/ros_ws/src/Rescue_Car_ws/install/rcl_interfaces/include/rcl_interfaces/rcl_interfaces/msg/detail/parameter_descriptor__builder.hpp
[0.688s] -- Up-to-date: /root/ros_ws/src/Rescue_Car_ws/install/rcl_interfaces/include/rcl_interfaces/rcl_interfaces/msg/detail/parameter__builder.hpp
[0.688s] -- Up-to-date: /root/ros_ws/src/Rescue_Car_ws/install/rcl_interfaces/include/rcl_interfaces/rcl_interfaces/msg/detail/parameter_value__type_support.hpp
[0.688s] -- Up-to-date: /root/ros_ws/src/Rescue_Car_ws/install/rcl_interfaces/include/rcl_interfaces/rcl_interfaces/msg/detail/parameter_type__traits.hpp
[0.688s] -- Up-to-date: /root/ros_ws/src/Rescue_Car_ws/install/rcl_interfaces/include/rcl_interfaces/rcl_interfaces/msg/detail/set_parameters_result__struct.hpp
[0.688s] -- Up-to-date: /root/ros_ws/src/Rescue_Car_ws/install/rcl_interfaces/include/rcl_interfaces/rcl_interfaces/msg/detail/parameter_descriptor__traits.hpp
[0.688s] -- Up-to-date: /root/ros_ws/src/Rescue_Car_ws/install/rcl_interfaces/include/rcl_interfaces/rcl_interfaces/msg/detail/parameter__type_support.hpp
[0.688s] -- Up-to-date: /root/ros_ws/src/Rescue_Car_ws/install/rcl_interfaces/include/rcl_interfaces/rcl_interfaces/msg/detail/list_parameters_result__struct.hpp
[0.688s] -- Up-to-date: /root/ros_ws/src/Rescue_Car_ws/install/rcl_interfaces/include/rcl_interfaces/rcl_interfaces/msg/detail/parameter_descriptor__struct.hpp
[0.688s] -- Up-to-date: /root/ros_ws/src/Rescue_Car_ws/install/rcl_interfaces/include/rcl_interfaces/rcl_interfaces/msg/detail/parameter_event__struct.hpp
[0.688s] -- Up-to-date: /root/ros_ws/src/Rescue_Car_ws/install/rcl_interfaces/include/rcl_interfaces/rcl_interfaces/msg/detail/floating_point_range__builder.hpp
[0.689s] -- Up-to-date: /root/ros_ws/src/Rescue_Car_ws/install/rcl_interfaces/include/rcl_interfaces/rcl_interfaces/msg/detail/floating_point_range__traits.hpp
[0.689s] -- Up-to-date: /root/ros_ws/src/Rescue_Car_ws/install/rcl_interfaces/include/rcl_interfaces/rcl_interfaces/msg/detail/parameter_event__builder.hpp
[0.689s] -- Up-to-date: /root/ros_ws/src/Rescue_Car_ws/install/rcl_interfaces/include/rcl_interfaces/rcl_interfaces/msg/detail/parameter_event_descriptors__builder.hpp
[0.689s] -- Up-to-date: /root/ros_ws/src/Rescue_Car_ws/install/rcl_interfaces/include/rcl_interfaces/rcl_interfaces/msg/detail/parameter_value__struct.hpp
[0.689s] -- Up-to-date: /root/ros_ws/src/Rescue_Car_ws/install/rcl_interfaces/include/rcl_interfaces/rcl_interfaces/msg/detail/floating_point_range__struct.hpp
[0.689s] -- Up-to-date: /root/ros_ws/src/Rescue_Car_ws/install/rcl_interfaces/include/rcl_interfaces/rcl_interfaces/msg/detail/log__type_support.hpp
[0.689s] -- Up-to-date: /root/ros_ws/src/Rescue_Car_ws/install/rcl_interfaces/include/rcl_interfaces/rcl_interfaces/msg/detail/parameter_event__type_support.hpp
[0.689s] -- Up-to-date: /root/ros_ws/src/Rescue_Car_ws/install/rcl_interfaces/include/rcl_interfaces/rcl_interfaces/msg/detail/parameter_type__type_support.hpp
[0.689s] -- Up-to-date: /root/ros_ws/src/Rescue_Car_ws/install/rcl_interfaces/include/rcl_interfaces/rcl_interfaces/msg/detail/floating_point_range__type_support.hpp
[0.689s] -- Up-to-date: /root/ros_ws/src/Rescue_Car_ws/install/rcl_interfaces/include/rcl_interfaces/rcl_interfaces/msg/detail/integer_range__builder.hpp
[0.689s] -- Up-to-date: /root/ros_ws/src/Rescue_Car_ws/install/rcl_interfaces/include/rcl_interfaces/rcl_interfaces/msg/detail/log__traits.hpp
[0.689s] -- Up-to-date: /root/ros_ws/src/Rescue_Car_ws/install/rcl_interfaces/include/rcl_interfaces/rcl_interfaces/msg/detail/integer_range__struct.hpp
[0.690s] -- Up-to-date: /root/ros_ws/src/Rescue_Car_ws/install/rcl_interfaces/include/rcl_interfaces/rcl_interfaces/msg/detail/integer_range__type_support.hpp
[0.690s] -- Up-to-date: /root/ros_ws/src/Rescue_Car_ws/install/rcl_interfaces/include/rcl_interfaces/rcl_interfaces/msg/detail/integer_range__traits.hpp
[0.690s] -- Up-to-date: /root/ros_ws/src/Rescue_Car_ws/install/rcl_interfaces/include/rcl_interfaces/rcl_interfaces/msg/detail/parameter_event_descriptors__traits.hpp
[0.690s] -- Up-to-date: /root/ros_ws/src/Rescue_Car_ws/install/rcl_interfaces/include/rcl_interfaces/rcl_interfaces/msg/detail/parameter_event_descriptors__type_support.hpp
[0.690s] -- Up-to-date: /root/ros_ws/src/Rescue_Car_ws/install/rcl_interfaces/include/rcl_interfaces/rcl_interfaces/msg/detail/parameter_event_descriptors__struct.hpp
[0.690s] -- Up-to-date: /root/ros_ws/src/Rescue_Car_ws/install/rcl_interfaces/include/rcl_interfaces/rcl_interfaces/msg/detail/set_parameters_result__traits.hpp
[0.690s] -- Up-to-date: /root/ros_ws/src/Rescue_Car_ws/install/rcl_interfaces/include/rcl_interfaces/rcl_interfaces/msg/detail/parameter_event__traits.hpp
[0.690s] -- Up-to-date: /root/ros_ws/src/Rescue_Car_ws/install/rcl_interfaces/include/rcl_interfaces/rcl_interfaces/msg/detail/log__struct.hpp
[0.690s] -- Up-to-date: /root/ros_ws/src/Rescue_Car_ws/install/rcl_interfaces/include/rcl_interfaces/rcl_interfaces/msg/detail/log__builder.hpp
[0.690s] -- Up-to-date: /root/ros_ws/src/Rescue_Car_ws/install/rcl_interfaces/include/rcl_interfaces/rcl_interfaces/msg/detail/list_parameters_result__builder.hpp
[0.690s] -- Up-to-date: /root/ros_ws/src/Rescue_Car_ws/install/rcl_interfaces/include/rcl_interfaces/rcl_interfaces/msg/detail/parameter_value__traits.hpp
[0.690s] -- Up-to-date: /root/ros_ws/src/Rescue_Car_ws/install/rcl_interfaces/include/rcl_interfaces/rcl_interfaces/msg/detail/parameter_descriptor__type_support.hpp
[0.691s] -- Up-to-date: /root/ros_ws/src/Rescue_Car_ws/install/rcl_interfaces/include/rcl_interfaces/rcl_interfaces/msg/detail/list_parameters_result__type_support.hpp
[0.691s] -- Up-to-date: /root/ros_ws/src/Rescue_Car_ws/install/rcl_interfaces/include/rcl_interfaces/rcl_interfaces/msg/parameter.hpp
[0.691s] -- Up-to-date: /root/ros_ws/src/Rescue_Car_ws/install/rcl_interfaces/include/rcl_interfaces/rcl_interfaces/msg/log.hpp
[0.691s] -- Up-to-date: /root/ros_ws/src/Rescue_Car_ws/install/rcl_interfaces/include/rcl_interfaces/rcl_interfaces/msg/parameter_value.hpp
[0.691s] -- Up-to-date: /root/ros_ws/src/Rescue_Car_ws/install/rcl_interfaces/include/rcl_interfaces/rcl_interfaces/msg/parameter_type.hpp
[0.691s] -- Up-to-date: /root/ros_ws/src/Rescue_Car_ws/install/rcl_interfaces/include/rcl_interfaces/rcl_interfaces/msg/floating_point_range.hpp
[0.691s] -- Up-to-date: /root/ros_ws/src/Rescue_Car_ws/install/rcl_interfaces/include/rcl_interfaces/rcl_interfaces
[0.691s] -- Up-to-date: /root/ros_ws/src/Rescue_Car_ws/install/rcl_interfaces/include/rcl_interfaces/rcl_interfaces/srv
[0.691s] -- Up-to-date: /root/ros_ws/src/Rescue_Car_ws/install/rcl_interfaces/include/rcl_interfaces/rcl_interfaces/srv/detail
[0.691s] -- Up-to-date: /root/ros_ws/src/Rescue_Car_ws/install/rcl_interfaces/include/rcl_interfaces/rcl_interfaces/srv/detail/get_parameters__rosidl_typesupport_fastrtps_cpp.hpp
[0.691s] -- Up-to-date: /root/ros_ws/src/Rescue_Car_ws/install/rcl_interfaces/include/rcl_interfaces/rcl_interfaces/srv/detail/dds_fastrtps
[0.692s] -- Up-to-date: /root/ros_ws/src/Rescue_Car_ws/install/rcl_interfaces/include/rcl_interfaces/rcl_interfaces/srv/detail/set_parameters__rosidl_typesupport_fastrtps_cpp.hpp
[0.692s] -- Up-to-date: /root/ros_ws/src/Rescue_Car_ws/install/rcl_interfaces/include/rcl_interfaces/rcl_interfaces/srv/detail/list_parameters__rosidl_typesupport_fastrtps_cpp.hpp
[0.692s] -- Up-to-date: /root/ros_ws/src/Rescue_Car_ws/install/rcl_interfaces/include/rcl_interfaces/rcl_interfaces/srv/detail/describe_parameters__rosidl_typesupport_fastrtps_cpp.hpp
[0.692s] -- Up-to-date: /root/ros_ws/src/Rescue_Car_ws/install/rcl_interfaces/include/rcl_interfaces/rcl_interfaces/srv/detail/set_parameters_atomically__rosidl_typesupport_fastrtps_cpp.hpp
[0.692s] -- Up-to-date: /root/ros_ws/src/Rescue_Car_ws/install/rcl_interfaces/include/rcl_interfaces/rcl_interfaces/srv/detail/get_parameter_types__rosidl_typesupport_fastrtps_cpp.hpp
[0.692s] -- Up-to-date: /root/ros_ws/src/Rescue_Car_ws/install/rcl_interfaces/include/rcl_interfaces/rcl_interfaces/msg
[0.692s] -- Up-to-date: /root/ros_ws/src/Rescue_Car_ws/install/rcl_interfaces/include/rcl_interfaces/rcl_interfaces/msg/rosidl_typesupport_fastrtps_cpp__visibility_control.h
[0.692s] -- Up-to-date: /root/ros_ws/src/Rescue_Car_ws/install/rcl_interfaces/include/rcl_interfaces/rcl_interfaces/msg/detail
[0.692s] -- Up-to-date: /root/ros_ws/src/Rescue_Car_ws/install/rcl_interfaces/include/rcl_interfaces/rcl_interfaces/msg/detail/parameter_type__rosidl_typesupport_fastrtps_cpp.hpp
[0.692s] -- Up-to-date: /root/ros_ws/src/Rescue_Car_ws/install/rcl_interfaces/include/rcl_interfaces/rcl_interfaces/msg/detail/floating_point_range__rosidl_typesupport_fastrtps_cpp.hpp
[0.692s] -- Up-to-date: /root/ros_ws/src/Rescue_Car_ws/install/rcl_interfaces/include/rcl_interfaces/rcl_interfaces/msg/detail/log__rosidl_typesupport_fastrtps_cpp.hpp
[0.693s] -- Up-to-date: /root/ros_ws/src/Rescue_Car_ws/install/rcl_interfaces/include/rcl_interfaces/rcl_interfaces/msg/detail/parameter_event__rosidl_typesupport_fastrtps_cpp.hpp
[0.693s] -- Up-to-date: /root/ros_ws/src/Rescue_Car_ws/install/rcl_interfaces/include/rcl_interfaces/rcl_interfaces/msg/detail/parameter_event_descriptors__rosidl_typesupport_fastrtps_cpp.hpp
[0.693s] -- Up-to-date: /root/ros_ws/src/Rescue_Car_ws/install/rcl_interfaces/include/rcl_interfaces/rcl_interfaces/msg/detail/dds_fastrtps
[0.693s] -- Up-to-date: /root/ros_ws/src/Rescue_Car_ws/install/rcl_interfaces/include/rcl_interfaces/rcl_interfaces/msg/detail/parameter_value__rosidl_typesupport_fastrtps_cpp.hpp
[0.693s] -- Up-to-date: /root/ros_ws/src/Rescue_Car_ws/install/rcl_interfaces/include/rcl_interfaces/rcl_interfaces/msg/detail/list_parameters_result__rosidl_typesupport_fastrtps_cpp.hpp
[0.696s] -- Up-to-date: /root/ros_ws/src/Rescue_Car_ws/install/rcl_interfaces/include/rcl_interfaces/rcl_interfaces/msg/detail/integer_range__rosidl_typesupport_fastrtps_cpp.hpp
[0.696s] -- Up-to-date: /root/ros_ws/src/Rescue_Car_ws/install/rcl_interfaces/include/rcl_interfaces/rcl_interfaces/msg/detail/parameter_descriptor__rosidl_typesupport_fastrtps_cpp.hpp
[0.696s] -- Up-to-date: /root/ros_ws/src/Rescue_Car_ws/install/rcl_interfaces/include/rcl_interfaces/rcl_interfaces/msg/detail/set_parameters_result__rosidl_typesupport_fastrtps_cpp.hpp
[0.707s] -- Up-to-date: /root/ros_ws/src/Rescue_Car_ws/install/rcl_interfaces/include/rcl_interfaces/rcl_interfaces/msg/detail/parameter__rosidl_typesupport_fastrtps_cpp.hpp
[0.707s] -- Up-to-date: /root/ros_ws/src/Rescue_Car_ws/install/rcl_interfaces/lib/librcl_interfaces__rosidl_typesupport_fastrtps_cpp.so
[0.707s] -- Up-to-date: /root/ros_ws/src/Rescue_Car_ws/install/rcl_interfaces/include/rcl_interfaces/rcl_interfaces
[0.707s] -- Up-to-date: /root/ros_ws/src/Rescue_Car_ws/install/rcl_interfaces/include/rcl_interfaces/rcl_interfaces/srv
[0.707s] -- Up-to-date: /root/ros_ws/src/Rescue_Car_ws/install/rcl_interfaces/include/rcl_interfaces/rcl_interfaces/srv/detail
[0.707s] -- Up-to-date: /root/ros_ws/src/Rescue_Car_ws/install/rcl_interfaces/include/rcl_interfaces/rcl_interfaces/srv/detail/get_parameters__type_support.cpp
[0.707s] -- Up-to-date: /root/ros_ws/src/Rescue_Car_ws/install/rcl_interfaces/include/rcl_interfaces/rcl_interfaces/srv/detail/list_parameters__rosidl_typesupport_introspection_cpp.hpp
[0.707s] -- Up-to-date: /root/ros_ws/src/Rescue_Car_ws/install/rcl_interfaces/include/rcl_interfaces/rcl_interfaces/srv/detail/list_parameters__type_support.cpp
[0.707s] -- Up-to-date: /root/ros_ws/src/Rescue_Car_ws/install/rcl_interfaces/include/rcl_interfaces/rcl_interfaces/srv/detail/set_parameters__type_support.cpp
[0.708s] -- Up-to-date: /root/ros_ws/src/Rescue_Car_ws/install/rcl_interfaces/include/rcl_interfaces/rcl_interfaces/srv/detail/set_parameters_atomically__type_support.cpp
[0.708s] -- Up-to-date: /root/ros_ws/src/Rescue_Car_ws/install/rcl_interfaces/include/rcl_interfaces/rcl_interfaces/srv/detail/get_parameters__rosidl_typesupport_introspection_cpp.hpp
[0.708s] -- Up-to-date: /root/ros_ws/src/Rescue_Car_ws/install/rcl_interfaces/include/rcl_interfaces/rcl_interfaces/srv/detail/get_parameter_types__rosidl_typesupport_introspection_cpp.hpp
[0.708s] -- Up-to-date: /root/ros_ws/src/Rescue_Car_ws/install/rcl_interfaces/include/rcl_interfaces/rcl_interfaces/srv/detail/get_parameter_types__type_support.cpp
[0.708s] -- Up-to-date: /root/ros_ws/src/Rescue_Car_ws/install/rcl_interfaces/include/rcl_interfaces/rcl_interfaces/srv/detail/set_parameters__rosidl_typesupport_introspection_cpp.hpp
[0.708s] -- Up-to-date: /root/ros_ws/src/Rescue_Car_ws/install/rcl_interfaces/include/rcl_interfaces/rcl_interfaces/srv/detail/describe_parameters__rosidl_typesupport_introspection_cpp.hpp
[0.708s] -- Up-to-date: /root/ros_ws/src/Rescue_Car_ws/install/rcl_interfaces/include/rcl_interfaces/rcl_interfaces/srv/detail/describe_parameters__type_support.cpp
[0.708s] -- Up-to-date: /root/ros_ws/src/Rescue_Car_ws/install/rcl_interfaces/include/rcl_interfaces/rcl_interfaces/srv/detail/set_parameters_atomically__rosidl_typesupport_introspection_cpp.hpp
[0.708s] -- Up-to-date: /root/ros_ws/src/Rescue_Car_ws/install/rcl_interfaces/include/rcl_interfaces/rcl_interfaces/msg
[0.708s] -- Up-to-date: /root/ros_ws/src/Rescue_Car_ws/install/rcl_interfaces/include/rcl_interfaces/rcl_interfaces/msg/detail
[0.708s] -- Up-to-date: /root/ros_ws/src/Rescue_Car_ws/install/rcl_interfaces/include/rcl_interfaces/rcl_interfaces/msg/detail/parameter_event_descriptors__type_support.cpp
[0.708s] -- Up-to-date: /root/ros_ws/src/Rescue_Car_ws/install/rcl_interfaces/include/rcl_interfaces/rcl_interfaces/msg/detail/floating_point_range__type_support.cpp
[0.709s] -- Up-to-date: /root/ros_ws/src/Rescue_Car_ws/install/rcl_interfaces/include/rcl_interfaces/rcl_interfaces/msg/detail/log__type_support.cpp
[0.709s] -- Up-to-date: /root/ros_ws/src/Rescue_Car_ws/install/rcl_interfaces/include/rcl_interfaces/rcl_interfaces/msg/detail/parameter_value__type_support.cpp
[0.709s] -- Up-to-date: /root/ros_ws/src/Rescue_Car_ws/install/rcl_interfaces/include/rcl_interfaces/rcl_interfaces/msg/detail/parameter_type__rosidl_typesupport_introspection_cpp.hpp
[0.709s] -- Up-to-date: /root/ros_ws/src/Rescue_Car_ws/install/rcl_interfaces/include/rcl_interfaces/rcl_interfaces/msg/detail/parameter__rosidl_typesupport_introspection_cpp.hpp
[0.709s] -- Up-to-date: /root/ros_ws/src/Rescue_Car_ws/install/rcl_interfaces/include/rcl_interfaces/rcl_interfaces/msg/detail/log__rosidl_typesupport_introspection_cpp.hpp
[0.709s] -- Up-to-date: /root/ros_ws/src/Rescue_Car_ws/install/rcl_interfaces/include/rcl_interfaces/rcl_interfaces/msg/detail/integer_range__rosidl_typesupport_introspection_cpp.hpp
[0.709s] -- Up-to-date: /root/ros_ws/src/Rescue_Car_ws/install/rcl_interfaces/include/rcl_interfaces/rcl_interfaces/msg/detail/parameter_descriptor__type_support.cpp
[0.709s] -- Up-to-date: /root/ros_ws/src/Rescue_Car_ws/install/rcl_interfaces/include/rcl_interfaces/rcl_interfaces/msg/detail/parameter__type_support.cpp
[0.709s] -- Up-to-date: /root/ros_ws/src/Rescue_Car_ws/install/rcl_interfaces/include/rcl_interfaces/rcl_interfaces/msg/detail/parameter_value__rosidl_typesupport_introspection_cpp.hpp
[0.709s] -- Up-to-date: /root/ros_ws/src/Rescue_Car_ws/install/rcl_interfaces/include/rcl_interfaces/rcl_interfaces/msg/detail/parameter_descriptor__rosidl_typesupport_introspection_cpp.hpp
[0.709s] -- Up-to-date: /root/ros_ws/src/Rescue_Car_ws/install/rcl_interfaces/include/rcl_interfaces/rcl_interfaces/msg/detail/parameter_event__type_support.cpp
[0.709s] -- Up-to-date: /root/ros_ws/src/Rescue_Car_ws/install/rcl_interfaces/include/rcl_interfaces/rcl_interfaces/msg/detail/parameter_event__rosidl_typesupport_introspection_cpp.hpp
[0.710s] -- Up-to-date: /root/ros_ws/src/Rescue_Car_ws/install/rcl_interfaces/include/rcl_interfaces/rcl_interfaces/msg/detail/list_parameters_result__rosidl_typesupport_introspection_cpp.hpp
[0.710s] -- Up-to-date: /root/ros_ws/src/Rescue_Car_ws/install/rcl_interfaces/include/rcl_interfaces/rcl_interfaces/msg/detail/set_parameters_result__rosidl_typesupport_introspection_cpp.hpp
[0.710s] -- Up-to-date: /root/ros_ws/src/Rescue_Car_ws/install/rcl_interfaces/include/rcl_interfaces/rcl_interfaces/msg/detail/parameter_event_descriptors__rosidl_typesupport_introspection_cpp.hpp
[0.710s] -- Up-to-date: /root/ros_ws/src/Rescue_Car_ws/install/rcl_interfaces/include/rcl_interfaces/rcl_interfaces/msg/detail/parameter_type__type_support.cpp
[0.710s] -- Up-to-date: /root/ros_ws/src/Rescue_Car_ws/install/rcl_interfaces/include/rcl_interfaces/rcl_interfaces/msg/detail/set_parameters_result__type_support.cpp
[0.710s] -- Up-to-date: /root/ros_ws/src/Rescue_Car_ws/install/rcl_interfaces/include/rcl_interfaces/rcl_interfaces/msg/detail/list_parameters_result__type_support.cpp
[0.710s] -- Up-to-date: /root/ros_ws/src/Rescue_Car_ws/install/rcl_interfaces/include/rcl_interfaces/rcl_interfaces/msg/detail/integer_range__type_support.cpp
[0.710s] -- Up-to-date: /root/ros_ws/src/Rescue_Car_ws/install/rcl_interfaces/include/rcl_interfaces/rcl_interfaces/msg/detail/floating_point_range__rosidl_typesupport_introspection_cpp.hpp
[0.710s] -- Up-to-date: /root/ros_ws/src/Rescue_Car_ws/install/rcl_interfaces/lib/librcl_interfaces__rosidl_typesupport_introspection_cpp.so
[0.710s] -- Up-to-date: /root/ros_ws/src/Rescue_Car_ws/install/rcl_interfaces/lib/librcl_interfaces__rosidl_typesupport_cpp.so
[0.710s] -- Up-to-date: /root/ros_ws/src/Rescue_Car_ws/install/rcl_interfaces/share/rcl_interfaces/environment/pythonpath.sh
[0.710s] -- Up-to-date: /root/ros_ws/src/Rescue_Car_ws/install/rcl_interfaces/share/rcl_interfaces/environment/pythonpath.dsv
[0.711s] -- Up-to-date: /root/ros_ws/src/Rescue_Car_ws/install/rcl_interfaces/local/lib/python3.10/dist-packages/rcl_interfaces-1.2.2-py3.10.egg-info
[0.711s] -- Installing: /root/ros_ws/src/Rescue_Car_ws/install/rcl_interfaces/local/lib/python3.10/dist-packages/rcl_interfaces-1.2.2-py3.10.egg-info/dependency_links.txt
[0.711s] -- Installing: /root/ros_ws/src/Rescue_Car_ws/install/rcl_interfaces/local/lib/python3.10/dist-packages/rcl_interfaces-1.2.2-py3.10.egg-info/SOURCES.txt
[0.711s] -- Installing: /root/ros_ws/src/Rescue_Car_ws/install/rcl_interfaces/local/lib/python3.10/dist-packages/rcl_interfaces-1.2.2-py3.10.egg-info/PKG-INFO
[0.711s] -- Installing: /root/ros_ws/src/Rescue_Car_ws/install/rcl_interfaces/local/lib/python3.10/dist-packages/rcl_interfaces-1.2.2-py3.10.egg-info/top_level.txt
[0.711s] -- Up-to-date: /root/ros_ws/src/Rescue_Car_ws/install/rcl_interfaces/local/lib/python3.10/dist-packages/rcl_interfaces
[0.711s] -- Up-to-date: /root/ros_ws/src/Rescue_Car_ws/install/rcl_interfaces/local/lib/python3.10/dist-packages/rcl_interfaces/_rcl_interfaces_s.ep.rosidl_typesupport_fastrtps_c.c
[0.711s] -- Up-to-date: /root/ros_ws/src/Rescue_Car_ws/install/rcl_interfaces/local/lib/python3.10/dist-packages/rcl_interfaces/_rcl_interfaces_s.ep.rosidl_typesupport_c.c
[0.711s] -- Up-to-date: /root/ros_ws/src/Rescue_Car_ws/install/rcl_interfaces/local/lib/python3.10/dist-packages/rcl_interfaces/rcl_interfaces_s__rosidl_typesupport_c.cpython-310-x86_64-linux-gnu.so
[0.712s] -- Up-to-date: /root/ros_ws/src/Rescue_Car_ws/install/rcl_interfaces/local/lib/python3.10/dist-packages/rcl_interfaces/librcl_interfaces__rosidl_generator_py.so
[0.712s] -- Up-to-date: /root/ros_ws/src/Rescue_Car_ws/install/rcl_interfaces/local/lib/python3.10/dist-packages/rcl_interfaces/rcl_interfaces_s__rosidl_typesupport_introspection_c.cpython-310-x86_64-linux-gnu.so
[0.712s] -- Up-to-date: /root/ros_ws/src/Rescue_Car_ws/install/rcl_interfaces/local/lib/python3.10/dist-packages/rcl_interfaces/srv
[0.712s] -- Up-to-date: /root/ros_ws/src/Rescue_Car_ws/install/rcl_interfaces/local/lib/python3.10/dist-packages/rcl_interfaces/srv/_get_parameter_types.py
[0.712s] -- Up-to-date: /root/ros_ws/src/Rescue_Car_ws/install/rcl_interfaces/local/lib/python3.10/dist-packages/rcl_interfaces/srv/_describe_parameters_s.c
[0.712s] -- Up-to-date: /root/ros_ws/src/Rescue_Car_ws/install/rcl_interfaces/local/lib/python3.10/dist-packages/rcl_interfaces/srv/_get_parameters.py
[0.712s] -- Up-to-date: /root/ros_ws/src/Rescue_Car_ws/install/rcl_interfaces/local/lib/python3.10/dist-packages/rcl_interfaces/srv/_describe_parameters.py
[0.712s] -- Up-to-date: /root/ros_ws/src/Rescue_Car_ws/install/rcl_interfaces/local/lib/python3.10/dist-packages/rcl_interfaces/srv/_set_parameters_s.c
[0.712s] -- Up-to-date: /root/ros_ws/src/Rescue_Car_ws/install/rcl_interfaces/local/lib/python3.10/dist-packages/rcl_interfaces/srv/_set_parameters_atomically_s.c
[0.712s] -- Up-to-date: /root/ros_ws/src/Rescue_Car_ws/install/rcl_interfaces/local/lib/python3.10/dist-packages/rcl_interfaces/srv/_set_parameters_atomically.py
[0.712s] -- Up-to-date: /root/ros_ws/src/Rescue_Car_ws/install/rcl_interfaces/local/lib/python3.10/dist-packages/rcl_interfaces/srv/_get_parameter_types_s.c
[0.712s] -- Up-to-date: /root/ros_ws/src/Rescue_Car_ws/install/rcl_interfaces/local/lib/python3.10/dist-packages/rcl_interfaces/srv/__init__.py
[0.712s] -- Up-to-date: /root/ros_ws/src/Rescue_Car_ws/install/rcl_interfaces/local/lib/python3.10/dist-packages/rcl_interfaces/srv/_get_parameters_s.c
[0.713s] -- Up-to-date: /root/ros_ws/src/Rescue_Car_ws/install/rcl_interfaces/local/lib/python3.10/dist-packages/rcl_interfaces/srv/_list_parameters.py
[0.713s] -- Up-to-date: /root/ros_ws/src/Rescue_Car_ws/install/rcl_interfaces/local/lib/python3.10/dist-packages/rcl_interfaces/srv/_list_parameters_s.c
[0.713s] -- Up-to-date: /root/ros_ws/src/Rescue_Car_ws/install/rcl_interfaces/local/lib/python3.10/dist-packages/rcl_interfaces/srv/_set_parameters.py
[0.713s] -- Up-to-date: /root/ros_ws/src/Rescue_Car_ws/install/rcl_interfaces/local/lib/python3.10/dist-packages/rcl_interfaces/__init__.py
[0.713s] -- Up-to-date: /root/ros_ws/src/Rescue_Car_ws/install/rcl_interfaces/local/lib/python3.10/dist-packages/rcl_interfaces/msg
[0.713s] -- Up-to-date: /root/ros_ws/src/Rescue_Car_ws/install/rcl_interfaces/local/lib/python3.10/dist-packages/rcl_interfaces/msg/_parameter_event_s.c
[0.713s] -- Up-to-date: /root/ros_ws/src/Rescue_Car_ws/install/rcl_interfaces/local/lib/python3.10/dist-packages/rcl_interfaces/msg/_parameter_type.py
[0.713s] -- Up-to-date: /root/ros_ws/src/Rescue_Car_ws/install/rcl_interfaces/local/lib/python3.10/dist-packages/rcl_interfaces/msg/_parameter_descriptor_s.c
[0.713s] -- Up-to-date: /root/ros_ws/src/Rescue_Car_ws/install/rcl_interfaces/local/lib/python3.10/dist-packages/rcl_interfaces/msg/_floating_point_range.py
[0.714s] -- Up-to-date: /root/ros_ws/src/Rescue_Car_ws/install/rcl_interfaces/local/lib/python3.10/dist-packages/rcl_interfaces/msg/_parameter_value.py
[0.714s] -- Up-to-date: /root/ros_ws/src/Rescue_Car_ws/install/rcl_interfaces/local/lib/python3.10/dist-packages/rcl_interfaces/msg/_parameter_type_s.c
[0.714s] -- Up-to-date: /root/ros_ws/src/Rescue_Car_ws/install/rcl_interfaces/local/lib/python3.10/dist-packages/rcl_interfaces/msg/_log.py
[0.714s] -- Up-to-date: /root/ros_ws/src/Rescue_Car_ws/install/rcl_interfaces/local/lib/python3.10/dist-packages/rcl_interfaces/msg/_log_s.c
[0.714s] -- Up-to-date: /root/ros_ws/src/Rescue_Car_ws/install/rcl_interfaces/local/lib/python3.10/dist-packages/rcl_interfaces/msg/_integer_range.py
[0.714s] -- Up-to-date: /root/ros_ws/src/Rescue_Car_ws/install/rcl_interfaces/local/lib/python3.10/dist-packages/rcl_interfaces/msg/_parameter_value_s.c
[0.714s] -- Up-to-date: /root/ros_ws/src/Rescue_Car_ws/install/rcl_interfaces/local/lib/python3.10/dist-packages/rcl_interfaces/msg/_set_parameters_result.py
[0.714s] -- Up-to-date: /root/ros_ws/src/Rescue_Car_ws/install/rcl_interfaces/local/lib/python3.10/dist-packages/rcl_interfaces/msg/_parameter_s.c
[0.714s] -- Up-to-date: /root/ros_ws/src/Rescue_Car_ws/install/rcl_interfaces/local/lib/python3.10/dist-packages/rcl_interfaces/msg/_list_parameters_result.py
[0.714s] -- Up-to-date: /root/ros_ws/src/Rescue_Car_ws/install/rcl_interfaces/local/lib/python3.10/dist-packages/rcl_interfaces/msg/_parameter_event_descriptors_s.c
[0.714s] -- Up-to-date: /root/ros_ws/src/Rescue_Car_ws/install/rcl_interfaces/local/lib/python3.10/dist-packages/rcl_interfaces/msg/_integer_range_s.c
[0.714s] -- Up-to-date: /root/ros_ws/src/Rescue_Car_ws/install/rcl_interfaces/local/lib/python3.10/dist-packages/rcl_interfaces/msg/_list_parameters_result_s.c
[0.714s] -- Up-to-date: /root/ros_ws/src/Rescue_Car_ws/install/rcl_interfaces/local/lib/python3.10/dist-packages/rcl_interfaces/msg/_parameter_event.py
[0.714s] -- Up-to-date: /root/ros_ws/src/Rescue_Car_ws/install/rcl_interfaces/local/lib/python3.10/dist-packages/rcl_interfaces/msg/_set_parameters_result_s.c
[0.714s] -- Up-to-date: /root/ros_ws/src/Rescue_Car_ws/install/rcl_interfaces/local/lib/python3.10/dist-packages/rcl_interfaces/msg/_floating_point_range_s.c
[0.715s] -- Up-to-date: /root/ros_ws/src/Rescue_Car_ws/install/rcl_interfaces/local/lib/python3.10/dist-packages/rcl_interfaces/msg/_parameter.py
[0.715s] -- Up-to-date: /root/ros_ws/src/Rescue_Car_ws/install/rcl_interfaces/local/lib/python3.10/dist-packages/rcl_interfaces/msg/__init__.py
[0.715s] -- Up-to-date: /root/ros_ws/src/Rescue_Car_ws/install/rcl_interfaces/local/lib/python3.10/dist-packages/rcl_interfaces/msg/_parameter_descriptor.py
[0.715s] -- Up-to-date: /root/ros_ws/src/Rescue_Car_ws/install/rcl_interfaces/local/lib/python3.10/dist-packages/rcl_interfaces/msg/_parameter_event_descriptors.py
[0.715s] -- Up-to-date: /root/ros_ws/src/Rescue_Car_ws/install/rcl_interfaces/local/lib/python3.10/dist-packages/rcl_interfaces/rcl_interfaces_s__rosidl_typesupport_fastrtps_c.cpython-310-x86_64-linux-gnu.so
[0.715s] -- Up-to-date: /root/ros_ws/src/Rescue_Car_ws/install/rcl_interfaces/local/lib/python3.10/dist-packages/rcl_interfaces/_rcl_interfaces_s.ep.rosidl_typesupport_introspection_c.c
[0.738s] Listing '/root/ros_ws/src/Rescue_Car_ws/install/rcl_interfaces/local/lib/python3.10/dist-packages/rcl_interfaces'...
[0.738s] Listing '/root/ros_ws/src/Rescue_Car_ws/install/rcl_interfaces/local/lib/python3.10/dist-packages/rcl_interfaces/msg'...
[0.738s] Listing '/root/ros_ws/src/Rescue_Car_ws/install/rcl_interfaces/local/lib/python3.10/dist-packages/rcl_interfaces/srv'...
[0.745s] -- Up-to-date: /root/ros_ws/src/Rescue_Car_ws/install/rcl_interfaces/local/lib/python3.10/dist-packages/rcl_interfaces/rcl_interfaces_s__rosidl_typesupport_fastrtps_c.cpython-310-x86_64-linux-gnu.so
[0.748s] -- Up-to-date: /root/ros_ws/src/Rescue_Car_ws/install/rcl_interfaces/local/lib/python3.10/dist-packages/rcl_interfaces/rcl_interfaces_s__rosidl_typesupport_introspection_c.cpython-310-x86_64-linux-gnu.so
[0.748s] -- Up-to-date: /root/ros_ws/src/Rescue_Car_ws/install/rcl_interfaces/local/lib/python3.10/dist-packages/rcl_interfaces/rcl_interfaces_s__rosidl_typesupport_c.cpython-310-x86_64-linux-gnu.so
[0.748s] -- Up-to-date: /root/ros_ws/src/Rescue_Car_ws/install/rcl_interfaces/lib/librcl_interfaces__rosidl_generator_py.so
[0.748s] -- Up-to-date: /root/ros_ws/src/Rescue_Car_ws/install/rcl_interfaces/share/rcl_interfaces/msg/FloatingPointRange.idl
[0.748s] -- Up-to-date: /root/ros_ws/src/Rescue_Car_ws/install/rcl_interfaces/share/rcl_interfaces/msg/IntegerRange.idl
[0.748s] -- Up-to-date: /root/ros_ws/src/Rescue_Car_ws/install/rcl_interfaces/share/rcl_interfaces/msg/ListParametersResult.idl
[0.748s] -- Up-to-date: /root/ros_ws/src/Rescue_Car_ws/install/rcl_interfaces/share/rcl_interfaces/msg/Log.idl
[0.748s] -- Up-to-date: /root/ros_ws/src/Rescue_Car_ws/install/rcl_interfaces/share/rcl_interfaces/msg/ParameterDescriptor.idl
[0.748s] -- Up-to-date: /root/ros_ws/src/Rescue_Car_ws/install/rcl_interfaces/share/rcl_interfaces/msg/ParameterEventDescriptors.idl
[0.749s] -- Up-to-date: /root/ros_ws/src/Rescue_Car_ws/install/rcl_interfaces/share/rcl_interfaces/msg/ParameterEvent.idl
[0.749s] -- Up-to-date: /root/ros_ws/src/Rescue_Car_ws/install/rcl_interfaces/share/rcl_interfaces/msg/Parameter.idl
[0.749s] -- Up-to-date: /root/ros_ws/src/Rescue_Car_ws/install/rcl_interfaces/share/rcl_interfaces/msg/ParameterType.idl
[0.749s] -- Up-to-date: /root/ros_ws/src/Rescue_Car_ws/install/rcl_interfaces/share/rcl_interfaces/msg/ParameterValue.idl
[0.749s] -- Up-to-date: /root/ros_ws/src/Rescue_Car_ws/install/rcl_interfaces/share/rcl_interfaces/msg/SetParametersResult.idl
[0.750s] -- Up-to-date: /root/ros_ws/src/Rescue_Car_ws/install/rcl_interfaces/share/rcl_interfaces/srv/DescribeParameters.idl
[0.750s] -- Up-to-date: /root/ros_ws/src/Rescue_Car_ws/install/rcl_interfaces/share/rcl_interfaces/srv/GetParameters.idl
[0.750s] -- Up-to-date: /root/ros_ws/src/Rescue_Car_ws/install/rcl_interfaces/share/rcl_interfaces/srv/GetParameterTypes.idl
[0.750s] -- Up-to-date: /root/ros_ws/src/Rescue_Car_ws/install/rcl_interfaces/share/rcl_interfaces/srv/ListParameters.idl
[0.751s] -- Up-to-date: /root/ros_ws/src/Rescue_Car_ws/install/rcl_interfaces/share/rcl_interfaces/srv/SetParametersAtomically.idl
[0.751s] -- Up-to-date: /root/ros_ws/src/Rescue_Car_ws/install/rcl_interfaces/share/rcl_interfaces/srv/SetParameters.idl
[0.751s] -- Up-to-date: /root/ros_ws/src/Rescue_Car_ws/install/rcl_interfaces/share/rcl_interfaces/msg/FloatingPointRange.msg
[0.751s] -- Up-to-date: /root/ros_ws/src/Rescue_Car_ws/install/rcl_interfaces/share/rcl_interfaces/msg/IntegerRange.msg
[0.751s] -- Up-to-date: /root/ros_ws/src/Rescue_Car_ws/install/rcl_interfaces/share/rcl_interfaces/msg/ListParametersResult.msg
[0.751s] -- Up-to-date: /root/ros_ws/src/Rescue_Car_ws/install/rcl_interfaces/share/rcl_interfaces/msg/Log.msg
[0.751s] -- Up-to-date: /root/ros_ws/src/Rescue_Car_ws/install/rcl_interfaces/share/rcl_interfaces/msg/ParameterDescriptor.msg
[0.751s] -- Up-to-date: /root/ros_ws/src/Rescue_Car_ws/install/rcl_interfaces/share/rcl_interfaces/msg/ParameterEventDescriptors.msg
[0.751s] -- Up-to-date: /root/ros_ws/src/Rescue_Car_ws/install/rcl_interfaces/share/rcl_interfaces/msg/ParameterEvent.msg
[0.751s] -- Up-to-date: /root/ros_ws/src/Rescue_Car_ws/install/rcl_interfaces/share/rcl_interfaces/msg/Parameter.msg
[0.751s] -- Up-to-date: /root/ros_ws/src/Rescue_Car_ws/install/rcl_interfaces/share/rcl_interfaces/msg/ParameterType.msg
[0.752s] -- Up-to-date: /root/ros_ws/src/Rescue_Car_ws/install/rcl_interfaces/share/rcl_interfaces/msg/ParameterValue.msg
[0.752s] -- Up-to-date: /root/ros_ws/src/Rescue_Car_ws/install/rcl_interfaces/share/rcl_interfaces/msg/SetParametersResult.msg
[0.752s] -- Up-to-date: /root/ros_ws/src/Rescue_Car_ws/install/rcl_interfaces/share/rcl_interfaces/srv/DescribeParameters.srv
[0.752s] -- Up-to-date: /root/ros_ws/src/Rescue_Car_ws/install/rcl_interfaces/share/rcl_interfaces/srv/DescribeParameters_Request.msg
[0.752s] -- Up-to-date: /root/ros_ws/src/Rescue_Car_ws/install/rcl_interfaces/share/rcl_interfaces/srv/DescribeParameters_Response.msg
[0.752s] -- Up-to-date: /root/ros_ws/src/Rescue_Car_ws/install/rcl_interfaces/share/rcl_interfaces/srv/GetParameters.srv
[0.752s] -- Up-to-date: /root/ros_ws/src/Rescue_Car_ws/install/rcl_interfaces/share/rcl_interfaces/srv/GetParameters_Request.msg
[0.752s] -- Up-to-date: /root/ros_ws/src/Rescue_Car_ws/install/rcl_interfaces/share/rcl_interfaces/srv/GetParameters_Response.msg
[0.752s] -- Up-to-date: /root/ros_ws/src/Rescue_Car_ws/install/rcl_interfaces/share/rcl_interfaces/srv/GetParameterTypes.srv
[0.753s] -- Up-to-date: /root/ros_ws/src/Rescue_Car_ws/install/rcl_interfaces/share/rcl_interfaces/srv/GetParameterTypes_Request.msg
[0.753s] -- Up-to-date: /root/ros_ws/src/Rescue_Car_ws/install/rcl_interfaces/share/rcl_interfaces/srv/GetParameterTypes_Response.msg
[0.753s] -- Up-to-date: /root/ros_ws/src/Rescue_Car_ws/install/rcl_interfaces/share/rcl_interfaces/srv/ListParameters.srv
[0.753s] -- Up-to-date: /root/ros_ws/src/Rescue_Car_ws/install/rcl_interfaces/share/rcl_interfaces/srv/ListParameters_Request.msg
[0.753s] -- Up-to-date: /root/ros_ws/src/Rescue_Car_ws/install/rcl_interfaces/share/rcl_interfaces/srv/ListParameters_Response.msg
[0.753s] -- Up-to-date: /root/ros_ws/src/Rescue_Car_ws/install/rcl_interfaces/share/rcl_interfaces/srv/SetParametersAtomically.srv
[0.753s] -- Up-to-date: /root/ros_ws/src/Rescue_Car_ws/install/rcl_interfaces/share/rcl_interfaces/srv/SetParametersAtomically_Request.msg
[0.753s] -- Up-to-date: /root/ros_ws/src/Rescue_Car_ws/install/rcl_interfaces/share/rcl_interfaces/srv/SetParametersAtomically_Response.msg
[0.753s] -- Up-to-date: /root/ros_ws/src/Rescue_Car_ws/install/rcl_interfaces/share/rcl_interfaces/srv/SetParameters.srv
[0.754s] -- Up-to-date: /root/ros_ws/src/Rescue_Car_ws/install/rcl_interfaces/share/rcl_interfaces/srv/SetParameters_Request.msg
[0.754s] -- Up-to-date: /root/ros_ws/src/Rescue_Car_ws/install/rcl_interfaces/share/rcl_interfaces/srv/SetParameters_Response.msg
[0.754s] -- Up-to-date: /root/ros_ws/src/Rescue_Car_ws/install/rcl_interfaces/share/rcl_interfaces/mapping_rules.yaml
[0.754s] -- Up-to-date: /root/ros_ws/src/Rescue_Car_ws/install/rcl_interfaces/share/ament_index/resource_index/package_run_dependencies/rcl_interfaces
[0.754s] -- Up-to-date: /root/ros_ws/src/Rescue_Car_ws/install/rcl_interfaces/share/ament_index/resource_index/parent_prefix_path/rcl_interfaces
[0.754s] -- Up-to-date: /root/ros_ws/src/Rescue_Car_ws/install/rcl_interfaces/share/rcl_interfaces/environment/ament_prefix_path.sh
[0.754s] -- Up-to-date: /root/ros_ws/src/Rescue_Car_ws/install/rcl_interfaces/share/rcl_interfaces/environment/ament_prefix_path.dsv
[0.754s] -- Up-to-date: /root/ros_ws/src/Rescue_Car_ws/install/rcl_interfaces/share/rcl_interfaces/environment/path.sh
[0.754s] -- Up-to-date: /root/ros_ws/src/Rescue_Car_ws/install/rcl_interfaces/share/rcl_interfaces/environment/path.dsv
[0.754s] -- Up-to-date: /root/ros_ws/src/Rescue_Car_ws/install/rcl_interfaces/share/rcl_interfaces/local_setup.bash
[0.754s] -- Up-to-date: /root/ros_ws/src/Rescue_Car_ws/install/rcl_interfaces/share/rcl_interfaces/local_setup.sh
[0.755s] -- Up-to-date: /root/ros_ws/src/Rescue_Car_ws/install/rcl_interfaces/share/rcl_interfaces/local_setup.zsh
[0.755s] -- Up-to-date: /root/ros_ws/src/Rescue_Car_ws/install/rcl_interfaces/share/rcl_interfaces/local_setup.dsv
[0.755s] -- Installing: /root/ros_ws/src/Rescue_Car_ws/install/rcl_interfaces/share/rcl_interfaces/package.dsv
[0.755s] -- Up-to-date: /root/ros_ws/src/Rescue_Car_ws/install/rcl_interfaces/share/ament_index/resource_index/packages/rcl_interfaces
[0.755s] -- Up-to-date: /root/ros_ws/src/Rescue_Car_ws/install/rcl_interfaces/share/rcl_interfaces/cmake/export_rcl_interfaces__rosidl_generator_cExport.cmake
[0.755s] -- Up-to-date: /root/ros_ws/src/Rescue_Car_ws/install/rcl_interfaces/share/rcl_interfaces/cmake/export_rcl_interfaces__rosidl_generator_cExport-noconfig.cmake
[0.755s] -- Up-to-date: /root/ros_ws/src/Rescue_Car_ws/install/rcl_interfaces/share/rcl_interfaces/cmake/export_rcl_interfaces__rosidl_typesupport_fastrtps_cExport.cmake
[0.755s] -- Up-to-date: /root/ros_ws/src/Rescue_Car_ws/install/rcl_interfaces/share/rcl_interfaces/cmake/export_rcl_interfaces__rosidl_typesupport_fastrtps_cExport-noconfig.cmake
[0.755s] -- Up-to-date: /root/ros_ws/src/Rescue_Car_ws/install/rcl_interfaces/share/rcl_interfaces/cmake/rcl_interfaces__rosidl_typesupport_introspection_cExport.cmake
[0.756s] -- Up-to-date: /root/ros_ws/src/Rescue_Car_ws/install/rcl_interfaces/share/rcl_interfaces/cmake/rcl_interfaces__rosidl_typesupport_introspection_cExport-noconfig.cmake
[0.756s] -- Up-to-date: /root/ros_ws/src/Rescue_Car_ws/install/rcl_interfaces/share/rcl_interfaces/cmake/rcl_interfaces__rosidl_typesupport_cExport.cmake
[0.756s] -- Up-to-date: /root/ros_ws/src/Rescue_Car_ws/install/rcl_interfaces/share/rcl_interfaces/cmake/rcl_interfaces__rosidl_typesupport_cExport-noconfig.cmake
[0.759s] -- Up-to-date: /root/ros_ws/src/Rescue_Car_ws/install/rcl_interfaces/share/rcl_interfaces/cmake/export_rcl_interfaces__rosidl_generator_cppExport.cmake
[0.759s] -- Up-to-date: /root/ros_ws/src/Rescue_Car_ws/install/rcl_interfaces/share/rcl_interfaces/cmake/export_rcl_interfaces__rosidl_typesupport_fastrtps_cppExport.cmake
[0.759s] -- Up-to-date: /root/ros_ws/src/Rescue_Car_ws/install/rcl_interfaces/share/rcl_interfaces/cmake/export_rcl_interfaces__rosidl_typesupport_fastrtps_cppExport-noconfig.cmake
[0.759s] -- Up-to-date: /root/ros_ws/src/Rescue_Car_ws/install/rcl_interfaces/share/rcl_interfaces/cmake/rcl_interfaces__rosidl_typesupport_introspection_cppExport.cmake
[0.759s] -- Up-to-date: /root/ros_ws/src/Rescue_Car_ws/install/rcl_interfaces/share/rcl_interfaces/cmake/rcl_interfaces__rosidl_typesupport_introspection_cppExport-noconfig.cmake
[0.759s] -- Up-to-date: /root/ros_ws/src/Rescue_Car_ws/install/rcl_interfaces/share/rcl_interfaces/cmake/rcl_interfaces__rosidl_typesupport_cppExport.cmake
[0.759s] -- Up-to-date: /root/ros_ws/src/Rescue_Car_ws/install/rcl_interfaces/share/rcl_interfaces/cmake/rcl_interfaces__rosidl_typesupport_cppExport-noconfig.cmake
[0.760s] -- Up-to-date: /root/ros_ws/src/Rescue_Car_ws/install/rcl_interfaces/share/rcl_interfaces/cmake/export_rcl_interfaces__rosidl_generator_pyExport.cmake
[0.760s] -- Up-to-date: /root/ros_ws/src/Rescue_Car_ws/install/rcl_interfaces/share/rcl_interfaces/cmake/export_rcl_interfaces__rosidl_generator_pyExport-noconfig.cmake
[0.761s] -- Up-to-date: /root/ros_ws/src/Rescue_Car_ws/install/rcl_interfaces/share/rcl_interfaces/cmake/rosidl_cmake-extras.cmake
[0.761s] -- Up-to-date: /root/ros_ws/src/Rescue_Car_ws/install/rcl_interfaces/share/rcl_interfaces/cmake/ament_cmake_export_dependencies-extras.cmake
[0.761s] -- Up-to-date: /root/ros_ws/src/Rescue_Car_ws/install/rcl_interfaces/share/rcl_interfaces/cmake/ament_cmake_export_include_directories-extras.cmake
[0.762s] -- Up-to-date: /root/ros_ws/src/Rescue_Car_ws/install/rcl_interfaces/share/rcl_interfaces/cmake/ament_cmake_export_libraries-extras.cmake
[0.762s] -- Up-to-date: /root/ros_ws/src/Rescue_Car_ws/install/rcl_interfaces/share/rcl_interfaces/cmake/ament_cmake_export_targets-extras.cmake
[0.762s] -- Up-to-date: /root/ros_ws/src/Rescue_Car_ws/install/rcl_interfaces/share/rcl_interfaces/cmake/rosidl_cmake_export_typesupport_targets-extras.cmake
[0.762s] -- Up-to-date: /root/ros_ws/src/Rescue_Car_ws/install/rcl_interfaces/share/rcl_interfaces/cmake/rosidl_cmake_export_typesupport_libraries-extras.cmake
[0.762s] -- Up-to-date: /root/ros_ws/src/Rescue_Car_ws/install/rcl_interfaces/share/rcl_interfaces/cmake/rcl_interfacesConfig.cmake
[0.762s] -- Up-to-date: /root/ros_ws/src/Rescue_Car_ws/install/rcl_interfaces/share/rcl_interfaces/cmake/rcl_interfacesConfig-version.cmake
[0.762s] -- Up-to-date: /root/ros_ws/src/Rescue_Car_ws/install/rcl_interfaces/share/rcl_interfaces/package.xml
[0.807s] Invoked command in '/root/ros_ws/src/Rescue_Car_ws/build/rcl_interfaces' returned '0': CMAKE_PREFIX_PATH=/root/ros_ws/src/Rescue_Car_ws/install/builtin_interfaces:/root/ros_ws/src/Rescue_Car_ws/install/micro_ros_demos_rclc:/root/ros_ws/src/Rescue_Car_ws/install/common_interfaces:/root/ros_ws/src/Rescue_Car_ws/install/visualization_msgs:/root/ros_ws/src/Rescue_Car_ws/install/test_msgs:/root/ros_ws/src/Rescue_Car_ws/install/example_interfaces:/root/ros_ws/src/Rescue_Car_ws/install/action_msgs:/root/ros_ws/src/Rescue_Car_ws/install/unique_identifier_msgs:/root/ros_ws/src/Rescue_Car_ws/install/trajectory_msgs:/root/ros_ws/src/Rescue_Car_ws/install/stereo_msgs:/root/ros_ws/src/Rescue_Car_ws/install/std_srvs:/root/ros_ws/src/Rescue_Car_ws/install/shape_msgs:/root/ros_ws/src/Rescue_Car_ws/install/sensor_msgs:/root/ros_ws/src/Rescue_Car_ws/install/nav_msgs:/root/ros_ws/src/Rescue_Car_ws/install/diagnostic_msgs:/root/ros_ws/src/Rescue_Car_ws/install/geometry_msgs:/root/ros_ws/src/Rescue_Car_ws/install/actionlib_msgs:/root/ros_ws/src/Rescue_Car_ws/install/std_msgs:/root/ros_ws/src/Rescue_Car_ws/install/statistics_msgs:/root/ros_ws/src/Rescue_Car_ws/install/rosidl_typesupport_microxrcedds_test_msg:/root/ros_ws/src/Rescue_Car_ws/install/rosidl_typesupport_microxrcedds_cpp_tests:/root/ros_ws/src/Rescue_Car_ws/install/rmw_microxrcedds:/root/ros_ws/src/Rescue_Car_ws/install/rosidl_typesupport_microxrcedds_cpp:/root/ros_ws/src/Rescue_Car_ws/install/rosidl_typesupport_microxrcedds_c_tests:/root/ros_ws/src/Rescue_Car_ws/install/rosidl_typesupport_microxrcedds_c:/root/ros_ws/src/Rescue_Car_ws/install/rosgraph_msgs:/root/ros_ws/src/Rescue_Car_ws/install/rclc_parameter:/root/ros_ws/src/Rescue_Car_ws/install/rclc:/root/ros_ws/src/Rescue_Car_ws/install/composition_interfaces:/root/ros_ws/src/Rescue_Car_ws/install/rcl_interfaces:/root/ros_ws/src/Rescue_Car_ws/install/microxrcedds_client:/root/ros_ws/src/Rescue_Car_ws/install/microcdr:/root/ros_ws/src/Rescue_Car_ws/install/micro_ros_utilities:/root/ros_ws/src/Rescue_Car_ws/install/micro_ros_setup:/root/ros_ws/src/Rescue_Car_ws/install/micro_ros_agent:/root/ros_ws/src/Rescue_Car_ws/install/micro_ros_msgs:/root/ros_ws/src/Rescue_Car_ws/install/lifecycle_msgs:/root/ros_ws/src/Rescue_Car_ws/install/complex_msgs:/root/ros_ws/src/Rescue_Car_ws/install/car:/root/ros_ws/src/Rescue_Car_ws/install/sensor_msgs_py:/opt/ros/humble LD_LIBRARY_PATH=/root/ros_ws/src/Rescue_Car_ws/install/builtin_interfaces/lib:/root/ros_ws/src/Rescue_Car_ws/install/visualization_msgs/lib:/root/ros_ws/src/Rescue_Car_ws/install/test_msgs/lib:/root/ros_ws/src/Rescue_Car_ws/install/example_interfaces/lib:/root/ros_ws/src/Rescue_Car_ws/install/action_msgs/lib:/root/ros_ws/src/Rescue_Car_ws/install/unique_identifier_msgs/lib:/root/ros_ws/src/Rescue_Car_ws/install/trajectory_msgs/lib:/root/ros_ws/src/Rescue_Car_ws/install/stereo_msgs/lib:/root/ros_ws/src/Rescue_Car_ws/install/std_srvs/lib:/root/ros_ws/src/Rescue_Car_ws/install/shape_msgs/lib:/root/ros_ws/src/Rescue_Car_ws/install/sensor_msgs/lib:/root/ros_ws/src/Rescue_Car_ws/install/nav_msgs/lib:/root/ros_ws/src/Rescue_Car_ws/install/diagnostic_msgs/lib:/root/ros_ws/src/Rescue_Car_ws/install/geometry_msgs/lib:/root/ros_ws/src/Rescue_Car_ws/install/actionlib_msgs/lib:/root/ros_ws/src/Rescue_Car_ws/install/std_msgs/lib:/root/ros_ws/src/Rescue_Car_ws/install/statistics_msgs/lib:/root/ros_ws/src/Rescue_Car_ws/install/rosidl_typesupport_microxrcedds_test_msg/lib:/root/ros_ws/src/Rescue_Car_ws/install/rmw_microxrcedds/lib:/root/ros_ws/src/Rescue_Car_ws/install/rosidl_typesupport_microxrcedds_cpp/lib:/root/ros_ws/src/Rescue_Car_ws/install/rosidl_typesupport_microxrcedds_c/lib:/root/ros_ws/src/Rescue_Car_ws/install/rosgraph_msgs/lib:/root/ros_ws/src/Rescue_Car_ws/install/rclc_parameter/lib:/root/ros_ws/src/Rescue_Car_ws/install/rclc/lib:/root/ros_ws/src/Rescue_Car_ws/install/composition_interfaces/lib:/root/ros_ws/src/Rescue_Car_ws/install/rcl_interfaces/lib:/root/ros_ws/src/Rescue_Car_ws/install/micro_ros_utilities/lib:/root/ros_ws/src/Rescue_Car_ws/install/micro_ros_agent/lib:/root/ros_ws/src/Rescue_Car_ws/install/micro_ros_msgs/lib:/root/ros_ws/src/Rescue_Car_ws/install/lifecycle_msgs/lib:/root/ros_ws/src/Rescue_Car_ws/install/complex_msgs/lib:/usr/lib/x86_64-linux-gnu/gazebo-11/plugins:/opt/ros/humble/opt/rviz_ogre_vendor/lib:/opt/ros/humble/lib/x86_64-linux-gnu:/opt/ros/humble/lib /usr/bin/cmake --install /root/ros_ws/src/Rescue_Car_ws/build/rcl_interfaces
