[0.107s] Invoking command in '/root/ros_ws/src/Rescue_Car_ws/build/complex_msgs': CMAKE_PREFIX_PATH=/root/ros_ws/src/Rescue_Car_ws/install/builtin_interfaces:/root/ros_ws/src/Rescue_Car_ws/install/micro_ros_demos_rclc:/root/ros_ws/src/Rescue_Car_ws/install/common_interfaces:/root/ros_ws/src/Rescue_Car_ws/install/visualization_msgs:/root/ros_ws/src/Rescue_Car_ws/install/test_msgs:/root/ros_ws/src/Rescue_Car_ws/install/example_interfaces:/root/ros_ws/src/Rescue_Car_ws/install/action_msgs:/root/ros_ws/src/Rescue_Car_ws/install/unique_identifier_msgs:/root/ros_ws/src/Rescue_Car_ws/install/trajectory_msgs:/root/ros_ws/src/Rescue_Car_ws/install/stereo_msgs:/root/ros_ws/src/Rescue_Car_ws/install/std_srvs:/root/ros_ws/src/Rescue_Car_ws/install/shape_msgs:/root/ros_ws/src/Rescue_Car_ws/install/sensor_msgs:/root/ros_ws/src/Rescue_Car_ws/install/nav_msgs:/root/ros_ws/src/Rescue_Car_ws/install/diagnostic_msgs:/root/ros_ws/src/Rescue_Car_ws/install/geometry_msgs:/root/ros_ws/src/Rescue_Car_ws/install/actionlib_msgs:/root/ros_ws/src/Rescue_Car_ws/install/std_msgs:/root/ros_ws/src/Rescue_Car_ws/install/statistics_msgs:/root/ros_ws/src/Rescue_Car_ws/install/rosidl_typesupport_microxrcedds_test_msg:/root/ros_ws/src/Rescue_Car_ws/install/rosidl_typesupport_microxrcedds_cpp_tests:/root/ros_ws/src/Rescue_Car_ws/install/rmw_microxrcedds:/root/ros_ws/src/Rescue_Car_ws/install/rosidl_typesupport_microxrcedds_cpp:/root/ros_ws/src/Rescue_Car_ws/install/rosidl_typesupport_microxrcedds_c_tests:/root/ros_ws/src/Rescue_Car_ws/install/rosidl_typesupport_microxrcedds_c:/root/ros_ws/src/Rescue_Car_ws/install/rosgraph_msgs:/root/ros_ws/src/Rescue_Car_ws/install/rclc_parameter:/root/ros_ws/src/Rescue_Car_ws/install/rclc:/root/ros_ws/src/Rescue_Car_ws/install/composition_interfaces:/root/ros_ws/src/Rescue_Car_ws/install/rcl_interfaces:/root/ros_ws/src/Rescue_Car_ws/install/microxrcedds_client:/root/ros_ws/src/Rescue_Car_ws/install/microcdr:/root/ros_ws/src/Rescue_Car_ws/install/micro_ros_utilities:/root/ros_ws/src/Rescue_Car_ws/install/micro_ros_setup:/root/ros_ws/src/Rescue_Car_ws/install/micro_ros_agent:/root/ros_ws/src/Rescue_Car_ws/install/micro_ros_msgs:/root/ros_ws/src/Rescue_Car_ws/install/lifecycle_msgs:/root/ros_ws/src/Rescue_Car_ws/install/complex_msgs:/root/ros_ws/src/Rescue_Car_ws/install/car:/root/ros_ws/src/Rescue_Car_ws/install/sensor_msgs_py:/opt/ros/humble LD_LIBRARY_PATH=/root/ros_ws/src/Rescue_Car_ws/install/builtin_interfaces/lib:/root/ros_ws/src/Rescue_Car_ws/install/visualization_msgs/lib:/root/ros_ws/src/Rescue_Car_ws/install/test_msgs/lib:/root/ros_ws/src/Rescue_Car_ws/install/example_interfaces/lib:/root/ros_ws/src/Rescue_Car_ws/install/action_msgs/lib:/root/ros_ws/src/Rescue_Car_ws/install/unique_identifier_msgs/lib:/root/ros_ws/src/Rescue_Car_ws/install/trajectory_msgs/lib:/root/ros_ws/src/Rescue_Car_ws/install/stereo_msgs/lib:/root/ros_ws/src/Rescue_Car_ws/install/std_srvs/lib:/root/ros_ws/src/Rescue_Car_ws/install/shape_msgs/lib:/root/ros_ws/src/Rescue_Car_ws/install/sensor_msgs/lib:/root/ros_ws/src/Rescue_Car_ws/install/nav_msgs/lib:/root/ros_ws/src/Rescue_Car_ws/install/diagnostic_msgs/lib:/root/ros_ws/src/Rescue_Car_ws/install/geometry_msgs/lib:/root/ros_ws/src/Rescue_Car_ws/install/actionlib_msgs/lib:/root/ros_ws/src/Rescue_Car_ws/install/std_msgs/lib:/root/ros_ws/src/Rescue_Car_ws/install/statistics_msgs/lib:/root/ros_ws/src/Rescue_Car_ws/install/rosidl_typesupport_microxrcedds_test_msg/lib:/root/ros_ws/src/Rescue_Car_ws/install/rmw_microxrcedds/lib:/root/ros_ws/src/Rescue_Car_ws/install/rosidl_typesupport_microxrcedds_cpp/lib:/root/ros_ws/src/Rescue_Car_ws/install/rosidl_typesupport_microxrcedds_c/lib:/root/ros_ws/src/Rescue_Car_ws/install/rosgraph_msgs/lib:/root/ros_ws/src/Rescue_Car_ws/install/rclc_parameter/lib:/root/ros_ws/src/Rescue_Car_ws/install/rclc/lib:/root/ros_ws/src/Rescue_Car_ws/install/composition_interfaces/lib:/root/ros_ws/src/Rescue_Car_ws/install/rcl_interfaces/lib:/root/ros_ws/src/Rescue_Car_ws/install/micro_ros_utilities/lib:/root/ros_ws/src/Rescue_Car_ws/install/micro_ros_agent/lib:/root/ros_ws/src/Rescue_Car_ws/install/micro_ros_msgs/lib:/root/ros_ws/src/Rescue_Car_ws/install/lifecycle_msgs/lib:/root/ros_ws/src/Rescue_Car_ws/install/complex_msgs/lib:/usr/lib/x86_64-linux-gnu/gazebo-11/plugins:/opt/ros/humble/opt/rviz_ogre_vendor/lib:/opt/ros/humble/lib/x86_64-linux-gnu:/opt/ros/humble/lib /usr/bin/cmake --build /root/ros_ws/src/Rescue_Car_ws/build/complex_msgs -- -j20 -l20
[0.162s] [  2%] Built target complex_msgs__cpp
[0.163s] [ 12%] Built target complex_msgs__rosidl_generator_c
[0.176s] [ 12%] Built target ament_cmake_python_copy_complex_msgs
[0.231s] [ 23%] Built target complex_msgs__rosidl_typesupport_fastrtps_cpp
[0.249s] [ 46%] Built target complex_msgs__rosidl_typesupport_fastrtps_c
[0.249s] [ 46%] Built target complex_msgs__rosidl_typesupport_introspection_cpp
[0.249s] [ 53%] Built target complex_msgs__rosidl_typesupport_cpp
[0.257s] [ 64%] Built target complex_msgs__rosidl_typesupport_introspection_c
[0.265s] [ 74%] Built target complex_msgs__rosidl_typesupport_c
[0.295s] [ 74%] Built target complex_msgs
[0.322s] [ 76%] Built target complex_msgs__py
[0.350s] [ 84%] Built target complex_msgs__rosidl_generator_py
[0.388s] [ 89%] Built target complex_msgs__rosidl_typesupport_fastrtps_c__pyext
[0.391s] [ 94%] Built target complex_msgs__rosidl_typesupport_c__pyext
[0.391s] [100%] Built target complex_msgs__rosidl_typesupport_introspection_c__pyext
[0.503s] running egg_info
[0.504s] writing complex_msgs.egg-info/PKG-INFO
[0.504s] writing dependency_links to complex_msgs.egg-info/dependency_links.txt
[0.504s] writing top-level names to complex_msgs.egg-info/top_level.txt
[0.507s] reading manifest file 'complex_msgs.egg-info/SOURCES.txt'
[0.508s] writing manifest file 'complex_msgs.egg-info/SOURCES.txt'
[0.540s] [100%] Built target ament_cmake_python_build_complex_msgs_egg
[0.555s] Invoked command in '/root/ros_ws/src/Rescue_Car_ws/build/complex_msgs' returned '0': CMAKE_PREFIX_PATH=/root/ros_ws/src/Rescue_Car_ws/install/builtin_interfaces:/root/ros_ws/src/Rescue_Car_ws/install/micro_ros_demos_rclc:/root/ros_ws/src/Rescue_Car_ws/install/common_interfaces:/root/ros_ws/src/Rescue_Car_ws/install/visualization_msgs:/root/ros_ws/src/Rescue_Car_ws/install/test_msgs:/root/ros_ws/src/Rescue_Car_ws/install/example_interfaces:/root/ros_ws/src/Rescue_Car_ws/install/action_msgs:/root/ros_ws/src/Rescue_Car_ws/install/unique_identifier_msgs:/root/ros_ws/src/Rescue_Car_ws/install/trajectory_msgs:/root/ros_ws/src/Rescue_Car_ws/install/stereo_msgs:/root/ros_ws/src/Rescue_Car_ws/install/std_srvs:/root/ros_ws/src/Rescue_Car_ws/install/shape_msgs:/root/ros_ws/src/Rescue_Car_ws/install/sensor_msgs:/root/ros_ws/src/Rescue_Car_ws/install/nav_msgs:/root/ros_ws/src/Rescue_Car_ws/install/diagnostic_msgs:/root/ros_ws/src/Rescue_Car_ws/install/geometry_msgs:/root/ros_ws/src/Rescue_Car_ws/install/actionlib_msgs:/root/ros_ws/src/Rescue_Car_ws/install/std_msgs:/root/ros_ws/src/Rescue_Car_ws/install/statistics_msgs:/root/ros_ws/src/Rescue_Car_ws/install/rosidl_typesupport_microxrcedds_test_msg:/root/ros_ws/src/Rescue_Car_ws/install/rosidl_typesupport_microxrcedds_cpp_tests:/root/ros_ws/src/Rescue_Car_ws/install/rmw_microxrcedds:/root/ros_ws/src/Rescue_Car_ws/install/rosidl_typesupport_microxrcedds_cpp:/root/ros_ws/src/Rescue_Car_ws/install/rosidl_typesupport_microxrcedds_c_tests:/root/ros_ws/src/Rescue_Car_ws/install/rosidl_typesupport_microxrcedds_c:/root/ros_ws/src/Rescue_Car_ws/install/rosgraph_msgs:/root/ros_ws/src/Rescue_Car_ws/install/rclc_parameter:/root/ros_ws/src/Rescue_Car_ws/install/rclc:/root/ros_ws/src/Rescue_Car_ws/install/composition_interfaces:/root/ros_ws/src/Rescue_Car_ws/install/rcl_interfaces:/root/ros_ws/src/Rescue_Car_ws/install/microxrcedds_client:/root/ros_ws/src/Rescue_Car_ws/install/microcdr:/root/ros_ws/src/Rescue_Car_ws/install/micro_ros_utilities:/root/ros_ws/src/Rescue_Car_ws/install/micro_ros_setup:/root/ros_ws/src/Rescue_Car_ws/install/micro_ros_agent:/root/ros_ws/src/Rescue_Car_ws/install/micro_ros_msgs:/root/ros_ws/src/Rescue_Car_ws/install/lifecycle_msgs:/root/ros_ws/src/Rescue_Car_ws/install/complex_msgs:/root/ros_ws/src/Rescue_Car_ws/install/car:/root/ros_ws/src/Rescue_Car_ws/install/sensor_msgs_py:/opt/ros/humble LD_LIBRARY_PATH=/root/ros_ws/src/Rescue_Car_ws/install/builtin_interfaces/lib:/root/ros_ws/src/Rescue_Car_ws/install/visualization_msgs/lib:/root/ros_ws/src/Rescue_Car_ws/install/test_msgs/lib:/root/ros_ws/src/Rescue_Car_ws/install/example_interfaces/lib:/root/ros_ws/src/Rescue_Car_ws/install/action_msgs/lib:/root/ros_ws/src/Rescue_Car_ws/install/unique_identifier_msgs/lib:/root/ros_ws/src/Rescue_Car_ws/install/trajectory_msgs/lib:/root/ros_ws/src/Rescue_Car_ws/install/stereo_msgs/lib:/root/ros_ws/src/Rescue_Car_ws/install/std_srvs/lib:/root/ros_ws/src/Rescue_Car_ws/install/shape_msgs/lib:/root/ros_ws/src/Rescue_Car_ws/install/sensor_msgs/lib:/root/ros_ws/src/Rescue_Car_ws/install/nav_msgs/lib:/root/ros_ws/src/Rescue_Car_ws/install/diagnostic_msgs/lib:/root/ros_ws/src/Rescue_Car_ws/install/geometry_msgs/lib:/root/ros_ws/src/Rescue_Car_ws/install/actionlib_msgs/lib:/root/ros_ws/src/Rescue_Car_ws/install/std_msgs/lib:/root/ros_ws/src/Rescue_Car_ws/install/statistics_msgs/lib:/root/ros_ws/src/Rescue_Car_ws/install/rosidl_typesupport_microxrcedds_test_msg/lib:/root/ros_ws/src/Rescue_Car_ws/install/rmw_microxrcedds/lib:/root/ros_ws/src/Rescue_Car_ws/install/rosidl_typesupport_microxrcedds_cpp/lib:/root/ros_ws/src/Rescue_Car_ws/install/rosidl_typesupport_microxrcedds_c/lib:/root/ros_ws/src/Rescue_Car_ws/install/rosgraph_msgs/lib:/root/ros_ws/src/Rescue_Car_ws/install/rclc_parameter/lib:/root/ros_ws/src/Rescue_Car_ws/install/rclc/lib:/root/ros_ws/src/Rescue_Car_ws/install/composition_interfaces/lib:/root/ros_ws/src/Rescue_Car_ws/install/rcl_interfaces/lib:/root/ros_ws/src/Rescue_Car_ws/install/micro_ros_utilities/lib:/root/ros_ws/src/Rescue_Car_ws/install/micro_ros_agent/lib:/root/ros_ws/src/Rescue_Car_ws/install/micro_ros_msgs/lib:/root/ros_ws/src/Rescue_Car_ws/install/lifecycle_msgs/lib:/root/ros_ws/src/Rescue_Car_ws/install/complex_msgs/lib:/usr/lib/x86_64-linux-gnu/gazebo-11/plugins:/opt/ros/humble/opt/rviz_ogre_vendor/lib:/opt/ros/humble/lib/x86_64-linux-gnu:/opt/ros/humble/lib /usr/bin/cmake --build /root/ros_ws/src/Rescue_Car_ws/build/complex_msgs -- -j20 -l20
[0.555s] Invoking command in '/root/ros_ws/src/Rescue_Car_ws/build/complex_msgs': CMAKE_PREFIX_PATH=/root/ros_ws/src/Rescue_Car_ws/install/builtin_interfaces:/root/ros_ws/src/Rescue_Car_ws/install/micro_ros_demos_rclc:/root/ros_ws/src/Rescue_Car_ws/install/common_interfaces:/root/ros_ws/src/Rescue_Car_ws/install/visualization_msgs:/root/ros_ws/src/Rescue_Car_ws/install/test_msgs:/root/ros_ws/src/Rescue_Car_ws/install/example_interfaces:/root/ros_ws/src/Rescue_Car_ws/install/action_msgs:/root/ros_ws/src/Rescue_Car_ws/install/unique_identifier_msgs:/root/ros_ws/src/Rescue_Car_ws/install/trajectory_msgs:/root/ros_ws/src/Rescue_Car_ws/install/stereo_msgs:/root/ros_ws/src/Rescue_Car_ws/install/std_srvs:/root/ros_ws/src/Rescue_Car_ws/install/shape_msgs:/root/ros_ws/src/Rescue_Car_ws/install/sensor_msgs:/root/ros_ws/src/Rescue_Car_ws/install/nav_msgs:/root/ros_ws/src/Rescue_Car_ws/install/diagnostic_msgs:/root/ros_ws/src/Rescue_Car_ws/install/geometry_msgs:/root/ros_ws/src/Rescue_Car_ws/install/actionlib_msgs:/root/ros_ws/src/Rescue_Car_ws/install/std_msgs:/root/ros_ws/src/Rescue_Car_ws/install/statistics_msgs:/root/ros_ws/src/Rescue_Car_ws/install/rosidl_typesupport_microxrcedds_test_msg:/root/ros_ws/src/Rescue_Car_ws/install/rosidl_typesupport_microxrcedds_cpp_tests:/root/ros_ws/src/Rescue_Car_ws/install/rmw_microxrcedds:/root/ros_ws/src/Rescue_Car_ws/install/rosidl_typesupport_microxrcedds_cpp:/root/ros_ws/src/Rescue_Car_ws/install/rosidl_typesupport_microxrcedds_c_tests:/root/ros_ws/src/Rescue_Car_ws/install/rosidl_typesupport_microxrcedds_c:/root/ros_ws/src/Rescue_Car_ws/install/rosgraph_msgs:/root/ros_ws/src/Rescue_Car_ws/install/rclc_parameter:/root/ros_ws/src/Rescue_Car_ws/install/rclc:/root/ros_ws/src/Rescue_Car_ws/install/composition_interfaces:/root/ros_ws/src/Rescue_Car_ws/install/rcl_interfaces:/root/ros_ws/src/Rescue_Car_ws/install/microxrcedds_client:/root/ros_ws/src/Rescue_Car_ws/install/microcdr:/root/ros_ws/src/Rescue_Car_ws/install/micro_ros_utilities:/root/ros_ws/src/Rescue_Car_ws/install/micro_ros_setup:/root/ros_ws/src/Rescue_Car_ws/install/micro_ros_agent:/root/ros_ws/src/Rescue_Car_ws/install/micro_ros_msgs:/root/ros_ws/src/Rescue_Car_ws/install/lifecycle_msgs:/root/ros_ws/src/Rescue_Car_ws/install/complex_msgs:/root/ros_ws/src/Rescue_Car_ws/install/car:/root/ros_ws/src/Rescue_Car_ws/install/sensor_msgs_py:/opt/ros/humble LD_LIBRARY_PATH=/root/ros_ws/src/Rescue_Car_ws/install/builtin_interfaces/lib:/root/ros_ws/src/Rescue_Car_ws/install/visualization_msgs/lib:/root/ros_ws/src/Rescue_Car_ws/install/test_msgs/lib:/root/ros_ws/src/Rescue_Car_ws/install/example_interfaces/lib:/root/ros_ws/src/Rescue_Car_ws/install/action_msgs/lib:/root/ros_ws/src/Rescue_Car_ws/install/unique_identifier_msgs/lib:/root/ros_ws/src/Rescue_Car_ws/install/trajectory_msgs/lib:/root/ros_ws/src/Rescue_Car_ws/install/stereo_msgs/lib:/root/ros_ws/src/Rescue_Car_ws/install/std_srvs/lib:/root/ros_ws/src/Rescue_Car_ws/install/shape_msgs/lib:/root/ros_ws/src/Rescue_Car_ws/install/sensor_msgs/lib:/root/ros_ws/src/Rescue_Car_ws/install/nav_msgs/lib:/root/ros_ws/src/Rescue_Car_ws/install/diagnostic_msgs/lib:/root/ros_ws/src/Rescue_Car_ws/install/geometry_msgs/lib:/root/ros_ws/src/Rescue_Car_ws/install/actionlib_msgs/lib:/root/ros_ws/src/Rescue_Car_ws/install/std_msgs/lib:/root/ros_ws/src/Rescue_Car_ws/install/statistics_msgs/lib:/root/ros_ws/src/Rescue_Car_ws/install/rosidl_typesupport_microxrcedds_test_msg/lib:/root/ros_ws/src/Rescue_Car_ws/install/rmw_microxrcedds/lib:/root/ros_ws/src/Rescue_Car_ws/install/rosidl_typesupport_microxrcedds_cpp/lib:/root/ros_ws/src/Rescue_Car_ws/install/rosidl_typesupport_microxrcedds_c/lib:/root/ros_ws/src/Rescue_Car_ws/install/rosgraph_msgs/lib:/root/ros_ws/src/Rescue_Car_ws/install/rclc_parameter/lib:/root/ros_ws/src/Rescue_Car_ws/install/rclc/lib:/root/ros_ws/src/Rescue_Car_ws/install/composition_interfaces/lib:/root/ros_ws/src/Rescue_Car_ws/install/rcl_interfaces/lib:/root/ros_ws/src/Rescue_Car_ws/install/micro_ros_utilities/lib:/root/ros_ws/src/Rescue_Car_ws/install/micro_ros_agent/lib:/root/ros_ws/src/Rescue_Car_ws/install/micro_ros_msgs/lib:/root/ros_ws/src/Rescue_Car_ws/install/lifecycle_msgs/lib:/root/ros_ws/src/Rescue_Car_ws/install/complex_msgs/lib:/usr/lib/x86_64-linux-gnu/gazebo-11/plugins:/opt/ros/humble/opt/rviz_ogre_vendor/lib:/opt/ros/humble/lib/x86_64-linux-gnu:/opt/ros/humble/lib /usr/bin/cmake --install /root/ros_ws/src/Rescue_Car_ws/build/complex_msgs
[0.565s] -- Install configuration: ""
[0.565s] -- Up-to-date: /root/ros_ws/src/Rescue_Car_ws/install/complex_msgs/share/ament_index/resource_index/rosidl_interfaces/complex_msgs
[0.566s] -- Up-to-date: /root/ros_ws/src/Rescue_Car_ws/install/complex_msgs/include/complex_msgs/complex_msgs
[0.566s] -- Up-to-date: /root/ros_ws/src/Rescue_Car_ws/install/complex_msgs/include/complex_msgs/complex_msgs/msg
[0.567s] -- Up-to-date: /root/ros_ws/src/Rescue_Car_ws/install/complex_msgs/include/complex_msgs/complex_msgs/msg/nested_msg_test.h
[0.567s] -- Up-to-date: /root/ros_ws/src/Rescue_Car_ws/install/complex_msgs/include/complex_msgs/complex_msgs/msg/multi_string_test.h
[0.567s] -- Up-to-date: /root/ros_ws/src/Rescue_Car_ws/install/complex_msgs/include/complex_msgs/complex_msgs/msg/detail
[0.567s] -- Up-to-date: /root/ros_ws/src/Rescue_Car_ws/install/complex_msgs/include/complex_msgs/complex_msgs/msg/detail/multi_string_test__struct.h
[0.567s] -- Up-to-date: /root/ros_ws/src/Rescue_Car_ws/install/complex_msgs/include/complex_msgs/complex_msgs/msg/detail/nested_msg_test__functions.h
[0.567s] -- Up-to-date: /root/ros_ws/src/Rescue_Car_ws/install/complex_msgs/include/complex_msgs/complex_msgs/msg/detail/multi_string_test__type_support.h
[0.568s] -- Up-to-date: /root/ros_ws/src/Rescue_Car_ws/install/complex_msgs/include/complex_msgs/complex_msgs/msg/detail/nested_msg_test__functions.c
[0.568s] -- Up-to-date: /root/ros_ws/src/Rescue_Car_ws/install/complex_msgs/include/complex_msgs/complex_msgs/msg/detail/multi_string_test__functions.h
[0.568s] -- Up-to-date: /root/ros_ws/src/Rescue_Car_ws/install/complex_msgs/include/complex_msgs/complex_msgs/msg/detail/multi_string_test__functions.c
[0.568s] -- Up-to-date: /root/ros_ws/src/Rescue_Car_ws/install/complex_msgs/include/complex_msgs/complex_msgs/msg/detail/nested_msg_test__type_support.h
[0.569s] -- Up-to-date: /root/ros_ws/src/Rescue_Car_ws/install/complex_msgs/include/complex_msgs/complex_msgs/msg/detail/nested_msg_test__struct.h
[0.569s] -- Up-to-date: /root/ros_ws/src/Rescue_Car_ws/install/complex_msgs/include/complex_msgs/complex_msgs/msg/rosidl_generator_c__visibility_control.h
[0.569s] -- Up-to-date: /root/ros_ws/src/Rescue_Car_ws/install/complex_msgs/share/complex_msgs/environment/library_path.sh
[0.569s] -- Up-to-date: /root/ros_ws/src/Rescue_Car_ws/install/complex_msgs/share/complex_msgs/environment/library_path.dsv
[0.569s] -- Up-to-date: /root/ros_ws/src/Rescue_Car_ws/install/complex_msgs/lib/libcomplex_msgs__rosidl_generator_c.so
[0.569s] -- Up-to-date: /root/ros_ws/src/Rescue_Car_ws/install/complex_msgs/include/complex_msgs/complex_msgs
[0.569s] -- Up-to-date: /root/ros_ws/src/Rescue_Car_ws/install/complex_msgs/include/complex_msgs/complex_msgs/msg
[0.569s] -- Up-to-date: /root/ros_ws/src/Rescue_Car_ws/install/complex_msgs/include/complex_msgs/complex_msgs/msg/detail
[0.569s] -- Up-to-date: /root/ros_ws/src/Rescue_Car_ws/install/complex_msgs/include/complex_msgs/complex_msgs/msg/detail/nested_msg_test__rosidl_typesupport_fastrtps_c.h
[0.569s] -- Up-to-date: /root/ros_ws/src/Rescue_Car_ws/install/complex_msgs/include/complex_msgs/complex_msgs/msg/detail/multi_string_test__rosidl_typesupport_fastrtps_c.h
[0.570s] -- Up-to-date: /root/ros_ws/src/Rescue_Car_ws/install/complex_msgs/include/complex_msgs/complex_msgs/msg/rosidl_typesupport_fastrtps_c__visibility_control.h
[0.570s] -- Up-to-date: /root/ros_ws/src/Rescue_Car_ws/install/complex_msgs/lib/libcomplex_msgs__rosidl_typesupport_fastrtps_c.so
[0.570s] -- Up-to-date: /root/ros_ws/src/Rescue_Car_ws/install/complex_msgs/include/complex_msgs/complex_msgs
[0.570s] -- Up-to-date: /root/ros_ws/src/Rescue_Car_ws/install/complex_msgs/include/complex_msgs/complex_msgs/msg
[0.570s] -- Up-to-date: /root/ros_ws/src/Rescue_Car_ws/install/complex_msgs/include/complex_msgs/complex_msgs/msg/nested_msg_test.hpp
[0.570s] -- Up-to-date: /root/ros_ws/src/Rescue_Car_ws/install/complex_msgs/include/complex_msgs/complex_msgs/msg/rosidl_generator_cpp__visibility_control.hpp
[0.570s] -- Up-to-date: /root/ros_ws/src/Rescue_Car_ws/install/complex_msgs/include/complex_msgs/complex_msgs/msg/detail
[0.570s] -- Up-to-date: /root/ros_ws/src/Rescue_Car_ws/install/complex_msgs/include/complex_msgs/complex_msgs/msg/detail/nested_msg_test__builder.hpp
[0.570s] -- Up-to-date: /root/ros_ws/src/Rescue_Car_ws/install/complex_msgs/include/complex_msgs/complex_msgs/msg/detail/nested_msg_test__type_support.hpp
[0.570s] -- Up-to-date: /root/ros_ws/src/Rescue_Car_ws/install/complex_msgs/include/complex_msgs/complex_msgs/msg/detail/multi_string_test__struct.hpp
[0.571s] -- Up-to-date: /root/ros_ws/src/Rescue_Car_ws/install/complex_msgs/include/complex_msgs/complex_msgs/msg/detail/nested_msg_test__struct.hpp
[0.571s] -- Up-to-date: /root/ros_ws/src/Rescue_Car_ws/install/complex_msgs/include/complex_msgs/complex_msgs/msg/detail/multi_string_test__traits.hpp
[0.571s] -- Up-to-date: /root/ros_ws/src/Rescue_Car_ws/install/complex_msgs/include/complex_msgs/complex_msgs/msg/detail/multi_string_test__builder.hpp
[0.571s] -- Up-to-date: /root/ros_ws/src/Rescue_Car_ws/install/complex_msgs/include/complex_msgs/complex_msgs/msg/detail/nested_msg_test__traits.hpp
[0.573s] -- Up-to-date: /root/ros_ws/src/Rescue_Car_ws/install/complex_msgs/include/complex_msgs/complex_msgs/msg/detail/multi_string_test__type_support.hpp
[0.573s] -- Up-to-date: /root/ros_ws/src/Rescue_Car_ws/install/complex_msgs/include/complex_msgs/complex_msgs/msg/multi_string_test.hpp
[0.576s] -- Up-to-date: /root/ros_ws/src/Rescue_Car_ws/install/complex_msgs/include/complex_msgs/complex_msgs
[0.576s] -- Up-to-date: /root/ros_ws/src/Rescue_Car_ws/install/complex_msgs/include/complex_msgs/complex_msgs/msg
[0.576s] -- Up-to-date: /root/ros_ws/src/Rescue_Car_ws/install/complex_msgs/include/complex_msgs/complex_msgs/msg/rosidl_typesupport_fastrtps_cpp__visibility_control.h
[0.577s] -- Up-to-date: /root/ros_ws/src/Rescue_Car_ws/install/complex_msgs/include/complex_msgs/complex_msgs/msg/detail
[0.577s] -- Up-to-date: /root/ros_ws/src/Rescue_Car_ws/install/complex_msgs/include/complex_msgs/complex_msgs/msg/detail/dds_fastrtps
[0.577s] -- Up-to-date: /root/ros_ws/src/Rescue_Car_ws/install/complex_msgs/include/complex_msgs/complex_msgs/msg/detail/multi_string_test__rosidl_typesupport_fastrtps_cpp.hpp
[0.578s] -- Up-to-date: /root/ros_ws/src/Rescue_Car_ws/install/complex_msgs/include/complex_msgs/complex_msgs/msg/detail/nested_msg_test__rosidl_typesupport_fastrtps_cpp.hpp
[0.578s] -- Up-to-date: /root/ros_ws/src/Rescue_Car_ws/install/complex_msgs/lib/libcomplex_msgs__rosidl_typesupport_fastrtps_cpp.so
[0.578s] -- Up-to-date: /root/ros_ws/src/Rescue_Car_ws/install/complex_msgs/include/complex_msgs/complex_msgs
[0.579s] -- Up-to-date: /root/ros_ws/src/Rescue_Car_ws/install/complex_msgs/include/complex_msgs/complex_msgs/msg
[0.579s] -- Up-to-date: /root/ros_ws/src/Rescue_Car_ws/install/complex_msgs/include/complex_msgs/complex_msgs/msg/rosidl_typesupport_introspection_c__visibility_control.h
[0.579s] -- Up-to-date: /root/ros_ws/src/Rescue_Car_ws/install/complex_msgs/include/complex_msgs/complex_msgs/msg/detail
[0.579s] -- Up-to-date: /root/ros_ws/src/Rescue_Car_ws/install/complex_msgs/include/complex_msgs/complex_msgs/msg/detail/multi_string_test__rosidl_typesupport_introspection_c.h
[0.580s] -- Up-to-date: /root/ros_ws/src/Rescue_Car_ws/install/complex_msgs/include/complex_msgs/complex_msgs/msg/detail/nested_msg_test__rosidl_typesupport_introspection_c.h
[0.580s] -- Up-to-date: /root/ros_ws/src/Rescue_Car_ws/install/complex_msgs/include/complex_msgs/complex_msgs/msg/detail/multi_string_test__type_support.c
[0.581s] -- Up-to-date: /root/ros_ws/src/Rescue_Car_ws/install/complex_msgs/include/complex_msgs/complex_msgs/msg/detail/nested_msg_test__type_support.c
[0.581s] -- Up-to-date: /root/ros_ws/src/Rescue_Car_ws/install/complex_msgs/lib/libcomplex_msgs__rosidl_typesupport_introspection_c.so
[0.581s] -- Up-to-date: /root/ros_ws/src/Rescue_Car_ws/install/complex_msgs/lib/libcomplex_msgs__rosidl_typesupport_c.so
[0.581s] -- Up-to-date: /root/ros_ws/src/Rescue_Car_ws/install/complex_msgs/include/complex_msgs/complex_msgs
[0.581s] -- Up-to-date: /root/ros_ws/src/Rescue_Car_ws/install/complex_msgs/include/complex_msgs/complex_msgs/msg
[0.582s] -- Up-to-date: /root/ros_ws/src/Rescue_Car_ws/install/complex_msgs/include/complex_msgs/complex_msgs/msg/detail
[0.583s] -- Up-to-date: /root/ros_ws/src/Rescue_Car_ws/install/complex_msgs/include/complex_msgs/complex_msgs/msg/detail/nested_msg_test__type_support.cpp
[0.584s] -- Up-to-date: /root/ros_ws/src/Rescue_Car_ws/install/complex_msgs/include/complex_msgs/complex_msgs/msg/detail/multi_string_test__rosidl_typesupport_introspection_cpp.hpp
[0.584s] -- Up-to-date: /root/ros_ws/src/Rescue_Car_ws/install/complex_msgs/include/complex_msgs/complex_msgs/msg/detail/nested_msg_test__rosidl_typesupport_introspection_cpp.hpp
[0.584s] -- Up-to-date: /root/ros_ws/src/Rescue_Car_ws/install/complex_msgs/include/complex_msgs/complex_msgs/msg/detail/multi_string_test__type_support.cpp
[0.584s] -- Up-to-date: /root/ros_ws/src/Rescue_Car_ws/install/complex_msgs/lib/libcomplex_msgs__rosidl_typesupport_introspection_cpp.so
[0.585s] -- Up-to-date: /root/ros_ws/src/Rescue_Car_ws/install/complex_msgs/lib/libcomplex_msgs__rosidl_typesupport_cpp.so
[0.585s] -- Up-to-date: /root/ros_ws/src/Rescue_Car_ws/install/complex_msgs/share/complex_msgs/environment/pythonpath.sh
[0.585s] -- Up-to-date: /root/ros_ws/src/Rescue_Car_ws/install/complex_msgs/share/complex_msgs/environment/pythonpath.dsv
[0.585s] -- Up-to-date: /root/ros_ws/src/Rescue_Car_ws/install/complex_msgs/local/lib/python3.10/dist-packages/complex_msgs-3.0.2-py3.10.egg-info
[0.588s] -- Installing: /root/ros_ws/src/Rescue_Car_ws/install/complex_msgs/local/lib/python3.10/dist-packages/complex_msgs-3.0.2-py3.10.egg-info/dependency_links.txt
[0.588s] -- Installing: /root/ros_ws/src/Rescue_Car_ws/install/complex_msgs/local/lib/python3.10/dist-packages/complex_msgs-3.0.2-py3.10.egg-info/SOURCES.txt
[0.588s] -- Installing: /root/ros_ws/src/Rescue_Car_ws/install/complex_msgs/local/lib/python3.10/dist-packages/complex_msgs-3.0.2-py3.10.egg-info/PKG-INFO
[0.588s] -- Installing: /root/ros_ws/src/Rescue_Car_ws/install/complex_msgs/local/lib/python3.10/dist-packages/complex_msgs-3.0.2-py3.10.egg-info/top_level.txt
[0.590s] -- Up-to-date: /root/ros_ws/src/Rescue_Car_ws/install/complex_msgs/local/lib/python3.10/dist-packages/complex_msgs
[0.590s] -- Up-to-date: /root/ros_ws/src/Rescue_Car_ws/install/complex_msgs/local/lib/python3.10/dist-packages/complex_msgs/libcomplex_msgs__rosidl_generator_py.so
[0.590s] -- Up-to-date: /root/ros_ws/src/Rescue_Car_ws/install/complex_msgs/local/lib/python3.10/dist-packages/complex_msgs/_complex_msgs_s.ep.rosidl_typesupport_c.c
[0.590s] -- Up-to-date: /root/ros_ws/src/Rescue_Car_ws/install/complex_msgs/local/lib/python3.10/dist-packages/complex_msgs/complex_msgs_s__rosidl_typesupport_c.cpython-310-x86_64-linux-gnu.so
[0.590s] -- Up-to-date: /root/ros_ws/src/Rescue_Car_ws/install/complex_msgs/local/lib/python3.10/dist-packages/complex_msgs/complex_msgs_s__rosidl_typesupport_introspection_c.cpython-310-x86_64-linux-gnu.so
[0.591s] -- Up-to-date: /root/ros_ws/src/Rescue_Car_ws/install/complex_msgs/local/lib/python3.10/dist-packages/complex_msgs/_complex_msgs_s.ep.rosidl_typesupport_fastrtps_c.c
[0.591s] -- Up-to-date: /root/ros_ws/src/Rescue_Car_ws/install/complex_msgs/local/lib/python3.10/dist-packages/complex_msgs/complex_msgs_s__rosidl_typesupport_fastrtps_c.cpython-310-x86_64-linux-gnu.so
[0.591s] -- Up-to-date: /root/ros_ws/src/Rescue_Car_ws/install/complex_msgs/local/lib/python3.10/dist-packages/complex_msgs/_complex_msgs_s.ep.rosidl_typesupport_introspection_c.c
[0.592s] -- Up-to-date: /root/ros_ws/src/Rescue_Car_ws/install/complex_msgs/local/lib/python3.10/dist-packages/complex_msgs/__init__.py
[0.593s] -- Up-to-date: /root/ros_ws/src/Rescue_Car_ws/install/complex_msgs/local/lib/python3.10/dist-packages/complex_msgs/msg
[0.593s] -- Up-to-date: /root/ros_ws/src/Rescue_Car_ws/install/complex_msgs/local/lib/python3.10/dist-packages/complex_msgs/msg/_nested_msg_test.py
[0.594s] -- Up-to-date: /root/ros_ws/src/Rescue_Car_ws/install/complex_msgs/local/lib/python3.10/dist-packages/complex_msgs/msg/_nested_msg_test_s.c
[0.594s] -- Up-to-date: /root/ros_ws/src/Rescue_Car_ws/install/complex_msgs/local/lib/python3.10/dist-packages/complex_msgs/msg/_multi_string_test.py
[0.594s] -- Up-to-date: /root/ros_ws/src/Rescue_Car_ws/install/complex_msgs/local/lib/python3.10/dist-packages/complex_msgs/msg/__init__.py
[0.594s] -- Up-to-date: /root/ros_ws/src/Rescue_Car_ws/install/complex_msgs/local/lib/python3.10/dist-packages/complex_msgs/msg/_multi_string_test_s.c
[0.701s] Listing '/root/ros_ws/src/Rescue_Car_ws/install/complex_msgs/local/lib/python3.10/dist-packages/complex_msgs'...
[0.701s] Listing '/root/ros_ws/src/Rescue_Car_ws/install/complex_msgs/local/lib/python3.10/dist-packages/complex_msgs/msg'...
[0.712s] -- Up-to-date: /root/ros_ws/src/Rescue_Car_ws/install/complex_msgs/local/lib/python3.10/dist-packages/complex_msgs/complex_msgs_s__rosidl_typesupport_fastrtps_c.cpython-310-x86_64-linux-gnu.so
[0.713s] -- Up-to-date: /root/ros_ws/src/Rescue_Car_ws/install/complex_msgs/local/lib/python3.10/dist-packages/complex_msgs/complex_msgs_s__rosidl_typesupport_introspection_c.cpython-310-x86_64-linux-gnu.so
[0.713s] -- Up-to-date: /root/ros_ws/src/Rescue_Car_ws/install/complex_msgs/local/lib/python3.10/dist-packages/complex_msgs/complex_msgs_s__rosidl_typesupport_c.cpython-310-x86_64-linux-gnu.so
[0.713s] -- Up-to-date: /root/ros_ws/src/Rescue_Car_ws/install/complex_msgs/lib/libcomplex_msgs__rosidl_generator_py.so
[0.713s] -- Up-to-date: /root/ros_ws/src/Rescue_Car_ws/install/complex_msgs/share/complex_msgs/msg/MultiStringTest.idl
[0.713s] -- Up-to-date: /root/ros_ws/src/Rescue_Car_ws/install/complex_msgs/share/complex_msgs/msg/NestedMsgTest.idl
[0.714s] -- Up-to-date: /root/ros_ws/src/Rescue_Car_ws/install/complex_msgs/share/complex_msgs/msg/MultiStringTest.msg
[0.714s] -- Up-to-date: /root/ros_ws/src/Rescue_Car_ws/install/complex_msgs/share/complex_msgs/msg/NestedMsgTest.msg
[0.714s] -- Up-to-date: /root/ros_ws/src/Rescue_Car_ws/install/complex_msgs/share/ament_index/resource_index/package_run_dependencies/complex_msgs
[0.714s] -- Up-to-date: /root/ros_ws/src/Rescue_Car_ws/install/complex_msgs/share/ament_index/resource_index/parent_prefix_path/complex_msgs
[0.714s] -- Up-to-date: /root/ros_ws/src/Rescue_Car_ws/install/complex_msgs/share/complex_msgs/environment/ament_prefix_path.sh
[0.714s] -- Up-to-date: /root/ros_ws/src/Rescue_Car_ws/install/complex_msgs/share/complex_msgs/environment/ament_prefix_path.dsv
[0.714s] -- Up-to-date: /root/ros_ws/src/Rescue_Car_ws/install/complex_msgs/share/complex_msgs/environment/path.sh
[0.714s] -- Up-to-date: /root/ros_ws/src/Rescue_Car_ws/install/complex_msgs/share/complex_msgs/environment/path.dsv
[0.714s] -- Up-to-date: /root/ros_ws/src/Rescue_Car_ws/install/complex_msgs/share/complex_msgs/local_setup.bash
[0.714s] -- Up-to-date: /root/ros_ws/src/Rescue_Car_ws/install/complex_msgs/share/complex_msgs/local_setup.sh
[0.714s] -- Up-to-date: /root/ros_ws/src/Rescue_Car_ws/install/complex_msgs/share/complex_msgs/local_setup.zsh
[0.714s] -- Up-to-date: /root/ros_ws/src/Rescue_Car_ws/install/complex_msgs/share/complex_msgs/local_setup.dsv
[0.714s] -- Installing: /root/ros_ws/src/Rescue_Car_ws/install/complex_msgs/share/complex_msgs/package.dsv
[0.715s] -- Up-to-date: /root/ros_ws/src/Rescue_Car_ws/install/complex_msgs/share/ament_index/resource_index/packages/complex_msgs
[0.715s] -- Up-to-date: /root/ros_ws/src/Rescue_Car_ws/install/complex_msgs/share/complex_msgs/cmake/export_complex_msgs__rosidl_generator_cExport.cmake
[0.715s] -- Up-to-date: /root/ros_ws/src/Rescue_Car_ws/install/complex_msgs/share/complex_msgs/cmake/export_complex_msgs__rosidl_generator_cExport-noconfig.cmake
[0.715s] -- Up-to-date: /root/ros_ws/src/Rescue_Car_ws/install/complex_msgs/share/complex_msgs/cmake/export_complex_msgs__rosidl_typesupport_fastrtps_cExport.cmake
[0.715s] -- Up-to-date: /root/ros_ws/src/Rescue_Car_ws/install/complex_msgs/share/complex_msgs/cmake/export_complex_msgs__rosidl_typesupport_fastrtps_cExport-noconfig.cmake
[0.715s] -- Up-to-date: /root/ros_ws/src/Rescue_Car_ws/install/complex_msgs/share/complex_msgs/cmake/export_complex_msgs__rosidl_generator_cppExport.cmake
[0.715s] -- Up-to-date: /root/ros_ws/src/Rescue_Car_ws/install/complex_msgs/share/complex_msgs/cmake/export_complex_msgs__rosidl_typesupport_fastrtps_cppExport.cmake
[0.716s] -- Up-to-date: /root/ros_ws/src/Rescue_Car_ws/install/complex_msgs/share/complex_msgs/cmake/export_complex_msgs__rosidl_typesupport_fastrtps_cppExport-noconfig.cmake
[0.716s] -- Up-to-date: /root/ros_ws/src/Rescue_Car_ws/install/complex_msgs/share/complex_msgs/cmake/complex_msgs__rosidl_typesupport_introspection_cExport.cmake
[0.716s] -- Up-to-date: /root/ros_ws/src/Rescue_Car_ws/install/complex_msgs/share/complex_msgs/cmake/complex_msgs__rosidl_typesupport_introspection_cExport-noconfig.cmake
[0.716s] -- Up-to-date: /root/ros_ws/src/Rescue_Car_ws/install/complex_msgs/share/complex_msgs/cmake/complex_msgs__rosidl_typesupport_cExport.cmake
[0.716s] -- Up-to-date: /root/ros_ws/src/Rescue_Car_ws/install/complex_msgs/share/complex_msgs/cmake/complex_msgs__rosidl_typesupport_cExport-noconfig.cmake
[0.723s] -- Up-to-date: /root/ros_ws/src/Rescue_Car_ws/install/complex_msgs/share/complex_msgs/cmake/complex_msgs__rosidl_typesupport_introspection_cppExport.cmake
[0.723s] -- Up-to-date: /root/ros_ws/src/Rescue_Car_ws/install/complex_msgs/share/complex_msgs/cmake/complex_msgs__rosidl_typesupport_introspection_cppExport-noconfig.cmake
[0.723s] -- Up-to-date: /root/ros_ws/src/Rescue_Car_ws/install/complex_msgs/share/complex_msgs/cmake/complex_msgs__rosidl_typesupport_cppExport.cmake
[0.723s] -- Up-to-date: /root/ros_ws/src/Rescue_Car_ws/install/complex_msgs/share/complex_msgs/cmake/complex_msgs__rosidl_typesupport_cppExport-noconfig.cmake
[0.724s] -- Up-to-date: /root/ros_ws/src/Rescue_Car_ws/install/complex_msgs/share/complex_msgs/cmake/export_complex_msgs__rosidl_generator_pyExport.cmake
[0.724s] -- Up-to-date: /root/ros_ws/src/Rescue_Car_ws/install/complex_msgs/share/complex_msgs/cmake/export_complex_msgs__rosidl_generator_pyExport-noconfig.cmake
[0.724s] -- Up-to-date: /root/ros_ws/src/Rescue_Car_ws/install/complex_msgs/share/complex_msgs/cmake/rosidl_cmake-extras.cmake
[0.724s] -- Up-to-date: /root/ros_ws/src/Rescue_Car_ws/install/complex_msgs/share/complex_msgs/cmake/ament_cmake_export_dependencies-extras.cmake
[0.724s] -- Up-to-date: /root/ros_ws/src/Rescue_Car_ws/install/complex_msgs/share/complex_msgs/cmake/ament_cmake_export_include_directories-extras.cmake
[0.724s] -- Up-to-date: /root/ros_ws/src/Rescue_Car_ws/install/complex_msgs/share/complex_msgs/cmake/ament_cmake_export_libraries-extras.cmake
[0.724s] -- Up-to-date: /root/ros_ws/src/Rescue_Car_ws/install/complex_msgs/share/complex_msgs/cmake/ament_cmake_export_targets-extras.cmake
[0.724s] -- Up-to-date: /root/ros_ws/src/Rescue_Car_ws/install/complex_msgs/share/complex_msgs/cmake/rosidl_cmake_export_typesupport_targets-extras.cmake
[0.724s] -- Up-to-date: /root/ros_ws/src/Rescue_Car_ws/install/complex_msgs/share/complex_msgs/cmake/rosidl_cmake_export_typesupport_libraries-extras.cmake
[0.724s] -- Up-to-date: /root/ros_ws/src/Rescue_Car_ws/install/complex_msgs/share/complex_msgs/cmake/complex_msgsConfig.cmake
[0.724s] -- Up-to-date: /root/ros_ws/src/Rescue_Car_ws/install/complex_msgs/share/complex_msgs/cmake/complex_msgsConfig-version.cmake
[0.724s] -- Up-to-date: /root/ros_ws/src/Rescue_Car_ws/install/complex_msgs/share/complex_msgs/package.xml
[0.732s] Invoked command in '/root/ros_ws/src/Rescue_Car_ws/build/complex_msgs' returned '0': CMAKE_PREFIX_PATH=/root/ros_ws/src/Rescue_Car_ws/install/builtin_interfaces:/root/ros_ws/src/Rescue_Car_ws/install/micro_ros_demos_rclc:/root/ros_ws/src/Rescue_Car_ws/install/common_interfaces:/root/ros_ws/src/Rescue_Car_ws/install/visualization_msgs:/root/ros_ws/src/Rescue_Car_ws/install/test_msgs:/root/ros_ws/src/Rescue_Car_ws/install/example_interfaces:/root/ros_ws/src/Rescue_Car_ws/install/action_msgs:/root/ros_ws/src/Rescue_Car_ws/install/unique_identifier_msgs:/root/ros_ws/src/Rescue_Car_ws/install/trajectory_msgs:/root/ros_ws/src/Rescue_Car_ws/install/stereo_msgs:/root/ros_ws/src/Rescue_Car_ws/install/std_srvs:/root/ros_ws/src/Rescue_Car_ws/install/shape_msgs:/root/ros_ws/src/Rescue_Car_ws/install/sensor_msgs:/root/ros_ws/src/Rescue_Car_ws/install/nav_msgs:/root/ros_ws/src/Rescue_Car_ws/install/diagnostic_msgs:/root/ros_ws/src/Rescue_Car_ws/install/geometry_msgs:/root/ros_ws/src/Rescue_Car_ws/install/actionlib_msgs:/root/ros_ws/src/Rescue_Car_ws/install/std_msgs:/root/ros_ws/src/Rescue_Car_ws/install/statistics_msgs:/root/ros_ws/src/Rescue_Car_ws/install/rosidl_typesupport_microxrcedds_test_msg:/root/ros_ws/src/Rescue_Car_ws/install/rosidl_typesupport_microxrcedds_cpp_tests:/root/ros_ws/src/Rescue_Car_ws/install/rmw_microxrcedds:/root/ros_ws/src/Rescue_Car_ws/install/rosidl_typesupport_microxrcedds_cpp:/root/ros_ws/src/Rescue_Car_ws/install/rosidl_typesupport_microxrcedds_c_tests:/root/ros_ws/src/Rescue_Car_ws/install/rosidl_typesupport_microxrcedds_c:/root/ros_ws/src/Rescue_Car_ws/install/rosgraph_msgs:/root/ros_ws/src/Rescue_Car_ws/install/rclc_parameter:/root/ros_ws/src/Rescue_Car_ws/install/rclc:/root/ros_ws/src/Rescue_Car_ws/install/composition_interfaces:/root/ros_ws/src/Rescue_Car_ws/install/rcl_interfaces:/root/ros_ws/src/Rescue_Car_ws/install/microxrcedds_client:/root/ros_ws/src/Rescue_Car_ws/install/microcdr:/root/ros_ws/src/Rescue_Car_ws/install/micro_ros_utilities:/root/ros_ws/src/Rescue_Car_ws/install/micro_ros_setup:/root/ros_ws/src/Rescue_Car_ws/install/micro_ros_agent:/root/ros_ws/src/Rescue_Car_ws/install/micro_ros_msgs:/root/ros_ws/src/Rescue_Car_ws/install/lifecycle_msgs:/root/ros_ws/src/Rescue_Car_ws/install/complex_msgs:/root/ros_ws/src/Rescue_Car_ws/install/car:/root/ros_ws/src/Rescue_Car_ws/install/sensor_msgs_py:/opt/ros/humble LD_LIBRARY_PATH=/root/ros_ws/src/Rescue_Car_ws/install/builtin_interfaces/lib:/root/ros_ws/src/Rescue_Car_ws/install/visualization_msgs/lib:/root/ros_ws/src/Rescue_Car_ws/install/test_msgs/lib:/root/ros_ws/src/Rescue_Car_ws/install/example_interfaces/lib:/root/ros_ws/src/Rescue_Car_ws/install/action_msgs/lib:/root/ros_ws/src/Rescue_Car_ws/install/unique_identifier_msgs/lib:/root/ros_ws/src/Rescue_Car_ws/install/trajectory_msgs/lib:/root/ros_ws/src/Rescue_Car_ws/install/stereo_msgs/lib:/root/ros_ws/src/Rescue_Car_ws/install/std_srvs/lib:/root/ros_ws/src/Rescue_Car_ws/install/shape_msgs/lib:/root/ros_ws/src/Rescue_Car_ws/install/sensor_msgs/lib:/root/ros_ws/src/Rescue_Car_ws/install/nav_msgs/lib:/root/ros_ws/src/Rescue_Car_ws/install/diagnostic_msgs/lib:/root/ros_ws/src/Rescue_Car_ws/install/geometry_msgs/lib:/root/ros_ws/src/Rescue_Car_ws/install/actionlib_msgs/lib:/root/ros_ws/src/Rescue_Car_ws/install/std_msgs/lib:/root/ros_ws/src/Rescue_Car_ws/install/statistics_msgs/lib:/root/ros_ws/src/Rescue_Car_ws/install/rosidl_typesupport_microxrcedds_test_msg/lib:/root/ros_ws/src/Rescue_Car_ws/install/rmw_microxrcedds/lib:/root/ros_ws/src/Rescue_Car_ws/install/rosidl_typesupport_microxrcedds_cpp/lib:/root/ros_ws/src/Rescue_Car_ws/install/rosidl_typesupport_microxrcedds_c/lib:/root/ros_ws/src/Rescue_Car_ws/install/rosgraph_msgs/lib:/root/ros_ws/src/Rescue_Car_ws/install/rclc_parameter/lib:/root/ros_ws/src/Rescue_Car_ws/install/rclc/lib:/root/ros_ws/src/Rescue_Car_ws/install/composition_interfaces/lib:/root/ros_ws/src/Rescue_Car_ws/install/rcl_interfaces/lib:/root/ros_ws/src/Rescue_Car_ws/install/micro_ros_utilities/lib:/root/ros_ws/src/Rescue_Car_ws/install/micro_ros_agent/lib:/root/ros_ws/src/Rescue_Car_ws/install/micro_ros_msgs/lib:/root/ros_ws/src/Rescue_Car_ws/install/lifecycle_msgs/lib:/root/ros_ws/src/Rescue_Car_ws/install/complex_msgs/lib:/usr/lib/x86_64-linux-gnu/gazebo-11/plugins:/opt/ros/humble/opt/rviz_ogre_vendor/lib:/opt/ros/humble/lib/x86_64-linux-gnu:/opt/ros/humble/lib /usr/bin/cmake --install /root/ros_ws/src/Rescue_Car_ws/build/complex_msgs
