[0.274s] Invoking command in '/root/ros_ws/src/Rescue_Car_ws/build/stereo_msgs': AMENT_PREFIX_PATH=/root/ros_ws/src/Rescue_Car_ws/install/sensor_msgs:/root/ros_ws/src/Rescue_Car_ws/install/geometry_msgs:/root/ros_ws/src/Rescue_Car_ws/install/std_msgs:/root/ros_ws/src/Rescue_Car_ws/install/builtin_interfaces:${AMENT_PREFIX_PATH} CMAKE_PREFIX_PATH=/root/ros_ws/src/Rescue_Car_ws/install/sensor_msgs:/root/ros_ws/src/Rescue_Car_ws/install/geometry_msgs:/root/ros_ws/src/Rescue_Car_ws/install/std_msgs:/root/ros_ws/src/Rescue_Car_ws/install/builtin_interfaces:/opt/ros/humble LD_LIBRARY_PATH=/root/ros_ws/src/Rescue_Car_ws/install/sensor_msgs/lib:/root/ros_ws/src/Rescue_Car_ws/install/geometry_msgs/lib:/root/ros_ws/src/Rescue_Car_ws/install/std_msgs/lib:/root/ros_ws/src/Rescue_Car_ws/install/builtin_interfaces/lib:${LD_LIBRARY_PATH} PYTHONPATH=/root/ros_ws/src/Rescue_Car_ws/install/sensor_msgs/local/lib/python3.10/dist-packages:/root/ros_ws/src/Rescue_Car_ws/install/geometry_msgs/local/lib/python3.10/dist-packages:/root/ros_ws/src/Rescue_Car_ws/install/std_msgs/local/lib/python3.10/dist-packages:/root/ros_ws/src/Rescue_Car_ws/install/builtin_interfaces/local/lib/python3.10/dist-packages:${PYTHONPATH} /usr/bin/cmake /root/ros_ws/src/Rescue_Car_ws/src/microros/src/ros2/common_interfaces/stereo_msgs -DCMAKE_INSTALL_PREFIX=/root/ros_ws/src/Rescue_Car_ws/install/stereo_msgs
[0.395s] -- The C compiler identification is GNU 11.4.0
[0.804s] -- The CXX compiler identification is GNU 11.4.0
[1.113s] -- Detecting C compiler ABI info
[1.255s] -- Detecting C compiler ABI info - done
[1.261s] -- Check for working C compiler: /usr/bin/cc - skipped
[1.261s] -- Detecting C compile features
[1.262s] -- Detecting C compile features - done
[1.264s] -- Detecting CXX compiler ABI info
[1.476s] -- Detecting CXX compiler ABI info - done
[1.483s] -- Check for working CXX compiler: /usr/bin/c++ - skipped
[1.483s] -- Detecting CXX compile features
[1.483s] -- Detecting CXX compile features - done
[1.485s] -- Found ament_cmake: 1.3.12 (/opt/ros/humble/share/ament_cmake/cmake)
[1.672s] -- Found Python3: /usr/bin/python3 (found version "3.10.12") found components: Interpreter 
[1.761s] -- Found rosidl_default_generators: 1.2.0 (/opt/ros/humble/share/rosidl_default_generators/cmake)
[1.765s] -- Using all available rosidl_typesupport_c: rosidl_typesupport_fastrtps_c;rosidl_typesupport_introspection_c
[1.772s] -- Found rosidl_adapter: 3.1.7 (/opt/ros/humble/share/rosidl_adapter/cmake)
[1.994s] -- Using all available rosidl_typesupport_cpp: rosidl_typesupport_fastrtps_cpp;rosidl_typesupport_introspection_cpp
[2.033s] -- Found sensor_msgs: 4.9.0 (/root/ros_ws/src/Rescue_Car_ws/install/sensor_msgs/share/sensor_msgs/cmake)
[2.383s] -- Found ament_cmake_cppcheck: 0.12.14 (/opt/ros/humble/share/ament_cmake_cppcheck/cmake)
[2.385s] -- Found ament_cmake_cpplint: 0.12.14 (/opt/ros/humble/share/ament_cmake_cpplint/cmake)
[2.386s] -- Found ament_cmake_uncrustify: 0.12.14 (/opt/ros/humble/share/ament_cmake_uncrustify/cmake)
[2.388s] -- Found ament_cmake_ros: 0.10.0 (/opt/ros/humble/share/ament_cmake_ros/cmake)
[2.690s] -- Using all available rosidl_typesupport_c: rosidl_typesupport_fastrtps_c;rosidl_typesupport_introspection_c
[3.033s] -- Using all available rosidl_typesupport_cpp: rosidl_typesupport_fastrtps_cpp;rosidl_typesupport_introspection_cpp
[3.191s] -- Found PythonInterp: /usr/bin/python3 (found suitable version "3.10.12", minimum required is "3.6") 
[3.192s] -- Found python_cmake_module: 0.10.0 (/opt/ros/humble/share/python_cmake_module/cmake)
[3.660s] -- Found PythonLibs: /usr/lib/x86_64-linux-gnu/libpython3.10.so (found suitable version "3.10.12", minimum required is "3.5") 
[3.661s] -- Using PYTHON_EXECUTABLE: /usr/bin/python3
[3.661s] -- Using PYTHON_INCLUDE_DIRS: /usr/include/python3.10
[3.661s] -- Using PYTHON_LIBRARIES: /usr/lib/x86_64-linux-gnu/libpython3.10.so
[3.678s] -- Found PythonExtra: .so  
[3.782s] -- Found ament_cmake_flake8: 0.12.14 (/opt/ros/humble/share/ament_cmake_flake8/cmake)
[3.785s] -- Found ament_cmake_pep257: 0.12.14 (/opt/ros/humble/share/ament_cmake_pep257/cmake)
[3.797s] -- Configuring done
[3.833s] -- Generating done
[3.845s] -- Build files have been written to: /root/ros_ws/src/Rescue_Car_ws/build/stereo_msgs
[3.856s] Invoked command in '/root/ros_ws/src/Rescue_Car_ws/build/stereo_msgs' returned '0': AMENT_PREFIX_PATH=/root/ros_ws/src/Rescue_Car_ws/install/sensor_msgs:/root/ros_ws/src/Rescue_Car_ws/install/geometry_msgs:/root/ros_ws/src/Rescue_Car_ws/install/std_msgs:/root/ros_ws/src/Rescue_Car_ws/install/builtin_interfaces:${AMENT_PREFIX_PATH} CMAKE_PREFIX_PATH=/root/ros_ws/src/Rescue_Car_ws/install/sensor_msgs:/root/ros_ws/src/Rescue_Car_ws/install/geometry_msgs:/root/ros_ws/src/Rescue_Car_ws/install/std_msgs:/root/ros_ws/src/Rescue_Car_ws/install/builtin_interfaces:/opt/ros/humble LD_LIBRARY_PATH=/root/ros_ws/src/Rescue_Car_ws/install/sensor_msgs/lib:/root/ros_ws/src/Rescue_Car_ws/install/geometry_msgs/lib:/root/ros_ws/src/Rescue_Car_ws/install/std_msgs/lib:/root/ros_ws/src/Rescue_Car_ws/install/builtin_interfaces/lib:${LD_LIBRARY_PATH} PYTHONPATH=/root/ros_ws/src/Rescue_Car_ws/install/sensor_msgs/local/lib/python3.10/dist-packages:/root/ros_ws/src/Rescue_Car_ws/install/geometry_msgs/local/lib/python3.10/dist-packages:/root/ros_ws/src/Rescue_Car_ws/install/std_msgs/local/lib/python3.10/dist-packages:/root/ros_ws/src/Rescue_Car_ws/install/builtin_interfaces/local/lib/python3.10/dist-packages:${PYTHONPATH} /usr/bin/cmake /root/ros_ws/src/Rescue_Car_ws/src/microros/src/ros2/common_interfaces/stereo_msgs -DCMAKE_INSTALL_PREFIX=/root/ros_ws/src/Rescue_Car_ws/install/stereo_msgs
[3.857s] Invoking command in '/root/ros_ws/src/Rescue_Car_ws/build/stereo_msgs': AMENT_PREFIX_PATH=/root/ros_ws/src/Rescue_Car_ws/install/sensor_msgs:/root/ros_ws/src/Rescue_Car_ws/install/geometry_msgs:/root/ros_ws/src/Rescue_Car_ws/install/std_msgs:/root/ros_ws/src/Rescue_Car_ws/install/builtin_interfaces:${AMENT_PREFIX_PATH} CMAKE_PREFIX_PATH=/root/ros_ws/src/Rescue_Car_ws/install/sensor_msgs:/root/ros_ws/src/Rescue_Car_ws/install/geometry_msgs:/root/ros_ws/src/Rescue_Car_ws/install/std_msgs:/root/ros_ws/src/Rescue_Car_ws/install/builtin_interfaces:/opt/ros/humble LD_LIBRARY_PATH=/root/ros_ws/src/Rescue_Car_ws/install/sensor_msgs/lib:/root/ros_ws/src/Rescue_Car_ws/install/geometry_msgs/lib:/root/ros_ws/src/Rescue_Car_ws/install/std_msgs/lib:/root/ros_ws/src/Rescue_Car_ws/install/builtin_interfaces/lib:${LD_LIBRARY_PATH} PYTHONPATH=/root/ros_ws/src/Rescue_Car_ws/install/sensor_msgs/local/lib/python3.10/dist-packages:/root/ros_ws/src/Rescue_Car_ws/install/geometry_msgs/local/lib/python3.10/dist-packages:/root/ros_ws/src/Rescue_Car_ws/install/std_msgs/local/lib/python3.10/dist-packages:/root/ros_ws/src/Rescue_Car_ws/install/builtin_interfaces/local/lib/python3.10/dist-packages:${PYTHONPATH} /usr/bin/cmake --build /root/ros_ws/src/Rescue_Car_ws/build/stereo_msgs -- -j20 -l20
[3.896s] [  3%] [34m[1mGenerating C code for ROS interfaces[0m
[3.904s] [  6%] [34m[1mGenerating C++ code for ROS interfaces[0m
[3.913s] [  6%] Built target ament_cmake_python_copy_stereo_msgs
[4.135s] running egg_info
[4.136s] creating stereo_msgs.egg-info
[4.137s] writing stereo_msgs.egg-info/PKG-INFO
[4.137s] writing dependency_links to stereo_msgs.egg-info/dependency_links.txt
[4.137s] writing top-level names to stereo_msgs.egg-info/top_level.txt
[4.137s] writing manifest file 'stereo_msgs.egg-info/SOURCES.txt'
[4.140s] reading manifest file 'stereo_msgs.egg-info/SOURCES.txt'
[4.140s] writing manifest file 'stereo_msgs.egg-info/SOURCES.txt'
[4.167s] [  6%] Built target ament_cmake_python_build_stereo_msgs_egg
[4.188s] [  6%] Built target stereo_msgs__cpp
[4.197s] [  9%] [32mBuilding C object CMakeFiles/stereo_msgs__rosidl_generator_c.dir/rosidl_generator_c/stereo_msgs/msg/detail/disparity_image__functions.c.o[0m
[4.197s] [ 16%] [34m[1mGenerating C++ introspection for ROS interfaces[0m
[4.197s] [ 16%] [34m[1mGenerating C++ type support dispatch for ROS interfaces[0m
[4.198s] [ 19%] [34m[1mGenerating C++ type support for eProsima Fast-RTPS[0m
[4.252s] [ 22%] [32m[1mLinking C shared library libstereo_msgs__rosidl_generator_c.so[0m
[4.413s] [ 22%] Built target stereo_msgs__rosidl_generator_c
[4.424s] [ 25%] [34m[1mGenerating C type support for eProsima Fast-RTPS[0m
[4.426s] [ 29%] [34m[1mGenerating C introspection for ROS interfaces[0m
[4.426s] [ 32%] [34m[1mGenerating C type support dispatch for ROS interfaces[0m
[4.502s] [ 35%] [32mBuilding CXX object CMakeFiles/stereo_msgs__rosidl_typesupport_cpp.dir/rosidl_typesupport_cpp/stereo_msgs/msg/disparity_image__type_support.cpp.o[0m
[4.531s] [ 38%] [32mBuilding CXX object CMakeFiles/stereo_msgs__rosidl_typesupport_introspection_cpp.dir/rosidl_typesupport_introspection_cpp/stereo_msgs/msg/detail/disparity_image__type_support.cpp.o[0m
[4.543s] [ 41%] [32mBuilding CXX object CMakeFiles/stereo_msgs__rosidl_typesupport_fastrtps_cpp.dir/rosidl_typesupport_fastrtps_cpp/stereo_msgs/msg/detail/dds_fastrtps/disparity_image__type_support.cpp.o[0m
[4.763s] [ 45%] [32mBuilding CXX object CMakeFiles/stereo_msgs__rosidl_typesupport_c.dir/rosidl_typesupport_c/stereo_msgs/msg/disparity_image__type_support.cpp.o[0m
[4.775s] [ 48%] [32mBuilding C object CMakeFiles/stereo_msgs__rosidl_typesupport_introspection_c.dir/rosidl_typesupport_introspection_c/stereo_msgs/msg/detail/disparity_image__type_support.c.o[0m
[4.786s] [ 51%] [32mBuilding CXX object CMakeFiles/stereo_msgs__rosidl_typesupport_fastrtps_c.dir/rosidl_typesupport_fastrtps_c/stereo_msgs/msg/detail/disparity_image__type_support_c.cpp.o[0m
[4.792s] [ 54%] [32m[1mLinking CXX shared library libstereo_msgs__rosidl_typesupport_c.so[0m
[4.805s] [ 58%] [32m[1mLinking CXX shared library libstereo_msgs__rosidl_typesupport_cpp.so[0m
[4.816s] [ 61%] [32m[1mLinking C shared library libstereo_msgs__rosidl_typesupport_introspection_c.so[0m
[4.955s] [ 61%] Built target stereo_msgs__rosidl_typesupport_c
[4.967s] [ 61%] Built target stereo_msgs__rosidl_typesupport_introspection_c
[4.972s] [ 64%] [32m[1mLinking CXX shared library libstereo_msgs__rosidl_typesupport_introspection_cpp.so[0m
[4.973s] [ 64%] Built target stereo_msgs__rosidl_typesupport_cpp
[4.997s] [ 67%] [32m[1mLinking CXX shared library libstereo_msgs__rosidl_typesupport_fastrtps_cpp.so[0m
[5.186s] [ 67%] Built target stereo_msgs__rosidl_typesupport_introspection_cpp
[5.187s] [ 70%] [32m[1mLinking CXX shared library libstereo_msgs__rosidl_typesupport_fastrtps_c.so[0m
[5.232s] [ 70%] Built target stereo_msgs__rosidl_typesupport_fastrtps_cpp
[5.373s] [ 70%] Built target stereo_msgs__rosidl_typesupport_fastrtps_c
[5.395s] [ 70%] Built target stereo_msgs
[5.421s] [ 74%] [34m[1mGenerating Python code for ROS interfaces[0m
[5.796s] [ 74%] Built target stereo_msgs__py
[5.820s] [ 77%] [32mBuilding C object CMakeFiles/stereo_msgs__rosidl_generator_py.dir/rosidl_generator_py/stereo_msgs/msg/_disparity_image_s.c.o[0m
[5.945s] [ 80%] [32m[1mLinking C shared library rosidl_generator_py/stereo_msgs/libstereo_msgs__rosidl_generator_py.so[0m
[6.095s] [ 80%] Built target stereo_msgs__rosidl_generator_py
[6.113s] [ 83%] [32mBuilding C object CMakeFiles/stereo_msgs__rosidl_typesupport_fastrtps_c__pyext.dir/rosidl_generator_py/stereo_msgs/_stereo_msgs_s.ep.rosidl_typesupport_fastrtps_c.c.o[0m
[6.115s] [ 87%] [32mBuilding C object CMakeFiles/stereo_msgs__rosidl_typesupport_introspection_c__pyext.dir/rosidl_generator_py/stereo_msgs/_stereo_msgs_s.ep.rosidl_typesupport_introspection_c.c.o[0m
[6.119s] [ 90%] [32mBuilding C object CMakeFiles/stereo_msgs__rosidl_typesupport_c__pyext.dir/rosidl_generator_py/stereo_msgs/_stereo_msgs_s.ep.rosidl_typesupport_c.c.o[0m
[6.234s] [ 93%] [32m[1mLinking C shared library rosidl_generator_py/stereo_msgs/stereo_msgs_s__rosidl_typesupport_fastrtps_c.cpython-310-x86_64-linux-gnu.so[0m
[6.241s] [ 96%] [32m[1mLinking C shared library rosidl_generator_py/stereo_msgs/stereo_msgs_s__rosidl_typesupport_introspection_c.cpython-310-x86_64-linux-gnu.so[0m
[6.249s] [100%] [32m[1mLinking C shared library rosidl_generator_py/stereo_msgs/stereo_msgs_s__rosidl_typesupport_c.cpython-310-x86_64-linux-gnu.so[0m
[6.406s] [100%] Built target stereo_msgs__rosidl_typesupport_fastrtps_c__pyext
[6.445s] [100%] Built target stereo_msgs__rosidl_typesupport_introspection_c__pyext
[6.449s] [100%] Built target stereo_msgs__rosidl_typesupport_c__pyext
[6.461s] Invoked command in '/root/ros_ws/src/Rescue_Car_ws/build/stereo_msgs' returned '0': AMENT_PREFIX_PATH=/root/ros_ws/src/Rescue_Car_ws/install/sensor_msgs:/root/ros_ws/src/Rescue_Car_ws/install/geometry_msgs:/root/ros_ws/src/Rescue_Car_ws/install/std_msgs:/root/ros_ws/src/Rescue_Car_ws/install/builtin_interfaces:${AMENT_PREFIX_PATH} CMAKE_PREFIX_PATH=/root/ros_ws/src/Rescue_Car_ws/install/sensor_msgs:/root/ros_ws/src/Rescue_Car_ws/install/geometry_msgs:/root/ros_ws/src/Rescue_Car_ws/install/std_msgs:/root/ros_ws/src/Rescue_Car_ws/install/builtin_interfaces:/opt/ros/humble LD_LIBRARY_PATH=/root/ros_ws/src/Rescue_Car_ws/install/sensor_msgs/lib:/root/ros_ws/src/Rescue_Car_ws/install/geometry_msgs/lib:/root/ros_ws/src/Rescue_Car_ws/install/std_msgs/lib:/root/ros_ws/src/Rescue_Car_ws/install/builtin_interfaces/lib:${LD_LIBRARY_PATH} PYTHONPATH=/root/ros_ws/src/Rescue_Car_ws/install/sensor_msgs/local/lib/python3.10/dist-packages:/root/ros_ws/src/Rescue_Car_ws/install/geometry_msgs/local/lib/python3.10/dist-packages:/root/ros_ws/src/Rescue_Car_ws/install/std_msgs/local/lib/python3.10/dist-packages:/root/ros_ws/src/Rescue_Car_ws/install/builtin_interfaces/local/lib/python3.10/dist-packages:${PYTHONPATH} /usr/bin/cmake --build /root/ros_ws/src/Rescue_Car_ws/build/stereo_msgs -- -j20 -l20
[6.463s] Invoking command in '/root/ros_ws/src/Rescue_Car_ws/build/stereo_msgs': AMENT_PREFIX_PATH=/root/ros_ws/src/Rescue_Car_ws/install/sensor_msgs:/root/ros_ws/src/Rescue_Car_ws/install/geometry_msgs:/root/ros_ws/src/Rescue_Car_ws/install/std_msgs:/root/ros_ws/src/Rescue_Car_ws/install/builtin_interfaces:${AMENT_PREFIX_PATH} CMAKE_PREFIX_PATH=/root/ros_ws/src/Rescue_Car_ws/install/sensor_msgs:/root/ros_ws/src/Rescue_Car_ws/install/geometry_msgs:/root/ros_ws/src/Rescue_Car_ws/install/std_msgs:/root/ros_ws/src/Rescue_Car_ws/install/builtin_interfaces:/opt/ros/humble LD_LIBRARY_PATH=/root/ros_ws/src/Rescue_Car_ws/install/sensor_msgs/lib:/root/ros_ws/src/Rescue_Car_ws/install/geometry_msgs/lib:/root/ros_ws/src/Rescue_Car_ws/install/std_msgs/lib:/root/ros_ws/src/Rescue_Car_ws/install/builtin_interfaces/lib:${LD_LIBRARY_PATH} PYTHONPATH=/root/ros_ws/src/Rescue_Car_ws/install/sensor_msgs/local/lib/python3.10/dist-packages:/root/ros_ws/src/Rescue_Car_ws/install/geometry_msgs/local/lib/python3.10/dist-packages:/root/ros_ws/src/Rescue_Car_ws/install/std_msgs/local/lib/python3.10/dist-packages:/root/ros_ws/src/Rescue_Car_ws/install/builtin_interfaces/local/lib/python3.10/dist-packages:${PYTHONPATH} /usr/bin/cmake --install /root/ros_ws/src/Rescue_Car_ws/build/stereo_msgs
[6.473s] -- Install configuration: ""
[6.475s] -- Installing: /root/ros_ws/src/Rescue_Car_ws/install/stereo_msgs/share/ament_index/resource_index/rosidl_interfaces/stereo_msgs
[6.475s] -- Installing: /root/ros_ws/src/Rescue_Car_ws/install/stereo_msgs/include/stereo_msgs/stereo_msgs
[6.475s] -- Installing: /root/ros_ws/src/Rescue_Car_ws/install/stereo_msgs/include/stereo_msgs/stereo_msgs/msg
[6.476s] -- Installing: /root/ros_ws/src/Rescue_Car_ws/install/stereo_msgs/include/stereo_msgs/stereo_msgs/msg/detail
[6.476s] -- Installing: /root/ros_ws/src/Rescue_Car_ws/install/stereo_msgs/include/stereo_msgs/stereo_msgs/msg/detail/disparity_image__type_support.h
[6.476s] -- Installing: /root/ros_ws/src/Rescue_Car_ws/install/stereo_msgs/include/stereo_msgs/stereo_msgs/msg/detail/disparity_image__struct.h
[6.476s] -- Installing: /root/ros_ws/src/Rescue_Car_ws/install/stereo_msgs/include/stereo_msgs/stereo_msgs/msg/detail/disparity_image__functions.c
[6.476s] -- Installing: /root/ros_ws/src/Rescue_Car_ws/install/stereo_msgs/include/stereo_msgs/stereo_msgs/msg/detail/disparity_image__functions.h
[6.476s] -- Installing: /root/ros_ws/src/Rescue_Car_ws/install/stereo_msgs/include/stereo_msgs/stereo_msgs/msg/rosidl_generator_c__visibility_control.h
[6.476s] -- Installing: /root/ros_ws/src/Rescue_Car_ws/install/stereo_msgs/include/stereo_msgs/stereo_msgs/msg/disparity_image.h
[6.477s] -- Installing: /root/ros_ws/src/Rescue_Car_ws/install/stereo_msgs/share/stereo_msgs/environment/library_path.sh
[6.477s] -- Installing: /root/ros_ws/src/Rescue_Car_ws/install/stereo_msgs/share/stereo_msgs/environment/library_path.dsv
[6.478s] -- Installing: /root/ros_ws/src/Rescue_Car_ws/install/stereo_msgs/lib/libstereo_msgs__rosidl_generator_c.so
[6.478s] -- Set runtime path of "/root/ros_ws/src/Rescue_Car_ws/install/stereo_msgs/lib/libstereo_msgs__rosidl_generator_c.so" to ""
[6.478s] -- Up-to-date: /root/ros_ws/src/Rescue_Car_ws/install/stereo_msgs/include/stereo_msgs/stereo_msgs
[6.478s] -- Up-to-date: /root/ros_ws/src/Rescue_Car_ws/install/stereo_msgs/include/stereo_msgs/stereo_msgs/msg
[6.479s] -- Up-to-date: /root/ros_ws/src/Rescue_Car_ws/install/stereo_msgs/include/stereo_msgs/stereo_msgs/msg/detail
[6.479s] -- Installing: /root/ros_ws/src/Rescue_Car_ws/install/stereo_msgs/include/stereo_msgs/stereo_msgs/msg/detail/disparity_image__rosidl_typesupport_fastrtps_c.h
[6.479s] -- Installing: /root/ros_ws/src/Rescue_Car_ws/install/stereo_msgs/include/stereo_msgs/stereo_msgs/msg/rosidl_typesupport_fastrtps_c__visibility_control.h
[6.479s] -- Installing: /root/ros_ws/src/Rescue_Car_ws/install/stereo_msgs/lib/libstereo_msgs__rosidl_typesupport_fastrtps_c.so
[6.479s] -- Set runtime path of "/root/ros_ws/src/Rescue_Car_ws/install/stereo_msgs/lib/libstereo_msgs__rosidl_typesupport_fastrtps_c.so" to ""
[6.479s] -- Up-to-date: /root/ros_ws/src/Rescue_Car_ws/install/stereo_msgs/include/stereo_msgs/stereo_msgs
[6.479s] -- Up-to-date: /root/ros_ws/src/Rescue_Car_ws/install/stereo_msgs/include/stereo_msgs/stereo_msgs/msg
[6.480s] -- Installing: /root/ros_ws/src/Rescue_Car_ws/install/stereo_msgs/include/stereo_msgs/stereo_msgs/msg/rosidl_typesupport_introspection_c__visibility_control.h
[6.480s] -- Up-to-date: /root/ros_ws/src/Rescue_Car_ws/install/stereo_msgs/include/stereo_msgs/stereo_msgs/msg/detail
[6.480s] -- Installing: /root/ros_ws/src/Rescue_Car_ws/install/stereo_msgs/include/stereo_msgs/stereo_msgs/msg/detail/disparity_image__type_support.c
[6.480s] -- Installing: /root/ros_ws/src/Rescue_Car_ws/install/stereo_msgs/include/stereo_msgs/stereo_msgs/msg/detail/disparity_image__rosidl_typesupport_introspection_c.h
[6.480s] -- Installing: /root/ros_ws/src/Rescue_Car_ws/install/stereo_msgs/lib/libstereo_msgs__rosidl_typesupport_introspection_c.so
[6.480s] -- Set runtime path of "/root/ros_ws/src/Rescue_Car_ws/install/stereo_msgs/lib/libstereo_msgs__rosidl_typesupport_introspection_c.so" to ""
[6.480s] -- Installing: /root/ros_ws/src/Rescue_Car_ws/install/stereo_msgs/lib/libstereo_msgs__rosidl_typesupport_c.so
[6.481s] -- Set runtime path of "/root/ros_ws/src/Rescue_Car_ws/install/stereo_msgs/lib/libstereo_msgs__rosidl_typesupport_c.so" to ""
[6.481s] -- Up-to-date: /root/ros_ws/src/Rescue_Car_ws/install/stereo_msgs/include/stereo_msgs/stereo_msgs
[6.481s] -- Up-to-date: /root/ros_ws/src/Rescue_Car_ws/install/stereo_msgs/include/stereo_msgs/stereo_msgs/msg
[6.481s] -- Installing: /root/ros_ws/src/Rescue_Car_ws/install/stereo_msgs/include/stereo_msgs/stereo_msgs/msg/rosidl_generator_cpp__visibility_control.hpp
[6.481s] -- Up-to-date: /root/ros_ws/src/Rescue_Car_ws/install/stereo_msgs/include/stereo_msgs/stereo_msgs/msg/detail
[6.481s] -- Installing: /root/ros_ws/src/Rescue_Car_ws/install/stereo_msgs/include/stereo_msgs/stereo_msgs/msg/detail/disparity_image__builder.hpp
[6.481s] -- Installing: /root/ros_ws/src/Rescue_Car_ws/install/stereo_msgs/include/stereo_msgs/stereo_msgs/msg/detail/disparity_image__struct.hpp
[6.482s] -- Installing: /root/ros_ws/src/Rescue_Car_ws/install/stereo_msgs/include/stereo_msgs/stereo_msgs/msg/detail/disparity_image__type_support.hpp
[6.482s] -- Installing: /root/ros_ws/src/Rescue_Car_ws/install/stereo_msgs/include/stereo_msgs/stereo_msgs/msg/detail/disparity_image__traits.hpp
[6.482s] -- Installing: /root/ros_ws/src/Rescue_Car_ws/install/stereo_msgs/include/stereo_msgs/stereo_msgs/msg/disparity_image.hpp
[6.482s] -- Up-to-date: /root/ros_ws/src/Rescue_Car_ws/install/stereo_msgs/include/stereo_msgs/stereo_msgs
[6.483s] -- Up-to-date: /root/ros_ws/src/Rescue_Car_ws/install/stereo_msgs/include/stereo_msgs/stereo_msgs/msg
[6.483s] -- Installing: /root/ros_ws/src/Rescue_Car_ws/install/stereo_msgs/include/stereo_msgs/stereo_msgs/msg/rosidl_typesupport_fastrtps_cpp__visibility_control.h
[6.483s] -- Up-to-date: /root/ros_ws/src/Rescue_Car_ws/install/stereo_msgs/include/stereo_msgs/stereo_msgs/msg/detail
[6.483s] -- Installing: /root/ros_ws/src/Rescue_Car_ws/install/stereo_msgs/include/stereo_msgs/stereo_msgs/msg/detail/dds_fastrtps
[6.483s] -- Installing: /root/ros_ws/src/Rescue_Car_ws/install/stereo_msgs/include/stereo_msgs/stereo_msgs/msg/detail/disparity_image__rosidl_typesupport_fastrtps_cpp.hpp
[6.483s] -- Installing: /root/ros_ws/src/Rescue_Car_ws/install/stereo_msgs/lib/libstereo_msgs__rosidl_typesupport_fastrtps_cpp.so
[6.484s] -- Set runtime path of "/root/ros_ws/src/Rescue_Car_ws/install/stereo_msgs/lib/libstereo_msgs__rosidl_typesupport_fastrtps_cpp.so" to ""
[6.484s] -- Up-to-date: /root/ros_ws/src/Rescue_Car_ws/install/stereo_msgs/include/stereo_msgs/stereo_msgs
[6.484s] -- Up-to-date: /root/ros_ws/src/Rescue_Car_ws/install/stereo_msgs/include/stereo_msgs/stereo_msgs/msg
[6.484s] -- Up-to-date: /root/ros_ws/src/Rescue_Car_ws/install/stereo_msgs/include/stereo_msgs/stereo_msgs/msg/detail
[6.484s] -- Installing: /root/ros_ws/src/Rescue_Car_ws/install/stereo_msgs/include/stereo_msgs/stereo_msgs/msg/detail/disparity_image__type_support.cpp
[6.484s] -- Installing: /root/ros_ws/src/Rescue_Car_ws/install/stereo_msgs/include/stereo_msgs/stereo_msgs/msg/detail/disparity_image__rosidl_typesupport_introspection_cpp.hpp
[6.484s] -- Installing: /root/ros_ws/src/Rescue_Car_ws/install/stereo_msgs/lib/libstereo_msgs__rosidl_typesupport_introspection_cpp.so
[6.485s] -- Set runtime path of "/root/ros_ws/src/Rescue_Car_ws/install/stereo_msgs/lib/libstereo_msgs__rosidl_typesupport_introspection_cpp.so" to ""
[6.485s] -- Installing: /root/ros_ws/src/Rescue_Car_ws/install/stereo_msgs/lib/libstereo_msgs__rosidl_typesupport_cpp.so
[6.485s] -- Set runtime path of "/root/ros_ws/src/Rescue_Car_ws/install/stereo_msgs/lib/libstereo_msgs__rosidl_typesupport_cpp.so" to ""
[6.485s] -- Installing: /root/ros_ws/src/Rescue_Car_ws/install/stereo_msgs/share/stereo_msgs/environment/pythonpath.sh
[6.485s] -- Installing: /root/ros_ws/src/Rescue_Car_ws/install/stereo_msgs/share/stereo_msgs/environment/pythonpath.dsv
[6.485s] -- Installing: /root/ros_ws/src/Rescue_Car_ws/install/stereo_msgs/local/lib/python3.10/dist-packages/stereo_msgs-4.9.0-py3.10.egg-info
[6.486s] -- Installing: /root/ros_ws/src/Rescue_Car_ws/install/stereo_msgs/local/lib/python3.10/dist-packages/stereo_msgs-4.9.0-py3.10.egg-info/dependency_links.txt
[6.486s] -- Installing: /root/ros_ws/src/Rescue_Car_ws/install/stereo_msgs/local/lib/python3.10/dist-packages/stereo_msgs-4.9.0-py3.10.egg-info/SOURCES.txt
[6.487s] -- Installing: /root/ros_ws/src/Rescue_Car_ws/install/stereo_msgs/local/lib/python3.10/dist-packages/stereo_msgs-4.9.0-py3.10.egg-info/PKG-INFO
[6.487s] -- Installing: /root/ros_ws/src/Rescue_Car_ws/install/stereo_msgs/local/lib/python3.10/dist-packages/stereo_msgs-4.9.0-py3.10.egg-info/top_level.txt
[6.487s] -- Installing: /root/ros_ws/src/Rescue_Car_ws/install/stereo_msgs/local/lib/python3.10/dist-packages/stereo_msgs
[6.487s] -- Installing: /root/ros_ws/src/Rescue_Car_ws/install/stereo_msgs/local/lib/python3.10/dist-packages/stereo_msgs/stereo_msgs_s__rosidl_typesupport_introspection_c.cpython-310-x86_64-linux-gnu.so
[6.487s] -- Installing: /root/ros_ws/src/Rescue_Car_ws/install/stereo_msgs/local/lib/python3.10/dist-packages/stereo_msgs/_stereo_msgs_s.ep.rosidl_typesupport_c.c
[6.488s] -- Installing: /root/ros_ws/src/Rescue_Car_ws/install/stereo_msgs/local/lib/python3.10/dist-packages/stereo_msgs/_stereo_msgs_s.ep.rosidl_typesupport_fastrtps_c.c
[6.488s] -- Installing: /root/ros_ws/src/Rescue_Car_ws/install/stereo_msgs/local/lib/python3.10/dist-packages/stereo_msgs/libstereo_msgs__rosidl_generator_py.so
[6.488s] -- Installing: /root/ros_ws/src/Rescue_Car_ws/install/stereo_msgs/local/lib/python3.10/dist-packages/stereo_msgs/stereo_msgs_s__rosidl_typesupport_fastrtps_c.cpython-310-x86_64-linux-gnu.so
[6.488s] -- Installing: /root/ros_ws/src/Rescue_Car_ws/install/stereo_msgs/local/lib/python3.10/dist-packages/stereo_msgs/_stereo_msgs_s.ep.rosidl_typesupport_introspection_c.c
[6.488s] -- Installing: /root/ros_ws/src/Rescue_Car_ws/install/stereo_msgs/local/lib/python3.10/dist-packages/stereo_msgs/__init__.py
[6.488s] -- Installing: /root/ros_ws/src/Rescue_Car_ws/install/stereo_msgs/local/lib/python3.10/dist-packages/stereo_msgs/msg
[6.488s] -- Installing: /root/ros_ws/src/Rescue_Car_ws/install/stereo_msgs/local/lib/python3.10/dist-packages/stereo_msgs/msg/_disparity_image_s.c
[6.488s] -- Installing: /root/ros_ws/src/Rescue_Car_ws/install/stereo_msgs/local/lib/python3.10/dist-packages/stereo_msgs/msg/_disparity_image.py
[6.488s] -- Installing: /root/ros_ws/src/Rescue_Car_ws/install/stereo_msgs/local/lib/python3.10/dist-packages/stereo_msgs/msg/__init__.py
[6.488s] -- Installing: /root/ros_ws/src/Rescue_Car_ws/install/stereo_msgs/local/lib/python3.10/dist-packages/stereo_msgs/stereo_msgs_s__rosidl_typesupport_c.cpython-310-x86_64-linux-gnu.so
[6.534s] Listing '/root/ros_ws/src/Rescue_Car_ws/install/stereo_msgs/local/lib/python3.10/dist-packages/stereo_msgs'...
[6.534s] Compiling '/root/ros_ws/src/Rescue_Car_ws/install/stereo_msgs/local/lib/python3.10/dist-packages/stereo_msgs/__init__.py'...
[6.534s] Listing '/root/ros_ws/src/Rescue_Car_ws/install/stereo_msgs/local/lib/python3.10/dist-packages/stereo_msgs/msg'...
[6.534s] Compiling '/root/ros_ws/src/Rescue_Car_ws/install/stereo_msgs/local/lib/python3.10/dist-packages/stereo_msgs/msg/__init__.py'...
[6.534s] Compiling '/root/ros_ws/src/Rescue_Car_ws/install/stereo_msgs/local/lib/python3.10/dist-packages/stereo_msgs/msg/_disparity_image.py'...
[6.539s] -- Installing: /root/ros_ws/src/Rescue_Car_ws/install/stereo_msgs/local/lib/python3.10/dist-packages/stereo_msgs/stereo_msgs_s__rosidl_typesupport_fastrtps_c.cpython-310-x86_64-linux-gnu.so
[6.540s] -- Set runtime path of "/root/ros_ws/src/Rescue_Car_ws/install/stereo_msgs/local/lib/python3.10/dist-packages/stereo_msgs/stereo_msgs_s__rosidl_typesupport_fastrtps_c.cpython-310-x86_64-linux-gnu.so" to ""
[6.540s] -- Installing: /root/ros_ws/src/Rescue_Car_ws/install/stereo_msgs/local/lib/python3.10/dist-packages/stereo_msgs/stereo_msgs_s__rosidl_typesupport_introspection_c.cpython-310-x86_64-linux-gnu.so
[6.540s] -- Set runtime path of "/root/ros_ws/src/Rescue_Car_ws/install/stereo_msgs/local/lib/python3.10/dist-packages/stereo_msgs/stereo_msgs_s__rosidl_typesupport_introspection_c.cpython-310-x86_64-linux-gnu.so" to ""
[6.540s] -- Installing: /root/ros_ws/src/Rescue_Car_ws/install/stereo_msgs/local/lib/python3.10/dist-packages/stereo_msgs/stereo_msgs_s__rosidl_typesupport_c.cpython-310-x86_64-linux-gnu.so
[6.541s] -- Set runtime path of "/root/ros_ws/src/Rescue_Car_ws/install/stereo_msgs/local/lib/python3.10/dist-packages/stereo_msgs/stereo_msgs_s__rosidl_typesupport_c.cpython-310-x86_64-linux-gnu.so" to ""
[6.541s] -- Installing: /root/ros_ws/src/Rescue_Car_ws/install/stereo_msgs/lib/libstereo_msgs__rosidl_generator_py.so
[6.541s] -- Set runtime path of "/root/ros_ws/src/Rescue_Car_ws/install/stereo_msgs/lib/libstereo_msgs__rosidl_generator_py.so" to ""
[6.542s] -- Installing: /root/ros_ws/src/Rescue_Car_ws/install/stereo_msgs/share/stereo_msgs/msg/DisparityImage.idl
[6.542s] -- Installing: /root/ros_ws/src/Rescue_Car_ws/install/stereo_msgs/share/stereo_msgs/msg/DisparityImage.msg
[6.543s] -- Installing: /root/ros_ws/src/Rescue_Car_ws/install/stereo_msgs/share/ament_index/resource_index/package_run_dependencies/stereo_msgs
[6.543s] -- Installing: /root/ros_ws/src/Rescue_Car_ws/install/stereo_msgs/share/ament_index/resource_index/parent_prefix_path/stereo_msgs
[6.543s] -- Installing: /root/ros_ws/src/Rescue_Car_ws/install/stereo_msgs/share/stereo_msgs/environment/ament_prefix_path.sh
[6.543s] -- Installing: /root/ros_ws/src/Rescue_Car_ws/install/stereo_msgs/share/stereo_msgs/environment/ament_prefix_path.dsv
[6.544s] -- Installing: /root/ros_ws/src/Rescue_Car_ws/install/stereo_msgs/share/stereo_msgs/environment/path.sh
[6.544s] -- Installing: /root/ros_ws/src/Rescue_Car_ws/install/stereo_msgs/share/stereo_msgs/environment/path.dsv
[6.544s] -- Installing: /root/ros_ws/src/Rescue_Car_ws/install/stereo_msgs/share/stereo_msgs/local_setup.bash
[6.544s] -- Installing: /root/ros_ws/src/Rescue_Car_ws/install/stereo_msgs/share/stereo_msgs/local_setup.sh
[6.544s] -- Installing: /root/ros_ws/src/Rescue_Car_ws/install/stereo_msgs/share/stereo_msgs/local_setup.zsh
[6.545s] -- Installing: /root/ros_ws/src/Rescue_Car_ws/install/stereo_msgs/share/stereo_msgs/local_setup.dsv
[6.545s] -- Installing: /root/ros_ws/src/Rescue_Car_ws/install/stereo_msgs/share/stereo_msgs/package.dsv
[6.545s] -- Installing: /root/ros_ws/src/Rescue_Car_ws/install/stereo_msgs/share/ament_index/resource_index/packages/stereo_msgs
[6.545s] -- Installing: /root/ros_ws/src/Rescue_Car_ws/install/stereo_msgs/share/stereo_msgs/cmake/export_stereo_msgs__rosidl_generator_cExport.cmake
[6.546s] -- Installing: /root/ros_ws/src/Rescue_Car_ws/install/stereo_msgs/share/stereo_msgs/cmake/export_stereo_msgs__rosidl_generator_cExport-noconfig.cmake
[6.546s] -- Installing: /root/ros_ws/src/Rescue_Car_ws/install/stereo_msgs/share/stereo_msgs/cmake/export_stereo_msgs__rosidl_typesupport_fastrtps_cExport.cmake
[6.546s] -- Installing: /root/ros_ws/src/Rescue_Car_ws/install/stereo_msgs/share/stereo_msgs/cmake/export_stereo_msgs__rosidl_typesupport_fastrtps_cExport-noconfig.cmake
[6.546s] -- Installing: /root/ros_ws/src/Rescue_Car_ws/install/stereo_msgs/share/stereo_msgs/cmake/stereo_msgs__rosidl_typesupport_introspection_cExport.cmake
[6.546s] -- Installing: /root/ros_ws/src/Rescue_Car_ws/install/stereo_msgs/share/stereo_msgs/cmake/stereo_msgs__rosidl_typesupport_introspection_cExport-noconfig.cmake
[6.547s] -- Installing: /root/ros_ws/src/Rescue_Car_ws/install/stereo_msgs/share/stereo_msgs/cmake/stereo_msgs__rosidl_typesupport_cExport.cmake
[6.547s] -- Installing: /root/ros_ws/src/Rescue_Car_ws/install/stereo_msgs/share/stereo_msgs/cmake/stereo_msgs__rosidl_typesupport_cExport-noconfig.cmake
[6.547s] -- Installing: /root/ros_ws/src/Rescue_Car_ws/install/stereo_msgs/share/stereo_msgs/cmake/export_stereo_msgs__rosidl_generator_cppExport.cmake
[6.547s] -- Installing: /root/ros_ws/src/Rescue_Car_ws/install/stereo_msgs/share/stereo_msgs/cmake/export_stereo_msgs__rosidl_typesupport_fastrtps_cppExport.cmake
[6.548s] -- Installing: /root/ros_ws/src/Rescue_Car_ws/install/stereo_msgs/share/stereo_msgs/cmake/export_stereo_msgs__rosidl_typesupport_fastrtps_cppExport-noconfig.cmake
[6.548s] -- Installing: /root/ros_ws/src/Rescue_Car_ws/install/stereo_msgs/share/stereo_msgs/cmake/stereo_msgs__rosidl_typesupport_introspection_cppExport.cmake
[6.548s] -- Installing: /root/ros_ws/src/Rescue_Car_ws/install/stereo_msgs/share/stereo_msgs/cmake/stereo_msgs__rosidl_typesupport_introspection_cppExport-noconfig.cmake
[6.548s] -- Installing: /root/ros_ws/src/Rescue_Car_ws/install/stereo_msgs/share/stereo_msgs/cmake/stereo_msgs__rosidl_typesupport_cppExport.cmake
[6.548s] -- Installing: /root/ros_ws/src/Rescue_Car_ws/install/stereo_msgs/share/stereo_msgs/cmake/stereo_msgs__rosidl_typesupport_cppExport-noconfig.cmake
[6.548s] -- Installing: /root/ros_ws/src/Rescue_Car_ws/install/stereo_msgs/share/stereo_msgs/cmake/export_stereo_msgs__rosidl_generator_pyExport.cmake
[6.549s] -- Installing: /root/ros_ws/src/Rescue_Car_ws/install/stereo_msgs/share/stereo_msgs/cmake/export_stereo_msgs__rosidl_generator_pyExport-noconfig.cmake
[6.549s] -- Installing: /root/ros_ws/src/Rescue_Car_ws/install/stereo_msgs/share/stereo_msgs/cmake/rosidl_cmake-extras.cmake
[6.549s] -- Installing: /root/ros_ws/src/Rescue_Car_ws/install/stereo_msgs/share/stereo_msgs/cmake/ament_cmake_export_dependencies-extras.cmake
[6.550s] -- Installing: /root/ros_ws/src/Rescue_Car_ws/install/stereo_msgs/share/stereo_msgs/cmake/ament_cmake_export_include_directories-extras.cmake
[6.550s] -- Installing: /root/ros_ws/src/Rescue_Car_ws/install/stereo_msgs/share/stereo_msgs/cmake/ament_cmake_export_libraries-extras.cmake
[6.550s] -- Installing: /root/ros_ws/src/Rescue_Car_ws/install/stereo_msgs/share/stereo_msgs/cmake/ament_cmake_export_targets-extras.cmake
[6.550s] -- Installing: /root/ros_ws/src/Rescue_Car_ws/install/stereo_msgs/share/stereo_msgs/cmake/rosidl_cmake_export_typesupport_targets-extras.cmake
[6.550s] -- Installing: /root/ros_ws/src/Rescue_Car_ws/install/stereo_msgs/share/stereo_msgs/cmake/rosidl_cmake_export_typesupport_libraries-extras.cmake
[6.551s] -- Installing: /root/ros_ws/src/Rescue_Car_ws/install/stereo_msgs/share/stereo_msgs/cmake/stereo_msgsConfig.cmake
[6.551s] -- Installing: /root/ros_ws/src/Rescue_Car_ws/install/stereo_msgs/share/stereo_msgs/cmake/stereo_msgsConfig-version.cmake
[6.551s] -- Installing: /root/ros_ws/src/Rescue_Car_ws/install/stereo_msgs/share/stereo_msgs/package.xml
[6.554s] Invoked command in '/root/ros_ws/src/Rescue_Car_ws/build/stereo_msgs' returned '0': AMENT_PREFIX_PATH=/root/ros_ws/src/Rescue_Car_ws/install/sensor_msgs:/root/ros_ws/src/Rescue_Car_ws/install/geometry_msgs:/root/ros_ws/src/Rescue_Car_ws/install/std_msgs:/root/ros_ws/src/Rescue_Car_ws/install/builtin_interfaces:${AMENT_PREFIX_PATH} CMAKE_PREFIX_PATH=/root/ros_ws/src/Rescue_Car_ws/install/sensor_msgs:/root/ros_ws/src/Rescue_Car_ws/install/geometry_msgs:/root/ros_ws/src/Rescue_Car_ws/install/std_msgs:/root/ros_ws/src/Rescue_Car_ws/install/builtin_interfaces:/opt/ros/humble LD_LIBRARY_PATH=/root/ros_ws/src/Rescue_Car_ws/install/sensor_msgs/lib:/root/ros_ws/src/Rescue_Car_ws/install/geometry_msgs/lib:/root/ros_ws/src/Rescue_Car_ws/install/std_msgs/lib:/root/ros_ws/src/Rescue_Car_ws/install/builtin_interfaces/lib:${LD_LIBRARY_PATH} PYTHONPATH=/root/ros_ws/src/Rescue_Car_ws/install/sensor_msgs/local/lib/python3.10/dist-packages:/root/ros_ws/src/Rescue_Car_ws/install/geometry_msgs/local/lib/python3.10/dist-packages:/root/ros_ws/src/Rescue_Car_ws/install/std_msgs/local/lib/python3.10/dist-packages:/root/ros_ws/src/Rescue_Car_ws/install/builtin_interfaces/local/lib/python3.10/dist-packages:${PYTHONPATH} /usr/bin/cmake --install /root/ros_ws/src/Rescue_Car_ws/build/stereo_msgs
