[0.028s] Invoking command in '/root/ros_ws/src/Rescue_Car_ws/build/std_srvs': CMAKE_PREFIX_PATH=/opt/ros/humble /usr/bin/cmake /root/ros_ws/src/Rescue_Car_ws/src/microros/src/ros2/common_interfaces/std_srvs -DCMAKE_INSTALL_PREFIX=/root/ros_ws/src/Rescue_Car_ws/install/std_srvs
[0.206s] -- The C compiler identification is GNU 11.4.0
[0.726s] -- The CXX compiler identification is GNU 11.4.0
[1.142s] -- Detecting C compiler ABI info
[1.257s] -- Detecting C compiler ABI info - done
[1.262s] -- Check for working C compiler: /usr/bin/cc - skipped
[1.263s] -- Detecting C compile features
[1.263s] -- Detecting C compile features - done
[1.264s] -- Detecting CXX compiler ABI info
[1.388s] -- Detecting CXX compiler ABI info - done
[1.396s] -- Check for working CXX compiler: /usr/bin/c++ - skipped
[1.396s] -- Detecting CXX compile features
[1.397s] -- Detecting CXX compile features - done
[1.398s] -- Found ament_cmake: 1.3.12 (/opt/ros/humble/share/ament_cmake/cmake)
[1.510s] -- Found Python3: /usr/bin/python3 (found version "3.10.12") found components: Interpreter 
[1.585s] -- Found rosidl_default_generators: 1.2.0 (/opt/ros/humble/share/rosidl_default_generators/cmake)
[1.589s] -- Using all available rosidl_typesupport_c: rosidl_typesupport_fastrtps_c;rosidl_typesupport_introspection_c
[1.594s] -- Found rosidl_adapter: 3.1.7 (/opt/ros/humble/share/rosidl_adapter/cmake)
[1.760s] -- Using all available rosidl_typesupport_cpp: rosidl_typesupport_fastrtps_cpp;rosidl_typesupport_introspection_cpp
[2.015s] -- Found ament_cmake_cppcheck: 0.12.14 (/opt/ros/humble/share/ament_cmake_cppcheck/cmake)
[2.017s] -- Found ament_cmake_cpplint: 0.12.14 (/opt/ros/humble/share/ament_cmake_cpplint/cmake)
[2.018s] -- Found ament_cmake_uncrustify: 0.12.14 (/opt/ros/humble/share/ament_cmake_uncrustify/cmake)
[2.020s] -- Found ament_cmake_ros: 0.10.0 (/opt/ros/humble/share/ament_cmake_ros/cmake)
[2.158s] -- Using all available rosidl_typesupport_c: rosidl_typesupport_fastrtps_c;rosidl_typesupport_introspection_c
[2.367s] -- Using all available rosidl_typesupport_cpp: rosidl_typesupport_fastrtps_cpp;rosidl_typesupport_introspection_cpp
[2.483s] -- Found PythonInterp: /usr/bin/python3 (found suitable version "3.10.12", minimum required is "3.6") 
[2.486s] -- Found python_cmake_module: 0.10.0 (/opt/ros/humble/share/python_cmake_module/cmake)
[2.851s] -- Found PythonLibs: /usr/lib/x86_64-linux-gnu/libpython3.10.so (found suitable version "3.10.12", minimum required is "3.5") 
[2.851s] -- Using PYTHON_EXECUTABLE: /usr/bin/python3
[2.851s] -- Using PYTHON_INCLUDE_DIRS: /usr/include/python3.10
[2.851s] -- Using PYTHON_LIBRARIES: /usr/lib/x86_64-linux-gnu/libpython3.10.so
[2.869s] -- Found PythonExtra: .so  
[2.947s] -- Found ament_cmake_flake8: 0.12.14 (/opt/ros/humble/share/ament_cmake_flake8/cmake)
[2.949s] -- Found ament_cmake_pep257: 0.12.14 (/opt/ros/humble/share/ament_cmake_pep257/cmake)
[2.961s] -- Configuring done
[3.000s] -- Generating done
[3.008s] -- Build files have been written to: /root/ros_ws/src/Rescue_Car_ws/build/std_srvs
[3.016s] Invoked command in '/root/ros_ws/src/Rescue_Car_ws/build/std_srvs' returned '0': CMAKE_PREFIX_PATH=/opt/ros/humble /usr/bin/cmake /root/ros_ws/src/Rescue_Car_ws/src/microros/src/ros2/common_interfaces/std_srvs -DCMAKE_INSTALL_PREFIX=/root/ros_ws/src/Rescue_Car_ws/install/std_srvs
[3.019s] Invoking command in '/root/ros_ws/src/Rescue_Car_ws/build/std_srvs': CMAKE_PREFIX_PATH=/opt/ros/humble /usr/bin/cmake --build /root/ros_ws/src/Rescue_Car_ws/build/std_srvs -- -j20 -l20
[3.054s] [  2%] [34m[1mGenerating C code for ROS interfaces[0m
[3.060s] [  4%] [34m[1mGenerating C++ code for ROS interfaces[0m
[3.077s] [  4%] Built target ament_cmake_python_copy_std_srvs
[3.353s] running egg_info
[3.355s] creating std_srvs.egg-info
[3.355s] writing std_srvs.egg-info/PKG-INFO
[3.356s] writing dependency_links to std_srvs.egg-info/dependency_links.txt
[3.357s] writing top-level names to std_srvs.egg-info/top_level.txt
[3.357s] writing manifest file 'std_srvs.egg-info/SOURCES.txt'
[3.361s] reading manifest file 'std_srvs.egg-info/SOURCES.txt'
[3.362s] writing manifest file 'std_srvs.egg-info/SOURCES.txt'
[3.398s] [  4%] Built target ament_cmake_python_build_std_srvs_egg
[3.704s] [  4%] Built target std_srvs__cpp
[3.731s] [  6%] [34m[1mGenerating C++ introspection for ROS interfaces[0m
[3.731s] [  8%] [34m[1mGenerating C++ type support for eProsima Fast-RTPS[0m
[3.734s] [ 10%] [34m[1mGenerating C++ type support dispatch for ROS interfaces[0m
[3.755s] [ 12%] [32mBuilding C object CMakeFiles/std_srvs__rosidl_generator_c.dir/rosidl_generator_c/std_srvs/srv/detail/empty__functions.c.o[0m
[3.786s] [ 14%] [32mBuilding C object CMakeFiles/std_srvs__rosidl_generator_c.dir/rosidl_generator_c/std_srvs/srv/detail/set_bool__functions.c.o[0m
[3.799s] [ 17%] [32mBuilding C object CMakeFiles/std_srvs__rosidl_generator_c.dir/rosidl_generator_c/std_srvs/srv/detail/trigger__functions.c.o[0m
[3.983s] [ 19%] [32m[1mLinking C shared library libstd_srvs__rosidl_generator_c.so[0m
[4.471s] [ 21%] [32mBuilding CXX object CMakeFiles/std_srvs__rosidl_typesupport_cpp.dir/rosidl_typesupport_cpp/std_srvs/srv/empty__type_support.cpp.o[0m
[4.476s] [ 25%] [32mBuilding CXX object CMakeFiles/std_srvs__rosidl_typesupport_cpp.dir/rosidl_typesupport_cpp/std_srvs/srv/trigger__type_support.cpp.o[0m
[4.481s] [ 25%] [32mBuilding CXX object CMakeFiles/std_srvs__rosidl_typesupport_cpp.dir/rosidl_typesupport_cpp/std_srvs/srv/set_bool__type_support.cpp.o[0m
[4.547s] [ 27%] [32mBuilding CXX object CMakeFiles/std_srvs__rosidl_typesupport_introspection_cpp.dir/rosidl_typesupport_introspection_cpp/std_srvs/srv/detail/set_bool__type_support.cpp.o[0m
[4.548s] [ 29%] [32mBuilding CXX object CMakeFiles/std_srvs__rosidl_typesupport_introspection_cpp.dir/rosidl_typesupport_introspection_cpp/std_srvs/srv/detail/empty__type_support.cpp.o[0m
[4.555s] [ 31%] [32mBuilding CXX object CMakeFiles/std_srvs__rosidl_typesupport_introspection_cpp.dir/rosidl_typesupport_introspection_cpp/std_srvs/srv/detail/trigger__type_support.cpp.o[0m
[4.696s] [ 31%] Built target std_srvs__rosidl_generator_c
[4.722s] [ 34%] [32mBuilding CXX object CMakeFiles/std_srvs__rosidl_typesupport_fastrtps_cpp.dir/rosidl_typesupport_fastrtps_cpp/std_srvs/srv/detail/dds_fastrtps/empty__type_support.cpp.o[0m
[4.724s] [ 38%] [32mBuilding CXX object CMakeFiles/std_srvs__rosidl_typesupport_fastrtps_cpp.dir/rosidl_typesupport_fastrtps_cpp/std_srvs/srv/detail/dds_fastrtps/set_bool__type_support.cpp.o[0m
[4.724s] [ 38%] [32mBuilding CXX object CMakeFiles/std_srvs__rosidl_typesupport_fastrtps_cpp.dir/rosidl_typesupport_fastrtps_cpp/std_srvs/srv/detail/dds_fastrtps/trigger__type_support.cpp.o[0m
[4.724s] [ 40%] [34m[1mGenerating C introspection for ROS interfaces[0m
[4.730s] [ 42%] [34m[1mGenerating C type support for eProsima Fast-RTPS[0m
[4.749s] [ 44%] [34m[1mGenerating C type support dispatch for ROS interfaces[0m
[5.275s] [ 46%] [32m[1mLinking CXX shared library libstd_srvs__rosidl_typesupport_cpp.so[0m
[5.486s] [ 48%] [32m[1mLinking CXX shared library libstd_srvs__rosidl_typesupport_introspection_cpp.so[0m
[5.499s] [ 51%] [32mBuilding CXX object CMakeFiles/std_srvs__rosidl_typesupport_fastrtps_c.dir/rosidl_typesupport_fastrtps_c/std_srvs/srv/detail/set_bool__type_support_c.cpp.o[0m
[5.501s] [ 53%] [32mBuilding CXX object CMakeFiles/std_srvs__rosidl_typesupport_fastrtps_c.dir/rosidl_typesupport_fastrtps_c/std_srvs/srv/detail/empty__type_support_c.cpp.o[0m
[5.505s] [ 55%] [32mBuilding CXX object CMakeFiles/std_srvs__rosidl_typesupport_fastrtps_c.dir/rosidl_typesupport_fastrtps_c/std_srvs/srv/detail/trigger__type_support_c.cpp.o[0m
[5.518s] [ 57%] [32m[1mLinking CXX shared library libstd_srvs__rosidl_typesupport_fastrtps_cpp.so[0m
[5.524s] [ 59%] [32mBuilding CXX object CMakeFiles/std_srvs__rosidl_typesupport_c.dir/rosidl_typesupport_c/std_srvs/srv/empty__type_support.cpp.o[0m
[5.531s] [ 61%] [32mBuilding CXX object CMakeFiles/std_srvs__rosidl_typesupport_c.dir/rosidl_typesupport_c/std_srvs/srv/set_bool__type_support.cpp.o[0m
[5.535s] [ 63%] [32mBuilding CXX object CMakeFiles/std_srvs__rosidl_typesupport_c.dir/rosidl_typesupport_c/std_srvs/srv/trigger__type_support.cpp.o[0m
[5.584s] [ 65%] [32m[1mLinking CXX shared library libstd_srvs__rosidl_typesupport_c.so[0m
[5.648s] [ 68%] [32mBuilding C object CMakeFiles/std_srvs__rosidl_typesupport_introspection_c.dir/rosidl_typesupport_introspection_c/std_srvs/srv/detail/empty__type_support.c.o[0m
[5.652s] [ 70%] [32mBuilding C object CMakeFiles/std_srvs__rosidl_typesupport_introspection_c.dir/rosidl_typesupport_introspection_c/std_srvs/srv/detail/set_bool__type_support.c.o[0m
[5.656s] [ 72%] [32mBuilding C object CMakeFiles/std_srvs__rosidl_typesupport_introspection_c.dir/rosidl_typesupport_introspection_c/std_srvs/srv/detail/trigger__type_support.c.o[0m
[5.734s] [ 74%] [32m[1mLinking C shared library libstd_srvs__rosidl_typesupport_introspection_c.so[0m
[5.785s] [ 74%] Built target std_srvs__rosidl_typesupport_cpp
[5.906s] [ 74%] Built target std_srvs__rosidl_typesupport_introspection_cpp
[5.925s] [ 74%] Built target std_srvs__rosidl_typesupport_c
[5.931s] [ 74%] Built target std_srvs__rosidl_typesupport_fastrtps_cpp
[5.969s] [ 76%] [32m[1mLinking CXX shared library libstd_srvs__rosidl_typesupport_fastrtps_c.so[0m
[5.985s] [ 76%] Built target std_srvs__rosidl_typesupport_introspection_c
[6.154s] [ 76%] Built target std_srvs__rosidl_typesupport_fastrtps_c
[6.178s] [ 76%] Built target std_srvs
[6.209s] [ 78%] [34m[1mGenerating Python code for ROS interfaces[0m
[7.080s] [ 78%] Built target std_srvs__py
[7.153s] [ 80%] [32mBuilding C object CMakeFiles/std_srvs__rosidl_generator_py.dir/rosidl_generator_py/std_srvs/srv/_empty_s.c.o[0m
[7.156s] [ 82%] [32mBuilding C object CMakeFiles/std_srvs__rosidl_generator_py.dir/rosidl_generator_py/std_srvs/srv/_set_bool_s.c.o[0m
[7.163s] [ 85%] [32mBuilding C object CMakeFiles/std_srvs__rosidl_generator_py.dir/rosidl_generator_py/std_srvs/srv/_trigger_s.c.o[0m
[7.424s] [ 87%] [32m[1mLinking C shared library rosidl_generator_py/std_srvs/libstd_srvs__rosidl_generator_py.so[0m
[7.876s] [ 87%] Built target std_srvs__rosidl_generator_py
[7.920s] [ 89%] [32mBuilding C object CMakeFiles/std_srvs__rosidl_typesupport_c__pyext.dir/rosidl_generator_py/std_srvs/_std_srvs_s.ep.rosidl_typesupport_c.c.o[0m
[7.927s] [ 91%] [32mBuilding C object CMakeFiles/std_srvs__rosidl_typesupport_fastrtps_c__pyext.dir/rosidl_generator_py/std_srvs/_std_srvs_s.ep.rosidl_typesupport_fastrtps_c.c.o[0m
[7.948s] [ 93%] [32mBuilding C object CMakeFiles/std_srvs__rosidl_typesupport_introspection_c__pyext.dir/rosidl_generator_py/std_srvs/_std_srvs_s.ep.rosidl_typesupport_introspection_c.c.o[0m
[8.059s] [ 95%] [32m[1mLinking C shared library rosidl_generator_py/std_srvs/std_srvs_s__rosidl_typesupport_c.cpython-310-x86_64-linux-gnu.so[0m
[8.089s] [ 97%] [32m[1mLinking C shared library rosidl_generator_py/std_srvs/std_srvs_s__rosidl_typesupport_fastrtps_c.cpython-310-x86_64-linux-gnu.so[0m
[8.113s] [100%] [32m[1mLinking C shared library rosidl_generator_py/std_srvs/std_srvs_s__rosidl_typesupport_introspection_c.cpython-310-x86_64-linux-gnu.so[0m
[8.210s] [100%] Built target std_srvs__rosidl_typesupport_c__pyext
[8.223s] [100%] Built target std_srvs__rosidl_typesupport_fastrtps_c__pyext
[8.225s] [100%] Built target std_srvs__rosidl_typesupport_introspection_c__pyext
[8.286s] Invoked command in '/root/ros_ws/src/Rescue_Car_ws/build/std_srvs' returned '0': CMAKE_PREFIX_PATH=/opt/ros/humble /usr/bin/cmake --build /root/ros_ws/src/Rescue_Car_ws/build/std_srvs -- -j20 -l20
[8.289s] Invoking command in '/root/ros_ws/src/Rescue_Car_ws/build/std_srvs': CMAKE_PREFIX_PATH=/opt/ros/humble /usr/bin/cmake --install /root/ros_ws/src/Rescue_Car_ws/build/std_srvs
[8.298s] -- Install configuration: ""
[8.299s] -- Installing: /root/ros_ws/src/Rescue_Car_ws/install/std_srvs/share/ament_index/resource_index/rosidl_interfaces/std_srvs
[8.299s] -- Installing: /root/ros_ws/src/Rescue_Car_ws/install/std_srvs/include/std_srvs/std_srvs
[8.299s] -- Installing: /root/ros_ws/src/Rescue_Car_ws/install/std_srvs/include/std_srvs/std_srvs/srv
[8.300s] -- Installing: /root/ros_ws/src/Rescue_Car_ws/install/std_srvs/include/std_srvs/std_srvs/srv/set_bool.h
[8.300s] -- Installing: /root/ros_ws/src/Rescue_Car_ws/install/std_srvs/include/std_srvs/std_srvs/srv/detail
[8.300s] -- Installing: /root/ros_ws/src/Rescue_Car_ws/install/std_srvs/include/std_srvs/std_srvs/srv/detail/set_bool__functions.h
[8.301s] -- Installing: /root/ros_ws/src/Rescue_Car_ws/install/std_srvs/include/std_srvs/std_srvs/srv/detail/set_bool__functions.c
[8.301s] -- Installing: /root/ros_ws/src/Rescue_Car_ws/install/std_srvs/include/std_srvs/std_srvs/srv/detail/trigger__functions.h
[8.301s] -- Installing: /root/ros_ws/src/Rescue_Car_ws/install/std_srvs/include/std_srvs/std_srvs/srv/detail/set_bool__struct.h
[8.301s] -- Installing: /root/ros_ws/src/Rescue_Car_ws/install/std_srvs/include/std_srvs/std_srvs/srv/detail/empty__struct.h
[8.301s] -- Installing: /root/ros_ws/src/Rescue_Car_ws/install/std_srvs/include/std_srvs/std_srvs/srv/detail/trigger__struct.h
[8.302s] -- Installing: /root/ros_ws/src/Rescue_Car_ws/install/std_srvs/include/std_srvs/std_srvs/srv/detail/empty__type_support.h
[8.302s] -- Installing: /root/ros_ws/src/Rescue_Car_ws/install/std_srvs/include/std_srvs/std_srvs/srv/detail/trigger__functions.c
[8.302s] -- Installing: /root/ros_ws/src/Rescue_Car_ws/install/std_srvs/include/std_srvs/std_srvs/srv/detail/empty__functions.c
[8.302s] -- Installing: /root/ros_ws/src/Rescue_Car_ws/install/std_srvs/include/std_srvs/std_srvs/srv/detail/empty__functions.h
[8.303s] -- Installing: /root/ros_ws/src/Rescue_Car_ws/install/std_srvs/include/std_srvs/std_srvs/srv/detail/trigger__type_support.h
[8.303s] -- Installing: /root/ros_ws/src/Rescue_Car_ws/install/std_srvs/include/std_srvs/std_srvs/srv/detail/set_bool__type_support.h
[8.303s] -- Installing: /root/ros_ws/src/Rescue_Car_ws/install/std_srvs/include/std_srvs/std_srvs/srv/trigger.h
[8.303s] -- Installing: /root/ros_ws/src/Rescue_Car_ws/install/std_srvs/include/std_srvs/std_srvs/srv/empty.h
[8.303s] -- Installing: /root/ros_ws/src/Rescue_Car_ws/install/std_srvs/include/std_srvs/std_srvs/msg
[8.303s] -- Installing: /root/ros_ws/src/Rescue_Car_ws/install/std_srvs/include/std_srvs/std_srvs/msg/rosidl_generator_c__visibility_control.h
[8.304s] -- Installing: /root/ros_ws/src/Rescue_Car_ws/install/std_srvs/share/std_srvs/environment/library_path.sh
[8.304s] -- Installing: /root/ros_ws/src/Rescue_Car_ws/install/std_srvs/share/std_srvs/environment/library_path.dsv
[8.304s] -- Installing: /root/ros_ws/src/Rescue_Car_ws/install/std_srvs/lib/libstd_srvs__rosidl_generator_c.so
[8.305s] -- Set runtime path of "/root/ros_ws/src/Rescue_Car_ws/install/std_srvs/lib/libstd_srvs__rosidl_generator_c.so" to ""
[8.305s] -- Up-to-date: /root/ros_ws/src/Rescue_Car_ws/install/std_srvs/include/std_srvs/std_srvs
[8.306s] -- Up-to-date: /root/ros_ws/src/Rescue_Car_ws/install/std_srvs/include/std_srvs/std_srvs/srv
[8.306s] -- Up-to-date: /root/ros_ws/src/Rescue_Car_ws/install/std_srvs/include/std_srvs/std_srvs/srv/detail
[8.306s] -- Installing: /root/ros_ws/src/Rescue_Car_ws/install/std_srvs/include/std_srvs/std_srvs/srv/detail/set_bool__rosidl_typesupport_fastrtps_c.h
[8.306s] -- Installing: /root/ros_ws/src/Rescue_Car_ws/install/std_srvs/include/std_srvs/std_srvs/srv/detail/empty__rosidl_typesupport_fastrtps_c.h
[8.306s] -- Installing: /root/ros_ws/src/Rescue_Car_ws/install/std_srvs/include/std_srvs/std_srvs/srv/detail/trigger__rosidl_typesupport_fastrtps_c.h
[8.307s] -- Up-to-date: /root/ros_ws/src/Rescue_Car_ws/install/std_srvs/include/std_srvs/std_srvs/msg
[8.307s] -- Installing: /root/ros_ws/src/Rescue_Car_ws/install/std_srvs/include/std_srvs/std_srvs/msg/rosidl_typesupport_fastrtps_c__visibility_control.h
[8.307s] -- Installing: /root/ros_ws/src/Rescue_Car_ws/install/std_srvs/lib/libstd_srvs__rosidl_typesupport_fastrtps_c.so
[8.307s] -- Set runtime path of "/root/ros_ws/src/Rescue_Car_ws/install/std_srvs/lib/libstd_srvs__rosidl_typesupport_fastrtps_c.so" to ""
[8.307s] -- Up-to-date: /root/ros_ws/src/Rescue_Car_ws/install/std_srvs/include/std_srvs/std_srvs
[8.307s] -- Up-to-date: /root/ros_ws/src/Rescue_Car_ws/install/std_srvs/include/std_srvs/std_srvs/srv
[8.307s] -- Up-to-date: /root/ros_ws/src/Rescue_Car_ws/install/std_srvs/include/std_srvs/std_srvs/srv/detail
[8.308s] -- Installing: /root/ros_ws/src/Rescue_Car_ws/install/std_srvs/include/std_srvs/std_srvs/srv/detail/empty__rosidl_typesupport_introspection_c.h
[8.308s] -- Installing: /root/ros_ws/src/Rescue_Car_ws/install/std_srvs/include/std_srvs/std_srvs/srv/detail/trigger__rosidl_typesupport_introspection_c.h
[8.308s] -- Installing: /root/ros_ws/src/Rescue_Car_ws/install/std_srvs/include/std_srvs/std_srvs/srv/detail/empty__type_support.c
[8.308s] -- Installing: /root/ros_ws/src/Rescue_Car_ws/install/std_srvs/include/std_srvs/std_srvs/srv/detail/set_bool__rosidl_typesupport_introspection_c.h
[8.308s] -- Installing: /root/ros_ws/src/Rescue_Car_ws/install/std_srvs/include/std_srvs/std_srvs/srv/detail/trigger__type_support.c
[8.309s] -- Installing: /root/ros_ws/src/Rescue_Car_ws/install/std_srvs/include/std_srvs/std_srvs/srv/detail/set_bool__type_support.c
[8.309s] -- Up-to-date: /root/ros_ws/src/Rescue_Car_ws/install/std_srvs/include/std_srvs/std_srvs/msg
[8.309s] -- Installing: /root/ros_ws/src/Rescue_Car_ws/install/std_srvs/include/std_srvs/std_srvs/msg/rosidl_typesupport_introspection_c__visibility_control.h
[8.310s] -- Installing: /root/ros_ws/src/Rescue_Car_ws/install/std_srvs/lib/libstd_srvs__rosidl_typesupport_introspection_c.so
[8.310s] -- Set runtime path of "/root/ros_ws/src/Rescue_Car_ws/install/std_srvs/lib/libstd_srvs__rosidl_typesupport_introspection_c.so" to ""
[8.310s] -- Installing: /root/ros_ws/src/Rescue_Car_ws/install/std_srvs/lib/libstd_srvs__rosidl_typesupport_c.so
[8.310s] -- Set runtime path of "/root/ros_ws/src/Rescue_Car_ws/install/std_srvs/lib/libstd_srvs__rosidl_typesupport_c.so" to ""
[8.310s] -- Up-to-date: /root/ros_ws/src/Rescue_Car_ws/install/std_srvs/include/std_srvs/std_srvs
[8.310s] -- Up-to-date: /root/ros_ws/src/Rescue_Car_ws/install/std_srvs/include/std_srvs/std_srvs/srv
[8.310s] -- Installing: /root/ros_ws/src/Rescue_Car_ws/install/std_srvs/include/std_srvs/std_srvs/srv/set_bool.hpp
[8.310s] -- Installing: /root/ros_ws/src/Rescue_Car_ws/install/std_srvs/include/std_srvs/std_srvs/srv/empty.hpp
[8.310s] -- Installing: /root/ros_ws/src/Rescue_Car_ws/install/std_srvs/include/std_srvs/std_srvs/srv/trigger.hpp
[8.311s] -- Up-to-date: /root/ros_ws/src/Rescue_Car_ws/install/std_srvs/include/std_srvs/std_srvs/srv/detail
[8.311s] -- Installing: /root/ros_ws/src/Rescue_Car_ws/install/std_srvs/include/std_srvs/std_srvs/srv/detail/empty__builder.hpp
[8.311s] -- Installing: /root/ros_ws/src/Rescue_Car_ws/install/std_srvs/include/std_srvs/std_srvs/srv/detail/trigger__type_support.hpp
[8.311s] -- Installing: /root/ros_ws/src/Rescue_Car_ws/install/std_srvs/include/std_srvs/std_srvs/srv/detail/set_bool__struct.hpp
[8.311s] -- Installing: /root/ros_ws/src/Rescue_Car_ws/install/std_srvs/include/std_srvs/std_srvs/srv/detail/set_bool__type_support.hpp
[8.311s] -- Installing: /root/ros_ws/src/Rescue_Car_ws/install/std_srvs/include/std_srvs/std_srvs/srv/detail/set_bool__builder.hpp
[8.311s] -- Installing: /root/ros_ws/src/Rescue_Car_ws/install/std_srvs/include/std_srvs/std_srvs/srv/detail/empty__traits.hpp
[8.312s] -- Installing: /root/ros_ws/src/Rescue_Car_ws/install/std_srvs/include/std_srvs/std_srvs/srv/detail/trigger__struct.hpp
[8.312s] -- Installing: /root/ros_ws/src/Rescue_Car_ws/install/std_srvs/include/std_srvs/std_srvs/srv/detail/empty__struct.hpp
[8.312s] -- Installing: /root/ros_ws/src/Rescue_Car_ws/install/std_srvs/include/std_srvs/std_srvs/srv/detail/trigger__traits.hpp
[8.312s] -- Installing: /root/ros_ws/src/Rescue_Car_ws/install/std_srvs/include/std_srvs/std_srvs/srv/detail/set_bool__traits.hpp
[8.312s] -- Installing: /root/ros_ws/src/Rescue_Car_ws/install/std_srvs/include/std_srvs/std_srvs/srv/detail/trigger__builder.hpp
[8.313s] -- Installing: /root/ros_ws/src/Rescue_Car_ws/install/std_srvs/include/std_srvs/std_srvs/srv/detail/empty__type_support.hpp
[8.313s] -- Up-to-date: /root/ros_ws/src/Rescue_Car_ws/install/std_srvs/include/std_srvs/std_srvs/msg
[8.313s] -- Installing: /root/ros_ws/src/Rescue_Car_ws/install/std_srvs/include/std_srvs/std_srvs/msg/rosidl_generator_cpp__visibility_control.hpp
[8.314s] -- Up-to-date: /root/ros_ws/src/Rescue_Car_ws/install/std_srvs/include/std_srvs/std_srvs
[8.314s] -- Up-to-date: /root/ros_ws/src/Rescue_Car_ws/install/std_srvs/include/std_srvs/std_srvs/srv
[8.314s] -- Up-to-date: /root/ros_ws/src/Rescue_Car_ws/install/std_srvs/include/std_srvs/std_srvs/srv/detail
[8.314s] -- Installing: /root/ros_ws/src/Rescue_Car_ws/install/std_srvs/include/std_srvs/std_srvs/srv/detail/empty__rosidl_typesupport_fastrtps_cpp.hpp
[8.315s] -- Installing: /root/ros_ws/src/Rescue_Car_ws/install/std_srvs/include/std_srvs/std_srvs/srv/detail/dds_fastrtps
[8.315s] -- Installing: /root/ros_ws/src/Rescue_Car_ws/install/std_srvs/include/std_srvs/std_srvs/srv/detail/set_bool__rosidl_typesupport_fastrtps_cpp.hpp
[8.315s] -- Installing: /root/ros_ws/src/Rescue_Car_ws/install/std_srvs/include/std_srvs/std_srvs/srv/detail/trigger__rosidl_typesupport_fastrtps_cpp.hpp
[8.315s] -- Up-to-date: /root/ros_ws/src/Rescue_Car_ws/install/std_srvs/include/std_srvs/std_srvs/msg
[8.316s] -- Installing: /root/ros_ws/src/Rescue_Car_ws/install/std_srvs/include/std_srvs/std_srvs/msg/rosidl_typesupport_fastrtps_cpp__visibility_control.h
[8.316s] -- Installing: /root/ros_ws/src/Rescue_Car_ws/install/std_srvs/lib/libstd_srvs__rosidl_typesupport_fastrtps_cpp.so
[8.317s] -- Set runtime path of "/root/ros_ws/src/Rescue_Car_ws/install/std_srvs/lib/libstd_srvs__rosidl_typesupport_fastrtps_cpp.so" to ""
[8.317s] -- Up-to-date: /root/ros_ws/src/Rescue_Car_ws/install/std_srvs/include/std_srvs/std_srvs
[8.317s] -- Up-to-date: /root/ros_ws/src/Rescue_Car_ws/install/std_srvs/include/std_srvs/std_srvs/srv
[8.317s] -- Up-to-date: /root/ros_ws/src/Rescue_Car_ws/install/std_srvs/include/std_srvs/std_srvs/srv/detail
[8.317s] -- Installing: /root/ros_ws/src/Rescue_Car_ws/install/std_srvs/include/std_srvs/std_srvs/srv/detail/set_bool__type_support.cpp
[8.318s] -- Installing: /root/ros_ws/src/Rescue_Car_ws/install/std_srvs/include/std_srvs/std_srvs/srv/detail/trigger__rosidl_typesupport_introspection_cpp.hpp
[8.318s] -- Installing: /root/ros_ws/src/Rescue_Car_ws/install/std_srvs/include/std_srvs/std_srvs/srv/detail/empty__rosidl_typesupport_introspection_cpp.hpp
[8.318s] -- Installing: /root/ros_ws/src/Rescue_Car_ws/install/std_srvs/include/std_srvs/std_srvs/srv/detail/trigger__type_support.cpp
[8.318s] -- Installing: /root/ros_ws/src/Rescue_Car_ws/install/std_srvs/include/std_srvs/std_srvs/srv/detail/set_bool__rosidl_typesupport_introspection_cpp.hpp
[8.318s] -- Installing: /root/ros_ws/src/Rescue_Car_ws/install/std_srvs/include/std_srvs/std_srvs/srv/detail/empty__type_support.cpp
[8.318s] -- Installing: /root/ros_ws/src/Rescue_Car_ws/install/std_srvs/lib/libstd_srvs__rosidl_typesupport_introspection_cpp.so
[8.318s] -- Set runtime path of "/root/ros_ws/src/Rescue_Car_ws/install/std_srvs/lib/libstd_srvs__rosidl_typesupport_introspection_cpp.so" to ""
[8.318s] -- Installing: /root/ros_ws/src/Rescue_Car_ws/install/std_srvs/lib/libstd_srvs__rosidl_typesupport_cpp.so
[8.318s] -- Set runtime path of "/root/ros_ws/src/Rescue_Car_ws/install/std_srvs/lib/libstd_srvs__rosidl_typesupport_cpp.so" to ""
[8.319s] -- Installing: /root/ros_ws/src/Rescue_Car_ws/install/std_srvs/share/std_srvs/environment/pythonpath.sh
[8.319s] -- Installing: /root/ros_ws/src/Rescue_Car_ws/install/std_srvs/share/std_srvs/environment/pythonpath.dsv
[8.319s] -- Installing: /root/ros_ws/src/Rescue_Car_ws/install/std_srvs/local/lib/python3.10/dist-packages/std_srvs-4.9.0-py3.10.egg-info
[8.319s] -- Installing: /root/ros_ws/src/Rescue_Car_ws/install/std_srvs/local/lib/python3.10/dist-packages/std_srvs-4.9.0-py3.10.egg-info/dependency_links.txt
[8.320s] -- Installing: /root/ros_ws/src/Rescue_Car_ws/install/std_srvs/local/lib/python3.10/dist-packages/std_srvs-4.9.0-py3.10.egg-info/SOURCES.txt
[8.321s] -- Installing: /root/ros_ws/src/Rescue_Car_ws/install/std_srvs/local/lib/python3.10/dist-packages/std_srvs-4.9.0-py3.10.egg-info/PKG-INFO
[8.321s] -- Installing: /root/ros_ws/src/Rescue_Car_ws/install/std_srvs/local/lib/python3.10/dist-packages/std_srvs-4.9.0-py3.10.egg-info/top_level.txt
[8.321s] -- Installing: /root/ros_ws/src/Rescue_Car_ws/install/std_srvs/local/lib/python3.10/dist-packages/std_srvs
[8.322s] -- Installing: /root/ros_ws/src/Rescue_Car_ws/install/std_srvs/local/lib/python3.10/dist-packages/std_srvs/std_srvs_s__rosidl_typesupport_c.cpython-310-x86_64-linux-gnu.so
[8.322s] -- Installing: /root/ros_ws/src/Rescue_Car_ws/install/std_srvs/local/lib/python3.10/dist-packages/std_srvs/_std_srvs_s.ep.rosidl_typesupport_c.c
[8.322s] -- Installing: /root/ros_ws/src/Rescue_Car_ws/install/std_srvs/local/lib/python3.10/dist-packages/std_srvs/libstd_srvs__rosidl_generator_py.so
[8.323s] -- Installing: /root/ros_ws/src/Rescue_Car_ws/install/std_srvs/local/lib/python3.10/dist-packages/std_srvs/_std_srvs_s.ep.rosidl_typesupport_fastrtps_c.c
[8.323s] -- Installing: /root/ros_ws/src/Rescue_Car_ws/install/std_srvs/local/lib/python3.10/dist-packages/std_srvs/std_srvs_s__rosidl_typesupport_fastrtps_c.cpython-310-x86_64-linux-gnu.so
[8.323s] -- Installing: /root/ros_ws/src/Rescue_Car_ws/install/std_srvs/local/lib/python3.10/dist-packages/std_srvs/srv
[8.323s] -- Installing: /root/ros_ws/src/Rescue_Car_ws/install/std_srvs/local/lib/python3.10/dist-packages/std_srvs/srv/_trigger.py
[8.323s] -- Installing: /root/ros_ws/src/Rescue_Car_ws/install/std_srvs/local/lib/python3.10/dist-packages/std_srvs/srv/_empty_s.c
[8.323s] -- Installing: /root/ros_ws/src/Rescue_Car_ws/install/std_srvs/local/lib/python3.10/dist-packages/std_srvs/srv/_set_bool_s.c
[8.323s] -- Installing: /root/ros_ws/src/Rescue_Car_ws/install/std_srvs/local/lib/python3.10/dist-packages/std_srvs/srv/_trigger_s.c
[8.323s] -- Installing: /root/ros_ws/src/Rescue_Car_ws/install/std_srvs/local/lib/python3.10/dist-packages/std_srvs/srv/__init__.py
[8.324s] -- Installing: /root/ros_ws/src/Rescue_Car_ws/install/std_srvs/local/lib/python3.10/dist-packages/std_srvs/srv/_set_bool.py
[8.324s] -- Installing: /root/ros_ws/src/Rescue_Car_ws/install/std_srvs/local/lib/python3.10/dist-packages/std_srvs/srv/_empty.py
[8.324s] -- Installing: /root/ros_ws/src/Rescue_Car_ws/install/std_srvs/local/lib/python3.10/dist-packages/std_srvs/__init__.py
[8.324s] -- Installing: /root/ros_ws/src/Rescue_Car_ws/install/std_srvs/local/lib/python3.10/dist-packages/std_srvs/_std_srvs_s.ep.rosidl_typesupport_introspection_c.c
[8.324s] -- Installing: /root/ros_ws/src/Rescue_Car_ws/install/std_srvs/local/lib/python3.10/dist-packages/std_srvs/std_srvs_s__rosidl_typesupport_introspection_c.cpython-310-x86_64-linux-gnu.so
[8.346s] Listing '/root/ros_ws/src/Rescue_Car_ws/install/std_srvs/local/lib/python3.10/dist-packages/std_srvs'...
[8.346s] Compiling '/root/ros_ws/src/Rescue_Car_ws/install/std_srvs/local/lib/python3.10/dist-packages/std_srvs/__init__.py'...
[8.346s] Listing '/root/ros_ws/src/Rescue_Car_ws/install/std_srvs/local/lib/python3.10/dist-packages/std_srvs/srv'...
[8.346s] Compiling '/root/ros_ws/src/Rescue_Car_ws/install/std_srvs/local/lib/python3.10/dist-packages/std_srvs/srv/__init__.py'...
[8.346s] Compiling '/root/ros_ws/src/Rescue_Car_ws/install/std_srvs/local/lib/python3.10/dist-packages/std_srvs/srv/_empty.py'...
[8.346s] Compiling '/root/ros_ws/src/Rescue_Car_ws/install/std_srvs/local/lib/python3.10/dist-packages/std_srvs/srv/_set_bool.py'...
[8.346s] Compiling '/root/ros_ws/src/Rescue_Car_ws/install/std_srvs/local/lib/python3.10/dist-packages/std_srvs/srv/_trigger.py'...
[8.353s] -- Installing: /root/ros_ws/src/Rescue_Car_ws/install/std_srvs/local/lib/python3.10/dist-packages/std_srvs/std_srvs_s__rosidl_typesupport_fastrtps_c.cpython-310-x86_64-linux-gnu.so
[8.353s] -- Set runtime path of "/root/ros_ws/src/Rescue_Car_ws/install/std_srvs/local/lib/python3.10/dist-packages/std_srvs/std_srvs_s__rosidl_typesupport_fastrtps_c.cpython-310-x86_64-linux-gnu.so" to ""
[8.353s] -- Installing: /root/ros_ws/src/Rescue_Car_ws/install/std_srvs/local/lib/python3.10/dist-packages/std_srvs/std_srvs_s__rosidl_typesupport_introspection_c.cpython-310-x86_64-linux-gnu.so
[8.354s] -- Set runtime path of "/root/ros_ws/src/Rescue_Car_ws/install/std_srvs/local/lib/python3.10/dist-packages/std_srvs/std_srvs_s__rosidl_typesupport_introspection_c.cpython-310-x86_64-linux-gnu.so" to ""
[8.354s] -- Installing: /root/ros_ws/src/Rescue_Car_ws/install/std_srvs/local/lib/python3.10/dist-packages/std_srvs/std_srvs_s__rosidl_typesupport_c.cpython-310-x86_64-linux-gnu.so
[8.354s] -- Set runtime path of "/root/ros_ws/src/Rescue_Car_ws/install/std_srvs/local/lib/python3.10/dist-packages/std_srvs/std_srvs_s__rosidl_typesupport_c.cpython-310-x86_64-linux-gnu.so" to ""
[8.356s] -- Installing: /root/ros_ws/src/Rescue_Car_ws/install/std_srvs/lib/libstd_srvs__rosidl_generator_py.so
[8.358s] -- Set runtime path of "/root/ros_ws/src/Rescue_Car_ws/install/std_srvs/lib/libstd_srvs__rosidl_generator_py.so" to ""
[8.358s] -- Installing: /root/ros_ws/src/Rescue_Car_ws/install/std_srvs/share/std_srvs/srv/Empty.idl
[8.358s] -- Installing: /root/ros_ws/src/Rescue_Car_ws/install/std_srvs/share/std_srvs/srv/SetBool.idl
[8.358s] -- Installing: /root/ros_ws/src/Rescue_Car_ws/install/std_srvs/share/std_srvs/srv/Trigger.idl
[8.358s] -- Installing: /root/ros_ws/src/Rescue_Car_ws/install/std_srvs/share/std_srvs/srv/Empty.srv
[8.358s] -- Installing: /root/ros_ws/src/Rescue_Car_ws/install/std_srvs/share/std_srvs/srv/Empty_Request.msg
[8.358s] -- Installing: /root/ros_ws/src/Rescue_Car_ws/install/std_srvs/share/std_srvs/srv/Empty_Response.msg
[8.358s] -- Installing: /root/ros_ws/src/Rescue_Car_ws/install/std_srvs/share/std_srvs/srv/SetBool.srv
[8.359s] -- Installing: /root/ros_ws/src/Rescue_Car_ws/install/std_srvs/share/std_srvs/srv/SetBool_Request.msg
[8.359s] -- Installing: /root/ros_ws/src/Rescue_Car_ws/install/std_srvs/share/std_srvs/srv/SetBool_Response.msg
[8.359s] -- Installing: /root/ros_ws/src/Rescue_Car_ws/install/std_srvs/share/std_srvs/srv/Trigger.srv
[8.359s] -- Installing: /root/ros_ws/src/Rescue_Car_ws/install/std_srvs/share/std_srvs/srv/Trigger_Request.msg
[8.359s] -- Installing: /root/ros_ws/src/Rescue_Car_ws/install/std_srvs/share/std_srvs/srv/Trigger_Response.msg
[8.359s] -- Installing: /root/ros_ws/src/Rescue_Car_ws/install/std_srvs/share/ament_index/resource_index/package_run_dependencies/std_srvs
[8.359s] -- Installing: /root/ros_ws/src/Rescue_Car_ws/install/std_srvs/share/ament_index/resource_index/parent_prefix_path/std_srvs
[8.359s] -- Installing: /root/ros_ws/src/Rescue_Car_ws/install/std_srvs/share/std_srvs/environment/ament_prefix_path.sh
[8.359s] -- Installing: /root/ros_ws/src/Rescue_Car_ws/install/std_srvs/share/std_srvs/environment/ament_prefix_path.dsv
[8.360s] -- Installing: /root/ros_ws/src/Rescue_Car_ws/install/std_srvs/share/std_srvs/environment/path.sh
[8.360s] -- Installing: /root/ros_ws/src/Rescue_Car_ws/install/std_srvs/share/std_srvs/environment/path.dsv
[8.360s] -- Installing: /root/ros_ws/src/Rescue_Car_ws/install/std_srvs/share/std_srvs/local_setup.bash
[8.360s] -- Installing: /root/ros_ws/src/Rescue_Car_ws/install/std_srvs/share/std_srvs/local_setup.sh
[8.360s] -- Installing: /root/ros_ws/src/Rescue_Car_ws/install/std_srvs/share/std_srvs/local_setup.zsh
[8.360s] -- Installing: /root/ros_ws/src/Rescue_Car_ws/install/std_srvs/share/std_srvs/local_setup.dsv
[8.360s] -- Installing: /root/ros_ws/src/Rescue_Car_ws/install/std_srvs/share/std_srvs/package.dsv
[8.360s] -- Installing: /root/ros_ws/src/Rescue_Car_ws/install/std_srvs/share/ament_index/resource_index/packages/std_srvs
[8.361s] -- Installing: /root/ros_ws/src/Rescue_Car_ws/install/std_srvs/share/std_srvs/cmake/export_std_srvs__rosidl_generator_cExport.cmake
[8.361s] -- Installing: /root/ros_ws/src/Rescue_Car_ws/install/std_srvs/share/std_srvs/cmake/export_std_srvs__rosidl_generator_cExport-noconfig.cmake
[8.361s] -- Installing: /root/ros_ws/src/Rescue_Car_ws/install/std_srvs/share/std_srvs/cmake/export_std_srvs__rosidl_typesupport_fastrtps_cExport.cmake
[8.361s] -- Installing: /root/ros_ws/src/Rescue_Car_ws/install/std_srvs/share/std_srvs/cmake/export_std_srvs__rosidl_typesupport_fastrtps_cExport-noconfig.cmake
[8.362s] -- Installing: /root/ros_ws/src/Rescue_Car_ws/install/std_srvs/share/std_srvs/cmake/std_srvs__rosidl_typesupport_introspection_cExport.cmake
[8.362s] -- Installing: /root/ros_ws/src/Rescue_Car_ws/install/std_srvs/share/std_srvs/cmake/std_srvs__rosidl_typesupport_introspection_cExport-noconfig.cmake
[8.362s] -- Installing: /root/ros_ws/src/Rescue_Car_ws/install/std_srvs/share/std_srvs/cmake/std_srvs__rosidl_typesupport_cExport.cmake
[8.362s] -- Installing: /root/ros_ws/src/Rescue_Car_ws/install/std_srvs/share/std_srvs/cmake/std_srvs__rosidl_typesupport_cExport-noconfig.cmake
[8.363s] -- Installing: /root/ros_ws/src/Rescue_Car_ws/install/std_srvs/share/std_srvs/cmake/export_std_srvs__rosidl_generator_cppExport.cmake
[8.363s] -- Installing: /root/ros_ws/src/Rescue_Car_ws/install/std_srvs/share/std_srvs/cmake/export_std_srvs__rosidl_typesupport_fastrtps_cppExport.cmake
[8.363s] -- Installing: /root/ros_ws/src/Rescue_Car_ws/install/std_srvs/share/std_srvs/cmake/export_std_srvs__rosidl_typesupport_fastrtps_cppExport-noconfig.cmake
[8.363s] -- Installing: /root/ros_ws/src/Rescue_Car_ws/install/std_srvs/share/std_srvs/cmake/std_srvs__rosidl_typesupport_introspection_cppExport.cmake
[8.363s] -- Installing: /root/ros_ws/src/Rescue_Car_ws/install/std_srvs/share/std_srvs/cmake/std_srvs__rosidl_typesupport_introspection_cppExport-noconfig.cmake
[8.364s] -- Installing: /root/ros_ws/src/Rescue_Car_ws/install/std_srvs/share/std_srvs/cmake/std_srvs__rosidl_typesupport_cppExport.cmake
[8.364s] -- Installing: /root/ros_ws/src/Rescue_Car_ws/install/std_srvs/share/std_srvs/cmake/std_srvs__rosidl_typesupport_cppExport-noconfig.cmake
[8.364s] -- Installing: /root/ros_ws/src/Rescue_Car_ws/install/std_srvs/share/std_srvs/cmake/export_std_srvs__rosidl_generator_pyExport.cmake
[8.364s] -- Installing: /root/ros_ws/src/Rescue_Car_ws/install/std_srvs/share/std_srvs/cmake/export_std_srvs__rosidl_generator_pyExport-noconfig.cmake
[8.364s] -- Installing: /root/ros_ws/src/Rescue_Car_ws/install/std_srvs/share/std_srvs/cmake/rosidl_cmake-extras.cmake
[8.364s] -- Installing: /root/ros_ws/src/Rescue_Car_ws/install/std_srvs/share/std_srvs/cmake/ament_cmake_export_include_directories-extras.cmake
[8.364s] -- Installing: /root/ros_ws/src/Rescue_Car_ws/install/std_srvs/share/std_srvs/cmake/ament_cmake_export_libraries-extras.cmake
[8.365s] -- Installing: /root/ros_ws/src/Rescue_Car_ws/install/std_srvs/share/std_srvs/cmake/ament_cmake_export_targets-extras.cmake
[8.365s] -- Installing: /root/ros_ws/src/Rescue_Car_ws/install/std_srvs/share/std_srvs/cmake/rosidl_cmake_export_typesupport_targets-extras.cmake
[8.365s] -- Installing: /root/ros_ws/src/Rescue_Car_ws/install/std_srvs/share/std_srvs/cmake/ament_cmake_export_dependencies-extras.cmake
[8.365s] -- Installing: /root/ros_ws/src/Rescue_Car_ws/install/std_srvs/share/std_srvs/cmake/rosidl_cmake_export_typesupport_libraries-extras.cmake
[8.365s] -- Installing: /root/ros_ws/src/Rescue_Car_ws/install/std_srvs/share/std_srvs/cmake/std_srvsConfig.cmake
[8.366s] -- Installing: /root/ros_ws/src/Rescue_Car_ws/install/std_srvs/share/std_srvs/cmake/std_srvsConfig-version.cmake
[8.366s] -- Installing: /root/ros_ws/src/Rescue_Car_ws/install/std_srvs/share/std_srvs/package.xml
[8.368s] Invoked command in '/root/ros_ws/src/Rescue_Car_ws/build/std_srvs' returned '0': CMAKE_PREFIX_PATH=/opt/ros/humble /usr/bin/cmake --install /root/ros_ws/src/Rescue_Car_ws/build/std_srvs
