[0.046s] Invoking command in '/root/ros_ws/src/Rescue_Car_ws/build/builtin_interfaces': CMAKE_PREFIX_PATH=${CMAKE_PREFIX_PATH}:/root/ros_ws/src/Rescue_Car_ws/install/sensor_msgs_py:/opt/ros/humble /usr/bin/cmake --build /root/ros_ws/src/Rescue_Car_ws/build/builtin_interfaces -- -j20 -l20
[0.097s] [  2%] Built target builtin_interfaces__cpp
[0.112s] [ 12%] Built target builtin_interfaces__rosidl_generator_c
[0.118s] [ 12%] Built target ament_cmake_python_copy_builtin_interfaces
[0.138s] [ 23%] Built target builtin_interfaces__rosidl_typesupport_introspection_cpp
[0.151s] [ 33%] Built target builtin_interfaces__rosidl_typesupport_fastrtps_cpp
[0.153s] [ 43%] Built target builtin_interfaces__rosidl_typesupport_c
[0.153s] [ 53%] Built target builtin_interfaces__rosidl_typesupport_cpp
[0.164s] [ 64%] Built target builtin_interfaces__rosidl_typesupport_fastrtps_c
[0.164s] [ 74%] Built target builtin_interfaces__rosidl_typesupport_introspection_c
[0.225s] [ 74%] Built target builtin_interfaces
[0.231s] [ 76%] Built target builtin_interfaces__py
[0.264s] [ 84%] Built target builtin_interfaces__rosidl_generator_py
[0.296s] [ 89%] Built target builtin_interfaces__rosidl_typesupport_c__pyext
[0.297s] [ 94%] Built target builtin_interfaces__rosidl_typesupport_introspection_c__pyext
[0.303s] [100%] Built target builtin_interfaces__rosidl_typesupport_fastrtps_c__pyext
[0.417s] running egg_info
[0.418s] writing builtin_interfaces.egg-info/PKG-INFO
[0.419s] writing dependency_links to builtin_interfaces.egg-info/dependency_links.txt
[0.419s] writing top-level names to builtin_interfaces.egg-info/top_level.txt
[0.422s] reading manifest file 'builtin_interfaces.egg-info/SOURCES.txt'
[0.422s] writing manifest file 'builtin_interfaces.egg-info/SOURCES.txt'
[0.457s] [100%] Built target ament_cmake_python_build_builtin_interfaces_egg
[0.473s] Invoked command in '/root/ros_ws/src/Rescue_Car_ws/build/builtin_interfaces' returned '0': CMAKE_PREFIX_PATH=${CMAKE_PREFIX_PATH}:/root/ros_ws/src/Rescue_Car_ws/install/sensor_msgs_py:/opt/ros/humble /usr/bin/cmake --build /root/ros_ws/src/Rescue_Car_ws/build/builtin_interfaces -- -j20 -l20
[0.476s] Invoking command in '/root/ros_ws/src/Rescue_Car_ws/build/builtin_interfaces': CMAKE_PREFIX_PATH=${CMAKE_PREFIX_PATH}:/root/ros_ws/src/Rescue_Car_ws/install/sensor_msgs_py:/opt/ros/humble /usr/bin/cmake --install /root/ros_ws/src/Rescue_Car_ws/build/builtin_interfaces
[0.483s] -- Install configuration: ""
[0.483s] -- Up-to-date: /root/ros_ws/src/Rescue_Car_ws/install/builtin_interfaces/share/ament_index/resource_index/rosidl_interfaces/builtin_interfaces
[0.484s] -- Up-to-date: /root/ros_ws/src/Rescue_Car_ws/install/builtin_interfaces/include/builtin_interfaces/builtin_interfaces
[0.484s] -- Up-to-date: /root/ros_ws/src/Rescue_Car_ws/install/builtin_interfaces/include/builtin_interfaces/builtin_interfaces/msg
[0.485s] -- Up-to-date: /root/ros_ws/src/Rescue_Car_ws/install/builtin_interfaces/include/builtin_interfaces/builtin_interfaces/msg/duration.h
[0.485s] -- Up-to-date: /root/ros_ws/src/Rescue_Car_ws/install/builtin_interfaces/include/builtin_interfaces/builtin_interfaces/msg/detail
[0.486s] -- Up-to-date: /root/ros_ws/src/Rescue_Car_ws/install/builtin_interfaces/include/builtin_interfaces/builtin_interfaces/msg/detail/duration__functions.h
[0.486s] -- Up-to-date: /root/ros_ws/src/Rescue_Car_ws/install/builtin_interfaces/include/builtin_interfaces/builtin_interfaces/msg/detail/time__functions.c
[0.486s] -- Up-to-date: /root/ros_ws/src/Rescue_Car_ws/install/builtin_interfaces/include/builtin_interfaces/builtin_interfaces/msg/detail/time__type_support.h
[0.486s] -- Up-to-date: /root/ros_ws/src/Rescue_Car_ws/install/builtin_interfaces/include/builtin_interfaces/builtin_interfaces/msg/detail/time__struct.h
[0.486s] -- Up-to-date: /root/ros_ws/src/Rescue_Car_ws/install/builtin_interfaces/include/builtin_interfaces/builtin_interfaces/msg/detail/duration__type_support.h
[0.486s] -- Up-to-date: /root/ros_ws/src/Rescue_Car_ws/install/builtin_interfaces/include/builtin_interfaces/builtin_interfaces/msg/detail/duration__functions.c
[0.487s] -- Up-to-date: /root/ros_ws/src/Rescue_Car_ws/install/builtin_interfaces/include/builtin_interfaces/builtin_interfaces/msg/detail/time__functions.h
[0.487s] -- Up-to-date: /root/ros_ws/src/Rescue_Car_ws/install/builtin_interfaces/include/builtin_interfaces/builtin_interfaces/msg/detail/duration__struct.h
[0.487s] -- Up-to-date: /root/ros_ws/src/Rescue_Car_ws/install/builtin_interfaces/include/builtin_interfaces/builtin_interfaces/msg/rosidl_generator_c__visibility_control.h
[0.488s] -- Up-to-date: /root/ros_ws/src/Rescue_Car_ws/install/builtin_interfaces/include/builtin_interfaces/builtin_interfaces/msg/time.h
[0.488s] -- Up-to-date: /root/ros_ws/src/Rescue_Car_ws/install/builtin_interfaces/share/builtin_interfaces/environment/library_path.sh
[0.489s] -- Up-to-date: /root/ros_ws/src/Rescue_Car_ws/install/builtin_interfaces/share/builtin_interfaces/environment/library_path.dsv
[0.490s] -- Up-to-date: /root/ros_ws/src/Rescue_Car_ws/install/builtin_interfaces/lib/libbuiltin_interfaces__rosidl_generator_c.so
[0.490s] -- Up-to-date: /root/ros_ws/src/Rescue_Car_ws/install/builtin_interfaces/include/builtin_interfaces/builtin_interfaces
[0.491s] -- Up-to-date: /root/ros_ws/src/Rescue_Car_ws/install/builtin_interfaces/include/builtin_interfaces/builtin_interfaces/msg
[0.491s] -- Up-to-date: /root/ros_ws/src/Rescue_Car_ws/install/builtin_interfaces/include/builtin_interfaces/builtin_interfaces/msg/detail
[0.491s] -- Up-to-date: /root/ros_ws/src/Rescue_Car_ws/install/builtin_interfaces/include/builtin_interfaces/builtin_interfaces/msg/detail/time__rosidl_typesupport_fastrtps_c.h
[0.491s] -- Up-to-date: /root/ros_ws/src/Rescue_Car_ws/install/builtin_interfaces/include/builtin_interfaces/builtin_interfaces/msg/detail/duration__rosidl_typesupport_fastrtps_c.h
[0.491s] -- Up-to-date: /root/ros_ws/src/Rescue_Car_ws/install/builtin_interfaces/include/builtin_interfaces/builtin_interfaces/msg/rosidl_typesupport_fastrtps_c__visibility_control.h
[0.491s] -- Up-to-date: /root/ros_ws/src/Rescue_Car_ws/install/builtin_interfaces/lib/libbuiltin_interfaces__rosidl_typesupport_fastrtps_c.so
[0.491s] -- Up-to-date: /root/ros_ws/src/Rescue_Car_ws/install/builtin_interfaces/include/builtin_interfaces/builtin_interfaces
[0.491s] -- Up-to-date: /root/ros_ws/src/Rescue_Car_ws/install/builtin_interfaces/include/builtin_interfaces/builtin_interfaces/msg
[0.491s] -- Up-to-date: /root/ros_ws/src/Rescue_Car_ws/install/builtin_interfaces/include/builtin_interfaces/builtin_interfaces/msg/rosidl_typesupport_introspection_c__visibility_control.h
[0.491s] -- Up-to-date: /root/ros_ws/src/Rescue_Car_ws/install/builtin_interfaces/include/builtin_interfaces/builtin_interfaces/msg/detail
[0.491s] -- Up-to-date: /root/ros_ws/src/Rescue_Car_ws/install/builtin_interfaces/include/builtin_interfaces/builtin_interfaces/msg/detail/time__rosidl_typesupport_introspection_c.h
[0.491s] -- Up-to-date: /root/ros_ws/src/Rescue_Car_ws/install/builtin_interfaces/include/builtin_interfaces/builtin_interfaces/msg/detail/duration__rosidl_typesupport_introspection_c.h
[0.491s] -- Up-to-date: /root/ros_ws/src/Rescue_Car_ws/install/builtin_interfaces/include/builtin_interfaces/builtin_interfaces/msg/detail/time__type_support.c
[0.491s] -- Up-to-date: /root/ros_ws/src/Rescue_Car_ws/install/builtin_interfaces/include/builtin_interfaces/builtin_interfaces/msg/detail/duration__type_support.c
[0.491s] -- Up-to-date: /root/ros_ws/src/Rescue_Car_ws/install/builtin_interfaces/lib/libbuiltin_interfaces__rosidl_typesupport_introspection_c.so
[0.491s] -- Up-to-date: /root/ros_ws/src/Rescue_Car_ws/install/builtin_interfaces/lib/libbuiltin_interfaces__rosidl_typesupport_c.so
[0.491s] -- Up-to-date: /root/ros_ws/src/Rescue_Car_ws/install/builtin_interfaces/include/builtin_interfaces/builtin_interfaces
[0.492s] -- Up-to-date: /root/ros_ws/src/Rescue_Car_ws/install/builtin_interfaces/include/builtin_interfaces/builtin_interfaces/msg
[0.492s] -- Up-to-date: /root/ros_ws/src/Rescue_Car_ws/install/builtin_interfaces/include/builtin_interfaces/builtin_interfaces/msg/rosidl_generator_cpp__visibility_control.hpp
[0.492s] -- Up-to-date: /root/ros_ws/src/Rescue_Car_ws/install/builtin_interfaces/include/builtin_interfaces/builtin_interfaces/msg/detail
[0.492s] -- Up-to-date: /root/ros_ws/src/Rescue_Car_ws/install/builtin_interfaces/include/builtin_interfaces/builtin_interfaces/msg/detail/duration__struct.hpp
[0.492s] -- Up-to-date: /root/ros_ws/src/Rescue_Car_ws/install/builtin_interfaces/include/builtin_interfaces/builtin_interfaces/msg/detail/duration__type_support.hpp
[0.492s] -- Up-to-date: /root/ros_ws/src/Rescue_Car_ws/install/builtin_interfaces/include/builtin_interfaces/builtin_interfaces/msg/detail/time__struct.hpp
[0.492s] -- Up-to-date: /root/ros_ws/src/Rescue_Car_ws/install/builtin_interfaces/include/builtin_interfaces/builtin_interfaces/msg/detail/time__type_support.hpp
[0.492s] -- Up-to-date: /root/ros_ws/src/Rescue_Car_ws/install/builtin_interfaces/include/builtin_interfaces/builtin_interfaces/msg/detail/time__traits.hpp
[0.492s] -- Up-to-date: /root/ros_ws/src/Rescue_Car_ws/install/builtin_interfaces/include/builtin_interfaces/builtin_interfaces/msg/detail/duration__builder.hpp
[0.492s] -- Up-to-date: /root/ros_ws/src/Rescue_Car_ws/install/builtin_interfaces/include/builtin_interfaces/builtin_interfaces/msg/detail/duration__traits.hpp
[0.492s] -- Up-to-date: /root/ros_ws/src/Rescue_Car_ws/install/builtin_interfaces/include/builtin_interfaces/builtin_interfaces/msg/detail/time__builder.hpp
[0.492s] -- Up-to-date: /root/ros_ws/src/Rescue_Car_ws/install/builtin_interfaces/include/builtin_interfaces/builtin_interfaces/msg/time.hpp
[0.492s] -- Up-to-date: /root/ros_ws/src/Rescue_Car_ws/install/builtin_interfaces/include/builtin_interfaces/builtin_interfaces/msg/duration.hpp
[0.492s] -- Up-to-date: /root/ros_ws/src/Rescue_Car_ws/install/builtin_interfaces/include/builtin_interfaces/builtin_interfaces
[0.492s] -- Up-to-date: /root/ros_ws/src/Rescue_Car_ws/install/builtin_interfaces/include/builtin_interfaces/builtin_interfaces/msg
[0.492s] -- Up-to-date: /root/ros_ws/src/Rescue_Car_ws/install/builtin_interfaces/include/builtin_interfaces/builtin_interfaces/msg/rosidl_typesupport_fastrtps_cpp__visibility_control.h
[0.492s] -- Up-to-date: /root/ros_ws/src/Rescue_Car_ws/install/builtin_interfaces/include/builtin_interfaces/builtin_interfaces/msg/detail
[0.492s] -- Up-to-date: /root/ros_ws/src/Rescue_Car_ws/install/builtin_interfaces/include/builtin_interfaces/builtin_interfaces/msg/detail/duration__rosidl_typesupport_fastrtps_cpp.hpp
[0.492s] -- Up-to-date: /root/ros_ws/src/Rescue_Car_ws/install/builtin_interfaces/include/builtin_interfaces/builtin_interfaces/msg/detail/dds_fastrtps
[0.492s] -- Up-to-date: /root/ros_ws/src/Rescue_Car_ws/install/builtin_interfaces/include/builtin_interfaces/builtin_interfaces/msg/detail/time__rosidl_typesupport_fastrtps_cpp.hpp
[0.492s] -- Up-to-date: /root/ros_ws/src/Rescue_Car_ws/install/builtin_interfaces/lib/libbuiltin_interfaces__rosidl_typesupport_fastrtps_cpp.so
[0.492s] -- Up-to-date: /root/ros_ws/src/Rescue_Car_ws/install/builtin_interfaces/include/builtin_interfaces/builtin_interfaces
[0.492s] -- Up-to-date: /root/ros_ws/src/Rescue_Car_ws/install/builtin_interfaces/include/builtin_interfaces/builtin_interfaces/msg
[0.492s] -- Up-to-date: /root/ros_ws/src/Rescue_Car_ws/install/builtin_interfaces/include/builtin_interfaces/builtin_interfaces/msg/detail
[0.492s] -- Up-to-date: /root/ros_ws/src/Rescue_Car_ws/install/builtin_interfaces/include/builtin_interfaces/builtin_interfaces/msg/detail/duration__rosidl_typesupport_introspection_cpp.hpp
[0.492s] -- Up-to-date: /root/ros_ws/src/Rescue_Car_ws/install/builtin_interfaces/include/builtin_interfaces/builtin_interfaces/msg/detail/duration__type_support.cpp
[0.492s] -- Up-to-date: /root/ros_ws/src/Rescue_Car_ws/install/builtin_interfaces/include/builtin_interfaces/builtin_interfaces/msg/detail/time__type_support.cpp
[0.492s] -- Up-to-date: /root/ros_ws/src/Rescue_Car_ws/install/builtin_interfaces/include/builtin_interfaces/builtin_interfaces/msg/detail/time__rosidl_typesupport_introspection_cpp.hpp
[0.492s] -- Up-to-date: /root/ros_ws/src/Rescue_Car_ws/install/builtin_interfaces/lib/libbuiltin_interfaces__rosidl_typesupport_introspection_cpp.so
[0.492s] -- Up-to-date: /root/ros_ws/src/Rescue_Car_ws/install/builtin_interfaces/lib/libbuiltin_interfaces__rosidl_typesupport_cpp.so
[0.492s] -- Up-to-date: /root/ros_ws/src/Rescue_Car_ws/install/builtin_interfaces/share/builtin_interfaces/environment/pythonpath.sh
[0.492s] -- Up-to-date: /root/ros_ws/src/Rescue_Car_ws/install/builtin_interfaces/share/builtin_interfaces/environment/pythonpath.dsv
[0.492s] -- Up-to-date: /root/ros_ws/src/Rescue_Car_ws/install/builtin_interfaces/local/lib/python3.10/dist-packages/builtin_interfaces-1.2.2-py3.10.egg-info
[0.492s] -- Installing: /root/ros_ws/src/Rescue_Car_ws/install/builtin_interfaces/local/lib/python3.10/dist-packages/builtin_interfaces-1.2.2-py3.10.egg-info/dependency_links.txt
[0.492s] -- Installing: /root/ros_ws/src/Rescue_Car_ws/install/builtin_interfaces/local/lib/python3.10/dist-packages/builtin_interfaces-1.2.2-py3.10.egg-info/SOURCES.txt
[0.492s] -- Installing: /root/ros_ws/src/Rescue_Car_ws/install/builtin_interfaces/local/lib/python3.10/dist-packages/builtin_interfaces-1.2.2-py3.10.egg-info/PKG-INFO
[0.492s] -- Installing: /root/ros_ws/src/Rescue_Car_ws/install/builtin_interfaces/local/lib/python3.10/dist-packages/builtin_interfaces-1.2.2-py3.10.egg-info/top_level.txt
[0.493s] -- Up-to-date: /root/ros_ws/src/Rescue_Car_ws/install/builtin_interfaces/local/lib/python3.10/dist-packages/builtin_interfaces
[0.493s] -- Up-to-date: /root/ros_ws/src/Rescue_Car_ws/install/builtin_interfaces/local/lib/python3.10/dist-packages/builtin_interfaces/libbuiltin_interfaces__rosidl_generator_py.so
[0.493s] -- Up-to-date: /root/ros_ws/src/Rescue_Car_ws/install/builtin_interfaces/local/lib/python3.10/dist-packages/builtin_interfaces/builtin_interfaces_s__rosidl_typesupport_fastrtps_c.cpython-310-x86_64-linux-gnu.so
[0.493s] -- Up-to-date: /root/ros_ws/src/Rescue_Car_ws/install/builtin_interfaces/local/lib/python3.10/dist-packages/builtin_interfaces/builtin_interfaces_s__rosidl_typesupport_introspection_c.cpython-310-x86_64-linux-gnu.so
[0.493s] -- Up-to-date: /root/ros_ws/src/Rescue_Car_ws/install/builtin_interfaces/local/lib/python3.10/dist-packages/builtin_interfaces/_builtin_interfaces_s.ep.rosidl_typesupport_c.c
[0.493s] -- Up-to-date: /root/ros_ws/src/Rescue_Car_ws/install/builtin_interfaces/local/lib/python3.10/dist-packages/builtin_interfaces/_builtin_interfaces_s.ep.rosidl_typesupport_fastrtps_c.c
[0.493s] -- Up-to-date: /root/ros_ws/src/Rescue_Car_ws/install/builtin_interfaces/local/lib/python3.10/dist-packages/builtin_interfaces/builtin_interfaces_s__rosidl_typesupport_c.cpython-310-x86_64-linux-gnu.so
[0.493s] -- Up-to-date: /root/ros_ws/src/Rescue_Car_ws/install/builtin_interfaces/local/lib/python3.10/dist-packages/builtin_interfaces/__init__.py
[0.493s] -- Up-to-date: /root/ros_ws/src/Rescue_Car_ws/install/builtin_interfaces/local/lib/python3.10/dist-packages/builtin_interfaces/_builtin_interfaces_s.ep.rosidl_typesupport_introspection_c.c
[0.494s] -- Up-to-date: /root/ros_ws/src/Rescue_Car_ws/install/builtin_interfaces/local/lib/python3.10/dist-packages/builtin_interfaces/msg
[0.494s] -- Up-to-date: /root/ros_ws/src/Rescue_Car_ws/install/builtin_interfaces/local/lib/python3.10/dist-packages/builtin_interfaces/msg/_time_s.c
[0.494s] -- Up-to-date: /root/ros_ws/src/Rescue_Car_ws/install/builtin_interfaces/local/lib/python3.10/dist-packages/builtin_interfaces/msg/_duration.py
[0.495s] -- Up-to-date: /root/ros_ws/src/Rescue_Car_ws/install/builtin_interfaces/local/lib/python3.10/dist-packages/builtin_interfaces/msg/_time.py
[0.495s] -- Up-to-date: /root/ros_ws/src/Rescue_Car_ws/install/builtin_interfaces/local/lib/python3.10/dist-packages/builtin_interfaces/msg/__init__.py
[0.496s] -- Up-to-date: /root/ros_ws/src/Rescue_Car_ws/install/builtin_interfaces/local/lib/python3.10/dist-packages/builtin_interfaces/msg/_duration_s.c
[0.557s] Listing '/root/ros_ws/src/Rescue_Car_ws/install/builtin_interfaces/local/lib/python3.10/dist-packages/builtin_interfaces'...
[0.557s] Listing '/root/ros_ws/src/Rescue_Car_ws/install/builtin_interfaces/local/lib/python3.10/dist-packages/builtin_interfaces/msg'...
[0.577s] -- Up-to-date: /root/ros_ws/src/Rescue_Car_ws/install/builtin_interfaces/local/lib/python3.10/dist-packages/builtin_interfaces/builtin_interfaces_s__rosidl_typesupport_fastrtps_c.cpython-310-x86_64-linux-gnu.so
[0.577s] -- Up-to-date: /root/ros_ws/src/Rescue_Car_ws/install/builtin_interfaces/local/lib/python3.10/dist-packages/builtin_interfaces/builtin_interfaces_s__rosidl_typesupport_introspection_c.cpython-310-x86_64-linux-gnu.so
[0.577s] -- Up-to-date: /root/ros_ws/src/Rescue_Car_ws/install/builtin_interfaces/local/lib/python3.10/dist-packages/builtin_interfaces/builtin_interfaces_s__rosidl_typesupport_c.cpython-310-x86_64-linux-gnu.so
[0.577s] -- Up-to-date: /root/ros_ws/src/Rescue_Car_ws/install/builtin_interfaces/lib/libbuiltin_interfaces__rosidl_generator_py.so
[0.578s] -- Up-to-date: /root/ros_ws/src/Rescue_Car_ws/install/builtin_interfaces/share/builtin_interfaces/msg/Duration.idl
[0.579s] -- Up-to-date: /root/ros_ws/src/Rescue_Car_ws/install/builtin_interfaces/share/builtin_interfaces/msg/Time.idl
[0.580s] -- Up-to-date: /root/ros_ws/src/Rescue_Car_ws/install/builtin_interfaces/share/builtin_interfaces/msg/Duration.msg
[0.580s] -- Up-to-date: /root/ros_ws/src/Rescue_Car_ws/install/builtin_interfaces/share/builtin_interfaces/msg/Time.msg
[0.580s] -- Up-to-date: /root/ros_ws/src/Rescue_Car_ws/install/builtin_interfaces/share/ament_index/resource_index/package_run_dependencies/builtin_interfaces
[0.580s] -- Up-to-date: /root/ros_ws/src/Rescue_Car_ws/install/builtin_interfaces/share/ament_index/resource_index/parent_prefix_path/builtin_interfaces
[0.580s] -- Up-to-date: /root/ros_ws/src/Rescue_Car_ws/install/builtin_interfaces/share/builtin_interfaces/environment/ament_prefix_path.sh
[0.581s] -- Up-to-date: /root/ros_ws/src/Rescue_Car_ws/install/builtin_interfaces/share/builtin_interfaces/environment/ament_prefix_path.dsv
[0.581s] -- Up-to-date: /root/ros_ws/src/Rescue_Car_ws/install/builtin_interfaces/share/builtin_interfaces/environment/path.sh
[0.581s] -- Up-to-date: /root/ros_ws/src/Rescue_Car_ws/install/builtin_interfaces/share/builtin_interfaces/environment/path.dsv
[0.581s] -- Up-to-date: /root/ros_ws/src/Rescue_Car_ws/install/builtin_interfaces/share/builtin_interfaces/local_setup.bash
[0.581s] -- Up-to-date: /root/ros_ws/src/Rescue_Car_ws/install/builtin_interfaces/share/builtin_interfaces/local_setup.sh
[0.581s] -- Up-to-date: /root/ros_ws/src/Rescue_Car_ws/install/builtin_interfaces/share/builtin_interfaces/local_setup.zsh
[0.582s] -- Up-to-date: /root/ros_ws/src/Rescue_Car_ws/install/builtin_interfaces/share/builtin_interfaces/local_setup.dsv
[0.582s] -- Installing: /root/ros_ws/src/Rescue_Car_ws/install/builtin_interfaces/share/builtin_interfaces/package.dsv
[0.582s] -- Up-to-date: /root/ros_ws/src/Rescue_Car_ws/install/builtin_interfaces/share/ament_index/resource_index/packages/builtin_interfaces
[0.582s] -- Up-to-date: /root/ros_ws/src/Rescue_Car_ws/install/builtin_interfaces/share/builtin_interfaces/cmake/export_builtin_interfaces__rosidl_generator_cExport.cmake
[0.582s] -- Up-to-date: /root/ros_ws/src/Rescue_Car_ws/install/builtin_interfaces/share/builtin_interfaces/cmake/export_builtin_interfaces__rosidl_generator_cExport-noconfig.cmake
[0.582s] -- Up-to-date: /root/ros_ws/src/Rescue_Car_ws/install/builtin_interfaces/share/builtin_interfaces/cmake/export_builtin_interfaces__rosidl_typesupport_fastrtps_cExport.cmake
[0.582s] -- Up-to-date: /root/ros_ws/src/Rescue_Car_ws/install/builtin_interfaces/share/builtin_interfaces/cmake/export_builtin_interfaces__rosidl_typesupport_fastrtps_cExport-noconfig.cmake
[0.582s] -- Up-to-date: /root/ros_ws/src/Rescue_Car_ws/install/builtin_interfaces/share/builtin_interfaces/cmake/builtin_interfaces__rosidl_typesupport_introspection_cExport.cmake
[0.582s] -- Up-to-date: /root/ros_ws/src/Rescue_Car_ws/install/builtin_interfaces/share/builtin_interfaces/cmake/builtin_interfaces__rosidl_typesupport_introspection_cExport-noconfig.cmake
[0.583s] -- Up-to-date: /root/ros_ws/src/Rescue_Car_ws/install/builtin_interfaces/share/builtin_interfaces/cmake/builtin_interfaces__rosidl_typesupport_cExport.cmake
[0.583s] -- Up-to-date: /root/ros_ws/src/Rescue_Car_ws/install/builtin_interfaces/share/builtin_interfaces/cmake/builtin_interfaces__rosidl_typesupport_cExport-noconfig.cmake
[0.583s] -- Up-to-date: /root/ros_ws/src/Rescue_Car_ws/install/builtin_interfaces/share/builtin_interfaces/cmake/export_builtin_interfaces__rosidl_generator_cppExport.cmake
[0.583s] -- Up-to-date: /root/ros_ws/src/Rescue_Car_ws/install/builtin_interfaces/share/builtin_interfaces/cmake/export_builtin_interfaces__rosidl_typesupport_fastrtps_cppExport.cmake
[0.583s] -- Up-to-date: /root/ros_ws/src/Rescue_Car_ws/install/builtin_interfaces/share/builtin_interfaces/cmake/export_builtin_interfaces__rosidl_typesupport_fastrtps_cppExport-noconfig.cmake
[0.583s] -- Up-to-date: /root/ros_ws/src/Rescue_Car_ws/install/builtin_interfaces/share/builtin_interfaces/cmake/builtin_interfaces__rosidl_typesupport_introspection_cppExport.cmake
[0.583s] -- Up-to-date: /root/ros_ws/src/Rescue_Car_ws/install/builtin_interfaces/share/builtin_interfaces/cmake/builtin_interfaces__rosidl_typesupport_introspection_cppExport-noconfig.cmake
[0.583s] -- Up-to-date: /root/ros_ws/src/Rescue_Car_ws/install/builtin_interfaces/share/builtin_interfaces/cmake/builtin_interfaces__rosidl_typesupport_cppExport.cmake
[0.583s] -- Up-to-date: /root/ros_ws/src/Rescue_Car_ws/install/builtin_interfaces/share/builtin_interfaces/cmake/builtin_interfaces__rosidl_typesupport_cppExport-noconfig.cmake
[0.583s] -- Up-to-date: /root/ros_ws/src/Rescue_Car_ws/install/builtin_interfaces/share/builtin_interfaces/cmake/export_builtin_interfaces__rosidl_generator_pyExport.cmake
[0.583s] -- Up-to-date: /root/ros_ws/src/Rescue_Car_ws/install/builtin_interfaces/share/builtin_interfaces/cmake/export_builtin_interfaces__rosidl_generator_pyExport-noconfig.cmake
[0.583s] -- Up-to-date: /root/ros_ws/src/Rescue_Car_ws/install/builtin_interfaces/share/builtin_interfaces/cmake/rosidl_cmake-extras.cmake
[0.584s] -- Up-to-date: /root/ros_ws/src/Rescue_Car_ws/install/builtin_interfaces/share/builtin_interfaces/cmake/ament_cmake_export_include_directories-extras.cmake
[0.584s] -- Up-to-date: /root/ros_ws/src/Rescue_Car_ws/install/builtin_interfaces/share/builtin_interfaces/cmake/ament_cmake_export_libraries-extras.cmake
[0.584s] -- Up-to-date: /root/ros_ws/src/Rescue_Car_ws/install/builtin_interfaces/share/builtin_interfaces/cmake/ament_cmake_export_targets-extras.cmake
[0.584s] -- Up-to-date: /root/ros_ws/src/Rescue_Car_ws/install/builtin_interfaces/share/builtin_interfaces/cmake/rosidl_cmake_export_typesupport_targets-extras.cmake
[0.585s] -- Up-to-date: /root/ros_ws/src/Rescue_Car_ws/install/builtin_interfaces/share/builtin_interfaces/cmake/ament_cmake_export_dependencies-extras.cmake
[0.585s] -- Up-to-date: /root/ros_ws/src/Rescue_Car_ws/install/builtin_interfaces/share/builtin_interfaces/cmake/rosidl_cmake_export_typesupport_libraries-extras.cmake
[0.585s] -- Up-to-date: /root/ros_ws/src/Rescue_Car_ws/install/builtin_interfaces/share/builtin_interfaces/cmake/builtin_interfacesConfig.cmake
[0.585s] -- Up-to-date: /root/ros_ws/src/Rescue_Car_ws/install/builtin_interfaces/share/builtin_interfaces/cmake/builtin_interfacesConfig-version.cmake
[0.585s] -- Up-to-date: /root/ros_ws/src/Rescue_Car_ws/install/builtin_interfaces/share/builtin_interfaces/package.xml
[0.586s] Invoked command in '/root/ros_ws/src/Rescue_Car_ws/build/builtin_interfaces' returned '0': CMAKE_PREFIX_PATH=${CMAKE_PREFIX_PATH}:/root/ros_ws/src/Rescue_Car_ws/install/sensor_msgs_py:/opt/ros/humble /usr/bin/cmake --install /root/ros_ws/src/Rescue_Car_ws/build/builtin_interfaces
