[0.107s] Invoking command in '/root/ros_ws/src/Rescue_Car_ws/build/rcl_interfaces': AMENT_PREFIX_PATH=/root/ros_ws/src/Rescue_Car_ws/install/builtin_interfaces:${AMENT_PREFIX_PATH} CMAKE_PREFIX_PATH=/root/ros_ws/src/Rescue_Car_ws/install/builtin_interfaces:/opt/ros/humble LD_LIBRARY_PATH=/root/ros_ws/src/Rescue_Car_ws/install/builtin_interfaces/lib:${LD_LIBRARY_PATH} PYTHONPATH=/root/ros_ws/src/Rescue_Car_ws/install/builtin_interfaces/local/lib/python3.10/dist-packages:${PYTHONPATH} /usr/bin/cmake --build /root/ros_ws/src/Rescue_Car_ws/build/rcl_interfaces -- -j20 -l20
[0.159s] [35m[1mConsolidate compiler generated dependencies of target rcl_interfaces__rosidl_generator_c[0m
[0.172s] [  0%] Built target rcl_interfaces__cpp
[0.186s] [ 12%] Built target rcl_interfaces__rosidl_generator_c
[0.188s] [35m[1mConsolidate compiler generated dependencies of target rcl_interfaces__rosidl_typesupport_fastrtps_cpp[0m
[0.192s] [35m[1mConsolidate compiler generated dependencies of target rcl_interfaces__rosidl_typesupport_cpp[0m
[0.193s] [ 12%] Built target ament_cmake_python_copy_rcl_interfaces
[0.198s] [35m[1mConsolidate compiler generated dependencies of target rcl_interfaces__rosidl_typesupport_introspection_cpp[0m
[0.211s] [35m[1mConsolidate compiler generated dependencies of target rcl_interfaces__rosidl_typesupport_fastrtps_c[0m
[0.215s] [35m[1mConsolidate compiler generated dependencies of target rcl_interfaces__rosidl_typesupport_c[0m
[0.215s] [35m[1mConsolidate compiler generated dependencies of target rcl_interfaces__rosidl_typesupport_introspection_c[0m
[0.225s] [ 24%] Built target rcl_interfaces__rosidl_typesupport_fastrtps_cpp
[0.231s] [ 36%] Built target rcl_interfaces__rosidl_typesupport_cpp
[0.239s] [ 48%] Built target rcl_interfaces__rosidl_typesupport_c
[0.259s] [ 60%] Built target rcl_interfaces__rosidl_typesupport_introspection_cpp
[0.259s] [ 72%] Built target rcl_interfaces__rosidl_typesupport_fastrtps_c
[0.259s] [ 84%] Built target rcl_interfaces__rosidl_typesupport_introspection_c
[0.279s] [ 84%] Built target rcl_interfaces
[0.314s] [ 85%] Built target rcl_interfaces__py
[0.327s] [35m[1mConsolidate compiler generated dependencies of target rcl_interfaces__rosidl_generator_py[0m
[0.357s] [ 96%] Built target rcl_interfaces__rosidl_generator_py
[0.368s] [35m[1mConsolidate compiler generated dependencies of target rcl_interfaces__rosidl_typesupport_fastrtps_c__pyext[0m
[0.374s] [35m[1mConsolidate compiler generated dependencies of target rcl_interfaces__rosidl_typesupport_c__pyext[0m
[0.374s] [35m[1mConsolidate compiler generated dependencies of target rcl_interfaces__rosidl_typesupport_introspection_c__pyext[0m
[0.387s] [ 97%] Built target rcl_interfaces__rosidl_typesupport_fastrtps_c__pyext
[0.387s] [ 98%] Built target rcl_interfaces__rosidl_typesupport_c__pyext
[0.393s] [100%] Built target rcl_interfaces__rosidl_typesupport_introspection_c__pyext
[0.464s] running egg_info
[0.465s] writing rcl_interfaces.egg-info/PKG-INFO
[0.465s] writing dependency_links to rcl_interfaces.egg-info/dependency_links.txt
[0.466s] writing top-level names to rcl_interfaces.egg-info/top_level.txt
[0.468s] reading manifest file 'rcl_interfaces.egg-info/SOURCES.txt'
[0.469s] writing manifest file 'rcl_interfaces.egg-info/SOURCES.txt'
[0.501s] [100%] Built target ament_cmake_python_build_rcl_interfaces_egg
[0.524s] Invoked command in '/root/ros_ws/src/Rescue_Car_ws/build/rcl_interfaces' returned '0': AMENT_PREFIX_PATH=/root/ros_ws/src/Rescue_Car_ws/install/builtin_interfaces:${AMENT_PREFIX_PATH} CMAKE_PREFIX_PATH=/root/ros_ws/src/Rescue_Car_ws/install/builtin_interfaces:/opt/ros/humble LD_LIBRARY_PATH=/root/ros_ws/src/Rescue_Car_ws/install/builtin_interfaces/lib:${LD_LIBRARY_PATH} PYTHONPATH=/root/ros_ws/src/Rescue_Car_ws/install/builtin_interfaces/local/lib/python3.10/dist-packages:${PYTHONPATH} /usr/bin/cmake --build /root/ros_ws/src/Rescue_Car_ws/build/rcl_interfaces -- -j20 -l20
[0.525s] Invoking command in '/root/ros_ws/src/Rescue_Car_ws/build/rcl_interfaces': AMENT_PREFIX_PATH=/root/ros_ws/src/Rescue_Car_ws/install/builtin_interfaces:${AMENT_PREFIX_PATH} CMAKE_PREFIX_PATH=/root/ros_ws/src/Rescue_Car_ws/install/builtin_interfaces:/opt/ros/humble LD_LIBRARY_PATH=/root/ros_ws/src/Rescue_Car_ws/install/builtin_interfaces/lib:${LD_LIBRARY_PATH} PYTHONPATH=/root/ros_ws/src/Rescue_Car_ws/install/builtin_interfaces/local/lib/python3.10/dist-packages:${PYTHONPATH} /usr/bin/cmake --install /root/ros_ws/src/Rescue_Car_ws/build/rcl_interfaces
[0.531s] -- Install configuration: ""
[0.531s] -- Up-to-date: /root/ros_ws/src/Rescue_Car_ws/install/rcl_interfaces/share/ament_index/resource_index/rosidl_interfaces/rcl_interfaces
[0.532s] -- Up-to-date: /root/ros_ws/src/Rescue_Car_ws/install/rcl_interfaces/include/rcl_interfaces/rcl_interfaces
[0.532s] -- Up-to-date: /root/ros_ws/src/Rescue_Car_ws/install/rcl_interfaces/include/rcl_interfaces/rcl_interfaces/srv
[0.532s] -- Up-to-date: /root/ros_ws/src/Rescue_Car_ws/install/rcl_interfaces/include/rcl_interfaces/rcl_interfaces/srv/set_parameters_atomically.h
[0.532s] -- Up-to-date: /root/ros_ws/src/Rescue_Car_ws/install/rcl_interfaces/include/rcl_interfaces/rcl_interfaces/srv/get_parameters.h
[0.533s] -- Up-to-date: /root/ros_ws/src/Rescue_Car_ws/install/rcl_interfaces/include/rcl_interfaces/rcl_interfaces/srv/set_parameters.h
[0.533s] -- Up-to-date: /root/ros_ws/src/Rescue_Car_ws/install/rcl_interfaces/include/rcl_interfaces/rcl_interfaces/srv/describe_parameters.h
[0.533s] -- Up-to-date: /root/ros_ws/src/Rescue_Car_ws/install/rcl_interfaces/include/rcl_interfaces/rcl_interfaces/srv/list_parameters.h
[0.533s] -- Up-to-date: /root/ros_ws/src/Rescue_Car_ws/install/rcl_interfaces/include/rcl_interfaces/rcl_interfaces/srv/detail
[0.533s] -- Up-to-date: /root/ros_ws/src/Rescue_Car_ws/install/rcl_interfaces/include/rcl_interfaces/rcl_interfaces/srv/detail/get_parameters__functions.c
[0.534s] -- Up-to-date: /root/ros_ws/src/Rescue_Car_ws/install/rcl_interfaces/include/rcl_interfaces/rcl_interfaces/srv/detail/set_parameters__functions.h
[0.534s] -- Up-to-date: /root/ros_ws/src/Rescue_Car_ws/install/rcl_interfaces/include/rcl_interfaces/rcl_interfaces/srv/detail/list_parameters__functions.c
[0.534s] -- Up-to-date: /root/ros_ws/src/Rescue_Car_ws/install/rcl_interfaces/include/rcl_interfaces/rcl_interfaces/srv/detail/get_parameter_types__struct.h
[0.534s] -- Up-to-date: /root/ros_ws/src/Rescue_Car_ws/install/rcl_interfaces/include/rcl_interfaces/rcl_interfaces/srv/detail/get_parameter_types__type_support.h
[0.534s] -- Up-to-date: /root/ros_ws/src/Rescue_Car_ws/install/rcl_interfaces/include/rcl_interfaces/rcl_interfaces/srv/detail/set_parameters_atomically__functions.h
[0.535s] -- Up-to-date: /root/ros_ws/src/Rescue_Car_ws/install/rcl_interfaces/include/rcl_interfaces/rcl_interfaces/srv/detail/set_parameters__type_support.h
[0.535s] -- Up-to-date: /root/ros_ws/src/Rescue_Car_ws/install/rcl_interfaces/include/rcl_interfaces/rcl_interfaces/srv/detail/list_parameters__functions.h
[0.535s] -- Up-to-date: /root/ros_ws/src/Rescue_Car_ws/install/rcl_interfaces/include/rcl_interfaces/rcl_interfaces/srv/detail/list_parameters__struct.h
[0.535s] -- Up-to-date: /root/ros_ws/src/Rescue_Car_ws/install/rcl_interfaces/include/rcl_interfaces/rcl_interfaces/srv/detail/list_parameters__type_support.h
[0.535s] -- Up-to-date: /root/ros_ws/src/Rescue_Car_ws/install/rcl_interfaces/include/rcl_interfaces/rcl_interfaces/srv/detail/describe_parameters__type_support.h
[0.535s] -- Up-to-date: /root/ros_ws/src/Rescue_Car_ws/install/rcl_interfaces/include/rcl_interfaces/rcl_interfaces/srv/detail/set_parameters__functions.c
[0.535s] -- Up-to-date: /root/ros_ws/src/Rescue_Car_ws/install/rcl_interfaces/include/rcl_interfaces/rcl_interfaces/srv/detail/set_parameters_atomically__functions.c
[0.535s] -- Up-to-date: /root/ros_ws/src/Rescue_Car_ws/install/rcl_interfaces/include/rcl_interfaces/rcl_interfaces/srv/detail/get_parameters__struct.h
[0.535s] -- Up-to-date: /root/ros_ws/src/Rescue_Car_ws/install/rcl_interfaces/include/rcl_interfaces/rcl_interfaces/srv/detail/set_parameters_atomically__type_support.h
[0.535s] -- Up-to-date: /root/ros_ws/src/Rescue_Car_ws/install/rcl_interfaces/include/rcl_interfaces/rcl_interfaces/srv/detail/set_parameters__struct.h
[0.535s] -- Up-to-date: /root/ros_ws/src/Rescue_Car_ws/install/rcl_interfaces/include/rcl_interfaces/rcl_interfaces/srv/detail/get_parameters__functions.h
[0.535s] -- Up-to-date: /root/ros_ws/src/Rescue_Car_ws/install/rcl_interfaces/include/rcl_interfaces/rcl_interfaces/srv/detail/describe_parameters__functions.c
[0.535s] -- Up-to-date: /root/ros_ws/src/Rescue_Car_ws/install/rcl_interfaces/include/rcl_interfaces/rcl_interfaces/srv/detail/describe_parameters__functions.h
[0.536s] -- Up-to-date: /root/ros_ws/src/Rescue_Car_ws/install/rcl_interfaces/include/rcl_interfaces/rcl_interfaces/srv/detail/get_parameter_types__functions.h
[0.536s] -- Up-to-date: /root/ros_ws/src/Rescue_Car_ws/install/rcl_interfaces/include/rcl_interfaces/rcl_interfaces/srv/detail/set_parameters_atomically__struct.h
[0.536s] -- Up-to-date: /root/ros_ws/src/Rescue_Car_ws/install/rcl_interfaces/include/rcl_interfaces/rcl_interfaces/srv/detail/describe_parameters__struct.h
[0.536s] -- Up-to-date: /root/ros_ws/src/Rescue_Car_ws/install/rcl_interfaces/include/rcl_interfaces/rcl_interfaces/srv/detail/get_parameters__type_support.h
[0.536s] -- Up-to-date: /root/ros_ws/src/Rescue_Car_ws/install/rcl_interfaces/include/rcl_interfaces/rcl_interfaces/srv/detail/get_parameter_types__functions.c
[0.536s] -- Up-to-date: /root/ros_ws/src/Rescue_Car_ws/install/rcl_interfaces/include/rcl_interfaces/rcl_interfaces/srv/get_parameter_types.h
[0.536s] -- Up-to-date: /root/ros_ws/src/Rescue_Car_ws/install/rcl_interfaces/include/rcl_interfaces/rcl_interfaces/msg
[0.536s] -- Up-to-date: /root/ros_ws/src/Rescue_Car_ws/install/rcl_interfaces/include/rcl_interfaces/rcl_interfaces/msg/parameter_event.h
[0.536s] -- Up-to-date: /root/ros_ws/src/Rescue_Car_ws/install/rcl_interfaces/include/rcl_interfaces/rcl_interfaces/msg/parameter_descriptor.h
[0.536s] -- Up-to-date: /root/ros_ws/src/Rescue_Car_ws/install/rcl_interfaces/include/rcl_interfaces/rcl_interfaces/msg/parameter_event_descriptors.h
[0.536s] -- Up-to-date: /root/ros_ws/src/Rescue_Car_ws/install/rcl_interfaces/include/rcl_interfaces/rcl_interfaces/msg/parameter_value.h
[0.536s] -- Up-to-date: /root/ros_ws/src/Rescue_Car_ws/install/rcl_interfaces/include/rcl_interfaces/rcl_interfaces/msg/floating_point_range.h
[0.536s] -- Up-to-date: /root/ros_ws/src/Rescue_Car_ws/install/rcl_interfaces/include/rcl_interfaces/rcl_interfaces/msg/list_parameters_result.h
[0.536s] -- Up-to-date: /root/ros_ws/src/Rescue_Car_ws/install/rcl_interfaces/include/rcl_interfaces/rcl_interfaces/msg/integer_range.h
[0.536s] -- Up-to-date: /root/ros_ws/src/Rescue_Car_ws/install/rcl_interfaces/include/rcl_interfaces/rcl_interfaces/msg/parameter.h
[0.537s] -- Up-to-date: /root/ros_ws/src/Rescue_Car_ws/install/rcl_interfaces/include/rcl_interfaces/rcl_interfaces/msg/log.h
[0.537s] -- Up-to-date: /root/ros_ws/src/Rescue_Car_ws/install/rcl_interfaces/include/rcl_interfaces/rcl_interfaces/msg/detail
[0.537s] -- Up-to-date: /root/ros_ws/src/Rescue_Car_ws/install/rcl_interfaces/include/rcl_interfaces/rcl_interfaces/msg/detail/integer_range__functions.c
[0.537s] -- Up-to-date: /root/ros_ws/src/Rescue_Car_ws/install/rcl_interfaces/include/rcl_interfaces/rcl_interfaces/msg/detail/parameter_descriptor__type_support.h
[0.537s] -- Up-to-date: /root/ros_ws/src/Rescue_Car_ws/install/rcl_interfaces/include/rcl_interfaces/rcl_interfaces/msg/detail/log__functions.c
[0.538s] -- Up-to-date: /root/ros_ws/src/Rescue_Car_ws/install/rcl_interfaces/include/rcl_interfaces/rcl_interfaces/msg/detail/log__functions.h
[0.539s] -- Up-to-date: /root/ros_ws/src/Rescue_Car_ws/install/rcl_interfaces/include/rcl_interfaces/rcl_interfaces/msg/detail/list_parameters_result__type_support.h
[0.539s] -- Up-to-date: /root/ros_ws/src/Rescue_Car_ws/install/rcl_interfaces/include/rcl_interfaces/rcl_interfaces/msg/detail/parameter__functions.c
[0.540s] -- Up-to-date: /root/ros_ws/src/Rescue_Car_ws/install/rcl_interfaces/include/rcl_interfaces/rcl_interfaces/msg/detail/parameter_event_descriptors__type_support.h
[0.541s] -- Up-to-date: /root/ros_ws/src/Rescue_Car_ws/install/rcl_interfaces/include/rcl_interfaces/rcl_interfaces/msg/detail/parameter_type__struct.h
[0.541s] -- Up-to-date: /root/ros_ws/src/Rescue_Car_ws/install/rcl_interfaces/include/rcl_interfaces/rcl_interfaces/msg/detail/parameter__functions.h
[0.542s] -- Up-to-date: /root/ros_ws/src/Rescue_Car_ws/install/rcl_interfaces/include/rcl_interfaces/rcl_interfaces/msg/detail/parameter_value__functions.h
[0.542s] -- Up-to-date: /root/ros_ws/src/Rescue_Car_ws/install/rcl_interfaces/include/rcl_interfaces/rcl_interfaces/msg/detail/parameter__type_support.h
[0.542s] -- Up-to-date: /root/ros_ws/src/Rescue_Car_ws/install/rcl_interfaces/include/rcl_interfaces/rcl_interfaces/msg/detail/floating_point_range__functions.h
[0.543s] -- Up-to-date: /root/ros_ws/src/Rescue_Car_ws/install/rcl_interfaces/include/rcl_interfaces/rcl_interfaces/msg/detail/parameter__struct.h
[0.543s] -- Up-to-date: /root/ros_ws/src/Rescue_Car_ws/install/rcl_interfaces/include/rcl_interfaces/rcl_interfaces/msg/detail/parameter_type__type_support.h
[0.543s] -- Up-to-date: /root/ros_ws/src/Rescue_Car_ws/install/rcl_interfaces/include/rcl_interfaces/rcl_interfaces/msg/detail/floating_point_range__functions.c
[0.544s] -- Up-to-date: /root/ros_ws/src/Rescue_Car_ws/install/rcl_interfaces/include/rcl_interfaces/rcl_interfaces/msg/detail/parameter_event_descriptors__functions.h
[0.544s] -- Up-to-date: /root/ros_ws/src/Rescue_Car_ws/install/rcl_interfaces/include/rcl_interfaces/rcl_interfaces/msg/detail/parameter_value__type_support.h
[0.545s] -- Up-to-date: /root/ros_ws/src/Rescue_Car_ws/install/rcl_interfaces/include/rcl_interfaces/rcl_interfaces/msg/detail/parameter_descriptor__functions.h
[0.545s] -- Up-to-date: /root/ros_ws/src/Rescue_Car_ws/install/rcl_interfaces/include/rcl_interfaces/rcl_interfaces/msg/detail/parameter_event_descriptors__functions.c
[0.546s] -- Up-to-date: /root/ros_ws/src/Rescue_Car_ws/install/rcl_interfaces/include/rcl_interfaces/rcl_interfaces/msg/detail/list_parameters_result__functions.h
[0.546s] -- Up-to-date: /root/ros_ws/src/Rescue_Car_ws/install/rcl_interfaces/include/rcl_interfaces/rcl_interfaces/msg/detail/parameter_event__struct.h
[0.546s] -- Up-to-date: /root/ros_ws/src/Rescue_Car_ws/install/rcl_interfaces/include/rcl_interfaces/rcl_interfaces/msg/detail/parameter_event__functions.c
[0.547s] -- Up-to-date: /root/ros_ws/src/Rescue_Car_ws/install/rcl_interfaces/include/rcl_interfaces/rcl_interfaces/msg/detail/set_parameters_result__functions.h
[0.547s] -- Up-to-date: /root/ros_ws/src/Rescue_Car_ws/install/rcl_interfaces/include/rcl_interfaces/rcl_interfaces/msg/detail/parameter_descriptor__struct.h
[0.547s] -- Up-to-date: /root/ros_ws/src/Rescue_Car_ws/install/rcl_interfaces/include/rcl_interfaces/rcl_interfaces/msg/detail/parameter_value__functions.c
[0.548s] -- Up-to-date: /root/ros_ws/src/Rescue_Car_ws/install/rcl_interfaces/include/rcl_interfaces/rcl_interfaces/msg/detail/integer_range__type_support.h
[0.549s] -- Up-to-date: /root/ros_ws/src/Rescue_Car_ws/install/rcl_interfaces/include/rcl_interfaces/rcl_interfaces/msg/detail/integer_range__struct.h
[0.549s] -- Up-to-date: /root/ros_ws/src/Rescue_Car_ws/install/rcl_interfaces/include/rcl_interfaces/rcl_interfaces/msg/detail/integer_range__functions.h
[0.550s] -- Up-to-date: /root/ros_ws/src/Rescue_Car_ws/install/rcl_interfaces/include/rcl_interfaces/rcl_interfaces/msg/detail/set_parameters_result__type_support.h
[0.551s] -- Up-to-date: /root/ros_ws/src/Rescue_Car_ws/install/rcl_interfaces/include/rcl_interfaces/rcl_interfaces/msg/detail/parameter_event__functions.h
[0.552s] -- Up-to-date: /root/ros_ws/src/Rescue_Car_ws/install/rcl_interfaces/include/rcl_interfaces/rcl_interfaces/msg/detail/list_parameters_result__struct.h
[0.552s] -- Up-to-date: /root/ros_ws/src/Rescue_Car_ws/install/rcl_interfaces/include/rcl_interfaces/rcl_interfaces/msg/detail/parameter_event_descriptors__struct.h
[0.553s] -- Up-to-date: /root/ros_ws/src/Rescue_Car_ws/install/rcl_interfaces/include/rcl_interfaces/rcl_interfaces/msg/detail/parameter_type__functions.h
[0.554s] -- Up-to-date: /root/ros_ws/src/Rescue_Car_ws/install/rcl_interfaces/include/rcl_interfaces/rcl_interfaces/msg/detail/list_parameters_result__functions.c
[0.554s] -- Up-to-date: /root/ros_ws/src/Rescue_Car_ws/install/rcl_interfaces/include/rcl_interfaces/rcl_interfaces/msg/detail/parameter_type__functions.c
[0.555s] -- Up-to-date: /root/ros_ws/src/Rescue_Car_ws/install/rcl_interfaces/include/rcl_interfaces/rcl_interfaces/msg/detail/parameter_event__type_support.h
[0.555s] -- Up-to-date: /root/ros_ws/src/Rescue_Car_ws/install/rcl_interfaces/include/rcl_interfaces/rcl_interfaces/msg/detail/log__struct.h
[0.556s] -- Up-to-date: /root/ros_ws/src/Rescue_Car_ws/install/rcl_interfaces/include/rcl_interfaces/rcl_interfaces/msg/detail/set_parameters_result__functions.c
[0.557s] -- Up-to-date: /root/ros_ws/src/Rescue_Car_ws/install/rcl_interfaces/include/rcl_interfaces/rcl_interfaces/msg/detail/parameter_value__struct.h
[0.558s] -- Up-to-date: /root/ros_ws/src/Rescue_Car_ws/install/rcl_interfaces/include/rcl_interfaces/rcl_interfaces/msg/detail/log__type_support.h
[0.559s] -- Up-to-date: /root/ros_ws/src/Rescue_Car_ws/install/rcl_interfaces/include/rcl_interfaces/rcl_interfaces/msg/detail/parameter_descriptor__functions.c
[0.559s] -- Up-to-date: /root/ros_ws/src/Rescue_Car_ws/install/rcl_interfaces/include/rcl_interfaces/rcl_interfaces/msg/detail/set_parameters_result__struct.h
[0.559s] -- Up-to-date: /root/ros_ws/src/Rescue_Car_ws/install/rcl_interfaces/include/rcl_interfaces/rcl_interfaces/msg/detail/floating_point_range__struct.h
[0.560s] -- Up-to-date: /root/ros_ws/src/Rescue_Car_ws/install/rcl_interfaces/include/rcl_interfaces/rcl_interfaces/msg/detail/floating_point_range__type_support.h
[0.561s] -- Up-to-date: /root/ros_ws/src/Rescue_Car_ws/install/rcl_interfaces/include/rcl_interfaces/rcl_interfaces/msg/parameter_type.h
[0.561s] -- Up-to-date: /root/ros_ws/src/Rescue_Car_ws/install/rcl_interfaces/include/rcl_interfaces/rcl_interfaces/msg/rosidl_generator_c__visibility_control.h
[0.562s] -- Up-to-date: /root/ros_ws/src/Rescue_Car_ws/install/rcl_interfaces/include/rcl_interfaces/rcl_interfaces/msg/set_parameters_result.h
[0.562s] -- Up-to-date: /root/ros_ws/src/Rescue_Car_ws/install/rcl_interfaces/share/rcl_interfaces/environment/library_path.sh
[0.563s] -- Up-to-date: /root/ros_ws/src/Rescue_Car_ws/install/rcl_interfaces/share/rcl_interfaces/environment/library_path.dsv
[0.563s] -- Up-to-date: /root/ros_ws/src/Rescue_Car_ws/install/rcl_interfaces/lib/librcl_interfaces__rosidl_generator_c.so
[0.563s] -- Up-to-date: /root/ros_ws/src/Rescue_Car_ws/install/rcl_interfaces/include/rcl_interfaces/rcl_interfaces
[0.564s] -- Up-to-date: /root/ros_ws/src/Rescue_Car_ws/install/rcl_interfaces/include/rcl_interfaces/rcl_interfaces/srv
[0.564s] -- Up-to-date: /root/ros_ws/src/Rescue_Car_ws/install/rcl_interfaces/include/rcl_interfaces/rcl_interfaces/srv/detail
[0.564s] -- Up-to-date: /root/ros_ws/src/Rescue_Car_ws/install/rcl_interfaces/include/rcl_interfaces/rcl_interfaces/srv/detail/get_parameters__rosidl_typesupport_fastrtps_c.h
[0.564s] -- Up-to-date: /root/ros_ws/src/Rescue_Car_ws/install/rcl_interfaces/include/rcl_interfaces/rcl_interfaces/srv/detail/get_parameter_types__rosidl_typesupport_fastrtps_c.h
[0.565s] -- Up-to-date: /root/ros_ws/src/Rescue_Car_ws/install/rcl_interfaces/include/rcl_interfaces/rcl_interfaces/srv/detail/set_parameters_atomically__rosidl_typesupport_fastrtps_c.h
[0.565s] -- Up-to-date: /root/ros_ws/src/Rescue_Car_ws/install/rcl_interfaces/include/rcl_interfaces/rcl_interfaces/srv/detail/list_parameters__rosidl_typesupport_fastrtps_c.h
[0.566s] -- Up-to-date: /root/ros_ws/src/Rescue_Car_ws/install/rcl_interfaces/include/rcl_interfaces/rcl_interfaces/srv/detail/describe_parameters__rosidl_typesupport_fastrtps_c.h
[0.567s] -- Up-to-date: /root/ros_ws/src/Rescue_Car_ws/install/rcl_interfaces/include/rcl_interfaces/rcl_interfaces/srv/detail/set_parameters__rosidl_typesupport_fastrtps_c.h
[0.567s] -- Up-to-date: /root/ros_ws/src/Rescue_Car_ws/install/rcl_interfaces/include/rcl_interfaces/rcl_interfaces/msg
[0.567s] -- Up-to-date: /root/ros_ws/src/Rescue_Car_ws/install/rcl_interfaces/include/rcl_interfaces/rcl_interfaces/msg/detail
[0.567s] -- Up-to-date: /root/ros_ws/src/Rescue_Car_ws/install/rcl_interfaces/include/rcl_interfaces/rcl_interfaces/msg/detail/parameter_value__rosidl_typesupport_fastrtps_c.h
[0.567s] -- Up-to-date: /root/ros_ws/src/Rescue_Car_ws/install/rcl_interfaces/include/rcl_interfaces/rcl_interfaces/msg/detail/set_parameters_result__rosidl_typesupport_fastrtps_c.h
[0.567s] -- Up-to-date: /root/ros_ws/src/Rescue_Car_ws/install/rcl_interfaces/include/rcl_interfaces/rcl_interfaces/msg/detail/list_parameters_result__rosidl_typesupport_fastrtps_c.h
[0.567s] -- Up-to-date: /root/ros_ws/src/Rescue_Car_ws/install/rcl_interfaces/include/rcl_interfaces/rcl_interfaces/msg/detail/parameter_event__rosidl_typesupport_fastrtps_c.h
[0.567s] -- Up-to-date: /root/ros_ws/src/Rescue_Car_ws/install/rcl_interfaces/include/rcl_interfaces/rcl_interfaces/msg/detail/log__rosidl_typesupport_fastrtps_c.h
[0.567s] -- Up-to-date: /root/ros_ws/src/Rescue_Car_ws/install/rcl_interfaces/include/rcl_interfaces/rcl_interfaces/msg/detail/parameter__rosidl_typesupport_fastrtps_c.h
[0.567s] -- Up-to-date: /root/ros_ws/src/Rescue_Car_ws/install/rcl_interfaces/include/rcl_interfaces/rcl_interfaces/msg/detail/floating_point_range__rosidl_typesupport_fastrtps_c.h
[0.567s] -- Up-to-date: /root/ros_ws/src/Rescue_Car_ws/install/rcl_interfaces/include/rcl_interfaces/rcl_interfaces/msg/detail/integer_range__rosidl_typesupport_fastrtps_c.h
[0.568s] -- Up-to-date: /root/ros_ws/src/Rescue_Car_ws/install/rcl_interfaces/include/rcl_interfaces/rcl_interfaces/msg/detail/parameter_type__rosidl_typesupport_fastrtps_c.h
[0.568s] -- Up-to-date: /root/ros_ws/src/Rescue_Car_ws/install/rcl_interfaces/include/rcl_interfaces/rcl_interfaces/msg/detail/parameter_event_descriptors__rosidl_typesupport_fastrtps_c.h
[0.568s] -- Up-to-date: /root/ros_ws/src/Rescue_Car_ws/install/rcl_interfaces/include/rcl_interfaces/rcl_interfaces/msg/detail/parameter_descriptor__rosidl_typesupport_fastrtps_c.h
[0.568s] -- Up-to-date: /root/ros_ws/src/Rescue_Car_ws/install/rcl_interfaces/include/rcl_interfaces/rcl_interfaces/msg/rosidl_typesupport_fastrtps_c__visibility_control.h
[0.568s] -- Up-to-date: /root/ros_ws/src/Rescue_Car_ws/install/rcl_interfaces/lib/librcl_interfaces__rosidl_typesupport_fastrtps_c.so
[0.568s] -- Up-to-date: /root/ros_ws/src/Rescue_Car_ws/install/rcl_interfaces/include/rcl_interfaces/rcl_interfaces
[0.568s] -- Up-to-date: /root/ros_ws/src/Rescue_Car_ws/install/rcl_interfaces/include/rcl_interfaces/rcl_interfaces/srv
[0.568s] -- Up-to-date: /root/ros_ws/src/Rescue_Car_ws/install/rcl_interfaces/include/rcl_interfaces/rcl_interfaces/srv/detail
[0.568s] -- Up-to-date: /root/ros_ws/src/Rescue_Car_ws/install/rcl_interfaces/include/rcl_interfaces/rcl_interfaces/srv/detail/set_parameters_atomically__type_support.c
[0.569s] -- Up-to-date: /root/ros_ws/src/Rescue_Car_ws/install/rcl_interfaces/include/rcl_interfaces/rcl_interfaces/srv/detail/set_parameters_atomically__rosidl_typesupport_introspection_c.h
[0.569s] -- Up-to-date: /root/ros_ws/src/Rescue_Car_ws/install/rcl_interfaces/include/rcl_interfaces/rcl_interfaces/srv/detail/get_parameters__rosidl_typesupport_introspection_c.h
[0.570s] -- Up-to-date: /root/ros_ws/src/Rescue_Car_ws/install/rcl_interfaces/include/rcl_interfaces/rcl_interfaces/srv/detail/list_parameters__rosidl_typesupport_introspection_c.h
[0.570s] -- Up-to-date: /root/ros_ws/src/Rescue_Car_ws/install/rcl_interfaces/include/rcl_interfaces/rcl_interfaces/srv/detail/set_parameters__type_support.c
[0.570s] -- Up-to-date: /root/ros_ws/src/Rescue_Car_ws/install/rcl_interfaces/include/rcl_interfaces/rcl_interfaces/srv/detail/describe_parameters__type_support.c
[0.570s] -- Up-to-date: /root/ros_ws/src/Rescue_Car_ws/install/rcl_interfaces/include/rcl_interfaces/rcl_interfaces/srv/detail/set_parameters__rosidl_typesupport_introspection_c.h
[0.570s] -- Up-to-date: /root/ros_ws/src/Rescue_Car_ws/install/rcl_interfaces/include/rcl_interfaces/rcl_interfaces/srv/detail/get_parameter_types__type_support.c
[0.571s] -- Up-to-date: /root/ros_ws/src/Rescue_Car_ws/install/rcl_interfaces/include/rcl_interfaces/rcl_interfaces/srv/detail/list_parameters__type_support.c
[0.571s] -- Up-to-date: /root/ros_ws/src/Rescue_Car_ws/install/rcl_interfaces/include/rcl_interfaces/rcl_interfaces/srv/detail/describe_parameters__rosidl_typesupport_introspection_c.h
[0.571s] -- Up-to-date: /root/ros_ws/src/Rescue_Car_ws/install/rcl_interfaces/include/rcl_interfaces/rcl_interfaces/srv/detail/get_parameter_types__rosidl_typesupport_introspection_c.h
[0.571s] -- Up-to-date: /root/ros_ws/src/Rescue_Car_ws/install/rcl_interfaces/include/rcl_interfaces/rcl_interfaces/srv/detail/get_parameters__type_support.c
[0.571s] -- Up-to-date: /root/ros_ws/src/Rescue_Car_ws/install/rcl_interfaces/include/rcl_interfaces/rcl_interfaces/msg
[0.572s] -- Up-to-date: /root/ros_ws/src/Rescue_Car_ws/install/rcl_interfaces/include/rcl_interfaces/rcl_interfaces/msg/rosidl_typesupport_introspection_c__visibility_control.h
[0.572s] -- Up-to-date: /root/ros_ws/src/Rescue_Car_ws/install/rcl_interfaces/include/rcl_interfaces/rcl_interfaces/msg/detail
[0.572s] -- Up-to-date: /root/ros_ws/src/Rescue_Car_ws/install/rcl_interfaces/include/rcl_interfaces/rcl_interfaces/msg/detail/floating_point_range__type_support.c
[0.572s] -- Up-to-date: /root/ros_ws/src/Rescue_Car_ws/install/rcl_interfaces/include/rcl_interfaces/rcl_interfaces/msg/detail/log__type_support.c
[0.572s] -- Up-to-date: /root/ros_ws/src/Rescue_Car_ws/install/rcl_interfaces/include/rcl_interfaces/rcl_interfaces/msg/detail/list_parameters_result__rosidl_typesupport_introspection_c.h
[0.572s] -- Up-to-date: /root/ros_ws/src/Rescue_Car_ws/install/rcl_interfaces/include/rcl_interfaces/rcl_interfaces/msg/detail/parameter__type_support.c
[0.572s] -- Up-to-date: /root/ros_ws/src/Rescue_Car_ws/install/rcl_interfaces/include/rcl_interfaces/rcl_interfaces/msg/detail/parameter_descriptor__type_support.c
[0.572s] -- Up-to-date: /root/ros_ws/src/Rescue_Car_ws/install/rcl_interfaces/include/rcl_interfaces/rcl_interfaces/msg/detail/floating_point_range__rosidl_typesupport_introspection_c.h
[0.572s] -- Up-to-date: /root/ros_ws/src/Rescue_Car_ws/install/rcl_interfaces/include/rcl_interfaces/rcl_interfaces/msg/detail/parameter_value__rosidl_typesupport_introspection_c.h
[0.572s] -- Up-to-date: /root/ros_ws/src/Rescue_Car_ws/install/rcl_interfaces/include/rcl_interfaces/rcl_interfaces/msg/detail/parameter_type__type_support.c
[0.572s] -- Up-to-date: /root/ros_ws/src/Rescue_Car_ws/install/rcl_interfaces/include/rcl_interfaces/rcl_interfaces/msg/detail/set_parameters_result__type_support.c
[0.573s] -- Up-to-date: /root/ros_ws/src/Rescue_Car_ws/install/rcl_interfaces/include/rcl_interfaces/rcl_interfaces/msg/detail/log__rosidl_typesupport_introspection_c.h
[0.573s] -- Up-to-date: /root/ros_ws/src/Rescue_Car_ws/install/rcl_interfaces/include/rcl_interfaces/rcl_interfaces/msg/detail/parameter_event_descriptors__rosidl_typesupport_introspection_c.h
[0.573s] -- Up-to-date: /root/ros_ws/src/Rescue_Car_ws/install/rcl_interfaces/include/rcl_interfaces/rcl_interfaces/msg/detail/parameter_descriptor__rosidl_typesupport_introspection_c.h
[0.573s] -- Up-to-date: /root/ros_ws/src/Rescue_Car_ws/install/rcl_interfaces/include/rcl_interfaces/rcl_interfaces/msg/detail/list_parameters_result__type_support.c
[0.573s] -- Up-to-date: /root/ros_ws/src/Rescue_Car_ws/install/rcl_interfaces/include/rcl_interfaces/rcl_interfaces/msg/detail/parameter_event__rosidl_typesupport_introspection_c.h
[0.574s] -- Up-to-date: /root/ros_ws/src/Rescue_Car_ws/install/rcl_interfaces/include/rcl_interfaces/rcl_interfaces/msg/detail/integer_range__rosidl_typesupport_introspection_c.h
[0.574s] -- Up-to-date: /root/ros_ws/src/Rescue_Car_ws/install/rcl_interfaces/include/rcl_interfaces/rcl_interfaces/msg/detail/set_parameters_result__rosidl_typesupport_introspection_c.h
[0.574s] -- Up-to-date: /root/ros_ws/src/Rescue_Car_ws/install/rcl_interfaces/include/rcl_interfaces/rcl_interfaces/msg/detail/parameter__rosidl_typesupport_introspection_c.h
[0.574s] -- Up-to-date: /root/ros_ws/src/Rescue_Car_ws/install/rcl_interfaces/include/rcl_interfaces/rcl_interfaces/msg/detail/integer_range__type_support.c
[0.575s] -- Up-to-date: /root/ros_ws/src/Rescue_Car_ws/install/rcl_interfaces/include/rcl_interfaces/rcl_interfaces/msg/detail/parameter_type__rosidl_typesupport_introspection_c.h
[0.575s] -- Up-to-date: /root/ros_ws/src/Rescue_Car_ws/install/rcl_interfaces/include/rcl_interfaces/rcl_interfaces/msg/detail/parameter_event__type_support.c
[0.575s] -- Up-to-date: /root/ros_ws/src/Rescue_Car_ws/install/rcl_interfaces/include/rcl_interfaces/rcl_interfaces/msg/detail/parameter_event_descriptors__type_support.c
[0.575s] -- Up-to-date: /root/ros_ws/src/Rescue_Car_ws/install/rcl_interfaces/include/rcl_interfaces/rcl_interfaces/msg/detail/parameter_value__type_support.c
[0.575s] -- Up-to-date: /root/ros_ws/src/Rescue_Car_ws/install/rcl_interfaces/lib/librcl_interfaces__rosidl_typesupport_introspection_c.so
[0.575s] -- Up-to-date: /root/ros_ws/src/Rescue_Car_ws/install/rcl_interfaces/lib/librcl_interfaces__rosidl_typesupport_c.so
[0.576s] -- Up-to-date: /root/ros_ws/src/Rescue_Car_ws/install/rcl_interfaces/include/rcl_interfaces/rcl_interfaces
[0.576s] -- Up-to-date: /root/ros_ws/src/Rescue_Car_ws/install/rcl_interfaces/include/rcl_interfaces/rcl_interfaces/srv
[0.576s] -- Up-to-date: /root/ros_ws/src/Rescue_Car_ws/install/rcl_interfaces/include/rcl_interfaces/rcl_interfaces/srv/list_parameters.hpp
[0.576s] -- Up-to-date: /root/ros_ws/src/Rescue_Car_ws/install/rcl_interfaces/include/rcl_interfaces/rcl_interfaces/srv/set_parameters.hpp
[0.576s] -- Up-to-date: /root/ros_ws/src/Rescue_Car_ws/install/rcl_interfaces/include/rcl_interfaces/rcl_interfaces/srv/describe_parameters.hpp
[0.576s] -- Up-to-date: /root/ros_ws/src/Rescue_Car_ws/install/rcl_interfaces/include/rcl_interfaces/rcl_interfaces/srv/detail
[0.576s] -- Up-to-date: /root/ros_ws/src/Rescue_Car_ws/install/rcl_interfaces/include/rcl_interfaces/rcl_interfaces/srv/detail/describe_parameters__builder.hpp
[0.576s] -- Up-to-date: /root/ros_ws/src/Rescue_Car_ws/install/rcl_interfaces/include/rcl_interfaces/rcl_interfaces/srv/detail/get_parameters__type_support.hpp
[0.577s] -- Up-to-date: /root/ros_ws/src/Rescue_Car_ws/install/rcl_interfaces/include/rcl_interfaces/rcl_interfaces/srv/detail/list_parameters__traits.hpp
[0.577s] -- Up-to-date: /root/ros_ws/src/Rescue_Car_ws/install/rcl_interfaces/include/rcl_interfaces/rcl_interfaces/srv/detail/get_parameter_types__builder.hpp
[0.577s] -- Up-to-date: /root/ros_ws/src/Rescue_Car_ws/install/rcl_interfaces/include/rcl_interfaces/rcl_interfaces/srv/detail/set_parameters_atomically__traits.hpp
[0.577s] -- Up-to-date: /root/ros_ws/src/Rescue_Car_ws/install/rcl_interfaces/include/rcl_interfaces/rcl_interfaces/srv/detail/describe_parameters__type_support.hpp
[0.577s] -- Up-to-date: /root/ros_ws/src/Rescue_Car_ws/install/rcl_interfaces/include/rcl_interfaces/rcl_interfaces/srv/detail/set_parameters_atomically__type_support.hpp
[0.577s] -- Up-to-date: /root/ros_ws/src/Rescue_Car_ws/install/rcl_interfaces/include/rcl_interfaces/rcl_interfaces/srv/detail/list_parameters__struct.hpp
[0.578s] -- Up-to-date: /root/ros_ws/src/Rescue_Car_ws/install/rcl_interfaces/include/rcl_interfaces/rcl_interfaces/srv/detail/get_parameters__struct.hpp
[0.578s] -- Up-to-date: /root/ros_ws/src/Rescue_Car_ws/install/rcl_interfaces/include/rcl_interfaces/rcl_interfaces/srv/detail/describe_parameters__struct.hpp
[0.578s] -- Up-to-date: /root/ros_ws/src/Rescue_Car_ws/install/rcl_interfaces/include/rcl_interfaces/rcl_interfaces/srv/detail/set_parameters_atomically__struct.hpp
[0.579s] -- Up-to-date: /root/ros_ws/src/Rescue_Car_ws/install/rcl_interfaces/include/rcl_interfaces/rcl_interfaces/srv/detail/get_parameter_types__traits.hpp
[0.581s] -- Up-to-date: /root/ros_ws/src/Rescue_Car_ws/install/rcl_interfaces/include/rcl_interfaces/rcl_interfaces/srv/detail/get_parameter_types__struct.hpp
[0.581s] -- Up-to-date: /root/ros_ws/src/Rescue_Car_ws/install/rcl_interfaces/include/rcl_interfaces/rcl_interfaces/srv/detail/get_parameters__builder.hpp
[0.581s] -- Up-to-date: /root/ros_ws/src/Rescue_Car_ws/install/rcl_interfaces/include/rcl_interfaces/rcl_interfaces/srv/detail/set_parameters__type_support.hpp
[0.581s] -- Up-to-date: /root/ros_ws/src/Rescue_Car_ws/install/rcl_interfaces/include/rcl_interfaces/rcl_interfaces/srv/detail/set_parameters__traits.hpp
[0.583s] -- Up-to-date: /root/ros_ws/src/Rescue_Car_ws/install/rcl_interfaces/include/rcl_interfaces/rcl_interfaces/srv/detail/describe_parameters__traits.hpp
[0.583s] -- Up-to-date: /root/ros_ws/src/Rescue_Car_ws/install/rcl_interfaces/include/rcl_interfaces/rcl_interfaces/srv/detail/set_parameters__struct.hpp
[0.583s] -- Up-to-date: /root/ros_ws/src/Rescue_Car_ws/install/rcl_interfaces/include/rcl_interfaces/rcl_interfaces/srv/detail/get_parameter_types__type_support.hpp
[0.583s] -- Up-to-date: /root/ros_ws/src/Rescue_Car_ws/install/rcl_interfaces/include/rcl_interfaces/rcl_interfaces/srv/detail/list_parameters__type_support.hpp
[0.583s] -- Up-to-date: /root/ros_ws/src/Rescue_Car_ws/install/rcl_interfaces/include/rcl_interfaces/rcl_interfaces/srv/detail/set_parameters_atomically__builder.hpp
[0.584s] -- Up-to-date: /root/ros_ws/src/Rescue_Car_ws/install/rcl_interfaces/include/rcl_interfaces/rcl_interfaces/srv/detail/list_parameters__builder.hpp
[0.585s] -- Up-to-date: /root/ros_ws/src/Rescue_Car_ws/install/rcl_interfaces/include/rcl_interfaces/rcl_interfaces/srv/detail/get_parameters__traits.hpp
[0.586s] -- Up-to-date: /root/ros_ws/src/Rescue_Car_ws/install/rcl_interfaces/include/rcl_interfaces/rcl_interfaces/srv/detail/set_parameters__builder.hpp
[0.586s] -- Up-to-date: /root/ros_ws/src/Rescue_Car_ws/install/rcl_interfaces/include/rcl_interfaces/rcl_interfaces/srv/get_parameters.hpp
[0.587s] -- Up-to-date: /root/ros_ws/src/Rescue_Car_ws/install/rcl_interfaces/include/rcl_interfaces/rcl_interfaces/srv/get_parameter_types.hpp
[0.588s] -- Up-to-date: /root/ros_ws/src/Rescue_Car_ws/install/rcl_interfaces/include/rcl_interfaces/rcl_interfaces/srv/set_parameters_atomically.hpp
[0.588s] -- Up-to-date: /root/ros_ws/src/Rescue_Car_ws/install/rcl_interfaces/include/rcl_interfaces/rcl_interfaces/msg
[0.589s] -- Up-to-date: /root/ros_ws/src/Rescue_Car_ws/install/rcl_interfaces/include/rcl_interfaces/rcl_interfaces/msg/parameter_event_descriptors.hpp
[0.589s] -- Up-to-date: /root/ros_ws/src/Rescue_Car_ws/install/rcl_interfaces/include/rcl_interfaces/rcl_interfaces/msg/rosidl_generator_cpp__visibility_control.hpp
[0.589s] -- Up-to-date: /root/ros_ws/src/Rescue_Car_ws/install/rcl_interfaces/include/rcl_interfaces/rcl_interfaces/msg/parameter_event.hpp
[0.589s] -- Up-to-date: /root/ros_ws/src/Rescue_Car_ws/install/rcl_interfaces/include/rcl_interfaces/rcl_interfaces/msg/set_parameters_result.hpp
[0.589s] -- Up-to-date: /root/ros_ws/src/Rescue_Car_ws/install/rcl_interfaces/include/rcl_interfaces/rcl_interfaces/msg/integer_range.hpp
[0.589s] -- Up-to-date: /root/ros_ws/src/Rescue_Car_ws/install/rcl_interfaces/include/rcl_interfaces/rcl_interfaces/msg/list_parameters_result.hpp
[0.590s] -- Up-to-date: /root/ros_ws/src/Rescue_Car_ws/install/rcl_interfaces/include/rcl_interfaces/rcl_interfaces/msg/parameter_descriptor.hpp
[0.590s] -- Up-to-date: /root/ros_ws/src/Rescue_Car_ws/install/rcl_interfaces/include/rcl_interfaces/rcl_interfaces/msg/detail
[0.591s] -- Up-to-date: /root/ros_ws/src/Rescue_Car_ws/install/rcl_interfaces/include/rcl_interfaces/rcl_interfaces/msg/detail/set_parameters_result__type_support.hpp
[0.591s] -- Up-to-date: /root/ros_ws/src/Rescue_Car_ws/install/rcl_interfaces/include/rcl_interfaces/rcl_interfaces/msg/detail/set_parameters_result__builder.hpp
[0.591s] -- Up-to-date: /root/ros_ws/src/Rescue_Car_ws/install/rcl_interfaces/include/rcl_interfaces/rcl_interfaces/msg/detail/parameter_type__struct.hpp
[0.591s] -- Up-to-date: /root/ros_ws/src/Rescue_Car_ws/install/rcl_interfaces/include/rcl_interfaces/rcl_interfaces/msg/detail/parameter__struct.hpp
[0.591s] -- Up-to-date: /root/ros_ws/src/Rescue_Car_ws/install/rcl_interfaces/include/rcl_interfaces/rcl_interfaces/msg/detail/parameter_type__builder.hpp
[0.601s] -- Up-to-date: /root/ros_ws/src/Rescue_Car_ws/install/rcl_interfaces/include/rcl_interfaces/rcl_interfaces/msg/detail/parameter_value__builder.hpp
[0.602s] -- Up-to-date: /root/ros_ws/src/Rescue_Car_ws/install/rcl_interfaces/include/rcl_interfaces/rcl_interfaces/msg/detail/parameter__traits.hpp
[0.602s] -- Up-to-date: /root/ros_ws/src/Rescue_Car_ws/install/rcl_interfaces/include/rcl_interfaces/rcl_interfaces/msg/detail/list_parameters_result__traits.hpp
[0.602s] -- Up-to-date: /root/ros_ws/src/Rescue_Car_ws/install/rcl_interfaces/include/rcl_interfaces/rcl_interfaces/msg/detail/parameter_descriptor__builder.hpp
[0.603s] -- Up-to-date: /root/ros_ws/src/Rescue_Car_ws/install/rcl_interfaces/include/rcl_interfaces/rcl_interfaces/msg/detail/parameter__builder.hpp
[0.603s] -- Up-to-date: /root/ros_ws/src/Rescue_Car_ws/install/rcl_interfaces/include/rcl_interfaces/rcl_interfaces/msg/detail/parameter_value__type_support.hpp
[0.604s] -- Up-to-date: /root/ros_ws/src/Rescue_Car_ws/install/rcl_interfaces/include/rcl_interfaces/rcl_interfaces/msg/detail/parameter_type__traits.hpp
[0.604s] -- Up-to-date: /root/ros_ws/src/Rescue_Car_ws/install/rcl_interfaces/include/rcl_interfaces/rcl_interfaces/msg/detail/set_parameters_result__struct.hpp
[0.604s] -- Up-to-date: /root/ros_ws/src/Rescue_Car_ws/install/rcl_interfaces/include/rcl_interfaces/rcl_interfaces/msg/detail/parameter_descriptor__traits.hpp
[0.605s] -- Up-to-date: /root/ros_ws/src/Rescue_Car_ws/install/rcl_interfaces/include/rcl_interfaces/rcl_interfaces/msg/detail/parameter__type_support.hpp
[0.605s] -- Up-to-date: /root/ros_ws/src/Rescue_Car_ws/install/rcl_interfaces/include/rcl_interfaces/rcl_interfaces/msg/detail/list_parameters_result__struct.hpp
[0.605s] -- Up-to-date: /root/ros_ws/src/Rescue_Car_ws/install/rcl_interfaces/include/rcl_interfaces/rcl_interfaces/msg/detail/parameter_descriptor__struct.hpp
[0.606s] -- Up-to-date: /root/ros_ws/src/Rescue_Car_ws/install/rcl_interfaces/include/rcl_interfaces/rcl_interfaces/msg/detail/parameter_event__struct.hpp
[0.606s] -- Up-to-date: /root/ros_ws/src/Rescue_Car_ws/install/rcl_interfaces/include/rcl_interfaces/rcl_interfaces/msg/detail/floating_point_range__builder.hpp
[0.606s] -- Up-to-date: /root/ros_ws/src/Rescue_Car_ws/install/rcl_interfaces/include/rcl_interfaces/rcl_interfaces/msg/detail/floating_point_range__traits.hpp
[0.606s] -- Up-to-date: /root/ros_ws/src/Rescue_Car_ws/install/rcl_interfaces/include/rcl_interfaces/rcl_interfaces/msg/detail/parameter_event__builder.hpp
[0.606s] -- Up-to-date: /root/ros_ws/src/Rescue_Car_ws/install/rcl_interfaces/include/rcl_interfaces/rcl_interfaces/msg/detail/parameter_event_descriptors__builder.hpp
[0.606s] -- Up-to-date: /root/ros_ws/src/Rescue_Car_ws/install/rcl_interfaces/include/rcl_interfaces/rcl_interfaces/msg/detail/parameter_value__struct.hpp
[0.606s] -- Up-to-date: /root/ros_ws/src/Rescue_Car_ws/install/rcl_interfaces/include/rcl_interfaces/rcl_interfaces/msg/detail/floating_point_range__struct.hpp
[0.606s] -- Up-to-date: /root/ros_ws/src/Rescue_Car_ws/install/rcl_interfaces/include/rcl_interfaces/rcl_interfaces/msg/detail/log__type_support.hpp
[0.606s] -- Up-to-date: /root/ros_ws/src/Rescue_Car_ws/install/rcl_interfaces/include/rcl_interfaces/rcl_interfaces/msg/detail/parameter_event__type_support.hpp
[0.607s] -- Up-to-date: /root/ros_ws/src/Rescue_Car_ws/install/rcl_interfaces/include/rcl_interfaces/rcl_interfaces/msg/detail/parameter_type__type_support.hpp
[0.607s] -- Up-to-date: /root/ros_ws/src/Rescue_Car_ws/install/rcl_interfaces/include/rcl_interfaces/rcl_interfaces/msg/detail/floating_point_range__type_support.hpp
[0.607s] -- Up-to-date: /root/ros_ws/src/Rescue_Car_ws/install/rcl_interfaces/include/rcl_interfaces/rcl_interfaces/msg/detail/integer_range__builder.hpp
[0.607s] -- Up-to-date: /root/ros_ws/src/Rescue_Car_ws/install/rcl_interfaces/include/rcl_interfaces/rcl_interfaces/msg/detail/log__traits.hpp
[0.607s] -- Up-to-date: /root/ros_ws/src/Rescue_Car_ws/install/rcl_interfaces/include/rcl_interfaces/rcl_interfaces/msg/detail/integer_range__struct.hpp
[0.607s] -- Up-to-date: /root/ros_ws/src/Rescue_Car_ws/install/rcl_interfaces/include/rcl_interfaces/rcl_interfaces/msg/detail/integer_range__type_support.hpp
[0.625s] -- Up-to-date: /root/ros_ws/src/Rescue_Car_ws/install/rcl_interfaces/include/rcl_interfaces/rcl_interfaces/msg/detail/integer_range__traits.hpp
[0.626s] -- Up-to-date: /root/ros_ws/src/Rescue_Car_ws/install/rcl_interfaces/include/rcl_interfaces/rcl_interfaces/msg/detail/parameter_event_descriptors__traits.hpp
[0.626s] -- Up-to-date: /root/ros_ws/src/Rescue_Car_ws/install/rcl_interfaces/include/rcl_interfaces/rcl_interfaces/msg/detail/parameter_event_descriptors__type_support.hpp
[0.626s] -- Up-to-date: /root/ros_ws/src/Rescue_Car_ws/install/rcl_interfaces/include/rcl_interfaces/rcl_interfaces/msg/detail/parameter_event_descriptors__struct.hpp
[0.627s] -- Up-to-date: /root/ros_ws/src/Rescue_Car_ws/install/rcl_interfaces/include/rcl_interfaces/rcl_interfaces/msg/detail/set_parameters_result__traits.hpp
[0.627s] -- Up-to-date: /root/ros_ws/src/Rescue_Car_ws/install/rcl_interfaces/include/rcl_interfaces/rcl_interfaces/msg/detail/parameter_event__traits.hpp
[0.627s] -- Up-to-date: /root/ros_ws/src/Rescue_Car_ws/install/rcl_interfaces/include/rcl_interfaces/rcl_interfaces/msg/detail/log__struct.hpp
[0.627s] -- Up-to-date: /root/ros_ws/src/Rescue_Car_ws/install/rcl_interfaces/include/rcl_interfaces/rcl_interfaces/msg/detail/log__builder.hpp
[0.627s] -- Up-to-date: /root/ros_ws/src/Rescue_Car_ws/install/rcl_interfaces/include/rcl_interfaces/rcl_interfaces/msg/detail/list_parameters_result__builder.hpp
[0.627s] -- Up-to-date: /root/ros_ws/src/Rescue_Car_ws/install/rcl_interfaces/include/rcl_interfaces/rcl_interfaces/msg/detail/parameter_value__traits.hpp
[0.628s] -- Up-to-date: /root/ros_ws/src/Rescue_Car_ws/install/rcl_interfaces/include/rcl_interfaces/rcl_interfaces/msg/detail/parameter_descriptor__type_support.hpp
[0.628s] -- Up-to-date: /root/ros_ws/src/Rescue_Car_ws/install/rcl_interfaces/include/rcl_interfaces/rcl_interfaces/msg/detail/list_parameters_result__type_support.hpp
[0.628s] -- Up-to-date: /root/ros_ws/src/Rescue_Car_ws/install/rcl_interfaces/include/rcl_interfaces/rcl_interfaces/msg/parameter.hpp
[0.628s] -- Up-to-date: /root/ros_ws/src/Rescue_Car_ws/install/rcl_interfaces/include/rcl_interfaces/rcl_interfaces/msg/log.hpp
[0.628s] -- Up-to-date: /root/ros_ws/src/Rescue_Car_ws/install/rcl_interfaces/include/rcl_interfaces/rcl_interfaces/msg/parameter_value.hpp
[0.628s] -- Up-to-date: /root/ros_ws/src/Rescue_Car_ws/install/rcl_interfaces/include/rcl_interfaces/rcl_interfaces/msg/parameter_type.hpp
[0.628s] -- Up-to-date: /root/ros_ws/src/Rescue_Car_ws/install/rcl_interfaces/include/rcl_interfaces/rcl_interfaces/msg/floating_point_range.hpp
[0.628s] -- Up-to-date: /root/ros_ws/src/Rescue_Car_ws/install/rcl_interfaces/include/rcl_interfaces/rcl_interfaces
[0.629s] -- Up-to-date: /root/ros_ws/src/Rescue_Car_ws/install/rcl_interfaces/include/rcl_interfaces/rcl_interfaces/srv
[0.629s] -- Up-to-date: /root/ros_ws/src/Rescue_Car_ws/install/rcl_interfaces/include/rcl_interfaces/rcl_interfaces/srv/detail
[0.629s] -- Up-to-date: /root/ros_ws/src/Rescue_Car_ws/install/rcl_interfaces/include/rcl_interfaces/rcl_interfaces/srv/detail/get_parameters__rosidl_typesupport_fastrtps_cpp.hpp
[0.629s] -- Up-to-date: /root/ros_ws/src/Rescue_Car_ws/install/rcl_interfaces/include/rcl_interfaces/rcl_interfaces/srv/detail/dds_fastrtps
[0.629s] -- Up-to-date: /root/ros_ws/src/Rescue_Car_ws/install/rcl_interfaces/include/rcl_interfaces/rcl_interfaces/srv/detail/set_parameters__rosidl_typesupport_fastrtps_cpp.hpp
[0.629s] -- Up-to-date: /root/ros_ws/src/Rescue_Car_ws/install/rcl_interfaces/include/rcl_interfaces/rcl_interfaces/srv/detail/list_parameters__rosidl_typesupport_fastrtps_cpp.hpp
[0.629s] -- Up-to-date: /root/ros_ws/src/Rescue_Car_ws/install/rcl_interfaces/include/rcl_interfaces/rcl_interfaces/srv/detail/describe_parameters__rosidl_typesupport_fastrtps_cpp.hpp
[0.629s] -- Up-to-date: /root/ros_ws/src/Rescue_Car_ws/install/rcl_interfaces/include/rcl_interfaces/rcl_interfaces/srv/detail/set_parameters_atomically__rosidl_typesupport_fastrtps_cpp.hpp
[0.629s] -- Up-to-date: /root/ros_ws/src/Rescue_Car_ws/install/rcl_interfaces/include/rcl_interfaces/rcl_interfaces/srv/detail/get_parameter_types__rosidl_typesupport_fastrtps_cpp.hpp
[0.630s] -- Up-to-date: /root/ros_ws/src/Rescue_Car_ws/install/rcl_interfaces/include/rcl_interfaces/rcl_interfaces/msg
[0.630s] -- Up-to-date: /root/ros_ws/src/Rescue_Car_ws/install/rcl_interfaces/include/rcl_interfaces/rcl_interfaces/msg/rosidl_typesupport_fastrtps_cpp__visibility_control.h
[0.630s] -- Up-to-date: /root/ros_ws/src/Rescue_Car_ws/install/rcl_interfaces/include/rcl_interfaces/rcl_interfaces/msg/detail
[0.630s] -- Up-to-date: /root/ros_ws/src/Rescue_Car_ws/install/rcl_interfaces/include/rcl_interfaces/rcl_interfaces/msg/detail/parameter_type__rosidl_typesupport_fastrtps_cpp.hpp
[0.630s] -- Up-to-date: /root/ros_ws/src/Rescue_Car_ws/install/rcl_interfaces/include/rcl_interfaces/rcl_interfaces/msg/detail/floating_point_range__rosidl_typesupport_fastrtps_cpp.hpp
[0.630s] -- Up-to-date: /root/ros_ws/src/Rescue_Car_ws/install/rcl_interfaces/include/rcl_interfaces/rcl_interfaces/msg/detail/log__rosidl_typesupport_fastrtps_cpp.hpp
[0.630s] -- Up-to-date: /root/ros_ws/src/Rescue_Car_ws/install/rcl_interfaces/include/rcl_interfaces/rcl_interfaces/msg/detail/parameter_event__rosidl_typesupport_fastrtps_cpp.hpp
[0.631s] -- Up-to-date: /root/ros_ws/src/Rescue_Car_ws/install/rcl_interfaces/include/rcl_interfaces/rcl_interfaces/msg/detail/parameter_event_descriptors__rosidl_typesupport_fastrtps_cpp.hpp
[0.631s] -- Up-to-date: /root/ros_ws/src/Rescue_Car_ws/install/rcl_interfaces/include/rcl_interfaces/rcl_interfaces/msg/detail/dds_fastrtps
[0.631s] -- Up-to-date: /root/ros_ws/src/Rescue_Car_ws/install/rcl_interfaces/include/rcl_interfaces/rcl_interfaces/msg/detail/parameter_value__rosidl_typesupport_fastrtps_cpp.hpp
[0.631s] -- Up-to-date: /root/ros_ws/src/Rescue_Car_ws/install/rcl_interfaces/include/rcl_interfaces/rcl_interfaces/msg/detail/list_parameters_result__rosidl_typesupport_fastrtps_cpp.hpp
[0.631s] -- Up-to-date: /root/ros_ws/src/Rescue_Car_ws/install/rcl_interfaces/include/rcl_interfaces/rcl_interfaces/msg/detail/integer_range__rosidl_typesupport_fastrtps_cpp.hpp
[0.631s] -- Up-to-date: /root/ros_ws/src/Rescue_Car_ws/install/rcl_interfaces/include/rcl_interfaces/rcl_interfaces/msg/detail/parameter_descriptor__rosidl_typesupport_fastrtps_cpp.hpp
[0.631s] -- Up-to-date: /root/ros_ws/src/Rescue_Car_ws/install/rcl_interfaces/include/rcl_interfaces/rcl_interfaces/msg/detail/set_parameters_result__rosidl_typesupport_fastrtps_cpp.hpp
[0.631s] -- Up-to-date: /root/ros_ws/src/Rescue_Car_ws/install/rcl_interfaces/include/rcl_interfaces/rcl_interfaces/msg/detail/parameter__rosidl_typesupport_fastrtps_cpp.hpp
[0.631s] -- Up-to-date: /root/ros_ws/src/Rescue_Car_ws/install/rcl_interfaces/lib/librcl_interfaces__rosidl_typesupport_fastrtps_cpp.so
[0.631s] -- Up-to-date: /root/ros_ws/src/Rescue_Car_ws/install/rcl_interfaces/include/rcl_interfaces/rcl_interfaces
[0.631s] -- Up-to-date: /root/ros_ws/src/Rescue_Car_ws/install/rcl_interfaces/include/rcl_interfaces/rcl_interfaces/srv
[0.632s] -- Up-to-date: /root/ros_ws/src/Rescue_Car_ws/install/rcl_interfaces/include/rcl_interfaces/rcl_interfaces/srv/detail
[0.632s] -- Up-to-date: /root/ros_ws/src/Rescue_Car_ws/install/rcl_interfaces/include/rcl_interfaces/rcl_interfaces/srv/detail/get_parameters__type_support.cpp
[0.632s] -- Up-to-date: /root/ros_ws/src/Rescue_Car_ws/install/rcl_interfaces/include/rcl_interfaces/rcl_interfaces/srv/detail/list_parameters__rosidl_typesupport_introspection_cpp.hpp
[0.632s] -- Up-to-date: /root/ros_ws/src/Rescue_Car_ws/install/rcl_interfaces/include/rcl_interfaces/rcl_interfaces/srv/detail/list_parameters__type_support.cpp
[0.632s] -- Up-to-date: /root/ros_ws/src/Rescue_Car_ws/install/rcl_interfaces/include/rcl_interfaces/rcl_interfaces/srv/detail/set_parameters__type_support.cpp
[0.632s] -- Up-to-date: /root/ros_ws/src/Rescue_Car_ws/install/rcl_interfaces/include/rcl_interfaces/rcl_interfaces/srv/detail/set_parameters_atomically__type_support.cpp
[0.632s] -- Up-to-date: /root/ros_ws/src/Rescue_Car_ws/install/rcl_interfaces/include/rcl_interfaces/rcl_interfaces/srv/detail/get_parameters__rosidl_typesupport_introspection_cpp.hpp
[0.632s] -- Up-to-date: /root/ros_ws/src/Rescue_Car_ws/install/rcl_interfaces/include/rcl_interfaces/rcl_interfaces/srv/detail/get_parameter_types__rosidl_typesupport_introspection_cpp.hpp
[0.632s] -- Up-to-date: /root/ros_ws/src/Rescue_Car_ws/install/rcl_interfaces/include/rcl_interfaces/rcl_interfaces/srv/detail/get_parameter_types__type_support.cpp
[0.632s] -- Up-to-date: /root/ros_ws/src/Rescue_Car_ws/install/rcl_interfaces/include/rcl_interfaces/rcl_interfaces/srv/detail/set_parameters__rosidl_typesupport_introspection_cpp.hpp
[0.632s] -- Up-to-date: /root/ros_ws/src/Rescue_Car_ws/install/rcl_interfaces/include/rcl_interfaces/rcl_interfaces/srv/detail/describe_parameters__rosidl_typesupport_introspection_cpp.hpp
[0.633s] -- Up-to-date: /root/ros_ws/src/Rescue_Car_ws/install/rcl_interfaces/include/rcl_interfaces/rcl_interfaces/srv/detail/describe_parameters__type_support.cpp
[0.633s] -- Up-to-date: /root/ros_ws/src/Rescue_Car_ws/install/rcl_interfaces/include/rcl_interfaces/rcl_interfaces/srv/detail/set_parameters_atomically__rosidl_typesupport_introspection_cpp.hpp
[0.633s] -- Up-to-date: /root/ros_ws/src/Rescue_Car_ws/install/rcl_interfaces/include/rcl_interfaces/rcl_interfaces/msg
[0.633s] -- Up-to-date: /root/ros_ws/src/Rescue_Car_ws/install/rcl_interfaces/include/rcl_interfaces/rcl_interfaces/msg/detail
[0.633s] -- Up-to-date: /root/ros_ws/src/Rescue_Car_ws/install/rcl_interfaces/include/rcl_interfaces/rcl_interfaces/msg/detail/parameter_event_descriptors__type_support.cpp
[0.633s] -- Up-to-date: /root/ros_ws/src/Rescue_Car_ws/install/rcl_interfaces/include/rcl_interfaces/rcl_interfaces/msg/detail/floating_point_range__type_support.cpp
[0.633s] -- Up-to-date: /root/ros_ws/src/Rescue_Car_ws/install/rcl_interfaces/include/rcl_interfaces/rcl_interfaces/msg/detail/log__type_support.cpp
[0.633s] -- Up-to-date: /root/ros_ws/src/Rescue_Car_ws/install/rcl_interfaces/include/rcl_interfaces/rcl_interfaces/msg/detail/parameter_value__type_support.cpp
[0.633s] -- Up-to-date: /root/ros_ws/src/Rescue_Car_ws/install/rcl_interfaces/include/rcl_interfaces/rcl_interfaces/msg/detail/parameter_type__rosidl_typesupport_introspection_cpp.hpp
[0.633s] -- Up-to-date: /root/ros_ws/src/Rescue_Car_ws/install/rcl_interfaces/include/rcl_interfaces/rcl_interfaces/msg/detail/parameter__rosidl_typesupport_introspection_cpp.hpp
[0.634s] -- Up-to-date: /root/ros_ws/src/Rescue_Car_ws/install/rcl_interfaces/include/rcl_interfaces/rcl_interfaces/msg/detail/log__rosidl_typesupport_introspection_cpp.hpp
[0.634s] -- Up-to-date: /root/ros_ws/src/Rescue_Car_ws/install/rcl_interfaces/include/rcl_interfaces/rcl_interfaces/msg/detail/integer_range__rosidl_typesupport_introspection_cpp.hpp
[0.634s] -- Up-to-date: /root/ros_ws/src/Rescue_Car_ws/install/rcl_interfaces/include/rcl_interfaces/rcl_interfaces/msg/detail/parameter_descriptor__type_support.cpp
[0.634s] -- Up-to-date: /root/ros_ws/src/Rescue_Car_ws/install/rcl_interfaces/include/rcl_interfaces/rcl_interfaces/msg/detail/parameter__type_support.cpp
[0.634s] -- Up-to-date: /root/ros_ws/src/Rescue_Car_ws/install/rcl_interfaces/include/rcl_interfaces/rcl_interfaces/msg/detail/parameter_value__rosidl_typesupport_introspection_cpp.hpp
[0.634s] -- Up-to-date: /root/ros_ws/src/Rescue_Car_ws/install/rcl_interfaces/include/rcl_interfaces/rcl_interfaces/msg/detail/parameter_descriptor__rosidl_typesupport_introspection_cpp.hpp
[0.634s] -- Up-to-date: /root/ros_ws/src/Rescue_Car_ws/install/rcl_interfaces/include/rcl_interfaces/rcl_interfaces/msg/detail/parameter_event__type_support.cpp
[0.634s] -- Up-to-date: /root/ros_ws/src/Rescue_Car_ws/install/rcl_interfaces/include/rcl_interfaces/rcl_interfaces/msg/detail/parameter_event__rosidl_typesupport_introspection_cpp.hpp
[0.634s] -- Up-to-date: /root/ros_ws/src/Rescue_Car_ws/install/rcl_interfaces/include/rcl_interfaces/rcl_interfaces/msg/detail/list_parameters_result__rosidl_typesupport_introspection_cpp.hpp
[0.635s] -- Up-to-date: /root/ros_ws/src/Rescue_Car_ws/install/rcl_interfaces/include/rcl_interfaces/rcl_interfaces/msg/detail/set_parameters_result__rosidl_typesupport_introspection_cpp.hpp
[0.641s] -- Up-to-date: /root/ros_ws/src/Rescue_Car_ws/install/rcl_interfaces/include/rcl_interfaces/rcl_interfaces/msg/detail/parameter_event_descriptors__rosidl_typesupport_introspection_cpp.hpp
[0.641s] -- Up-to-date: /root/ros_ws/src/Rescue_Car_ws/install/rcl_interfaces/include/rcl_interfaces/rcl_interfaces/msg/detail/parameter_type__type_support.cpp
[0.643s] -- Up-to-date: /root/ros_ws/src/Rescue_Car_ws/install/rcl_interfaces/include/rcl_interfaces/rcl_interfaces/msg/detail/set_parameters_result__type_support.cpp
[0.643s] -- Up-to-date: /root/ros_ws/src/Rescue_Car_ws/install/rcl_interfaces/include/rcl_interfaces/rcl_interfaces/msg/detail/list_parameters_result__type_support.cpp
[0.643s] -- Up-to-date: /root/ros_ws/src/Rescue_Car_ws/install/rcl_interfaces/include/rcl_interfaces/rcl_interfaces/msg/detail/integer_range__type_support.cpp
[0.643s] -- Up-to-date: /root/ros_ws/src/Rescue_Car_ws/install/rcl_interfaces/include/rcl_interfaces/rcl_interfaces/msg/detail/floating_point_range__rosidl_typesupport_introspection_cpp.hpp
[0.643s] -- Up-to-date: /root/ros_ws/src/Rescue_Car_ws/install/rcl_interfaces/lib/librcl_interfaces__rosidl_typesupport_introspection_cpp.so
[0.643s] -- Up-to-date: /root/ros_ws/src/Rescue_Car_ws/install/rcl_interfaces/lib/librcl_interfaces__rosidl_typesupport_cpp.so
[0.643s] -- Up-to-date: /root/ros_ws/src/Rescue_Car_ws/install/rcl_interfaces/share/rcl_interfaces/environment/pythonpath.sh
[0.643s] -- Up-to-date: /root/ros_ws/src/Rescue_Car_ws/install/rcl_interfaces/share/rcl_interfaces/environment/pythonpath.dsv
[0.643s] -- Up-to-date: /root/ros_ws/src/Rescue_Car_ws/install/rcl_interfaces/local/lib/python3.10/dist-packages/rcl_interfaces-1.2.2-py3.10.egg-info
[0.643s] -- Installing: /root/ros_ws/src/Rescue_Car_ws/install/rcl_interfaces/local/lib/python3.10/dist-packages/rcl_interfaces-1.2.2-py3.10.egg-info/dependency_links.txt
[0.643s] -- Installing: /root/ros_ws/src/Rescue_Car_ws/install/rcl_interfaces/local/lib/python3.10/dist-packages/rcl_interfaces-1.2.2-py3.10.egg-info/SOURCES.txt
[0.643s] -- Installing: /root/ros_ws/src/Rescue_Car_ws/install/rcl_interfaces/local/lib/python3.10/dist-packages/rcl_interfaces-1.2.2-py3.10.egg-info/PKG-INFO
[0.644s] -- Installing: /root/ros_ws/src/Rescue_Car_ws/install/rcl_interfaces/local/lib/python3.10/dist-packages/rcl_interfaces-1.2.2-py3.10.egg-info/top_level.txt
[0.644s] -- Up-to-date: /root/ros_ws/src/Rescue_Car_ws/install/rcl_interfaces/local/lib/python3.10/dist-packages/rcl_interfaces
[0.644s] -- Up-to-date: /root/ros_ws/src/Rescue_Car_ws/install/rcl_interfaces/local/lib/python3.10/dist-packages/rcl_interfaces/_rcl_interfaces_s.ep.rosidl_typesupport_fastrtps_c.c
[0.644s] -- Up-to-date: /root/ros_ws/src/Rescue_Car_ws/install/rcl_interfaces/local/lib/python3.10/dist-packages/rcl_interfaces/_rcl_interfaces_s.ep.rosidl_typesupport_c.c
[0.644s] -- Up-to-date: /root/ros_ws/src/Rescue_Car_ws/install/rcl_interfaces/local/lib/python3.10/dist-packages/rcl_interfaces/rcl_interfaces_s__rosidl_typesupport_c.cpython-310-x86_64-linux-gnu.so
[0.644s] -- Up-to-date: /root/ros_ws/src/Rescue_Car_ws/install/rcl_interfaces/local/lib/python3.10/dist-packages/rcl_interfaces/librcl_interfaces__rosidl_generator_py.so
[0.644s] -- Up-to-date: /root/ros_ws/src/Rescue_Car_ws/install/rcl_interfaces/local/lib/python3.10/dist-packages/rcl_interfaces/rcl_interfaces_s__rosidl_typesupport_introspection_c.cpython-310-x86_64-linux-gnu.so
[0.644s] -- Up-to-date: /root/ros_ws/src/Rescue_Car_ws/install/rcl_interfaces/local/lib/python3.10/dist-packages/rcl_interfaces/srv
[0.644s] -- Up-to-date: /root/ros_ws/src/Rescue_Car_ws/install/rcl_interfaces/local/lib/python3.10/dist-packages/rcl_interfaces/srv/_get_parameter_types.py
[0.644s] -- Up-to-date: /root/ros_ws/src/Rescue_Car_ws/install/rcl_interfaces/local/lib/python3.10/dist-packages/rcl_interfaces/srv/_describe_parameters_s.c
[0.647s] -- Up-to-date: /root/ros_ws/src/Rescue_Car_ws/install/rcl_interfaces/local/lib/python3.10/dist-packages/rcl_interfaces/srv/_get_parameters.py
[0.647s] -- Up-to-date: /root/ros_ws/src/Rescue_Car_ws/install/rcl_interfaces/local/lib/python3.10/dist-packages/rcl_interfaces/srv/_describe_parameters.py
[0.647s] -- Up-to-date: /root/ros_ws/src/Rescue_Car_ws/install/rcl_interfaces/local/lib/python3.10/dist-packages/rcl_interfaces/srv/_set_parameters_s.c
[0.648s] -- Up-to-date: /root/ros_ws/src/Rescue_Car_ws/install/rcl_interfaces/local/lib/python3.10/dist-packages/rcl_interfaces/srv/_set_parameters_atomically_s.c
[0.648s] -- Up-to-date: /root/ros_ws/src/Rescue_Car_ws/install/rcl_interfaces/local/lib/python3.10/dist-packages/rcl_interfaces/srv/_set_parameters_atomically.py
[0.649s] -- Up-to-date: /root/ros_ws/src/Rescue_Car_ws/install/rcl_interfaces/local/lib/python3.10/dist-packages/rcl_interfaces/srv/_get_parameter_types_s.c
[0.649s] -- Up-to-date: /root/ros_ws/src/Rescue_Car_ws/install/rcl_interfaces/local/lib/python3.10/dist-packages/rcl_interfaces/srv/__init__.py
[0.649s] -- Up-to-date: /root/ros_ws/src/Rescue_Car_ws/install/rcl_interfaces/local/lib/python3.10/dist-packages/rcl_interfaces/srv/_get_parameters_s.c
[0.649s] -- Up-to-date: /root/ros_ws/src/Rescue_Car_ws/install/rcl_interfaces/local/lib/python3.10/dist-packages/rcl_interfaces/srv/_list_parameters.py
[0.649s] -- Up-to-date: /root/ros_ws/src/Rescue_Car_ws/install/rcl_interfaces/local/lib/python3.10/dist-packages/rcl_interfaces/srv/_list_parameters_s.c
[0.650s] -- Up-to-date: /root/ros_ws/src/Rescue_Car_ws/install/rcl_interfaces/local/lib/python3.10/dist-packages/rcl_interfaces/srv/_set_parameters.py
[0.650s] -- Up-to-date: /root/ros_ws/src/Rescue_Car_ws/install/rcl_interfaces/local/lib/python3.10/dist-packages/rcl_interfaces/__init__.py
[0.650s] -- Up-to-date: /root/ros_ws/src/Rescue_Car_ws/install/rcl_interfaces/local/lib/python3.10/dist-packages/rcl_interfaces/msg
[0.650s] -- Up-to-date: /root/ros_ws/src/Rescue_Car_ws/install/rcl_interfaces/local/lib/python3.10/dist-packages/rcl_interfaces/msg/_parameter_event_s.c
[0.650s] -- Up-to-date: /root/ros_ws/src/Rescue_Car_ws/install/rcl_interfaces/local/lib/python3.10/dist-packages/rcl_interfaces/msg/_parameter_type.py
[0.652s] -- Up-to-date: /root/ros_ws/src/Rescue_Car_ws/install/rcl_interfaces/local/lib/python3.10/dist-packages/rcl_interfaces/msg/_parameter_descriptor_s.c
[0.652s] -- Up-to-date: /root/ros_ws/src/Rescue_Car_ws/install/rcl_interfaces/local/lib/python3.10/dist-packages/rcl_interfaces/msg/_floating_point_range.py
[0.652s] -- Up-to-date: /root/ros_ws/src/Rescue_Car_ws/install/rcl_interfaces/local/lib/python3.10/dist-packages/rcl_interfaces/msg/_parameter_value.py
[0.652s] -- Up-to-date: /root/ros_ws/src/Rescue_Car_ws/install/rcl_interfaces/local/lib/python3.10/dist-packages/rcl_interfaces/msg/_parameter_type_s.c
[0.652s] -- Up-to-date: /root/ros_ws/src/Rescue_Car_ws/install/rcl_interfaces/local/lib/python3.10/dist-packages/rcl_interfaces/msg/_log.py
[0.652s] -- Up-to-date: /root/ros_ws/src/Rescue_Car_ws/install/rcl_interfaces/local/lib/python3.10/dist-packages/rcl_interfaces/msg/_log_s.c
[0.652s] -- Up-to-date: /root/ros_ws/src/Rescue_Car_ws/install/rcl_interfaces/local/lib/python3.10/dist-packages/rcl_interfaces/msg/_integer_range.py
[0.652s] -- Up-to-date: /root/ros_ws/src/Rescue_Car_ws/install/rcl_interfaces/local/lib/python3.10/dist-packages/rcl_interfaces/msg/_parameter_value_s.c
[0.652s] -- Up-to-date: /root/ros_ws/src/Rescue_Car_ws/install/rcl_interfaces/local/lib/python3.10/dist-packages/rcl_interfaces/msg/_set_parameters_result.py
[0.653s] -- Up-to-date: /root/ros_ws/src/Rescue_Car_ws/install/rcl_interfaces/local/lib/python3.10/dist-packages/rcl_interfaces/msg/_parameter_s.c
[0.653s] -- Up-to-date: /root/ros_ws/src/Rescue_Car_ws/install/rcl_interfaces/local/lib/python3.10/dist-packages/rcl_interfaces/msg/_list_parameters_result.py
[0.653s] -- Up-to-date: /root/ros_ws/src/Rescue_Car_ws/install/rcl_interfaces/local/lib/python3.10/dist-packages/rcl_interfaces/msg/_parameter_event_descriptors_s.c
[0.653s] -- Up-to-date: /root/ros_ws/src/Rescue_Car_ws/install/rcl_interfaces/local/lib/python3.10/dist-packages/rcl_interfaces/msg/_integer_range_s.c
[0.653s] -- Up-to-date: /root/ros_ws/src/Rescue_Car_ws/install/rcl_interfaces/local/lib/python3.10/dist-packages/rcl_interfaces/msg/_list_parameters_result_s.c
[0.654s] -- Up-to-date: /root/ros_ws/src/Rescue_Car_ws/install/rcl_interfaces/local/lib/python3.10/dist-packages/rcl_interfaces/msg/_parameter_event.py
[0.654s] -- Up-to-date: /root/ros_ws/src/Rescue_Car_ws/install/rcl_interfaces/local/lib/python3.10/dist-packages/rcl_interfaces/msg/_set_parameters_result_s.c
[0.654s] -- Up-to-date: /root/ros_ws/src/Rescue_Car_ws/install/rcl_interfaces/local/lib/python3.10/dist-packages/rcl_interfaces/msg/_floating_point_range_s.c
[0.654s] -- Up-to-date: /root/ros_ws/src/Rescue_Car_ws/install/rcl_interfaces/local/lib/python3.10/dist-packages/rcl_interfaces/msg/_parameter.py
[0.654s] -- Up-to-date: /root/ros_ws/src/Rescue_Car_ws/install/rcl_interfaces/local/lib/python3.10/dist-packages/rcl_interfaces/msg/__init__.py
[0.655s] -- Up-to-date: /root/ros_ws/src/Rescue_Car_ws/install/rcl_interfaces/local/lib/python3.10/dist-packages/rcl_interfaces/msg/_parameter_descriptor.py
[0.655s] -- Up-to-date: /root/ros_ws/src/Rescue_Car_ws/install/rcl_interfaces/local/lib/python3.10/dist-packages/rcl_interfaces/msg/_parameter_event_descriptors.py
[0.655s] -- Up-to-date: /root/ros_ws/src/Rescue_Car_ws/install/rcl_interfaces/local/lib/python3.10/dist-packages/rcl_interfaces/rcl_interfaces_s__rosidl_typesupport_fastrtps_c.cpython-310-x86_64-linux-gnu.so
[0.656s] -- Up-to-date: /root/ros_ws/src/Rescue_Car_ws/install/rcl_interfaces/local/lib/python3.10/dist-packages/rcl_interfaces/_rcl_interfaces_s.ep.rosidl_typesupport_introspection_c.c
[0.715s] Listing '/root/ros_ws/src/Rescue_Car_ws/install/rcl_interfaces/local/lib/python3.10/dist-packages/rcl_interfaces'...
[0.715s] Listing '/root/ros_ws/src/Rescue_Car_ws/install/rcl_interfaces/local/lib/python3.10/dist-packages/rcl_interfaces/msg'...
[0.715s] Listing '/root/ros_ws/src/Rescue_Car_ws/install/rcl_interfaces/local/lib/python3.10/dist-packages/rcl_interfaces/srv'...
[0.722s] -- Up-to-date: /root/ros_ws/src/Rescue_Car_ws/install/rcl_interfaces/local/lib/python3.10/dist-packages/rcl_interfaces/rcl_interfaces_s__rosidl_typesupport_fastrtps_c.cpython-310-x86_64-linux-gnu.so
[0.722s] -- Up-to-date: /root/ros_ws/src/Rescue_Car_ws/install/rcl_interfaces/local/lib/python3.10/dist-packages/rcl_interfaces/rcl_interfaces_s__rosidl_typesupport_introspection_c.cpython-310-x86_64-linux-gnu.so
[0.723s] -- Up-to-date: /root/ros_ws/src/Rescue_Car_ws/install/rcl_interfaces/local/lib/python3.10/dist-packages/rcl_interfaces/rcl_interfaces_s__rosidl_typesupport_c.cpython-310-x86_64-linux-gnu.so
[0.723s] -- Up-to-date: /root/ros_ws/src/Rescue_Car_ws/install/rcl_interfaces/lib/librcl_interfaces__rosidl_generator_py.so
[0.723s] -- Up-to-date: /root/ros_ws/src/Rescue_Car_ws/install/rcl_interfaces/share/rcl_interfaces/msg/FloatingPointRange.idl
[0.723s] -- Up-to-date: /root/ros_ws/src/Rescue_Car_ws/install/rcl_interfaces/share/rcl_interfaces/msg/IntegerRange.idl
[0.723s] -- Up-to-date: /root/ros_ws/src/Rescue_Car_ws/install/rcl_interfaces/share/rcl_interfaces/msg/ListParametersResult.idl
[0.723s] -- Up-to-date: /root/ros_ws/src/Rescue_Car_ws/install/rcl_interfaces/share/rcl_interfaces/msg/Log.idl
[0.724s] -- Up-to-date: /root/ros_ws/src/Rescue_Car_ws/install/rcl_interfaces/share/rcl_interfaces/msg/ParameterDescriptor.idl
[0.724s] -- Up-to-date: /root/ros_ws/src/Rescue_Car_ws/install/rcl_interfaces/share/rcl_interfaces/msg/ParameterEventDescriptors.idl
[0.724s] -- Up-to-date: /root/ros_ws/src/Rescue_Car_ws/install/rcl_interfaces/share/rcl_interfaces/msg/ParameterEvent.idl
[0.724s] -- Up-to-date: /root/ros_ws/src/Rescue_Car_ws/install/rcl_interfaces/share/rcl_interfaces/msg/Parameter.idl
[0.724s] -- Up-to-date: /root/ros_ws/src/Rescue_Car_ws/install/rcl_interfaces/share/rcl_interfaces/msg/ParameterType.idl
[0.724s] -- Up-to-date: /root/ros_ws/src/Rescue_Car_ws/install/rcl_interfaces/share/rcl_interfaces/msg/ParameterValue.idl
[0.724s] -- Up-to-date: /root/ros_ws/src/Rescue_Car_ws/install/rcl_interfaces/share/rcl_interfaces/msg/SetParametersResult.idl
[0.724s] -- Up-to-date: /root/ros_ws/src/Rescue_Car_ws/install/rcl_interfaces/share/rcl_interfaces/srv/DescribeParameters.idl
[0.725s] -- Up-to-date: /root/ros_ws/src/Rescue_Car_ws/install/rcl_interfaces/share/rcl_interfaces/srv/GetParameters.idl
[0.725s] -- Up-to-date: /root/ros_ws/src/Rescue_Car_ws/install/rcl_interfaces/share/rcl_interfaces/srv/GetParameterTypes.idl
[0.726s] -- Up-to-date: /root/ros_ws/src/Rescue_Car_ws/install/rcl_interfaces/share/rcl_interfaces/srv/ListParameters.idl
[0.726s] -- Up-to-date: /root/ros_ws/src/Rescue_Car_ws/install/rcl_interfaces/share/rcl_interfaces/srv/SetParametersAtomically.idl
[0.726s] -- Up-to-date: /root/ros_ws/src/Rescue_Car_ws/install/rcl_interfaces/share/rcl_interfaces/srv/SetParameters.idl
[0.727s] -- Up-to-date: /root/ros_ws/src/Rescue_Car_ws/install/rcl_interfaces/share/rcl_interfaces/msg/FloatingPointRange.msg
[0.727s] -- Up-to-date: /root/ros_ws/src/Rescue_Car_ws/install/rcl_interfaces/share/rcl_interfaces/msg/IntegerRange.msg
[0.727s] -- Up-to-date: /root/ros_ws/src/Rescue_Car_ws/install/rcl_interfaces/share/rcl_interfaces/msg/ListParametersResult.msg
[0.727s] -- Up-to-date: /root/ros_ws/src/Rescue_Car_ws/install/rcl_interfaces/share/rcl_interfaces/msg/Log.msg
[0.727s] -- Up-to-date: /root/ros_ws/src/Rescue_Car_ws/install/rcl_interfaces/share/rcl_interfaces/msg/ParameterDescriptor.msg
[0.727s] -- Up-to-date: /root/ros_ws/src/Rescue_Car_ws/install/rcl_interfaces/share/rcl_interfaces/msg/ParameterEventDescriptors.msg
[0.728s] -- Up-to-date: /root/ros_ws/src/Rescue_Car_ws/install/rcl_interfaces/share/rcl_interfaces/msg/ParameterEvent.msg
[0.728s] -- Up-to-date: /root/ros_ws/src/Rescue_Car_ws/install/rcl_interfaces/share/rcl_interfaces/msg/Parameter.msg
[0.728s] -- Up-to-date: /root/ros_ws/src/Rescue_Car_ws/install/rcl_interfaces/share/rcl_interfaces/msg/ParameterType.msg
[0.728s] -- Up-to-date: /root/ros_ws/src/Rescue_Car_ws/install/rcl_interfaces/share/rcl_interfaces/msg/ParameterValue.msg
[0.728s] -- Up-to-date: /root/ros_ws/src/Rescue_Car_ws/install/rcl_interfaces/share/rcl_interfaces/msg/SetParametersResult.msg
[0.728s] -- Up-to-date: /root/ros_ws/src/Rescue_Car_ws/install/rcl_interfaces/share/rcl_interfaces/srv/DescribeParameters.srv
[0.728s] -- Up-to-date: /root/ros_ws/src/Rescue_Car_ws/install/rcl_interfaces/share/rcl_interfaces/srv/DescribeParameters_Request.msg
[0.728s] -- Up-to-date: /root/ros_ws/src/Rescue_Car_ws/install/rcl_interfaces/share/rcl_interfaces/srv/DescribeParameters_Response.msg
[0.728s] -- Up-to-date: /root/ros_ws/src/Rescue_Car_ws/install/rcl_interfaces/share/rcl_interfaces/srv/GetParameters.srv
[0.728s] -- Up-to-date: /root/ros_ws/src/Rescue_Car_ws/install/rcl_interfaces/share/rcl_interfaces/srv/GetParameters_Request.msg
[0.728s] -- Up-to-date: /root/ros_ws/src/Rescue_Car_ws/install/rcl_interfaces/share/rcl_interfaces/srv/GetParameters_Response.msg
[0.728s] -- Up-to-date: /root/ros_ws/src/Rescue_Car_ws/install/rcl_interfaces/share/rcl_interfaces/srv/GetParameterTypes.srv
[0.729s] -- Up-to-date: /root/ros_ws/src/Rescue_Car_ws/install/rcl_interfaces/share/rcl_interfaces/srv/GetParameterTypes_Request.msg
[0.729s] -- Up-to-date: /root/ros_ws/src/Rescue_Car_ws/install/rcl_interfaces/share/rcl_interfaces/srv/GetParameterTypes_Response.msg
[0.729s] -- Up-to-date: /root/ros_ws/src/Rescue_Car_ws/install/rcl_interfaces/share/rcl_interfaces/srv/ListParameters.srv
[0.729s] -- Up-to-date: /root/ros_ws/src/Rescue_Car_ws/install/rcl_interfaces/share/rcl_interfaces/srv/ListParameters_Request.msg
[0.729s] -- Up-to-date: /root/ros_ws/src/Rescue_Car_ws/install/rcl_interfaces/share/rcl_interfaces/srv/ListParameters_Response.msg
[0.729s] -- Up-to-date: /root/ros_ws/src/Rescue_Car_ws/install/rcl_interfaces/share/rcl_interfaces/srv/SetParametersAtomically.srv
[0.729s] -- Up-to-date: /root/ros_ws/src/Rescue_Car_ws/install/rcl_interfaces/share/rcl_interfaces/srv/SetParametersAtomically_Request.msg
[0.729s] -- Up-to-date: /root/ros_ws/src/Rescue_Car_ws/install/rcl_interfaces/share/rcl_interfaces/srv/SetParametersAtomically_Response.msg
[0.729s] -- Up-to-date: /root/ros_ws/src/Rescue_Car_ws/install/rcl_interfaces/share/rcl_interfaces/srv/SetParameters.srv
[0.729s] -- Up-to-date: /root/ros_ws/src/Rescue_Car_ws/install/rcl_interfaces/share/rcl_interfaces/srv/SetParameters_Request.msg
[0.729s] -- Up-to-date: /root/ros_ws/src/Rescue_Car_ws/install/rcl_interfaces/share/rcl_interfaces/srv/SetParameters_Response.msg
[0.730s] -- Up-to-date: /root/ros_ws/src/Rescue_Car_ws/install/rcl_interfaces/share/rcl_interfaces/mapping_rules.yaml
[0.730s] -- Up-to-date: /root/ros_ws/src/Rescue_Car_ws/install/rcl_interfaces/share/ament_index/resource_index/package_run_dependencies/rcl_interfaces
[0.730s] -- Up-to-date: /root/ros_ws/src/Rescue_Car_ws/install/rcl_interfaces/share/ament_index/resource_index/parent_prefix_path/rcl_interfaces
[0.730s] -- Up-to-date: /root/ros_ws/src/Rescue_Car_ws/install/rcl_interfaces/share/rcl_interfaces/environment/ament_prefix_path.sh
[0.730s] -- Up-to-date: /root/ros_ws/src/Rescue_Car_ws/install/rcl_interfaces/share/rcl_interfaces/environment/ament_prefix_path.dsv
[0.730s] -- Up-to-date: /root/ros_ws/src/Rescue_Car_ws/install/rcl_interfaces/share/rcl_interfaces/environment/path.sh
[0.730s] -- Up-to-date: /root/ros_ws/src/Rescue_Car_ws/install/rcl_interfaces/share/rcl_interfaces/environment/path.dsv
[0.730s] -- Up-to-date: /root/ros_ws/src/Rescue_Car_ws/install/rcl_interfaces/share/rcl_interfaces/local_setup.bash
[0.730s] -- Up-to-date: /root/ros_ws/src/Rescue_Car_ws/install/rcl_interfaces/share/rcl_interfaces/local_setup.sh
[0.730s] -- Up-to-date: /root/ros_ws/src/Rescue_Car_ws/install/rcl_interfaces/share/rcl_interfaces/local_setup.zsh
[0.730s] -- Up-to-date: /root/ros_ws/src/Rescue_Car_ws/install/rcl_interfaces/share/rcl_interfaces/local_setup.dsv
[0.730s] -- Installing: /root/ros_ws/src/Rescue_Car_ws/install/rcl_interfaces/share/rcl_interfaces/package.dsv
[0.731s] -- Up-to-date: /root/ros_ws/src/Rescue_Car_ws/install/rcl_interfaces/share/ament_index/resource_index/packages/rcl_interfaces
[0.731s] -- Up-to-date: /root/ros_ws/src/Rescue_Car_ws/install/rcl_interfaces/share/rcl_interfaces/cmake/export_rcl_interfaces__rosidl_generator_cExport.cmake
[0.731s] -- Up-to-date: /root/ros_ws/src/Rescue_Car_ws/install/rcl_interfaces/share/rcl_interfaces/cmake/export_rcl_interfaces__rosidl_generator_cExport-noconfig.cmake
[0.731s] -- Up-to-date: /root/ros_ws/src/Rescue_Car_ws/install/rcl_interfaces/share/rcl_interfaces/cmake/export_rcl_interfaces__rosidl_typesupport_fastrtps_cExport.cmake
[0.731s] -- Up-to-date: /root/ros_ws/src/Rescue_Car_ws/install/rcl_interfaces/share/rcl_interfaces/cmake/export_rcl_interfaces__rosidl_typesupport_fastrtps_cExport-noconfig.cmake
[0.731s] -- Up-to-date: /root/ros_ws/src/Rescue_Car_ws/install/rcl_interfaces/share/rcl_interfaces/cmake/rcl_interfaces__rosidl_typesupport_introspection_cExport.cmake
[0.731s] -- Up-to-date: /root/ros_ws/src/Rescue_Car_ws/install/rcl_interfaces/share/rcl_interfaces/cmake/rcl_interfaces__rosidl_typesupport_introspection_cExport-noconfig.cmake
[0.731s] -- Up-to-date: /root/ros_ws/src/Rescue_Car_ws/install/rcl_interfaces/share/rcl_interfaces/cmake/rcl_interfaces__rosidl_typesupport_cExport.cmake
[0.731s] -- Up-to-date: /root/ros_ws/src/Rescue_Car_ws/install/rcl_interfaces/share/rcl_interfaces/cmake/rcl_interfaces__rosidl_typesupport_cExport-noconfig.cmake
[0.731s] -- Up-to-date: /root/ros_ws/src/Rescue_Car_ws/install/rcl_interfaces/share/rcl_interfaces/cmake/export_rcl_interfaces__rosidl_generator_cppExport.cmake
[0.731s] -- Up-to-date: /root/ros_ws/src/Rescue_Car_ws/install/rcl_interfaces/share/rcl_interfaces/cmake/export_rcl_interfaces__rosidl_typesupport_fastrtps_cppExport.cmake
[0.731s] -- Up-to-date: /root/ros_ws/src/Rescue_Car_ws/install/rcl_interfaces/share/rcl_interfaces/cmake/export_rcl_interfaces__rosidl_typesupport_fastrtps_cppExport-noconfig.cmake
[0.731s] -- Up-to-date: /root/ros_ws/src/Rescue_Car_ws/install/rcl_interfaces/share/rcl_interfaces/cmake/rcl_interfaces__rosidl_typesupport_introspection_cppExport.cmake
[0.731s] -- Up-to-date: /root/ros_ws/src/Rescue_Car_ws/install/rcl_interfaces/share/rcl_interfaces/cmake/rcl_interfaces__rosidl_typesupport_introspection_cppExport-noconfig.cmake
[0.731s] -- Up-to-date: /root/ros_ws/src/Rescue_Car_ws/install/rcl_interfaces/share/rcl_interfaces/cmake/rcl_interfaces__rosidl_typesupport_cppExport.cmake
[0.731s] -- Up-to-date: /root/ros_ws/src/Rescue_Car_ws/install/rcl_interfaces/share/rcl_interfaces/cmake/rcl_interfaces__rosidl_typesupport_cppExport-noconfig.cmake
[0.732s] -- Up-to-date: /root/ros_ws/src/Rescue_Car_ws/install/rcl_interfaces/share/rcl_interfaces/cmake/export_rcl_interfaces__rosidl_generator_pyExport.cmake
[0.732s] -- Up-to-date: /root/ros_ws/src/Rescue_Car_ws/install/rcl_interfaces/share/rcl_interfaces/cmake/export_rcl_interfaces__rosidl_generator_pyExport-noconfig.cmake
[0.732s] -- Up-to-date: /root/ros_ws/src/Rescue_Car_ws/install/rcl_interfaces/share/rcl_interfaces/cmake/rosidl_cmake-extras.cmake
[0.732s] -- Up-to-date: /root/ros_ws/src/Rescue_Car_ws/install/rcl_interfaces/share/rcl_interfaces/cmake/ament_cmake_export_dependencies-extras.cmake
[0.732s] -- Up-to-date: /root/ros_ws/src/Rescue_Car_ws/install/rcl_interfaces/share/rcl_interfaces/cmake/ament_cmake_export_include_directories-extras.cmake
[0.732s] -- Up-to-date: /root/ros_ws/src/Rescue_Car_ws/install/rcl_interfaces/share/rcl_interfaces/cmake/ament_cmake_export_libraries-extras.cmake
[0.732s] -- Up-to-date: /root/ros_ws/src/Rescue_Car_ws/install/rcl_interfaces/share/rcl_interfaces/cmake/ament_cmake_export_targets-extras.cmake
[0.732s] -- Up-to-date: /root/ros_ws/src/Rescue_Car_ws/install/rcl_interfaces/share/rcl_interfaces/cmake/rosidl_cmake_export_typesupport_targets-extras.cmake
[0.732s] -- Up-to-date: /root/ros_ws/src/Rescue_Car_ws/install/rcl_interfaces/share/rcl_interfaces/cmake/rosidl_cmake_export_typesupport_libraries-extras.cmake
[0.732s] -- Up-to-date: /root/ros_ws/src/Rescue_Car_ws/install/rcl_interfaces/share/rcl_interfaces/cmake/rcl_interfacesConfig.cmake
[0.732s] -- Up-to-date: /root/ros_ws/src/Rescue_Car_ws/install/rcl_interfaces/share/rcl_interfaces/cmake/rcl_interfacesConfig-version.cmake
[0.733s] -- Up-to-date: /root/ros_ws/src/Rescue_Car_ws/install/rcl_interfaces/share/rcl_interfaces/package.xml
[0.758s] Invoked command in '/root/ros_ws/src/Rescue_Car_ws/build/rcl_interfaces' returned '0': AMENT_PREFIX_PATH=/root/ros_ws/src/Rescue_Car_ws/install/builtin_interfaces:${AMENT_PREFIX_PATH} CMAKE_PREFIX_PATH=/root/ros_ws/src/Rescue_Car_ws/install/builtin_interfaces:/opt/ros/humble LD_LIBRARY_PATH=/root/ros_ws/src/Rescue_Car_ws/install/builtin_interfaces/lib:${LD_LIBRARY_PATH} PYTHONPATH=/root/ros_ws/src/Rescue_Car_ws/install/builtin_interfaces/local/lib/python3.10/dist-packages:${PYTHONPATH} /usr/bin/cmake --install /root/ros_ws/src/Rescue_Car_ws/build/rcl_interfaces
