[0.249s] Invoking command in '/root/ros_ws/src/Rescue_Car_ws/build/action_msgs': CMAKE_PREFIX_PATH=/root/ros_ws/src/Rescue_Car_ws/install/unique_identifier_msgs:/root/ros_ws/src/Rescue_Car_ws/install/builtin_interfaces:/root/ros_ws/src/Rescue_Car_ws/install/micro_ros_demos_rclc:/root/ros_ws/src/Rescue_Car_ws/install/common_interfaces:/root/ros_ws/src/Rescue_Car_ws/install/visualization_msgs:/root/ros_ws/src/Rescue_Car_ws/install/test_msgs:/root/ros_ws/src/Rescue_Car_ws/install/example_interfaces:/root/ros_ws/src/Rescue_Car_ws/install/action_msgs:/root/ros_ws/src/Rescue_Car_ws/install/trajectory_msgs:/root/ros_ws/src/Rescue_Car_ws/install/stereo_msgs:/root/ros_ws/src/Rescue_Car_ws/install/std_srvs:/root/ros_ws/src/Rescue_Car_ws/install/shape_msgs:/root/ros_ws/src/Rescue_Car_ws/install/sensor_msgs:/root/ros_ws/src/Rescue_Car_ws/install/nav_msgs:/root/ros_ws/src/Rescue_Car_ws/install/diagnostic_msgs:/root/ros_ws/src/Rescue_Car_ws/install/geometry_msgs:/root/ros_ws/src/Rescue_Car_ws/install/actionlib_msgs:/root/ros_ws/src/Rescue_Car_ws/install/std_msgs:/root/ros_ws/src/Rescue_Car_ws/install/statistics_msgs:/root/ros_ws/src/Rescue_Car_ws/install/rosidl_typesupport_microxrcedds_test_msg:/root/ros_ws/src/Rescue_Car_ws/install/rosidl_typesupport_microxrcedds_cpp_tests:/root/ros_ws/src/Rescue_Car_ws/install/rmw_microxrcedds:/root/ros_ws/src/Rescue_Car_ws/install/rosidl_typesupport_microxrcedds_cpp:/root/ros_ws/src/Rescue_Car_ws/install/rosidl_typesupport_microxrcedds_c_tests:/root/ros_ws/src/Rescue_Car_ws/install/rosidl_typesupport_microxrcedds_c:/root/ros_ws/src/Rescue_Car_ws/install/rosgraph_msgs:/root/ros_ws/src/Rescue_Car_ws/install/rclc_parameter:/root/ros_ws/src/Rescue_Car_ws/install/rclc:/root/ros_ws/src/Rescue_Car_ws/install/composition_interfaces:/root/ros_ws/src/Rescue_Car_ws/install/rcl_interfaces:/root/ros_ws/src/Rescue_Car_ws/install/microxrcedds_client:/root/ros_ws/src/Rescue_Car_ws/install/microcdr:/root/ros_ws/src/Rescue_Car_ws/install/micro_ros_utilities:/root/ros_ws/src/Rescue_Car_ws/install/micro_ros_setup:/root/ros_ws/src/Rescue_Car_ws/install/micro_ros_agent:/root/ros_ws/src/Rescue_Car_ws/install/micro_ros_msgs:/root/ros_ws/src/Rescue_Car_ws/install/lifecycle_msgs:/root/ros_ws/src/Rescue_Car_ws/install/complex_msgs:/root/ros_ws/src/Rescue_Car_ws/install/car:/root/ros_ws/src/Rescue_Car_ws/install/sensor_msgs_py:/opt/ros/humble LD_LIBRARY_PATH=/root/ros_ws/src/Rescue_Car_ws/install/unique_identifier_msgs/lib:/root/ros_ws/src/Rescue_Car_ws/install/builtin_interfaces/lib:/root/ros_ws/src/Rescue_Car_ws/install/visualization_msgs/lib:/root/ros_ws/src/Rescue_Car_ws/install/test_msgs/lib:/root/ros_ws/src/Rescue_Car_ws/install/example_interfaces/lib:/root/ros_ws/src/Rescue_Car_ws/install/action_msgs/lib:/root/ros_ws/src/Rescue_Car_ws/install/trajectory_msgs/lib:/root/ros_ws/src/Rescue_Car_ws/install/stereo_msgs/lib:/root/ros_ws/src/Rescue_Car_ws/install/std_srvs/lib:/root/ros_ws/src/Rescue_Car_ws/install/shape_msgs/lib:/root/ros_ws/src/Rescue_Car_ws/install/sensor_msgs/lib:/root/ros_ws/src/Rescue_Car_ws/install/nav_msgs/lib:/root/ros_ws/src/Rescue_Car_ws/install/diagnostic_msgs/lib:/root/ros_ws/src/Rescue_Car_ws/install/geometry_msgs/lib:/root/ros_ws/src/Rescue_Car_ws/install/actionlib_msgs/lib:/root/ros_ws/src/Rescue_Car_ws/install/std_msgs/lib:/root/ros_ws/src/Rescue_Car_ws/install/statistics_msgs/lib:/root/ros_ws/src/Rescue_Car_ws/install/rosidl_typesupport_microxrcedds_test_msg/lib:/root/ros_ws/src/Rescue_Car_ws/install/rmw_microxrcedds/lib:/root/ros_ws/src/Rescue_Car_ws/install/rosidl_typesupport_microxrcedds_cpp/lib:/root/ros_ws/src/Rescue_Car_ws/install/rosidl_typesupport_microxrcedds_c/lib:/root/ros_ws/src/Rescue_Car_ws/install/rosgraph_msgs/lib:/root/ros_ws/src/Rescue_Car_ws/install/rclc_parameter/lib:/root/ros_ws/src/Rescue_Car_ws/install/rclc/lib:/root/ros_ws/src/Rescue_Car_ws/install/composition_interfaces/lib:/root/ros_ws/src/Rescue_Car_ws/install/rcl_interfaces/lib:/root/ros_ws/src/Rescue_Car_ws/install/micro_ros_utilities/lib:/root/ros_ws/src/Rescue_Car_ws/install/micro_ros_agent/lib:/root/ros_ws/src/Rescue_Car_ws/install/micro_ros_msgs/lib:/root/ros_ws/src/Rescue_Car_ws/install/lifecycle_msgs/lib:/root/ros_ws/src/Rescue_Car_ws/install/complex_msgs/lib:/usr/lib/x86_64-linux-gnu/gazebo-11/plugins:/opt/ros/humble/opt/rviz_ogre_vendor/lib:/opt/ros/humble/lib/x86_64-linux-gnu:/opt/ros/humble/lib /usr/bin/cmake --build /root/ros_ws/src/Rescue_Car_ws/build/action_msgs -- -j20 -l20
[0.314s] [  1%] Built target action_msgs__cpp
[0.321s] [ 12%] Built target action_msgs__rosidl_generator_c
[0.339s] [ 12%] Built target ament_cmake_python_copy_action_msgs
[0.349s] [ 23%] Built target action_msgs__rosidl_typesupport_introspection_cpp
[0.353s] [ 34%] Built target action_msgs__rosidl_typesupport_fastrtps_cpp
[0.362s] [ 45%] Built target action_msgs__rosidl_typesupport_cpp
[0.372s] [ 56%] Built target action_msgs__rosidl_typesupport_introspection_c
[0.372s] [ 72%] Built target action_msgs__rosidl_typesupport_c
[0.372s] [ 78%] Built target action_msgs__rosidl_typesupport_fastrtps_c
[0.409s] [ 78%] Built target action_msgs
[0.439s] [ 80%] Built target action_msgs__py
[0.466s] [ 89%] Built target action_msgs__rosidl_generator_py
[0.492s] [ 92%] Built target action_msgs__rosidl_typesupport_introspection_c__pyext
[0.499s] [ 96%] Built target action_msgs__rosidl_typesupport_c__pyext
[0.499s] [100%] Built target action_msgs__rosidl_typesupport_fastrtps_c__pyext
[0.734s] running egg_info
[0.734s] writing action_msgs.egg-info/PKG-INFO
[0.734s] writing dependency_links to action_msgs.egg-info/dependency_links.txt
[0.734s] writing top-level names to action_msgs.egg-info/top_level.txt
[0.734s] reading manifest file 'action_msgs.egg-info/SOURCES.txt'
[0.734s] writing manifest file 'action_msgs.egg-info/SOURCES.txt'
[0.742s] [100%] Built target ament_cmake_python_build_action_msgs_egg
[0.795s] Invoked command in '/root/ros_ws/src/Rescue_Car_ws/build/action_msgs' returned '0': CMAKE_PREFIX_PATH=/root/ros_ws/src/Rescue_Car_ws/install/unique_identifier_msgs:/root/ros_ws/src/Rescue_Car_ws/install/builtin_interfaces:/root/ros_ws/src/Rescue_Car_ws/install/micro_ros_demos_rclc:/root/ros_ws/src/Rescue_Car_ws/install/common_interfaces:/root/ros_ws/src/Rescue_Car_ws/install/visualization_msgs:/root/ros_ws/src/Rescue_Car_ws/install/test_msgs:/root/ros_ws/src/Rescue_Car_ws/install/example_interfaces:/root/ros_ws/src/Rescue_Car_ws/install/action_msgs:/root/ros_ws/src/Rescue_Car_ws/install/trajectory_msgs:/root/ros_ws/src/Rescue_Car_ws/install/stereo_msgs:/root/ros_ws/src/Rescue_Car_ws/install/std_srvs:/root/ros_ws/src/Rescue_Car_ws/install/shape_msgs:/root/ros_ws/src/Rescue_Car_ws/install/sensor_msgs:/root/ros_ws/src/Rescue_Car_ws/install/nav_msgs:/root/ros_ws/src/Rescue_Car_ws/install/diagnostic_msgs:/root/ros_ws/src/Rescue_Car_ws/install/geometry_msgs:/root/ros_ws/src/Rescue_Car_ws/install/actionlib_msgs:/root/ros_ws/src/Rescue_Car_ws/install/std_msgs:/root/ros_ws/src/Rescue_Car_ws/install/statistics_msgs:/root/ros_ws/src/Rescue_Car_ws/install/rosidl_typesupport_microxrcedds_test_msg:/root/ros_ws/src/Rescue_Car_ws/install/rosidl_typesupport_microxrcedds_cpp_tests:/root/ros_ws/src/Rescue_Car_ws/install/rmw_microxrcedds:/root/ros_ws/src/Rescue_Car_ws/install/rosidl_typesupport_microxrcedds_cpp:/root/ros_ws/src/Rescue_Car_ws/install/rosidl_typesupport_microxrcedds_c_tests:/root/ros_ws/src/Rescue_Car_ws/install/rosidl_typesupport_microxrcedds_c:/root/ros_ws/src/Rescue_Car_ws/install/rosgraph_msgs:/root/ros_ws/src/Rescue_Car_ws/install/rclc_parameter:/root/ros_ws/src/Rescue_Car_ws/install/rclc:/root/ros_ws/src/Rescue_Car_ws/install/composition_interfaces:/root/ros_ws/src/Rescue_Car_ws/install/rcl_interfaces:/root/ros_ws/src/Rescue_Car_ws/install/microxrcedds_client:/root/ros_ws/src/Rescue_Car_ws/install/microcdr:/root/ros_ws/src/Rescue_Car_ws/install/micro_ros_utilities:/root/ros_ws/src/Rescue_Car_ws/install/micro_ros_setup:/root/ros_ws/src/Rescue_Car_ws/install/micro_ros_agent:/root/ros_ws/src/Rescue_Car_ws/install/micro_ros_msgs:/root/ros_ws/src/Rescue_Car_ws/install/lifecycle_msgs:/root/ros_ws/src/Rescue_Car_ws/install/complex_msgs:/root/ros_ws/src/Rescue_Car_ws/install/car:/root/ros_ws/src/Rescue_Car_ws/install/sensor_msgs_py:/opt/ros/humble LD_LIBRARY_PATH=/root/ros_ws/src/Rescue_Car_ws/install/unique_identifier_msgs/lib:/root/ros_ws/src/Rescue_Car_ws/install/builtin_interfaces/lib:/root/ros_ws/src/Rescue_Car_ws/install/visualization_msgs/lib:/root/ros_ws/src/Rescue_Car_ws/install/test_msgs/lib:/root/ros_ws/src/Rescue_Car_ws/install/example_interfaces/lib:/root/ros_ws/src/Rescue_Car_ws/install/action_msgs/lib:/root/ros_ws/src/Rescue_Car_ws/install/trajectory_msgs/lib:/root/ros_ws/src/Rescue_Car_ws/install/stereo_msgs/lib:/root/ros_ws/src/Rescue_Car_ws/install/std_srvs/lib:/root/ros_ws/src/Rescue_Car_ws/install/shape_msgs/lib:/root/ros_ws/src/Rescue_Car_ws/install/sensor_msgs/lib:/root/ros_ws/src/Rescue_Car_ws/install/nav_msgs/lib:/root/ros_ws/src/Rescue_Car_ws/install/diagnostic_msgs/lib:/root/ros_ws/src/Rescue_Car_ws/install/geometry_msgs/lib:/root/ros_ws/src/Rescue_Car_ws/install/actionlib_msgs/lib:/root/ros_ws/src/Rescue_Car_ws/install/std_msgs/lib:/root/ros_ws/src/Rescue_Car_ws/install/statistics_msgs/lib:/root/ros_ws/src/Rescue_Car_ws/install/rosidl_typesupport_microxrcedds_test_msg/lib:/root/ros_ws/src/Rescue_Car_ws/install/rmw_microxrcedds/lib:/root/ros_ws/src/Rescue_Car_ws/install/rosidl_typesupport_microxrcedds_cpp/lib:/root/ros_ws/src/Rescue_Car_ws/install/rosidl_typesupport_microxrcedds_c/lib:/root/ros_ws/src/Rescue_Car_ws/install/rosgraph_msgs/lib:/root/ros_ws/src/Rescue_Car_ws/install/rclc_parameter/lib:/root/ros_ws/src/Rescue_Car_ws/install/rclc/lib:/root/ros_ws/src/Rescue_Car_ws/install/composition_interfaces/lib:/root/ros_ws/src/Rescue_Car_ws/install/rcl_interfaces/lib:/root/ros_ws/src/Rescue_Car_ws/install/micro_ros_utilities/lib:/root/ros_ws/src/Rescue_Car_ws/install/micro_ros_agent/lib:/root/ros_ws/src/Rescue_Car_ws/install/micro_ros_msgs/lib:/root/ros_ws/src/Rescue_Car_ws/install/lifecycle_msgs/lib:/root/ros_ws/src/Rescue_Car_ws/install/complex_msgs/lib:/usr/lib/x86_64-linux-gnu/gazebo-11/plugins:/opt/ros/humble/opt/rviz_ogre_vendor/lib:/opt/ros/humble/lib/x86_64-linux-gnu:/opt/ros/humble/lib /usr/bin/cmake --build /root/ros_ws/src/Rescue_Car_ws/build/action_msgs -- -j20 -l20
[0.797s] Invoking command in '/root/ros_ws/src/Rescue_Car_ws/build/action_msgs': CMAKE_PREFIX_PATH=/root/ros_ws/src/Rescue_Car_ws/install/unique_identifier_msgs:/root/ros_ws/src/Rescue_Car_ws/install/builtin_interfaces:/root/ros_ws/src/Rescue_Car_ws/install/micro_ros_demos_rclc:/root/ros_ws/src/Rescue_Car_ws/install/common_interfaces:/root/ros_ws/src/Rescue_Car_ws/install/visualization_msgs:/root/ros_ws/src/Rescue_Car_ws/install/test_msgs:/root/ros_ws/src/Rescue_Car_ws/install/example_interfaces:/root/ros_ws/src/Rescue_Car_ws/install/action_msgs:/root/ros_ws/src/Rescue_Car_ws/install/trajectory_msgs:/root/ros_ws/src/Rescue_Car_ws/install/stereo_msgs:/root/ros_ws/src/Rescue_Car_ws/install/std_srvs:/root/ros_ws/src/Rescue_Car_ws/install/shape_msgs:/root/ros_ws/src/Rescue_Car_ws/install/sensor_msgs:/root/ros_ws/src/Rescue_Car_ws/install/nav_msgs:/root/ros_ws/src/Rescue_Car_ws/install/diagnostic_msgs:/root/ros_ws/src/Rescue_Car_ws/install/geometry_msgs:/root/ros_ws/src/Rescue_Car_ws/install/actionlib_msgs:/root/ros_ws/src/Rescue_Car_ws/install/std_msgs:/root/ros_ws/src/Rescue_Car_ws/install/statistics_msgs:/root/ros_ws/src/Rescue_Car_ws/install/rosidl_typesupport_microxrcedds_test_msg:/root/ros_ws/src/Rescue_Car_ws/install/rosidl_typesupport_microxrcedds_cpp_tests:/root/ros_ws/src/Rescue_Car_ws/install/rmw_microxrcedds:/root/ros_ws/src/Rescue_Car_ws/install/rosidl_typesupport_microxrcedds_cpp:/root/ros_ws/src/Rescue_Car_ws/install/rosidl_typesupport_microxrcedds_c_tests:/root/ros_ws/src/Rescue_Car_ws/install/rosidl_typesupport_microxrcedds_c:/root/ros_ws/src/Rescue_Car_ws/install/rosgraph_msgs:/root/ros_ws/src/Rescue_Car_ws/install/rclc_parameter:/root/ros_ws/src/Rescue_Car_ws/install/rclc:/root/ros_ws/src/Rescue_Car_ws/install/composition_interfaces:/root/ros_ws/src/Rescue_Car_ws/install/rcl_interfaces:/root/ros_ws/src/Rescue_Car_ws/install/microxrcedds_client:/root/ros_ws/src/Rescue_Car_ws/install/microcdr:/root/ros_ws/src/Rescue_Car_ws/install/micro_ros_utilities:/root/ros_ws/src/Rescue_Car_ws/install/micro_ros_setup:/root/ros_ws/src/Rescue_Car_ws/install/micro_ros_agent:/root/ros_ws/src/Rescue_Car_ws/install/micro_ros_msgs:/root/ros_ws/src/Rescue_Car_ws/install/lifecycle_msgs:/root/ros_ws/src/Rescue_Car_ws/install/complex_msgs:/root/ros_ws/src/Rescue_Car_ws/install/car:/root/ros_ws/src/Rescue_Car_ws/install/sensor_msgs_py:/opt/ros/humble LD_LIBRARY_PATH=/root/ros_ws/src/Rescue_Car_ws/install/unique_identifier_msgs/lib:/root/ros_ws/src/Rescue_Car_ws/install/builtin_interfaces/lib:/root/ros_ws/src/Rescue_Car_ws/install/visualization_msgs/lib:/root/ros_ws/src/Rescue_Car_ws/install/test_msgs/lib:/root/ros_ws/src/Rescue_Car_ws/install/example_interfaces/lib:/root/ros_ws/src/Rescue_Car_ws/install/action_msgs/lib:/root/ros_ws/src/Rescue_Car_ws/install/trajectory_msgs/lib:/root/ros_ws/src/Rescue_Car_ws/install/stereo_msgs/lib:/root/ros_ws/src/Rescue_Car_ws/install/std_srvs/lib:/root/ros_ws/src/Rescue_Car_ws/install/shape_msgs/lib:/root/ros_ws/src/Rescue_Car_ws/install/sensor_msgs/lib:/root/ros_ws/src/Rescue_Car_ws/install/nav_msgs/lib:/root/ros_ws/src/Rescue_Car_ws/install/diagnostic_msgs/lib:/root/ros_ws/src/Rescue_Car_ws/install/geometry_msgs/lib:/root/ros_ws/src/Rescue_Car_ws/install/actionlib_msgs/lib:/root/ros_ws/src/Rescue_Car_ws/install/std_msgs/lib:/root/ros_ws/src/Rescue_Car_ws/install/statistics_msgs/lib:/root/ros_ws/src/Rescue_Car_ws/install/rosidl_typesupport_microxrcedds_test_msg/lib:/root/ros_ws/src/Rescue_Car_ws/install/rmw_microxrcedds/lib:/root/ros_ws/src/Rescue_Car_ws/install/rosidl_typesupport_microxrcedds_cpp/lib:/root/ros_ws/src/Rescue_Car_ws/install/rosidl_typesupport_microxrcedds_c/lib:/root/ros_ws/src/Rescue_Car_ws/install/rosgraph_msgs/lib:/root/ros_ws/src/Rescue_Car_ws/install/rclc_parameter/lib:/root/ros_ws/src/Rescue_Car_ws/install/rclc/lib:/root/ros_ws/src/Rescue_Car_ws/install/composition_interfaces/lib:/root/ros_ws/src/Rescue_Car_ws/install/rcl_interfaces/lib:/root/ros_ws/src/Rescue_Car_ws/install/micro_ros_utilities/lib:/root/ros_ws/src/Rescue_Car_ws/install/micro_ros_agent/lib:/root/ros_ws/src/Rescue_Car_ws/install/micro_ros_msgs/lib:/root/ros_ws/src/Rescue_Car_ws/install/lifecycle_msgs/lib:/root/ros_ws/src/Rescue_Car_ws/install/complex_msgs/lib:/usr/lib/x86_64-linux-gnu/gazebo-11/plugins:/opt/ros/humble/opt/rviz_ogre_vendor/lib:/opt/ros/humble/lib/x86_64-linux-gnu:/opt/ros/humble/lib /usr/bin/cmake --install /root/ros_ws/src/Rescue_Car_ws/build/action_msgs
[0.844s] -- Install configuration: ""
[0.844s] -- Up-to-date: /root/ros_ws/src/Rescue_Car_ws/install/action_msgs/share/ament_index/resource_index/rosidl_interfaces/action_msgs
[0.844s] -- Up-to-date: /root/ros_ws/src/Rescue_Car_ws/install/action_msgs/include/action_msgs/action_msgs
[0.844s] -- Up-to-date: /root/ros_ws/src/Rescue_Car_ws/install/action_msgs/include/action_msgs/action_msgs/srv
[0.844s] -- Up-to-date: /root/ros_ws/src/Rescue_Car_ws/install/action_msgs/include/action_msgs/action_msgs/srv/cancel_goal.h
[0.844s] -- Up-to-date: /root/ros_ws/src/Rescue_Car_ws/install/action_msgs/include/action_msgs/action_msgs/srv/detail
[0.844s] -- Up-to-date: /root/ros_ws/src/Rescue_Car_ws/install/action_msgs/include/action_msgs/action_msgs/srv/detail/cancel_goal__type_support.h
[0.844s] -- Up-to-date: /root/ros_ws/src/Rescue_Car_ws/install/action_msgs/include/action_msgs/action_msgs/srv/detail/cancel_goal__struct.h
[0.844s] -- Up-to-date: /root/ros_ws/src/Rescue_Car_ws/install/action_msgs/include/action_msgs/action_msgs/srv/detail/cancel_goal__functions.c
[0.844s] -- Up-to-date: /root/ros_ws/src/Rescue_Car_ws/install/action_msgs/include/action_msgs/action_msgs/srv/detail/cancel_goal__functions.h
[0.844s] -- Up-to-date: /root/ros_ws/src/Rescue_Car_ws/install/action_msgs/include/action_msgs/action_msgs/msg
[0.844s] -- Up-to-date: /root/ros_ws/src/Rescue_Car_ws/install/action_msgs/include/action_msgs/action_msgs/msg/goal_status_array.h
[0.844s] -- Up-to-date: /root/ros_ws/src/Rescue_Car_ws/install/action_msgs/include/action_msgs/action_msgs/msg/goal_info.h
[0.844s] -- Up-to-date: /root/ros_ws/src/Rescue_Car_ws/install/action_msgs/include/action_msgs/action_msgs/msg/detail
[0.844s] -- Up-to-date: /root/ros_ws/src/Rescue_Car_ws/install/action_msgs/include/action_msgs/action_msgs/msg/detail/goal_status_array__functions.c
[0.844s] -- Up-to-date: /root/ros_ws/src/Rescue_Car_ws/install/action_msgs/include/action_msgs/action_msgs/msg/detail/goal_info__struct.h
[0.844s] -- Up-to-date: /root/ros_ws/src/Rescue_Car_ws/install/action_msgs/include/action_msgs/action_msgs/msg/detail/goal_info__functions.h
[0.844s] -- Up-to-date: /root/ros_ws/src/Rescue_Car_ws/install/action_msgs/include/action_msgs/action_msgs/msg/detail/goal_info__functions.c
[0.844s] -- Up-to-date: /root/ros_ws/src/Rescue_Car_ws/install/action_msgs/include/action_msgs/action_msgs/msg/detail/goal_status__functions.h
[0.844s] -- Up-to-date: /root/ros_ws/src/Rescue_Car_ws/install/action_msgs/include/action_msgs/action_msgs/msg/detail/goal_status__functions.c
[0.844s] -- Up-to-date: /root/ros_ws/src/Rescue_Car_ws/install/action_msgs/include/action_msgs/action_msgs/msg/detail/goal_status_array__functions.h
[0.844s] -- Up-to-date: /root/ros_ws/src/Rescue_Car_ws/install/action_msgs/include/action_msgs/action_msgs/msg/detail/goal_status__type_support.h
[0.845s] -- Up-to-date: /root/ros_ws/src/Rescue_Car_ws/install/action_msgs/include/action_msgs/action_msgs/msg/detail/goal_info__type_support.h
[0.845s] -- Up-to-date: /root/ros_ws/src/Rescue_Car_ws/install/action_msgs/include/action_msgs/action_msgs/msg/detail/goal_status_array__struct.h
[0.845s] -- Up-to-date: /root/ros_ws/src/Rescue_Car_ws/install/action_msgs/include/action_msgs/action_msgs/msg/detail/goal_status_array__type_support.h
[0.845s] -- Up-to-date: /root/ros_ws/src/Rescue_Car_ws/install/action_msgs/include/action_msgs/action_msgs/msg/detail/goal_status__struct.h
[0.845s] -- Up-to-date: /root/ros_ws/src/Rescue_Car_ws/install/action_msgs/include/action_msgs/action_msgs/msg/rosidl_generator_c__visibility_control.h
[0.845s] -- Up-to-date: /root/ros_ws/src/Rescue_Car_ws/install/action_msgs/include/action_msgs/action_msgs/msg/goal_status.h
[0.845s] -- Up-to-date: /root/ros_ws/src/Rescue_Car_ws/install/action_msgs/share/action_msgs/environment/library_path.sh
[0.845s] -- Up-to-date: /root/ros_ws/src/Rescue_Car_ws/install/action_msgs/share/action_msgs/environment/library_path.dsv
[0.845s] -- Up-to-date: /root/ros_ws/src/Rescue_Car_ws/install/action_msgs/lib/libaction_msgs__rosidl_generator_c.so
[0.845s] -- Up-to-date: /root/ros_ws/src/Rescue_Car_ws/install/action_msgs/include/action_msgs/action_msgs
[0.845s] -- Up-to-date: /root/ros_ws/src/Rescue_Car_ws/install/action_msgs/include/action_msgs/action_msgs/srv
[0.845s] -- Up-to-date: /root/ros_ws/src/Rescue_Car_ws/install/action_msgs/include/action_msgs/action_msgs/srv/detail
[0.845s] -- Up-to-date: /root/ros_ws/src/Rescue_Car_ws/install/action_msgs/include/action_msgs/action_msgs/srv/detail/cancel_goal__rosidl_typesupport_fastrtps_c.h
[0.845s] -- Up-to-date: /root/ros_ws/src/Rescue_Car_ws/install/action_msgs/include/action_msgs/action_msgs/msg
[0.845s] -- Up-to-date: /root/ros_ws/src/Rescue_Car_ws/install/action_msgs/include/action_msgs/action_msgs/msg/detail
[0.845s] -- Up-to-date: /root/ros_ws/src/Rescue_Car_ws/install/action_msgs/include/action_msgs/action_msgs/msg/detail/goal_info__rosidl_typesupport_fastrtps_c.h
[0.845s] -- Up-to-date: /root/ros_ws/src/Rescue_Car_ws/install/action_msgs/include/action_msgs/action_msgs/msg/detail/goal_status__rosidl_typesupport_fastrtps_c.h
[0.845s] -- Up-to-date: /root/ros_ws/src/Rescue_Car_ws/install/action_msgs/include/action_msgs/action_msgs/msg/detail/goal_status_array__rosidl_typesupport_fastrtps_c.h
[0.845s] -- Up-to-date: /root/ros_ws/src/Rescue_Car_ws/install/action_msgs/include/action_msgs/action_msgs/msg/rosidl_typesupport_fastrtps_c__visibility_control.h
[0.845s] -- Up-to-date: /root/ros_ws/src/Rescue_Car_ws/install/action_msgs/lib/libaction_msgs__rosidl_typesupport_fastrtps_c.so
[0.845s] -- Up-to-date: /root/ros_ws/src/Rescue_Car_ws/install/action_msgs/include/action_msgs/action_msgs
[0.845s] -- Up-to-date: /root/ros_ws/src/Rescue_Car_ws/install/action_msgs/include/action_msgs/action_msgs/srv
[0.845s] -- Up-to-date: /root/ros_ws/src/Rescue_Car_ws/install/action_msgs/include/action_msgs/action_msgs/srv/cancel_goal.hpp
[0.845s] -- Up-to-date: /root/ros_ws/src/Rescue_Car_ws/install/action_msgs/include/action_msgs/action_msgs/srv/detail
[0.845s] -- Up-to-date: /root/ros_ws/src/Rescue_Car_ws/install/action_msgs/include/action_msgs/action_msgs/srv/detail/cancel_goal__struct.hpp
[0.845s] -- Up-to-date: /root/ros_ws/src/Rescue_Car_ws/install/action_msgs/include/action_msgs/action_msgs/srv/detail/cancel_goal__traits.hpp
[0.845s] -- Up-to-date: /root/ros_ws/src/Rescue_Car_ws/install/action_msgs/include/action_msgs/action_msgs/srv/detail/cancel_goal__type_support.hpp
[0.845s] -- Up-to-date: /root/ros_ws/src/Rescue_Car_ws/install/action_msgs/include/action_msgs/action_msgs/srv/detail/cancel_goal__builder.hpp
[0.845s] -- Up-to-date: /root/ros_ws/src/Rescue_Car_ws/install/action_msgs/include/action_msgs/action_msgs/msg
[0.845s] -- Up-to-date: /root/ros_ws/src/Rescue_Car_ws/install/action_msgs/include/action_msgs/action_msgs/msg/rosidl_generator_cpp__visibility_control.hpp
[0.845s] -- Up-to-date: /root/ros_ws/src/Rescue_Car_ws/install/action_msgs/include/action_msgs/action_msgs/msg/goal_status_array.hpp
[0.845s] -- Up-to-date: /root/ros_ws/src/Rescue_Car_ws/install/action_msgs/include/action_msgs/action_msgs/msg/goal_status.hpp
[0.845s] -- Up-to-date: /root/ros_ws/src/Rescue_Car_ws/install/action_msgs/include/action_msgs/action_msgs/msg/detail
[0.845s] -- Up-to-date: /root/ros_ws/src/Rescue_Car_ws/install/action_msgs/include/action_msgs/action_msgs/msg/detail/goal_info__builder.hpp
[0.845s] -- Up-to-date: /root/ros_ws/src/Rescue_Car_ws/install/action_msgs/include/action_msgs/action_msgs/msg/detail/goal_status_array__builder.hpp
[0.845s] -- Up-to-date: /root/ros_ws/src/Rescue_Car_ws/install/action_msgs/include/action_msgs/action_msgs/msg/detail/goal_info__struct.hpp
[0.845s] -- Up-to-date: /root/ros_ws/src/Rescue_Car_ws/install/action_msgs/include/action_msgs/action_msgs/msg/detail/goal_info__type_support.hpp
[0.845s] -- Up-to-date: /root/ros_ws/src/Rescue_Car_ws/install/action_msgs/include/action_msgs/action_msgs/msg/detail/goal_info__traits.hpp
[0.845s] -- Up-to-date: /root/ros_ws/src/Rescue_Car_ws/install/action_msgs/include/action_msgs/action_msgs/msg/detail/goal_status_array__type_support.hpp
[0.846s] -- Up-to-date: /root/ros_ws/src/Rescue_Car_ws/install/action_msgs/include/action_msgs/action_msgs/msg/detail/goal_status__type_support.hpp
[0.846s] -- Up-to-date: /root/ros_ws/src/Rescue_Car_ws/install/action_msgs/include/action_msgs/action_msgs/msg/detail/goal_status_array__traits.hpp
[0.846s] -- Up-to-date: /root/ros_ws/src/Rescue_Car_ws/install/action_msgs/include/action_msgs/action_msgs/msg/detail/goal_status__struct.hpp
[0.846s] -- Up-to-date: /root/ros_ws/src/Rescue_Car_ws/install/action_msgs/include/action_msgs/action_msgs/msg/detail/goal_status_array__struct.hpp
[0.846s] -- Up-to-date: /root/ros_ws/src/Rescue_Car_ws/install/action_msgs/include/action_msgs/action_msgs/msg/detail/goal_status__traits.hpp
[0.846s] -- Up-to-date: /root/ros_ws/src/Rescue_Car_ws/install/action_msgs/include/action_msgs/action_msgs/msg/detail/goal_status__builder.hpp
[0.846s] -- Up-to-date: /root/ros_ws/src/Rescue_Car_ws/install/action_msgs/include/action_msgs/action_msgs/msg/goal_info.hpp
[0.846s] -- Up-to-date: /root/ros_ws/src/Rescue_Car_ws/install/action_msgs/include/action_msgs/action_msgs
[0.846s] -- Up-to-date: /root/ros_ws/src/Rescue_Car_ws/install/action_msgs/include/action_msgs/action_msgs/srv
[0.846s] -- Up-to-date: /root/ros_ws/src/Rescue_Car_ws/install/action_msgs/include/action_msgs/action_msgs/srv/detail
[0.846s] -- Up-to-date: /root/ros_ws/src/Rescue_Car_ws/install/action_msgs/include/action_msgs/action_msgs/srv/detail/dds_fastrtps
[0.846s] -- Up-to-date: /root/ros_ws/src/Rescue_Car_ws/install/action_msgs/include/action_msgs/action_msgs/srv/detail/cancel_goal__rosidl_typesupport_fastrtps_cpp.hpp
[0.846s] -- Up-to-date: /root/ros_ws/src/Rescue_Car_ws/install/action_msgs/include/action_msgs/action_msgs/msg
[0.846s] -- Up-to-date: /root/ros_ws/src/Rescue_Car_ws/install/action_msgs/include/action_msgs/action_msgs/msg/rosidl_typesupport_fastrtps_cpp__visibility_control.h
[0.846s] -- Up-to-date: /root/ros_ws/src/Rescue_Car_ws/install/action_msgs/include/action_msgs/action_msgs/msg/detail
[0.846s] -- Up-to-date: /root/ros_ws/src/Rescue_Car_ws/install/action_msgs/include/action_msgs/action_msgs/msg/detail/goal_status__rosidl_typesupport_fastrtps_cpp.hpp
[0.846s] -- Up-to-date: /root/ros_ws/src/Rescue_Car_ws/install/action_msgs/include/action_msgs/action_msgs/msg/detail/goal_info__rosidl_typesupport_fastrtps_cpp.hpp
[0.846s] -- Up-to-date: /root/ros_ws/src/Rescue_Car_ws/install/action_msgs/include/action_msgs/action_msgs/msg/detail/dds_fastrtps
[0.846s] -- Up-to-date: /root/ros_ws/src/Rescue_Car_ws/install/action_msgs/include/action_msgs/action_msgs/msg/detail/goal_status_array__rosidl_typesupport_fastrtps_cpp.hpp
[0.846s] -- Up-to-date: /root/ros_ws/src/Rescue_Car_ws/install/action_msgs/lib/libaction_msgs__rosidl_typesupport_fastrtps_cpp.so
[0.846s] -- Up-to-date: /root/ros_ws/src/Rescue_Car_ws/install/action_msgs/include/action_msgs/action_msgs
[0.846s] -- Up-to-date: /root/ros_ws/src/Rescue_Car_ws/install/action_msgs/include/action_msgs/action_msgs/srv
[0.846s] -- Up-to-date: /root/ros_ws/src/Rescue_Car_ws/install/action_msgs/include/action_msgs/action_msgs/srv/detail
[0.846s] -- Up-to-date: /root/ros_ws/src/Rescue_Car_ws/install/action_msgs/include/action_msgs/action_msgs/srv/detail/cancel_goal__rosidl_typesupport_introspection_c.h
[0.846s] -- Up-to-date: /root/ros_ws/src/Rescue_Car_ws/install/action_msgs/include/action_msgs/action_msgs/srv/detail/cancel_goal__type_support.c
[0.846s] -- Up-to-date: /root/ros_ws/src/Rescue_Car_ws/install/action_msgs/include/action_msgs/action_msgs/msg
[0.846s] -- Up-to-date: /root/ros_ws/src/Rescue_Car_ws/install/action_msgs/include/action_msgs/action_msgs/msg/rosidl_typesupport_introspection_c__visibility_control.h
[0.846s] -- Up-to-date: /root/ros_ws/src/Rescue_Car_ws/install/action_msgs/include/action_msgs/action_msgs/msg/detail
[0.846s] -- Up-to-date: /root/ros_ws/src/Rescue_Car_ws/install/action_msgs/include/action_msgs/action_msgs/msg/detail/goal_status_array__type_support.c
[0.846s] -- Up-to-date: /root/ros_ws/src/Rescue_Car_ws/install/action_msgs/include/action_msgs/action_msgs/msg/detail/goal_info__type_support.c
[0.847s] -- Up-to-date: /root/ros_ws/src/Rescue_Car_ws/install/action_msgs/include/action_msgs/action_msgs/msg/detail/goal_status__type_support.c
[0.847s] -- Up-to-date: /root/ros_ws/src/Rescue_Car_ws/install/action_msgs/include/action_msgs/action_msgs/msg/detail/goal_info__rosidl_typesupport_introspection_c.h
[0.847s] -- Up-to-date: /root/ros_ws/src/Rescue_Car_ws/install/action_msgs/include/action_msgs/action_msgs/msg/detail/goal_status__rosidl_typesupport_introspection_c.h
[0.847s] -- Up-to-date: /root/ros_ws/src/Rescue_Car_ws/install/action_msgs/include/action_msgs/action_msgs/msg/detail/goal_status_array__rosidl_typesupport_introspection_c.h
[0.847s] -- Up-to-date: /root/ros_ws/src/Rescue_Car_ws/install/action_msgs/lib/libaction_msgs__rosidl_typesupport_introspection_c.so
[0.847s] -- Up-to-date: /root/ros_ws/src/Rescue_Car_ws/install/action_msgs/lib/libaction_msgs__rosidl_typesupport_c.so
[0.847s] -- Up-to-date: /root/ros_ws/src/Rescue_Car_ws/install/action_msgs/include/action_msgs/action_msgs
[0.847s] -- Up-to-date: /root/ros_ws/src/Rescue_Car_ws/install/action_msgs/include/action_msgs/action_msgs/srv
[0.847s] -- Up-to-date: /root/ros_ws/src/Rescue_Car_ws/install/action_msgs/include/action_msgs/action_msgs/srv/detail
[0.847s] -- Up-to-date: /root/ros_ws/src/Rescue_Car_ws/install/action_msgs/include/action_msgs/action_msgs/srv/detail/cancel_goal__type_support.cpp
[0.847s] -- Up-to-date: /root/ros_ws/src/Rescue_Car_ws/install/action_msgs/include/action_msgs/action_msgs/srv/detail/cancel_goal__rosidl_typesupport_introspection_cpp.hpp
[0.847s] -- Up-to-date: /root/ros_ws/src/Rescue_Car_ws/install/action_msgs/include/action_msgs/action_msgs/msg
[0.847s] -- Up-to-date: /root/ros_ws/src/Rescue_Car_ws/install/action_msgs/include/action_msgs/action_msgs/msg/detail
[0.847s] -- Up-to-date: /root/ros_ws/src/Rescue_Car_ws/install/action_msgs/include/action_msgs/action_msgs/msg/detail/goal_status_array__rosidl_typesupport_introspection_cpp.hpp
[0.847s] -- Up-to-date: /root/ros_ws/src/Rescue_Car_ws/install/action_msgs/include/action_msgs/action_msgs/msg/detail/goal_info__type_support.cpp
[0.847s] -- Up-to-date: /root/ros_ws/src/Rescue_Car_ws/install/action_msgs/include/action_msgs/action_msgs/msg/detail/goal_status_array__type_support.cpp
[0.847s] -- Up-to-date: /root/ros_ws/src/Rescue_Car_ws/install/action_msgs/include/action_msgs/action_msgs/msg/detail/goal_info__rosidl_typesupport_introspection_cpp.hpp
[0.847s] -- Up-to-date: /root/ros_ws/src/Rescue_Car_ws/install/action_msgs/include/action_msgs/action_msgs/msg/detail/goal_status__rosidl_typesupport_introspection_cpp.hpp
[0.847s] -- Up-to-date: /root/ros_ws/src/Rescue_Car_ws/install/action_msgs/include/action_msgs/action_msgs/msg/detail/goal_status__type_support.cpp
[0.847s] -- Up-to-date: /root/ros_ws/src/Rescue_Car_ws/install/action_msgs/lib/libaction_msgs__rosidl_typesupport_introspection_cpp.so
[0.847s] -- Up-to-date: /root/ros_ws/src/Rescue_Car_ws/install/action_msgs/lib/libaction_msgs__rosidl_typesupport_cpp.so
[0.847s] -- Up-to-date: /root/ros_ws/src/Rescue_Car_ws/install/action_msgs/share/action_msgs/environment/pythonpath.sh
[0.847s] -- Up-to-date: /root/ros_ws/src/Rescue_Car_ws/install/action_msgs/share/action_msgs/environment/pythonpath.dsv
[0.847s] -- Up-to-date: /root/ros_ws/src/Rescue_Car_ws/install/action_msgs/local/lib/python3.10/dist-packages/action_msgs-1.2.2-py3.10.egg-info
[0.847s] -- Installing: /root/ros_ws/src/Rescue_Car_ws/install/action_msgs/local/lib/python3.10/dist-packages/action_msgs-1.2.2-py3.10.egg-info/dependency_links.txt
[0.847s] -- Installing: /root/ros_ws/src/Rescue_Car_ws/install/action_msgs/local/lib/python3.10/dist-packages/action_msgs-1.2.2-py3.10.egg-info/SOURCES.txt
[0.847s] -- Installing: /root/ros_ws/src/Rescue_Car_ws/install/action_msgs/local/lib/python3.10/dist-packages/action_msgs-1.2.2-py3.10.egg-info/PKG-INFO
[0.847s] -- Installing: /root/ros_ws/src/Rescue_Car_ws/install/action_msgs/local/lib/python3.10/dist-packages/action_msgs-1.2.2-py3.10.egg-info/top_level.txt
[0.847s] -- Up-to-date: /root/ros_ws/src/Rescue_Car_ws/install/action_msgs/local/lib/python3.10/dist-packages/action_msgs
[0.847s] -- Up-to-date: /root/ros_ws/src/Rescue_Car_ws/install/action_msgs/local/lib/python3.10/dist-packages/action_msgs/libaction_msgs__rosidl_generator_py.so
[0.847s] -- Up-to-date: /root/ros_ws/src/Rescue_Car_ws/install/action_msgs/local/lib/python3.10/dist-packages/action_msgs/action_msgs_s__rosidl_typesupport_introspection_c.cpython-310-x86_64-linux-gnu.so
[0.847s] -- Up-to-date: /root/ros_ws/src/Rescue_Car_ws/install/action_msgs/local/lib/python3.10/dist-packages/action_msgs/action_msgs_s__rosidl_typesupport_c.cpython-310-x86_64-linux-gnu.so
[0.847s] -- Up-to-date: /root/ros_ws/src/Rescue_Car_ws/install/action_msgs/local/lib/python3.10/dist-packages/action_msgs/_action_msgs_s.ep.rosidl_typesupport_c.c
[0.847s] -- Up-to-date: /root/ros_ws/src/Rescue_Car_ws/install/action_msgs/local/lib/python3.10/dist-packages/action_msgs/_action_msgs_s.ep.rosidl_typesupport_introspection_c.c
[0.847s] -- Up-to-date: /root/ros_ws/src/Rescue_Car_ws/install/action_msgs/local/lib/python3.10/dist-packages/action_msgs/srv
[0.847s] -- Up-to-date: /root/ros_ws/src/Rescue_Car_ws/install/action_msgs/local/lib/python3.10/dist-packages/action_msgs/srv/_cancel_goal.py
[0.848s] -- Up-to-date: /root/ros_ws/src/Rescue_Car_ws/install/action_msgs/local/lib/python3.10/dist-packages/action_msgs/srv/_cancel_goal_s.c
[0.848s] -- Up-to-date: /root/ros_ws/src/Rescue_Car_ws/install/action_msgs/local/lib/python3.10/dist-packages/action_msgs/srv/__init__.py
[0.848s] -- Up-to-date: /root/ros_ws/src/Rescue_Car_ws/install/action_msgs/local/lib/python3.10/dist-packages/action_msgs/__init__.py
[0.848s] -- Up-to-date: /root/ros_ws/src/Rescue_Car_ws/install/action_msgs/local/lib/python3.10/dist-packages/action_msgs/msg
[0.848s] -- Up-to-date: /root/ros_ws/src/Rescue_Car_ws/install/action_msgs/local/lib/python3.10/dist-packages/action_msgs/msg/_goal_status_s.c
[0.848s] -- Up-to-date: /root/ros_ws/src/Rescue_Car_ws/install/action_msgs/local/lib/python3.10/dist-packages/action_msgs/msg/_goal_info.py
[0.848s] -- Up-to-date: /root/ros_ws/src/Rescue_Car_ws/install/action_msgs/local/lib/python3.10/dist-packages/action_msgs/msg/_goal_status.py
[0.848s] -- Up-to-date: /root/ros_ws/src/Rescue_Car_ws/install/action_msgs/local/lib/python3.10/dist-packages/action_msgs/msg/_goal_info_s.c
[0.848s] -- Up-to-date: /root/ros_ws/src/Rescue_Car_ws/install/action_msgs/local/lib/python3.10/dist-packages/action_msgs/msg/_goal_status_array_s.c
[0.848s] -- Up-to-date: /root/ros_ws/src/Rescue_Car_ws/install/action_msgs/local/lib/python3.10/dist-packages/action_msgs/msg/_goal_status_array.py
[0.848s] -- Up-to-date: /root/ros_ws/src/Rescue_Car_ws/install/action_msgs/local/lib/python3.10/dist-packages/action_msgs/msg/__init__.py
[0.848s] -- Up-to-date: /root/ros_ws/src/Rescue_Car_ws/install/action_msgs/local/lib/python3.10/dist-packages/action_msgs/_action_msgs_s.ep.rosidl_typesupport_fastrtps_c.c
[0.848s] -- Up-to-date: /root/ros_ws/src/Rescue_Car_ws/install/action_msgs/local/lib/python3.10/dist-packages/action_msgs/action_msgs_s__rosidl_typesupport_fastrtps_c.cpython-310-x86_64-linux-gnu.so
[0.875s] Listing '/root/ros_ws/src/Rescue_Car_ws/install/action_msgs/local/lib/python3.10/dist-packages/action_msgs'...
[0.875s] Listing '/root/ros_ws/src/Rescue_Car_ws/install/action_msgs/local/lib/python3.10/dist-packages/action_msgs/msg'...
[0.875s] Listing '/root/ros_ws/src/Rescue_Car_ws/install/action_msgs/local/lib/python3.10/dist-packages/action_msgs/srv'...
[0.882s] -- Up-to-date: /root/ros_ws/src/Rescue_Car_ws/install/action_msgs/local/lib/python3.10/dist-packages/action_msgs/action_msgs_s__rosidl_typesupport_fastrtps_c.cpython-310-x86_64-linux-gnu.so
[0.882s] -- Up-to-date: /root/ros_ws/src/Rescue_Car_ws/install/action_msgs/local/lib/python3.10/dist-packages/action_msgs/action_msgs_s__rosidl_typesupport_introspection_c.cpython-310-x86_64-linux-gnu.so
[0.882s] -- Up-to-date: /root/ros_ws/src/Rescue_Car_ws/install/action_msgs/local/lib/python3.10/dist-packages/action_msgs/action_msgs_s__rosidl_typesupport_c.cpython-310-x86_64-linux-gnu.so
[0.882s] -- Up-to-date: /root/ros_ws/src/Rescue_Car_ws/install/action_msgs/lib/libaction_msgs__rosidl_generator_py.so
[0.882s] -- Up-to-date: /root/ros_ws/src/Rescue_Car_ws/install/action_msgs/share/action_msgs/msg/GoalInfo.idl
[0.882s] -- Up-to-date: /root/ros_ws/src/Rescue_Car_ws/install/action_msgs/share/action_msgs/msg/GoalStatus.idl
[0.883s] -- Up-to-date: /root/ros_ws/src/Rescue_Car_ws/install/action_msgs/share/action_msgs/msg/GoalStatusArray.idl
[0.883s] -- Up-to-date: /root/ros_ws/src/Rescue_Car_ws/install/action_msgs/share/action_msgs/srv/CancelGoal.idl
[0.883s] -- Up-to-date: /root/ros_ws/src/Rescue_Car_ws/install/action_msgs/share/action_msgs/msg/GoalInfo.msg
[0.883s] -- Up-to-date: /root/ros_ws/src/Rescue_Car_ws/install/action_msgs/share/action_msgs/msg/GoalStatus.msg
[0.883s] -- Up-to-date: /root/ros_ws/src/Rescue_Car_ws/install/action_msgs/share/action_msgs/msg/GoalStatusArray.msg
[0.883s] -- Up-to-date: /root/ros_ws/src/Rescue_Car_ws/install/action_msgs/share/action_msgs/srv/CancelGoal.srv
[0.883s] -- Up-to-date: /root/ros_ws/src/Rescue_Car_ws/install/action_msgs/share/action_msgs/srv/CancelGoal_Request.msg
[0.883s] -- Up-to-date: /root/ros_ws/src/Rescue_Car_ws/install/action_msgs/share/action_msgs/srv/CancelGoal_Response.msg
[0.883s] -- Up-to-date: /root/ros_ws/src/Rescue_Car_ws/install/action_msgs/share/ament_index/resource_index/package_run_dependencies/action_msgs
[0.883s] -- Up-to-date: /root/ros_ws/src/Rescue_Car_ws/install/action_msgs/share/ament_index/resource_index/parent_prefix_path/action_msgs
[0.883s] -- Up-to-date: /root/ros_ws/src/Rescue_Car_ws/install/action_msgs/share/action_msgs/environment/ament_prefix_path.sh
[0.884s] -- Up-to-date: /root/ros_ws/src/Rescue_Car_ws/install/action_msgs/share/action_msgs/environment/ament_prefix_path.dsv
[0.884s] -- Up-to-date: /root/ros_ws/src/Rescue_Car_ws/install/action_msgs/share/action_msgs/environment/path.sh
[0.884s] -- Up-to-date: /root/ros_ws/src/Rescue_Car_ws/install/action_msgs/share/action_msgs/environment/path.dsv
[0.884s] -- Up-to-date: /root/ros_ws/src/Rescue_Car_ws/install/action_msgs/share/action_msgs/local_setup.bash
[0.884s] -- Up-to-date: /root/ros_ws/src/Rescue_Car_ws/install/action_msgs/share/action_msgs/local_setup.sh
[0.884s] -- Up-to-date: /root/ros_ws/src/Rescue_Car_ws/install/action_msgs/share/action_msgs/local_setup.zsh
[0.884s] -- Up-to-date: /root/ros_ws/src/Rescue_Car_ws/install/action_msgs/share/action_msgs/local_setup.dsv
[0.884s] -- Installing: /root/ros_ws/src/Rescue_Car_ws/install/action_msgs/share/action_msgs/package.dsv
[0.884s] -- Up-to-date: /root/ros_ws/src/Rescue_Car_ws/install/action_msgs/share/ament_index/resource_index/packages/action_msgs
[0.885s] -- Up-to-date: /root/ros_ws/src/Rescue_Car_ws/install/action_msgs/share/action_msgs/cmake/export_action_msgs__rosidl_generator_cExport.cmake
[0.885s] -- Up-to-date: /root/ros_ws/src/Rescue_Car_ws/install/action_msgs/share/action_msgs/cmake/export_action_msgs__rosidl_generator_cExport-noconfig.cmake
[0.885s] -- Up-to-date: /root/ros_ws/src/Rescue_Car_ws/install/action_msgs/share/action_msgs/cmake/export_action_msgs__rosidl_typesupport_fastrtps_cExport.cmake
[0.885s] -- Up-to-date: /root/ros_ws/src/Rescue_Car_ws/install/action_msgs/share/action_msgs/cmake/export_action_msgs__rosidl_typesupport_fastrtps_cExport-noconfig.cmake
[0.885s] -- Up-to-date: /root/ros_ws/src/Rescue_Car_ws/install/action_msgs/share/action_msgs/cmake/export_action_msgs__rosidl_generator_cppExport.cmake
[0.885s] -- Up-to-date: /root/ros_ws/src/Rescue_Car_ws/install/action_msgs/share/action_msgs/cmake/export_action_msgs__rosidl_typesupport_fastrtps_cppExport.cmake
[0.885s] -- Up-to-date: /root/ros_ws/src/Rescue_Car_ws/install/action_msgs/share/action_msgs/cmake/export_action_msgs__rosidl_typesupport_fastrtps_cppExport-noconfig.cmake
[0.885s] -- Up-to-date: /root/ros_ws/src/Rescue_Car_ws/install/action_msgs/share/action_msgs/cmake/action_msgs__rosidl_typesupport_introspection_cExport.cmake
[0.885s] -- Up-to-date: /root/ros_ws/src/Rescue_Car_ws/install/action_msgs/share/action_msgs/cmake/action_msgs__rosidl_typesupport_introspection_cExport-noconfig.cmake
[0.885s] -- Up-to-date: /root/ros_ws/src/Rescue_Car_ws/install/action_msgs/share/action_msgs/cmake/action_msgs__rosidl_typesupport_cExport.cmake
[0.886s] -- Up-to-date: /root/ros_ws/src/Rescue_Car_ws/install/action_msgs/share/action_msgs/cmake/action_msgs__rosidl_typesupport_cExport-noconfig.cmake
[0.886s] -- Up-to-date: /root/ros_ws/src/Rescue_Car_ws/install/action_msgs/share/action_msgs/cmake/action_msgs__rosidl_typesupport_introspection_cppExport.cmake
[0.886s] -- Up-to-date: /root/ros_ws/src/Rescue_Car_ws/install/action_msgs/share/action_msgs/cmake/action_msgs__rosidl_typesupport_introspection_cppExport-noconfig.cmake
[0.886s] -- Up-to-date: /root/ros_ws/src/Rescue_Car_ws/install/action_msgs/share/action_msgs/cmake/action_msgs__rosidl_typesupport_cppExport.cmake
[0.886s] -- Up-to-date: /root/ros_ws/src/Rescue_Car_ws/install/action_msgs/share/action_msgs/cmake/action_msgs__rosidl_typesupport_cppExport-noconfig.cmake
[0.886s] -- Up-to-date: /root/ros_ws/src/Rescue_Car_ws/install/action_msgs/share/action_msgs/cmake/export_action_msgs__rosidl_generator_pyExport.cmake
[0.886s] -- Up-to-date: /root/ros_ws/src/Rescue_Car_ws/install/action_msgs/share/action_msgs/cmake/export_action_msgs__rosidl_generator_pyExport-noconfig.cmake
[0.886s] -- Up-to-date: /root/ros_ws/src/Rescue_Car_ws/install/action_msgs/share/action_msgs/cmake/rosidl_cmake-extras.cmake
[0.886s] -- Up-to-date: /root/ros_ws/src/Rescue_Car_ws/install/action_msgs/share/action_msgs/cmake/ament_cmake_export_dependencies-extras.cmake
[0.886s] -- Up-to-date: /root/ros_ws/src/Rescue_Car_ws/install/action_msgs/share/action_msgs/cmake/ament_cmake_export_include_directories-extras.cmake
[0.886s] -- Up-to-date: /root/ros_ws/src/Rescue_Car_ws/install/action_msgs/share/action_msgs/cmake/ament_cmake_export_libraries-extras.cmake
[0.886s] -- Up-to-date: /root/ros_ws/src/Rescue_Car_ws/install/action_msgs/share/action_msgs/cmake/ament_cmake_export_targets-extras.cmake
[0.887s] -- Up-to-date: /root/ros_ws/src/Rescue_Car_ws/install/action_msgs/share/action_msgs/cmake/rosidl_cmake_export_typesupport_targets-extras.cmake
[0.887s] -- Up-to-date: /root/ros_ws/src/Rescue_Car_ws/install/action_msgs/share/action_msgs/cmake/rosidl_cmake_export_typesupport_libraries-extras.cmake
[0.887s] -- Up-to-date: /root/ros_ws/src/Rescue_Car_ws/install/action_msgs/share/action_msgs/cmake/action_msgsConfig.cmake
[0.887s] -- Up-to-date: /root/ros_ws/src/Rescue_Car_ws/install/action_msgs/share/action_msgs/cmake/action_msgsConfig-version.cmake
[0.887s] -- Up-to-date: /root/ros_ws/src/Rescue_Car_ws/install/action_msgs/share/action_msgs/package.xml
[0.901s] Invoked command in '/root/ros_ws/src/Rescue_Car_ws/build/action_msgs' returned '0': CMAKE_PREFIX_PATH=/root/ros_ws/src/Rescue_Car_ws/install/unique_identifier_msgs:/root/ros_ws/src/Rescue_Car_ws/install/builtin_interfaces:/root/ros_ws/src/Rescue_Car_ws/install/micro_ros_demos_rclc:/root/ros_ws/src/Rescue_Car_ws/install/common_interfaces:/root/ros_ws/src/Rescue_Car_ws/install/visualization_msgs:/root/ros_ws/src/Rescue_Car_ws/install/test_msgs:/root/ros_ws/src/Rescue_Car_ws/install/example_interfaces:/root/ros_ws/src/Rescue_Car_ws/install/action_msgs:/root/ros_ws/src/Rescue_Car_ws/install/trajectory_msgs:/root/ros_ws/src/Rescue_Car_ws/install/stereo_msgs:/root/ros_ws/src/Rescue_Car_ws/install/std_srvs:/root/ros_ws/src/Rescue_Car_ws/install/shape_msgs:/root/ros_ws/src/Rescue_Car_ws/install/sensor_msgs:/root/ros_ws/src/Rescue_Car_ws/install/nav_msgs:/root/ros_ws/src/Rescue_Car_ws/install/diagnostic_msgs:/root/ros_ws/src/Rescue_Car_ws/install/geometry_msgs:/root/ros_ws/src/Rescue_Car_ws/install/actionlib_msgs:/root/ros_ws/src/Rescue_Car_ws/install/std_msgs:/root/ros_ws/src/Rescue_Car_ws/install/statistics_msgs:/root/ros_ws/src/Rescue_Car_ws/install/rosidl_typesupport_microxrcedds_test_msg:/root/ros_ws/src/Rescue_Car_ws/install/rosidl_typesupport_microxrcedds_cpp_tests:/root/ros_ws/src/Rescue_Car_ws/install/rmw_microxrcedds:/root/ros_ws/src/Rescue_Car_ws/install/rosidl_typesupport_microxrcedds_cpp:/root/ros_ws/src/Rescue_Car_ws/install/rosidl_typesupport_microxrcedds_c_tests:/root/ros_ws/src/Rescue_Car_ws/install/rosidl_typesupport_microxrcedds_c:/root/ros_ws/src/Rescue_Car_ws/install/rosgraph_msgs:/root/ros_ws/src/Rescue_Car_ws/install/rclc_parameter:/root/ros_ws/src/Rescue_Car_ws/install/rclc:/root/ros_ws/src/Rescue_Car_ws/install/composition_interfaces:/root/ros_ws/src/Rescue_Car_ws/install/rcl_interfaces:/root/ros_ws/src/Rescue_Car_ws/install/microxrcedds_client:/root/ros_ws/src/Rescue_Car_ws/install/microcdr:/root/ros_ws/src/Rescue_Car_ws/install/micro_ros_utilities:/root/ros_ws/src/Rescue_Car_ws/install/micro_ros_setup:/root/ros_ws/src/Rescue_Car_ws/install/micro_ros_agent:/root/ros_ws/src/Rescue_Car_ws/install/micro_ros_msgs:/root/ros_ws/src/Rescue_Car_ws/install/lifecycle_msgs:/root/ros_ws/src/Rescue_Car_ws/install/complex_msgs:/root/ros_ws/src/Rescue_Car_ws/install/car:/root/ros_ws/src/Rescue_Car_ws/install/sensor_msgs_py:/opt/ros/humble LD_LIBRARY_PATH=/root/ros_ws/src/Rescue_Car_ws/install/unique_identifier_msgs/lib:/root/ros_ws/src/Rescue_Car_ws/install/builtin_interfaces/lib:/root/ros_ws/src/Rescue_Car_ws/install/visualization_msgs/lib:/root/ros_ws/src/Rescue_Car_ws/install/test_msgs/lib:/root/ros_ws/src/Rescue_Car_ws/install/example_interfaces/lib:/root/ros_ws/src/Rescue_Car_ws/install/action_msgs/lib:/root/ros_ws/src/Rescue_Car_ws/install/trajectory_msgs/lib:/root/ros_ws/src/Rescue_Car_ws/install/stereo_msgs/lib:/root/ros_ws/src/Rescue_Car_ws/install/std_srvs/lib:/root/ros_ws/src/Rescue_Car_ws/install/shape_msgs/lib:/root/ros_ws/src/Rescue_Car_ws/install/sensor_msgs/lib:/root/ros_ws/src/Rescue_Car_ws/install/nav_msgs/lib:/root/ros_ws/src/Rescue_Car_ws/install/diagnostic_msgs/lib:/root/ros_ws/src/Rescue_Car_ws/install/geometry_msgs/lib:/root/ros_ws/src/Rescue_Car_ws/install/actionlib_msgs/lib:/root/ros_ws/src/Rescue_Car_ws/install/std_msgs/lib:/root/ros_ws/src/Rescue_Car_ws/install/statistics_msgs/lib:/root/ros_ws/src/Rescue_Car_ws/install/rosidl_typesupport_microxrcedds_test_msg/lib:/root/ros_ws/src/Rescue_Car_ws/install/rmw_microxrcedds/lib:/root/ros_ws/src/Rescue_Car_ws/install/rosidl_typesupport_microxrcedds_cpp/lib:/root/ros_ws/src/Rescue_Car_ws/install/rosidl_typesupport_microxrcedds_c/lib:/root/ros_ws/src/Rescue_Car_ws/install/rosgraph_msgs/lib:/root/ros_ws/src/Rescue_Car_ws/install/rclc_parameter/lib:/root/ros_ws/src/Rescue_Car_ws/install/rclc/lib:/root/ros_ws/src/Rescue_Car_ws/install/composition_interfaces/lib:/root/ros_ws/src/Rescue_Car_ws/install/rcl_interfaces/lib:/root/ros_ws/src/Rescue_Car_ws/install/micro_ros_utilities/lib:/root/ros_ws/src/Rescue_Car_ws/install/micro_ros_agent/lib:/root/ros_ws/src/Rescue_Car_ws/install/micro_ros_msgs/lib:/root/ros_ws/src/Rescue_Car_ws/install/lifecycle_msgs/lib:/root/ros_ws/src/Rescue_Car_ws/install/complex_msgs/lib:/usr/lib/x86_64-linux-gnu/gazebo-11/plugins:/opt/ros/humble/opt/rviz_ogre_vendor/lib:/opt/ros/humble/lib/x86_64-linux-gnu:/opt/ros/humble/lib /usr/bin/cmake --install /root/ros_ws/src/Rescue_Car_ws/build/action_msgs
