[0.027s] Invoking command in '/root/ros_ws/src/Rescue_Car_ws/build/micro_ros_msgs': CMAKE_PREFIX_PATH=/opt/ros/humble /usr/bin/cmake /root/ros_ws/src/Rescue_Car_ws/src/microros/src/uros/micro_ros_msgs -DCMAKE_INSTALL_PREFIX=/root/ros_ws/src/Rescue_Car_ws/install/micro_ros_msgs
[0.213s] -- The C compiler identification is GNU 11.4.0
[0.769s] -- The CXX compiler identification is GNU 11.4.0
[1.213s] -- Detecting C compiler ABI info
[1.345s] -- Detecting C compiler ABI info - done
[1.351s] -- Check for working C compiler: /usr/bin/cc - skipped
[1.351s] -- Detecting C compile features
[1.351s] -- Detecting C compile features - done
[1.353s] -- Detecting CXX compiler ABI info
[1.507s] -- Detecting CXX compiler ABI info - done
[1.515s] -- Check for working CXX compiler: /usr/bin/c++ - skipped
[1.515s] -- Detecting CXX compile features
[1.516s] -- Detecting CXX compile features - done
[1.517s] -- Found ament_cmake: 1.3.12 (/opt/ros/humble/share/ament_cmake/cmake)
[1.634s] -- Found Python3: /usr/bin/python3 (found version "3.10.12") found components: Interpreter 
[1.704s] -- Found rosidl_default_generators: 1.2.0 (/opt/ros/humble/share/rosidl_default_generators/cmake)
[1.705s] -- Using all available rosidl_typesupport_c: rosidl_typesupport_fastrtps_c;rosidl_typesupport_introspection_c
[1.708s] -- Found rosidl_adapter: 3.1.7 (/opt/ros/humble/share/rosidl_adapter/cmake)
[1.914s] -- Using all available rosidl_typesupport_cpp: rosidl_typesupport_fastrtps_cpp;rosidl_typesupport_introspection_cpp
[1.940s] -- Found ament_lint_auto: 0.12.14 (/opt/ros/humble/share/ament_lint_auto/cmake)
[2.138s] -- Found ament_cmake_ros: 0.10.0 (/opt/ros/humble/share/ament_cmake_ros/cmake)
[2.296s] -- Using all available rosidl_typesupport_c: rosidl_typesupport_fastrtps_c;rosidl_typesupport_introspection_c
[2.509s] -- Using all available rosidl_typesupport_cpp: rosidl_typesupport_fastrtps_cpp;rosidl_typesupport_introspection_cpp
[2.609s] -- Found PythonInterp: /usr/bin/python3 (found suitable version "3.10.12", minimum required is "3.6") 
[2.610s] -- Found python_cmake_module: 0.10.0 (/opt/ros/humble/share/python_cmake_module/cmake)
[2.935s] -- Found PythonLibs: /usr/lib/x86_64-linux-gnu/libpython3.10.so (found suitable version "3.10.12", minimum required is "3.5") 
[2.935s] -- Using PYTHON_EXECUTABLE: /usr/bin/python3
[2.935s] -- Using PYTHON_INCLUDE_DIRS: /usr/include/python3.10
[2.935s] -- Using PYTHON_LIBRARIES: /usr/lib/x86_64-linux-gnu/libpython3.10.so
[2.956s] -- Found PythonExtra: .so  
[3.026s] -- Added test 'copyright' to check source files copyright and LICENSE
[3.035s] -- Added test 'lint_cmake' to check CMake code style
[3.038s] -- Added test 'xmllint' to check XML markup files
[3.042s] -- Configuring done
[3.085s] -- Generating done
[3.098s] -- Build files have been written to: /root/ros_ws/src/Rescue_Car_ws/build/micro_ros_msgs
[3.107s] Invoked command in '/root/ros_ws/src/Rescue_Car_ws/build/micro_ros_msgs' returned '0': CMAKE_PREFIX_PATH=/opt/ros/humble /usr/bin/cmake /root/ros_ws/src/Rescue_Car_ws/src/microros/src/uros/micro_ros_msgs -DCMAKE_INSTALL_PREFIX=/root/ros_ws/src/Rescue_Car_ws/install/micro_ros_msgs
[3.109s] Invoking command in '/root/ros_ws/src/Rescue_Car_ws/build/micro_ros_msgs': CMAKE_PREFIX_PATH=/opt/ros/humble /usr/bin/cmake --build /root/ros_ws/src/Rescue_Car_ws/build/micro_ros_msgs -- -j20 -l20
[3.149s] [  2%] [34m[1mGenerating C code for ROS interfaces[0m
[3.161s] [  4%] [34m[1mGenerating C++ code for ROS interfaces[0m
[3.169s] [  4%] Built target ament_cmake_python_copy_micro_ros_msgs
[3.452s] running egg_info
[3.453s] creating micro_ros_msgs.egg-info
[3.454s] writing micro_ros_msgs.egg-info/PKG-INFO
[3.454s] writing dependency_links to micro_ros_msgs.egg-info/dependency_links.txt
[3.454s] writing top-level names to micro_ros_msgs.egg-info/top_level.txt
[3.454s] writing manifest file 'micro_ros_msgs.egg-info/SOURCES.txt'
[3.457s] reading manifest file 'micro_ros_msgs.egg-info/SOURCES.txt'
[3.458s] writing manifest file 'micro_ros_msgs.egg-info/SOURCES.txt'
[3.494s] [  4%] Built target ament_cmake_python_build_micro_ros_msgs_egg
[3.661s] [  4%] Built target micro_ros_msgs__cpp
[3.682s] [  6%] [34m[1mGenerating C++ type support for eProsima Fast-RTPS[0m
[3.689s] [  8%] [34m[1mGenerating C++ introspection for ROS interfaces[0m
[3.689s] [ 10%] [34m[1mGenerating C++ type support dispatch for ROS interfaces[0m
[3.749s] [ 12%] [32mBuilding C object CMakeFiles/micro_ros_msgs__rosidl_generator_c.dir/rosidl_generator_c/micro_ros_msgs/msg/detail/graph__functions.c.o[0m
[3.763s] [ 14%] [32mBuilding C object CMakeFiles/micro_ros_msgs__rosidl_generator_c.dir/rosidl_generator_c/micro_ros_msgs/msg/detail/entity__functions.c.o[0m
[3.783s] [ 17%] [32mBuilding C object CMakeFiles/micro_ros_msgs__rosidl_generator_c.dir/rosidl_generator_c/micro_ros_msgs/msg/detail/node__functions.c.o[0m
[3.944s] [ 19%] [32m[1mLinking C shared library libmicro_ros_msgs__rosidl_generator_c.so[0m
[4.234s] [ 21%] [32mBuilding CXX object CMakeFiles/micro_ros_msgs__rosidl_typesupport_introspection_cpp.dir/rosidl_typesupport_introspection_cpp/micro_ros_msgs/msg/detail/graph__type_support.cpp.o[0m
[4.235s] [ 23%] [32mBuilding CXX object CMakeFiles/micro_ros_msgs__rosidl_typesupport_introspection_cpp.dir/rosidl_typesupport_introspection_cpp/micro_ros_msgs/msg/detail/entity__type_support.cpp.o[0m
[4.240s] [ 25%] [32mBuilding CXX object CMakeFiles/micro_ros_msgs__rosidl_typesupport_introspection_cpp.dir/rosidl_typesupport_introspection_cpp/micro_ros_msgs/msg/detail/node__type_support.cpp.o[0m
[4.311s] [ 27%] [32mBuilding CXX object CMakeFiles/micro_ros_msgs__rosidl_typesupport_cpp.dir/rosidl_typesupport_cpp/micro_ros_msgs/msg/graph__type_support.cpp.o[0m
[4.323s] [ 29%] [32mBuilding CXX object CMakeFiles/micro_ros_msgs__rosidl_typesupport_cpp.dir/rosidl_typesupport_cpp/micro_ros_msgs/msg/node__type_support.cpp.o[0m
[4.328s] [ 31%] [32mBuilding CXX object CMakeFiles/micro_ros_msgs__rosidl_typesupport_cpp.dir/rosidl_typesupport_cpp/micro_ros_msgs/msg/entity__type_support.cpp.o[0m
[4.359s] [ 34%] [32mBuilding CXX object CMakeFiles/micro_ros_msgs__rosidl_typesupport_fastrtps_cpp.dir/rosidl_typesupport_fastrtps_cpp/micro_ros_msgs/msg/detail/dds_fastrtps/graph__type_support.cpp.o[0m
[4.359s] [ 36%] [32mBuilding CXX object CMakeFiles/micro_ros_msgs__rosidl_typesupport_fastrtps_cpp.dir/rosidl_typesupport_fastrtps_cpp/micro_ros_msgs/msg/detail/dds_fastrtps/node__type_support.cpp.o[0m
[4.360s] [ 38%] [32mBuilding CXX object CMakeFiles/micro_ros_msgs__rosidl_typesupport_fastrtps_cpp.dir/rosidl_typesupport_fastrtps_cpp/micro_ros_msgs/msg/detail/dds_fastrtps/entity__type_support.cpp.o[0m
[4.954s] [ 38%] Built target micro_ros_msgs__rosidl_generator_c
[4.987s] [ 42%] [34m[1mGenerating C introspection for ROS interfaces[0m
[4.992s] [ 44%] [34m[1mGenerating C type support for eProsima Fast-RTPS[0m
[4.992s] [ 44%] [34m[1mGenerating C type support dispatch for ROS interfaces[0m
[5.146s] [ 46%] [32m[1mLinking CXX shared library libmicro_ros_msgs__rosidl_typesupport_cpp.so[0m
[5.243s] [ 48%] [32m[1mLinking CXX shared library libmicro_ros_msgs__rosidl_typesupport_introspection_cpp.so[0m
[5.463s] [ 51%] [32mBuilding CXX object CMakeFiles/micro_ros_msgs__rosidl_typesupport_c.dir/rosidl_typesupport_c/micro_ros_msgs/msg/graph__type_support.cpp.o[0m
[5.471s] [ 53%] [32mBuilding CXX object CMakeFiles/micro_ros_msgs__rosidl_typesupport_c.dir/rosidl_typesupport_c/micro_ros_msgs/msg/node__type_support.cpp.o[0m
[5.472s] [ 55%] [32mBuilding CXX object CMakeFiles/micro_ros_msgs__rosidl_typesupport_c.dir/rosidl_typesupport_c/micro_ros_msgs/msg/entity__type_support.cpp.o[0m
[5.486s] [ 57%] [32m[1mLinking CXX shared library libmicro_ros_msgs__rosidl_typesupport_fastrtps_cpp.so[0m
[5.525s] [ 59%] [32m[1mLinking CXX shared library libmicro_ros_msgs__rosidl_typesupport_c.so[0m
[5.594s] [ 61%] [32mBuilding C object CMakeFiles/micro_ros_msgs__rosidl_typesupport_introspection_c.dir/rosidl_typesupport_introspection_c/micro_ros_msgs/msg/detail/graph__type_support.c.o[0m
[5.595s] [ 63%] [32mBuilding C object CMakeFiles/micro_ros_msgs__rosidl_typesupport_introspection_c.dir/rosidl_typesupport_introspection_c/micro_ros_msgs/msg/detail/entity__type_support.c.o[0m
[5.599s] [ 65%] [32mBuilding C object CMakeFiles/micro_ros_msgs__rosidl_typesupport_introspection_c.dir/rosidl_typesupport_introspection_c/micro_ros_msgs/msg/detail/node__type_support.c.o[0m
[5.622s] [ 68%] [32mBuilding CXX object CMakeFiles/micro_ros_msgs__rosidl_typesupport_fastrtps_c.dir/rosidl_typesupport_fastrtps_c/micro_ros_msgs/msg/detail/graph__type_support_c.cpp.o[0m
[5.625s] [ 70%] [32mBuilding CXX object CMakeFiles/micro_ros_msgs__rosidl_typesupport_fastrtps_c.dir/rosidl_typesupport_fastrtps_c/micro_ros_msgs/msg/detail/entity__type_support_c.cpp.o[0m
[5.628s] [ 72%] [32mBuilding CXX object CMakeFiles/micro_ros_msgs__rosidl_typesupport_fastrtps_c.dir/rosidl_typesupport_fastrtps_c/micro_ros_msgs/msg/detail/node__type_support_c.cpp.o[0m
[5.660s] [ 74%] [32m[1mLinking C shared library libmicro_ros_msgs__rosidl_typesupport_introspection_c.so[0m
[5.696s] [ 74%] Built target micro_ros_msgs__rosidl_typesupport_cpp
[5.865s] [ 74%] Built target micro_ros_msgs__rosidl_typesupport_fastrtps_cpp
[5.875s] [ 74%] Built target micro_ros_msgs__rosidl_typesupport_c
[5.892s] [ 74%] Built target micro_ros_msgs__rosidl_typesupport_introspection_cpp
[5.955s] [ 74%] Built target micro_ros_msgs__rosidl_typesupport_introspection_c
[6.079s] [ 76%] [32m[1mLinking CXX shared library libmicro_ros_msgs__rosidl_typesupport_fastrtps_c.so[0m
[6.270s] [ 76%] Built target micro_ros_msgs__rosidl_typesupport_fastrtps_c
[6.293s] [ 76%] Built target micro_ros_msgs
[6.313s] [ 78%] [34m[1mGenerating Python code for ROS interfaces[0m
[6.919s] [ 78%] Built target micro_ros_msgs__py
[6.967s] [ 80%] [32mBuilding C object CMakeFiles/micro_ros_msgs__rosidl_generator_py.dir/rosidl_generator_py/micro_ros_msgs/msg/_graph_s.c.o[0m
[6.985s] [ 82%] [32mBuilding C object CMakeFiles/micro_ros_msgs__rosidl_generator_py.dir/rosidl_generator_py/micro_ros_msgs/msg/_entity_s.c.o[0m
[6.985s] [ 85%] [32mBuilding C object CMakeFiles/micro_ros_msgs__rosidl_generator_py.dir/rosidl_generator_py/micro_ros_msgs/msg/_node_s.c.o[0m
[7.180s] [ 87%] [32m[1mLinking C shared library rosidl_generator_py/micro_ros_msgs/libmicro_ros_msgs__rosidl_generator_py.so[0m
[7.780s] [ 87%] Built target micro_ros_msgs__rosidl_generator_py
[7.835s] [ 89%] [32mBuilding C object CMakeFiles/micro_ros_msgs__rosidl_typesupport_introspection_c__pyext.dir/rosidl_generator_py/micro_ros_msgs/_micro_ros_msgs_s.ep.rosidl_typesupport_introspection_c.c.o[0m
[7.838s] [ 91%] [32mBuilding C object CMakeFiles/micro_ros_msgs__rosidl_typesupport_fastrtps_c__pyext.dir/rosidl_generator_py/micro_ros_msgs/_micro_ros_msgs_s.ep.rosidl_typesupport_fastrtps_c.c.o[0m
[7.851s] [ 93%] [32mBuilding C object CMakeFiles/micro_ros_msgs__rosidl_typesupport_c__pyext.dir/rosidl_generator_py/micro_ros_msgs/_micro_ros_msgs_s.ep.rosidl_typesupport_c.c.o[0m
[7.996s] [ 95%] [32m[1mLinking C shared library rosidl_generator_py/micro_ros_msgs/micro_ros_msgs_s__rosidl_typesupport_c.cpython-310-x86_64-linux-gnu.so[0m
[8.002s] [ 97%] [32m[1mLinking C shared library rosidl_generator_py/micro_ros_msgs/micro_ros_msgs_s__rosidl_typesupport_fastrtps_c.cpython-310-x86_64-linux-gnu.so[0m
[8.023s] [100%] [32m[1mLinking C shared library rosidl_generator_py/micro_ros_msgs/micro_ros_msgs_s__rosidl_typesupport_introspection_c.cpython-310-x86_64-linux-gnu.so[0m
[8.125s] [100%] Built target micro_ros_msgs__rosidl_typesupport_c__pyext
[8.126s] [100%] Built target micro_ros_msgs__rosidl_typesupport_fastrtps_c__pyext
[8.152s] [100%] Built target micro_ros_msgs__rosidl_typesupport_introspection_c__pyext
[8.170s] Invoked command in '/root/ros_ws/src/Rescue_Car_ws/build/micro_ros_msgs' returned '0': CMAKE_PREFIX_PATH=/opt/ros/humble /usr/bin/cmake --build /root/ros_ws/src/Rescue_Car_ws/build/micro_ros_msgs -- -j20 -l20
[8.176s] Invoking command in '/root/ros_ws/src/Rescue_Car_ws/build/micro_ros_msgs': CMAKE_PREFIX_PATH=/opt/ros/humble /usr/bin/cmake --install /root/ros_ws/src/Rescue_Car_ws/build/micro_ros_msgs
[8.180s] -- Install configuration: ""
[8.181s] -- Installing: /root/ros_ws/src/Rescue_Car_ws/install/micro_ros_msgs/share/ament_index/resource_index/rosidl_interfaces/micro_ros_msgs
[8.181s] -- Installing: /root/ros_ws/src/Rescue_Car_ws/install/micro_ros_msgs/include/micro_ros_msgs/micro_ros_msgs
[8.182s] -- Installing: /root/ros_ws/src/Rescue_Car_ws/install/micro_ros_msgs/include/micro_ros_msgs/micro_ros_msgs/msg
[8.182s] -- Installing: /root/ros_ws/src/Rescue_Car_ws/install/micro_ros_msgs/include/micro_ros_msgs/micro_ros_msgs/msg/entity.h
[8.182s] -- Installing: /root/ros_ws/src/Rescue_Car_ws/install/micro_ros_msgs/include/micro_ros_msgs/micro_ros_msgs/msg/graph.h
[8.182s] -- Installing: /root/ros_ws/src/Rescue_Car_ws/install/micro_ros_msgs/include/micro_ros_msgs/micro_ros_msgs/msg/detail
[8.183s] -- Installing: /root/ros_ws/src/Rescue_Car_ws/install/micro_ros_msgs/include/micro_ros_msgs/micro_ros_msgs/msg/detail/node__functions.c
[8.184s] -- Installing: /root/ros_ws/src/Rescue_Car_ws/install/micro_ros_msgs/include/micro_ros_msgs/micro_ros_msgs/msg/detail/entity__struct.h
[8.184s] -- Installing: /root/ros_ws/src/Rescue_Car_ws/install/micro_ros_msgs/include/micro_ros_msgs/micro_ros_msgs/msg/detail/node__functions.h
[8.184s] -- Installing: /root/ros_ws/src/Rescue_Car_ws/install/micro_ros_msgs/include/micro_ros_msgs/micro_ros_msgs/msg/detail/entity__type_support.h
[8.184s] -- Installing: /root/ros_ws/src/Rescue_Car_ws/install/micro_ros_msgs/include/micro_ros_msgs/micro_ros_msgs/msg/detail/graph__struct.h
[8.185s] -- Installing: /root/ros_ws/src/Rescue_Car_ws/install/micro_ros_msgs/include/micro_ros_msgs/micro_ros_msgs/msg/detail/node__struct.h
[8.185s] -- Installing: /root/ros_ws/src/Rescue_Car_ws/install/micro_ros_msgs/include/micro_ros_msgs/micro_ros_msgs/msg/detail/node__type_support.h
[8.185s] -- Installing: /root/ros_ws/src/Rescue_Car_ws/install/micro_ros_msgs/include/micro_ros_msgs/micro_ros_msgs/msg/detail/graph__functions.c
[8.185s] -- Installing: /root/ros_ws/src/Rescue_Car_ws/install/micro_ros_msgs/include/micro_ros_msgs/micro_ros_msgs/msg/detail/entity__functions.h
[8.187s] -- Installing: /root/ros_ws/src/Rescue_Car_ws/install/micro_ros_msgs/include/micro_ros_msgs/micro_ros_msgs/msg/detail/entity__functions.c
[8.188s] -- Installing: /root/ros_ws/src/Rescue_Car_ws/install/micro_ros_msgs/include/micro_ros_msgs/micro_ros_msgs/msg/detail/graph__functions.h
[8.188s] -- Installing: /root/ros_ws/src/Rescue_Car_ws/install/micro_ros_msgs/include/micro_ros_msgs/micro_ros_msgs/msg/detail/graph__type_support.h
[8.188s] -- Installing: /root/ros_ws/src/Rescue_Car_ws/install/micro_ros_msgs/include/micro_ros_msgs/micro_ros_msgs/msg/rosidl_generator_c__visibility_control.h
[8.189s] -- Installing: /root/ros_ws/src/Rescue_Car_ws/install/micro_ros_msgs/include/micro_ros_msgs/micro_ros_msgs/msg/node.h
[8.189s] -- Installing: /root/ros_ws/src/Rescue_Car_ws/install/micro_ros_msgs/share/micro_ros_msgs/environment/library_path.sh
[8.189s] -- Installing: /root/ros_ws/src/Rescue_Car_ws/install/micro_ros_msgs/share/micro_ros_msgs/environment/library_path.dsv
[8.190s] -- Installing: /root/ros_ws/src/Rescue_Car_ws/install/micro_ros_msgs/lib/libmicro_ros_msgs__rosidl_generator_c.so
[8.190s] -- Set runtime path of "/root/ros_ws/src/Rescue_Car_ws/install/micro_ros_msgs/lib/libmicro_ros_msgs__rosidl_generator_c.so" to ""
[8.191s] -- Up-to-date: /root/ros_ws/src/Rescue_Car_ws/install/micro_ros_msgs/include/micro_ros_msgs/micro_ros_msgs
[8.191s] -- Up-to-date: /root/ros_ws/src/Rescue_Car_ws/install/micro_ros_msgs/include/micro_ros_msgs/micro_ros_msgs/msg
[8.192s] -- Up-to-date: /root/ros_ws/src/Rescue_Car_ws/install/micro_ros_msgs/include/micro_ros_msgs/micro_ros_msgs/msg/detail
[8.192s] -- Installing: /root/ros_ws/src/Rescue_Car_ws/install/micro_ros_msgs/include/micro_ros_msgs/micro_ros_msgs/msg/detail/graph__rosidl_typesupport_fastrtps_c.h
[8.192s] -- Installing: /root/ros_ws/src/Rescue_Car_ws/install/micro_ros_msgs/include/micro_ros_msgs/micro_ros_msgs/msg/detail/entity__rosidl_typesupport_fastrtps_c.h
[8.192s] -- Installing: /root/ros_ws/src/Rescue_Car_ws/install/micro_ros_msgs/include/micro_ros_msgs/micro_ros_msgs/msg/detail/node__rosidl_typesupport_fastrtps_c.h
[8.193s] -- Installing: /root/ros_ws/src/Rescue_Car_ws/install/micro_ros_msgs/include/micro_ros_msgs/micro_ros_msgs/msg/rosidl_typesupport_fastrtps_c__visibility_control.h
[8.193s] -- Installing: /root/ros_ws/src/Rescue_Car_ws/install/micro_ros_msgs/lib/libmicro_ros_msgs__rosidl_typesupport_fastrtps_c.so
[8.194s] -- Set runtime path of "/root/ros_ws/src/Rescue_Car_ws/install/micro_ros_msgs/lib/libmicro_ros_msgs__rosidl_typesupport_fastrtps_c.so" to ""
[8.194s] -- Up-to-date: /root/ros_ws/src/Rescue_Car_ws/install/micro_ros_msgs/include/micro_ros_msgs/micro_ros_msgs
[8.194s] -- Up-to-date: /root/ros_ws/src/Rescue_Car_ws/install/micro_ros_msgs/include/micro_ros_msgs/micro_ros_msgs/msg
[8.194s] -- Installing: /root/ros_ws/src/Rescue_Car_ws/install/micro_ros_msgs/include/micro_ros_msgs/micro_ros_msgs/msg/rosidl_typesupport_introspection_c__visibility_control.h
[8.195s] -- Up-to-date: /root/ros_ws/src/Rescue_Car_ws/install/micro_ros_msgs/include/micro_ros_msgs/micro_ros_msgs/msg/detail
[8.195s] -- Installing: /root/ros_ws/src/Rescue_Car_ws/install/micro_ros_msgs/include/micro_ros_msgs/micro_ros_msgs/msg/detail/node__type_support.c
[8.195s] -- Installing: /root/ros_ws/src/Rescue_Car_ws/install/micro_ros_msgs/include/micro_ros_msgs/micro_ros_msgs/msg/detail/graph__rosidl_typesupport_introspection_c.h
[8.196s] -- Installing: /root/ros_ws/src/Rescue_Car_ws/install/micro_ros_msgs/include/micro_ros_msgs/micro_ros_msgs/msg/detail/node__rosidl_typesupport_introspection_c.h
[8.196s] -- Installing: /root/ros_ws/src/Rescue_Car_ws/install/micro_ros_msgs/include/micro_ros_msgs/micro_ros_msgs/msg/detail/entity__rosidl_typesupport_introspection_c.h
[8.196s] -- Installing: /root/ros_ws/src/Rescue_Car_ws/install/micro_ros_msgs/include/micro_ros_msgs/micro_ros_msgs/msg/detail/entity__type_support.c
[8.196s] -- Installing: /root/ros_ws/src/Rescue_Car_ws/install/micro_ros_msgs/include/micro_ros_msgs/micro_ros_msgs/msg/detail/graph__type_support.c
[8.196s] -- Installing: /root/ros_ws/src/Rescue_Car_ws/install/micro_ros_msgs/lib/libmicro_ros_msgs__rosidl_typesupport_introspection_c.so
[8.197s] -- Set runtime path of "/root/ros_ws/src/Rescue_Car_ws/install/micro_ros_msgs/lib/libmicro_ros_msgs__rosidl_typesupport_introspection_c.so" to ""
[8.197s] -- Installing: /root/ros_ws/src/Rescue_Car_ws/install/micro_ros_msgs/lib/libmicro_ros_msgs__rosidl_typesupport_c.so
[8.198s] -- Set runtime path of "/root/ros_ws/src/Rescue_Car_ws/install/micro_ros_msgs/lib/libmicro_ros_msgs__rosidl_typesupport_c.so" to ""
[8.198s] -- Up-to-date: /root/ros_ws/src/Rescue_Car_ws/install/micro_ros_msgs/include/micro_ros_msgs/micro_ros_msgs
[8.198s] -- Up-to-date: /root/ros_ws/src/Rescue_Car_ws/install/micro_ros_msgs/include/micro_ros_msgs/micro_ros_msgs/msg
[8.198s] -- Installing: /root/ros_ws/src/Rescue_Car_ws/install/micro_ros_msgs/include/micro_ros_msgs/micro_ros_msgs/msg/node.hpp
[8.199s] -- Installing: /root/ros_ws/src/Rescue_Car_ws/install/micro_ros_msgs/include/micro_ros_msgs/micro_ros_msgs/msg/entity.hpp
[8.199s] -- Installing: /root/ros_ws/src/Rescue_Car_ws/install/micro_ros_msgs/include/micro_ros_msgs/micro_ros_msgs/msg/rosidl_generator_cpp__visibility_control.hpp
[8.199s] -- Installing: /root/ros_ws/src/Rescue_Car_ws/install/micro_ros_msgs/include/micro_ros_msgs/micro_ros_msgs/msg/graph.hpp
[8.199s] -- Up-to-date: /root/ros_ws/src/Rescue_Car_ws/install/micro_ros_msgs/include/micro_ros_msgs/micro_ros_msgs/msg/detail
[8.201s] -- Installing: /root/ros_ws/src/Rescue_Car_ws/install/micro_ros_msgs/include/micro_ros_msgs/micro_ros_msgs/msg/detail/entity__traits.hpp
[8.201s] -- Installing: /root/ros_ws/src/Rescue_Car_ws/install/micro_ros_msgs/include/micro_ros_msgs/micro_ros_msgs/msg/detail/node__struct.hpp
[8.202s] -- Installing: /root/ros_ws/src/Rescue_Car_ws/install/micro_ros_msgs/include/micro_ros_msgs/micro_ros_msgs/msg/detail/graph__struct.hpp
[8.202s] -- Installing: /root/ros_ws/src/Rescue_Car_ws/install/micro_ros_msgs/include/micro_ros_msgs/micro_ros_msgs/msg/detail/node__traits.hpp
[8.202s] -- Installing: /root/ros_ws/src/Rescue_Car_ws/install/micro_ros_msgs/include/micro_ros_msgs/micro_ros_msgs/msg/detail/entity__type_support.hpp
[8.203s] -- Installing: /root/ros_ws/src/Rescue_Car_ws/install/micro_ros_msgs/include/micro_ros_msgs/micro_ros_msgs/msg/detail/node__builder.hpp
[8.203s] -- Installing: /root/ros_ws/src/Rescue_Car_ws/install/micro_ros_msgs/include/micro_ros_msgs/micro_ros_msgs/msg/detail/graph__builder.hpp
[8.203s] -- Installing: /root/ros_ws/src/Rescue_Car_ws/install/micro_ros_msgs/include/micro_ros_msgs/micro_ros_msgs/msg/detail/node__type_support.hpp
[8.203s] -- Installing: /root/ros_ws/src/Rescue_Car_ws/install/micro_ros_msgs/include/micro_ros_msgs/micro_ros_msgs/msg/detail/entity__builder.hpp
[8.204s] -- Installing: /root/ros_ws/src/Rescue_Car_ws/install/micro_ros_msgs/include/micro_ros_msgs/micro_ros_msgs/msg/detail/graph__type_support.hpp
[8.204s] -- Installing: /root/ros_ws/src/Rescue_Car_ws/install/micro_ros_msgs/include/micro_ros_msgs/micro_ros_msgs/msg/detail/graph__traits.hpp
[8.204s] -- Installing: /root/ros_ws/src/Rescue_Car_ws/install/micro_ros_msgs/include/micro_ros_msgs/micro_ros_msgs/msg/detail/entity__struct.hpp
[8.204s] -- Up-to-date: /root/ros_ws/src/Rescue_Car_ws/install/micro_ros_msgs/include/micro_ros_msgs/micro_ros_msgs
[8.204s] -- Up-to-date: /root/ros_ws/src/Rescue_Car_ws/install/micro_ros_msgs/include/micro_ros_msgs/micro_ros_msgs/msg
[8.205s] -- Installing: /root/ros_ws/src/Rescue_Car_ws/install/micro_ros_msgs/include/micro_ros_msgs/micro_ros_msgs/msg/rosidl_typesupport_fastrtps_cpp__visibility_control.h
[8.205s] -- Up-to-date: /root/ros_ws/src/Rescue_Car_ws/install/micro_ros_msgs/include/micro_ros_msgs/micro_ros_msgs/msg/detail
[8.205s] -- Installing: /root/ros_ws/src/Rescue_Car_ws/install/micro_ros_msgs/include/micro_ros_msgs/micro_ros_msgs/msg/detail/graph__rosidl_typesupport_fastrtps_cpp.hpp
[8.205s] -- Installing: /root/ros_ws/src/Rescue_Car_ws/install/micro_ros_msgs/include/micro_ros_msgs/micro_ros_msgs/msg/detail/dds_fastrtps
[8.206s] -- Installing: /root/ros_ws/src/Rescue_Car_ws/install/micro_ros_msgs/include/micro_ros_msgs/micro_ros_msgs/msg/detail/entity__rosidl_typesupport_fastrtps_cpp.hpp
[8.206s] -- Installing: /root/ros_ws/src/Rescue_Car_ws/install/micro_ros_msgs/include/micro_ros_msgs/micro_ros_msgs/msg/detail/node__rosidl_typesupport_fastrtps_cpp.hpp
[8.206s] -- Installing: /root/ros_ws/src/Rescue_Car_ws/install/micro_ros_msgs/lib/libmicro_ros_msgs__rosidl_typesupport_fastrtps_cpp.so
[8.207s] -- Set runtime path of "/root/ros_ws/src/Rescue_Car_ws/install/micro_ros_msgs/lib/libmicro_ros_msgs__rosidl_typesupport_fastrtps_cpp.so" to ""
[8.208s] -- Up-to-date: /root/ros_ws/src/Rescue_Car_ws/install/micro_ros_msgs/include/micro_ros_msgs/micro_ros_msgs
[8.208s] -- Up-to-date: /root/ros_ws/src/Rescue_Car_ws/install/micro_ros_msgs/include/micro_ros_msgs/micro_ros_msgs/msg
[8.209s] -- Up-to-date: /root/ros_ws/src/Rescue_Car_ws/install/micro_ros_msgs/include/micro_ros_msgs/micro_ros_msgs/msg/detail
[8.209s] -- Installing: /root/ros_ws/src/Rescue_Car_ws/install/micro_ros_msgs/include/micro_ros_msgs/micro_ros_msgs/msg/detail/entity__rosidl_typesupport_introspection_cpp.hpp
[8.209s] -- Installing: /root/ros_ws/src/Rescue_Car_ws/install/micro_ros_msgs/include/micro_ros_msgs/micro_ros_msgs/msg/detail/node__rosidl_typesupport_introspection_cpp.hpp
[8.210s] -- Installing: /root/ros_ws/src/Rescue_Car_ws/install/micro_ros_msgs/include/micro_ros_msgs/micro_ros_msgs/msg/detail/graph__rosidl_typesupport_introspection_cpp.hpp
[8.210s] -- Installing: /root/ros_ws/src/Rescue_Car_ws/install/micro_ros_msgs/include/micro_ros_msgs/micro_ros_msgs/msg/detail/node__type_support.cpp
[8.210s] -- Installing: /root/ros_ws/src/Rescue_Car_ws/install/micro_ros_msgs/include/micro_ros_msgs/micro_ros_msgs/msg/detail/graph__type_support.cpp
[8.210s] -- Installing: /root/ros_ws/src/Rescue_Car_ws/install/micro_ros_msgs/include/micro_ros_msgs/micro_ros_msgs/msg/detail/entity__type_support.cpp
[8.210s] -- Installing: /root/ros_ws/src/Rescue_Car_ws/install/micro_ros_msgs/lib/libmicro_ros_msgs__rosidl_typesupport_introspection_cpp.so
[8.210s] -- Set runtime path of "/root/ros_ws/src/Rescue_Car_ws/install/micro_ros_msgs/lib/libmicro_ros_msgs__rosidl_typesupport_introspection_cpp.so" to ""
[8.210s] -- Installing: /root/ros_ws/src/Rescue_Car_ws/install/micro_ros_msgs/lib/libmicro_ros_msgs__rosidl_typesupport_cpp.so
[8.211s] -- Set runtime path of "/root/ros_ws/src/Rescue_Car_ws/install/micro_ros_msgs/lib/libmicro_ros_msgs__rosidl_typesupport_cpp.so" to ""
[8.211s] -- Installing: /root/ros_ws/src/Rescue_Car_ws/install/micro_ros_msgs/share/micro_ros_msgs/environment/pythonpath.sh
[8.211s] -- Installing: /root/ros_ws/src/Rescue_Car_ws/install/micro_ros_msgs/share/micro_ros_msgs/environment/pythonpath.dsv
[8.211s] -- Installing: /root/ros_ws/src/Rescue_Car_ws/install/micro_ros_msgs/local/lib/python3.10/dist-packages/micro_ros_msgs-3.0.1-py3.10.egg-info
[8.212s] -- Installing: /root/ros_ws/src/Rescue_Car_ws/install/micro_ros_msgs/local/lib/python3.10/dist-packages/micro_ros_msgs-3.0.1-py3.10.egg-info/dependency_links.txt
[8.212s] -- Installing: /root/ros_ws/src/Rescue_Car_ws/install/micro_ros_msgs/local/lib/python3.10/dist-packages/micro_ros_msgs-3.0.1-py3.10.egg-info/SOURCES.txt
[8.212s] -- Installing: /root/ros_ws/src/Rescue_Car_ws/install/micro_ros_msgs/local/lib/python3.10/dist-packages/micro_ros_msgs-3.0.1-py3.10.egg-info/PKG-INFO
[8.212s] -- Installing: /root/ros_ws/src/Rescue_Car_ws/install/micro_ros_msgs/local/lib/python3.10/dist-packages/micro_ros_msgs-3.0.1-py3.10.egg-info/top_level.txt
[8.212s] -- Installing: /root/ros_ws/src/Rescue_Car_ws/install/micro_ros_msgs/local/lib/python3.10/dist-packages/micro_ros_msgs
[8.212s] -- Installing: /root/ros_ws/src/Rescue_Car_ws/install/micro_ros_msgs/local/lib/python3.10/dist-packages/micro_ros_msgs/_micro_ros_msgs_s.ep.rosidl_typesupport_fastrtps_c.c
[8.212s] -- Installing: /root/ros_ws/src/Rescue_Car_ws/install/micro_ros_msgs/local/lib/python3.10/dist-packages/micro_ros_msgs/libmicro_ros_msgs__rosidl_generator_py.so
[8.212s] -- Installing: /root/ros_ws/src/Rescue_Car_ws/install/micro_ros_msgs/local/lib/python3.10/dist-packages/micro_ros_msgs/micro_ros_msgs_s__rosidl_typesupport_introspection_c.cpython-310-x86_64-linux-gnu.so
[8.213s] -- Installing: /root/ros_ws/src/Rescue_Car_ws/install/micro_ros_msgs/local/lib/python3.10/dist-packages/micro_ros_msgs/micro_ros_msgs_s__rosidl_typesupport_c.cpython-310-x86_64-linux-gnu.so
[8.213s] -- Installing: /root/ros_ws/src/Rescue_Car_ws/install/micro_ros_msgs/local/lib/python3.10/dist-packages/micro_ros_msgs/_micro_ros_msgs_s.ep.rosidl_typesupport_c.c
[8.213s] -- Installing: /root/ros_ws/src/Rescue_Car_ws/install/micro_ros_msgs/local/lib/python3.10/dist-packages/micro_ros_msgs/micro_ros_msgs_s__rosidl_typesupport_fastrtps_c.cpython-310-x86_64-linux-gnu.so
[8.213s] -- Installing: /root/ros_ws/src/Rescue_Car_ws/install/micro_ros_msgs/local/lib/python3.10/dist-packages/micro_ros_msgs/__init__.py
[8.214s] -- Installing: /root/ros_ws/src/Rescue_Car_ws/install/micro_ros_msgs/local/lib/python3.10/dist-packages/micro_ros_msgs/msg
[8.214s] -- Installing: /root/ros_ws/src/Rescue_Car_ws/install/micro_ros_msgs/local/lib/python3.10/dist-packages/micro_ros_msgs/msg/_entity.py
[8.214s] -- Installing: /root/ros_ws/src/Rescue_Car_ws/install/micro_ros_msgs/local/lib/python3.10/dist-packages/micro_ros_msgs/msg/_entity_s.c
[8.214s] -- Installing: /root/ros_ws/src/Rescue_Car_ws/install/micro_ros_msgs/local/lib/python3.10/dist-packages/micro_ros_msgs/msg/_graph_s.c
[8.214s] -- Installing: /root/ros_ws/src/Rescue_Car_ws/install/micro_ros_msgs/local/lib/python3.10/dist-packages/micro_ros_msgs/msg/_node.py
[8.215s] -- Installing: /root/ros_ws/src/Rescue_Car_ws/install/micro_ros_msgs/local/lib/python3.10/dist-packages/micro_ros_msgs/msg/__init__.py
[8.215s] -- Installing: /root/ros_ws/src/Rescue_Car_ws/install/micro_ros_msgs/local/lib/python3.10/dist-packages/micro_ros_msgs/msg/_graph.py
[8.215s] -- Installing: /root/ros_ws/src/Rescue_Car_ws/install/micro_ros_msgs/local/lib/python3.10/dist-packages/micro_ros_msgs/msg/_node_s.c
[8.216s] -- Installing: /root/ros_ws/src/Rescue_Car_ws/install/micro_ros_msgs/local/lib/python3.10/dist-packages/micro_ros_msgs/_micro_ros_msgs_s.ep.rosidl_typesupport_introspection_c.c
[8.238s] Listing '/root/ros_ws/src/Rescue_Car_ws/install/micro_ros_msgs/local/lib/python3.10/dist-packages/micro_ros_msgs'...
[8.239s] Compiling '/root/ros_ws/src/Rescue_Car_ws/install/micro_ros_msgs/local/lib/python3.10/dist-packages/micro_ros_msgs/__init__.py'...
[8.239s] Listing '/root/ros_ws/src/Rescue_Car_ws/install/micro_ros_msgs/local/lib/python3.10/dist-packages/micro_ros_msgs/msg'...
[8.239s] Compiling '/root/ros_ws/src/Rescue_Car_ws/install/micro_ros_msgs/local/lib/python3.10/dist-packages/micro_ros_msgs/msg/__init__.py'...
[8.239s] Compiling '/root/ros_ws/src/Rescue_Car_ws/install/micro_ros_msgs/local/lib/python3.10/dist-packages/micro_ros_msgs/msg/_entity.py'...
[8.240s] Compiling '/root/ros_ws/src/Rescue_Car_ws/install/micro_ros_msgs/local/lib/python3.10/dist-packages/micro_ros_msgs/msg/_graph.py'...
[8.240s] Compiling '/root/ros_ws/src/Rescue_Car_ws/install/micro_ros_msgs/local/lib/python3.10/dist-packages/micro_ros_msgs/msg/_node.py'...
[8.242s] -- Installing: /root/ros_ws/src/Rescue_Car_ws/install/micro_ros_msgs/local/lib/python3.10/dist-packages/micro_ros_msgs/micro_ros_msgs_s__rosidl_typesupport_fastrtps_c.cpython-310-x86_64-linux-gnu.so
[8.243s] -- Set runtime path of "/root/ros_ws/src/Rescue_Car_ws/install/micro_ros_msgs/local/lib/python3.10/dist-packages/micro_ros_msgs/micro_ros_msgs_s__rosidl_typesupport_fastrtps_c.cpython-310-x86_64-linux-gnu.so" to ""
[8.243s] -- Installing: /root/ros_ws/src/Rescue_Car_ws/install/micro_ros_msgs/local/lib/python3.10/dist-packages/micro_ros_msgs/micro_ros_msgs_s__rosidl_typesupport_introspection_c.cpython-310-x86_64-linux-gnu.so
[8.244s] -- Set runtime path of "/root/ros_ws/src/Rescue_Car_ws/install/micro_ros_msgs/local/lib/python3.10/dist-packages/micro_ros_msgs/micro_ros_msgs_s__rosidl_typesupport_introspection_c.cpython-310-x86_64-linux-gnu.so" to ""
[8.244s] -- Installing: /root/ros_ws/src/Rescue_Car_ws/install/micro_ros_msgs/local/lib/python3.10/dist-packages/micro_ros_msgs/micro_ros_msgs_s__rosidl_typesupport_c.cpython-310-x86_64-linux-gnu.so
[8.244s] -- Set runtime path of "/root/ros_ws/src/Rescue_Car_ws/install/micro_ros_msgs/local/lib/python3.10/dist-packages/micro_ros_msgs/micro_ros_msgs_s__rosidl_typesupport_c.cpython-310-x86_64-linux-gnu.so" to ""
[8.244s] -- Installing: /root/ros_ws/src/Rescue_Car_ws/install/micro_ros_msgs/lib/libmicro_ros_msgs__rosidl_generator_py.so
[8.245s] -- Set runtime path of "/root/ros_ws/src/Rescue_Car_ws/install/micro_ros_msgs/lib/libmicro_ros_msgs__rosidl_generator_py.so" to ""
[8.245s] -- Installing: /root/ros_ws/src/Rescue_Car_ws/install/micro_ros_msgs/share/micro_ros_msgs/msg/Graph.idl
[8.245s] -- Installing: /root/ros_ws/src/Rescue_Car_ws/install/micro_ros_msgs/share/micro_ros_msgs/msg/Node.idl
[8.245s] -- Installing: /root/ros_ws/src/Rescue_Car_ws/install/micro_ros_msgs/share/micro_ros_msgs/msg/Entity.idl
[8.246s] -- Installing: /root/ros_ws/src/Rescue_Car_ws/install/micro_ros_msgs/share/micro_ros_msgs/msg/Graph.msg
[8.246s] -- Installing: /root/ros_ws/src/Rescue_Car_ws/install/micro_ros_msgs/share/micro_ros_msgs/msg/Node.msg
[8.246s] -- Installing: /root/ros_ws/src/Rescue_Car_ws/install/micro_ros_msgs/share/micro_ros_msgs/msg/Entity.msg
[8.246s] -- Installing: /root/ros_ws/src/Rescue_Car_ws/install/micro_ros_msgs/share/ament_index/resource_index/package_run_dependencies/micro_ros_msgs
[8.247s] -- Installing: /root/ros_ws/src/Rescue_Car_ws/install/micro_ros_msgs/share/ament_index/resource_index/parent_prefix_path/micro_ros_msgs
[8.247s] -- Installing: /root/ros_ws/src/Rescue_Car_ws/install/micro_ros_msgs/share/micro_ros_msgs/environment/ament_prefix_path.sh
[8.248s] -- Installing: /root/ros_ws/src/Rescue_Car_ws/install/micro_ros_msgs/share/micro_ros_msgs/environment/ament_prefix_path.dsv
[8.248s] -- Installing: /root/ros_ws/src/Rescue_Car_ws/install/micro_ros_msgs/share/micro_ros_msgs/environment/path.sh
[8.249s] -- Installing: /root/ros_ws/src/Rescue_Car_ws/install/micro_ros_msgs/share/micro_ros_msgs/environment/path.dsv
[8.249s] -- Installing: /root/ros_ws/src/Rescue_Car_ws/install/micro_ros_msgs/share/micro_ros_msgs/local_setup.bash
[8.249s] -- Installing: /root/ros_ws/src/Rescue_Car_ws/install/micro_ros_msgs/share/micro_ros_msgs/local_setup.sh
[8.250s] -- Installing: /root/ros_ws/src/Rescue_Car_ws/install/micro_ros_msgs/share/micro_ros_msgs/local_setup.zsh
[8.250s] -- Installing: /root/ros_ws/src/Rescue_Car_ws/install/micro_ros_msgs/share/micro_ros_msgs/local_setup.dsv
[8.251s] -- Installing: /root/ros_ws/src/Rescue_Car_ws/install/micro_ros_msgs/share/micro_ros_msgs/package.dsv
[8.251s] -- Installing: /root/ros_ws/src/Rescue_Car_ws/install/micro_ros_msgs/share/ament_index/resource_index/packages/micro_ros_msgs
[8.252s] -- Installing: /root/ros_ws/src/Rescue_Car_ws/install/micro_ros_msgs/share/micro_ros_msgs/cmake/export_micro_ros_msgs__rosidl_generator_cExport.cmake
[8.252s] -- Installing: /root/ros_ws/src/Rescue_Car_ws/install/micro_ros_msgs/share/micro_ros_msgs/cmake/export_micro_ros_msgs__rosidl_generator_cExport-noconfig.cmake
[8.253s] -- Installing: /root/ros_ws/src/Rescue_Car_ws/install/micro_ros_msgs/share/micro_ros_msgs/cmake/export_micro_ros_msgs__rosidl_typesupport_fastrtps_cExport.cmake
[8.254s] -- Installing: /root/ros_ws/src/Rescue_Car_ws/install/micro_ros_msgs/share/micro_ros_msgs/cmake/export_micro_ros_msgs__rosidl_typesupport_fastrtps_cExport-noconfig.cmake
[8.254s] -- Installing: /root/ros_ws/src/Rescue_Car_ws/install/micro_ros_msgs/share/micro_ros_msgs/cmake/micro_ros_msgs__rosidl_typesupport_introspection_cExport.cmake
[8.255s] -- Installing: /root/ros_ws/src/Rescue_Car_ws/install/micro_ros_msgs/share/micro_ros_msgs/cmake/micro_ros_msgs__rosidl_typesupport_introspection_cExport-noconfig.cmake
[8.255s] -- Installing: /root/ros_ws/src/Rescue_Car_ws/install/micro_ros_msgs/share/micro_ros_msgs/cmake/micro_ros_msgs__rosidl_typesupport_cExport.cmake
[8.255s] -- Installing: /root/ros_ws/src/Rescue_Car_ws/install/micro_ros_msgs/share/micro_ros_msgs/cmake/micro_ros_msgs__rosidl_typesupport_cExport-noconfig.cmake
[8.255s] -- Installing: /root/ros_ws/src/Rescue_Car_ws/install/micro_ros_msgs/share/micro_ros_msgs/cmake/export_micro_ros_msgs__rosidl_generator_cppExport.cmake
[8.255s] -- Installing: /root/ros_ws/src/Rescue_Car_ws/install/micro_ros_msgs/share/micro_ros_msgs/cmake/export_micro_ros_msgs__rosidl_typesupport_fastrtps_cppExport.cmake
[8.255s] -- Installing: /root/ros_ws/src/Rescue_Car_ws/install/micro_ros_msgs/share/micro_ros_msgs/cmake/export_micro_ros_msgs__rosidl_typesupport_fastrtps_cppExport-noconfig.cmake
[8.256s] -- Installing: /root/ros_ws/src/Rescue_Car_ws/install/micro_ros_msgs/share/micro_ros_msgs/cmake/micro_ros_msgs__rosidl_typesupport_introspection_cppExport.cmake
[8.256s] -- Installing: /root/ros_ws/src/Rescue_Car_ws/install/micro_ros_msgs/share/micro_ros_msgs/cmake/micro_ros_msgs__rosidl_typesupport_introspection_cppExport-noconfig.cmake
[8.256s] -- Installing: /root/ros_ws/src/Rescue_Car_ws/install/micro_ros_msgs/share/micro_ros_msgs/cmake/micro_ros_msgs__rosidl_typesupport_cppExport.cmake
[8.256s] -- Installing: /root/ros_ws/src/Rescue_Car_ws/install/micro_ros_msgs/share/micro_ros_msgs/cmake/micro_ros_msgs__rosidl_typesupport_cppExport-noconfig.cmake
[8.256s] -- Installing: /root/ros_ws/src/Rescue_Car_ws/install/micro_ros_msgs/share/micro_ros_msgs/cmake/export_micro_ros_msgs__rosidl_generator_pyExport.cmake
[8.256s] -- Installing: /root/ros_ws/src/Rescue_Car_ws/install/micro_ros_msgs/share/micro_ros_msgs/cmake/export_micro_ros_msgs__rosidl_generator_pyExport-noconfig.cmake
[8.256s] -- Installing: /root/ros_ws/src/Rescue_Car_ws/install/micro_ros_msgs/share/micro_ros_msgs/cmake/rosidl_cmake-extras.cmake
[8.256s] -- Installing: /root/ros_ws/src/Rescue_Car_ws/install/micro_ros_msgs/share/micro_ros_msgs/cmake/ament_cmake_export_include_directories-extras.cmake
[8.257s] -- Installing: /root/ros_ws/src/Rescue_Car_ws/install/micro_ros_msgs/share/micro_ros_msgs/cmake/ament_cmake_export_libraries-extras.cmake
[8.257s] -- Installing: /root/ros_ws/src/Rescue_Car_ws/install/micro_ros_msgs/share/micro_ros_msgs/cmake/ament_cmake_export_targets-extras.cmake
[8.257s] -- Installing: /root/ros_ws/src/Rescue_Car_ws/install/micro_ros_msgs/share/micro_ros_msgs/cmake/rosidl_cmake_export_typesupport_targets-extras.cmake
[8.258s] -- Installing: /root/ros_ws/src/Rescue_Car_ws/install/micro_ros_msgs/share/micro_ros_msgs/cmake/ament_cmake_export_dependencies-extras.cmake
[8.259s] -- Installing: /root/ros_ws/src/Rescue_Car_ws/install/micro_ros_msgs/share/micro_ros_msgs/cmake/rosidl_cmake_export_typesupport_libraries-extras.cmake
[8.259s] -- Installing: /root/ros_ws/src/Rescue_Car_ws/install/micro_ros_msgs/share/micro_ros_msgs/cmake/micro_ros_msgsConfig.cmake
[8.259s] -- Installing: /root/ros_ws/src/Rescue_Car_ws/install/micro_ros_msgs/share/micro_ros_msgs/cmake/micro_ros_msgsConfig-version.cmake
[8.259s] -- Installing: /root/ros_ws/src/Rescue_Car_ws/install/micro_ros_msgs/share/micro_ros_msgs/package.xml
[8.275s] Invoked command in '/root/ros_ws/src/Rescue_Car_ws/build/micro_ros_msgs' returned '0': CMAKE_PREFIX_PATH=/opt/ros/humble /usr/bin/cmake --install /root/ros_ws/src/Rescue_Car_ws/build/micro_ros_msgs
