[0.300s] Invoking command in '/root/ros_ws/src/Rescue_Car_ws/build/visualization_msgs': CMAKE_PREFIX_PATH=/root/ros_ws/src/Rescue_Car_ws/install/sensor_msgs:/root/ros_ws/src/Rescue_Car_ws/install/geometry_msgs:/root/ros_ws/src/Rescue_Car_ws/install/std_msgs:/root/ros_ws/src/Rescue_Car_ws/install/builtin_interfaces:/root/ros_ws/src/Rescue_Car_ws/install/micro_ros_demos_rclc:/root/ros_ws/src/Rescue_Car_ws/install/common_interfaces:/root/ros_ws/src/Rescue_Car_ws/install/visualization_msgs:/root/ros_ws/src/Rescue_Car_ws/install/test_msgs:/root/ros_ws/src/Rescue_Car_ws/install/example_interfaces:/root/ros_ws/src/Rescue_Car_ws/install/action_msgs:/root/ros_ws/src/Rescue_Car_ws/install/unique_identifier_msgs:/root/ros_ws/src/Rescue_Car_ws/install/trajectory_msgs:/root/ros_ws/src/Rescue_Car_ws/install/stereo_msgs:/root/ros_ws/src/Rescue_Car_ws/install/std_srvs:/root/ros_ws/src/Rescue_Car_ws/install/shape_msgs:/root/ros_ws/src/Rescue_Car_ws/install/nav_msgs:/root/ros_ws/src/Rescue_Car_ws/install/diagnostic_msgs:/root/ros_ws/src/Rescue_Car_ws/install/actionlib_msgs:/root/ros_ws/src/Rescue_Car_ws/install/statistics_msgs:/root/ros_ws/src/Rescue_Car_ws/install/rosidl_typesupport_microxrcedds_test_msg:/root/ros_ws/src/Rescue_Car_ws/install/rosidl_typesupport_microxrcedds_cpp_tests:/root/ros_ws/src/Rescue_Car_ws/install/rmw_microxrcedds:/root/ros_ws/src/Rescue_Car_ws/install/rosidl_typesupport_microxrcedds_cpp:/root/ros_ws/src/Rescue_Car_ws/install/rosidl_typesupport_microxrcedds_c_tests:/root/ros_ws/src/Rescue_Car_ws/install/rosidl_typesupport_microxrcedds_c:/root/ros_ws/src/Rescue_Car_ws/install/rosgraph_msgs:/root/ros_ws/src/Rescue_Car_ws/install/rclc_parameter:/root/ros_ws/src/Rescue_Car_ws/install/rclc:/root/ros_ws/src/Rescue_Car_ws/install/composition_interfaces:/root/ros_ws/src/Rescue_Car_ws/install/rcl_interfaces:/root/ros_ws/src/Rescue_Car_ws/install/microxrcedds_client:/root/ros_ws/src/Rescue_Car_ws/install/microcdr:/root/ros_ws/src/Rescue_Car_ws/install/micro_ros_utilities:/root/ros_ws/src/Rescue_Car_ws/install/micro_ros_setup:/root/ros_ws/src/Rescue_Car_ws/install/micro_ros_agent:/root/ros_ws/src/Rescue_Car_ws/install/micro_ros_msgs:/root/ros_ws/src/Rescue_Car_ws/install/lifecycle_msgs:/root/ros_ws/src/Rescue_Car_ws/install/complex_msgs:/root/ros_ws/src/Rescue_Car_ws/install/car:/root/ros_ws/src/Rescue_Car_ws/install/sensor_msgs_py:/opt/ros/humble LD_LIBRARY_PATH=/root/ros_ws/src/Rescue_Car_ws/install/sensor_msgs/lib:/root/ros_ws/src/Rescue_Car_ws/install/geometry_msgs/lib:/root/ros_ws/src/Rescue_Car_ws/install/std_msgs/lib:/root/ros_ws/src/Rescue_Car_ws/install/builtin_interfaces/lib:/root/ros_ws/src/Rescue_Car_ws/install/visualization_msgs/lib:/root/ros_ws/src/Rescue_Car_ws/install/test_msgs/lib:/root/ros_ws/src/Rescue_Car_ws/install/example_interfaces/lib:/root/ros_ws/src/Rescue_Car_ws/install/action_msgs/lib:/root/ros_ws/src/Rescue_Car_ws/install/unique_identifier_msgs/lib:/root/ros_ws/src/Rescue_Car_ws/install/trajectory_msgs/lib:/root/ros_ws/src/Rescue_Car_ws/install/stereo_msgs/lib:/root/ros_ws/src/Rescue_Car_ws/install/std_srvs/lib:/root/ros_ws/src/Rescue_Car_ws/install/shape_msgs/lib:/root/ros_ws/src/Rescue_Car_ws/install/nav_msgs/lib:/root/ros_ws/src/Rescue_Car_ws/install/diagnostic_msgs/lib:/root/ros_ws/src/Rescue_Car_ws/install/actionlib_msgs/lib:/root/ros_ws/src/Rescue_Car_ws/install/statistics_msgs/lib:/root/ros_ws/src/Rescue_Car_ws/install/rosidl_typesupport_microxrcedds_test_msg/lib:/root/ros_ws/src/Rescue_Car_ws/install/rmw_microxrcedds/lib:/root/ros_ws/src/Rescue_Car_ws/install/rosidl_typesupport_microxrcedds_cpp/lib:/root/ros_ws/src/Rescue_Car_ws/install/rosidl_typesupport_microxrcedds_c/lib:/root/ros_ws/src/Rescue_Car_ws/install/rosgraph_msgs/lib:/root/ros_ws/src/Rescue_Car_ws/install/rclc_parameter/lib:/root/ros_ws/src/Rescue_Car_ws/install/rclc/lib:/root/ros_ws/src/Rescue_Car_ws/install/composition_interfaces/lib:/root/ros_ws/src/Rescue_Car_ws/install/rcl_interfaces/lib:/root/ros_ws/src/Rescue_Car_ws/install/micro_ros_utilities/lib:/root/ros_ws/src/Rescue_Car_ws/install/micro_ros_agent/lib:/root/ros_ws/src/Rescue_Car_ws/install/micro_ros_msgs/lib:/root/ros_ws/src/Rescue_Car_ws/install/lifecycle_msgs/lib:/root/ros_ws/src/Rescue_Car_ws/install/complex_msgs/lib:/usr/lib/x86_64-linux-gnu/gazebo-11/plugins:/opt/ros/humble/opt/rviz_ogre_vendor/lib:/opt/ros/humble/lib/x86_64-linux-gnu:/opt/ros/humble/lib /usr/bin/cmake --build /root/ros_ws/src/Rescue_Car_ws/build/visualization_msgs -- -j20 -l20
[0.351s] [  0%] Built target visualization_msgs__cpp
[0.356s] [ 12%] Built target visualization_msgs__rosidl_generator_c
[0.365s] [ 12%] Built target ament_cmake_python_copy_visualization_msgs
[0.390s] [ 24%] Built target visualization_msgs__rosidl_typesupport_fastrtps_cpp
[0.390s] [ 40%] Built target visualization_msgs__rosidl_typesupport_introspection_c
[0.390s] [ 48%] Built target visualization_msgs__rosidl_typesupport_introspection_cpp
[0.390s] [ 60%] Built target visualization_msgs__rosidl_typesupport_cpp
[0.393s] [ 72%] Built target visualization_msgs__rosidl_typesupport_c
[0.397s] [ 84%] Built target visualization_msgs__rosidl_typesupport_fastrtps_c
[0.420s] [ 84%] Built target visualization_msgs
[0.447s] [ 85%] Built target visualization_msgs__py
[0.482s] [ 96%] Built target visualization_msgs__rosidl_generator_py
[0.507s] [ 98%] Built target visualization_msgs__rosidl_typesupport_introspection_c__pyext
[0.508s] [ 99%] Built target visualization_msgs__rosidl_typesupport_c__pyext
[0.508s] [100%] Built target visualization_msgs__rosidl_typesupport_fastrtps_c__pyext
[0.593s] running egg_info
[0.593s] writing visualization_msgs.egg-info/PKG-INFO
[0.594s] writing dependency_links to visualization_msgs.egg-info/dependency_links.txt
[0.594s] writing top-level names to visualization_msgs.egg-info/top_level.txt
[0.595s] reading manifest file 'visualization_msgs.egg-info/SOURCES.txt'
[0.596s] writing manifest file 'visualization_msgs.egg-info/SOURCES.txt'
[0.624s] [100%] Built target ament_cmake_python_build_visualization_msgs_egg
[0.640s] Invoked command in '/root/ros_ws/src/Rescue_Car_ws/build/visualization_msgs' returned '0': CMAKE_PREFIX_PATH=/root/ros_ws/src/Rescue_Car_ws/install/sensor_msgs:/root/ros_ws/src/Rescue_Car_ws/install/geometry_msgs:/root/ros_ws/src/Rescue_Car_ws/install/std_msgs:/root/ros_ws/src/Rescue_Car_ws/install/builtin_interfaces:/root/ros_ws/src/Rescue_Car_ws/install/micro_ros_demos_rclc:/root/ros_ws/src/Rescue_Car_ws/install/common_interfaces:/root/ros_ws/src/Rescue_Car_ws/install/visualization_msgs:/root/ros_ws/src/Rescue_Car_ws/install/test_msgs:/root/ros_ws/src/Rescue_Car_ws/install/example_interfaces:/root/ros_ws/src/Rescue_Car_ws/install/action_msgs:/root/ros_ws/src/Rescue_Car_ws/install/unique_identifier_msgs:/root/ros_ws/src/Rescue_Car_ws/install/trajectory_msgs:/root/ros_ws/src/Rescue_Car_ws/install/stereo_msgs:/root/ros_ws/src/Rescue_Car_ws/install/std_srvs:/root/ros_ws/src/Rescue_Car_ws/install/shape_msgs:/root/ros_ws/src/Rescue_Car_ws/install/nav_msgs:/root/ros_ws/src/Rescue_Car_ws/install/diagnostic_msgs:/root/ros_ws/src/Rescue_Car_ws/install/actionlib_msgs:/root/ros_ws/src/Rescue_Car_ws/install/statistics_msgs:/root/ros_ws/src/Rescue_Car_ws/install/rosidl_typesupport_microxrcedds_test_msg:/root/ros_ws/src/Rescue_Car_ws/install/rosidl_typesupport_microxrcedds_cpp_tests:/root/ros_ws/src/Rescue_Car_ws/install/rmw_microxrcedds:/root/ros_ws/src/Rescue_Car_ws/install/rosidl_typesupport_microxrcedds_cpp:/root/ros_ws/src/Rescue_Car_ws/install/rosidl_typesupport_microxrcedds_c_tests:/root/ros_ws/src/Rescue_Car_ws/install/rosidl_typesupport_microxrcedds_c:/root/ros_ws/src/Rescue_Car_ws/install/rosgraph_msgs:/root/ros_ws/src/Rescue_Car_ws/install/rclc_parameter:/root/ros_ws/src/Rescue_Car_ws/install/rclc:/root/ros_ws/src/Rescue_Car_ws/install/composition_interfaces:/root/ros_ws/src/Rescue_Car_ws/install/rcl_interfaces:/root/ros_ws/src/Rescue_Car_ws/install/microxrcedds_client:/root/ros_ws/src/Rescue_Car_ws/install/microcdr:/root/ros_ws/src/Rescue_Car_ws/install/micro_ros_utilities:/root/ros_ws/src/Rescue_Car_ws/install/micro_ros_setup:/root/ros_ws/src/Rescue_Car_ws/install/micro_ros_agent:/root/ros_ws/src/Rescue_Car_ws/install/micro_ros_msgs:/root/ros_ws/src/Rescue_Car_ws/install/lifecycle_msgs:/root/ros_ws/src/Rescue_Car_ws/install/complex_msgs:/root/ros_ws/src/Rescue_Car_ws/install/car:/root/ros_ws/src/Rescue_Car_ws/install/sensor_msgs_py:/opt/ros/humble LD_LIBRARY_PATH=/root/ros_ws/src/Rescue_Car_ws/install/sensor_msgs/lib:/root/ros_ws/src/Rescue_Car_ws/install/geometry_msgs/lib:/root/ros_ws/src/Rescue_Car_ws/install/std_msgs/lib:/root/ros_ws/src/Rescue_Car_ws/install/builtin_interfaces/lib:/root/ros_ws/src/Rescue_Car_ws/install/visualization_msgs/lib:/root/ros_ws/src/Rescue_Car_ws/install/test_msgs/lib:/root/ros_ws/src/Rescue_Car_ws/install/example_interfaces/lib:/root/ros_ws/src/Rescue_Car_ws/install/action_msgs/lib:/root/ros_ws/src/Rescue_Car_ws/install/unique_identifier_msgs/lib:/root/ros_ws/src/Rescue_Car_ws/install/trajectory_msgs/lib:/root/ros_ws/src/Rescue_Car_ws/install/stereo_msgs/lib:/root/ros_ws/src/Rescue_Car_ws/install/std_srvs/lib:/root/ros_ws/src/Rescue_Car_ws/install/shape_msgs/lib:/root/ros_ws/src/Rescue_Car_ws/install/nav_msgs/lib:/root/ros_ws/src/Rescue_Car_ws/install/diagnostic_msgs/lib:/root/ros_ws/src/Rescue_Car_ws/install/actionlib_msgs/lib:/root/ros_ws/src/Rescue_Car_ws/install/statistics_msgs/lib:/root/ros_ws/src/Rescue_Car_ws/install/rosidl_typesupport_microxrcedds_test_msg/lib:/root/ros_ws/src/Rescue_Car_ws/install/rmw_microxrcedds/lib:/root/ros_ws/src/Rescue_Car_ws/install/rosidl_typesupport_microxrcedds_cpp/lib:/root/ros_ws/src/Rescue_Car_ws/install/rosidl_typesupport_microxrcedds_c/lib:/root/ros_ws/src/Rescue_Car_ws/install/rosgraph_msgs/lib:/root/ros_ws/src/Rescue_Car_ws/install/rclc_parameter/lib:/root/ros_ws/src/Rescue_Car_ws/install/rclc/lib:/root/ros_ws/src/Rescue_Car_ws/install/composition_interfaces/lib:/root/ros_ws/src/Rescue_Car_ws/install/rcl_interfaces/lib:/root/ros_ws/src/Rescue_Car_ws/install/micro_ros_utilities/lib:/root/ros_ws/src/Rescue_Car_ws/install/micro_ros_agent/lib:/root/ros_ws/src/Rescue_Car_ws/install/micro_ros_msgs/lib:/root/ros_ws/src/Rescue_Car_ws/install/lifecycle_msgs/lib:/root/ros_ws/src/Rescue_Car_ws/install/complex_msgs/lib:/usr/lib/x86_64-linux-gnu/gazebo-11/plugins:/opt/ros/humble/opt/rviz_ogre_vendor/lib:/opt/ros/humble/lib/x86_64-linux-gnu:/opt/ros/humble/lib /usr/bin/cmake --build /root/ros_ws/src/Rescue_Car_ws/build/visualization_msgs -- -j20 -l20
[0.642s] Invoking command in '/root/ros_ws/src/Rescue_Car_ws/build/visualization_msgs': CMAKE_PREFIX_PATH=/root/ros_ws/src/Rescue_Car_ws/install/sensor_msgs:/root/ros_ws/src/Rescue_Car_ws/install/geometry_msgs:/root/ros_ws/src/Rescue_Car_ws/install/std_msgs:/root/ros_ws/src/Rescue_Car_ws/install/builtin_interfaces:/root/ros_ws/src/Rescue_Car_ws/install/micro_ros_demos_rclc:/root/ros_ws/src/Rescue_Car_ws/install/common_interfaces:/root/ros_ws/src/Rescue_Car_ws/install/visualization_msgs:/root/ros_ws/src/Rescue_Car_ws/install/test_msgs:/root/ros_ws/src/Rescue_Car_ws/install/example_interfaces:/root/ros_ws/src/Rescue_Car_ws/install/action_msgs:/root/ros_ws/src/Rescue_Car_ws/install/unique_identifier_msgs:/root/ros_ws/src/Rescue_Car_ws/install/trajectory_msgs:/root/ros_ws/src/Rescue_Car_ws/install/stereo_msgs:/root/ros_ws/src/Rescue_Car_ws/install/std_srvs:/root/ros_ws/src/Rescue_Car_ws/install/shape_msgs:/root/ros_ws/src/Rescue_Car_ws/install/nav_msgs:/root/ros_ws/src/Rescue_Car_ws/install/diagnostic_msgs:/root/ros_ws/src/Rescue_Car_ws/install/actionlib_msgs:/root/ros_ws/src/Rescue_Car_ws/install/statistics_msgs:/root/ros_ws/src/Rescue_Car_ws/install/rosidl_typesupport_microxrcedds_test_msg:/root/ros_ws/src/Rescue_Car_ws/install/rosidl_typesupport_microxrcedds_cpp_tests:/root/ros_ws/src/Rescue_Car_ws/install/rmw_microxrcedds:/root/ros_ws/src/Rescue_Car_ws/install/rosidl_typesupport_microxrcedds_cpp:/root/ros_ws/src/Rescue_Car_ws/install/rosidl_typesupport_microxrcedds_c_tests:/root/ros_ws/src/Rescue_Car_ws/install/rosidl_typesupport_microxrcedds_c:/root/ros_ws/src/Rescue_Car_ws/install/rosgraph_msgs:/root/ros_ws/src/Rescue_Car_ws/install/rclc_parameter:/root/ros_ws/src/Rescue_Car_ws/install/rclc:/root/ros_ws/src/Rescue_Car_ws/install/composition_interfaces:/root/ros_ws/src/Rescue_Car_ws/install/rcl_interfaces:/root/ros_ws/src/Rescue_Car_ws/install/microxrcedds_client:/root/ros_ws/src/Rescue_Car_ws/install/microcdr:/root/ros_ws/src/Rescue_Car_ws/install/micro_ros_utilities:/root/ros_ws/src/Rescue_Car_ws/install/micro_ros_setup:/root/ros_ws/src/Rescue_Car_ws/install/micro_ros_agent:/root/ros_ws/src/Rescue_Car_ws/install/micro_ros_msgs:/root/ros_ws/src/Rescue_Car_ws/install/lifecycle_msgs:/root/ros_ws/src/Rescue_Car_ws/install/complex_msgs:/root/ros_ws/src/Rescue_Car_ws/install/car:/root/ros_ws/src/Rescue_Car_ws/install/sensor_msgs_py:/opt/ros/humble LD_LIBRARY_PATH=/root/ros_ws/src/Rescue_Car_ws/install/sensor_msgs/lib:/root/ros_ws/src/Rescue_Car_ws/install/geometry_msgs/lib:/root/ros_ws/src/Rescue_Car_ws/install/std_msgs/lib:/root/ros_ws/src/Rescue_Car_ws/install/builtin_interfaces/lib:/root/ros_ws/src/Rescue_Car_ws/install/visualization_msgs/lib:/root/ros_ws/src/Rescue_Car_ws/install/test_msgs/lib:/root/ros_ws/src/Rescue_Car_ws/install/example_interfaces/lib:/root/ros_ws/src/Rescue_Car_ws/install/action_msgs/lib:/root/ros_ws/src/Rescue_Car_ws/install/unique_identifier_msgs/lib:/root/ros_ws/src/Rescue_Car_ws/install/trajectory_msgs/lib:/root/ros_ws/src/Rescue_Car_ws/install/stereo_msgs/lib:/root/ros_ws/src/Rescue_Car_ws/install/std_srvs/lib:/root/ros_ws/src/Rescue_Car_ws/install/shape_msgs/lib:/root/ros_ws/src/Rescue_Car_ws/install/nav_msgs/lib:/root/ros_ws/src/Rescue_Car_ws/install/diagnostic_msgs/lib:/root/ros_ws/src/Rescue_Car_ws/install/actionlib_msgs/lib:/root/ros_ws/src/Rescue_Car_ws/install/statistics_msgs/lib:/root/ros_ws/src/Rescue_Car_ws/install/rosidl_typesupport_microxrcedds_test_msg/lib:/root/ros_ws/src/Rescue_Car_ws/install/rmw_microxrcedds/lib:/root/ros_ws/src/Rescue_Car_ws/install/rosidl_typesupport_microxrcedds_cpp/lib:/root/ros_ws/src/Rescue_Car_ws/install/rosidl_typesupport_microxrcedds_c/lib:/root/ros_ws/src/Rescue_Car_ws/install/rosgraph_msgs/lib:/root/ros_ws/src/Rescue_Car_ws/install/rclc_parameter/lib:/root/ros_ws/src/Rescue_Car_ws/install/rclc/lib:/root/ros_ws/src/Rescue_Car_ws/install/composition_interfaces/lib:/root/ros_ws/src/Rescue_Car_ws/install/rcl_interfaces/lib:/root/ros_ws/src/Rescue_Car_ws/install/micro_ros_utilities/lib:/root/ros_ws/src/Rescue_Car_ws/install/micro_ros_agent/lib:/root/ros_ws/src/Rescue_Car_ws/install/micro_ros_msgs/lib:/root/ros_ws/src/Rescue_Car_ws/install/lifecycle_msgs/lib:/root/ros_ws/src/Rescue_Car_ws/install/complex_msgs/lib:/usr/lib/x86_64-linux-gnu/gazebo-11/plugins:/opt/ros/humble/opt/rviz_ogre_vendor/lib:/opt/ros/humble/lib/x86_64-linux-gnu:/opt/ros/humble/lib /usr/bin/cmake --install /root/ros_ws/src/Rescue_Car_ws/build/visualization_msgs
[0.658s] -- Install configuration: ""
[0.658s] -- Up-to-date: /root/ros_ws/src/Rescue_Car_ws/install/visualization_msgs/share/ament_index/resource_index/rosidl_interfaces/visualization_msgs
[0.659s] -- Up-to-date: /root/ros_ws/src/Rescue_Car_ws/install/visualization_msgs/include/visualization_msgs/visualization_msgs
[0.659s] -- Up-to-date: /root/ros_ws/src/Rescue_Car_ws/install/visualization_msgs/include/visualization_msgs/visualization_msgs/srv
[0.659s] -- Up-to-date: /root/ros_ws/src/Rescue_Car_ws/install/visualization_msgs/include/visualization_msgs/visualization_msgs/srv/get_interactive_markers.h
[0.659s] -- Up-to-date: /root/ros_ws/src/Rescue_Car_ws/install/visualization_msgs/include/visualization_msgs/visualization_msgs/srv/detail
[0.660s] -- Up-to-date: /root/ros_ws/src/Rescue_Car_ws/install/visualization_msgs/include/visualization_msgs/visualization_msgs/srv/detail/get_interactive_markers__functions.h
[0.660s] -- Up-to-date: /root/ros_ws/src/Rescue_Car_ws/install/visualization_msgs/include/visualization_msgs/visualization_msgs/srv/detail/get_interactive_markers__struct.h
[0.660s] -- Up-to-date: /root/ros_ws/src/Rescue_Car_ws/install/visualization_msgs/include/visualization_msgs/visualization_msgs/srv/detail/get_interactive_markers__type_support.h
[0.661s] -- Up-to-date: /root/ros_ws/src/Rescue_Car_ws/install/visualization_msgs/include/visualization_msgs/visualization_msgs/srv/detail/get_interactive_markers__functions.c
[0.661s] -- Up-to-date: /root/ros_ws/src/Rescue_Car_ws/install/visualization_msgs/include/visualization_msgs/visualization_msgs/msg
[0.664s] -- Up-to-date: /root/ros_ws/src/Rescue_Car_ws/install/visualization_msgs/include/visualization_msgs/visualization_msgs/msg/interactive_marker_feedback.h
[0.664s] -- Up-to-date: /root/ros_ws/src/Rescue_Car_ws/install/visualization_msgs/include/visualization_msgs/visualization_msgs/msg/interactive_marker_pose.h
[0.664s] -- Up-to-date: /root/ros_ws/src/Rescue_Car_ws/install/visualization_msgs/include/visualization_msgs/visualization_msgs/msg/uv_coordinate.h
[0.664s] -- Up-to-date: /root/ros_ws/src/Rescue_Car_ws/install/visualization_msgs/include/visualization_msgs/visualization_msgs/msg/mesh_file.h
[0.664s] -- Up-to-date: /root/ros_ws/src/Rescue_Car_ws/install/visualization_msgs/include/visualization_msgs/visualization_msgs/msg/interactive_marker.h
[0.664s] -- Up-to-date: /root/ros_ws/src/Rescue_Car_ws/install/visualization_msgs/include/visualization_msgs/visualization_msgs/msg/image_marker.h
[0.664s] -- Up-to-date: /root/ros_ws/src/Rescue_Car_ws/install/visualization_msgs/include/visualization_msgs/visualization_msgs/msg/interactive_marker_init.h
[0.665s] -- Up-to-date: /root/ros_ws/src/Rescue_Car_ws/install/visualization_msgs/include/visualization_msgs/visualization_msgs/msg/detail
[0.665s] -- Up-to-date: /root/ros_ws/src/Rescue_Car_ws/install/visualization_msgs/include/visualization_msgs/visualization_msgs/msg/detail/interactive_marker_pose__struct.h
[0.665s] -- Up-to-date: /root/ros_ws/src/Rescue_Car_ws/install/visualization_msgs/include/visualization_msgs/visualization_msgs/msg/detail/uv_coordinate__struct.h
[0.665s] -- Up-to-date: /root/ros_ws/src/Rescue_Car_ws/install/visualization_msgs/include/visualization_msgs/visualization_msgs/msg/detail/interactive_marker_init__struct.h
[0.665s] -- Up-to-date: /root/ros_ws/src/Rescue_Car_ws/install/visualization_msgs/include/visualization_msgs/visualization_msgs/msg/detail/interactive_marker__type_support.h
[0.665s] -- Up-to-date: /root/ros_ws/src/Rescue_Car_ws/install/visualization_msgs/include/visualization_msgs/visualization_msgs/msg/detail/marker_array__struct.h
[0.665s] -- Up-to-date: /root/ros_ws/src/Rescue_Car_ws/install/visualization_msgs/include/visualization_msgs/visualization_msgs/msg/detail/interactive_marker_feedback__functions.c
[0.665s] -- Up-to-date: /root/ros_ws/src/Rescue_Car_ws/install/visualization_msgs/include/visualization_msgs/visualization_msgs/msg/detail/interactive_marker__functions.h
[0.665s] -- Up-to-date: /root/ros_ws/src/Rescue_Car_ws/install/visualization_msgs/include/visualization_msgs/visualization_msgs/msg/detail/interactive_marker_control__type_support.h
[0.665s] -- Up-to-date: /root/ros_ws/src/Rescue_Car_ws/install/visualization_msgs/include/visualization_msgs/visualization_msgs/msg/detail/interactive_marker_update__struct.h
[0.665s] -- Up-to-date: /root/ros_ws/src/Rescue_Car_ws/install/visualization_msgs/include/visualization_msgs/visualization_msgs/msg/detail/mesh_file__functions.h
[0.665s] -- Up-to-date: /root/ros_ws/src/Rescue_Car_ws/install/visualization_msgs/include/visualization_msgs/visualization_msgs/msg/detail/image_marker__struct.h
[0.665s] -- Up-to-date: /root/ros_ws/src/Rescue_Car_ws/install/visualization_msgs/include/visualization_msgs/visualization_msgs/msg/detail/marker__functions.h
[0.665s] -- Up-to-date: /root/ros_ws/src/Rescue_Car_ws/install/visualization_msgs/include/visualization_msgs/visualization_msgs/msg/detail/interactive_marker_feedback__type_support.h
[0.666s] -- Up-to-date: /root/ros_ws/src/Rescue_Car_ws/install/visualization_msgs/include/visualization_msgs/visualization_msgs/msg/detail/menu_entry__struct.h
[0.666s] -- Up-to-date: /root/ros_ws/src/Rescue_Car_ws/install/visualization_msgs/include/visualization_msgs/visualization_msgs/msg/detail/interactive_marker_control__functions.c
[0.666s] -- Up-to-date: /root/ros_ws/src/Rescue_Car_ws/install/visualization_msgs/include/visualization_msgs/visualization_msgs/msg/detail/mesh_file__functions.c
[0.666s] -- Up-to-date: /root/ros_ws/src/Rescue_Car_ws/install/visualization_msgs/include/visualization_msgs/visualization_msgs/msg/detail/interactive_marker_control__struct.h
[0.666s] -- Up-to-date: /root/ros_ws/src/Rescue_Car_ws/install/visualization_msgs/include/visualization_msgs/visualization_msgs/msg/detail/interactive_marker_feedback__struct.h
[0.666s] -- Up-to-date: /root/ros_ws/src/Rescue_Car_ws/install/visualization_msgs/include/visualization_msgs/visualization_msgs/msg/detail/interactive_marker_control__functions.h
[0.666s] -- Up-to-date: /root/ros_ws/src/Rescue_Car_ws/install/visualization_msgs/include/visualization_msgs/visualization_msgs/msg/detail/mesh_file__struct.h
[0.666s] -- Up-to-date: /root/ros_ws/src/Rescue_Car_ws/install/visualization_msgs/include/visualization_msgs/visualization_msgs/msg/detail/interactive_marker_update__functions.c
[0.666s] -- Up-to-date: /root/ros_ws/src/Rescue_Car_ws/install/visualization_msgs/include/visualization_msgs/visualization_msgs/msg/detail/interactive_marker_update__functions.h
[0.666s] -- Up-to-date: /root/ros_ws/src/Rescue_Car_ws/install/visualization_msgs/include/visualization_msgs/visualization_msgs/msg/detail/interactive_marker__functions.c
[0.666s] -- Up-to-date: /root/ros_ws/src/Rescue_Car_ws/install/visualization_msgs/include/visualization_msgs/visualization_msgs/msg/detail/menu_entry__type_support.h
[0.666s] -- Up-to-date: /root/ros_ws/src/Rescue_Car_ws/install/visualization_msgs/include/visualization_msgs/visualization_msgs/msg/detail/marker__functions.c
[0.666s] -- Up-to-date: /root/ros_ws/src/Rescue_Car_ws/install/visualization_msgs/include/visualization_msgs/visualization_msgs/msg/detail/marker_array__type_support.h
[0.666s] -- Up-to-date: /root/ros_ws/src/Rescue_Car_ws/install/visualization_msgs/include/visualization_msgs/visualization_msgs/msg/detail/image_marker__functions.c
[0.667s] -- Up-to-date: /root/ros_ws/src/Rescue_Car_ws/install/visualization_msgs/include/visualization_msgs/visualization_msgs/msg/detail/uv_coordinate__type_support.h
[0.667s] -- Up-to-date: /root/ros_ws/src/Rescue_Car_ws/install/visualization_msgs/include/visualization_msgs/visualization_msgs/msg/detail/interactive_marker_update__type_support.h
[0.667s] -- Up-to-date: /root/ros_ws/src/Rescue_Car_ws/install/visualization_msgs/include/visualization_msgs/visualization_msgs/msg/detail/uv_coordinate__functions.c
[0.667s] -- Up-to-date: /root/ros_ws/src/Rescue_Car_ws/install/visualization_msgs/include/visualization_msgs/visualization_msgs/msg/detail/interactive_marker_pose__functions.c
[0.668s] -- Up-to-date: /root/ros_ws/src/Rescue_Car_ws/install/visualization_msgs/include/visualization_msgs/visualization_msgs/msg/detail/marker__type_support.h
[0.668s] -- Up-to-date: /root/ros_ws/src/Rescue_Car_ws/install/visualization_msgs/include/visualization_msgs/visualization_msgs/msg/detail/image_marker__functions.h
[0.668s] -- Up-to-date: /root/ros_ws/src/Rescue_Car_ws/install/visualization_msgs/include/visualization_msgs/visualization_msgs/msg/detail/interactive_marker_init__functions.h
[0.668s] -- Up-to-date: /root/ros_ws/src/Rescue_Car_ws/install/visualization_msgs/include/visualization_msgs/visualization_msgs/msg/detail/menu_entry__functions.c
[0.668s] -- Up-to-date: /root/ros_ws/src/Rescue_Car_ws/install/visualization_msgs/include/visualization_msgs/visualization_msgs/msg/detail/marker_array__functions.c
[0.668s] -- Up-to-date: /root/ros_ws/src/Rescue_Car_ws/install/visualization_msgs/include/visualization_msgs/visualization_msgs/msg/detail/menu_entry__functions.h
[0.668s] -- Up-to-date: /root/ros_ws/src/Rescue_Car_ws/install/visualization_msgs/include/visualization_msgs/visualization_msgs/msg/detail/interactive_marker_feedback__functions.h
[0.668s] -- Up-to-date: /root/ros_ws/src/Rescue_Car_ws/install/visualization_msgs/include/visualization_msgs/visualization_msgs/msg/detail/marker__struct.h
[0.668s] -- Up-to-date: /root/ros_ws/src/Rescue_Car_ws/install/visualization_msgs/include/visualization_msgs/visualization_msgs/msg/detail/interactive_marker_init__functions.c
[0.669s] -- Up-to-date: /root/ros_ws/src/Rescue_Car_ws/install/visualization_msgs/include/visualization_msgs/visualization_msgs/msg/detail/interactive_marker_pose__functions.h
[0.669s] -- Up-to-date: /root/ros_ws/src/Rescue_Car_ws/install/visualization_msgs/include/visualization_msgs/visualization_msgs/msg/detail/marker_array__functions.h
[0.669s] -- Up-to-date: /root/ros_ws/src/Rescue_Car_ws/install/visualization_msgs/include/visualization_msgs/visualization_msgs/msg/detail/image_marker__type_support.h
[0.669s] -- Up-to-date: /root/ros_ws/src/Rescue_Car_ws/install/visualization_msgs/include/visualization_msgs/visualization_msgs/msg/detail/uv_coordinate__functions.h
[0.669s] -- Up-to-date: /root/ros_ws/src/Rescue_Car_ws/install/visualization_msgs/include/visualization_msgs/visualization_msgs/msg/detail/interactive_marker_init__type_support.h
[0.669s] -- Up-to-date: /root/ros_ws/src/Rescue_Car_ws/install/visualization_msgs/include/visualization_msgs/visualization_msgs/msg/detail/mesh_file__type_support.h
[0.669s] -- Up-to-date: /root/ros_ws/src/Rescue_Car_ws/install/visualization_msgs/include/visualization_msgs/visualization_msgs/msg/detail/interactive_marker_pose__type_support.h
[0.669s] -- Up-to-date: /root/ros_ws/src/Rescue_Car_ws/install/visualization_msgs/include/visualization_msgs/visualization_msgs/msg/detail/interactive_marker__struct.h
[0.669s] -- Up-to-date: /root/ros_ws/src/Rescue_Car_ws/install/visualization_msgs/include/visualization_msgs/visualization_msgs/msg/marker.h
[0.669s] -- Up-to-date: /root/ros_ws/src/Rescue_Car_ws/install/visualization_msgs/include/visualization_msgs/visualization_msgs/msg/marker_array.h
[0.669s] -- Up-to-date: /root/ros_ws/src/Rescue_Car_ws/install/visualization_msgs/include/visualization_msgs/visualization_msgs/msg/rosidl_generator_c__visibility_control.h
[0.669s] -- Up-to-date: /root/ros_ws/src/Rescue_Car_ws/install/visualization_msgs/include/visualization_msgs/visualization_msgs/msg/interactive_marker_control.h
[0.669s] -- Up-to-date: /root/ros_ws/src/Rescue_Car_ws/install/visualization_msgs/include/visualization_msgs/visualization_msgs/msg/menu_entry.h
[0.669s] -- Up-to-date: /root/ros_ws/src/Rescue_Car_ws/install/visualization_msgs/include/visualization_msgs/visualization_msgs/msg/interactive_marker_update.h
[0.669s] -- Up-to-date: /root/ros_ws/src/Rescue_Car_ws/install/visualization_msgs/share/visualization_msgs/environment/library_path.sh
[0.669s] -- Up-to-date: /root/ros_ws/src/Rescue_Car_ws/install/visualization_msgs/share/visualization_msgs/environment/library_path.dsv
[0.669s] -- Up-to-date: /root/ros_ws/src/Rescue_Car_ws/install/visualization_msgs/lib/libvisualization_msgs__rosidl_generator_c.so
[0.670s] -- Up-to-date: /root/ros_ws/src/Rescue_Car_ws/install/visualization_msgs/include/visualization_msgs/visualization_msgs
[0.670s] -- Up-to-date: /root/ros_ws/src/Rescue_Car_ws/install/visualization_msgs/include/visualization_msgs/visualization_msgs/srv
[0.670s] -- Up-to-date: /root/ros_ws/src/Rescue_Car_ws/install/visualization_msgs/include/visualization_msgs/visualization_msgs/srv/detail
[0.670s] -- Up-to-date: /root/ros_ws/src/Rescue_Car_ws/install/visualization_msgs/include/visualization_msgs/visualization_msgs/srv/detail/get_interactive_markers__rosidl_typesupport_fastrtps_c.h
[0.670s] -- Up-to-date: /root/ros_ws/src/Rescue_Car_ws/install/visualization_msgs/include/visualization_msgs/visualization_msgs/msg
[0.670s] -- Up-to-date: /root/ros_ws/src/Rescue_Car_ws/install/visualization_msgs/include/visualization_msgs/visualization_msgs/msg/detail
[0.670s] -- Up-to-date: /root/ros_ws/src/Rescue_Car_ws/install/visualization_msgs/include/visualization_msgs/visualization_msgs/msg/detail/image_marker__rosidl_typesupport_fastrtps_c.h
[0.670s] -- Up-to-date: /root/ros_ws/src/Rescue_Car_ws/install/visualization_msgs/include/visualization_msgs/visualization_msgs/msg/detail/interactive_marker_update__rosidl_typesupport_fastrtps_c.h
[0.670s] -- Up-to-date: /root/ros_ws/src/Rescue_Car_ws/install/visualization_msgs/include/visualization_msgs/visualization_msgs/msg/detail/marker_array__rosidl_typesupport_fastrtps_c.h
[0.670s] -- Up-to-date: /root/ros_ws/src/Rescue_Car_ws/install/visualization_msgs/include/visualization_msgs/visualization_msgs/msg/detail/interactive_marker__rosidl_typesupport_fastrtps_c.h
[0.670s] -- Up-to-date: /root/ros_ws/src/Rescue_Car_ws/install/visualization_msgs/include/visualization_msgs/visualization_msgs/msg/detail/menu_entry__rosidl_typesupport_fastrtps_c.h
[0.670s] -- Up-to-date: /root/ros_ws/src/Rescue_Car_ws/install/visualization_msgs/include/visualization_msgs/visualization_msgs/msg/detail/mesh_file__rosidl_typesupport_fastrtps_c.h
[0.670s] -- Up-to-date: /root/ros_ws/src/Rescue_Car_ws/install/visualization_msgs/include/visualization_msgs/visualization_msgs/msg/detail/uv_coordinate__rosidl_typesupport_fastrtps_c.h
[0.670s] -- Up-to-date: /root/ros_ws/src/Rescue_Car_ws/install/visualization_msgs/include/visualization_msgs/visualization_msgs/msg/detail/interactive_marker_pose__rosidl_typesupport_fastrtps_c.h
[0.670s] -- Up-to-date: /root/ros_ws/src/Rescue_Car_ws/install/visualization_msgs/include/visualization_msgs/visualization_msgs/msg/detail/interactive_marker_feedback__rosidl_typesupport_fastrtps_c.h
[0.670s] -- Up-to-date: /root/ros_ws/src/Rescue_Car_ws/install/visualization_msgs/include/visualization_msgs/visualization_msgs/msg/detail/interactive_marker_init__rosidl_typesupport_fastrtps_c.h
[0.670s] -- Up-to-date: /root/ros_ws/src/Rescue_Car_ws/install/visualization_msgs/include/visualization_msgs/visualization_msgs/msg/detail/marker__rosidl_typesupport_fastrtps_c.h
[0.670s] -- Up-to-date: /root/ros_ws/src/Rescue_Car_ws/install/visualization_msgs/include/visualization_msgs/visualization_msgs/msg/detail/interactive_marker_control__rosidl_typesupport_fastrtps_c.h
[0.670s] -- Up-to-date: /root/ros_ws/src/Rescue_Car_ws/install/visualization_msgs/include/visualization_msgs/visualization_msgs/msg/rosidl_typesupport_fastrtps_c__visibility_control.h
[0.670s] -- Up-to-date: /root/ros_ws/src/Rescue_Car_ws/install/visualization_msgs/lib/libvisualization_msgs__rosidl_typesupport_fastrtps_c.so
[0.671s] -- Up-to-date: /root/ros_ws/src/Rescue_Car_ws/install/visualization_msgs/include/visualization_msgs/visualization_msgs
[0.671s] -- Up-to-date: /root/ros_ws/src/Rescue_Car_ws/install/visualization_msgs/include/visualization_msgs/visualization_msgs/srv
[0.671s] -- Up-to-date: /root/ros_ws/src/Rescue_Car_ws/install/visualization_msgs/include/visualization_msgs/visualization_msgs/srv/get_interactive_markers.hpp
[0.671s] -- Up-to-date: /root/ros_ws/src/Rescue_Car_ws/install/visualization_msgs/include/visualization_msgs/visualization_msgs/srv/detail
[0.671s] -- Up-to-date: /root/ros_ws/src/Rescue_Car_ws/install/visualization_msgs/include/visualization_msgs/visualization_msgs/srv/detail/get_interactive_markers__traits.hpp
[0.671s] -- Up-to-date: /root/ros_ws/src/Rescue_Car_ws/install/visualization_msgs/include/visualization_msgs/visualization_msgs/srv/detail/get_interactive_markers__type_support.hpp
[0.671s] -- Up-to-date: /root/ros_ws/src/Rescue_Car_ws/install/visualization_msgs/include/visualization_msgs/visualization_msgs/srv/detail/get_interactive_markers__struct.hpp
[0.671s] -- Up-to-date: /root/ros_ws/src/Rescue_Car_ws/install/visualization_msgs/include/visualization_msgs/visualization_msgs/srv/detail/get_interactive_markers__builder.hpp
[0.671s] -- Up-to-date: /root/ros_ws/src/Rescue_Car_ws/install/visualization_msgs/include/visualization_msgs/visualization_msgs/msg
[0.671s] -- Up-to-date: /root/ros_ws/src/Rescue_Car_ws/install/visualization_msgs/include/visualization_msgs/visualization_msgs/msg/marker.hpp
[0.671s] -- Up-to-date: /root/ros_ws/src/Rescue_Car_ws/install/visualization_msgs/include/visualization_msgs/visualization_msgs/msg/rosidl_generator_cpp__visibility_control.hpp
[0.671s] -- Up-to-date: /root/ros_ws/src/Rescue_Car_ws/install/visualization_msgs/include/visualization_msgs/visualization_msgs/msg/marker_array.hpp
[0.671s] -- Up-to-date: /root/ros_ws/src/Rescue_Car_ws/install/visualization_msgs/include/visualization_msgs/visualization_msgs/msg/menu_entry.hpp
[0.671s] -- Up-to-date: /root/ros_ws/src/Rescue_Car_ws/install/visualization_msgs/include/visualization_msgs/visualization_msgs/msg/interactive_marker_pose.hpp
[0.672s] -- Up-to-date: /root/ros_ws/src/Rescue_Car_ws/install/visualization_msgs/include/visualization_msgs/visualization_msgs/msg/detail
[0.672s] -- Up-to-date: /root/ros_ws/src/Rescue_Car_ws/install/visualization_msgs/include/visualization_msgs/visualization_msgs/msg/detail/marker__traits.hpp
[0.672s] -- Up-to-date: /root/ros_ws/src/Rescue_Car_ws/install/visualization_msgs/include/visualization_msgs/visualization_msgs/msg/detail/marker_array__builder.hpp
[0.672s] -- Up-to-date: /root/ros_ws/src/Rescue_Car_ws/install/visualization_msgs/include/visualization_msgs/visualization_msgs/msg/detail/marker__type_support.hpp
[0.672s] -- Up-to-date: /root/ros_ws/src/Rescue_Car_ws/install/visualization_msgs/include/visualization_msgs/visualization_msgs/msg/detail/interactive_marker_control__traits.hpp
[0.672s] -- Up-to-date: /root/ros_ws/src/Rescue_Car_ws/install/visualization_msgs/include/visualization_msgs/visualization_msgs/msg/detail/interactive_marker_update__builder.hpp
[0.672s] -- Up-to-date: /root/ros_ws/src/Rescue_Car_ws/install/visualization_msgs/include/visualization_msgs/visualization_msgs/msg/detail/uv_coordinate__struct.hpp
[0.672s] -- Up-to-date: /root/ros_ws/src/Rescue_Car_ws/install/visualization_msgs/include/visualization_msgs/visualization_msgs/msg/detail/interactive_marker__builder.hpp
[0.672s] -- Up-to-date: /root/ros_ws/src/Rescue_Car_ws/install/visualization_msgs/include/visualization_msgs/visualization_msgs/msg/detail/mesh_file__type_support.hpp
[0.672s] -- Up-to-date: /root/ros_ws/src/Rescue_Car_ws/install/visualization_msgs/include/visualization_msgs/visualization_msgs/msg/detail/menu_entry__type_support.hpp
[0.672s] -- Up-to-date: /root/ros_ws/src/Rescue_Car_ws/install/visualization_msgs/include/visualization_msgs/visualization_msgs/msg/detail/interactive_marker_control__builder.hpp
[0.672s] -- Up-to-date: /root/ros_ws/src/Rescue_Car_ws/install/visualization_msgs/include/visualization_msgs/visualization_msgs/msg/detail/interactive_marker_pose__traits.hpp
[0.672s] -- Up-to-date: /root/ros_ws/src/Rescue_Car_ws/install/visualization_msgs/include/visualization_msgs/visualization_msgs/msg/detail/interactive_marker_control__struct.hpp
[0.672s] -- Up-to-date: /root/ros_ws/src/Rescue_Car_ws/install/visualization_msgs/include/visualization_msgs/visualization_msgs/msg/detail/interactive_marker__type_support.hpp
[0.672s] -- Up-to-date: /root/ros_ws/src/Rescue_Car_ws/install/visualization_msgs/include/visualization_msgs/visualization_msgs/msg/detail/interactive_marker_pose__type_support.hpp
[0.672s] -- Up-to-date: /root/ros_ws/src/Rescue_Car_ws/install/visualization_msgs/include/visualization_msgs/visualization_msgs/msg/detail/interactive_marker__traits.hpp
[0.672s] -- Up-to-date: /root/ros_ws/src/Rescue_Car_ws/install/visualization_msgs/include/visualization_msgs/visualization_msgs/msg/detail/mesh_file__builder.hpp
[0.672s] -- Up-to-date: /root/ros_ws/src/Rescue_Car_ws/install/visualization_msgs/include/visualization_msgs/visualization_msgs/msg/detail/menu_entry__builder.hpp
[0.672s] -- Up-to-date: /root/ros_ws/src/Rescue_Car_ws/install/visualization_msgs/include/visualization_msgs/visualization_msgs/msg/detail/interactive_marker_init__type_support.hpp
[0.672s] -- Up-to-date: /root/ros_ws/src/Rescue_Car_ws/install/visualization_msgs/include/visualization_msgs/visualization_msgs/msg/detail/interactive_marker_update__traits.hpp
[0.672s] -- Up-to-date: /root/ros_ws/src/Rescue_Car_ws/install/visualization_msgs/include/visualization_msgs/visualization_msgs/msg/detail/marker__builder.hpp
[0.672s] -- Up-to-date: /root/ros_ws/src/Rescue_Car_ws/install/visualization_msgs/include/visualization_msgs/visualization_msgs/msg/detail/interactive_marker_pose__struct.hpp
[0.672s] -- Up-to-date: /root/ros_ws/src/Rescue_Car_ws/install/visualization_msgs/include/visualization_msgs/visualization_msgs/msg/detail/marker_array__struct.hpp
[0.672s] -- Up-to-date: /root/ros_ws/src/Rescue_Car_ws/install/visualization_msgs/include/visualization_msgs/visualization_msgs/msg/detail/interactive_marker_control__type_support.hpp
[0.673s] -- Up-to-date: /root/ros_ws/src/Rescue_Car_ws/install/visualization_msgs/include/visualization_msgs/visualization_msgs/msg/detail/interactive_marker_feedback__builder.hpp
[0.673s] -- Up-to-date: /root/ros_ws/src/Rescue_Car_ws/install/visualization_msgs/include/visualization_msgs/visualization_msgs/msg/detail/interactive_marker_init__traits.hpp
[0.673s] -- Up-to-date: /root/ros_ws/src/Rescue_Car_ws/install/visualization_msgs/include/visualization_msgs/visualization_msgs/msg/detail/image_marker__type_support.hpp
[0.673s] -- Up-to-date: /root/ros_ws/src/Rescue_Car_ws/install/visualization_msgs/include/visualization_msgs/visualization_msgs/msg/detail/interactive_marker_feedback__struct.hpp
[0.673s] -- Up-to-date: /root/ros_ws/src/Rescue_Car_ws/install/visualization_msgs/include/visualization_msgs/visualization_msgs/msg/detail/interactive_marker_feedback__type_support.hpp
[0.673s] -- Up-to-date: /root/ros_ws/src/Rescue_Car_ws/install/visualization_msgs/include/visualization_msgs/visualization_msgs/msg/detail/menu_entry__traits.hpp
[0.673s] -- Up-to-date: /root/ros_ws/src/Rescue_Car_ws/install/visualization_msgs/include/visualization_msgs/visualization_msgs/msg/detail/image_marker__struct.hpp
[0.673s] -- Up-to-date: /root/ros_ws/src/Rescue_Car_ws/install/visualization_msgs/include/visualization_msgs/visualization_msgs/msg/detail/interactive_marker_pose__builder.hpp
[0.673s] -- Up-to-date: /root/ros_ws/src/Rescue_Car_ws/install/visualization_msgs/include/visualization_msgs/visualization_msgs/msg/detail/marker_array__type_support.hpp
[0.673s] -- Up-to-date: /root/ros_ws/src/Rescue_Car_ws/install/visualization_msgs/include/visualization_msgs/visualization_msgs/msg/detail/image_marker__builder.hpp
[0.673s] -- Up-to-date: /root/ros_ws/src/Rescue_Car_ws/install/visualization_msgs/include/visualization_msgs/visualization_msgs/msg/detail/uv_coordinate__builder.hpp
[0.673s] -- Up-to-date: /root/ros_ws/src/Rescue_Car_ws/install/visualization_msgs/include/visualization_msgs/visualization_msgs/msg/detail/marker_array__traits.hpp
[0.673s] -- Up-to-date: /root/ros_ws/src/Rescue_Car_ws/install/visualization_msgs/include/visualization_msgs/visualization_msgs/msg/detail/menu_entry__struct.hpp
[0.673s] -- Up-to-date: /root/ros_ws/src/Rescue_Car_ws/install/visualization_msgs/include/visualization_msgs/visualization_msgs/msg/detail/interactive_marker_feedback__traits.hpp
[0.673s] -- Up-to-date: /root/ros_ws/src/Rescue_Car_ws/install/visualization_msgs/include/visualization_msgs/visualization_msgs/msg/detail/uv_coordinate__type_support.hpp
[0.673s] -- Up-to-date: /root/ros_ws/src/Rescue_Car_ws/install/visualization_msgs/include/visualization_msgs/visualization_msgs/msg/detail/interactive_marker_update__type_support.hpp
[0.673s] -- Up-to-date: /root/ros_ws/src/Rescue_Car_ws/install/visualization_msgs/include/visualization_msgs/visualization_msgs/msg/detail/uv_coordinate__traits.hpp
[0.673s] -- Up-to-date: /root/ros_ws/src/Rescue_Car_ws/install/visualization_msgs/include/visualization_msgs/visualization_msgs/msg/detail/interactive_marker_update__struct.hpp
[0.673s] -- Up-to-date: /root/ros_ws/src/Rescue_Car_ws/install/visualization_msgs/include/visualization_msgs/visualization_msgs/msg/detail/interactive_marker__struct.hpp
[0.673s] -- Up-to-date: /root/ros_ws/src/Rescue_Car_ws/install/visualization_msgs/include/visualization_msgs/visualization_msgs/msg/detail/interactive_marker_init__builder.hpp
[0.673s] -- Up-to-date: /root/ros_ws/src/Rescue_Car_ws/install/visualization_msgs/include/visualization_msgs/visualization_msgs/msg/detail/interactive_marker_init__struct.hpp
[0.674s] -- Up-to-date: /root/ros_ws/src/Rescue_Car_ws/install/visualization_msgs/include/visualization_msgs/visualization_msgs/msg/detail/marker__struct.hpp
[0.674s] -- Up-to-date: /root/ros_ws/src/Rescue_Car_ws/install/visualization_msgs/include/visualization_msgs/visualization_msgs/msg/detail/image_marker__traits.hpp
[0.674s] -- Up-to-date: /root/ros_ws/src/Rescue_Car_ws/install/visualization_msgs/include/visualization_msgs/visualization_msgs/msg/detail/mesh_file__struct.hpp
[0.674s] -- Up-to-date: /root/ros_ws/src/Rescue_Car_ws/install/visualization_msgs/include/visualization_msgs/visualization_msgs/msg/detail/mesh_file__traits.hpp
[0.674s] -- Up-to-date: /root/ros_ws/src/Rescue_Car_ws/install/visualization_msgs/include/visualization_msgs/visualization_msgs/msg/interactive_marker_control.hpp
[0.674s] -- Up-to-date: /root/ros_ws/src/Rescue_Car_ws/install/visualization_msgs/include/visualization_msgs/visualization_msgs/msg/mesh_file.hpp
[0.674s] -- Up-to-date: /root/ros_ws/src/Rescue_Car_ws/install/visualization_msgs/include/visualization_msgs/visualization_msgs/msg/interactive_marker_feedback.hpp
[0.674s] -- Up-to-date: /root/ros_ws/src/Rescue_Car_ws/install/visualization_msgs/include/visualization_msgs/visualization_msgs/msg/interactive_marker_update.hpp
[0.674s] -- Up-to-date: /root/ros_ws/src/Rescue_Car_ws/install/visualization_msgs/include/visualization_msgs/visualization_msgs/msg/interactive_marker_init.hpp
[0.674s] -- Up-to-date: /root/ros_ws/src/Rescue_Car_ws/install/visualization_msgs/include/visualization_msgs/visualization_msgs/msg/uv_coordinate.hpp
[0.674s] -- Up-to-date: /root/ros_ws/src/Rescue_Car_ws/install/visualization_msgs/include/visualization_msgs/visualization_msgs/msg/interactive_marker.hpp
[0.674s] -- Up-to-date: /root/ros_ws/src/Rescue_Car_ws/install/visualization_msgs/include/visualization_msgs/visualization_msgs/msg/image_marker.hpp
[0.674s] -- Up-to-date: /root/ros_ws/src/Rescue_Car_ws/install/visualization_msgs/include/visualization_msgs/visualization_msgs
[0.674s] -- Up-to-date: /root/ros_ws/src/Rescue_Car_ws/install/visualization_msgs/include/visualization_msgs/visualization_msgs/srv
[0.674s] -- Up-to-date: /root/ros_ws/src/Rescue_Car_ws/install/visualization_msgs/include/visualization_msgs/visualization_msgs/srv/detail
[0.674s] -- Up-to-date: /root/ros_ws/src/Rescue_Car_ws/install/visualization_msgs/include/visualization_msgs/visualization_msgs/srv/detail/dds_fastrtps
[0.674s] -- Up-to-date: /root/ros_ws/src/Rescue_Car_ws/install/visualization_msgs/include/visualization_msgs/visualization_msgs/srv/detail/get_interactive_markers__rosidl_typesupport_fastrtps_cpp.hpp
[0.674s] -- Up-to-date: /root/ros_ws/src/Rescue_Car_ws/install/visualization_msgs/include/visualization_msgs/visualization_msgs/msg
[0.674s] -- Up-to-date: /root/ros_ws/src/Rescue_Car_ws/install/visualization_msgs/include/visualization_msgs/visualization_msgs/msg/rosidl_typesupport_fastrtps_cpp__visibility_control.h
[0.674s] -- Up-to-date: /root/ros_ws/src/Rescue_Car_ws/install/visualization_msgs/include/visualization_msgs/visualization_msgs/msg/detail
[0.674s] -- Up-to-date: /root/ros_ws/src/Rescue_Car_ws/install/visualization_msgs/include/visualization_msgs/visualization_msgs/msg/detail/marker__rosidl_typesupport_fastrtps_cpp.hpp
[0.674s] -- Up-to-date: /root/ros_ws/src/Rescue_Car_ws/install/visualization_msgs/include/visualization_msgs/visualization_msgs/msg/detail/marker_array__rosidl_typesupport_fastrtps_cpp.hpp
[0.674s] -- Up-to-date: /root/ros_ws/src/Rescue_Car_ws/install/visualization_msgs/include/visualization_msgs/visualization_msgs/msg/detail/interactive_marker_control__rosidl_typesupport_fastrtps_cpp.hpp
[0.675s] -- Up-to-date: /root/ros_ws/src/Rescue_Car_ws/install/visualization_msgs/include/visualization_msgs/visualization_msgs/msg/detail/dds_fastrtps
[0.675s] -- Up-to-date: /root/ros_ws/src/Rescue_Car_ws/install/visualization_msgs/include/visualization_msgs/visualization_msgs/msg/detail/uv_coordinate__rosidl_typesupport_fastrtps_cpp.hpp
[0.675s] -- Up-to-date: /root/ros_ws/src/Rescue_Car_ws/install/visualization_msgs/include/visualization_msgs/visualization_msgs/msg/detail/interactive_marker_init__rosidl_typesupport_fastrtps_cpp.hpp
[0.675s] -- Up-to-date: /root/ros_ws/src/Rescue_Car_ws/install/visualization_msgs/include/visualization_msgs/visualization_msgs/msg/detail/interactive_marker_feedback__rosidl_typesupport_fastrtps_cpp.hpp
[0.675s] -- Up-to-date: /root/ros_ws/src/Rescue_Car_ws/install/visualization_msgs/include/visualization_msgs/visualization_msgs/msg/detail/menu_entry__rosidl_typesupport_fastrtps_cpp.hpp
[0.675s] -- Up-to-date: /root/ros_ws/src/Rescue_Car_ws/install/visualization_msgs/include/visualization_msgs/visualization_msgs/msg/detail/image_marker__rosidl_typesupport_fastrtps_cpp.hpp
[0.675s] -- Up-to-date: /root/ros_ws/src/Rescue_Car_ws/install/visualization_msgs/include/visualization_msgs/visualization_msgs/msg/detail/interactive_marker_update__rosidl_typesupport_fastrtps_cpp.hpp
[0.675s] -- Up-to-date: /root/ros_ws/src/Rescue_Car_ws/install/visualization_msgs/include/visualization_msgs/visualization_msgs/msg/detail/mesh_file__rosidl_typesupport_fastrtps_cpp.hpp
[0.675s] -- Up-to-date: /root/ros_ws/src/Rescue_Car_ws/install/visualization_msgs/include/visualization_msgs/visualization_msgs/msg/detail/interactive_marker_pose__rosidl_typesupport_fastrtps_cpp.hpp
[0.675s] -- Up-to-date: /root/ros_ws/src/Rescue_Car_ws/install/visualization_msgs/include/visualization_msgs/visualization_msgs/msg/detail/interactive_marker__rosidl_typesupport_fastrtps_cpp.hpp
[0.675s] -- Up-to-date: /root/ros_ws/src/Rescue_Car_ws/install/visualization_msgs/lib/libvisualization_msgs__rosidl_typesupport_fastrtps_cpp.so
[0.675s] -- Up-to-date: /root/ros_ws/src/Rescue_Car_ws/install/visualization_msgs/include/visualization_msgs/visualization_msgs
[0.675s] -- Up-to-date: /root/ros_ws/src/Rescue_Car_ws/install/visualization_msgs/include/visualization_msgs/visualization_msgs/srv
[0.675s] -- Up-to-date: /root/ros_ws/src/Rescue_Car_ws/install/visualization_msgs/include/visualization_msgs/visualization_msgs/srv/detail
[0.675s] -- Up-to-date: /root/ros_ws/src/Rescue_Car_ws/install/visualization_msgs/include/visualization_msgs/visualization_msgs/srv/detail/get_interactive_markers__type_support.c
[0.676s] -- Up-to-date: /root/ros_ws/src/Rescue_Car_ws/install/visualization_msgs/include/visualization_msgs/visualization_msgs/srv/detail/get_interactive_markers__rosidl_typesupport_introspection_c.h
[0.676s] -- Up-to-date: /root/ros_ws/src/Rescue_Car_ws/install/visualization_msgs/include/visualization_msgs/visualization_msgs/msg
[0.676s] -- Up-to-date: /root/ros_ws/src/Rescue_Car_ws/install/visualization_msgs/include/visualization_msgs/visualization_msgs/msg/rosidl_typesupport_introspection_c__visibility_control.h
[0.676s] -- Up-to-date: /root/ros_ws/src/Rescue_Car_ws/install/visualization_msgs/include/visualization_msgs/visualization_msgs/msg/detail
[0.676s] -- Up-to-date: /root/ros_ws/src/Rescue_Car_ws/install/visualization_msgs/include/visualization_msgs/visualization_msgs/msg/detail/interactive_marker_init__type_support.c
[0.676s] -- Up-to-date: /root/ros_ws/src/Rescue_Car_ws/install/visualization_msgs/include/visualization_msgs/visualization_msgs/msg/detail/interactive_marker_init__rosidl_typesupport_introspection_c.h
[0.676s] -- Up-to-date: /root/ros_ws/src/Rescue_Car_ws/install/visualization_msgs/include/visualization_msgs/visualization_msgs/msg/detail/menu_entry__type_support.c
[0.676s] -- Up-to-date: /root/ros_ws/src/Rescue_Car_ws/install/visualization_msgs/include/visualization_msgs/visualization_msgs/msg/detail/marker__type_support.c
[0.676s] -- Up-to-date: /root/ros_ws/src/Rescue_Car_ws/install/visualization_msgs/include/visualization_msgs/visualization_msgs/msg/detail/interactive_marker_update__type_support.c
[0.677s] -- Up-to-date: /root/ros_ws/src/Rescue_Car_ws/install/visualization_msgs/include/visualization_msgs/visualization_msgs/msg/detail/interactive_marker_feedback__type_support.c
[0.677s] -- Up-to-date: /root/ros_ws/src/Rescue_Car_ws/install/visualization_msgs/include/visualization_msgs/visualization_msgs/msg/detail/image_marker__rosidl_typesupport_introspection_c.h
[0.677s] -- Up-to-date: /root/ros_ws/src/Rescue_Car_ws/install/visualization_msgs/include/visualization_msgs/visualization_msgs/msg/detail/mesh_file__type_support.c
[0.677s] -- Up-to-date: /root/ros_ws/src/Rescue_Car_ws/install/visualization_msgs/include/visualization_msgs/visualization_msgs/msg/detail/interactive_marker__rosidl_typesupport_introspection_c.h
[0.677s] -- Up-to-date: /root/ros_ws/src/Rescue_Car_ws/install/visualization_msgs/include/visualization_msgs/visualization_msgs/msg/detail/marker_array__type_support.c
[0.677s] -- Up-to-date: /root/ros_ws/src/Rescue_Car_ws/install/visualization_msgs/include/visualization_msgs/visualization_msgs/msg/detail/interactive_marker_control__rosidl_typesupport_introspection_c.h
[0.677s] -- Up-to-date: /root/ros_ws/src/Rescue_Car_ws/install/visualization_msgs/include/visualization_msgs/visualization_msgs/msg/detail/interactive_marker_control__type_support.c
[0.677s] -- Up-to-date: /root/ros_ws/src/Rescue_Car_ws/install/visualization_msgs/include/visualization_msgs/visualization_msgs/msg/detail/mesh_file__rosidl_typesupport_introspection_c.h
[0.677s] -- Up-to-date: /root/ros_ws/src/Rescue_Car_ws/install/visualization_msgs/include/visualization_msgs/visualization_msgs/msg/detail/uv_coordinate__rosidl_typesupport_introspection_c.h
[0.677s] -- Up-to-date: /root/ros_ws/src/Rescue_Car_ws/install/visualization_msgs/include/visualization_msgs/visualization_msgs/msg/detail/image_marker__type_support.c
[0.677s] -- Up-to-date: /root/ros_ws/src/Rescue_Car_ws/install/visualization_msgs/include/visualization_msgs/visualization_msgs/msg/detail/uv_coordinate__type_support.c
[0.677s] -- Up-to-date: /root/ros_ws/src/Rescue_Car_ws/install/visualization_msgs/include/visualization_msgs/visualization_msgs/msg/detail/interactive_marker_update__rosidl_typesupport_introspection_c.h
[0.677s] -- Up-to-date: /root/ros_ws/src/Rescue_Car_ws/install/visualization_msgs/include/visualization_msgs/visualization_msgs/msg/detail/menu_entry__rosidl_typesupport_introspection_c.h
[0.677s] -- Up-to-date: /root/ros_ws/src/Rescue_Car_ws/install/visualization_msgs/include/visualization_msgs/visualization_msgs/msg/detail/interactive_marker_pose__rosidl_typesupport_introspection_c.h
[0.677s] -- Up-to-date: /root/ros_ws/src/Rescue_Car_ws/install/visualization_msgs/include/visualization_msgs/visualization_msgs/msg/detail/interactive_marker_pose__type_support.c
[0.678s] -- Up-to-date: /root/ros_ws/src/Rescue_Car_ws/install/visualization_msgs/include/visualization_msgs/visualization_msgs/msg/detail/interactive_marker__type_support.c
[0.678s] -- Up-to-date: /root/ros_ws/src/Rescue_Car_ws/install/visualization_msgs/include/visualization_msgs/visualization_msgs/msg/detail/marker_array__rosidl_typesupport_introspection_c.h
[0.678s] -- Up-to-date: /root/ros_ws/src/Rescue_Car_ws/install/visualization_msgs/include/visualization_msgs/visualization_msgs/msg/detail/marker__rosidl_typesupport_introspection_c.h
[0.678s] -- Up-to-date: /root/ros_ws/src/Rescue_Car_ws/install/visualization_msgs/include/visualization_msgs/visualization_msgs/msg/detail/interactive_marker_feedback__rosidl_typesupport_introspection_c.h
[0.678s] -- Up-to-date: /root/ros_ws/src/Rescue_Car_ws/install/visualization_msgs/lib/libvisualization_msgs__rosidl_typesupport_introspection_c.so
[0.678s] -- Up-to-date: /root/ros_ws/src/Rescue_Car_ws/install/visualization_msgs/lib/libvisualization_msgs__rosidl_typesupport_c.so
[0.678s] -- Up-to-date: /root/ros_ws/src/Rescue_Car_ws/install/visualization_msgs/include/visualization_msgs/visualization_msgs
[0.678s] -- Up-to-date: /root/ros_ws/src/Rescue_Car_ws/install/visualization_msgs/include/visualization_msgs/visualization_msgs/srv
[0.678s] -- Up-to-date: /root/ros_ws/src/Rescue_Car_ws/install/visualization_msgs/include/visualization_msgs/visualization_msgs/srv/detail
[0.678s] -- Up-to-date: /root/ros_ws/src/Rescue_Car_ws/install/visualization_msgs/include/visualization_msgs/visualization_msgs/srv/detail/get_interactive_markers__type_support.cpp
[0.678s] -- Up-to-date: /root/ros_ws/src/Rescue_Car_ws/install/visualization_msgs/include/visualization_msgs/visualization_msgs/srv/detail/get_interactive_markers__rosidl_typesupport_introspection_cpp.hpp
[0.678s] -- Up-to-date: /root/ros_ws/src/Rescue_Car_ws/install/visualization_msgs/include/visualization_msgs/visualization_msgs/msg
[0.678s] -- Up-to-date: /root/ros_ws/src/Rescue_Car_ws/install/visualization_msgs/include/visualization_msgs/visualization_msgs/msg/detail
[0.678s] -- Up-to-date: /root/ros_ws/src/Rescue_Car_ws/install/visualization_msgs/include/visualization_msgs/visualization_msgs/msg/detail/interactive_marker_control__rosidl_typesupport_introspection_cpp.hpp
[0.679s] -- Up-to-date: /root/ros_ws/src/Rescue_Car_ws/install/visualization_msgs/include/visualization_msgs/visualization_msgs/msg/detail/interactive_marker_update__rosidl_typesupport_introspection_cpp.hpp
[0.679s] -- Up-to-date: /root/ros_ws/src/Rescue_Car_ws/install/visualization_msgs/include/visualization_msgs/visualization_msgs/msg/detail/marker_array__type_support.cpp
[0.679s] -- Up-to-date: /root/ros_ws/src/Rescue_Car_ws/install/visualization_msgs/include/visualization_msgs/visualization_msgs/msg/detail/interactive_marker__rosidl_typesupport_introspection_cpp.hpp
[0.679s] -- Up-to-date: /root/ros_ws/src/Rescue_Car_ws/install/visualization_msgs/include/visualization_msgs/visualization_msgs/msg/detail/image_marker__type_support.cpp
[0.679s] -- Up-to-date: /root/ros_ws/src/Rescue_Car_ws/install/visualization_msgs/include/visualization_msgs/visualization_msgs/msg/detail/menu_entry__rosidl_typesupport_introspection_cpp.hpp
[0.679s] -- Up-to-date: /root/ros_ws/src/Rescue_Car_ws/install/visualization_msgs/include/visualization_msgs/visualization_msgs/msg/detail/marker__type_support.cpp
[0.679s] -- Up-to-date: /root/ros_ws/src/Rescue_Car_ws/install/visualization_msgs/include/visualization_msgs/visualization_msgs/msg/detail/interactive_marker_pose__rosidl_typesupport_introspection_cpp.hpp
[0.679s] -- Up-to-date: /root/ros_ws/src/Rescue_Car_ws/install/visualization_msgs/include/visualization_msgs/visualization_msgs/msg/detail/interactive_marker_pose__type_support.cpp
[0.679s] -- Up-to-date: /root/ros_ws/src/Rescue_Car_ws/install/visualization_msgs/include/visualization_msgs/visualization_msgs/msg/detail/marker_array__rosidl_typesupport_introspection_cpp.hpp
[0.679s] -- Up-to-date: /root/ros_ws/src/Rescue_Car_ws/install/visualization_msgs/include/visualization_msgs/visualization_msgs/msg/detail/interactive_marker_feedback__rosidl_typesupport_introspection_cpp.hpp
[0.679s] -- Up-to-date: /root/ros_ws/src/Rescue_Car_ws/install/visualization_msgs/include/visualization_msgs/visualization_msgs/msg/detail/interactive_marker_feedback__type_support.cpp
[0.679s] -- Up-to-date: /root/ros_ws/src/Rescue_Car_ws/install/visualization_msgs/include/visualization_msgs/visualization_msgs/msg/detail/interactive_marker_init__type_support.cpp
[0.679s] -- Up-to-date: /root/ros_ws/src/Rescue_Car_ws/install/visualization_msgs/include/visualization_msgs/visualization_msgs/msg/detail/interactive_marker_init__rosidl_typesupport_introspection_cpp.hpp
[0.679s] -- Up-to-date: /root/ros_ws/src/Rescue_Car_ws/install/visualization_msgs/include/visualization_msgs/visualization_msgs/msg/detail/mesh_file__type_support.cpp
[0.679s] -- Up-to-date: /root/ros_ws/src/Rescue_Car_ws/install/visualization_msgs/include/visualization_msgs/visualization_msgs/msg/detail/image_marker__rosidl_typesupport_introspection_cpp.hpp
[0.679s] -- Up-to-date: /root/ros_ws/src/Rescue_Car_ws/install/visualization_msgs/include/visualization_msgs/visualization_msgs/msg/detail/uv_coordinate__type_support.cpp
[0.679s] -- Up-to-date: /root/ros_ws/src/Rescue_Car_ws/install/visualization_msgs/include/visualization_msgs/visualization_msgs/msg/detail/mesh_file__rosidl_typesupport_introspection_cpp.hpp
[0.679s] -- Up-to-date: /root/ros_ws/src/Rescue_Car_ws/install/visualization_msgs/include/visualization_msgs/visualization_msgs/msg/detail/interactive_marker_update__type_support.cpp
[0.679s] -- Up-to-date: /root/ros_ws/src/Rescue_Car_ws/install/visualization_msgs/include/visualization_msgs/visualization_msgs/msg/detail/uv_coordinate__rosidl_typesupport_introspection_cpp.hpp
[0.680s] -- Up-to-date: /root/ros_ws/src/Rescue_Car_ws/install/visualization_msgs/include/visualization_msgs/visualization_msgs/msg/detail/menu_entry__type_support.cpp
[0.680s] -- Up-to-date: /root/ros_ws/src/Rescue_Car_ws/install/visualization_msgs/include/visualization_msgs/visualization_msgs/msg/detail/marker__rosidl_typesupport_introspection_cpp.hpp
[0.680s] -- Up-to-date: /root/ros_ws/src/Rescue_Car_ws/install/visualization_msgs/include/visualization_msgs/visualization_msgs/msg/detail/interactive_marker_control__type_support.cpp
[0.680s] -- Up-to-date: /root/ros_ws/src/Rescue_Car_ws/install/visualization_msgs/include/visualization_msgs/visualization_msgs/msg/detail/interactive_marker__type_support.cpp
[0.680s] -- Up-to-date: /root/ros_ws/src/Rescue_Car_ws/install/visualization_msgs/lib/libvisualization_msgs__rosidl_typesupport_introspection_cpp.so
[0.680s] -- Up-to-date: /root/ros_ws/src/Rescue_Car_ws/install/visualization_msgs/lib/libvisualization_msgs__rosidl_typesupport_cpp.so
[0.680s] -- Up-to-date: /root/ros_ws/src/Rescue_Car_ws/install/visualization_msgs/share/visualization_msgs/environment/pythonpath.sh
[0.680s] -- Up-to-date: /root/ros_ws/src/Rescue_Car_ws/install/visualization_msgs/share/visualization_msgs/environment/pythonpath.dsv
[0.680s] -- Up-to-date: /root/ros_ws/src/Rescue_Car_ws/install/visualization_msgs/local/lib/python3.10/dist-packages/visualization_msgs-4.9.0-py3.10.egg-info
[0.680s] -- Installing: /root/ros_ws/src/Rescue_Car_ws/install/visualization_msgs/local/lib/python3.10/dist-packages/visualization_msgs-4.9.0-py3.10.egg-info/dependency_links.txt
[0.680s] -- Installing: /root/ros_ws/src/Rescue_Car_ws/install/visualization_msgs/local/lib/python3.10/dist-packages/visualization_msgs-4.9.0-py3.10.egg-info/SOURCES.txt
[0.680s] -- Installing: /root/ros_ws/src/Rescue_Car_ws/install/visualization_msgs/local/lib/python3.10/dist-packages/visualization_msgs-4.9.0-py3.10.egg-info/PKG-INFO
[0.680s] -- Installing: /root/ros_ws/src/Rescue_Car_ws/install/visualization_msgs/local/lib/python3.10/dist-packages/visualization_msgs-4.9.0-py3.10.egg-info/top_level.txt
[0.680s] -- Up-to-date: /root/ros_ws/src/Rescue_Car_ws/install/visualization_msgs/local/lib/python3.10/dist-packages/visualization_msgs
[0.680s] -- Up-to-date: /root/ros_ws/src/Rescue_Car_ws/install/visualization_msgs/local/lib/python3.10/dist-packages/visualization_msgs/_visualization_msgs_s.ep.rosidl_typesupport_c.c
[0.680s] -- Up-to-date: /root/ros_ws/src/Rescue_Car_ws/install/visualization_msgs/local/lib/python3.10/dist-packages/visualization_msgs/_visualization_msgs_s.ep.rosidl_typesupport_fastrtps_c.c
[0.680s] -- Up-to-date: /root/ros_ws/src/Rescue_Car_ws/install/visualization_msgs/local/lib/python3.10/dist-packages/visualization_msgs/visualization_msgs_s__rosidl_typesupport_introspection_c.cpython-310-x86_64-linux-gnu.so
[0.680s] -- Up-to-date: /root/ros_ws/src/Rescue_Car_ws/install/visualization_msgs/local/lib/python3.10/dist-packages/visualization_msgs/visualization_msgs_s__rosidl_typesupport_fastrtps_c.cpython-310-x86_64-linux-gnu.so
[0.680s] -- Up-to-date: /root/ros_ws/src/Rescue_Car_ws/install/visualization_msgs/local/lib/python3.10/dist-packages/visualization_msgs/srv
[0.680s] -- Up-to-date: /root/ros_ws/src/Rescue_Car_ws/install/visualization_msgs/local/lib/python3.10/dist-packages/visualization_msgs/srv/_get_interactive_markers.py
[0.680s] -- Up-to-date: /root/ros_ws/src/Rescue_Car_ws/install/visualization_msgs/local/lib/python3.10/dist-packages/visualization_msgs/srv/_get_interactive_markers_s.c
[0.680s] -- Up-to-date: /root/ros_ws/src/Rescue_Car_ws/install/visualization_msgs/local/lib/python3.10/dist-packages/visualization_msgs/srv/__init__.py
[0.680s] -- Up-to-date: /root/ros_ws/src/Rescue_Car_ws/install/visualization_msgs/local/lib/python3.10/dist-packages/visualization_msgs/visualization_msgs_s__rosidl_typesupport_c.cpython-310-x86_64-linux-gnu.so
[0.680s] -- Up-to-date: /root/ros_ws/src/Rescue_Car_ws/install/visualization_msgs/local/lib/python3.10/dist-packages/visualization_msgs/__init__.py
[0.680s] -- Up-to-date: /root/ros_ws/src/Rescue_Car_ws/install/visualization_msgs/local/lib/python3.10/dist-packages/visualization_msgs/msg
[0.680s] -- Up-to-date: /root/ros_ws/src/Rescue_Car_ws/install/visualization_msgs/local/lib/python3.10/dist-packages/visualization_msgs/msg/_interactive_marker_pose_s.c
[0.680s] -- Up-to-date: /root/ros_ws/src/Rescue_Car_ws/install/visualization_msgs/local/lib/python3.10/dist-packages/visualization_msgs/msg/_mesh_file_s.c
[0.680s] -- Up-to-date: /root/ros_ws/src/Rescue_Car_ws/install/visualization_msgs/local/lib/python3.10/dist-packages/visualization_msgs/msg/_interactive_marker.py
[0.680s] -- Up-to-date: /root/ros_ws/src/Rescue_Car_ws/install/visualization_msgs/local/lib/python3.10/dist-packages/visualization_msgs/msg/_interactive_marker_init_s.c
[0.680s] -- Up-to-date: /root/ros_ws/src/Rescue_Car_ws/install/visualization_msgs/local/lib/python3.10/dist-packages/visualization_msgs/msg/_image_marker_s.c
[0.680s] -- Up-to-date: /root/ros_ws/src/Rescue_Car_ws/install/visualization_msgs/local/lib/python3.10/dist-packages/visualization_msgs/msg/_interactive_marker_update_s.c
[0.680s] -- Up-to-date: /root/ros_ws/src/Rescue_Car_ws/install/visualization_msgs/local/lib/python3.10/dist-packages/visualization_msgs/msg/_marker.py
[0.680s] -- Up-to-date: /root/ros_ws/src/Rescue_Car_ws/install/visualization_msgs/local/lib/python3.10/dist-packages/visualization_msgs/msg/_interactive_marker_feedback.py
[0.680s] -- Up-to-date: /root/ros_ws/src/Rescue_Car_ws/install/visualization_msgs/local/lib/python3.10/dist-packages/visualization_msgs/msg/_uv_coordinate_s.c
[0.680s] -- Up-to-date: /root/ros_ws/src/Rescue_Car_ws/install/visualization_msgs/local/lib/python3.10/dist-packages/visualization_msgs/msg/_interactive_marker_init.py
[0.680s] -- Up-to-date: /root/ros_ws/src/Rescue_Car_ws/install/visualization_msgs/local/lib/python3.10/dist-packages/visualization_msgs/msg/_interactive_marker_pose.py
[0.680s] -- Up-to-date: /root/ros_ws/src/Rescue_Car_ws/install/visualization_msgs/local/lib/python3.10/dist-packages/visualization_msgs/msg/_menu_entry.py
[0.681s] -- Up-to-date: /root/ros_ws/src/Rescue_Car_ws/install/visualization_msgs/local/lib/python3.10/dist-packages/visualization_msgs/msg/_interactive_marker_s.c
[0.681s] -- Up-to-date: /root/ros_ws/src/Rescue_Car_ws/install/visualization_msgs/local/lib/python3.10/dist-packages/visualization_msgs/msg/_menu_entry_s.c
[0.681s] -- Up-to-date: /root/ros_ws/src/Rescue_Car_ws/install/visualization_msgs/local/lib/python3.10/dist-packages/visualization_msgs/msg/_marker_array.py
[0.681s] -- Up-to-date: /root/ros_ws/src/Rescue_Car_ws/install/visualization_msgs/local/lib/python3.10/dist-packages/visualization_msgs/msg/_interactive_marker_update.py
[0.681s] -- Up-to-date: /root/ros_ws/src/Rescue_Car_ws/install/visualization_msgs/local/lib/python3.10/dist-packages/visualization_msgs/msg/_mesh_file.py
[0.681s] -- Up-to-date: /root/ros_ws/src/Rescue_Car_ws/install/visualization_msgs/local/lib/python3.10/dist-packages/visualization_msgs/msg/_interactive_marker_control_s.c
[0.681s] -- Up-to-date: /root/ros_ws/src/Rescue_Car_ws/install/visualization_msgs/local/lib/python3.10/dist-packages/visualization_msgs/msg/__init__.py
[0.681s] -- Up-to-date: /root/ros_ws/src/Rescue_Car_ws/install/visualization_msgs/local/lib/python3.10/dist-packages/visualization_msgs/msg/_interactive_marker_feedback_s.c
[0.681s] -- Up-to-date: /root/ros_ws/src/Rescue_Car_ws/install/visualization_msgs/local/lib/python3.10/dist-packages/visualization_msgs/msg/_image_marker.py
[0.681s] -- Up-to-date: /root/ros_ws/src/Rescue_Car_ws/install/visualization_msgs/local/lib/python3.10/dist-packages/visualization_msgs/msg/_uv_coordinate.py
[0.681s] -- Up-to-date: /root/ros_ws/src/Rescue_Car_ws/install/visualization_msgs/local/lib/python3.10/dist-packages/visualization_msgs/msg/_marker_array_s.c
[0.681s] -- Up-to-date: /root/ros_ws/src/Rescue_Car_ws/install/visualization_msgs/local/lib/python3.10/dist-packages/visualization_msgs/msg/_marker_s.c
[0.681s] -- Up-to-date: /root/ros_ws/src/Rescue_Car_ws/install/visualization_msgs/local/lib/python3.10/dist-packages/visualization_msgs/msg/_interactive_marker_control.py
[0.681s] -- Up-to-date: /root/ros_ws/src/Rescue_Car_ws/install/visualization_msgs/local/lib/python3.10/dist-packages/visualization_msgs/_visualization_msgs_s.ep.rosidl_typesupport_introspection_c.c
[0.681s] -- Up-to-date: /root/ros_ws/src/Rescue_Car_ws/install/visualization_msgs/local/lib/python3.10/dist-packages/visualization_msgs/libvisualization_msgs__rosidl_generator_py.so
[0.717s] Listing '/root/ros_ws/src/Rescue_Car_ws/install/visualization_msgs/local/lib/python3.10/dist-packages/visualization_msgs'...
[0.717s] Listing '/root/ros_ws/src/Rescue_Car_ws/install/visualization_msgs/local/lib/python3.10/dist-packages/visualization_msgs/msg'...
[0.717s] Listing '/root/ros_ws/src/Rescue_Car_ws/install/visualization_msgs/local/lib/python3.10/dist-packages/visualization_msgs/srv'...
[0.724s] -- Up-to-date: /root/ros_ws/src/Rescue_Car_ws/install/visualization_msgs/local/lib/python3.10/dist-packages/visualization_msgs/visualization_msgs_s__rosidl_typesupport_fastrtps_c.cpython-310-x86_64-linux-gnu.so
[0.725s] -- Up-to-date: /root/ros_ws/src/Rescue_Car_ws/install/visualization_msgs/local/lib/python3.10/dist-packages/visualization_msgs/visualization_msgs_s__rosidl_typesupport_introspection_c.cpython-310-x86_64-linux-gnu.so
[0.726s] -- Up-to-date: /root/ros_ws/src/Rescue_Car_ws/install/visualization_msgs/local/lib/python3.10/dist-packages/visualization_msgs/visualization_msgs_s__rosidl_typesupport_c.cpython-310-x86_64-linux-gnu.so
[0.726s] -- Up-to-date: /root/ros_ws/src/Rescue_Car_ws/install/visualization_msgs/lib/libvisualization_msgs__rosidl_generator_py.so
[0.726s] -- Up-to-date: /root/ros_ws/src/Rescue_Car_ws/install/visualization_msgs/share/visualization_msgs/msg/ImageMarker.idl
[0.726s] -- Up-to-date: /root/ros_ws/src/Rescue_Car_ws/install/visualization_msgs/share/visualization_msgs/msg/InteractiveMarker.idl
[0.727s] -- Up-to-date: /root/ros_ws/src/Rescue_Car_ws/install/visualization_msgs/share/visualization_msgs/msg/InteractiveMarkerControl.idl
[0.727s] -- Up-to-date: /root/ros_ws/src/Rescue_Car_ws/install/visualization_msgs/share/visualization_msgs/msg/InteractiveMarkerFeedback.idl
[0.727s] -- Up-to-date: /root/ros_ws/src/Rescue_Car_ws/install/visualization_msgs/share/visualization_msgs/msg/InteractiveMarkerInit.idl
[0.727s] -- Up-to-date: /root/ros_ws/src/Rescue_Car_ws/install/visualization_msgs/share/visualization_msgs/msg/InteractiveMarkerPose.idl
[0.727s] -- Up-to-date: /root/ros_ws/src/Rescue_Car_ws/install/visualization_msgs/share/visualization_msgs/msg/InteractiveMarkerUpdate.idl
[0.728s] -- Up-to-date: /root/ros_ws/src/Rescue_Car_ws/install/visualization_msgs/share/visualization_msgs/msg/Marker.idl
[0.729s] -- Up-to-date: /root/ros_ws/src/Rescue_Car_ws/install/visualization_msgs/share/visualization_msgs/msg/MarkerArray.idl
[0.729s] -- Up-to-date: /root/ros_ws/src/Rescue_Car_ws/install/visualization_msgs/share/visualization_msgs/msg/MenuEntry.idl
[0.729s] -- Up-to-date: /root/ros_ws/src/Rescue_Car_ws/install/visualization_msgs/share/visualization_msgs/msg/MeshFile.idl
[0.729s] -- Up-to-date: /root/ros_ws/src/Rescue_Car_ws/install/visualization_msgs/share/visualization_msgs/msg/UVCoordinate.idl
[0.729s] -- Up-to-date: /root/ros_ws/src/Rescue_Car_ws/install/visualization_msgs/share/visualization_msgs/srv/GetInteractiveMarkers.idl
[0.730s] -- Up-to-date: /root/ros_ws/src/Rescue_Car_ws/install/visualization_msgs/share/visualization_msgs/msg/ImageMarker.msg
[0.730s] -- Up-to-date: /root/ros_ws/src/Rescue_Car_ws/install/visualization_msgs/share/visualization_msgs/msg/InteractiveMarker.msg
[0.730s] -- Up-to-date: /root/ros_ws/src/Rescue_Car_ws/install/visualization_msgs/share/visualization_msgs/msg/InteractiveMarkerControl.msg
[0.731s] -- Up-to-date: /root/ros_ws/src/Rescue_Car_ws/install/visualization_msgs/share/visualization_msgs/msg/InteractiveMarkerFeedback.msg
[0.731s] -- Up-to-date: /root/ros_ws/src/Rescue_Car_ws/install/visualization_msgs/share/visualization_msgs/msg/InteractiveMarkerInit.msg
[0.731s] -- Up-to-date: /root/ros_ws/src/Rescue_Car_ws/install/visualization_msgs/share/visualization_msgs/msg/InteractiveMarkerPose.msg
[0.731s] -- Up-to-date: /root/ros_ws/src/Rescue_Car_ws/install/visualization_msgs/share/visualization_msgs/msg/InteractiveMarkerUpdate.msg
[0.731s] -- Up-to-date: /root/ros_ws/src/Rescue_Car_ws/install/visualization_msgs/share/visualization_msgs/msg/Marker.msg
[0.732s] -- Up-to-date: /root/ros_ws/src/Rescue_Car_ws/install/visualization_msgs/share/visualization_msgs/msg/MarkerArray.msg
[0.732s] -- Up-to-date: /root/ros_ws/src/Rescue_Car_ws/install/visualization_msgs/share/visualization_msgs/msg/MenuEntry.msg
[0.732s] -- Up-to-date: /root/ros_ws/src/Rescue_Car_ws/install/visualization_msgs/share/visualization_msgs/msg/MeshFile.msg
[0.732s] -- Up-to-date: /root/ros_ws/src/Rescue_Car_ws/install/visualization_msgs/share/visualization_msgs/msg/UVCoordinate.msg
[0.732s] -- Up-to-date: /root/ros_ws/src/Rescue_Car_ws/install/visualization_msgs/share/visualization_msgs/srv/GetInteractiveMarkers.srv
[0.732s] -- Up-to-date: /root/ros_ws/src/Rescue_Car_ws/install/visualization_msgs/share/visualization_msgs/srv/GetInteractiveMarkers_Request.msg
[0.733s] -- Up-to-date: /root/ros_ws/src/Rescue_Car_ws/install/visualization_msgs/share/visualization_msgs/srv/GetInteractiveMarkers_Response.msg
[0.733s] -- Up-to-date: /root/ros_ws/src/Rescue_Car_ws/install/visualization_msgs/share/ament_index/resource_index/package_run_dependencies/visualization_msgs
[0.733s] -- Up-to-date: /root/ros_ws/src/Rescue_Car_ws/install/visualization_msgs/share/ament_index/resource_index/parent_prefix_path/visualization_msgs
[0.733s] -- Up-to-date: /root/ros_ws/src/Rescue_Car_ws/install/visualization_msgs/share/visualization_msgs/environment/ament_prefix_path.sh
[0.733s] -- Up-to-date: /root/ros_ws/src/Rescue_Car_ws/install/visualization_msgs/share/visualization_msgs/environment/ament_prefix_path.dsv
[0.734s] -- Up-to-date: /root/ros_ws/src/Rescue_Car_ws/install/visualization_msgs/share/visualization_msgs/environment/path.sh
[0.734s] -- Up-to-date: /root/ros_ws/src/Rescue_Car_ws/install/visualization_msgs/share/visualization_msgs/environment/path.dsv
[0.734s] -- Up-to-date: /root/ros_ws/src/Rescue_Car_ws/install/visualization_msgs/share/visualization_msgs/local_setup.bash
[0.734s] -- Up-to-date: /root/ros_ws/src/Rescue_Car_ws/install/visualization_msgs/share/visualization_msgs/local_setup.sh
[0.734s] -- Up-to-date: /root/ros_ws/src/Rescue_Car_ws/install/visualization_msgs/share/visualization_msgs/local_setup.zsh
[0.734s] -- Up-to-date: /root/ros_ws/src/Rescue_Car_ws/install/visualization_msgs/share/visualization_msgs/local_setup.dsv
[0.734s] -- Installing: /root/ros_ws/src/Rescue_Car_ws/install/visualization_msgs/share/visualization_msgs/package.dsv
[0.734s] -- Up-to-date: /root/ros_ws/src/Rescue_Car_ws/install/visualization_msgs/share/ament_index/resource_index/packages/visualization_msgs
[0.734s] -- Up-to-date: /root/ros_ws/src/Rescue_Car_ws/install/visualization_msgs/share/visualization_msgs/cmake/export_visualization_msgs__rosidl_generator_cExport.cmake
[0.735s] -- Up-to-date: /root/ros_ws/src/Rescue_Car_ws/install/visualization_msgs/share/visualization_msgs/cmake/export_visualization_msgs__rosidl_generator_cExport-noconfig.cmake
[0.735s] -- Up-to-date: /root/ros_ws/src/Rescue_Car_ws/install/visualization_msgs/share/visualization_msgs/cmake/export_visualization_msgs__rosidl_typesupport_fastrtps_cExport.cmake
[0.735s] -- Up-to-date: /root/ros_ws/src/Rescue_Car_ws/install/visualization_msgs/share/visualization_msgs/cmake/export_visualization_msgs__rosidl_typesupport_fastrtps_cExport-noconfig.cmake
[0.736s] -- Up-to-date: /root/ros_ws/src/Rescue_Car_ws/install/visualization_msgs/share/visualization_msgs/cmake/export_visualization_msgs__rosidl_generator_cppExport.cmake
[0.736s] -- Up-to-date: /root/ros_ws/src/Rescue_Car_ws/install/visualization_msgs/share/visualization_msgs/cmake/export_visualization_msgs__rosidl_typesupport_fastrtps_cppExport.cmake
[0.736s] -- Up-to-date: /root/ros_ws/src/Rescue_Car_ws/install/visualization_msgs/share/visualization_msgs/cmake/export_visualization_msgs__rosidl_typesupport_fastrtps_cppExport-noconfig.cmake
[0.736s] -- Up-to-date: /root/ros_ws/src/Rescue_Car_ws/install/visualization_msgs/share/visualization_msgs/cmake/visualization_msgs__rosidl_typesupport_introspection_cExport.cmake
[0.737s] -- Up-to-date: /root/ros_ws/src/Rescue_Car_ws/install/visualization_msgs/share/visualization_msgs/cmake/visualization_msgs__rosidl_typesupport_introspection_cExport-noconfig.cmake
[0.737s] -- Up-to-date: /root/ros_ws/src/Rescue_Car_ws/install/visualization_msgs/share/visualization_msgs/cmake/visualization_msgs__rosidl_typesupport_cExport.cmake
[0.738s] -- Up-to-date: /root/ros_ws/src/Rescue_Car_ws/install/visualization_msgs/share/visualization_msgs/cmake/visualization_msgs__rosidl_typesupport_cExport-noconfig.cmake
[0.738s] -- Up-to-date: /root/ros_ws/src/Rescue_Car_ws/install/visualization_msgs/share/visualization_msgs/cmake/visualization_msgs__rosidl_typesupport_introspection_cppExport.cmake
[0.738s] -- Up-to-date: /root/ros_ws/src/Rescue_Car_ws/install/visualization_msgs/share/visualization_msgs/cmake/visualization_msgs__rosidl_typesupport_introspection_cppExport-noconfig.cmake
[0.738s] -- Up-to-date: /root/ros_ws/src/Rescue_Car_ws/install/visualization_msgs/share/visualization_msgs/cmake/visualization_msgs__rosidl_typesupport_cppExport.cmake
[0.738s] -- Up-to-date: /root/ros_ws/src/Rescue_Car_ws/install/visualization_msgs/share/visualization_msgs/cmake/visualization_msgs__rosidl_typesupport_cppExport-noconfig.cmake
[0.738s] -- Up-to-date: /root/ros_ws/src/Rescue_Car_ws/install/visualization_msgs/share/visualization_msgs/cmake/export_visualization_msgs__rosidl_generator_pyExport.cmake
[0.739s] -- Up-to-date: /root/ros_ws/src/Rescue_Car_ws/install/visualization_msgs/share/visualization_msgs/cmake/export_visualization_msgs__rosidl_generator_pyExport-noconfig.cmake
[0.739s] -- Up-to-date: /root/ros_ws/src/Rescue_Car_ws/install/visualization_msgs/share/visualization_msgs/cmake/rosidl_cmake-extras.cmake
[0.739s] -- Up-to-date: /root/ros_ws/src/Rescue_Car_ws/install/visualization_msgs/share/visualization_msgs/cmake/ament_cmake_export_dependencies-extras.cmake
[0.739s] -- Up-to-date: /root/ros_ws/src/Rescue_Car_ws/install/visualization_msgs/share/visualization_msgs/cmake/ament_cmake_export_include_directories-extras.cmake
[0.739s] -- Up-to-date: /root/ros_ws/src/Rescue_Car_ws/install/visualization_msgs/share/visualization_msgs/cmake/ament_cmake_export_libraries-extras.cmake
[0.739s] -- Up-to-date: /root/ros_ws/src/Rescue_Car_ws/install/visualization_msgs/share/visualization_msgs/cmake/ament_cmake_export_targets-extras.cmake
[0.739s] -- Up-to-date: /root/ros_ws/src/Rescue_Car_ws/install/visualization_msgs/share/visualization_msgs/cmake/rosidl_cmake_export_typesupport_targets-extras.cmake
[0.740s] -- Up-to-date: /root/ros_ws/src/Rescue_Car_ws/install/visualization_msgs/share/visualization_msgs/cmake/rosidl_cmake_export_typesupport_libraries-extras.cmake
[0.740s] -- Up-to-date: /root/ros_ws/src/Rescue_Car_ws/install/visualization_msgs/share/visualization_msgs/cmake/visualization_msgsConfig.cmake
[0.740s] -- Up-to-date: /root/ros_ws/src/Rescue_Car_ws/install/visualization_msgs/share/visualization_msgs/cmake/visualization_msgsConfig-version.cmake
[0.740s] -- Up-to-date: /root/ros_ws/src/Rescue_Car_ws/install/visualization_msgs/share/visualization_msgs/package.xml
[0.755s] Invoked command in '/root/ros_ws/src/Rescue_Car_ws/build/visualization_msgs' returned '0': CMAKE_PREFIX_PATH=/root/ros_ws/src/Rescue_Car_ws/install/sensor_msgs:/root/ros_ws/src/Rescue_Car_ws/install/geometry_msgs:/root/ros_ws/src/Rescue_Car_ws/install/std_msgs:/root/ros_ws/src/Rescue_Car_ws/install/builtin_interfaces:/root/ros_ws/src/Rescue_Car_ws/install/micro_ros_demos_rclc:/root/ros_ws/src/Rescue_Car_ws/install/common_interfaces:/root/ros_ws/src/Rescue_Car_ws/install/visualization_msgs:/root/ros_ws/src/Rescue_Car_ws/install/test_msgs:/root/ros_ws/src/Rescue_Car_ws/install/example_interfaces:/root/ros_ws/src/Rescue_Car_ws/install/action_msgs:/root/ros_ws/src/Rescue_Car_ws/install/unique_identifier_msgs:/root/ros_ws/src/Rescue_Car_ws/install/trajectory_msgs:/root/ros_ws/src/Rescue_Car_ws/install/stereo_msgs:/root/ros_ws/src/Rescue_Car_ws/install/std_srvs:/root/ros_ws/src/Rescue_Car_ws/install/shape_msgs:/root/ros_ws/src/Rescue_Car_ws/install/nav_msgs:/root/ros_ws/src/Rescue_Car_ws/install/diagnostic_msgs:/root/ros_ws/src/Rescue_Car_ws/install/actionlib_msgs:/root/ros_ws/src/Rescue_Car_ws/install/statistics_msgs:/root/ros_ws/src/Rescue_Car_ws/install/rosidl_typesupport_microxrcedds_test_msg:/root/ros_ws/src/Rescue_Car_ws/install/rosidl_typesupport_microxrcedds_cpp_tests:/root/ros_ws/src/Rescue_Car_ws/install/rmw_microxrcedds:/root/ros_ws/src/Rescue_Car_ws/install/rosidl_typesupport_microxrcedds_cpp:/root/ros_ws/src/Rescue_Car_ws/install/rosidl_typesupport_microxrcedds_c_tests:/root/ros_ws/src/Rescue_Car_ws/install/rosidl_typesupport_microxrcedds_c:/root/ros_ws/src/Rescue_Car_ws/install/rosgraph_msgs:/root/ros_ws/src/Rescue_Car_ws/install/rclc_parameter:/root/ros_ws/src/Rescue_Car_ws/install/rclc:/root/ros_ws/src/Rescue_Car_ws/install/composition_interfaces:/root/ros_ws/src/Rescue_Car_ws/install/rcl_interfaces:/root/ros_ws/src/Rescue_Car_ws/install/microxrcedds_client:/root/ros_ws/src/Rescue_Car_ws/install/microcdr:/root/ros_ws/src/Rescue_Car_ws/install/micro_ros_utilities:/root/ros_ws/src/Rescue_Car_ws/install/micro_ros_setup:/root/ros_ws/src/Rescue_Car_ws/install/micro_ros_agent:/root/ros_ws/src/Rescue_Car_ws/install/micro_ros_msgs:/root/ros_ws/src/Rescue_Car_ws/install/lifecycle_msgs:/root/ros_ws/src/Rescue_Car_ws/install/complex_msgs:/root/ros_ws/src/Rescue_Car_ws/install/car:/root/ros_ws/src/Rescue_Car_ws/install/sensor_msgs_py:/opt/ros/humble LD_LIBRARY_PATH=/root/ros_ws/src/Rescue_Car_ws/install/sensor_msgs/lib:/root/ros_ws/src/Rescue_Car_ws/install/geometry_msgs/lib:/root/ros_ws/src/Rescue_Car_ws/install/std_msgs/lib:/root/ros_ws/src/Rescue_Car_ws/install/builtin_interfaces/lib:/root/ros_ws/src/Rescue_Car_ws/install/visualization_msgs/lib:/root/ros_ws/src/Rescue_Car_ws/install/test_msgs/lib:/root/ros_ws/src/Rescue_Car_ws/install/example_interfaces/lib:/root/ros_ws/src/Rescue_Car_ws/install/action_msgs/lib:/root/ros_ws/src/Rescue_Car_ws/install/unique_identifier_msgs/lib:/root/ros_ws/src/Rescue_Car_ws/install/trajectory_msgs/lib:/root/ros_ws/src/Rescue_Car_ws/install/stereo_msgs/lib:/root/ros_ws/src/Rescue_Car_ws/install/std_srvs/lib:/root/ros_ws/src/Rescue_Car_ws/install/shape_msgs/lib:/root/ros_ws/src/Rescue_Car_ws/install/nav_msgs/lib:/root/ros_ws/src/Rescue_Car_ws/install/diagnostic_msgs/lib:/root/ros_ws/src/Rescue_Car_ws/install/actionlib_msgs/lib:/root/ros_ws/src/Rescue_Car_ws/install/statistics_msgs/lib:/root/ros_ws/src/Rescue_Car_ws/install/rosidl_typesupport_microxrcedds_test_msg/lib:/root/ros_ws/src/Rescue_Car_ws/install/rmw_microxrcedds/lib:/root/ros_ws/src/Rescue_Car_ws/install/rosidl_typesupport_microxrcedds_cpp/lib:/root/ros_ws/src/Rescue_Car_ws/install/rosidl_typesupport_microxrcedds_c/lib:/root/ros_ws/src/Rescue_Car_ws/install/rosgraph_msgs/lib:/root/ros_ws/src/Rescue_Car_ws/install/rclc_parameter/lib:/root/ros_ws/src/Rescue_Car_ws/install/rclc/lib:/root/ros_ws/src/Rescue_Car_ws/install/composition_interfaces/lib:/root/ros_ws/src/Rescue_Car_ws/install/rcl_interfaces/lib:/root/ros_ws/src/Rescue_Car_ws/install/micro_ros_utilities/lib:/root/ros_ws/src/Rescue_Car_ws/install/micro_ros_agent/lib:/root/ros_ws/src/Rescue_Car_ws/install/micro_ros_msgs/lib:/root/ros_ws/src/Rescue_Car_ws/install/lifecycle_msgs/lib:/root/ros_ws/src/Rescue_Car_ws/install/complex_msgs/lib:/usr/lib/x86_64-linux-gnu/gazebo-11/plugins:/opt/ros/humble/opt/rviz_ogre_vendor/lib:/opt/ros/humble/lib/x86_64-linux-gnu:/opt/ros/humble/lib /usr/bin/cmake --install /root/ros_ws/src/Rescue_Car_ws/build/visualization_msgs
