[0.274s] Invoking command in '/root/ros_ws/src/Rescue_Car_ws/build/shape_msgs': CMAKE_PREFIX_PATH=/root/ros_ws/src/Rescue_Car_ws/install/geometry_msgs:/root/ros_ws/src/Rescue_Car_ws/install/std_msgs:/root/ros_ws/src/Rescue_Car_ws/install/builtin_interfaces:/root/ros_ws/src/Rescue_Car_ws/install/micro_ros_demos_rclc:/root/ros_ws/src/Rescue_Car_ws/install/common_interfaces:/root/ros_ws/src/Rescue_Car_ws/install/visualization_msgs:/root/ros_ws/src/Rescue_Car_ws/install/test_msgs:/root/ros_ws/src/Rescue_Car_ws/install/example_interfaces:/root/ros_ws/src/Rescue_Car_ws/install/action_msgs:/root/ros_ws/src/Rescue_Car_ws/install/unique_identifier_msgs:/root/ros_ws/src/Rescue_Car_ws/install/trajectory_msgs:/root/ros_ws/src/Rescue_Car_ws/install/stereo_msgs:/root/ros_ws/src/Rescue_Car_ws/install/std_srvs:/root/ros_ws/src/Rescue_Car_ws/install/shape_msgs:/root/ros_ws/src/Rescue_Car_ws/install/sensor_msgs:/root/ros_ws/src/Rescue_Car_ws/install/nav_msgs:/root/ros_ws/src/Rescue_Car_ws/install/diagnostic_msgs:/root/ros_ws/src/Rescue_Car_ws/install/actionlib_msgs:/root/ros_ws/src/Rescue_Car_ws/install/statistics_msgs:/root/ros_ws/src/Rescue_Car_ws/install/rosidl_typesupport_microxrcedds_test_msg:/root/ros_ws/src/Rescue_Car_ws/install/rosidl_typesupport_microxrcedds_cpp_tests:/root/ros_ws/src/Rescue_Car_ws/install/rmw_microxrcedds:/root/ros_ws/src/Rescue_Car_ws/install/rosidl_typesupport_microxrcedds_cpp:/root/ros_ws/src/Rescue_Car_ws/install/rosidl_typesupport_microxrcedds_c_tests:/root/ros_ws/src/Rescue_Car_ws/install/rosidl_typesupport_microxrcedds_c:/root/ros_ws/src/Rescue_Car_ws/install/rosgraph_msgs:/root/ros_ws/src/Rescue_Car_ws/install/rclc_parameter:/root/ros_ws/src/Rescue_Car_ws/install/rclc:/root/ros_ws/src/Rescue_Car_ws/install/composition_interfaces:/root/ros_ws/src/Rescue_Car_ws/install/rcl_interfaces:/root/ros_ws/src/Rescue_Car_ws/install/microxrcedds_client:/root/ros_ws/src/Rescue_Car_ws/install/microcdr:/root/ros_ws/src/Rescue_Car_ws/install/micro_ros_utilities:/root/ros_ws/src/Rescue_Car_ws/install/micro_ros_setup:/root/ros_ws/src/Rescue_Car_ws/install/micro_ros_agent:/root/ros_ws/src/Rescue_Car_ws/install/micro_ros_msgs:/root/ros_ws/src/Rescue_Car_ws/install/lifecycle_msgs:/root/ros_ws/src/Rescue_Car_ws/install/complex_msgs:/root/ros_ws/src/Rescue_Car_ws/install/car:/root/ros_ws/src/Rescue_Car_ws/install/sensor_msgs_py:/opt/ros/humble LD_LIBRARY_PATH=/root/ros_ws/src/Rescue_Car_ws/install/geometry_msgs/lib:/root/ros_ws/src/Rescue_Car_ws/install/std_msgs/lib:/root/ros_ws/src/Rescue_Car_ws/install/builtin_interfaces/lib:/root/ros_ws/src/Rescue_Car_ws/install/visualization_msgs/lib:/root/ros_ws/src/Rescue_Car_ws/install/test_msgs/lib:/root/ros_ws/src/Rescue_Car_ws/install/example_interfaces/lib:/root/ros_ws/src/Rescue_Car_ws/install/action_msgs/lib:/root/ros_ws/src/Rescue_Car_ws/install/unique_identifier_msgs/lib:/root/ros_ws/src/Rescue_Car_ws/install/trajectory_msgs/lib:/root/ros_ws/src/Rescue_Car_ws/install/stereo_msgs/lib:/root/ros_ws/src/Rescue_Car_ws/install/std_srvs/lib:/root/ros_ws/src/Rescue_Car_ws/install/shape_msgs/lib:/root/ros_ws/src/Rescue_Car_ws/install/sensor_msgs/lib:/root/ros_ws/src/Rescue_Car_ws/install/nav_msgs/lib:/root/ros_ws/src/Rescue_Car_ws/install/diagnostic_msgs/lib:/root/ros_ws/src/Rescue_Car_ws/install/actionlib_msgs/lib:/root/ros_ws/src/Rescue_Car_ws/install/statistics_msgs/lib:/root/ros_ws/src/Rescue_Car_ws/install/rosidl_typesupport_microxrcedds_test_msg/lib:/root/ros_ws/src/Rescue_Car_ws/install/rmw_microxrcedds/lib:/root/ros_ws/src/Rescue_Car_ws/install/rosidl_typesupport_microxrcedds_cpp/lib:/root/ros_ws/src/Rescue_Car_ws/install/rosidl_typesupport_microxrcedds_c/lib:/root/ros_ws/src/Rescue_Car_ws/install/rosgraph_msgs/lib:/root/ros_ws/src/Rescue_Car_ws/install/rclc_parameter/lib:/root/ros_ws/src/Rescue_Car_ws/install/rclc/lib:/root/ros_ws/src/Rescue_Car_ws/install/composition_interfaces/lib:/root/ros_ws/src/Rescue_Car_ws/install/rcl_interfaces/lib:/root/ros_ws/src/Rescue_Car_ws/install/micro_ros_utilities/lib:/root/ros_ws/src/Rescue_Car_ws/install/micro_ros_agent/lib:/root/ros_ws/src/Rescue_Car_ws/install/micro_ros_msgs/lib:/root/ros_ws/src/Rescue_Car_ws/install/lifecycle_msgs/lib:/root/ros_ws/src/Rescue_Car_ws/install/complex_msgs/lib:/usr/lib/x86_64-linux-gnu/gazebo-11/plugins:/opt/ros/humble/opt/rviz_ogre_vendor/lib:/opt/ros/humble/lib/x86_64-linux-gnu:/opt/ros/humble/lib /usr/bin/cmake --build /root/ros_ws/src/Rescue_Car_ws/build/shape_msgs -- -j20 -l20
[0.370s] [  1%] Built target shape_msgs__cpp
[0.380s] [ 12%] Built target shape_msgs__rosidl_generator_c
[0.400s] [ 12%] Built target ament_cmake_python_copy_shape_msgs
[0.440s] [ 23%] Built target shape_msgs__rosidl_typesupport_introspection_cpp
[0.446s] [ 34%] Built target shape_msgs__rosidl_typesupport_fastrtps_cpp
[0.449s] [ 45%] Built target shape_msgs__rosidl_typesupport_cpp
[0.449s] [ 56%] Built target shape_msgs__rosidl_typesupport_introspection_c
[0.452s] [ 67%] Built target shape_msgs__rosidl_typesupport_fastrtps_c
[0.457s] [ 78%] Built target shape_msgs__rosidl_typesupport_c
[0.498s] [ 78%] Built target shape_msgs
[0.547s] [ 80%] Built target shape_msgs__py
[0.587s] [ 89%] Built target shape_msgs__rosidl_generator_py
[0.619s] [ 96%] Built target shape_msgs__rosidl_typesupport_fastrtps_c__pyext
[0.619s] [ 96%] Built target shape_msgs__rosidl_typesupport_c__pyext
[0.619s] [100%] Built target shape_msgs__rosidl_typesupport_introspection_c__pyext
[0.684s] running egg_info
[0.685s] writing shape_msgs.egg-info/PKG-INFO
[0.685s] writing dependency_links to shape_msgs.egg-info/dependency_links.txt
[0.685s] writing top-level names to shape_msgs.egg-info/top_level.txt
[0.687s] reading manifest file 'shape_msgs.egg-info/SOURCES.txt'
[0.687s] writing manifest file 'shape_msgs.egg-info/SOURCES.txt'
[0.720s] [100%] Built target ament_cmake_python_build_shape_msgs_egg
[0.866s] Invoked command in '/root/ros_ws/src/Rescue_Car_ws/build/shape_msgs' returned '0': CMAKE_PREFIX_PATH=/root/ros_ws/src/Rescue_Car_ws/install/geometry_msgs:/root/ros_ws/src/Rescue_Car_ws/install/std_msgs:/root/ros_ws/src/Rescue_Car_ws/install/builtin_interfaces:/root/ros_ws/src/Rescue_Car_ws/install/micro_ros_demos_rclc:/root/ros_ws/src/Rescue_Car_ws/install/common_interfaces:/root/ros_ws/src/Rescue_Car_ws/install/visualization_msgs:/root/ros_ws/src/Rescue_Car_ws/install/test_msgs:/root/ros_ws/src/Rescue_Car_ws/install/example_interfaces:/root/ros_ws/src/Rescue_Car_ws/install/action_msgs:/root/ros_ws/src/Rescue_Car_ws/install/unique_identifier_msgs:/root/ros_ws/src/Rescue_Car_ws/install/trajectory_msgs:/root/ros_ws/src/Rescue_Car_ws/install/stereo_msgs:/root/ros_ws/src/Rescue_Car_ws/install/std_srvs:/root/ros_ws/src/Rescue_Car_ws/install/shape_msgs:/root/ros_ws/src/Rescue_Car_ws/install/sensor_msgs:/root/ros_ws/src/Rescue_Car_ws/install/nav_msgs:/root/ros_ws/src/Rescue_Car_ws/install/diagnostic_msgs:/root/ros_ws/src/Rescue_Car_ws/install/actionlib_msgs:/root/ros_ws/src/Rescue_Car_ws/install/statistics_msgs:/root/ros_ws/src/Rescue_Car_ws/install/rosidl_typesupport_microxrcedds_test_msg:/root/ros_ws/src/Rescue_Car_ws/install/rosidl_typesupport_microxrcedds_cpp_tests:/root/ros_ws/src/Rescue_Car_ws/install/rmw_microxrcedds:/root/ros_ws/src/Rescue_Car_ws/install/rosidl_typesupport_microxrcedds_cpp:/root/ros_ws/src/Rescue_Car_ws/install/rosidl_typesupport_microxrcedds_c_tests:/root/ros_ws/src/Rescue_Car_ws/install/rosidl_typesupport_microxrcedds_c:/root/ros_ws/src/Rescue_Car_ws/install/rosgraph_msgs:/root/ros_ws/src/Rescue_Car_ws/install/rclc_parameter:/root/ros_ws/src/Rescue_Car_ws/install/rclc:/root/ros_ws/src/Rescue_Car_ws/install/composition_interfaces:/root/ros_ws/src/Rescue_Car_ws/install/rcl_interfaces:/root/ros_ws/src/Rescue_Car_ws/install/microxrcedds_client:/root/ros_ws/src/Rescue_Car_ws/install/microcdr:/root/ros_ws/src/Rescue_Car_ws/install/micro_ros_utilities:/root/ros_ws/src/Rescue_Car_ws/install/micro_ros_setup:/root/ros_ws/src/Rescue_Car_ws/install/micro_ros_agent:/root/ros_ws/src/Rescue_Car_ws/install/micro_ros_msgs:/root/ros_ws/src/Rescue_Car_ws/install/lifecycle_msgs:/root/ros_ws/src/Rescue_Car_ws/install/complex_msgs:/root/ros_ws/src/Rescue_Car_ws/install/car:/root/ros_ws/src/Rescue_Car_ws/install/sensor_msgs_py:/opt/ros/humble LD_LIBRARY_PATH=/root/ros_ws/src/Rescue_Car_ws/install/geometry_msgs/lib:/root/ros_ws/src/Rescue_Car_ws/install/std_msgs/lib:/root/ros_ws/src/Rescue_Car_ws/install/builtin_interfaces/lib:/root/ros_ws/src/Rescue_Car_ws/install/visualization_msgs/lib:/root/ros_ws/src/Rescue_Car_ws/install/test_msgs/lib:/root/ros_ws/src/Rescue_Car_ws/install/example_interfaces/lib:/root/ros_ws/src/Rescue_Car_ws/install/action_msgs/lib:/root/ros_ws/src/Rescue_Car_ws/install/unique_identifier_msgs/lib:/root/ros_ws/src/Rescue_Car_ws/install/trajectory_msgs/lib:/root/ros_ws/src/Rescue_Car_ws/install/stereo_msgs/lib:/root/ros_ws/src/Rescue_Car_ws/install/std_srvs/lib:/root/ros_ws/src/Rescue_Car_ws/install/shape_msgs/lib:/root/ros_ws/src/Rescue_Car_ws/install/sensor_msgs/lib:/root/ros_ws/src/Rescue_Car_ws/install/nav_msgs/lib:/root/ros_ws/src/Rescue_Car_ws/install/diagnostic_msgs/lib:/root/ros_ws/src/Rescue_Car_ws/install/actionlib_msgs/lib:/root/ros_ws/src/Rescue_Car_ws/install/statistics_msgs/lib:/root/ros_ws/src/Rescue_Car_ws/install/rosidl_typesupport_microxrcedds_test_msg/lib:/root/ros_ws/src/Rescue_Car_ws/install/rmw_microxrcedds/lib:/root/ros_ws/src/Rescue_Car_ws/install/rosidl_typesupport_microxrcedds_cpp/lib:/root/ros_ws/src/Rescue_Car_ws/install/rosidl_typesupport_microxrcedds_c/lib:/root/ros_ws/src/Rescue_Car_ws/install/rosgraph_msgs/lib:/root/ros_ws/src/Rescue_Car_ws/install/rclc_parameter/lib:/root/ros_ws/src/Rescue_Car_ws/install/rclc/lib:/root/ros_ws/src/Rescue_Car_ws/install/composition_interfaces/lib:/root/ros_ws/src/Rescue_Car_ws/install/rcl_interfaces/lib:/root/ros_ws/src/Rescue_Car_ws/install/micro_ros_utilities/lib:/root/ros_ws/src/Rescue_Car_ws/install/micro_ros_agent/lib:/root/ros_ws/src/Rescue_Car_ws/install/micro_ros_msgs/lib:/root/ros_ws/src/Rescue_Car_ws/install/lifecycle_msgs/lib:/root/ros_ws/src/Rescue_Car_ws/install/complex_msgs/lib:/usr/lib/x86_64-linux-gnu/gazebo-11/plugins:/opt/ros/humble/opt/rviz_ogre_vendor/lib:/opt/ros/humble/lib/x86_64-linux-gnu:/opt/ros/humble/lib /usr/bin/cmake --build /root/ros_ws/src/Rescue_Car_ws/build/shape_msgs -- -j20 -l20
[0.867s] Invoking command in '/root/ros_ws/src/Rescue_Car_ws/build/shape_msgs': CMAKE_PREFIX_PATH=/root/ros_ws/src/Rescue_Car_ws/install/geometry_msgs:/root/ros_ws/src/Rescue_Car_ws/install/std_msgs:/root/ros_ws/src/Rescue_Car_ws/install/builtin_interfaces:/root/ros_ws/src/Rescue_Car_ws/install/micro_ros_demos_rclc:/root/ros_ws/src/Rescue_Car_ws/install/common_interfaces:/root/ros_ws/src/Rescue_Car_ws/install/visualization_msgs:/root/ros_ws/src/Rescue_Car_ws/install/test_msgs:/root/ros_ws/src/Rescue_Car_ws/install/example_interfaces:/root/ros_ws/src/Rescue_Car_ws/install/action_msgs:/root/ros_ws/src/Rescue_Car_ws/install/unique_identifier_msgs:/root/ros_ws/src/Rescue_Car_ws/install/trajectory_msgs:/root/ros_ws/src/Rescue_Car_ws/install/stereo_msgs:/root/ros_ws/src/Rescue_Car_ws/install/std_srvs:/root/ros_ws/src/Rescue_Car_ws/install/shape_msgs:/root/ros_ws/src/Rescue_Car_ws/install/sensor_msgs:/root/ros_ws/src/Rescue_Car_ws/install/nav_msgs:/root/ros_ws/src/Rescue_Car_ws/install/diagnostic_msgs:/root/ros_ws/src/Rescue_Car_ws/install/actionlib_msgs:/root/ros_ws/src/Rescue_Car_ws/install/statistics_msgs:/root/ros_ws/src/Rescue_Car_ws/install/rosidl_typesupport_microxrcedds_test_msg:/root/ros_ws/src/Rescue_Car_ws/install/rosidl_typesupport_microxrcedds_cpp_tests:/root/ros_ws/src/Rescue_Car_ws/install/rmw_microxrcedds:/root/ros_ws/src/Rescue_Car_ws/install/rosidl_typesupport_microxrcedds_cpp:/root/ros_ws/src/Rescue_Car_ws/install/rosidl_typesupport_microxrcedds_c_tests:/root/ros_ws/src/Rescue_Car_ws/install/rosidl_typesupport_microxrcedds_c:/root/ros_ws/src/Rescue_Car_ws/install/rosgraph_msgs:/root/ros_ws/src/Rescue_Car_ws/install/rclc_parameter:/root/ros_ws/src/Rescue_Car_ws/install/rclc:/root/ros_ws/src/Rescue_Car_ws/install/composition_interfaces:/root/ros_ws/src/Rescue_Car_ws/install/rcl_interfaces:/root/ros_ws/src/Rescue_Car_ws/install/microxrcedds_client:/root/ros_ws/src/Rescue_Car_ws/install/microcdr:/root/ros_ws/src/Rescue_Car_ws/install/micro_ros_utilities:/root/ros_ws/src/Rescue_Car_ws/install/micro_ros_setup:/root/ros_ws/src/Rescue_Car_ws/install/micro_ros_agent:/root/ros_ws/src/Rescue_Car_ws/install/micro_ros_msgs:/root/ros_ws/src/Rescue_Car_ws/install/lifecycle_msgs:/root/ros_ws/src/Rescue_Car_ws/install/complex_msgs:/root/ros_ws/src/Rescue_Car_ws/install/car:/root/ros_ws/src/Rescue_Car_ws/install/sensor_msgs_py:/opt/ros/humble LD_LIBRARY_PATH=/root/ros_ws/src/Rescue_Car_ws/install/geometry_msgs/lib:/root/ros_ws/src/Rescue_Car_ws/install/std_msgs/lib:/root/ros_ws/src/Rescue_Car_ws/install/builtin_interfaces/lib:/root/ros_ws/src/Rescue_Car_ws/install/visualization_msgs/lib:/root/ros_ws/src/Rescue_Car_ws/install/test_msgs/lib:/root/ros_ws/src/Rescue_Car_ws/install/example_interfaces/lib:/root/ros_ws/src/Rescue_Car_ws/install/action_msgs/lib:/root/ros_ws/src/Rescue_Car_ws/install/unique_identifier_msgs/lib:/root/ros_ws/src/Rescue_Car_ws/install/trajectory_msgs/lib:/root/ros_ws/src/Rescue_Car_ws/install/stereo_msgs/lib:/root/ros_ws/src/Rescue_Car_ws/install/std_srvs/lib:/root/ros_ws/src/Rescue_Car_ws/install/shape_msgs/lib:/root/ros_ws/src/Rescue_Car_ws/install/sensor_msgs/lib:/root/ros_ws/src/Rescue_Car_ws/install/nav_msgs/lib:/root/ros_ws/src/Rescue_Car_ws/install/diagnostic_msgs/lib:/root/ros_ws/src/Rescue_Car_ws/install/actionlib_msgs/lib:/root/ros_ws/src/Rescue_Car_ws/install/statistics_msgs/lib:/root/ros_ws/src/Rescue_Car_ws/install/rosidl_typesupport_microxrcedds_test_msg/lib:/root/ros_ws/src/Rescue_Car_ws/install/rmw_microxrcedds/lib:/root/ros_ws/src/Rescue_Car_ws/install/rosidl_typesupport_microxrcedds_cpp/lib:/root/ros_ws/src/Rescue_Car_ws/install/rosidl_typesupport_microxrcedds_c/lib:/root/ros_ws/src/Rescue_Car_ws/install/rosgraph_msgs/lib:/root/ros_ws/src/Rescue_Car_ws/install/rclc_parameter/lib:/root/ros_ws/src/Rescue_Car_ws/install/rclc/lib:/root/ros_ws/src/Rescue_Car_ws/install/composition_interfaces/lib:/root/ros_ws/src/Rescue_Car_ws/install/rcl_interfaces/lib:/root/ros_ws/src/Rescue_Car_ws/install/micro_ros_utilities/lib:/root/ros_ws/src/Rescue_Car_ws/install/micro_ros_agent/lib:/root/ros_ws/src/Rescue_Car_ws/install/micro_ros_msgs/lib:/root/ros_ws/src/Rescue_Car_ws/install/lifecycle_msgs/lib:/root/ros_ws/src/Rescue_Car_ws/install/complex_msgs/lib:/usr/lib/x86_64-linux-gnu/gazebo-11/plugins:/opt/ros/humble/opt/rviz_ogre_vendor/lib:/opt/ros/humble/lib/x86_64-linux-gnu:/opt/ros/humble/lib /usr/bin/cmake --install /root/ros_ws/src/Rescue_Car_ws/build/shape_msgs
[0.870s] -- Install configuration: ""
[0.870s] -- Up-to-date: /root/ros_ws/src/Rescue_Car_ws/install/shape_msgs/share/ament_index/resource_index/rosidl_interfaces/shape_msgs
[0.870s] -- Up-to-date: /root/ros_ws/src/Rescue_Car_ws/install/shape_msgs/include/shape_msgs/shape_msgs
[0.870s] -- Up-to-date: /root/ros_ws/src/Rescue_Car_ws/install/shape_msgs/include/shape_msgs/shape_msgs/msg
[0.870s] -- Up-to-date: /root/ros_ws/src/Rescue_Car_ws/install/shape_msgs/include/shape_msgs/shape_msgs/msg/mesh_triangle.h
[0.870s] -- Up-to-date: /root/ros_ws/src/Rescue_Car_ws/install/shape_msgs/include/shape_msgs/shape_msgs/msg/detail
[0.871s] -- Up-to-date: /root/ros_ws/src/Rescue_Car_ws/install/shape_msgs/include/shape_msgs/shape_msgs/msg/detail/mesh__struct.h
[0.871s] -- Up-to-date: /root/ros_ws/src/Rescue_Car_ws/install/shape_msgs/include/shape_msgs/shape_msgs/msg/detail/plane__struct.h
[0.871s] -- Up-to-date: /root/ros_ws/src/Rescue_Car_ws/install/shape_msgs/include/shape_msgs/shape_msgs/msg/detail/plane__functions.h
[0.871s] -- Up-to-date: /root/ros_ws/src/Rescue_Car_ws/install/shape_msgs/include/shape_msgs/shape_msgs/msg/detail/mesh_triangle__type_support.h
[0.871s] -- Up-to-date: /root/ros_ws/src/Rescue_Car_ws/install/shape_msgs/include/shape_msgs/shape_msgs/msg/detail/mesh_triangle__functions.c
[0.871s] -- Up-to-date: /root/ros_ws/src/Rescue_Car_ws/install/shape_msgs/include/shape_msgs/shape_msgs/msg/detail/mesh__functions.h
[0.871s] -- Up-to-date: /root/ros_ws/src/Rescue_Car_ws/install/shape_msgs/include/shape_msgs/shape_msgs/msg/detail/solid_primitive__type_support.h
[0.871s] -- Up-to-date: /root/ros_ws/src/Rescue_Car_ws/install/shape_msgs/include/shape_msgs/shape_msgs/msg/detail/mesh__type_support.h
[0.871s] -- Up-to-date: /root/ros_ws/src/Rescue_Car_ws/install/shape_msgs/include/shape_msgs/shape_msgs/msg/detail/mesh_triangle__functions.h
[0.871s] -- Up-to-date: /root/ros_ws/src/Rescue_Car_ws/install/shape_msgs/include/shape_msgs/shape_msgs/msg/detail/solid_primitive__functions.h
[0.871s] -- Up-to-date: /root/ros_ws/src/Rescue_Car_ws/install/shape_msgs/include/shape_msgs/shape_msgs/msg/detail/mesh__functions.c
[0.871s] -- Up-to-date: /root/ros_ws/src/Rescue_Car_ws/install/shape_msgs/include/shape_msgs/shape_msgs/msg/detail/mesh_triangle__struct.h
[0.872s] -- Up-to-date: /root/ros_ws/src/Rescue_Car_ws/install/shape_msgs/include/shape_msgs/shape_msgs/msg/detail/solid_primitive__struct.h
[0.872s] -- Up-to-date: /root/ros_ws/src/Rescue_Car_ws/install/shape_msgs/include/shape_msgs/shape_msgs/msg/detail/plane__functions.c
[0.872s] -- Up-to-date: /root/ros_ws/src/Rescue_Car_ws/install/shape_msgs/include/shape_msgs/shape_msgs/msg/detail/solid_primitive__functions.c
[0.872s] -- Up-to-date: /root/ros_ws/src/Rescue_Car_ws/install/shape_msgs/include/shape_msgs/shape_msgs/msg/detail/plane__type_support.h
[0.872s] -- Up-to-date: /root/ros_ws/src/Rescue_Car_ws/install/shape_msgs/include/shape_msgs/shape_msgs/msg/mesh.h
[0.872s] -- Up-to-date: /root/ros_ws/src/Rescue_Car_ws/install/shape_msgs/include/shape_msgs/shape_msgs/msg/rosidl_generator_c__visibility_control.h
[0.872s] -- Up-to-date: /root/ros_ws/src/Rescue_Car_ws/install/shape_msgs/include/shape_msgs/shape_msgs/msg/plane.h
[0.873s] -- Up-to-date: /root/ros_ws/src/Rescue_Car_ws/install/shape_msgs/include/shape_msgs/shape_msgs/msg/solid_primitive.h
[0.873s] -- Up-to-date: /root/ros_ws/src/Rescue_Car_ws/install/shape_msgs/share/shape_msgs/environment/library_path.sh
[0.873s] -- Up-to-date: /root/ros_ws/src/Rescue_Car_ws/install/shape_msgs/share/shape_msgs/environment/library_path.dsv
[0.873s] -- Up-to-date: /root/ros_ws/src/Rescue_Car_ws/install/shape_msgs/lib/libshape_msgs__rosidl_generator_c.so
[0.873s] -- Up-to-date: /root/ros_ws/src/Rescue_Car_ws/install/shape_msgs/include/shape_msgs/shape_msgs
[0.873s] -- Up-to-date: /root/ros_ws/src/Rescue_Car_ws/install/shape_msgs/include/shape_msgs/shape_msgs/msg
[0.873s] -- Up-to-date: /root/ros_ws/src/Rescue_Car_ws/install/shape_msgs/include/shape_msgs/shape_msgs/msg/detail
[0.873s] -- Up-to-date: /root/ros_ws/src/Rescue_Car_ws/install/shape_msgs/include/shape_msgs/shape_msgs/msg/detail/mesh__rosidl_typesupport_fastrtps_c.h
[0.873s] -- Up-to-date: /root/ros_ws/src/Rescue_Car_ws/install/shape_msgs/include/shape_msgs/shape_msgs/msg/detail/mesh_triangle__rosidl_typesupport_fastrtps_c.h
[0.873s] -- Up-to-date: /root/ros_ws/src/Rescue_Car_ws/install/shape_msgs/include/shape_msgs/shape_msgs/msg/detail/plane__rosidl_typesupport_fastrtps_c.h
[0.874s] -- Up-to-date: /root/ros_ws/src/Rescue_Car_ws/install/shape_msgs/include/shape_msgs/shape_msgs/msg/detail/solid_primitive__rosidl_typesupport_fastrtps_c.h
[0.874s] -- Up-to-date: /root/ros_ws/src/Rescue_Car_ws/install/shape_msgs/include/shape_msgs/shape_msgs/msg/rosidl_typesupport_fastrtps_c__visibility_control.h
[0.874s] -- Up-to-date: /root/ros_ws/src/Rescue_Car_ws/install/shape_msgs/lib/libshape_msgs__rosidl_typesupport_fastrtps_c.so
[0.874s] -- Up-to-date: /root/ros_ws/src/Rescue_Car_ws/install/shape_msgs/include/shape_msgs/shape_msgs
[0.874s] -- Up-to-date: /root/ros_ws/src/Rescue_Car_ws/install/shape_msgs/include/shape_msgs/shape_msgs/msg
[0.874s] -- Up-to-date: /root/ros_ws/src/Rescue_Car_ws/install/shape_msgs/include/shape_msgs/shape_msgs/msg/mesh.hpp
[0.874s] -- Up-to-date: /root/ros_ws/src/Rescue_Car_ws/install/shape_msgs/include/shape_msgs/shape_msgs/msg/rosidl_generator_cpp__visibility_control.hpp
[0.874s] -- Up-to-date: /root/ros_ws/src/Rescue_Car_ws/install/shape_msgs/include/shape_msgs/shape_msgs/msg/mesh_triangle.hpp
[0.874s] -- Up-to-date: /root/ros_ws/src/Rescue_Car_ws/install/shape_msgs/include/shape_msgs/shape_msgs/msg/detail
[0.874s] -- Up-to-date: /root/ros_ws/src/Rescue_Car_ws/install/shape_msgs/include/shape_msgs/shape_msgs/msg/detail/mesh__builder.hpp
[0.875s] -- Up-to-date: /root/ros_ws/src/Rescue_Car_ws/install/shape_msgs/include/shape_msgs/shape_msgs/msg/detail/plane__builder.hpp
[0.875s] -- Up-to-date: /root/ros_ws/src/Rescue_Car_ws/install/shape_msgs/include/shape_msgs/shape_msgs/msg/detail/mesh_triangle__type_support.hpp
[0.875s] -- Up-to-date: /root/ros_ws/src/Rescue_Car_ws/install/shape_msgs/include/shape_msgs/shape_msgs/msg/detail/mesh_triangle__traits.hpp
[0.875s] -- Up-to-date: /root/ros_ws/src/Rescue_Car_ws/install/shape_msgs/include/shape_msgs/shape_msgs/msg/detail/solid_primitive__builder.hpp
[0.875s] -- Up-to-date: /root/ros_ws/src/Rescue_Car_ws/install/shape_msgs/include/shape_msgs/shape_msgs/msg/detail/mesh_triangle__builder.hpp
[0.875s] -- Up-to-date: /root/ros_ws/src/Rescue_Car_ws/install/shape_msgs/include/shape_msgs/shape_msgs/msg/detail/mesh_triangle__struct.hpp
[0.875s] -- Up-to-date: /root/ros_ws/src/Rescue_Car_ws/install/shape_msgs/include/shape_msgs/shape_msgs/msg/detail/solid_primitive__type_support.hpp
[0.875s] -- Up-to-date: /root/ros_ws/src/Rescue_Car_ws/install/shape_msgs/include/shape_msgs/shape_msgs/msg/detail/plane__struct.hpp
[0.875s] -- Up-to-date: /root/ros_ws/src/Rescue_Car_ws/install/shape_msgs/include/shape_msgs/shape_msgs/msg/detail/mesh__struct.hpp
[0.875s] -- Up-to-date: /root/ros_ws/src/Rescue_Car_ws/install/shape_msgs/include/shape_msgs/shape_msgs/msg/detail/mesh__traits.hpp
[0.875s] -- Up-to-date: /root/ros_ws/src/Rescue_Car_ws/install/shape_msgs/include/shape_msgs/shape_msgs/msg/detail/plane__type_support.hpp
[0.876s] -- Up-to-date: /root/ros_ws/src/Rescue_Car_ws/install/shape_msgs/include/shape_msgs/shape_msgs/msg/detail/plane__traits.hpp
[0.876s] -- Up-to-date: /root/ros_ws/src/Rescue_Car_ws/install/shape_msgs/include/shape_msgs/shape_msgs/msg/detail/mesh__type_support.hpp
[0.876s] -- Up-to-date: /root/ros_ws/src/Rescue_Car_ws/install/shape_msgs/include/shape_msgs/shape_msgs/msg/detail/solid_primitive__struct.hpp
[0.876s] -- Up-to-date: /root/ros_ws/src/Rescue_Car_ws/install/shape_msgs/include/shape_msgs/shape_msgs/msg/detail/solid_primitive__traits.hpp
[0.876s] -- Up-to-date: /root/ros_ws/src/Rescue_Car_ws/install/shape_msgs/include/shape_msgs/shape_msgs/msg/plane.hpp
[0.876s] -- Up-to-date: /root/ros_ws/src/Rescue_Car_ws/install/shape_msgs/include/shape_msgs/shape_msgs/msg/solid_primitive.hpp
[0.876s] -- Up-to-date: /root/ros_ws/src/Rescue_Car_ws/install/shape_msgs/include/shape_msgs/shape_msgs
[0.876s] -- Up-to-date: /root/ros_ws/src/Rescue_Car_ws/install/shape_msgs/include/shape_msgs/shape_msgs/msg
[0.876s] -- Up-to-date: /root/ros_ws/src/Rescue_Car_ws/install/shape_msgs/include/shape_msgs/shape_msgs/msg/rosidl_typesupport_fastrtps_cpp__visibility_control.h
[0.876s] -- Up-to-date: /root/ros_ws/src/Rescue_Car_ws/install/shape_msgs/include/shape_msgs/shape_msgs/msg/detail
[0.876s] -- Up-to-date: /root/ros_ws/src/Rescue_Car_ws/install/shape_msgs/include/shape_msgs/shape_msgs/msg/detail/solid_primitive__rosidl_typesupport_fastrtps_cpp.hpp
[0.877s] -- Up-to-date: /root/ros_ws/src/Rescue_Car_ws/install/shape_msgs/include/shape_msgs/shape_msgs/msg/detail/dds_fastrtps
[0.877s] -- Up-to-date: /root/ros_ws/src/Rescue_Car_ws/install/shape_msgs/include/shape_msgs/shape_msgs/msg/detail/plane__rosidl_typesupport_fastrtps_cpp.hpp
[0.877s] -- Up-to-date: /root/ros_ws/src/Rescue_Car_ws/install/shape_msgs/include/shape_msgs/shape_msgs/msg/detail/mesh_triangle__rosidl_typesupport_fastrtps_cpp.hpp
[0.877s] -- Up-to-date: /root/ros_ws/src/Rescue_Car_ws/install/shape_msgs/include/shape_msgs/shape_msgs/msg/detail/mesh__rosidl_typesupport_fastrtps_cpp.hpp
[0.877s] -- Up-to-date: /root/ros_ws/src/Rescue_Car_ws/install/shape_msgs/lib/libshape_msgs__rosidl_typesupport_fastrtps_cpp.so
[0.878s] -- Up-to-date: /root/ros_ws/src/Rescue_Car_ws/install/shape_msgs/include/shape_msgs/shape_msgs
[0.878s] -- Up-to-date: /root/ros_ws/src/Rescue_Car_ws/install/shape_msgs/include/shape_msgs/shape_msgs/msg
[0.878s] -- Up-to-date: /root/ros_ws/src/Rescue_Car_ws/install/shape_msgs/include/shape_msgs/shape_msgs/msg/rosidl_typesupport_introspection_c__visibility_control.h
[0.878s] -- Up-to-date: /root/ros_ws/src/Rescue_Car_ws/install/shape_msgs/include/shape_msgs/shape_msgs/msg/detail
[0.878s] -- Up-to-date: /root/ros_ws/src/Rescue_Car_ws/install/shape_msgs/include/shape_msgs/shape_msgs/msg/detail/plane__rosidl_typesupport_introspection_c.h
[0.878s] -- Up-to-date: /root/ros_ws/src/Rescue_Car_ws/install/shape_msgs/include/shape_msgs/shape_msgs/msg/detail/mesh_triangle__rosidl_typesupport_introspection_c.h
[0.878s] -- Up-to-date: /root/ros_ws/src/Rescue_Car_ws/install/shape_msgs/include/shape_msgs/shape_msgs/msg/detail/mesh__rosidl_typesupport_introspection_c.h
[0.878s] -- Up-to-date: /root/ros_ws/src/Rescue_Car_ws/install/shape_msgs/include/shape_msgs/shape_msgs/msg/detail/plane__type_support.c
[0.878s] -- Up-to-date: /root/ros_ws/src/Rescue_Car_ws/install/shape_msgs/include/shape_msgs/shape_msgs/msg/detail/solid_primitive__type_support.c
[0.878s] -- Up-to-date: /root/ros_ws/src/Rescue_Car_ws/install/shape_msgs/include/shape_msgs/shape_msgs/msg/detail/mesh_triangle__type_support.c
[0.878s] -- Up-to-date: /root/ros_ws/src/Rescue_Car_ws/install/shape_msgs/include/shape_msgs/shape_msgs/msg/detail/solid_primitive__rosidl_typesupport_introspection_c.h
[0.879s] -- Up-to-date: /root/ros_ws/src/Rescue_Car_ws/install/shape_msgs/include/shape_msgs/shape_msgs/msg/detail/mesh__type_support.c
[0.879s] -- Up-to-date: /root/ros_ws/src/Rescue_Car_ws/install/shape_msgs/lib/libshape_msgs__rosidl_typesupport_introspection_c.so
[0.879s] -- Up-to-date: /root/ros_ws/src/Rescue_Car_ws/install/shape_msgs/lib/libshape_msgs__rosidl_typesupport_c.so
[0.879s] -- Up-to-date: /root/ros_ws/src/Rescue_Car_ws/install/shape_msgs/include/shape_msgs/shape_msgs
[0.879s] -- Up-to-date: /root/ros_ws/src/Rescue_Car_ws/install/shape_msgs/include/shape_msgs/shape_msgs/msg
[0.879s] -- Up-to-date: /root/ros_ws/src/Rescue_Car_ws/install/shape_msgs/include/shape_msgs/shape_msgs/msg/detail
[0.879s] -- Up-to-date: /root/ros_ws/src/Rescue_Car_ws/install/shape_msgs/include/shape_msgs/shape_msgs/msg/detail/mesh_triangle__type_support.cpp
[0.879s] -- Up-to-date: /root/ros_ws/src/Rescue_Car_ws/install/shape_msgs/include/shape_msgs/shape_msgs/msg/detail/solid_primitive__type_support.cpp
[0.879s] -- Up-to-date: /root/ros_ws/src/Rescue_Car_ws/install/shape_msgs/include/shape_msgs/shape_msgs/msg/detail/solid_primitive__rosidl_typesupport_introspection_cpp.hpp
[0.879s] -- Up-to-date: /root/ros_ws/src/Rescue_Car_ws/install/shape_msgs/include/shape_msgs/shape_msgs/msg/detail/plane__type_support.cpp
[0.879s] -- Up-to-date: /root/ros_ws/src/Rescue_Car_ws/install/shape_msgs/include/shape_msgs/shape_msgs/msg/detail/mesh__rosidl_typesupport_introspection_cpp.hpp
[0.879s] -- Up-to-date: /root/ros_ws/src/Rescue_Car_ws/install/shape_msgs/include/shape_msgs/shape_msgs/msg/detail/plane__rosidl_typesupport_introspection_cpp.hpp
[0.880s] -- Up-to-date: /root/ros_ws/src/Rescue_Car_ws/install/shape_msgs/include/shape_msgs/shape_msgs/msg/detail/mesh__type_support.cpp
[0.880s] -- Up-to-date: /root/ros_ws/src/Rescue_Car_ws/install/shape_msgs/include/shape_msgs/shape_msgs/msg/detail/mesh_triangle__rosidl_typesupport_introspection_cpp.hpp
[0.880s] -- Up-to-date: /root/ros_ws/src/Rescue_Car_ws/install/shape_msgs/lib/libshape_msgs__rosidl_typesupport_introspection_cpp.so
[0.881s] -- Up-to-date: /root/ros_ws/src/Rescue_Car_ws/install/shape_msgs/lib/libshape_msgs__rosidl_typesupport_cpp.so
[0.881s] -- Up-to-date: /root/ros_ws/src/Rescue_Car_ws/install/shape_msgs/share/shape_msgs/environment/pythonpath.sh
[0.881s] -- Up-to-date: /root/ros_ws/src/Rescue_Car_ws/install/shape_msgs/share/shape_msgs/environment/pythonpath.dsv
[0.881s] -- Up-to-date: /root/ros_ws/src/Rescue_Car_ws/install/shape_msgs/local/lib/python3.10/dist-packages/shape_msgs-4.9.0-py3.10.egg-info
[0.881s] -- Installing: /root/ros_ws/src/Rescue_Car_ws/install/shape_msgs/local/lib/python3.10/dist-packages/shape_msgs-4.9.0-py3.10.egg-info/dependency_links.txt
[0.881s] -- Installing: /root/ros_ws/src/Rescue_Car_ws/install/shape_msgs/local/lib/python3.10/dist-packages/shape_msgs-4.9.0-py3.10.egg-info/SOURCES.txt
[0.882s] -- Installing: /root/ros_ws/src/Rescue_Car_ws/install/shape_msgs/local/lib/python3.10/dist-packages/shape_msgs-4.9.0-py3.10.egg-info/PKG-INFO
[0.882s] -- Installing: /root/ros_ws/src/Rescue_Car_ws/install/shape_msgs/local/lib/python3.10/dist-packages/shape_msgs-4.9.0-py3.10.egg-info/top_level.txt
[0.882s] -- Up-to-date: /root/ros_ws/src/Rescue_Car_ws/install/shape_msgs/local/lib/python3.10/dist-packages/shape_msgs
[0.882s] -- Up-to-date: /root/ros_ws/src/Rescue_Car_ws/install/shape_msgs/local/lib/python3.10/dist-packages/shape_msgs/_shape_msgs_s.ep.rosidl_typesupport_fastrtps_c.c
[0.882s] -- Up-to-date: /root/ros_ws/src/Rescue_Car_ws/install/shape_msgs/local/lib/python3.10/dist-packages/shape_msgs/_shape_msgs_s.ep.rosidl_typesupport_c.c
[0.882s] -- Up-to-date: /root/ros_ws/src/Rescue_Car_ws/install/shape_msgs/local/lib/python3.10/dist-packages/shape_msgs/shape_msgs_s__rosidl_typesupport_c.cpython-310-x86_64-linux-gnu.so
[0.882s] -- Up-to-date: /root/ros_ws/src/Rescue_Car_ws/install/shape_msgs/local/lib/python3.10/dist-packages/shape_msgs/_shape_msgs_s.ep.rosidl_typesupport_introspection_c.c
[0.882s] -- Up-to-date: /root/ros_ws/src/Rescue_Car_ws/install/shape_msgs/local/lib/python3.10/dist-packages/shape_msgs/shape_msgs_s__rosidl_typesupport_introspection_c.cpython-310-x86_64-linux-gnu.so
[0.882s] -- Up-to-date: /root/ros_ws/src/Rescue_Car_ws/install/shape_msgs/local/lib/python3.10/dist-packages/shape_msgs/libshape_msgs__rosidl_generator_py.so
[0.882s] -- Up-to-date: /root/ros_ws/src/Rescue_Car_ws/install/shape_msgs/local/lib/python3.10/dist-packages/shape_msgs/__init__.py
[0.882s] -- Up-to-date: /root/ros_ws/src/Rescue_Car_ws/install/shape_msgs/local/lib/python3.10/dist-packages/shape_msgs/msg
[0.882s] -- Up-to-date: /root/ros_ws/src/Rescue_Car_ws/install/shape_msgs/local/lib/python3.10/dist-packages/shape_msgs/msg/_solid_primitive.py
[0.883s] -- Up-to-date: /root/ros_ws/src/Rescue_Car_ws/install/shape_msgs/local/lib/python3.10/dist-packages/shape_msgs/msg/_plane.py
[0.883s] -- Up-to-date: /root/ros_ws/src/Rescue_Car_ws/install/shape_msgs/local/lib/python3.10/dist-packages/shape_msgs/msg/_mesh.py
[0.883s] -- Up-to-date: /root/ros_ws/src/Rescue_Car_ws/install/shape_msgs/local/lib/python3.10/dist-packages/shape_msgs/msg/_solid_primitive_s.c
[0.883s] -- Up-to-date: /root/ros_ws/src/Rescue_Car_ws/install/shape_msgs/local/lib/python3.10/dist-packages/shape_msgs/msg/_mesh_triangle_s.c
[0.883s] -- Up-to-date: /root/ros_ws/src/Rescue_Car_ws/install/shape_msgs/local/lib/python3.10/dist-packages/shape_msgs/msg/_plane_s.c
[0.883s] -- Up-to-date: /root/ros_ws/src/Rescue_Car_ws/install/shape_msgs/local/lib/python3.10/dist-packages/shape_msgs/msg/_mesh_triangle.py
[0.883s] -- Up-to-date: /root/ros_ws/src/Rescue_Car_ws/install/shape_msgs/local/lib/python3.10/dist-packages/shape_msgs/msg/__init__.py
[0.883s] -- Up-to-date: /root/ros_ws/src/Rescue_Car_ws/install/shape_msgs/local/lib/python3.10/dist-packages/shape_msgs/msg/_mesh_s.c
[0.883s] -- Up-to-date: /root/ros_ws/src/Rescue_Car_ws/install/shape_msgs/local/lib/python3.10/dist-packages/shape_msgs/shape_msgs_s__rosidl_typesupport_fastrtps_c.cpython-310-x86_64-linux-gnu.so
[0.965s] Listing '/root/ros_ws/src/Rescue_Car_ws/install/shape_msgs/local/lib/python3.10/dist-packages/shape_msgs'...
[0.965s] Listing '/root/ros_ws/src/Rescue_Car_ws/install/shape_msgs/local/lib/python3.10/dist-packages/shape_msgs/msg'...
[0.965s] -- Up-to-date: /root/ros_ws/src/Rescue_Car_ws/install/shape_msgs/local/lib/python3.10/dist-packages/shape_msgs/shape_msgs_s__rosidl_typesupport_fastrtps_c.cpython-310-x86_64-linux-gnu.so
[0.965s] -- Up-to-date: /root/ros_ws/src/Rescue_Car_ws/install/shape_msgs/local/lib/python3.10/dist-packages/shape_msgs/shape_msgs_s__rosidl_typesupport_introspection_c.cpython-310-x86_64-linux-gnu.so
[0.965s] -- Up-to-date: /root/ros_ws/src/Rescue_Car_ws/install/shape_msgs/local/lib/python3.10/dist-packages/shape_msgs/shape_msgs_s__rosidl_typesupport_c.cpython-310-x86_64-linux-gnu.so
[0.965s] -- Up-to-date: /root/ros_ws/src/Rescue_Car_ws/install/shape_msgs/lib/libshape_msgs__rosidl_generator_py.so
[0.965s] -- Up-to-date: /root/ros_ws/src/Rescue_Car_ws/install/shape_msgs/share/shape_msgs/msg/Mesh.idl
[0.966s] -- Up-to-date: /root/ros_ws/src/Rescue_Car_ws/install/shape_msgs/share/shape_msgs/msg/MeshTriangle.idl
[0.966s] -- Up-to-date: /root/ros_ws/src/Rescue_Car_ws/install/shape_msgs/share/shape_msgs/msg/Plane.idl
[0.966s] -- Up-to-date: /root/ros_ws/src/Rescue_Car_ws/install/shape_msgs/share/shape_msgs/msg/SolidPrimitive.idl
[0.966s] -- Up-to-date: /root/ros_ws/src/Rescue_Car_ws/install/shape_msgs/share/shape_msgs/msg/Mesh.msg
[0.966s] -- Up-to-date: /root/ros_ws/src/Rescue_Car_ws/install/shape_msgs/share/shape_msgs/msg/MeshTriangle.msg
[0.966s] -- Up-to-date: /root/ros_ws/src/Rescue_Car_ws/install/shape_msgs/share/shape_msgs/msg/Plane.msg
[0.966s] -- Up-to-date: /root/ros_ws/src/Rescue_Car_ws/install/shape_msgs/share/shape_msgs/msg/SolidPrimitive.msg
[0.966s] -- Up-to-date: /root/ros_ws/src/Rescue_Car_ws/install/shape_msgs/share/ament_index/resource_index/package_run_dependencies/shape_msgs
[0.966s] -- Up-to-date: /root/ros_ws/src/Rescue_Car_ws/install/shape_msgs/share/ament_index/resource_index/parent_prefix_path/shape_msgs
[0.966s] -- Up-to-date: /root/ros_ws/src/Rescue_Car_ws/install/shape_msgs/share/shape_msgs/environment/ament_prefix_path.sh
[0.966s] -- Up-to-date: /root/ros_ws/src/Rescue_Car_ws/install/shape_msgs/share/shape_msgs/environment/ament_prefix_path.dsv
[0.967s] -- Up-to-date: /root/ros_ws/src/Rescue_Car_ws/install/shape_msgs/share/shape_msgs/environment/path.sh
[0.967s] -- Up-to-date: /root/ros_ws/src/Rescue_Car_ws/install/shape_msgs/share/shape_msgs/environment/path.dsv
[0.967s] -- Up-to-date: /root/ros_ws/src/Rescue_Car_ws/install/shape_msgs/share/shape_msgs/local_setup.bash
[0.967s] -- Up-to-date: /root/ros_ws/src/Rescue_Car_ws/install/shape_msgs/share/shape_msgs/local_setup.sh
[0.967s] -- Up-to-date: /root/ros_ws/src/Rescue_Car_ws/install/shape_msgs/share/shape_msgs/local_setup.zsh
[0.967s] -- Up-to-date: /root/ros_ws/src/Rescue_Car_ws/install/shape_msgs/share/shape_msgs/local_setup.dsv
[0.967s] -- Installing: /root/ros_ws/src/Rescue_Car_ws/install/shape_msgs/share/shape_msgs/package.dsv
[0.967s] -- Up-to-date: /root/ros_ws/src/Rescue_Car_ws/install/shape_msgs/share/ament_index/resource_index/packages/shape_msgs
[0.968s] -- Up-to-date: /root/ros_ws/src/Rescue_Car_ws/install/shape_msgs/share/shape_msgs/cmake/export_shape_msgs__rosidl_generator_cExport.cmake
[0.968s] -- Up-to-date: /root/ros_ws/src/Rescue_Car_ws/install/shape_msgs/share/shape_msgs/cmake/export_shape_msgs__rosidl_generator_cExport-noconfig.cmake
[0.968s] -- Up-to-date: /root/ros_ws/src/Rescue_Car_ws/install/shape_msgs/share/shape_msgs/cmake/export_shape_msgs__rosidl_typesupport_fastrtps_cExport.cmake
[0.968s] -- Up-to-date: /root/ros_ws/src/Rescue_Car_ws/install/shape_msgs/share/shape_msgs/cmake/export_shape_msgs__rosidl_typesupport_fastrtps_cExport-noconfig.cmake
[0.968s] -- Up-to-date: /root/ros_ws/src/Rescue_Car_ws/install/shape_msgs/share/shape_msgs/cmake/export_shape_msgs__rosidl_generator_cppExport.cmake
[0.969s] -- Up-to-date: /root/ros_ws/src/Rescue_Car_ws/install/shape_msgs/share/shape_msgs/cmake/export_shape_msgs__rosidl_typesupport_fastrtps_cppExport.cmake
[0.969s] -- Up-to-date: /root/ros_ws/src/Rescue_Car_ws/install/shape_msgs/share/shape_msgs/cmake/export_shape_msgs__rosidl_typesupport_fastrtps_cppExport-noconfig.cmake
[0.969s] -- Up-to-date: /root/ros_ws/src/Rescue_Car_ws/install/shape_msgs/share/shape_msgs/cmake/shape_msgs__rosidl_typesupport_introspection_cExport.cmake
[0.969s] -- Up-to-date: /root/ros_ws/src/Rescue_Car_ws/install/shape_msgs/share/shape_msgs/cmake/shape_msgs__rosidl_typesupport_introspection_cExport-noconfig.cmake
[0.969s] -- Up-to-date: /root/ros_ws/src/Rescue_Car_ws/install/shape_msgs/share/shape_msgs/cmake/shape_msgs__rosidl_typesupport_cExport.cmake
[0.969s] -- Up-to-date: /root/ros_ws/src/Rescue_Car_ws/install/shape_msgs/share/shape_msgs/cmake/shape_msgs__rosidl_typesupport_cExport-noconfig.cmake
[0.969s] -- Up-to-date: /root/ros_ws/src/Rescue_Car_ws/install/shape_msgs/share/shape_msgs/cmake/shape_msgs__rosidl_typesupport_introspection_cppExport.cmake
[0.969s] -- Up-to-date: /root/ros_ws/src/Rescue_Car_ws/install/shape_msgs/share/shape_msgs/cmake/shape_msgs__rosidl_typesupport_introspection_cppExport-noconfig.cmake
[0.969s] -- Up-to-date: /root/ros_ws/src/Rescue_Car_ws/install/shape_msgs/share/shape_msgs/cmake/shape_msgs__rosidl_typesupport_cppExport.cmake
[0.969s] -- Up-to-date: /root/ros_ws/src/Rescue_Car_ws/install/shape_msgs/share/shape_msgs/cmake/shape_msgs__rosidl_typesupport_cppExport-noconfig.cmake
[0.969s] -- Up-to-date: /root/ros_ws/src/Rescue_Car_ws/install/shape_msgs/share/shape_msgs/cmake/export_shape_msgs__rosidl_generator_pyExport.cmake
[0.969s] -- Up-to-date: /root/ros_ws/src/Rescue_Car_ws/install/shape_msgs/share/shape_msgs/cmake/export_shape_msgs__rosidl_generator_pyExport-noconfig.cmake
[0.970s] -- Up-to-date: /root/ros_ws/src/Rescue_Car_ws/install/shape_msgs/share/shape_msgs/cmake/rosidl_cmake-extras.cmake
[0.970s] -- Up-to-date: /root/ros_ws/src/Rescue_Car_ws/install/shape_msgs/share/shape_msgs/cmake/ament_cmake_export_dependencies-extras.cmake
[0.970s] -- Up-to-date: /root/ros_ws/src/Rescue_Car_ws/install/shape_msgs/share/shape_msgs/cmake/ament_cmake_export_include_directories-extras.cmake
[0.970s] -- Up-to-date: /root/ros_ws/src/Rescue_Car_ws/install/shape_msgs/share/shape_msgs/cmake/ament_cmake_export_libraries-extras.cmake
[0.970s] -- Up-to-date: /root/ros_ws/src/Rescue_Car_ws/install/shape_msgs/share/shape_msgs/cmake/ament_cmake_export_targets-extras.cmake
[0.970s] -- Up-to-date: /root/ros_ws/src/Rescue_Car_ws/install/shape_msgs/share/shape_msgs/cmake/rosidl_cmake_export_typesupport_targets-extras.cmake
[0.970s] -- Up-to-date: /root/ros_ws/src/Rescue_Car_ws/install/shape_msgs/share/shape_msgs/cmake/rosidl_cmake_export_typesupport_libraries-extras.cmake
[0.970s] -- Up-to-date: /root/ros_ws/src/Rescue_Car_ws/install/shape_msgs/share/shape_msgs/cmake/shape_msgsConfig.cmake
[0.971s] -- Up-to-date: /root/ros_ws/src/Rescue_Car_ws/install/shape_msgs/share/shape_msgs/cmake/shape_msgsConfig-version.cmake
[0.971s] -- Up-to-date: /root/ros_ws/src/Rescue_Car_ws/install/shape_msgs/share/shape_msgs/package.xml
[0.999s] Invoked command in '/root/ros_ws/src/Rescue_Car_ws/build/shape_msgs' returned '0': CMAKE_PREFIX_PATH=/root/ros_ws/src/Rescue_Car_ws/install/geometry_msgs:/root/ros_ws/src/Rescue_Car_ws/install/std_msgs:/root/ros_ws/src/Rescue_Car_ws/install/builtin_interfaces:/root/ros_ws/src/Rescue_Car_ws/install/micro_ros_demos_rclc:/root/ros_ws/src/Rescue_Car_ws/install/common_interfaces:/root/ros_ws/src/Rescue_Car_ws/install/visualization_msgs:/root/ros_ws/src/Rescue_Car_ws/install/test_msgs:/root/ros_ws/src/Rescue_Car_ws/install/example_interfaces:/root/ros_ws/src/Rescue_Car_ws/install/action_msgs:/root/ros_ws/src/Rescue_Car_ws/install/unique_identifier_msgs:/root/ros_ws/src/Rescue_Car_ws/install/trajectory_msgs:/root/ros_ws/src/Rescue_Car_ws/install/stereo_msgs:/root/ros_ws/src/Rescue_Car_ws/install/std_srvs:/root/ros_ws/src/Rescue_Car_ws/install/shape_msgs:/root/ros_ws/src/Rescue_Car_ws/install/sensor_msgs:/root/ros_ws/src/Rescue_Car_ws/install/nav_msgs:/root/ros_ws/src/Rescue_Car_ws/install/diagnostic_msgs:/root/ros_ws/src/Rescue_Car_ws/install/actionlib_msgs:/root/ros_ws/src/Rescue_Car_ws/install/statistics_msgs:/root/ros_ws/src/Rescue_Car_ws/install/rosidl_typesupport_microxrcedds_test_msg:/root/ros_ws/src/Rescue_Car_ws/install/rosidl_typesupport_microxrcedds_cpp_tests:/root/ros_ws/src/Rescue_Car_ws/install/rmw_microxrcedds:/root/ros_ws/src/Rescue_Car_ws/install/rosidl_typesupport_microxrcedds_cpp:/root/ros_ws/src/Rescue_Car_ws/install/rosidl_typesupport_microxrcedds_c_tests:/root/ros_ws/src/Rescue_Car_ws/install/rosidl_typesupport_microxrcedds_c:/root/ros_ws/src/Rescue_Car_ws/install/rosgraph_msgs:/root/ros_ws/src/Rescue_Car_ws/install/rclc_parameter:/root/ros_ws/src/Rescue_Car_ws/install/rclc:/root/ros_ws/src/Rescue_Car_ws/install/composition_interfaces:/root/ros_ws/src/Rescue_Car_ws/install/rcl_interfaces:/root/ros_ws/src/Rescue_Car_ws/install/microxrcedds_client:/root/ros_ws/src/Rescue_Car_ws/install/microcdr:/root/ros_ws/src/Rescue_Car_ws/install/micro_ros_utilities:/root/ros_ws/src/Rescue_Car_ws/install/micro_ros_setup:/root/ros_ws/src/Rescue_Car_ws/install/micro_ros_agent:/root/ros_ws/src/Rescue_Car_ws/install/micro_ros_msgs:/root/ros_ws/src/Rescue_Car_ws/install/lifecycle_msgs:/root/ros_ws/src/Rescue_Car_ws/install/complex_msgs:/root/ros_ws/src/Rescue_Car_ws/install/car:/root/ros_ws/src/Rescue_Car_ws/install/sensor_msgs_py:/opt/ros/humble LD_LIBRARY_PATH=/root/ros_ws/src/Rescue_Car_ws/install/geometry_msgs/lib:/root/ros_ws/src/Rescue_Car_ws/install/std_msgs/lib:/root/ros_ws/src/Rescue_Car_ws/install/builtin_interfaces/lib:/root/ros_ws/src/Rescue_Car_ws/install/visualization_msgs/lib:/root/ros_ws/src/Rescue_Car_ws/install/test_msgs/lib:/root/ros_ws/src/Rescue_Car_ws/install/example_interfaces/lib:/root/ros_ws/src/Rescue_Car_ws/install/action_msgs/lib:/root/ros_ws/src/Rescue_Car_ws/install/unique_identifier_msgs/lib:/root/ros_ws/src/Rescue_Car_ws/install/trajectory_msgs/lib:/root/ros_ws/src/Rescue_Car_ws/install/stereo_msgs/lib:/root/ros_ws/src/Rescue_Car_ws/install/std_srvs/lib:/root/ros_ws/src/Rescue_Car_ws/install/shape_msgs/lib:/root/ros_ws/src/Rescue_Car_ws/install/sensor_msgs/lib:/root/ros_ws/src/Rescue_Car_ws/install/nav_msgs/lib:/root/ros_ws/src/Rescue_Car_ws/install/diagnostic_msgs/lib:/root/ros_ws/src/Rescue_Car_ws/install/actionlib_msgs/lib:/root/ros_ws/src/Rescue_Car_ws/install/statistics_msgs/lib:/root/ros_ws/src/Rescue_Car_ws/install/rosidl_typesupport_microxrcedds_test_msg/lib:/root/ros_ws/src/Rescue_Car_ws/install/rmw_microxrcedds/lib:/root/ros_ws/src/Rescue_Car_ws/install/rosidl_typesupport_microxrcedds_cpp/lib:/root/ros_ws/src/Rescue_Car_ws/install/rosidl_typesupport_microxrcedds_c/lib:/root/ros_ws/src/Rescue_Car_ws/install/rosgraph_msgs/lib:/root/ros_ws/src/Rescue_Car_ws/install/rclc_parameter/lib:/root/ros_ws/src/Rescue_Car_ws/install/rclc/lib:/root/ros_ws/src/Rescue_Car_ws/install/composition_interfaces/lib:/root/ros_ws/src/Rescue_Car_ws/install/rcl_interfaces/lib:/root/ros_ws/src/Rescue_Car_ws/install/micro_ros_utilities/lib:/root/ros_ws/src/Rescue_Car_ws/install/micro_ros_agent/lib:/root/ros_ws/src/Rescue_Car_ws/install/micro_ros_msgs/lib:/root/ros_ws/src/Rescue_Car_ws/install/lifecycle_msgs/lib:/root/ros_ws/src/Rescue_Car_ws/install/complex_msgs/lib:/usr/lib/x86_64-linux-gnu/gazebo-11/plugins:/opt/ros/humble/opt/rviz_ogre_vendor/lib:/opt/ros/humble/lib/x86_64-linux-gnu:/opt/ros/humble/lib /usr/bin/cmake --install /root/ros_ws/src/Rescue_Car_ws/build/shape_msgs
