[0.094s] Invoking command in '/root/ros_ws/src/Rescue_Car_ws/build/complex_msgs': AMENT_PREFIX_PATH=/root/ros_ws/src/Rescue_Car_ws/install/builtin_interfaces:${AMENT_PREFIX_PATH} CMAKE_PREFIX_PATH=/root/ros_ws/src/Rescue_Car_ws/install/builtin_interfaces:/opt/ros/humble LD_LIBRARY_PATH=/root/ros_ws/src/Rescue_Car_ws/install/builtin_interfaces/lib:${LD_LIBRARY_PATH} PYTHONPATH=/root/ros_ws/src/Rescue_Car_ws/install/builtin_interfaces/local/lib/python3.10/dist-packages:${PYTHONPATH} /usr/bin/cmake --build /root/ros_ws/src/Rescue_Car_ws/build/complex_msgs -- -j20 -l20
[0.133s] [35m[1mConsolidate compiler generated dependencies of target complex_msgs__rosidl_generator_c[0m
[0.147s] [ 12%] Built target complex_msgs__cpp
[0.147s] [ 12%] Built target complex_msgs__rosidl_generator_c
[0.153s] [ 12%] Built target ament_cmake_python_copy_complex_msgs
[0.162s] [35m[1mConsolidate compiler generated dependencies of target complex_msgs__rosidl_typesupport_introspection_cpp[0m
[0.162s] [35m[1mConsolidate compiler generated dependencies of target complex_msgs__rosidl_typesupport_fastrtps_cpp[0m
[0.163s] [35m[1mConsolidate compiler generated dependencies of target complex_msgs__rosidl_typesupport_cpp[0m
[0.167s] [35m[1mConsolidate compiler generated dependencies of target complex_msgs__rosidl_typesupport_fastrtps_c[0m
[0.186s] [ 23%] Built target complex_msgs__rosidl_typesupport_cpp
[0.187s] [ 43%] Built target complex_msgs__rosidl_typesupport_fastrtps_c
[0.187s] [ 43%] Built target complex_msgs__rosidl_typesupport_fastrtps_cpp
[0.200s] [ 53%] Built target complex_msgs__rosidl_typesupport_introspection_cpp
[0.211s] [35m[1mConsolidate compiler generated dependencies of target complex_msgs__rosidl_typesupport_c[0m
[0.213s] [35m[1mConsolidate compiler generated dependencies of target complex_msgs__rosidl_typesupport_introspection_c[0m
[0.231s] [ 64%] Built target complex_msgs__rosidl_typesupport_c
[0.239s] [ 74%] Built target complex_msgs__rosidl_typesupport_introspection_c
[0.267s] [ 74%] Built target complex_msgs
[0.291s] [ 76%] Built target complex_msgs__py
[0.302s] [35m[1mConsolidate compiler generated dependencies of target complex_msgs__rosidl_generator_py[0m
[0.324s] [ 84%] Built target complex_msgs__rosidl_generator_py
[0.340s] [35m[1mConsolidate compiler generated dependencies of target complex_msgs__rosidl_typesupport_fastrtps_c__pyext[0m
[0.340s] [35m[1mConsolidate compiler generated dependencies of target complex_msgs__rosidl_typesupport_c__pyext[0m
[0.342s] [35m[1mConsolidate compiler generated dependencies of target complex_msgs__rosidl_typesupport_introspection_c__pyext[0m
[0.354s] [ 89%] Built target complex_msgs__rosidl_typesupport_c__pyext
[0.355s] [ 94%] Built target complex_msgs__rosidl_typesupport_fastrtps_c__pyext
[0.363s] [100%] Built target complex_msgs__rosidl_typesupport_introspection_c__pyext
[0.445s] running egg_info
[0.446s] writing complex_msgs.egg-info/PKG-INFO
[0.447s] writing dependency_links to complex_msgs.egg-info/dependency_links.txt
[0.447s] writing top-level names to complex_msgs.egg-info/top_level.txt
[0.448s] reading manifest file 'complex_msgs.egg-info/SOURCES.txt'
[0.448s] writing manifest file 'complex_msgs.egg-info/SOURCES.txt'
[0.480s] [100%] Built target ament_cmake_python_build_complex_msgs_egg
[0.495s] Invoked command in '/root/ros_ws/src/Rescue_Car_ws/build/complex_msgs' returned '0': AMENT_PREFIX_PATH=/root/ros_ws/src/Rescue_Car_ws/install/builtin_interfaces:${AMENT_PREFIX_PATH} CMAKE_PREFIX_PATH=/root/ros_ws/src/Rescue_Car_ws/install/builtin_interfaces:/opt/ros/humble LD_LIBRARY_PATH=/root/ros_ws/src/Rescue_Car_ws/install/builtin_interfaces/lib:${LD_LIBRARY_PATH} PYTHONPATH=/root/ros_ws/src/Rescue_Car_ws/install/builtin_interfaces/local/lib/python3.10/dist-packages:${PYTHONPATH} /usr/bin/cmake --build /root/ros_ws/src/Rescue_Car_ws/build/complex_msgs -- -j20 -l20
[0.500s] Invoking command in '/root/ros_ws/src/Rescue_Car_ws/build/complex_msgs': AMENT_PREFIX_PATH=/root/ros_ws/src/Rescue_Car_ws/install/builtin_interfaces:${AMENT_PREFIX_PATH} CMAKE_PREFIX_PATH=/root/ros_ws/src/Rescue_Car_ws/install/builtin_interfaces:/opt/ros/humble LD_LIBRARY_PATH=/root/ros_ws/src/Rescue_Car_ws/install/builtin_interfaces/lib:${LD_LIBRARY_PATH} PYTHONPATH=/root/ros_ws/src/Rescue_Car_ws/install/builtin_interfaces/local/lib/python3.10/dist-packages:${PYTHONPATH} /usr/bin/cmake --install /root/ros_ws/src/Rescue_Car_ws/build/complex_msgs
[0.506s] -- Install configuration: ""
[0.506s] -- Up-to-date: /root/ros_ws/src/Rescue_Car_ws/install/complex_msgs/share/ament_index/resource_index/rosidl_interfaces/complex_msgs
[0.506s] -- Up-to-date: /root/ros_ws/src/Rescue_Car_ws/install/complex_msgs/include/complex_msgs/complex_msgs
[0.507s] -- Up-to-date: /root/ros_ws/src/Rescue_Car_ws/install/complex_msgs/include/complex_msgs/complex_msgs/msg
[0.507s] -- Up-to-date: /root/ros_ws/src/Rescue_Car_ws/install/complex_msgs/include/complex_msgs/complex_msgs/msg/nested_msg_test.h
[0.507s] -- Up-to-date: /root/ros_ws/src/Rescue_Car_ws/install/complex_msgs/include/complex_msgs/complex_msgs/msg/multi_string_test.h
[0.507s] -- Up-to-date: /root/ros_ws/src/Rescue_Car_ws/install/complex_msgs/include/complex_msgs/complex_msgs/msg/detail
[0.507s] -- Up-to-date: /root/ros_ws/src/Rescue_Car_ws/install/complex_msgs/include/complex_msgs/complex_msgs/msg/detail/multi_string_test__struct.h
[0.508s] -- Up-to-date: /root/ros_ws/src/Rescue_Car_ws/install/complex_msgs/include/complex_msgs/complex_msgs/msg/detail/nested_msg_test__functions.h
[0.508s] -- Up-to-date: /root/ros_ws/src/Rescue_Car_ws/install/complex_msgs/include/complex_msgs/complex_msgs/msg/detail/multi_string_test__type_support.h
[0.508s] -- Up-to-date: /root/ros_ws/src/Rescue_Car_ws/install/complex_msgs/include/complex_msgs/complex_msgs/msg/detail/nested_msg_test__functions.c
[0.508s] -- Up-to-date: /root/ros_ws/src/Rescue_Car_ws/install/complex_msgs/include/complex_msgs/complex_msgs/msg/detail/multi_string_test__functions.h
[0.508s] -- Up-to-date: /root/ros_ws/src/Rescue_Car_ws/install/complex_msgs/include/complex_msgs/complex_msgs/msg/detail/multi_string_test__functions.c
[0.509s] -- Up-to-date: /root/ros_ws/src/Rescue_Car_ws/install/complex_msgs/include/complex_msgs/complex_msgs/msg/detail/nested_msg_test__type_support.h
[0.509s] -- Up-to-date: /root/ros_ws/src/Rescue_Car_ws/install/complex_msgs/include/complex_msgs/complex_msgs/msg/detail/nested_msg_test__struct.h
[0.509s] -- Up-to-date: /root/ros_ws/src/Rescue_Car_ws/install/complex_msgs/include/complex_msgs/complex_msgs/msg/rosidl_generator_c__visibility_control.h
[0.509s] -- Up-to-date: /root/ros_ws/src/Rescue_Car_ws/install/complex_msgs/share/complex_msgs/environment/library_path.sh
[0.509s] -- Up-to-date: /root/ros_ws/src/Rescue_Car_ws/install/complex_msgs/share/complex_msgs/environment/library_path.dsv
[0.510s] -- Up-to-date: /root/ros_ws/src/Rescue_Car_ws/install/complex_msgs/lib/libcomplex_msgs__rosidl_generator_c.so
[0.510s] -- Up-to-date: /root/ros_ws/src/Rescue_Car_ws/install/complex_msgs/include/complex_msgs/complex_msgs
[0.510s] -- Up-to-date: /root/ros_ws/src/Rescue_Car_ws/install/complex_msgs/include/complex_msgs/complex_msgs/msg
[0.510s] -- Up-to-date: /root/ros_ws/src/Rescue_Car_ws/install/complex_msgs/include/complex_msgs/complex_msgs/msg/detail
[0.510s] -- Up-to-date: /root/ros_ws/src/Rescue_Car_ws/install/complex_msgs/include/complex_msgs/complex_msgs/msg/detail/nested_msg_test__rosidl_typesupport_fastrtps_c.h
[0.511s] -- Up-to-date: /root/ros_ws/src/Rescue_Car_ws/install/complex_msgs/include/complex_msgs/complex_msgs/msg/detail/multi_string_test__rosidl_typesupport_fastrtps_c.h
[0.512s] -- Up-to-date: /root/ros_ws/src/Rescue_Car_ws/install/complex_msgs/include/complex_msgs/complex_msgs/msg/rosidl_typesupport_fastrtps_c__visibility_control.h
[0.512s] -- Up-to-date: /root/ros_ws/src/Rescue_Car_ws/install/complex_msgs/lib/libcomplex_msgs__rosidl_typesupport_fastrtps_c.so
[0.512s] -- Up-to-date: /root/ros_ws/src/Rescue_Car_ws/install/complex_msgs/include/complex_msgs/complex_msgs
[0.512s] -- Up-to-date: /root/ros_ws/src/Rescue_Car_ws/install/complex_msgs/include/complex_msgs/complex_msgs/msg
[0.513s] -- Up-to-date: /root/ros_ws/src/Rescue_Car_ws/install/complex_msgs/include/complex_msgs/complex_msgs/msg/nested_msg_test.hpp
[0.514s] -- Up-to-date: /root/ros_ws/src/Rescue_Car_ws/install/complex_msgs/include/complex_msgs/complex_msgs/msg/rosidl_generator_cpp__visibility_control.hpp
[0.514s] -- Up-to-date: /root/ros_ws/src/Rescue_Car_ws/install/complex_msgs/include/complex_msgs/complex_msgs/msg/detail
[0.514s] -- Up-to-date: /root/ros_ws/src/Rescue_Car_ws/install/complex_msgs/include/complex_msgs/complex_msgs/msg/detail/nested_msg_test__builder.hpp
[0.514s] -- Up-to-date: /root/ros_ws/src/Rescue_Car_ws/install/complex_msgs/include/complex_msgs/complex_msgs/msg/detail/nested_msg_test__type_support.hpp
[0.514s] -- Up-to-date: /root/ros_ws/src/Rescue_Car_ws/install/complex_msgs/include/complex_msgs/complex_msgs/msg/detail/multi_string_test__struct.hpp
[0.514s] -- Up-to-date: /root/ros_ws/src/Rescue_Car_ws/install/complex_msgs/include/complex_msgs/complex_msgs/msg/detail/nested_msg_test__struct.hpp
[0.514s] -- Up-to-date: /root/ros_ws/src/Rescue_Car_ws/install/complex_msgs/include/complex_msgs/complex_msgs/msg/detail/multi_string_test__traits.hpp
[0.514s] -- Up-to-date: /root/ros_ws/src/Rescue_Car_ws/install/complex_msgs/include/complex_msgs/complex_msgs/msg/detail/multi_string_test__builder.hpp
[0.514s] -- Up-to-date: /root/ros_ws/src/Rescue_Car_ws/install/complex_msgs/include/complex_msgs/complex_msgs/msg/detail/nested_msg_test__traits.hpp
[0.514s] -- Up-to-date: /root/ros_ws/src/Rescue_Car_ws/install/complex_msgs/include/complex_msgs/complex_msgs/msg/detail/multi_string_test__type_support.hpp
[0.514s] -- Up-to-date: /root/ros_ws/src/Rescue_Car_ws/install/complex_msgs/include/complex_msgs/complex_msgs/msg/multi_string_test.hpp
[0.515s] -- Up-to-date: /root/ros_ws/src/Rescue_Car_ws/install/complex_msgs/include/complex_msgs/complex_msgs
[0.515s] -- Up-to-date: /root/ros_ws/src/Rescue_Car_ws/install/complex_msgs/include/complex_msgs/complex_msgs/msg
[0.515s] -- Up-to-date: /root/ros_ws/src/Rescue_Car_ws/install/complex_msgs/include/complex_msgs/complex_msgs/msg/rosidl_typesupport_fastrtps_cpp__visibility_control.h
[0.515s] -- Up-to-date: /root/ros_ws/src/Rescue_Car_ws/install/complex_msgs/include/complex_msgs/complex_msgs/msg/detail
[0.515s] -- Up-to-date: /root/ros_ws/src/Rescue_Car_ws/install/complex_msgs/include/complex_msgs/complex_msgs/msg/detail/dds_fastrtps
[0.515s] -- Up-to-date: /root/ros_ws/src/Rescue_Car_ws/install/complex_msgs/include/complex_msgs/complex_msgs/msg/detail/multi_string_test__rosidl_typesupport_fastrtps_cpp.hpp
[0.515s] -- Up-to-date: /root/ros_ws/src/Rescue_Car_ws/install/complex_msgs/include/complex_msgs/complex_msgs/msg/detail/nested_msg_test__rosidl_typesupport_fastrtps_cpp.hpp
[0.515s] -- Up-to-date: /root/ros_ws/src/Rescue_Car_ws/install/complex_msgs/lib/libcomplex_msgs__rosidl_typesupport_fastrtps_cpp.so
[0.515s] -- Up-to-date: /root/ros_ws/src/Rescue_Car_ws/install/complex_msgs/include/complex_msgs/complex_msgs
[0.515s] -- Up-to-date: /root/ros_ws/src/Rescue_Car_ws/install/complex_msgs/include/complex_msgs/complex_msgs/msg
[0.515s] -- Up-to-date: /root/ros_ws/src/Rescue_Car_ws/install/complex_msgs/include/complex_msgs/complex_msgs/msg/rosidl_typesupport_introspection_c__visibility_control.h
[0.515s] -- Up-to-date: /root/ros_ws/src/Rescue_Car_ws/install/complex_msgs/include/complex_msgs/complex_msgs/msg/detail
[0.515s] -- Up-to-date: /root/ros_ws/src/Rescue_Car_ws/install/complex_msgs/include/complex_msgs/complex_msgs/msg/detail/multi_string_test__rosidl_typesupport_introspection_c.h
[0.515s] -- Up-to-date: /root/ros_ws/src/Rescue_Car_ws/install/complex_msgs/include/complex_msgs/complex_msgs/msg/detail/nested_msg_test__rosidl_typesupport_introspection_c.h
[0.515s] -- Up-to-date: /root/ros_ws/src/Rescue_Car_ws/install/complex_msgs/include/complex_msgs/complex_msgs/msg/detail/multi_string_test__type_support.c
[0.516s] -- Up-to-date: /root/ros_ws/src/Rescue_Car_ws/install/complex_msgs/include/complex_msgs/complex_msgs/msg/detail/nested_msg_test__type_support.c
[0.516s] -- Up-to-date: /root/ros_ws/src/Rescue_Car_ws/install/complex_msgs/lib/libcomplex_msgs__rosidl_typesupport_introspection_c.so
[0.516s] -- Up-to-date: /root/ros_ws/src/Rescue_Car_ws/install/complex_msgs/lib/libcomplex_msgs__rosidl_typesupport_c.so
[0.516s] -- Up-to-date: /root/ros_ws/src/Rescue_Car_ws/install/complex_msgs/include/complex_msgs/complex_msgs
[0.516s] -- Up-to-date: /root/ros_ws/src/Rescue_Car_ws/install/complex_msgs/include/complex_msgs/complex_msgs/msg
[0.516s] -- Up-to-date: /root/ros_ws/src/Rescue_Car_ws/install/complex_msgs/include/complex_msgs/complex_msgs/msg/detail
[0.516s] -- Up-to-date: /root/ros_ws/src/Rescue_Car_ws/install/complex_msgs/include/complex_msgs/complex_msgs/msg/detail/nested_msg_test__type_support.cpp
[0.516s] -- Up-to-date: /root/ros_ws/src/Rescue_Car_ws/install/complex_msgs/include/complex_msgs/complex_msgs/msg/detail/multi_string_test__rosidl_typesupport_introspection_cpp.hpp
[0.516s] -- Up-to-date: /root/ros_ws/src/Rescue_Car_ws/install/complex_msgs/include/complex_msgs/complex_msgs/msg/detail/nested_msg_test__rosidl_typesupport_introspection_cpp.hpp
[0.516s] -- Up-to-date: /root/ros_ws/src/Rescue_Car_ws/install/complex_msgs/include/complex_msgs/complex_msgs/msg/detail/multi_string_test__type_support.cpp
[0.516s] -- Up-to-date: /root/ros_ws/src/Rescue_Car_ws/install/complex_msgs/lib/libcomplex_msgs__rosidl_typesupport_introspection_cpp.so
[0.517s] -- Up-to-date: /root/ros_ws/src/Rescue_Car_ws/install/complex_msgs/lib/libcomplex_msgs__rosidl_typesupport_cpp.so
[0.517s] -- Up-to-date: /root/ros_ws/src/Rescue_Car_ws/install/complex_msgs/share/complex_msgs/environment/pythonpath.sh
[0.517s] -- Up-to-date: /root/ros_ws/src/Rescue_Car_ws/install/complex_msgs/share/complex_msgs/environment/pythonpath.dsv
[0.517s] -- Up-to-date: /root/ros_ws/src/Rescue_Car_ws/install/complex_msgs/local/lib/python3.10/dist-packages/complex_msgs-3.0.2-py3.10.egg-info
[0.517s] -- Installing: /root/ros_ws/src/Rescue_Car_ws/install/complex_msgs/local/lib/python3.10/dist-packages/complex_msgs-3.0.2-py3.10.egg-info/dependency_links.txt
[0.517s] -- Installing: /root/ros_ws/src/Rescue_Car_ws/install/complex_msgs/local/lib/python3.10/dist-packages/complex_msgs-3.0.2-py3.10.egg-info/SOURCES.txt
[0.517s] -- Installing: /root/ros_ws/src/Rescue_Car_ws/install/complex_msgs/local/lib/python3.10/dist-packages/complex_msgs-3.0.2-py3.10.egg-info/PKG-INFO
[0.517s] -- Installing: /root/ros_ws/src/Rescue_Car_ws/install/complex_msgs/local/lib/python3.10/dist-packages/complex_msgs-3.0.2-py3.10.egg-info/top_level.txt
[0.517s] -- Up-to-date: /root/ros_ws/src/Rescue_Car_ws/install/complex_msgs/local/lib/python3.10/dist-packages/complex_msgs
[0.517s] -- Up-to-date: /root/ros_ws/src/Rescue_Car_ws/install/complex_msgs/local/lib/python3.10/dist-packages/complex_msgs/libcomplex_msgs__rosidl_generator_py.so
[0.517s] -- Up-to-date: /root/ros_ws/src/Rescue_Car_ws/install/complex_msgs/local/lib/python3.10/dist-packages/complex_msgs/_complex_msgs_s.ep.rosidl_typesupport_c.c
[0.518s] -- Up-to-date: /root/ros_ws/src/Rescue_Car_ws/install/complex_msgs/local/lib/python3.10/dist-packages/complex_msgs/complex_msgs_s__rosidl_typesupport_c.cpython-310-x86_64-linux-gnu.so
[0.518s] -- Up-to-date: /root/ros_ws/src/Rescue_Car_ws/install/complex_msgs/local/lib/python3.10/dist-packages/complex_msgs/complex_msgs_s__rosidl_typesupport_introspection_c.cpython-310-x86_64-linux-gnu.so
[0.518s] -- Up-to-date: /root/ros_ws/src/Rescue_Car_ws/install/complex_msgs/local/lib/python3.10/dist-packages/complex_msgs/_complex_msgs_s.ep.rosidl_typesupport_fastrtps_c.c
[0.519s] -- Up-to-date: /root/ros_ws/src/Rescue_Car_ws/install/complex_msgs/local/lib/python3.10/dist-packages/complex_msgs/complex_msgs_s__rosidl_typesupport_fastrtps_c.cpython-310-x86_64-linux-gnu.so
[0.519s] -- Up-to-date: /root/ros_ws/src/Rescue_Car_ws/install/complex_msgs/local/lib/python3.10/dist-packages/complex_msgs/_complex_msgs_s.ep.rosidl_typesupport_introspection_c.c
[0.520s] -- Up-to-date: /root/ros_ws/src/Rescue_Car_ws/install/complex_msgs/local/lib/python3.10/dist-packages/complex_msgs/__init__.py
[0.520s] -- Up-to-date: /root/ros_ws/src/Rescue_Car_ws/install/complex_msgs/local/lib/python3.10/dist-packages/complex_msgs/msg
[0.520s] -- Up-to-date: /root/ros_ws/src/Rescue_Car_ws/install/complex_msgs/local/lib/python3.10/dist-packages/complex_msgs/msg/_nested_msg_test.py
[0.520s] -- Up-to-date: /root/ros_ws/src/Rescue_Car_ws/install/complex_msgs/local/lib/python3.10/dist-packages/complex_msgs/msg/_nested_msg_test_s.c
[0.520s] -- Up-to-date: /root/ros_ws/src/Rescue_Car_ws/install/complex_msgs/local/lib/python3.10/dist-packages/complex_msgs/msg/_multi_string_test.py
[0.520s] -- Up-to-date: /root/ros_ws/src/Rescue_Car_ws/install/complex_msgs/local/lib/python3.10/dist-packages/complex_msgs/msg/__init__.py
[0.520s] -- Up-to-date: /root/ros_ws/src/Rescue_Car_ws/install/complex_msgs/local/lib/python3.10/dist-packages/complex_msgs/msg/_multi_string_test_s.c
[0.656s] Listing '/root/ros_ws/src/Rescue_Car_ws/install/complex_msgs/local/lib/python3.10/dist-packages/complex_msgs'...
[0.656s] Listing '/root/ros_ws/src/Rescue_Car_ws/install/complex_msgs/local/lib/python3.10/dist-packages/complex_msgs/msg'...
[0.672s] -- Up-to-date: /root/ros_ws/src/Rescue_Car_ws/install/complex_msgs/local/lib/python3.10/dist-packages/complex_msgs/complex_msgs_s__rosidl_typesupport_fastrtps_c.cpython-310-x86_64-linux-gnu.so
[0.679s] -- Up-to-date: /root/ros_ws/src/Rescue_Car_ws/install/complex_msgs/local/lib/python3.10/dist-packages/complex_msgs/complex_msgs_s__rosidl_typesupport_introspection_c.cpython-310-x86_64-linux-gnu.so
[0.679s] -- Up-to-date: /root/ros_ws/src/Rescue_Car_ws/install/complex_msgs/local/lib/python3.10/dist-packages/complex_msgs/complex_msgs_s__rosidl_typesupport_c.cpython-310-x86_64-linux-gnu.so
[0.679s] -- Up-to-date: /root/ros_ws/src/Rescue_Car_ws/install/complex_msgs/lib/libcomplex_msgs__rosidl_generator_py.so
[0.679s] -- Up-to-date: /root/ros_ws/src/Rescue_Car_ws/install/complex_msgs/share/complex_msgs/msg/MultiStringTest.idl
[0.679s] -- Up-to-date: /root/ros_ws/src/Rescue_Car_ws/install/complex_msgs/share/complex_msgs/msg/NestedMsgTest.idl
[0.679s] -- Up-to-date: /root/ros_ws/src/Rescue_Car_ws/install/complex_msgs/share/complex_msgs/msg/MultiStringTest.msg
[0.679s] -- Up-to-date: /root/ros_ws/src/Rescue_Car_ws/install/complex_msgs/share/complex_msgs/msg/NestedMsgTest.msg
[0.683s] -- Up-to-date: /root/ros_ws/src/Rescue_Car_ws/install/complex_msgs/share/ament_index/resource_index/package_run_dependencies/complex_msgs
[0.683s] -- Up-to-date: /root/ros_ws/src/Rescue_Car_ws/install/complex_msgs/share/ament_index/resource_index/parent_prefix_path/complex_msgs
[0.683s] -- Up-to-date: /root/ros_ws/src/Rescue_Car_ws/install/complex_msgs/share/complex_msgs/environment/ament_prefix_path.sh
[0.683s] -- Up-to-date: /root/ros_ws/src/Rescue_Car_ws/install/complex_msgs/share/complex_msgs/environment/ament_prefix_path.dsv
[0.683s] -- Up-to-date: /root/ros_ws/src/Rescue_Car_ws/install/complex_msgs/share/complex_msgs/environment/path.sh
[0.683s] -- Up-to-date: /root/ros_ws/src/Rescue_Car_ws/install/complex_msgs/share/complex_msgs/environment/path.dsv
[0.683s] -- Up-to-date: /root/ros_ws/src/Rescue_Car_ws/install/complex_msgs/share/complex_msgs/local_setup.bash
[0.683s] -- Up-to-date: /root/ros_ws/src/Rescue_Car_ws/install/complex_msgs/share/complex_msgs/local_setup.sh
[0.683s] -- Up-to-date: /root/ros_ws/src/Rescue_Car_ws/install/complex_msgs/share/complex_msgs/local_setup.zsh
[0.684s] -- Up-to-date: /root/ros_ws/src/Rescue_Car_ws/install/complex_msgs/share/complex_msgs/local_setup.dsv
[0.684s] -- Installing: /root/ros_ws/src/Rescue_Car_ws/install/complex_msgs/share/complex_msgs/package.dsv
[0.684s] -- Up-to-date: /root/ros_ws/src/Rescue_Car_ws/install/complex_msgs/share/ament_index/resource_index/packages/complex_msgs
[0.684s] -- Up-to-date: /root/ros_ws/src/Rescue_Car_ws/install/complex_msgs/share/complex_msgs/cmake/export_complex_msgs__rosidl_generator_cExport.cmake
[0.684s] -- Up-to-date: /root/ros_ws/src/Rescue_Car_ws/install/complex_msgs/share/complex_msgs/cmake/export_complex_msgs__rosidl_generator_cExport-noconfig.cmake
[0.684s] -- Up-to-date: /root/ros_ws/src/Rescue_Car_ws/install/complex_msgs/share/complex_msgs/cmake/export_complex_msgs__rosidl_typesupport_fastrtps_cExport.cmake
[0.684s] -- Up-to-date: /root/ros_ws/src/Rescue_Car_ws/install/complex_msgs/share/complex_msgs/cmake/export_complex_msgs__rosidl_typesupport_fastrtps_cExport-noconfig.cmake
[0.684s] -- Up-to-date: /root/ros_ws/src/Rescue_Car_ws/install/complex_msgs/share/complex_msgs/cmake/export_complex_msgs__rosidl_generator_cppExport.cmake
[0.684s] -- Up-to-date: /root/ros_ws/src/Rescue_Car_ws/install/complex_msgs/share/complex_msgs/cmake/export_complex_msgs__rosidl_typesupport_fastrtps_cppExport.cmake
[0.684s] -- Up-to-date: /root/ros_ws/src/Rescue_Car_ws/install/complex_msgs/share/complex_msgs/cmake/export_complex_msgs__rosidl_typesupport_fastrtps_cppExport-noconfig.cmake
[0.684s] -- Up-to-date: /root/ros_ws/src/Rescue_Car_ws/install/complex_msgs/share/complex_msgs/cmake/complex_msgs__rosidl_typesupport_introspection_cExport.cmake
[0.685s] -- Up-to-date: /root/ros_ws/src/Rescue_Car_ws/install/complex_msgs/share/complex_msgs/cmake/complex_msgs__rosidl_typesupport_introspection_cExport-noconfig.cmake
[0.685s] -- Up-to-date: /root/ros_ws/src/Rescue_Car_ws/install/complex_msgs/share/complex_msgs/cmake/complex_msgs__rosidl_typesupport_cExport.cmake
[0.685s] -- Up-to-date: /root/ros_ws/src/Rescue_Car_ws/install/complex_msgs/share/complex_msgs/cmake/complex_msgs__rosidl_typesupport_cExport-noconfig.cmake
[0.685s] -- Up-to-date: /root/ros_ws/src/Rescue_Car_ws/install/complex_msgs/share/complex_msgs/cmake/complex_msgs__rosidl_typesupport_introspection_cppExport.cmake
[0.685s] -- Up-to-date: /root/ros_ws/src/Rescue_Car_ws/install/complex_msgs/share/complex_msgs/cmake/complex_msgs__rosidl_typesupport_introspection_cppExport-noconfig.cmake
[0.685s] -- Up-to-date: /root/ros_ws/src/Rescue_Car_ws/install/complex_msgs/share/complex_msgs/cmake/complex_msgs__rosidl_typesupport_cppExport.cmake
[0.685s] -- Up-to-date: /root/ros_ws/src/Rescue_Car_ws/install/complex_msgs/share/complex_msgs/cmake/complex_msgs__rosidl_typesupport_cppExport-noconfig.cmake
[0.685s] -- Up-to-date: /root/ros_ws/src/Rescue_Car_ws/install/complex_msgs/share/complex_msgs/cmake/export_complex_msgs__rosidl_generator_pyExport.cmake
[0.686s] -- Up-to-date: /root/ros_ws/src/Rescue_Car_ws/install/complex_msgs/share/complex_msgs/cmake/export_complex_msgs__rosidl_generator_pyExport-noconfig.cmake
[0.686s] -- Up-to-date: /root/ros_ws/src/Rescue_Car_ws/install/complex_msgs/share/complex_msgs/cmake/rosidl_cmake-extras.cmake
[0.687s] -- Up-to-date: /root/ros_ws/src/Rescue_Car_ws/install/complex_msgs/share/complex_msgs/cmake/ament_cmake_export_dependencies-extras.cmake
[0.687s] -- Up-to-date: /root/ros_ws/src/Rescue_Car_ws/install/complex_msgs/share/complex_msgs/cmake/ament_cmake_export_include_directories-extras.cmake
[0.687s] -- Up-to-date: /root/ros_ws/src/Rescue_Car_ws/install/complex_msgs/share/complex_msgs/cmake/ament_cmake_export_libraries-extras.cmake
[0.687s] -- Up-to-date: /root/ros_ws/src/Rescue_Car_ws/install/complex_msgs/share/complex_msgs/cmake/ament_cmake_export_targets-extras.cmake
[0.688s] -- Up-to-date: /root/ros_ws/src/Rescue_Car_ws/install/complex_msgs/share/complex_msgs/cmake/rosidl_cmake_export_typesupport_targets-extras.cmake
[0.688s] -- Up-to-date: /root/ros_ws/src/Rescue_Car_ws/install/complex_msgs/share/complex_msgs/cmake/rosidl_cmake_export_typesupport_libraries-extras.cmake
[0.688s] -- Up-to-date: /root/ros_ws/src/Rescue_Car_ws/install/complex_msgs/share/complex_msgs/cmake/complex_msgsConfig.cmake
[0.688s] -- Up-to-date: /root/ros_ws/src/Rescue_Car_ws/install/complex_msgs/share/complex_msgs/cmake/complex_msgsConfig-version.cmake
[0.688s] -- Up-to-date: /root/ros_ws/src/Rescue_Car_ws/install/complex_msgs/share/complex_msgs/package.xml
[0.704s] Invoked command in '/root/ros_ws/src/Rescue_Car_ws/build/complex_msgs' returned '0': AMENT_PREFIX_PATH=/root/ros_ws/src/Rescue_Car_ws/install/builtin_interfaces:${AMENT_PREFIX_PATH} CMAKE_PREFIX_PATH=/root/ros_ws/src/Rescue_Car_ws/install/builtin_interfaces:/opt/ros/humble LD_LIBRARY_PATH=/root/ros_ws/src/Rescue_Car_ws/install/builtin_interfaces/lib:${LD_LIBRARY_PATH} PYTHONPATH=/root/ros_ws/src/Rescue_Car_ws/install/builtin_interfaces/local/lib/python3.10/dist-packages:${PYTHONPATH} /usr/bin/cmake --install /root/ros_ws/src/Rescue_Car_ws/build/complex_msgs
