[  1%] [34m[1mPerforming build step for 'publisher_count'[0m
[  1%] [34m[1mPerforming build step for 'addtwoints_server'[0m
[  1%] [34m[1mPerforming build step for 'subscription_count'[0m
[  1%] [34m[1mPerforming build step for 'graph_visualizer'[0m
[  2%] [34m[1mPerforming build step for 'int32_subscriber'[0m
[  4%] [34m[1mPerforming build step for 'configured_publisher'[0m
[  4%] [34m[1mPerforming build step for 'fibonacci_action_server'[0m
[  5%] [34m[1mPerforming build step for 'configured_subscriber'[0m
[  5%] [34m[1mPerforming build step for 'fibonacci_action_client'[0m
[  5%] [34m[1mPerforming build step for 'addtwoints_client'[0m
[  5%] [34m[1mPerforming build step for 'int32_publisher'[0m
[  5%] [34m[1mPerforming build step for 'int32_publisher_subscriber'[0m
[  6%] [34m[1mPerforming build step for 'ping_pong'[0m
[  7%] [34m[1mPerforming build step for 'int32_multinode'[0m
[  8%] [34m[1mPerforming build step for 'ping_uros_agent'[0m
[  8%] [34m[1mPerforming build step for 'fragmented_publication'[0m
[  8%] [34m[1mPerforming build step for 'fragmented_subscription'[0m
[  9%] [34m[1mPerforming build step for 'complex_msg_publisher'[0m
[  9%] [34m[1mPerforming build step for 'complex_msg_subscriber'[0m
[ 10%] [34m[1mPerforming build step for 'timer'[0m
[100%] Built target configured_subscriber
[100%] Built target configured_publisher
[100%] Built target publisher_count
[ 50%] [32m[1mLinking C executable fibonacci_action_server[0m
[100%] Built target ping_pong
[ 50%] [32m[1mLinking C executable addtwoints_server[0m
[100%] Built target int32_subscriber
[100%] Built target int32_publisher_subscriber
[100%] Built target graph_visualizer
[100%] Built target subscription_count
[ 50%] [32m[1mLinking C executable fibonacci_action_client[0m
[100%] Built target ping_uros_agent
[100%] Built target fragmented_publication
[ 50%] [32m[1mLinking C executable addtwoints_client[0m
[100%] Built target int32_multinode
[100%] Built target fragmented_subscription
[ 10%] [34m[1mPerforming install step for 'int32_subscriber'[0m
[100%] Built target int32_publisher
[ 11%] [34m[1mPerforming install step for 'publisher_count'[0m
[ 11%] [34m[1mPerforming install step for 'configured_subscriber'[0m
[ 11%] [34m[1mPerforming install step for 'ping_pong'[0m
[ 11%] [34m[1mPerforming install step for 'configured_publisher'[0m
[ 11%] [34m[1mPerforming install step for 'subscription_count'[0m
[100%] Built target complex_msg_publisher
[100%] Built target complex_msg_subscriber
[ 11%] [34m[1mPerforming install step for 'graph_visualizer'[0m
[ 11%] [34m[1mPerforming install step for 'int32_publisher_subscriber'[0m
[ 11%] [34m[1mPerforming install step for 'int32_multinode'[0m
[ 12%] [34m[1mPerforming install step for 'fragmented_publication'[0m
[100%] Built target timer
[ 13%] [34m[1mPerforming install step for 'ping_uros_agent'[0m
[ 14%] [34m[1mPerforming install step for 'fragmented_subscription'[0m
[ 15%] [34m[1mPerforming install step for 'complex_msg_subscriber'[0m
[ 16%] [34m[1mPerforming install step for 'int32_publisher'[0m
[ 17%] [34m[1mPerforming install step for 'complex_msg_publisher'[0m
[ 17%] [34m[1mPerforming install step for 'timer'[0m
[100%] Built target subscription_count
[100%] Built target ping_pong
[100%] Built target configured_publisher
[100%] Built target publisher_count
[100%] Built target int32_subscriber
[100%] Built target graph_visualizer
[100%] Built target int32_publisher_subscriber
[100%] Built target fragmented_publication
[100%] Built target configured_subscriber
[100%] Built target int32_multinode
[36mInstall the project...[0m
[100%] Built target fragmented_subscription
[36mInstall the project...[0m
[100%] Built target ping_uros_agent
[36mInstall the project...[0m
[100%] Built target complex_msg_subscriber
[36mInstall the project...[0m
[36mInstall the project...[0m
-- Install configuration: ""
-- Up-to-date: /root/ros_ws/src/Rescue_Car_ws/build/micro_ros_demos_rclc/temp_install/ping_pong/ping_pong
[36mInstall the project...[0m
[36mInstall the project...[0m
[36mInstall the project...[0m
[100%] Built target complex_msg_publisher
[100%] Built target timer
-- Install configuration: ""
-- Up-to-date: /root/ros_ws/src/Rescue_Car_ws/build/micro_ros_demos_rclc/temp_install/subscription_count/subscription_count
[100%] Built target int32_publisher
-- Install configuration: ""
-- Up-to-date: /root/ros_ws/src/Rescue_Car_ws/build/micro_ros_demos_rclc/temp_install/int32_subscriber/int32_subscriber
[36mInstall the project...[0m
-- Install configuration: ""
-- Up-to-date: /root/ros_ws/src/Rescue_Car_ws/build/micro_ros_demos_rclc/temp_install/graph_visualizer/graph_visualizer
-- Install configuration: ""
[36mInstall the project...[0m
-- Up-to-date: /root/ros_ws/src/Rescue_Car_ws/build/micro_ros_demos_rclc/temp_install/configured_publisher/configured_publisher
-- Install configuration: ""
-- Up-to-date: /root/ros_ws/src/Rescue_Car_ws/build/micro_ros_demos_rclc/temp_install/int32_publisher_subscriber/int32_publisher_subscriber
-- Install configuration: ""
-- Up-to-date: /root/ros_ws/src/Rescue_Car_ws/build/micro_ros_demos_rclc/temp_install/publisher_count/publisher_count
[36mInstall the project...[0m
[36mInstall the project...[0m
-- Install configuration: ""
-- Up-to-date: /root/ros_ws/src/Rescue_Car_ws/build/micro_ros_demos_rclc/temp_install/fragmented_publication/fragmented_publication
-- Install configuration: ""
-- Up-to-date: /root/ros_ws/src/Rescue_Car_ws/build/micro_ros_demos_rclc/temp_install/fragmented_subscription/fragmented_subscription
[ 17%] [34m[1mCompleted 'ping_pong'[0m
-- Install configuration: ""
-- Up-to-date: /root/ros_ws/src/Rescue_Car_ws/build/micro_ros_demos_rclc/temp_install/configured_subscriber/configured_subscriber
-- Install configuration: ""
-- Up-to-date: /root/ros_ws/src/Rescue_Car_ws/build/micro_ros_demos_rclc/temp_install/ping_uros_agent/ping_uros_agent
[36mInstall the project...[0m
-- Install configuration: ""
-- Up-to-date: /root/ros_ws/src/Rescue_Car_ws/build/micro_ros_demos_rclc/temp_install/int32_multinode/int32_multinode
[36mInstall the project...[0m
[36mInstall the project...[0m
[36mInstall the project...[0m
[ 18%] [34m[1mCompleted 'subscription_count'[0m
[ 18%] [34m[1mCompleted 'graph_visualizer'[0m
[ 18%] [34m[1mCompleted 'int32_subscriber'[0m
[ 18%] [34m[1mCompleted 'configured_publisher'[0m
-- Install configuration: ""
[ 19%] [34m[1mCompleted 'publisher_count'[0m
-- Up-to-date: /root/ros_ws/src/Rescue_Car_ws/build/micro_ros_demos_rclc/temp_install/complex_msg_publisher/complex_msg_publisher
[ 20%] [34m[1mCompleted 'int32_publisher_subscriber'[0m
-- Install configuration: ""
-- Up-to-date: /root/ros_ws/src/Rescue_Car_ws/build/micro_ros_demos_rclc/temp_install/complex_msg_subscriber/complex_msg_subscriber
[ 20%] [34m[1mCompleted 'fragmented_publication'[0m
-- Install configuration: ""
[ 21%] [34m[1mCompleted 'fragmented_subscription'[0m
-- Up-to-date: /root/ros_ws/src/Rescue_Car_ws/build/micro_ros_demos_rclc/temp_install/timer/timer
-- Install configuration: ""
-- Up-to-date: /root/ros_ws/src/Rescue_Car_ws/build/micro_ros_demos_rclc/temp_install/int32_publisher/int32_publisher
[ 21%] [34m[1mCompleted 'ping_uros_agent'[0m
[ 21%] [34m[1mCompleted 'int32_multinode'[0m
[ 21%] [34m[1mCompleted 'configured_subscriber'[0m
[ 21%] [34m[1mCompleted 'complex_msg_publisher'[0m
[ 21%] [34m[1mCompleted 'timer'[0m
[ 25%] [34m[1mCompleted 'complex_msg_subscriber'[0m
[ 25%] Built target graph_visualizer
[ 26%] [34m[1mCompleted 'int32_publisher'[0m
[ 29%] Built target subscription_count
[ 32%] Built target ping_pong
[ 34%] Built target int32_subscriber
[ 36%] Built target fragmented_subscription
[ 38%] Built target fragmented_publication
[ 41%] Built target configured_publisher
[ 44%] Built target int32_publisher_subscriber
[ 45%] Built target ping_uros_agent
[ 47%] Built target publisher_count
[ 49%] Built target configured_subscriber
[ 51%] Built target int32_multinode
[ 52%] Built target complex_msg_publisher
[ 53%] [34m[1mPerforming build step for 'autodiscover_agent'[0m
[ 54%] [34m[1mPerforming build step for 'string_publisher'[0m
[ 57%] Built target timer
[ 57%] [34m[1mPerforming build step for 'string_subscriber'[0m
[ 57%] [34m[1mPerforming build step for 'multithread_publisher_subscriber'[0m
[ 59%] Built target complex_msg_subscriber
[ 59%] [34m[1mPerforming build step for 'parameter_server'[0m
[ 59%] [34m[1mPerforming build step for 'epoch_synchronization'[0m
[ 60%] [34m[1mPerforming build step for 'static_type_handling'[0m
[ 62%] Built target int32_publisher
[100%] Built target addtwoints_server
[100%] Built target fibonacci_action_server
[ 63%] [34m[1mPerforming install step for 'addtwoints_server'[0m
[ 63%] [34m[1mPerforming install step for 'fibonacci_action_server'[0m
[100%] Built target autodiscover_agent
[100%] Built target multithread_publisher_subscriber
[100%] Built target string_subscriber
[100%] Built target epoch_synchronization
[100%] Built target string_publisher
[100%] Built target parameter_server
[100%] Built target static_type_handling
[100%] Built target addtwoints_client
[100%] Built target fibonacci_action_client
[ 63%] [34m[1mPerforming install step for 'autodiscover_agent'[0m
[ 64%] [34m[1mPerforming install step for 'multithread_publisher_subscriber'[0m
[ 65%] [34m[1mPerforming install step for 'string_subscriber'[0m
[ 65%] [34m[1mPerforming install step for 'parameter_server'[0m
[ 66%] [34m[1mPerforming install step for 'epoch_synchronization'[0m
[ 66%] [34m[1mPerforming install step for 'string_publisher'[0m
[ 67%] [34m[1mPerforming install step for 'addtwoints_client'[0m
[ 67%] [34m[1mPerforming install step for 'static_type_handling'[0m
[ 67%] [34m[1mPerforming install step for 'fibonacci_action_client'[0m
[100%] Built target addtwoints_server
[100%] Built target fibonacci_action_server
[100%] Built target autodiscover_agent
[36mInstall the project...[0m
[100%] Built target multithread_publisher_subscriber
[36mInstall the project...[0m
[100%] Built target string_subscriber
[100%] Built target string_publisher
-- Install configuration: ""
-- Installing: /root/ros_ws/src/Rescue_Car_ws/build/micro_ros_demos_rclc/temp_install/addtwoints_server/addtwoints_server
[100%] Built target addtwoints_client
-- Set runtime path of "/root/ros_ws/src/Rescue_Car_ws/build/micro_ros_demos_rclc/temp_install/addtwoints_server/addtwoints_server" to ""
[100%] Built target parameter_server
[100%] Built target epoch_synchronization
-- Install configuration: ""
-- Installing: /root/ros_ws/src/Rescue_Car_ws/build/micro_ros_demos_rclc/temp_install/fibonacci_action_server/fibonacci_action_server
-- Set runtime path of "/root/ros_ws/src/Rescue_Car_ws/build/micro_ros_demos_rclc/temp_install/fibonacci_action_server/fibonacci_action_server" to ""
[100%] Built target fibonacci_action_client
[100%] Built target static_type_handling
[36mInstall the project...[0m
[36mInstall the project...[0m
[36mInstall the project...[0m
[36mInstall the project...[0m
-- Install configuration: ""
[36mInstall the project...[0m
-- Up-to-date: /root/ros_ws/src/Rescue_Car_ws/build/micro_ros_demos_rclc/temp_install/multithread_publisher_subscriber/multithread_publisher_subscriber
-- Install configuration: ""
-- Up-to-date: /root/ros_ws/src/Rescue_Car_ws/build/micro_ros_demos_rclc/temp_install/autodiscover_agent/autodiscover_agent
[36mInstall the project...[0m
[ 68%] [34m[1mCompleted 'addtwoints_server'[0m
[36mInstall the project...[0m
[36mInstall the project...[0m
[ 68%] [34m[1mCompleted 'fibonacci_action_server'[0m
-- Install configuration: ""
-- Up-to-date: /root/ros_ws/src/Rescue_Car_ws/build/micro_ros_demos_rclc/temp_install/string_subscriber/string_subscriber
[36mInstall the project...[0m
-- Install configuration: ""
-- Install configuration: ""
-- Up-to-date: /root/ros_ws/src/Rescue_Car_ws/build/micro_ros_demos_rclc/temp_install/string_publisher/string_publisher
-- Up-to-date: /root/ros_ws/src/Rescue_Car_ws/build/micro_ros_demos_rclc/temp_install/parameter_server/parameter_server
-- Install configuration: ""
-- Up-to-date: /root/ros_ws/src/Rescue_Car_ws/build/micro_ros_demos_rclc/temp_install/epoch_synchronization/epoch_synchronization
-- Install configuration: ""
-- Installing: /root/ros_ws/src/Rescue_Car_ws/build/micro_ros_demos_rclc/temp_install/addtwoints_client/addtwoints_client
-- Set runtime path of "/root/ros_ws/src/Rescue_Car_ws/build/micro_ros_demos_rclc/temp_install/addtwoints_client/addtwoints_client" to ""
-- Install configuration: ""
-- Installing: /root/ros_ws/src/Rescue_Car_ws/build/micro_ros_demos_rclc/temp_install/fibonacci_action_client/fibonacci_action_client
-- Set runtime path of "/root/ros_ws/src/Rescue_Car_ws/build/micro_ros_demos_rclc/temp_install/fibonacci_action_client/fibonacci_action_client" to ""
-- Install configuration: ""
-- Up-to-date: /root/ros_ws/src/Rescue_Car_ws/build/micro_ros_demos_rclc/temp_install/static_type_handling/static_type_handling
[ 68%] [34m[1mCompleted 'autodiscover_agent'[0m
[ 69%] [34m[1mCompleted 'multithread_publisher_subscriber'[0m
[ 70%] [34m[1mCompleted 'string_subscriber'[0m
[ 70%] [34m[1mCompleted 'string_publisher'[0m
[ 71%] [34m[1mCompleted 'parameter_server'[0m
[ 72%] [34m[1mCompleted 'epoch_synchronization'[0m
[ 73%] [34m[1mCompleted 'fibonacci_action_client'[0m
[ 73%] [34m[1mCompleted 'static_type_handling'[0m
[ 73%] [34m[1mCompleted 'addtwoints_client'[0m
[ 76%] Built target fibonacci_action_server
[ 78%] Built target addtwoints_server
[ 80%] Built target multithread_publisher_subscriber
[ 83%] Built target autodiscover_agent
[ 86%] Built target parameter_server
[ 88%] Built target string_publisher
[ 91%] Built target fibonacci_action_client
[ 93%] Built target epoch_synchronization
[ 95%] Built target string_subscriber
[ 98%] Built target static_type_handling
[100%] Built target addtwoints_client
-- Install configuration: ""
-- Up-to-date: /root/ros_ws/src/Rescue_Car_ws/install/micro_ros_demos_rclc/lib/micro_ros_demos_rclc
-- Up-to-date: /root/ros_ws/src/Rescue_Car_ws/install/micro_ros_demos_rclc/lib/micro_ros_demos_rclc/ping_uros_agent
-- Up-to-date: /root/ros_ws/src/Rescue_Car_ws/install/micro_ros_demos_rclc/lib/micro_ros_demos_rclc/ping_uros_agent/ping_uros_agent
-- Up-to-date: /root/ros_ws/src/Rescue_Car_ws/install/micro_ros_demos_rclc/lib/micro_ros_demos_rclc/configured_subscriber
-- Up-to-date: /root/ros_ws/src/Rescue_Car_ws/install/micro_ros_demos_rclc/lib/micro_ros_demos_rclc/configured_subscriber/configured_subscriber
-- Up-to-date: /root/ros_ws/src/Rescue_Car_ws/install/micro_ros_demos_rclc/lib/micro_ros_demos_rclc/subscription_count
-- Up-to-date: /root/ros_ws/src/Rescue_Car_ws/install/micro_ros_demos_rclc/lib/micro_ros_demos_rclc/subscription_count/subscription_count
-- Up-to-date: /root/ros_ws/src/Rescue_Car_ws/install/micro_ros_demos_rclc/lib/micro_ros_demos_rclc/epoch_synchronization
-- Up-to-date: /root/ros_ws/src/Rescue_Car_ws/install/micro_ros_demos_rclc/lib/micro_ros_demos_rclc/epoch_synchronization/epoch_synchronization
-- Up-to-date: /root/ros_ws/src/Rescue_Car_ws/install/micro_ros_demos_rclc/lib/micro_ros_demos_rclc/complex_msg_subscriber
-- Up-to-date: /root/ros_ws/src/Rescue_Car_ws/install/micro_ros_demos_rclc/lib/micro_ros_demos_rclc/complex_msg_subscriber/complex_msg_subscriber
-- Up-to-date: /root/ros_ws/src/Rescue_Car_ws/install/micro_ros_demos_rclc/lib/micro_ros_demos_rclc/fibonacci_action_server
-- Installing: /root/ros_ws/src/Rescue_Car_ws/install/micro_ros_demos_rclc/lib/micro_ros_demos_rclc/fibonacci_action_server/fibonacci_action_server
-- Up-to-date: /root/ros_ws/src/Rescue_Car_ws/install/micro_ros_demos_rclc/lib/micro_ros_demos_rclc/ping_pong
-- Up-to-date: /root/ros_ws/src/Rescue_Car_ws/install/micro_ros_demos_rclc/lib/micro_ros_demos_rclc/ping_pong/ping_pong
-- Up-to-date: /root/ros_ws/src/Rescue_Car_ws/install/micro_ros_demos_rclc/lib/micro_ros_demos_rclc/static_type_handling
-- Up-to-date: /root/ros_ws/src/Rescue_Car_ws/install/micro_ros_demos_rclc/lib/micro_ros_demos_rclc/static_type_handling/static_type_handling
-- Up-to-date: /root/ros_ws/src/Rescue_Car_ws/install/micro_ros_demos_rclc/lib/micro_ros_demos_rclc/autodiscover_agent
-- Up-to-date: /root/ros_ws/src/Rescue_Car_ws/install/micro_ros_demos_rclc/lib/micro_ros_demos_rclc/autodiscover_agent/autodiscover_agent
-- Up-to-date: /root/ros_ws/src/Rescue_Car_ws/install/micro_ros_demos_rclc/lib/micro_ros_demos_rclc/int32_subscriber
-- Up-to-date: /root/ros_ws/src/Rescue_Car_ws/install/micro_ros_demos_rclc/lib/micro_ros_demos_rclc/int32_subscriber/int32_subscriber
-- Up-to-date: /root/ros_ws/src/Rescue_Car_ws/install/micro_ros_demos_rclc/lib/micro_ros_demos_rclc/publisher_count
-- Up-to-date: /root/ros_ws/src/Rescue_Car_ws/install/micro_ros_demos_rclc/lib/micro_ros_demos_rclc/publisher_count/publisher_count
-- Up-to-date: /root/ros_ws/src/Rescue_Car_ws/install/micro_ros_demos_rclc/lib/micro_ros_demos_rclc/fragmented_publication
-- Up-to-date: /root/ros_ws/src/Rescue_Car_ws/install/micro_ros_demos_rclc/lib/micro_ros_demos_rclc/fragmented_publication/fragmented_publication
-- Up-to-date: /root/ros_ws/src/Rescue_Car_ws/install/micro_ros_demos_rclc/lib/micro_ros_demos_rclc/int32_multinode
-- Up-to-date: /root/ros_ws/src/Rescue_Car_ws/install/micro_ros_demos_rclc/lib/micro_ros_demos_rclc/int32_multinode/int32_multinode
-- Up-to-date: /root/ros_ws/src/Rescue_Car_ws/install/micro_ros_demos_rclc/lib/micro_ros_demos_rclc/fibonacci_action_client
-- Installing: /root/ros_ws/src/Rescue_Car_ws/install/micro_ros_demos_rclc/lib/micro_ros_demos_rclc/fibonacci_action_client/fibonacci_action_client
-- Up-to-date: /root/ros_ws/src/Rescue_Car_ws/install/micro_ros_demos_rclc/lib/micro_ros_demos_rclc/parameter_server
-- Up-to-date: /root/ros_ws/src/Rescue_Car_ws/install/micro_ros_demos_rclc/lib/micro_ros_demos_rclc/parameter_server/parameter_server
-- Up-to-date: /root/ros_ws/src/Rescue_Car_ws/install/micro_ros_demos_rclc/lib/micro_ros_demos_rclc/addtwoints_server
-- Installing: /root/ros_ws/src/Rescue_Car_ws/install/micro_ros_demos_rclc/lib/micro_ros_demos_rclc/addtwoints_server/addtwoints_server
-- Up-to-date: /root/ros_ws/src/Rescue_Car_ws/install/micro_ros_demos_rclc/lib/micro_ros_demos_rclc/string_subscriber
-- Up-to-date: /root/ros_ws/src/Rescue_Car_ws/install/micro_ros_demos_rclc/lib/micro_ros_demos_rclc/string_subscriber/string_subscriber
-- Up-to-date: /root/ros_ws/src/Rescue_Car_ws/install/micro_ros_demos_rclc/lib/micro_ros_demos_rclc/timer
-- Up-to-date: /root/ros_ws/src/Rescue_Car_ws/install/micro_ros_demos_rclc/lib/micro_ros_demos_rclc/timer/timer
-- Up-to-date: /root/ros_ws/src/Rescue_Car_ws/install/micro_ros_demos_rclc/lib/micro_ros_demos_rclc/addtwoints_client
-- Installing: /root/ros_ws/src/Rescue_Car_ws/install/micro_ros_demos_rclc/lib/micro_ros_demos_rclc/addtwoints_client/addtwoints_client
-- Up-to-date: /root/ros_ws/src/Rescue_Car_ws/install/micro_ros_demos_rclc/lib/micro_ros_demos_rclc/graph_visualizer
-- Up-to-date: /root/ros_ws/src/Rescue_Car_ws/install/micro_ros_demos_rclc/lib/micro_ros_demos_rclc/graph_visualizer/graph_visualizer
-- Up-to-date: /root/ros_ws/src/Rescue_Car_ws/install/micro_ros_demos_rclc/lib/micro_ros_demos_rclc/configured_publisher
-- Up-to-date: /root/ros_ws/src/Rescue_Car_ws/install/micro_ros_demos_rclc/lib/micro_ros_demos_rclc/configured_publisher/configured_publisher
-- Up-to-date: /root/ros_ws/src/Rescue_Car_ws/install/micro_ros_demos_rclc/lib/micro_ros_demos_rclc/complex_msg_publisher
-- Up-to-date: /root/ros_ws/src/Rescue_Car_ws/install/micro_ros_demos_rclc/lib/micro_ros_demos_rclc/complex_msg_publisher/complex_msg_publisher
-- Up-to-date: /root/ros_ws/src/Rescue_Car_ws/install/micro_ros_demos_rclc/lib/micro_ros_demos_rclc/multithread_publisher_subscriber
-- Up-to-date: /root/ros_ws/src/Rescue_Car_ws/install/micro_ros_demos_rclc/lib/micro_ros_demos_rclc/multithread_publisher_subscriber/multithread_publisher_subscriber
-- Up-to-date: /root/ros_ws/src/Rescue_Car_ws/install/micro_ros_demos_rclc/lib/micro_ros_demos_rclc/int32_publisher
-- Up-to-date: /root/ros_ws/src/Rescue_Car_ws/install/micro_ros_demos_rclc/lib/micro_ros_demos_rclc/int32_publisher/int32_publisher
-- Up-to-date: /root/ros_ws/src/Rescue_Car_ws/install/micro_ros_demos_rclc/lib/micro_ros_demos_rclc/string_publisher
-- Up-to-date: /root/ros_ws/src/Rescue_Car_ws/install/micro_ros_demos_rclc/lib/micro_ros_demos_rclc/string_publisher/string_publisher
-- Up-to-date: /root/ros_ws/src/Rescue_Car_ws/install/micro_ros_demos_rclc/lib/micro_ros_demos_rclc/int32_publisher_subscriber
-- Up-to-date: /root/ros_ws/src/Rescue_Car_ws/install/micro_ros_demos_rclc/lib/micro_ros_demos_rclc/int32_publisher_subscriber/int32_publisher_subscriber
-- Up-to-date: /root/ros_ws/src/Rescue_Car_ws/install/micro_ros_demos_rclc/lib/micro_ros_demos_rclc/fragmented_subscription
-- Up-to-date: /root/ros_ws/src/Rescue_Car_ws/install/micro_ros_demos_rclc/lib/micro_ros_demos_rclc/fragmented_subscription/fragmented_subscription
-- Up-to-date: /root/ros_ws/src/Rescue_Car_ws/install/micro_ros_demos_rclc/share/ament_index/resource_index/package_run_dependencies/micro_ros_demos_rclc
-- Up-to-date: /root/ros_ws/src/Rescue_Car_ws/install/micro_ros_demos_rclc/share/ament_index/resource_index/parent_prefix_path/micro_ros_demos_rclc
-- Up-to-date: /root/ros_ws/src/Rescue_Car_ws/install/micro_ros_demos_rclc/share/micro_ros_demos_rclc/environment/ament_prefix_path.sh
-- Up-to-date: /root/ros_ws/src/Rescue_Car_ws/install/micro_ros_demos_rclc/share/micro_ros_demos_rclc/environment/ament_prefix_path.dsv
-- Up-to-date: /root/ros_ws/src/Rescue_Car_ws/install/micro_ros_demos_rclc/share/micro_ros_demos_rclc/environment/path.sh
-- Up-to-date: /root/ros_ws/src/Rescue_Car_ws/install/micro_ros_demos_rclc/share/micro_ros_demos_rclc/environment/path.dsv
-- Up-to-date: /root/ros_ws/src/Rescue_Car_ws/install/micro_ros_demos_rclc/share/micro_ros_demos_rclc/local_setup.bash
-- Up-to-date: /root/ros_ws/src/Rescue_Car_ws/install/micro_ros_demos_rclc/share/micro_ros_demos_rclc/local_setup.sh
-- Up-to-date: /root/ros_ws/src/Rescue_Car_ws/install/micro_ros_demos_rclc/share/micro_ros_demos_rclc/local_setup.zsh
-- Up-to-date: /root/ros_ws/src/Rescue_Car_ws/install/micro_ros_demos_rclc/share/micro_ros_demos_rclc/local_setup.dsv
-- Installing: /root/ros_ws/src/Rescue_Car_ws/install/micro_ros_demos_rclc/share/micro_ros_demos_rclc/package.dsv
-- Up-to-date: /root/ros_ws/src/Rescue_Car_ws/install/micro_ros_demos_rclc/share/ament_index/resource_index/packages/micro_ros_demos_rclc
-- Up-to-date: /root/ros_ws/src/Rescue_Car_ws/install/micro_ros_demos_rclc/share/micro_ros_demos_rclc/cmake/micro_ros_demos_rclcConfig.cmake
-- Up-to-date: /root/ros_ws/src/Rescue_Car_ws/install/micro_ros_demos_rclc/share/micro_ros_demos_rclc/cmake/micro_ros_demos_rclcConfig-version.cmake
-- Up-to-date: /root/ros_ws/src/Rescue_Car_ws/install/micro_ros_demos_rclc/share/micro_ros_demos_rclc/package.xml
