[1.413s] Invoking command in '/root/ros_ws/src/Rescue_Car_ws/build/micro_ros_demos_rclc': AMENT_PREFIX_PATH=/root/ros_ws/src/Rescue_Car_ws/install/visualization_msgs:/root/ros_ws/src/Rescue_Car_ws/install/rclc_parameter:/root/ros_ws/src/Rescue_Car_ws/install/sensor_msgs:/root/ros_ws/src/Rescue_Car_ws/install/rmw_microxrcedds:/root/ros_ws/src/Rescue_Car_ws/install/rclc:/root/ros_ws/src/Rescue_Car_ws/install/test_msgs:/root/ros_ws/src/Rescue_Car_ws/install/rosidl_typesupport_microxrcedds_cpp:/root/ros_ws/src/Rescue_Car_ws/install/geometry_msgs:/root/ros_ws/src/Rescue_Car_ws/install/example_interfaces:/root/ros_ws/src/Rescue_Car_ws/install/std_msgs:/root/ros_ws/src/Rescue_Car_ws/install/rosidl_typesupport_microxrcedds_c:/root/ros_ws/src/Rescue_Car_ws/install/rcl_interfaces:/root/ros_ws/src/Rescue_Car_ws/install/complex_msgs:/root/ros_ws/src/Rescue_Car_ws/install/action_msgs:/root/ros_ws/src/Rescue_Car_ws/install/unique_identifier_msgs:/root/ros_ws/src/Rescue_Car_ws/install/micro_ros_utilities:/root/ros_ws/src/Rescue_Car_ws/install/micro_ros_msgs:/root/ros_ws/src/Rescue_Car_ws/install/builtin_interfaces:${AMENT_PREFIX_PATH} CMAKE_PREFIX_PATH=/root/ros_ws/src/Rescue_Car_ws/install/visualization_msgs:/root/ros_ws/src/Rescue_Car_ws/install/rclc_parameter:/root/ros_ws/src/Rescue_Car_ws/install/sensor_msgs:/root/ros_ws/src/Rescue_Car_ws/install/rmw_microxrcedds:/root/ros_ws/src/Rescue_Car_ws/install/rclc:/root/ros_ws/src/Rescue_Car_ws/install/test_msgs:/root/ros_ws/src/Rescue_Car_ws/install/rosidl_typesupport_microxrcedds_cpp:/root/ros_ws/src/Rescue_Car_ws/install/geometry_msgs:/root/ros_ws/src/Rescue_Car_ws/install/example_interfaces:/root/ros_ws/src/Rescue_Car_ws/install/std_msgs:/root/ros_ws/src/Rescue_Car_ws/install/rosidl_typesupport_microxrcedds_c:/root/ros_ws/src/Rescue_Car_ws/install/rcl_interfaces:/root/ros_ws/src/Rescue_Car_ws/install/microxrcedds_client:/root/ros_ws/src/Rescue_Car_ws/install/complex_msgs:/root/ros_ws/src/Rescue_Car_ws/install/action_msgs:/root/ros_ws/src/Rescue_Car_ws/install/unique_identifier_msgs:/root/ros_ws/src/Rescue_Car_ws/install/microcdr:/root/ros_ws/src/Rescue_Car_ws/install/micro_ros_utilities:/root/ros_ws/src/Rescue_Car_ws/install/micro_ros_msgs:/root/ros_ws/src/Rescue_Car_ws/install/builtin_interfaces:/opt/ros/humble LD_LIBRARY_PATH=/root/ros_ws/src/Rescue_Car_ws/install/visualization_msgs/lib:/root/ros_ws/src/Rescue_Car_ws/install/rclc_parameter/lib:/root/ros_ws/src/Rescue_Car_ws/install/sensor_msgs/lib:/root/ros_ws/src/Rescue_Car_ws/install/rmw_microxrcedds/lib:/root/ros_ws/src/Rescue_Car_ws/install/rclc/lib:/root/ros_ws/src/Rescue_Car_ws/install/test_msgs/lib:/root/ros_ws/src/Rescue_Car_ws/install/rosidl_typesupport_microxrcedds_cpp/lib:/root/ros_ws/src/Rescue_Car_ws/install/geometry_msgs/lib:/root/ros_ws/src/Rescue_Car_ws/install/example_interfaces/lib:/root/ros_ws/src/Rescue_Car_ws/install/std_msgs/lib:/root/ros_ws/src/Rescue_Car_ws/install/rosidl_typesupport_microxrcedds_c/lib:/root/ros_ws/src/Rescue_Car_ws/install/rcl_interfaces/lib:/root/ros_ws/src/Rescue_Car_ws/install/complex_msgs/lib:/root/ros_ws/src/Rescue_Car_ws/install/action_msgs/lib:/root/ros_ws/src/Rescue_Car_ws/install/unique_identifier_msgs/lib:/root/ros_ws/src/Rescue_Car_ws/install/micro_ros_utilities/lib:/root/ros_ws/src/Rescue_Car_ws/install/micro_ros_msgs/lib:/root/ros_ws/src/Rescue_Car_ws/install/builtin_interfaces/lib:${LD_LIBRARY_PATH} PYTHONPATH=/root/ros_ws/src/Rescue_Car_ws/install/visualization_msgs/local/lib/python3.10/dist-packages:/root/ros_ws/src/Rescue_Car_ws/install/sensor_msgs/local/lib/python3.10/dist-packages:/root/ros_ws/src/Rescue_Car_ws/install/test_msgs/local/lib/python3.10/dist-packages:/root/ros_ws/src/Rescue_Car_ws/install/rosidl_typesupport_microxrcedds_cpp/local/lib/python3.10/dist-packages:/root/ros_ws/src/Rescue_Car_ws/install/geometry_msgs/local/lib/python3.10/dist-packages:/root/ros_ws/src/Rescue_Car_ws/install/example_interfaces/local/lib/python3.10/dist-packages:/root/ros_ws/src/Rescue_Car_ws/install/std_msgs/local/lib/python3.10/dist-packages:/root/ros_ws/src/Rescue_Car_ws/install/rosidl_typesupport_microxrcedds_c/local/lib/python3.10/dist-packages:/root/ros_ws/src/Rescue_Car_ws/install/rcl_interfaces/local/lib/python3.10/dist-packages:/root/ros_ws/src/Rescue_Car_ws/install/complex_msgs/local/lib/python3.10/dist-packages:/root/ros_ws/src/Rescue_Car_ws/install/action_msgs/local/lib/python3.10/dist-packages:/root/ros_ws/src/Rescue_Car_ws/install/unique_identifier_msgs/local/lib/python3.10/dist-packages:/root/ros_ws/src/Rescue_Car_ws/install/micro_ros_msgs/local/lib/python3.10/dist-packages:/root/ros_ws/src/Rescue_Car_ws/install/builtin_interfaces/local/lib/python3.10/dist-packages:${PYTHONPATH} /usr/bin/cmake --build /root/ros_ws/src/Rescue_Car_ws/build/micro_ros_demos_rclc -- -j20 -l20
[1.460s] [  1%] [34m[1mPerforming build step for 'publisher_count'[0m
[1.462s] [  1%] [34m[1mPerforming build step for 'addtwoints_server'[0m
[1.462s] [  1%] [34m[1mPerforming build step for 'subscription_count'[0m
[1.462s] [  1%] [34m[1mPerforming build step for 'graph_visualizer'[0m
[1.464s] [  2%] [34m[1mPerforming build step for 'int32_subscriber'[0m
[1.464s] [  4%] [34m[1mPerforming build step for 'configured_publisher'[0m
[1.464s] [  4%] [34m[1mPerforming build step for 'fibonacci_action_server'[0m
[1.464s] [  5%] [34m[1mPerforming build step for 'configured_subscriber'[0m
[1.466s] [  5%] [34m[1mPerforming build step for 'fibonacci_action_client'[0m
[1.466s] [  5%] [34m[1mPerforming build step for 'addtwoints_client'[0m
[1.467s] [  5%] [34m[1mPerforming build step for 'int32_publisher'[0m
[1.472s] [  5%] [34m[1mPerforming build step for 'int32_publisher_subscriber'[0m
[1.473s] [  6%] [34m[1mPerforming build step for 'ping_pong'[0m
[1.473s] [  7%] [34m[1mPerforming build step for 'int32_multinode'[0m
[1.475s] [  8%] [34m[1mPerforming build step for 'ping_uros_agent'[0m
[1.476s] [  8%] [34m[1mPerforming build step for 'fragmented_publication'[0m
[1.476s] [  8%] [34m[1mPerforming build step for 'fragmented_subscription'[0m
[1.481s] [  9%] [34m[1mPerforming build step for 'complex_msg_publisher'[0m
[1.482s] [  9%] [34m[1mPerforming build step for 'complex_msg_subscriber'[0m
[1.501s] [ 10%] [34m[1mPerforming build step for 'timer'[0m
[1.525s] [100%] Built target configured_subscriber
[1.526s] [100%] Built target configured_publisher
[1.527s] [100%] Built target publisher_count
[1.527s] [ 50%] [32m[1mLinking C executable fibonacci_action_server[0m
[1.528s] [100%] Built target ping_pong
[1.529s] [ 50%] [32m[1mLinking C executable addtwoints_server[0m
[1.529s] [100%] Built target int32_subscriber
[1.532s] [100%] Built target int32_publisher_subscriber
[1.533s] [100%] Built target graph_visualizer
[1.534s] [100%] Built target subscription_count
[1.539s] [ 50%] [32m[1mLinking C executable fibonacci_action_client[0m
[1.545s] [100%] Built target ping_uros_agent
[1.546s] [100%] Built target fragmented_publication
[1.546s] [ 50%] [32m[1mLinking C executable addtwoints_client[0m
[1.546s] [100%] Built target int32_multinode
[1.546s] [100%] Built target fragmented_subscription
[1.552s] [ 10%] [34m[1mPerforming install step for 'int32_subscriber'[0m
[1.552s] [100%] Built target int32_publisher
[1.553s] [ 11%] [34m[1mPerforming install step for 'publisher_count'[0m
[1.554s] [ 11%] [34m[1mPerforming install step for 'configured_subscriber'[0m
[1.554s] [ 11%] [34m[1mPerforming install step for 'ping_pong'[0m
[1.555s] [ 11%] [34m[1mPerforming install step for 'configured_publisher'[0m
[1.556s] [ 11%] [34m[1mPerforming install step for 'subscription_count'[0m
[1.556s] [100%] Built target complex_msg_publisher
[1.556s] [100%] Built target complex_msg_subscriber
[1.560s] [ 11%] [34m[1mPerforming install step for 'graph_visualizer'[0m
[1.563s] [ 11%] [34m[1mPerforming install step for 'int32_publisher_subscriber'[0m
[1.569s] [ 11%] [34m[1mPerforming install step for 'int32_multinode'[0m
[1.569s] [ 12%] [34m[1mPerforming install step for 'fragmented_publication'[0m
[1.569s] [100%] Built target timer
[1.570s] [ 13%] [34m[1mPerforming install step for 'ping_uros_agent'[0m
[1.573s] [ 14%] [34m[1mPerforming install step for 'fragmented_subscription'[0m
[1.582s] [ 15%] [34m[1mPerforming install step for 'complex_msg_subscriber'[0m
[1.586s] [ 16%] [34m[1mPerforming install step for 'int32_publisher'[0m
[1.589s] [ 17%] [34m[1mPerforming install step for 'complex_msg_publisher'[0m
[1.590s] [ 17%] [34m[1mPerforming install step for 'timer'[0m
[1.613s] [100%] Built target subscription_count
[1.613s] [100%] Built target ping_pong
[1.621s] [100%] Built target configured_publisher
[1.624s] [100%] Built target publisher_count
[1.624s] [100%] Built target int32_subscriber
[1.625s] [100%] Built target graph_visualizer
[1.628s] [100%] Built target int32_publisher_subscriber
[1.630s] [100%] Built target fragmented_publication
[1.631s] [100%] Built target configured_subscriber
[1.632s] [100%] Built target int32_multinode
[1.639s] [36mInstall the project...[0m
[1.645s] [100%] Built target fragmented_subscription
[1.646s] [36mInstall the project...[0m
[1.646s] [100%] Built target ping_uros_agent
[1.646s] [36mInstall the project...[0m
[1.646s] [100%] Built target complex_msg_subscriber
[1.650s] [36mInstall the project...[0m
[1.653s] [36mInstall the project...[0m
[1.653s] -- Install configuration: ""
[1.653s] -- Up-to-date: /root/ros_ws/src/Rescue_Car_ws/build/micro_ros_demos_rclc/temp_install/ping_pong/ping_pong
[1.657s] [36mInstall the project...[0m
[1.658s] [36mInstall the project...[0m
[1.658s] [36mInstall the project...[0m
[1.658s] [100%] Built target complex_msg_publisher
[1.658s] [100%] Built target timer
[1.659s] -- Install configuration: ""
[1.659s] -- Up-to-date: /root/ros_ws/src/Rescue_Car_ws/build/micro_ros_demos_rclc/temp_install/subscription_count/subscription_count
[1.661s] [100%] Built target int32_publisher
[1.662s] -- Install configuration: ""
[1.662s] -- Up-to-date: /root/ros_ws/src/Rescue_Car_ws/build/micro_ros_demos_rclc/temp_install/int32_subscriber/int32_subscriber
[1.662s] [36mInstall the project...[0m
[1.663s] -- Install configuration: ""
[1.663s] -- Up-to-date: /root/ros_ws/src/Rescue_Car_ws/build/micro_ros_demos_rclc/temp_install/graph_visualizer/graph_visualizer
[1.664s] -- Install configuration: ""
[1.664s] [36mInstall the project...[0m
[1.664s] -- Up-to-date: /root/ros_ws/src/Rescue_Car_ws/build/micro_ros_demos_rclc/temp_install/configured_publisher/configured_publisher
[1.667s] -- Install configuration: ""
[1.668s] -- Up-to-date: /root/ros_ws/src/Rescue_Car_ws/build/micro_ros_demos_rclc/temp_install/int32_publisher_subscriber/int32_publisher_subscriber
[1.669s] -- Install configuration: ""
[1.670s] -- Up-to-date: /root/ros_ws/src/Rescue_Car_ws/build/micro_ros_demos_rclc/temp_install/publisher_count/publisher_count
[1.671s] [36mInstall the project...[0m
[1.671s] [36mInstall the project...[0m
[1.673s] -- Install configuration: ""
[1.673s] -- Up-to-date: /root/ros_ws/src/Rescue_Car_ws/build/micro_ros_demos_rclc/temp_install/fragmented_publication/fragmented_publication
[1.675s] -- Install configuration: ""
[1.676s] -- Up-to-date: /root/ros_ws/src/Rescue_Car_ws/build/micro_ros_demos_rclc/temp_install/fragmented_subscription/fragmented_subscription
[1.679s] [ 17%] [34m[1mCompleted 'ping_pong'[0m
[1.679s] -- Install configuration: ""
[1.679s] -- Up-to-date: /root/ros_ws/src/Rescue_Car_ws/build/micro_ros_demos_rclc/temp_install/configured_subscriber/configured_subscriber
[1.681s] -- Install configuration: ""
[1.683s] -- Up-to-date: /root/ros_ws/src/Rescue_Car_ws/build/micro_ros_demos_rclc/temp_install/ping_uros_agent/ping_uros_agent
[1.684s] [36mInstall the project...[0m
[1.684s] -- Install configuration: ""
[1.684s] -- Up-to-date: /root/ros_ws/src/Rescue_Car_ws/build/micro_ros_demos_rclc/temp_install/int32_multinode/int32_multinode
[1.685s] [36mInstall the project...[0m
[1.685s] [36mInstall the project...[0m
[1.685s] [36mInstall the project...[0m
[1.685s] [ 18%] [34m[1mCompleted 'subscription_count'[0m
[1.692s] [ 18%] [34m[1mCompleted 'graph_visualizer'[0m
[1.693s] [ 18%] [34m[1mCompleted 'int32_subscriber'[0m
[1.693s] [ 18%] [34m[1mCompleted 'configured_publisher'[0m
[1.693s] -- Install configuration: ""
[1.693s] [ 19%] [34m[1mCompleted 'publisher_count'[0m
[1.693s] -- Up-to-date: /root/ros_ws/src/Rescue_Car_ws/build/micro_ros_demos_rclc/temp_install/complex_msg_publisher/complex_msg_publisher
[1.696s] [ 20%] [34m[1mCompleted 'int32_publisher_subscriber'[0m
[1.697s] -- Install configuration: ""
[1.697s] -- Up-to-date: /root/ros_ws/src/Rescue_Car_ws/build/micro_ros_demos_rclc/temp_install/complex_msg_subscriber/complex_msg_subscriber
[1.697s] [ 20%] [34m[1mCompleted 'fragmented_publication'[0m
[1.698s] -- Install configuration: ""
[1.699s] [ 21%] [34m[1mCompleted 'fragmented_subscription'[0m
[1.704s] -- Up-to-date: /root/ros_ws/src/Rescue_Car_ws/build/micro_ros_demos_rclc/temp_install/timer/timer
[1.704s] -- Install configuration: ""
[1.704s] -- Up-to-date: /root/ros_ws/src/Rescue_Car_ws/build/micro_ros_demos_rclc/temp_install/int32_publisher/int32_publisher
[1.711s] [ 21%] [34m[1mCompleted 'ping_uros_agent'[0m
[1.712s] [ 21%] [34m[1mCompleted 'int32_multinode'[0m
[1.712s] [ 21%] [34m[1mCompleted 'configured_subscriber'[0m
[1.717s] [ 21%] [34m[1mCompleted 'complex_msg_publisher'[0m
[1.727s] [ 21%] [34m[1mCompleted 'timer'[0m
[1.735s] [ 25%] [34m[1mCompleted 'complex_msg_subscriber'[0m
[1.735s] [ 25%] Built target graph_visualizer
[1.736s] [ 26%] [34m[1mCompleted 'int32_publisher'[0m
[1.736s] [ 29%] Built target subscription_count
[1.736s] [ 32%] Built target ping_pong
[1.740s] [ 34%] Built target int32_subscriber
[1.741s] [ 36%] Built target fragmented_subscription
[1.742s] [ 38%] Built target fragmented_publication
[1.742s] [ 41%] Built target configured_publisher
[1.744s] [ 44%] Built target int32_publisher_subscriber
[1.755s] [ 45%] Built target ping_uros_agent
[1.755s] [ 47%] Built target publisher_count
[1.755s] [ 49%] Built target configured_subscriber
[1.764s] [ 51%] Built target int32_multinode
[1.764s] [ 52%] Built target complex_msg_publisher
[1.770s] [ 53%] [34m[1mPerforming build step for 'autodiscover_agent'[0m
[1.771s] [ 54%] [34m[1mPerforming build step for 'string_publisher'[0m
[1.771s] [ 57%] Built target timer
[1.775s] [ 57%] [34m[1mPerforming build step for 'string_subscriber'[0m
[1.776s] [ 57%] [34m[1mPerforming build step for 'multithread_publisher_subscriber'[0m
[1.776s] [ 59%] Built target complex_msg_subscriber
[1.776s] [ 59%] [34m[1mPerforming build step for 'parameter_server'[0m
[1.776s] [ 59%] [34m[1mPerforming build step for 'epoch_synchronization'[0m
[1.778s] [ 60%] [34m[1mPerforming build step for 'static_type_handling'[0m
[1.780s] [ 62%] Built target int32_publisher
[1.792s] [100%] Built target addtwoints_server
[1.795s] [100%] Built target fibonacci_action_server
[1.812s] [ 63%] [34m[1mPerforming install step for 'addtwoints_server'[0m
[1.820s] [ 63%] [34m[1mPerforming install step for 'fibonacci_action_server'[0m
[1.823s] [100%] Built target autodiscover_agent
[1.825s] [100%] Built target multithread_publisher_subscriber
[1.827s] [100%] Built target string_subscriber
[1.830s] [100%] Built target epoch_synchronization
[1.832s] [100%] Built target string_publisher
[1.832s] [100%] Built target parameter_server
[1.832s] [100%] Built target static_type_handling
[1.833s] [100%] Built target addtwoints_client
[1.839s] [100%] Built target fibonacci_action_client
[1.841s] [ 63%] [34m[1mPerforming install step for 'autodiscover_agent'[0m
[1.843s] [ 64%] [34m[1mPerforming install step for 'multithread_publisher_subscriber'[0m
[1.843s] [ 65%] [34m[1mPerforming install step for 'string_subscriber'[0m
[1.850s] [ 65%] [34m[1mPerforming install step for 'parameter_server'[0m
[1.851s] [ 66%] [34m[1mPerforming install step for 'epoch_synchronization'[0m
[1.851s] [ 66%] [34m[1mPerforming install step for 'string_publisher'[0m
[1.851s] [ 67%] [34m[1mPerforming install step for 'addtwoints_client'[0m
[1.854s] [ 67%] [34m[1mPerforming install step for 'static_type_handling'[0m
[1.860s] [ 67%] [34m[1mPerforming install step for 'fibonacci_action_client'[0m
[1.868s] [100%] Built target addtwoints_server
[1.872s] [100%] Built target fibonacci_action_server
[1.888s] [100%] Built target autodiscover_agent
[1.889s] [36mInstall the project...[0m
[1.889s] [100%] Built target multithread_publisher_subscriber
[1.894s] [36mInstall the project...[0m
[1.897s] [100%] Built target string_subscriber
[1.897s] [100%] Built target string_publisher
[1.899s] -- Install configuration: ""
[1.900s] -- Installing: /root/ros_ws/src/Rescue_Car_ws/build/micro_ros_demos_rclc/temp_install/addtwoints_server/addtwoints_server
[1.900s] [100%] Built target addtwoints_client
[1.900s] -- Set runtime path of "/root/ros_ws/src/Rescue_Car_ws/build/micro_ros_demos_rclc/temp_install/addtwoints_server/addtwoints_server" to ""
[1.900s] [100%] Built target parameter_server
[1.901s] [100%] Built target epoch_synchronization
[1.903s] -- Install configuration: ""
[1.904s] -- Installing: /root/ros_ws/src/Rescue_Car_ws/build/micro_ros_demos_rclc/temp_install/fibonacci_action_server/fibonacci_action_server
[1.904s] -- Set runtime path of "/root/ros_ws/src/Rescue_Car_ws/build/micro_ros_demos_rclc/temp_install/fibonacci_action_server/fibonacci_action_server" to ""
[1.906s] [100%] Built target fibonacci_action_client
[1.906s] [100%] Built target static_type_handling
[1.910s] [36mInstall the project...[0m
[1.911s] [36mInstall the project...[0m
[1.917s] [36mInstall the project...[0m
[1.920s] [36mInstall the project...[0m
[1.920s] -- Install configuration: ""
[1.920s] [36mInstall the project...[0m
[1.920s] -- Up-to-date: /root/ros_ws/src/Rescue_Car_ws/build/micro_ros_demos_rclc/temp_install/multithread_publisher_subscriber/multithread_publisher_subscriber
[1.921s] -- Install configuration: ""
[1.921s] -- Up-to-date: /root/ros_ws/src/Rescue_Car_ws/build/micro_ros_demos_rclc/temp_install/autodiscover_agent/autodiscover_agent
[1.921s] [36mInstall the project...[0m
[1.922s] [ 68%] [34m[1mCompleted 'addtwoints_server'[0m
[1.924s] [36mInstall the project...[0m
[1.925s] [36mInstall the project...[0m
[1.926s] [ 68%] [34m[1mCompleted 'fibonacci_action_server'[0m
[1.926s] -- Install configuration: ""
[1.926s] -- Up-to-date: /root/ros_ws/src/Rescue_Car_ws/build/micro_ros_demos_rclc/temp_install/string_subscriber/string_subscriber
[1.926s] [36mInstall the project...[0m
[1.930s] -- Install configuration: ""
[1.930s] -- Install configuration: ""
[1.930s] -- Up-to-date: /root/ros_ws/src/Rescue_Car_ws/build/micro_ros_demos_rclc/temp_install/string_publisher/string_publisher
[1.930s] -- Up-to-date: /root/ros_ws/src/Rescue_Car_ws/build/micro_ros_demos_rclc/temp_install/parameter_server/parameter_server
[1.932s] -- Install configuration: ""
[1.932s] -- Up-to-date: /root/ros_ws/src/Rescue_Car_ws/build/micro_ros_demos_rclc/temp_install/epoch_synchronization/epoch_synchronization
[1.934s] -- Install configuration: ""
[1.935s] -- Installing: /root/ros_ws/src/Rescue_Car_ws/build/micro_ros_demos_rclc/temp_install/addtwoints_client/addtwoints_client
[1.935s] -- Set runtime path of "/root/ros_ws/src/Rescue_Car_ws/build/micro_ros_demos_rclc/temp_install/addtwoints_client/addtwoints_client" to ""
[1.935s] -- Install configuration: ""
[1.935s] -- Installing: /root/ros_ws/src/Rescue_Car_ws/build/micro_ros_demos_rclc/temp_install/fibonacci_action_client/fibonacci_action_client
[1.936s] -- Set runtime path of "/root/ros_ws/src/Rescue_Car_ws/build/micro_ros_demos_rclc/temp_install/fibonacci_action_client/fibonacci_action_client" to ""
[1.936s] -- Install configuration: ""
[1.937s] -- Up-to-date: /root/ros_ws/src/Rescue_Car_ws/build/micro_ros_demos_rclc/temp_install/static_type_handling/static_type_handling
[1.942s] [ 68%] [34m[1mCompleted 'autodiscover_agent'[0m
[1.943s] [ 69%] [34m[1mCompleted 'multithread_publisher_subscriber'[0m
[1.948s] [ 70%] [34m[1mCompleted 'string_subscriber'[0m
[1.951s] [ 70%] [34m[1mCompleted 'string_publisher'[0m
[1.952s] [ 71%] [34m[1mCompleted 'parameter_server'[0m
[1.954s] [ 72%] [34m[1mCompleted 'epoch_synchronization'[0m
[1.955s] [ 73%] [34m[1mCompleted 'fibonacci_action_client'[0m
[1.957s] [ 73%] [34m[1mCompleted 'static_type_handling'[0m
[1.957s] [ 73%] [34m[1mCompleted 'addtwoints_client'[0m
[1.962s] [ 76%] Built target fibonacci_action_server
[1.962s] [ 78%] Built target addtwoints_server
[1.977s] [ 80%] Built target multithread_publisher_subscriber
[1.982s] [ 83%] Built target autodiscover_agent
[1.988s] [ 86%] Built target parameter_server
[1.988s] [ 88%] Built target string_publisher
[1.990s] [ 91%] Built target fibonacci_action_client
[1.991s] [ 93%] Built target epoch_synchronization
[1.991s] [ 95%] Built target string_subscriber
[1.995s] [ 98%] Built target static_type_handling
[1.999s] [100%] Built target addtwoints_client
[2.016s] Invoked command in '/root/ros_ws/src/Rescue_Car_ws/build/micro_ros_demos_rclc' returned '0': AMENT_PREFIX_PATH=/root/ros_ws/src/Rescue_Car_ws/install/visualization_msgs:/root/ros_ws/src/Rescue_Car_ws/install/rclc_parameter:/root/ros_ws/src/Rescue_Car_ws/install/sensor_msgs:/root/ros_ws/src/Rescue_Car_ws/install/rmw_microxrcedds:/root/ros_ws/src/Rescue_Car_ws/install/rclc:/root/ros_ws/src/Rescue_Car_ws/install/test_msgs:/root/ros_ws/src/Rescue_Car_ws/install/rosidl_typesupport_microxrcedds_cpp:/root/ros_ws/src/Rescue_Car_ws/install/geometry_msgs:/root/ros_ws/src/Rescue_Car_ws/install/example_interfaces:/root/ros_ws/src/Rescue_Car_ws/install/std_msgs:/root/ros_ws/src/Rescue_Car_ws/install/rosidl_typesupport_microxrcedds_c:/root/ros_ws/src/Rescue_Car_ws/install/rcl_interfaces:/root/ros_ws/src/Rescue_Car_ws/install/complex_msgs:/root/ros_ws/src/Rescue_Car_ws/install/action_msgs:/root/ros_ws/src/Rescue_Car_ws/install/unique_identifier_msgs:/root/ros_ws/src/Rescue_Car_ws/install/micro_ros_utilities:/root/ros_ws/src/Rescue_Car_ws/install/micro_ros_msgs:/root/ros_ws/src/Rescue_Car_ws/install/builtin_interfaces:${AMENT_PREFIX_PATH} CMAKE_PREFIX_PATH=/root/ros_ws/src/Rescue_Car_ws/install/visualization_msgs:/root/ros_ws/src/Rescue_Car_ws/install/rclc_parameter:/root/ros_ws/src/Rescue_Car_ws/install/sensor_msgs:/root/ros_ws/src/Rescue_Car_ws/install/rmw_microxrcedds:/root/ros_ws/src/Rescue_Car_ws/install/rclc:/root/ros_ws/src/Rescue_Car_ws/install/test_msgs:/root/ros_ws/src/Rescue_Car_ws/install/rosidl_typesupport_microxrcedds_cpp:/root/ros_ws/src/Rescue_Car_ws/install/geometry_msgs:/root/ros_ws/src/Rescue_Car_ws/install/example_interfaces:/root/ros_ws/src/Rescue_Car_ws/install/std_msgs:/root/ros_ws/src/Rescue_Car_ws/install/rosidl_typesupport_microxrcedds_c:/root/ros_ws/src/Rescue_Car_ws/install/rcl_interfaces:/root/ros_ws/src/Rescue_Car_ws/install/microxrcedds_client:/root/ros_ws/src/Rescue_Car_ws/install/complex_msgs:/root/ros_ws/src/Rescue_Car_ws/install/action_msgs:/root/ros_ws/src/Rescue_Car_ws/install/unique_identifier_msgs:/root/ros_ws/src/Rescue_Car_ws/install/microcdr:/root/ros_ws/src/Rescue_Car_ws/install/micro_ros_utilities:/root/ros_ws/src/Rescue_Car_ws/install/micro_ros_msgs:/root/ros_ws/src/Rescue_Car_ws/install/builtin_interfaces:/opt/ros/humble LD_LIBRARY_PATH=/root/ros_ws/src/Rescue_Car_ws/install/visualization_msgs/lib:/root/ros_ws/src/Rescue_Car_ws/install/rclc_parameter/lib:/root/ros_ws/src/Rescue_Car_ws/install/sensor_msgs/lib:/root/ros_ws/src/Rescue_Car_ws/install/rmw_microxrcedds/lib:/root/ros_ws/src/Rescue_Car_ws/install/rclc/lib:/root/ros_ws/src/Rescue_Car_ws/install/test_msgs/lib:/root/ros_ws/src/Rescue_Car_ws/install/rosidl_typesupport_microxrcedds_cpp/lib:/root/ros_ws/src/Rescue_Car_ws/install/geometry_msgs/lib:/root/ros_ws/src/Rescue_Car_ws/install/example_interfaces/lib:/root/ros_ws/src/Rescue_Car_ws/install/std_msgs/lib:/root/ros_ws/src/Rescue_Car_ws/install/rosidl_typesupport_microxrcedds_c/lib:/root/ros_ws/src/Rescue_Car_ws/install/rcl_interfaces/lib:/root/ros_ws/src/Rescue_Car_ws/install/complex_msgs/lib:/root/ros_ws/src/Rescue_Car_ws/install/action_msgs/lib:/root/ros_ws/src/Rescue_Car_ws/install/unique_identifier_msgs/lib:/root/ros_ws/src/Rescue_Car_ws/install/micro_ros_utilities/lib:/root/ros_ws/src/Rescue_Car_ws/install/micro_ros_msgs/lib:/root/ros_ws/src/Rescue_Car_ws/install/builtin_interfaces/lib:${LD_LIBRARY_PATH} PYTHONPATH=/root/ros_ws/src/Rescue_Car_ws/install/visualization_msgs/local/lib/python3.10/dist-packages:/root/ros_ws/src/Rescue_Car_ws/install/sensor_msgs/local/lib/python3.10/dist-packages:/root/ros_ws/src/Rescue_Car_ws/install/test_msgs/local/lib/python3.10/dist-packages:/root/ros_ws/src/Rescue_Car_ws/install/rosidl_typesupport_microxrcedds_cpp/local/lib/python3.10/dist-packages:/root/ros_ws/src/Rescue_Car_ws/install/geometry_msgs/local/lib/python3.10/dist-packages:/root/ros_ws/src/Rescue_Car_ws/install/example_interfaces/local/lib/python3.10/dist-packages:/root/ros_ws/src/Rescue_Car_ws/install/std_msgs/local/lib/python3.10/dist-packages:/root/ros_ws/src/Rescue_Car_ws/install/rosidl_typesupport_microxrcedds_c/local/lib/python3.10/dist-packages:/root/ros_ws/src/Rescue_Car_ws/install/rcl_interfaces/local/lib/python3.10/dist-packages:/root/ros_ws/src/Rescue_Car_ws/install/complex_msgs/local/lib/python3.10/dist-packages:/root/ros_ws/src/Rescue_Car_ws/install/action_msgs/local/lib/python3.10/dist-packages:/root/ros_ws/src/Rescue_Car_ws/install/unique_identifier_msgs/local/lib/python3.10/dist-packages:/root/ros_ws/src/Rescue_Car_ws/install/micro_ros_msgs/local/lib/python3.10/dist-packages:/root/ros_ws/src/Rescue_Car_ws/install/builtin_interfaces/local/lib/python3.10/dist-packages:${PYTHONPATH} /usr/bin/cmake --build /root/ros_ws/src/Rescue_Car_ws/build/micro_ros_demos_rclc -- -j20 -l20
[2.018s] Invoking command in '/root/ros_ws/src/Rescue_Car_ws/build/micro_ros_demos_rclc': AMENT_PREFIX_PATH=/root/ros_ws/src/Rescue_Car_ws/install/visualization_msgs:/root/ros_ws/src/Rescue_Car_ws/install/rclc_parameter:/root/ros_ws/src/Rescue_Car_ws/install/sensor_msgs:/root/ros_ws/src/Rescue_Car_ws/install/rmw_microxrcedds:/root/ros_ws/src/Rescue_Car_ws/install/rclc:/root/ros_ws/src/Rescue_Car_ws/install/test_msgs:/root/ros_ws/src/Rescue_Car_ws/install/rosidl_typesupport_microxrcedds_cpp:/root/ros_ws/src/Rescue_Car_ws/install/geometry_msgs:/root/ros_ws/src/Rescue_Car_ws/install/example_interfaces:/root/ros_ws/src/Rescue_Car_ws/install/std_msgs:/root/ros_ws/src/Rescue_Car_ws/install/rosidl_typesupport_microxrcedds_c:/root/ros_ws/src/Rescue_Car_ws/install/rcl_interfaces:/root/ros_ws/src/Rescue_Car_ws/install/complex_msgs:/root/ros_ws/src/Rescue_Car_ws/install/action_msgs:/root/ros_ws/src/Rescue_Car_ws/install/unique_identifier_msgs:/root/ros_ws/src/Rescue_Car_ws/install/micro_ros_utilities:/root/ros_ws/src/Rescue_Car_ws/install/micro_ros_msgs:/root/ros_ws/src/Rescue_Car_ws/install/builtin_interfaces:${AMENT_PREFIX_PATH} CMAKE_PREFIX_PATH=/root/ros_ws/src/Rescue_Car_ws/install/visualization_msgs:/root/ros_ws/src/Rescue_Car_ws/install/rclc_parameter:/root/ros_ws/src/Rescue_Car_ws/install/sensor_msgs:/root/ros_ws/src/Rescue_Car_ws/install/rmw_microxrcedds:/root/ros_ws/src/Rescue_Car_ws/install/rclc:/root/ros_ws/src/Rescue_Car_ws/install/test_msgs:/root/ros_ws/src/Rescue_Car_ws/install/rosidl_typesupport_microxrcedds_cpp:/root/ros_ws/src/Rescue_Car_ws/install/geometry_msgs:/root/ros_ws/src/Rescue_Car_ws/install/example_interfaces:/root/ros_ws/src/Rescue_Car_ws/install/std_msgs:/root/ros_ws/src/Rescue_Car_ws/install/rosidl_typesupport_microxrcedds_c:/root/ros_ws/src/Rescue_Car_ws/install/rcl_interfaces:/root/ros_ws/src/Rescue_Car_ws/install/microxrcedds_client:/root/ros_ws/src/Rescue_Car_ws/install/complex_msgs:/root/ros_ws/src/Rescue_Car_ws/install/action_msgs:/root/ros_ws/src/Rescue_Car_ws/install/unique_identifier_msgs:/root/ros_ws/src/Rescue_Car_ws/install/microcdr:/root/ros_ws/src/Rescue_Car_ws/install/micro_ros_utilities:/root/ros_ws/src/Rescue_Car_ws/install/micro_ros_msgs:/root/ros_ws/src/Rescue_Car_ws/install/builtin_interfaces:/opt/ros/humble LD_LIBRARY_PATH=/root/ros_ws/src/Rescue_Car_ws/install/visualization_msgs/lib:/root/ros_ws/src/Rescue_Car_ws/install/rclc_parameter/lib:/root/ros_ws/src/Rescue_Car_ws/install/sensor_msgs/lib:/root/ros_ws/src/Rescue_Car_ws/install/rmw_microxrcedds/lib:/root/ros_ws/src/Rescue_Car_ws/install/rclc/lib:/root/ros_ws/src/Rescue_Car_ws/install/test_msgs/lib:/root/ros_ws/src/Rescue_Car_ws/install/rosidl_typesupport_microxrcedds_cpp/lib:/root/ros_ws/src/Rescue_Car_ws/install/geometry_msgs/lib:/root/ros_ws/src/Rescue_Car_ws/install/example_interfaces/lib:/root/ros_ws/src/Rescue_Car_ws/install/std_msgs/lib:/root/ros_ws/src/Rescue_Car_ws/install/rosidl_typesupport_microxrcedds_c/lib:/root/ros_ws/src/Rescue_Car_ws/install/rcl_interfaces/lib:/root/ros_ws/src/Rescue_Car_ws/install/complex_msgs/lib:/root/ros_ws/src/Rescue_Car_ws/install/action_msgs/lib:/root/ros_ws/src/Rescue_Car_ws/install/unique_identifier_msgs/lib:/root/ros_ws/src/Rescue_Car_ws/install/micro_ros_utilities/lib:/root/ros_ws/src/Rescue_Car_ws/install/micro_ros_msgs/lib:/root/ros_ws/src/Rescue_Car_ws/install/builtin_interfaces/lib:${LD_LIBRARY_PATH} PYTHONPATH=/root/ros_ws/src/Rescue_Car_ws/install/visualization_msgs/local/lib/python3.10/dist-packages:/root/ros_ws/src/Rescue_Car_ws/install/sensor_msgs/local/lib/python3.10/dist-packages:/root/ros_ws/src/Rescue_Car_ws/install/test_msgs/local/lib/python3.10/dist-packages:/root/ros_ws/src/Rescue_Car_ws/install/rosidl_typesupport_microxrcedds_cpp/local/lib/python3.10/dist-packages:/root/ros_ws/src/Rescue_Car_ws/install/geometry_msgs/local/lib/python3.10/dist-packages:/root/ros_ws/src/Rescue_Car_ws/install/example_interfaces/local/lib/python3.10/dist-packages:/root/ros_ws/src/Rescue_Car_ws/install/std_msgs/local/lib/python3.10/dist-packages:/root/ros_ws/src/Rescue_Car_ws/install/rosidl_typesupport_microxrcedds_c/local/lib/python3.10/dist-packages:/root/ros_ws/src/Rescue_Car_ws/install/rcl_interfaces/local/lib/python3.10/dist-packages:/root/ros_ws/src/Rescue_Car_ws/install/complex_msgs/local/lib/python3.10/dist-packages:/root/ros_ws/src/Rescue_Car_ws/install/action_msgs/local/lib/python3.10/dist-packages:/root/ros_ws/src/Rescue_Car_ws/install/unique_identifier_msgs/local/lib/python3.10/dist-packages:/root/ros_ws/src/Rescue_Car_ws/install/micro_ros_msgs/local/lib/python3.10/dist-packages:/root/ros_ws/src/Rescue_Car_ws/install/builtin_interfaces/local/lib/python3.10/dist-packages:${PYTHONPATH} /usr/bin/cmake --install /root/ros_ws/src/Rescue_Car_ws/build/micro_ros_demos_rclc
[2.028s] -- Install configuration: ""
[2.028s] -- Up-to-date: /root/ros_ws/src/Rescue_Car_ws/install/micro_ros_demos_rclc/lib/micro_ros_demos_rclc
[2.029s] -- Up-to-date: /root/ros_ws/src/Rescue_Car_ws/install/micro_ros_demos_rclc/lib/micro_ros_demos_rclc/ping_uros_agent
[2.029s] -- Up-to-date: /root/ros_ws/src/Rescue_Car_ws/install/micro_ros_demos_rclc/lib/micro_ros_demos_rclc/ping_uros_agent/ping_uros_agent
[2.029s] -- Up-to-date: /root/ros_ws/src/Rescue_Car_ws/install/micro_ros_demos_rclc/lib/micro_ros_demos_rclc/configured_subscriber
[2.029s] -- Up-to-date: /root/ros_ws/src/Rescue_Car_ws/install/micro_ros_demos_rclc/lib/micro_ros_demos_rclc/configured_subscriber/configured_subscriber
[2.029s] -- Up-to-date: /root/ros_ws/src/Rescue_Car_ws/install/micro_ros_demos_rclc/lib/micro_ros_demos_rclc/subscription_count
[2.029s] -- Up-to-date: /root/ros_ws/src/Rescue_Car_ws/install/micro_ros_demos_rclc/lib/micro_ros_demos_rclc/subscription_count/subscription_count
[2.029s] -- Up-to-date: /root/ros_ws/src/Rescue_Car_ws/install/micro_ros_demos_rclc/lib/micro_ros_demos_rclc/epoch_synchronization
[2.029s] -- Up-to-date: /root/ros_ws/src/Rescue_Car_ws/install/micro_ros_demos_rclc/lib/micro_ros_demos_rclc/epoch_synchronization/epoch_synchronization
[2.029s] -- Up-to-date: /root/ros_ws/src/Rescue_Car_ws/install/micro_ros_demos_rclc/lib/micro_ros_demos_rclc/complex_msg_subscriber
[2.029s] -- Up-to-date: /root/ros_ws/src/Rescue_Car_ws/install/micro_ros_demos_rclc/lib/micro_ros_demos_rclc/complex_msg_subscriber/complex_msg_subscriber
[2.029s] -- Up-to-date: /root/ros_ws/src/Rescue_Car_ws/install/micro_ros_demos_rclc/lib/micro_ros_demos_rclc/fibonacci_action_server
[2.029s] -- Installing: /root/ros_ws/src/Rescue_Car_ws/install/micro_ros_demos_rclc/lib/micro_ros_demos_rclc/fibonacci_action_server/fibonacci_action_server
[2.029s] -- Up-to-date: /root/ros_ws/src/Rescue_Car_ws/install/micro_ros_demos_rclc/lib/micro_ros_demos_rclc/ping_pong
[2.030s] -- Up-to-date: /root/ros_ws/src/Rescue_Car_ws/install/micro_ros_demos_rclc/lib/micro_ros_demos_rclc/ping_pong/ping_pong
[2.030s] -- Up-to-date: /root/ros_ws/src/Rescue_Car_ws/install/micro_ros_demos_rclc/lib/micro_ros_demos_rclc/static_type_handling
[2.030s] -- Up-to-date: /root/ros_ws/src/Rescue_Car_ws/install/micro_ros_demos_rclc/lib/micro_ros_demos_rclc/static_type_handling/static_type_handling
[2.030s] -- Up-to-date: /root/ros_ws/src/Rescue_Car_ws/install/micro_ros_demos_rclc/lib/micro_ros_demos_rclc/autodiscover_agent
[2.030s] -- Up-to-date: /root/ros_ws/src/Rescue_Car_ws/install/micro_ros_demos_rclc/lib/micro_ros_demos_rclc/autodiscover_agent/autodiscover_agent
[2.030s] -- Up-to-date: /root/ros_ws/src/Rescue_Car_ws/install/micro_ros_demos_rclc/lib/micro_ros_demos_rclc/int32_subscriber
[2.030s] -- Up-to-date: /root/ros_ws/src/Rescue_Car_ws/install/micro_ros_demos_rclc/lib/micro_ros_demos_rclc/int32_subscriber/int32_subscriber
[2.030s] -- Up-to-date: /root/ros_ws/src/Rescue_Car_ws/install/micro_ros_demos_rclc/lib/micro_ros_demos_rclc/publisher_count
[2.030s] -- Up-to-date: /root/ros_ws/src/Rescue_Car_ws/install/micro_ros_demos_rclc/lib/micro_ros_demos_rclc/publisher_count/publisher_count
[2.030s] -- Up-to-date: /root/ros_ws/src/Rescue_Car_ws/install/micro_ros_demos_rclc/lib/micro_ros_demos_rclc/fragmented_publication
[2.031s] -- Up-to-date: /root/ros_ws/src/Rescue_Car_ws/install/micro_ros_demos_rclc/lib/micro_ros_demos_rclc/fragmented_publication/fragmented_publication
[2.031s] -- Up-to-date: /root/ros_ws/src/Rescue_Car_ws/install/micro_ros_demos_rclc/lib/micro_ros_demos_rclc/int32_multinode
[2.031s] -- Up-to-date: /root/ros_ws/src/Rescue_Car_ws/install/micro_ros_demos_rclc/lib/micro_ros_demos_rclc/int32_multinode/int32_multinode
[2.031s] -- Up-to-date: /root/ros_ws/src/Rescue_Car_ws/install/micro_ros_demos_rclc/lib/micro_ros_demos_rclc/fibonacci_action_client
[2.031s] -- Installing: /root/ros_ws/src/Rescue_Car_ws/install/micro_ros_demos_rclc/lib/micro_ros_demos_rclc/fibonacci_action_client/fibonacci_action_client
[2.031s] -- Up-to-date: /root/ros_ws/src/Rescue_Car_ws/install/micro_ros_demos_rclc/lib/micro_ros_demos_rclc/parameter_server
[2.031s] -- Up-to-date: /root/ros_ws/src/Rescue_Car_ws/install/micro_ros_demos_rclc/lib/micro_ros_demos_rclc/parameter_server/parameter_server
[2.031s] -- Up-to-date: /root/ros_ws/src/Rescue_Car_ws/install/micro_ros_demos_rclc/lib/micro_ros_demos_rclc/addtwoints_server
[2.031s] -- Installing: /root/ros_ws/src/Rescue_Car_ws/install/micro_ros_demos_rclc/lib/micro_ros_demos_rclc/addtwoints_server/addtwoints_server
[2.031s] -- Up-to-date: /root/ros_ws/src/Rescue_Car_ws/install/micro_ros_demos_rclc/lib/micro_ros_demos_rclc/string_subscriber
[2.032s] -- Up-to-date: /root/ros_ws/src/Rescue_Car_ws/install/micro_ros_demos_rclc/lib/micro_ros_demos_rclc/string_subscriber/string_subscriber
[2.032s] -- Up-to-date: /root/ros_ws/src/Rescue_Car_ws/install/micro_ros_demos_rclc/lib/micro_ros_demos_rclc/timer
[2.032s] -- Up-to-date: /root/ros_ws/src/Rescue_Car_ws/install/micro_ros_demos_rclc/lib/micro_ros_demos_rclc/timer/timer
[2.032s] -- Up-to-date: /root/ros_ws/src/Rescue_Car_ws/install/micro_ros_demos_rclc/lib/micro_ros_demos_rclc/addtwoints_client
[2.032s] -- Installing: /root/ros_ws/src/Rescue_Car_ws/install/micro_ros_demos_rclc/lib/micro_ros_demos_rclc/addtwoints_client/addtwoints_client
[2.032s] -- Up-to-date: /root/ros_ws/src/Rescue_Car_ws/install/micro_ros_demos_rclc/lib/micro_ros_demos_rclc/graph_visualizer
[2.032s] -- Up-to-date: /root/ros_ws/src/Rescue_Car_ws/install/micro_ros_demos_rclc/lib/micro_ros_demos_rclc/graph_visualizer/graph_visualizer
[2.032s] -- Up-to-date: /root/ros_ws/src/Rescue_Car_ws/install/micro_ros_demos_rclc/lib/micro_ros_demos_rclc/configured_publisher
[2.033s] -- Up-to-date: /root/ros_ws/src/Rescue_Car_ws/install/micro_ros_demos_rclc/lib/micro_ros_demos_rclc/configured_publisher/configured_publisher
[2.033s] -- Up-to-date: /root/ros_ws/src/Rescue_Car_ws/install/micro_ros_demos_rclc/lib/micro_ros_demos_rclc/complex_msg_publisher
[2.033s] -- Up-to-date: /root/ros_ws/src/Rescue_Car_ws/install/micro_ros_demos_rclc/lib/micro_ros_demos_rclc/complex_msg_publisher/complex_msg_publisher
[2.033s] -- Up-to-date: /root/ros_ws/src/Rescue_Car_ws/install/micro_ros_demos_rclc/lib/micro_ros_demos_rclc/multithread_publisher_subscriber
[2.033s] -- Up-to-date: /root/ros_ws/src/Rescue_Car_ws/install/micro_ros_demos_rclc/lib/micro_ros_demos_rclc/multithread_publisher_subscriber/multithread_publisher_subscriber
[2.033s] -- Up-to-date: /root/ros_ws/src/Rescue_Car_ws/install/micro_ros_demos_rclc/lib/micro_ros_demos_rclc/int32_publisher
[2.033s] -- Up-to-date: /root/ros_ws/src/Rescue_Car_ws/install/micro_ros_demos_rclc/lib/micro_ros_demos_rclc/int32_publisher/int32_publisher
[2.034s] -- Up-to-date: /root/ros_ws/src/Rescue_Car_ws/install/micro_ros_demos_rclc/lib/micro_ros_demos_rclc/string_publisher
[2.034s] -- Up-to-date: /root/ros_ws/src/Rescue_Car_ws/install/micro_ros_demos_rclc/lib/micro_ros_demos_rclc/string_publisher/string_publisher
[2.034s] -- Up-to-date: /root/ros_ws/src/Rescue_Car_ws/install/micro_ros_demos_rclc/lib/micro_ros_demos_rclc/int32_publisher_subscriber
[2.034s] -- Up-to-date: /root/ros_ws/src/Rescue_Car_ws/install/micro_ros_demos_rclc/lib/micro_ros_demos_rclc/int32_publisher_subscriber/int32_publisher_subscriber
[2.034s] -- Up-to-date: /root/ros_ws/src/Rescue_Car_ws/install/micro_ros_demos_rclc/lib/micro_ros_demos_rclc/fragmented_subscription
[2.034s] -- Up-to-date: /root/ros_ws/src/Rescue_Car_ws/install/micro_ros_demos_rclc/lib/micro_ros_demos_rclc/fragmented_subscription/fragmented_subscription
[2.034s] -- Up-to-date: /root/ros_ws/src/Rescue_Car_ws/install/micro_ros_demos_rclc/share/ament_index/resource_index/package_run_dependencies/micro_ros_demos_rclc
[2.034s] -- Up-to-date: /root/ros_ws/src/Rescue_Car_ws/install/micro_ros_demos_rclc/share/ament_index/resource_index/parent_prefix_path/micro_ros_demos_rclc
[2.034s] -- Up-to-date: /root/ros_ws/src/Rescue_Car_ws/install/micro_ros_demos_rclc/share/micro_ros_demos_rclc/environment/ament_prefix_path.sh
[2.034s] -- Up-to-date: /root/ros_ws/src/Rescue_Car_ws/install/micro_ros_demos_rclc/share/micro_ros_demos_rclc/environment/ament_prefix_path.dsv
[2.034s] -- Up-to-date: /root/ros_ws/src/Rescue_Car_ws/install/micro_ros_demos_rclc/share/micro_ros_demos_rclc/environment/path.sh
[2.034s] -- Up-to-date: /root/ros_ws/src/Rescue_Car_ws/install/micro_ros_demos_rclc/share/micro_ros_demos_rclc/environment/path.dsv
[2.034s] -- Up-to-date: /root/ros_ws/src/Rescue_Car_ws/install/micro_ros_demos_rclc/share/micro_ros_demos_rclc/local_setup.bash
[2.034s] -- Up-to-date: /root/ros_ws/src/Rescue_Car_ws/install/micro_ros_demos_rclc/share/micro_ros_demos_rclc/local_setup.sh
[2.034s] -- Up-to-date: /root/ros_ws/src/Rescue_Car_ws/install/micro_ros_demos_rclc/share/micro_ros_demos_rclc/local_setup.zsh
[2.034s] -- Up-to-date: /root/ros_ws/src/Rescue_Car_ws/install/micro_ros_demos_rclc/share/micro_ros_demos_rclc/local_setup.dsv
[2.035s] -- Installing: /root/ros_ws/src/Rescue_Car_ws/install/micro_ros_demos_rclc/share/micro_ros_demos_rclc/package.dsv
[2.035s] -- Up-to-date: /root/ros_ws/src/Rescue_Car_ws/install/micro_ros_demos_rclc/share/ament_index/resource_index/packages/micro_ros_demos_rclc
[2.035s] -- Up-to-date: /root/ros_ws/src/Rescue_Car_ws/install/micro_ros_demos_rclc/share/micro_ros_demos_rclc/cmake/micro_ros_demos_rclcConfig.cmake
[2.035s] -- Up-to-date: /root/ros_ws/src/Rescue_Car_ws/install/micro_ros_demos_rclc/share/micro_ros_demos_rclc/cmake/micro_ros_demos_rclcConfig-version.cmake
[2.037s] -- Up-to-date: /root/ros_ws/src/Rescue_Car_ws/install/micro_ros_demos_rclc/share/micro_ros_demos_rclc/package.xml
[2.038s] Invoked command in '/root/ros_ws/src/Rescue_Car_ws/build/micro_ros_demos_rclc' returned '0': AMENT_PREFIX_PATH=/root/ros_ws/src/Rescue_Car_ws/install/visualization_msgs:/root/ros_ws/src/Rescue_Car_ws/install/rclc_parameter:/root/ros_ws/src/Rescue_Car_ws/install/sensor_msgs:/root/ros_ws/src/Rescue_Car_ws/install/rmw_microxrcedds:/root/ros_ws/src/Rescue_Car_ws/install/rclc:/root/ros_ws/src/Rescue_Car_ws/install/test_msgs:/root/ros_ws/src/Rescue_Car_ws/install/rosidl_typesupport_microxrcedds_cpp:/root/ros_ws/src/Rescue_Car_ws/install/geometry_msgs:/root/ros_ws/src/Rescue_Car_ws/install/example_interfaces:/root/ros_ws/src/Rescue_Car_ws/install/std_msgs:/root/ros_ws/src/Rescue_Car_ws/install/rosidl_typesupport_microxrcedds_c:/root/ros_ws/src/Rescue_Car_ws/install/rcl_interfaces:/root/ros_ws/src/Rescue_Car_ws/install/complex_msgs:/root/ros_ws/src/Rescue_Car_ws/install/action_msgs:/root/ros_ws/src/Rescue_Car_ws/install/unique_identifier_msgs:/root/ros_ws/src/Rescue_Car_ws/install/micro_ros_utilities:/root/ros_ws/src/Rescue_Car_ws/install/micro_ros_msgs:/root/ros_ws/src/Rescue_Car_ws/install/builtin_interfaces:${AMENT_PREFIX_PATH} CMAKE_PREFIX_PATH=/root/ros_ws/src/Rescue_Car_ws/install/visualization_msgs:/root/ros_ws/src/Rescue_Car_ws/install/rclc_parameter:/root/ros_ws/src/Rescue_Car_ws/install/sensor_msgs:/root/ros_ws/src/Rescue_Car_ws/install/rmw_microxrcedds:/root/ros_ws/src/Rescue_Car_ws/install/rclc:/root/ros_ws/src/Rescue_Car_ws/install/test_msgs:/root/ros_ws/src/Rescue_Car_ws/install/rosidl_typesupport_microxrcedds_cpp:/root/ros_ws/src/Rescue_Car_ws/install/geometry_msgs:/root/ros_ws/src/Rescue_Car_ws/install/example_interfaces:/root/ros_ws/src/Rescue_Car_ws/install/std_msgs:/root/ros_ws/src/Rescue_Car_ws/install/rosidl_typesupport_microxrcedds_c:/root/ros_ws/src/Rescue_Car_ws/install/rcl_interfaces:/root/ros_ws/src/Rescue_Car_ws/install/microxrcedds_client:/root/ros_ws/src/Rescue_Car_ws/install/complex_msgs:/root/ros_ws/src/Rescue_Car_ws/install/action_msgs:/root/ros_ws/src/Rescue_Car_ws/install/unique_identifier_msgs:/root/ros_ws/src/Rescue_Car_ws/install/microcdr:/root/ros_ws/src/Rescue_Car_ws/install/micro_ros_utilities:/root/ros_ws/src/Rescue_Car_ws/install/micro_ros_msgs:/root/ros_ws/src/Rescue_Car_ws/install/builtin_interfaces:/opt/ros/humble LD_LIBRARY_PATH=/root/ros_ws/src/Rescue_Car_ws/install/visualization_msgs/lib:/root/ros_ws/src/Rescue_Car_ws/install/rclc_parameter/lib:/root/ros_ws/src/Rescue_Car_ws/install/sensor_msgs/lib:/root/ros_ws/src/Rescue_Car_ws/install/rmw_microxrcedds/lib:/root/ros_ws/src/Rescue_Car_ws/install/rclc/lib:/root/ros_ws/src/Rescue_Car_ws/install/test_msgs/lib:/root/ros_ws/src/Rescue_Car_ws/install/rosidl_typesupport_microxrcedds_cpp/lib:/root/ros_ws/src/Rescue_Car_ws/install/geometry_msgs/lib:/root/ros_ws/src/Rescue_Car_ws/install/example_interfaces/lib:/root/ros_ws/src/Rescue_Car_ws/install/std_msgs/lib:/root/ros_ws/src/Rescue_Car_ws/install/rosidl_typesupport_microxrcedds_c/lib:/root/ros_ws/src/Rescue_Car_ws/install/rcl_interfaces/lib:/root/ros_ws/src/Rescue_Car_ws/install/complex_msgs/lib:/root/ros_ws/src/Rescue_Car_ws/install/action_msgs/lib:/root/ros_ws/src/Rescue_Car_ws/install/unique_identifier_msgs/lib:/root/ros_ws/src/Rescue_Car_ws/install/micro_ros_utilities/lib:/root/ros_ws/src/Rescue_Car_ws/install/micro_ros_msgs/lib:/root/ros_ws/src/Rescue_Car_ws/install/builtin_interfaces/lib:${LD_LIBRARY_PATH} PYTHONPATH=/root/ros_ws/src/Rescue_Car_ws/install/visualization_msgs/local/lib/python3.10/dist-packages:/root/ros_ws/src/Rescue_Car_ws/install/sensor_msgs/local/lib/python3.10/dist-packages:/root/ros_ws/src/Rescue_Car_ws/install/test_msgs/local/lib/python3.10/dist-packages:/root/ros_ws/src/Rescue_Car_ws/install/rosidl_typesupport_microxrcedds_cpp/local/lib/python3.10/dist-packages:/root/ros_ws/src/Rescue_Car_ws/install/geometry_msgs/local/lib/python3.10/dist-packages:/root/ros_ws/src/Rescue_Car_ws/install/example_interfaces/local/lib/python3.10/dist-packages:/root/ros_ws/src/Rescue_Car_ws/install/std_msgs/local/lib/python3.10/dist-packages:/root/ros_ws/src/Rescue_Car_ws/install/rosidl_typesupport_microxrcedds_c/local/lib/python3.10/dist-packages:/root/ros_ws/src/Rescue_Car_ws/install/rcl_interfaces/local/lib/python3.10/dist-packages:/root/ros_ws/src/Rescue_Car_ws/install/complex_msgs/local/lib/python3.10/dist-packages:/root/ros_ws/src/Rescue_Car_ws/install/action_msgs/local/lib/python3.10/dist-packages:/root/ros_ws/src/Rescue_Car_ws/install/unique_identifier_msgs/local/lib/python3.10/dist-packages:/root/ros_ws/src/Rescue_Car_ws/install/micro_ros_msgs/local/lib/python3.10/dist-packages:/root/ros_ws/src/Rescue_Car_ws/install/builtin_interfaces/local/lib/python3.10/dist-packages:${PYTHONPATH} /usr/bin/cmake --install /root/ros_ws/src/Rescue_Car_ws/build/micro_ros_demos_rclc
