[0.202s] Invoking command in '/root/ros_ws/src/Rescue_Car_ws/build/diagnostic_msgs': AMENT_PREFIX_PATH=/root/ros_ws/src/Rescue_Car_ws/install/geometry_msgs:/root/ros_ws/src/Rescue_Car_ws/install/std_msgs:/root/ros_ws/src/Rescue_Car_ws/install/builtin_interfaces:${AMENT_PREFIX_PATH} CMAKE_PREFIX_PATH=/root/ros_ws/src/Rescue_Car_ws/install/geometry_msgs:/root/ros_ws/src/Rescue_Car_ws/install/std_msgs:/root/ros_ws/src/Rescue_Car_ws/install/builtin_interfaces:/opt/ros/humble LD_LIBRARY_PATH=/root/ros_ws/src/Rescue_Car_ws/install/geometry_msgs/lib:/root/ros_ws/src/Rescue_Car_ws/install/std_msgs/lib:/root/ros_ws/src/Rescue_Car_ws/install/builtin_interfaces/lib:${LD_LIBRARY_PATH} PYTHONPATH=/root/ros_ws/src/Rescue_Car_ws/install/geometry_msgs/local/lib/python3.10/dist-packages:/root/ros_ws/src/Rescue_Car_ws/install/std_msgs/local/lib/python3.10/dist-packages:/root/ros_ws/src/Rescue_Car_ws/install/builtin_interfaces/local/lib/python3.10/dist-packages:${PYTHONPATH} /usr/bin/cmake /root/ros_ws/src/Rescue_Car_ws/src/microros/src/ros2/common_interfaces/diagnostic_msgs -DCMAKE_INSTALL_PREFIX=/root/ros_ws/src/Rescue_Car_ws/install/diagnostic_msgs
[0.324s] -- The C compiler identification is GNU 11.4.0
[0.879s] -- The CXX compiler identification is GNU 11.4.0
[1.299s] -- Detecting C compiler ABI info
[1.453s] -- Detecting C compiler ABI info - done
[1.461s] -- Check for working C compiler: /usr/bin/cc - skipped
[1.461s] -- Detecting C compile features
[1.461s] -- Detecting C compile features - done
[1.464s] -- Detecting CXX compiler ABI info
[1.636s] -- Detecting CXX compiler ABI info - done
[1.644s] -- Check for working CXX compiler: /usr/bin/c++ - skipped
[1.644s] -- Detecting CXX compile features
[1.644s] -- Detecting CXX compile features - done
[1.646s] -- Found ament_cmake: 1.3.12 (/opt/ros/humble/share/ament_cmake/cmake)
[1.788s] -- Found Python3: /usr/bin/python3 (found version "3.10.12") found components: Interpreter 
[1.862s] -- Found rosidl_default_generators: 1.2.0 (/opt/ros/humble/share/rosidl_default_generators/cmake)
[1.865s] -- Using all available rosidl_typesupport_c: rosidl_typesupport_fastrtps_c;rosidl_typesupport_introspection_c
[1.872s] -- Found rosidl_adapter: 3.1.7 (/opt/ros/humble/share/rosidl_adapter/cmake)
[2.063s] -- Using all available rosidl_typesupport_cpp: rosidl_typesupport_fastrtps_cpp;rosidl_typesupport_introspection_cpp
[2.095s] -- Found std_msgs: 4.9.0 (/root/ros_ws/src/Rescue_Car_ws/install/std_msgs/share/std_msgs/cmake)
[2.358s] -- Found ament_cmake_cppcheck: 0.12.14 (/opt/ros/humble/share/ament_cmake_cppcheck/cmake)
[2.361s] -- Found ament_cmake_cpplint: 0.12.14 (/opt/ros/humble/share/ament_cmake_cpplint/cmake)
[2.362s] -- Found ament_cmake_uncrustify: 0.12.14 (/opt/ros/humble/share/ament_cmake_uncrustify/cmake)
[2.364s] -- Found ament_cmake_ros: 0.10.0 (/opt/ros/humble/share/ament_cmake_ros/cmake)
[2.594s] -- Using all available rosidl_typesupport_c: rosidl_typesupport_fastrtps_c;rosidl_typesupport_introspection_c
[2.846s] -- Using all available rosidl_typesupport_cpp: rosidl_typesupport_fastrtps_cpp;rosidl_typesupport_introspection_cpp
[3.011s] -- Found PythonInterp: /usr/bin/python3 (found suitable version "3.10.12", minimum required is "3.6") 
[3.013s] -- Found python_cmake_module: 0.10.0 (/opt/ros/humble/share/python_cmake_module/cmake)
[3.412s] -- Found PythonLibs: /usr/lib/x86_64-linux-gnu/libpython3.10.so (found suitable version "3.10.12", minimum required is "3.5") 
[3.412s] -- Using PYTHON_EXECUTABLE: /usr/bin/python3
[3.412s] -- Using PYTHON_INCLUDE_DIRS: /usr/include/python3.10
[3.412s] -- Using PYTHON_LIBRARIES: /usr/lib/x86_64-linux-gnu/libpython3.10.so
[3.428s] -- Found PythonExtra: .so  
[3.508s] -- Found ament_cmake_flake8: 0.12.14 (/opt/ros/humble/share/ament_cmake_flake8/cmake)
[3.510s] -- Found ament_cmake_pep257: 0.12.14 (/opt/ros/humble/share/ament_cmake_pep257/cmake)
[3.515s] -- Configuring done
[3.558s] -- Generating done
[3.566s] -- Build files have been written to: /root/ros_ws/src/Rescue_Car_ws/build/diagnostic_msgs
[3.575s] Invoked command in '/root/ros_ws/src/Rescue_Car_ws/build/diagnostic_msgs' returned '0': AMENT_PREFIX_PATH=/root/ros_ws/src/Rescue_Car_ws/install/geometry_msgs:/root/ros_ws/src/Rescue_Car_ws/install/std_msgs:/root/ros_ws/src/Rescue_Car_ws/install/builtin_interfaces:${AMENT_PREFIX_PATH} CMAKE_PREFIX_PATH=/root/ros_ws/src/Rescue_Car_ws/install/geometry_msgs:/root/ros_ws/src/Rescue_Car_ws/install/std_msgs:/root/ros_ws/src/Rescue_Car_ws/install/builtin_interfaces:/opt/ros/humble LD_LIBRARY_PATH=/root/ros_ws/src/Rescue_Car_ws/install/geometry_msgs/lib:/root/ros_ws/src/Rescue_Car_ws/install/std_msgs/lib:/root/ros_ws/src/Rescue_Car_ws/install/builtin_interfaces/lib:${LD_LIBRARY_PATH} PYTHONPATH=/root/ros_ws/src/Rescue_Car_ws/install/geometry_msgs/local/lib/python3.10/dist-packages:/root/ros_ws/src/Rescue_Car_ws/install/std_msgs/local/lib/python3.10/dist-packages:/root/ros_ws/src/Rescue_Car_ws/install/builtin_interfaces/local/lib/python3.10/dist-packages:${PYTHONPATH} /usr/bin/cmake /root/ros_ws/src/Rescue_Car_ws/src/microros/src/ros2/common_interfaces/diagnostic_msgs -DCMAKE_INSTALL_PREFIX=/root/ros_ws/src/Rescue_Car_ws/install/diagnostic_msgs
[3.576s] Invoking command in '/root/ros_ws/src/Rescue_Car_ws/build/diagnostic_msgs': AMENT_PREFIX_PATH=/root/ros_ws/src/Rescue_Car_ws/install/geometry_msgs:/root/ros_ws/src/Rescue_Car_ws/install/std_msgs:/root/ros_ws/src/Rescue_Car_ws/install/builtin_interfaces:${AMENT_PREFIX_PATH} CMAKE_PREFIX_PATH=/root/ros_ws/src/Rescue_Car_ws/install/geometry_msgs:/root/ros_ws/src/Rescue_Car_ws/install/std_msgs:/root/ros_ws/src/Rescue_Car_ws/install/builtin_interfaces:/opt/ros/humble LD_LIBRARY_PATH=/root/ros_ws/src/Rescue_Car_ws/install/geometry_msgs/lib:/root/ros_ws/src/Rescue_Car_ws/install/std_msgs/lib:/root/ros_ws/src/Rescue_Car_ws/install/builtin_interfaces/lib:${LD_LIBRARY_PATH} PYTHONPATH=/root/ros_ws/src/Rescue_Car_ws/install/geometry_msgs/local/lib/python3.10/dist-packages:/root/ros_ws/src/Rescue_Car_ws/install/std_msgs/local/lib/python3.10/dist-packages:/root/ros_ws/src/Rescue_Car_ws/install/builtin_interfaces/local/lib/python3.10/dist-packages:${PYTHONPATH} /usr/bin/cmake --build /root/ros_ws/src/Rescue_Car_ws/build/diagnostic_msgs -- -j20 -l20
[3.607s] [  1%] [34m[1mGenerating C code for ROS interfaces[0m
[3.621s] [  3%] [34m[1mGenerating C++ code for ROS interfaces[0m
[3.632s] [  3%] Built target ament_cmake_python_copy_diagnostic_msgs
[3.894s] running egg_info
[3.895s] creating diagnostic_msgs.egg-info
[3.898s] writing diagnostic_msgs.egg-info/PKG-INFO
[3.898s] writing dependency_links to diagnostic_msgs.egg-info/dependency_links.txt
[3.898s] writing top-level names to diagnostic_msgs.egg-info/top_level.txt
[3.898s] writing manifest file 'diagnostic_msgs.egg-info/SOURCES.txt'
[3.899s] reading manifest file 'diagnostic_msgs.egg-info/SOURCES.txt'
[3.900s] writing manifest file 'diagnostic_msgs.egg-info/SOURCES.txt'
[3.941s] [  3%] Built target ament_cmake_python_build_diagnostic_msgs_egg
[4.439s] [  4%] [32mBuilding C object CMakeFiles/diagnostic_msgs__rosidl_generator_c.dir/rosidl_generator_c/diagnostic_msgs/msg/detail/diagnostic_array__functions.c.o[0m
[4.446s] [  6%] [32mBuilding C object CMakeFiles/diagnostic_msgs__rosidl_generator_c.dir/rosidl_generator_c/diagnostic_msgs/msg/detail/diagnostic_status__functions.c.o[0m
[4.460s] [  7%] [32mBuilding C object CMakeFiles/diagnostic_msgs__rosidl_generator_c.dir/rosidl_generator_c/diagnostic_msgs/srv/detail/self_test__functions.c.o[0m
[4.461s] [  9%] [32mBuilding C object CMakeFiles/diagnostic_msgs__rosidl_generator_c.dir/rosidl_generator_c/diagnostic_msgs/srv/detail/add_diagnostics__functions.c.o[0m
[4.463s] [ 11%] [32mBuilding C object CMakeFiles/diagnostic_msgs__rosidl_generator_c.dir/rosidl_generator_c/diagnostic_msgs/msg/detail/key_value__functions.c.o[0m
[4.474s] [ 11%] Built target diagnostic_msgs__cpp
[4.498s] [ 12%] [34m[1mGenerating C++ type support for eProsima Fast-RTPS[0m
[4.498s] [ 14%] [34m[1mGenerating C++ introspection for ROS interfaces[0m
[4.502s] [ 15%] [34m[1mGenerating C++ type support dispatch for ROS interfaces[0m
[4.556s] [ 17%] [32m[1mLinking C shared library libdiagnostic_msgs__rosidl_generator_c.so[0m
[4.918s] [ 17%] Built target diagnostic_msgs__rosidl_generator_c
[4.940s] [ 19%] [34m[1mGenerating C introspection for ROS interfaces[0m
[4.946s] [ 20%] [34m[1mGenerating C type support for eProsima Fast-RTPS[0m
[4.960s] [ 22%] [34m[1mGenerating C type support dispatch for ROS interfaces[0m
[5.422s] [ 23%] [32mBuilding CXX object CMakeFiles/diagnostic_msgs__rosidl_typesupport_cpp.dir/rosidl_typesupport_cpp/diagnostic_msgs/msg/diagnostic_array__type_support.cpp.o[0m
[5.424s] [ 25%] [32mBuilding CXX object CMakeFiles/diagnostic_msgs__rosidl_typesupport_cpp.dir/rosidl_typesupport_cpp/diagnostic_msgs/msg/diagnostic_status__type_support.cpp.o[0m
[5.433s] [ 26%] [32mBuilding CXX object CMakeFiles/diagnostic_msgs__rosidl_typesupport_cpp.dir/rosidl_typesupport_cpp/diagnostic_msgs/srv/add_diagnostics__type_support.cpp.o[0m
[5.433s] [ 28%] [32mBuilding CXX object CMakeFiles/diagnostic_msgs__rosidl_typesupport_cpp.dir/rosidl_typesupport_cpp/diagnostic_msgs/msg/key_value__type_support.cpp.o[0m
[5.442s] [ 30%] [32mBuilding CXX object CMakeFiles/diagnostic_msgs__rosidl_typesupport_cpp.dir/rosidl_typesupport_cpp/diagnostic_msgs/srv/self_test__type_support.cpp.o[0m
[5.542s] [ 31%] [32mBuilding CXX object CMakeFiles/diagnostic_msgs__rosidl_typesupport_introspection_cpp.dir/rosidl_typesupport_introspection_cpp/diagnostic_msgs/msg/detail/diagnostic_array__type_support.cpp.o[0m
[5.562s] [ 33%] [32mBuilding CXX object CMakeFiles/diagnostic_msgs__rosidl_typesupport_introspection_cpp.dir/rosidl_typesupport_introspection_cpp/diagnostic_msgs/msg/detail/diagnostic_status__type_support.cpp.o[0m
[5.570s] [ 34%] [32mBuilding CXX object CMakeFiles/diagnostic_msgs__rosidl_typesupport_introspection_cpp.dir/rosidl_typesupport_introspection_cpp/diagnostic_msgs/msg/detail/key_value__type_support.cpp.o[0m
[5.573s] [ 36%] [32mBuilding CXX object CMakeFiles/diagnostic_msgs__rosidl_typesupport_introspection_cpp.dir/rosidl_typesupport_introspection_cpp/diagnostic_msgs/srv/detail/add_diagnostics__type_support.cpp.o[0m
[5.592s] [ 38%] [32mBuilding CXX object CMakeFiles/diagnostic_msgs__rosidl_typesupport_introspection_cpp.dir/rosidl_typesupport_introspection_cpp/diagnostic_msgs/srv/detail/self_test__type_support.cpp.o[0m
[5.625s] [ 39%] [32mBuilding CXX object CMakeFiles/diagnostic_msgs__rosidl_typesupport_fastrtps_cpp.dir/rosidl_typesupport_fastrtps_cpp/diagnostic_msgs/msg/detail/dds_fastrtps/diagnostic_array__type_support.cpp.o[0m
[5.670s] [ 41%] [32mBuilding CXX object CMakeFiles/diagnostic_msgs__rosidl_typesupport_fastrtps_cpp.dir/rosidl_typesupport_fastrtps_cpp/diagnostic_msgs/msg/detail/dds_fastrtps/key_value__type_support.cpp.o[0m
[5.670s] [ 42%] [32mBuilding CXX object CMakeFiles/diagnostic_msgs__rosidl_typesupport_fastrtps_cpp.dir/rosidl_typesupport_fastrtps_cpp/diagnostic_msgs/msg/detail/dds_fastrtps/diagnostic_status__type_support.cpp.o[0m
[5.670s] [ 44%] [32mBuilding CXX object CMakeFiles/diagnostic_msgs__rosidl_typesupport_fastrtps_cpp.dir/rosidl_typesupport_fastrtps_cpp/diagnostic_msgs/srv/detail/dds_fastrtps/add_diagnostics__type_support.cpp.o[0m
[5.689s] [ 46%] [32mBuilding CXX object CMakeFiles/diagnostic_msgs__rosidl_typesupport_fastrtps_cpp.dir/rosidl_typesupport_fastrtps_cpp/diagnostic_msgs/srv/detail/dds_fastrtps/self_test__type_support.cpp.o[0m
[6.726s] [ 47%] [32mBuilding CXX object CMakeFiles/diagnostic_msgs__rosidl_typesupport_c.dir/rosidl_typesupport_c/diagnostic_msgs/msg/diagnostic_array__type_support.cpp.o[0m
[6.735s] [ 50%] [32mBuilding CXX object CMakeFiles/diagnostic_msgs__rosidl_typesupport_c.dir/rosidl_typesupport_c/diagnostic_msgs/msg/diagnostic_status__type_support.cpp.o[0m
[6.744s] [ 50%] [32mBuilding CXX object CMakeFiles/diagnostic_msgs__rosidl_typesupport_c.dir/rosidl_typesupport_c/diagnostic_msgs/msg/key_value__type_support.cpp.o[0m
[6.745s] [ 52%] [32mBuilding CXX object CMakeFiles/diagnostic_msgs__rosidl_typesupport_c.dir/rosidl_typesupport_c/diagnostic_msgs/srv/self_test__type_support.cpp.o[0m
[6.754s] [ 53%] [32mBuilding CXX object CMakeFiles/diagnostic_msgs__rosidl_typesupport_c.dir/rosidl_typesupport_c/diagnostic_msgs/srv/add_diagnostics__type_support.cpp.o[0m
[6.800s] [ 55%] [32mBuilding C object CMakeFiles/diagnostic_msgs__rosidl_typesupport_introspection_c.dir/rosidl_typesupport_introspection_c/diagnostic_msgs/msg/detail/diagnostic_status__type_support.c.o[0m
[6.806s] [ 57%] [32mBuilding C object CMakeFiles/diagnostic_msgs__rosidl_typesupport_introspection_c.dir/rosidl_typesupport_introspection_c/diagnostic_msgs/msg/detail/diagnostic_array__type_support.c.o[0m
[6.838s] [ 58%] [32m[1mLinking CXX shared library libdiagnostic_msgs__rosidl_typesupport_cpp.so[0m
[6.878s] [ 60%] [32m[1mLinking CXX shared library libdiagnostic_msgs__rosidl_typesupport_c.so[0m
[6.943s] [ 61%] [32mBuilding C object CMakeFiles/diagnostic_msgs__rosidl_typesupport_introspection_c.dir/rosidl_typesupport_introspection_c/diagnostic_msgs/srv/detail/self_test__type_support.c.o[0m
[7.010s] [ 63%] [32mBuilding CXX object CMakeFiles/diagnostic_msgs__rosidl_typesupport_fastrtps_c.dir/rosidl_typesupport_fastrtps_c/diagnostic_msgs/msg/detail/diagnostic_array__type_support_c.cpp.o[0m
[7.056s] [ 65%] [32mBuilding C object CMakeFiles/diagnostic_msgs__rosidl_typesupport_introspection_c.dir/rosidl_typesupport_introspection_c/diagnostic_msgs/srv/detail/add_diagnostics__type_support.c.o[0m
[7.130s] [ 66%] [32mBuilding C object CMakeFiles/diagnostic_msgs__rosidl_typesupport_introspection_c.dir/rosidl_typesupport_introspection_c/diagnostic_msgs/msg/detail/key_value__type_support.c.o[0m
[7.180s] [ 68%] [32m[1mLinking C shared library libdiagnostic_msgs__rosidl_typesupport_introspection_c.so[0m
[7.234s] [ 69%] [32m[1mLinking CXX shared library libdiagnostic_msgs__rosidl_typesupport_fastrtps_cpp.so[0m
[7.394s] [ 69%] Built target diagnostic_msgs__rosidl_typesupport_cpp
[7.394s] [ 69%] Built target diagnostic_msgs__rosidl_typesupport_c
[7.432s] [ 71%] [32m[1mLinking CXX shared library libdiagnostic_msgs__rosidl_typesupport_introspection_cpp.so[0m
[7.496s] [ 73%] [32mBuilding CXX object CMakeFiles/diagnostic_msgs__rosidl_typesupport_fastrtps_c.dir/rosidl_typesupport_fastrtps_c/diagnostic_msgs/srv/detail/self_test__type_support_c.cpp.o[0m
[7.540s] [ 73%] Built target diagnostic_msgs__rosidl_typesupport_introspection_c
[7.587s] [ 73%] Built target diagnostic_msgs__rosidl_typesupport_fastrtps_cpp
[7.743s] [ 73%] Built target diagnostic_msgs__rosidl_typesupport_introspection_cpp
[7.897s] [ 74%] [32mBuilding CXX object CMakeFiles/diagnostic_msgs__rosidl_typesupport_fastrtps_c.dir/rosidl_typesupport_fastrtps_c/diagnostic_msgs/srv/detail/add_diagnostics__type_support_c.cpp.o[0m
[8.291s] [ 76%] [32mBuilding CXX object CMakeFiles/diagnostic_msgs__rosidl_typesupport_fastrtps_c.dir/rosidl_typesupport_fastrtps_c/diagnostic_msgs/msg/detail/key_value__type_support_c.cpp.o[0m
[8.637s] [ 77%] [32mBuilding CXX object CMakeFiles/diagnostic_msgs__rosidl_typesupport_fastrtps_c.dir/rosidl_typesupport_fastrtps_c/diagnostic_msgs/msg/detail/diagnostic_status__type_support_c.cpp.o[0m
[8.984s] [ 79%] [32m[1mLinking CXX shared library libdiagnostic_msgs__rosidl_typesupport_fastrtps_c.so[0m
[9.226s] [ 79%] Built target diagnostic_msgs__rosidl_typesupport_fastrtps_c
[9.251s] [ 79%] Built target diagnostic_msgs
[9.279s] [ 80%] [34m[1mGenerating Python code for ROS interfaces[0m
[10.548s] [ 80%] Built target diagnostic_msgs__py
[10.570s] [ 82%] [32mBuilding C object CMakeFiles/diagnostic_msgs__rosidl_generator_py.dir/rosidl_generator_py/diagnostic_msgs/msg/_diagnostic_array_s.c.o[0m
[10.672s] [ 84%] [32mBuilding C object CMakeFiles/diagnostic_msgs__rosidl_generator_py.dir/rosidl_generator_py/diagnostic_msgs/srv/_self_test_s.c.o[0m
[10.781s] [ 85%] [32mBuilding C object CMakeFiles/diagnostic_msgs__rosidl_generator_py.dir/rosidl_generator_py/diagnostic_msgs/srv/_add_diagnostics_s.c.o[0m
[10.878s] [ 87%] [32mBuilding C object CMakeFiles/diagnostic_msgs__rosidl_generator_py.dir/rosidl_generator_py/diagnostic_msgs/msg/_key_value_s.c.o[0m
[10.965s] [ 88%] [32mBuilding C object CMakeFiles/diagnostic_msgs__rosidl_generator_py.dir/rosidl_generator_py/diagnostic_msgs/msg/_diagnostic_status_s.c.o[0m
[11.075s] [ 90%] [32m[1mLinking C shared library rosidl_generator_py/diagnostic_msgs/libdiagnostic_msgs__rosidl_generator_py.so[0m
[11.221s] [ 90%] Built target diagnostic_msgs__rosidl_generator_py
[11.241s] [ 92%] [32mBuilding C object CMakeFiles/diagnostic_msgs__rosidl_typesupport_fastrtps_c__pyext.dir/rosidl_generator_py/diagnostic_msgs/_diagnostic_msgs_s.ep.rosidl_typesupport_fastrtps_c.c.o[0m
[11.372s] [ 93%] [32m[1mLinking C shared library rosidl_generator_py/diagnostic_msgs/diagnostic_msgs_s__rosidl_typesupport_fastrtps_c.cpython-310-x86_64-linux-gnu.so[0m
[11.502s] [ 93%] Built target diagnostic_msgs__rosidl_typesupport_fastrtps_c__pyext
[11.521s] [ 95%] [32mBuilding C object CMakeFiles/diagnostic_msgs__rosidl_typesupport_c__pyext.dir/rosidl_generator_py/diagnostic_msgs/_diagnostic_msgs_s.ep.rosidl_typesupport_c.c.o[0m
[11.628s] [ 96%] [32m[1mLinking C shared library rosidl_generator_py/diagnostic_msgs/diagnostic_msgs_s__rosidl_typesupport_c.cpython-310-x86_64-linux-gnu.so[0m
[11.752s] [ 96%] Built target diagnostic_msgs__rosidl_typesupport_c__pyext
[11.779s] [ 98%] [32mBuilding C object CMakeFiles/diagnostic_msgs__rosidl_typesupport_introspection_c__pyext.dir/rosidl_generator_py/diagnostic_msgs/_diagnostic_msgs_s.ep.rosidl_typesupport_introspection_c.c.o[0m
[11.872s] [100%] [32m[1mLinking C shared library rosidl_generator_py/diagnostic_msgs/diagnostic_msgs_s__rosidl_typesupport_introspection_c.cpython-310-x86_64-linux-gnu.so[0m
[12.024s] [100%] Built target diagnostic_msgs__rosidl_typesupport_introspection_c__pyext
[12.039s] Invoked command in '/root/ros_ws/src/Rescue_Car_ws/build/diagnostic_msgs' returned '0': AMENT_PREFIX_PATH=/root/ros_ws/src/Rescue_Car_ws/install/geometry_msgs:/root/ros_ws/src/Rescue_Car_ws/install/std_msgs:/root/ros_ws/src/Rescue_Car_ws/install/builtin_interfaces:${AMENT_PREFIX_PATH} CMAKE_PREFIX_PATH=/root/ros_ws/src/Rescue_Car_ws/install/geometry_msgs:/root/ros_ws/src/Rescue_Car_ws/install/std_msgs:/root/ros_ws/src/Rescue_Car_ws/install/builtin_interfaces:/opt/ros/humble LD_LIBRARY_PATH=/root/ros_ws/src/Rescue_Car_ws/install/geometry_msgs/lib:/root/ros_ws/src/Rescue_Car_ws/install/std_msgs/lib:/root/ros_ws/src/Rescue_Car_ws/install/builtin_interfaces/lib:${LD_LIBRARY_PATH} PYTHONPATH=/root/ros_ws/src/Rescue_Car_ws/install/geometry_msgs/local/lib/python3.10/dist-packages:/root/ros_ws/src/Rescue_Car_ws/install/std_msgs/local/lib/python3.10/dist-packages:/root/ros_ws/src/Rescue_Car_ws/install/builtin_interfaces/local/lib/python3.10/dist-packages:${PYTHONPATH} /usr/bin/cmake --build /root/ros_ws/src/Rescue_Car_ws/build/diagnostic_msgs -- -j20 -l20
[12.039s] Invoking command in '/root/ros_ws/src/Rescue_Car_ws/build/diagnostic_msgs': AMENT_PREFIX_PATH=/root/ros_ws/src/Rescue_Car_ws/install/geometry_msgs:/root/ros_ws/src/Rescue_Car_ws/install/std_msgs:/root/ros_ws/src/Rescue_Car_ws/install/builtin_interfaces:${AMENT_PREFIX_PATH} CMAKE_PREFIX_PATH=/root/ros_ws/src/Rescue_Car_ws/install/geometry_msgs:/root/ros_ws/src/Rescue_Car_ws/install/std_msgs:/root/ros_ws/src/Rescue_Car_ws/install/builtin_interfaces:/opt/ros/humble LD_LIBRARY_PATH=/root/ros_ws/src/Rescue_Car_ws/install/geometry_msgs/lib:/root/ros_ws/src/Rescue_Car_ws/install/std_msgs/lib:/root/ros_ws/src/Rescue_Car_ws/install/builtin_interfaces/lib:${LD_LIBRARY_PATH} PYTHONPATH=/root/ros_ws/src/Rescue_Car_ws/install/geometry_msgs/local/lib/python3.10/dist-packages:/root/ros_ws/src/Rescue_Car_ws/install/std_msgs/local/lib/python3.10/dist-packages:/root/ros_ws/src/Rescue_Car_ws/install/builtin_interfaces/local/lib/python3.10/dist-packages:${PYTHONPATH} /usr/bin/cmake --install /root/ros_ws/src/Rescue_Car_ws/build/diagnostic_msgs
[12.048s] -- Install configuration: ""
[12.050s] -- Installing: /root/ros_ws/src/Rescue_Car_ws/install/diagnostic_msgs/share/ament_index/resource_index/rosidl_interfaces/diagnostic_msgs
[12.050s] -- Installing: /root/ros_ws/src/Rescue_Car_ws/install/diagnostic_msgs/include/diagnostic_msgs/diagnostic_msgs
[12.050s] -- Installing: /root/ros_ws/src/Rescue_Car_ws/install/diagnostic_msgs/include/diagnostic_msgs/diagnostic_msgs/srv
[12.051s] -- Installing: /root/ros_ws/src/Rescue_Car_ws/install/diagnostic_msgs/include/diagnostic_msgs/diagnostic_msgs/srv/add_diagnostics.h
[12.051s] -- Installing: /root/ros_ws/src/Rescue_Car_ws/install/diagnostic_msgs/include/diagnostic_msgs/diagnostic_msgs/srv/self_test.h
[12.051s] -- Installing: /root/ros_ws/src/Rescue_Car_ws/install/diagnostic_msgs/include/diagnostic_msgs/diagnostic_msgs/srv/detail
[12.051s] -- Installing: /root/ros_ws/src/Rescue_Car_ws/install/diagnostic_msgs/include/diagnostic_msgs/diagnostic_msgs/srv/detail/add_diagnostics__functions.c
[12.051s] -- Installing: /root/ros_ws/src/Rescue_Car_ws/install/diagnostic_msgs/include/diagnostic_msgs/diagnostic_msgs/srv/detail/add_diagnostics__struct.h
[12.052s] -- Installing: /root/ros_ws/src/Rescue_Car_ws/install/diagnostic_msgs/include/diagnostic_msgs/diagnostic_msgs/srv/detail/self_test__functions.h
[12.052s] -- Installing: /root/ros_ws/src/Rescue_Car_ws/install/diagnostic_msgs/include/diagnostic_msgs/diagnostic_msgs/srv/detail/self_test__struct.h
[12.052s] -- Installing: /root/ros_ws/src/Rescue_Car_ws/install/diagnostic_msgs/include/diagnostic_msgs/diagnostic_msgs/srv/detail/self_test__type_support.h
[12.052s] -- Installing: /root/ros_ws/src/Rescue_Car_ws/install/diagnostic_msgs/include/diagnostic_msgs/diagnostic_msgs/srv/detail/self_test__functions.c
[12.052s] -- Installing: /root/ros_ws/src/Rescue_Car_ws/install/diagnostic_msgs/include/diagnostic_msgs/diagnostic_msgs/srv/detail/add_diagnostics__functions.h
[12.052s] -- Installing: /root/ros_ws/src/Rescue_Car_ws/install/diagnostic_msgs/include/diagnostic_msgs/diagnostic_msgs/srv/detail/add_diagnostics__type_support.h
[12.053s] -- Installing: /root/ros_ws/src/Rescue_Car_ws/install/diagnostic_msgs/include/diagnostic_msgs/diagnostic_msgs/msg
[12.053s] -- Installing: /root/ros_ws/src/Rescue_Car_ws/install/diagnostic_msgs/include/diagnostic_msgs/diagnostic_msgs/msg/diagnostic_array.h
[12.053s] -- Installing: /root/ros_ws/src/Rescue_Car_ws/install/diagnostic_msgs/include/diagnostic_msgs/diagnostic_msgs/msg/diagnostic_status.h
[12.053s] -- Installing: /root/ros_ws/src/Rescue_Car_ws/install/diagnostic_msgs/include/diagnostic_msgs/diagnostic_msgs/msg/detail
[12.053s] -- Installing: /root/ros_ws/src/Rescue_Car_ws/install/diagnostic_msgs/include/diagnostic_msgs/diagnostic_msgs/msg/detail/diagnostic_status__functions.c
[12.053s] -- Installing: /root/ros_ws/src/Rescue_Car_ws/install/diagnostic_msgs/include/diagnostic_msgs/diagnostic_msgs/msg/detail/diagnostic_status__struct.h
[12.053s] -- Installing: /root/ros_ws/src/Rescue_Car_ws/install/diagnostic_msgs/include/diagnostic_msgs/diagnostic_msgs/msg/detail/key_value__functions.h
[12.054s] -- Installing: /root/ros_ws/src/Rescue_Car_ws/install/diagnostic_msgs/include/diagnostic_msgs/diagnostic_msgs/msg/detail/diagnostic_array__struct.h
[12.054s] -- Installing: /root/ros_ws/src/Rescue_Car_ws/install/diagnostic_msgs/include/diagnostic_msgs/diagnostic_msgs/msg/detail/diagnostic_status__functions.h
[12.054s] -- Installing: /root/ros_ws/src/Rescue_Car_ws/install/diagnostic_msgs/include/diagnostic_msgs/diagnostic_msgs/msg/detail/diagnostic_array__functions.c
[12.055s] -- Installing: /root/ros_ws/src/Rescue_Car_ws/install/diagnostic_msgs/include/diagnostic_msgs/diagnostic_msgs/msg/detail/diagnostic_array__functions.h
[12.055s] -- Installing: /root/ros_ws/src/Rescue_Car_ws/install/diagnostic_msgs/include/diagnostic_msgs/diagnostic_msgs/msg/detail/key_value__type_support.h
[12.055s] -- Installing: /root/ros_ws/src/Rescue_Car_ws/install/diagnostic_msgs/include/diagnostic_msgs/diagnostic_msgs/msg/detail/diagnostic_array__type_support.h
[12.055s] -- Installing: /root/ros_ws/src/Rescue_Car_ws/install/diagnostic_msgs/include/diagnostic_msgs/diagnostic_msgs/msg/detail/key_value__functions.c
[12.055s] -- Installing: /root/ros_ws/src/Rescue_Car_ws/install/diagnostic_msgs/include/diagnostic_msgs/diagnostic_msgs/msg/detail/diagnostic_status__type_support.h
[12.056s] -- Installing: /root/ros_ws/src/Rescue_Car_ws/install/diagnostic_msgs/include/diagnostic_msgs/diagnostic_msgs/msg/detail/key_value__struct.h
[12.056s] -- Installing: /root/ros_ws/src/Rescue_Car_ws/install/diagnostic_msgs/include/diagnostic_msgs/diagnostic_msgs/msg/rosidl_generator_c__visibility_control.h
[12.056s] -- Installing: /root/ros_ws/src/Rescue_Car_ws/install/diagnostic_msgs/include/diagnostic_msgs/diagnostic_msgs/msg/key_value.h
[12.056s] -- Installing: /root/ros_ws/src/Rescue_Car_ws/install/diagnostic_msgs/share/diagnostic_msgs/environment/library_path.sh
[12.056s] -- Installing: /root/ros_ws/src/Rescue_Car_ws/install/diagnostic_msgs/share/diagnostic_msgs/environment/library_path.dsv
[12.057s] -- Installing: /root/ros_ws/src/Rescue_Car_ws/install/diagnostic_msgs/lib/libdiagnostic_msgs__rosidl_generator_c.so
[12.057s] -- Set runtime path of "/root/ros_ws/src/Rescue_Car_ws/install/diagnostic_msgs/lib/libdiagnostic_msgs__rosidl_generator_c.so" to ""
[12.057s] -- Up-to-date: /root/ros_ws/src/Rescue_Car_ws/install/diagnostic_msgs/include/diagnostic_msgs/diagnostic_msgs
[12.058s] -- Up-to-date: /root/ros_ws/src/Rescue_Car_ws/install/diagnostic_msgs/include/diagnostic_msgs/diagnostic_msgs/srv
[12.058s] -- Up-to-date: /root/ros_ws/src/Rescue_Car_ws/install/diagnostic_msgs/include/diagnostic_msgs/diagnostic_msgs/srv/detail
[12.058s] -- Installing: /root/ros_ws/src/Rescue_Car_ws/install/diagnostic_msgs/include/diagnostic_msgs/diagnostic_msgs/srv/detail/add_diagnostics__rosidl_typesupport_fastrtps_c.h
[12.058s] -- Installing: /root/ros_ws/src/Rescue_Car_ws/install/diagnostic_msgs/include/diagnostic_msgs/diagnostic_msgs/srv/detail/self_test__rosidl_typesupport_fastrtps_c.h
[12.059s] -- Up-to-date: /root/ros_ws/src/Rescue_Car_ws/install/diagnostic_msgs/include/diagnostic_msgs/diagnostic_msgs/msg
[12.059s] -- Up-to-date: /root/ros_ws/src/Rescue_Car_ws/install/diagnostic_msgs/include/diagnostic_msgs/diagnostic_msgs/msg/detail
[12.059s] -- Installing: /root/ros_ws/src/Rescue_Car_ws/install/diagnostic_msgs/include/diagnostic_msgs/diagnostic_msgs/msg/detail/key_value__rosidl_typesupport_fastrtps_c.h
[12.059s] -- Installing: /root/ros_ws/src/Rescue_Car_ws/install/diagnostic_msgs/include/diagnostic_msgs/diagnostic_msgs/msg/detail/diagnostic_status__rosidl_typesupport_fastrtps_c.h
[12.059s] -- Installing: /root/ros_ws/src/Rescue_Car_ws/install/diagnostic_msgs/include/diagnostic_msgs/diagnostic_msgs/msg/detail/diagnostic_array__rosidl_typesupport_fastrtps_c.h
[12.060s] -- Installing: /root/ros_ws/src/Rescue_Car_ws/install/diagnostic_msgs/include/diagnostic_msgs/diagnostic_msgs/msg/rosidl_typesupport_fastrtps_c__visibility_control.h
[12.060s] -- Installing: /root/ros_ws/src/Rescue_Car_ws/install/diagnostic_msgs/lib/libdiagnostic_msgs__rosidl_typesupport_fastrtps_c.so
[12.060s] -- Set runtime path of "/root/ros_ws/src/Rescue_Car_ws/install/diagnostic_msgs/lib/libdiagnostic_msgs__rosidl_typesupport_fastrtps_c.so" to ""
[12.060s] -- Up-to-date: /root/ros_ws/src/Rescue_Car_ws/install/diagnostic_msgs/include/diagnostic_msgs/diagnostic_msgs
[12.060s] -- Up-to-date: /root/ros_ws/src/Rescue_Car_ws/install/diagnostic_msgs/include/diagnostic_msgs/diagnostic_msgs/srv
[12.061s] -- Up-to-date: /root/ros_ws/src/Rescue_Car_ws/install/diagnostic_msgs/include/diagnostic_msgs/diagnostic_msgs/srv/detail
[12.061s] -- Installing: /root/ros_ws/src/Rescue_Car_ws/install/diagnostic_msgs/include/diagnostic_msgs/diagnostic_msgs/srv/detail/add_diagnostics__rosidl_typesupport_introspection_c.h
[12.061s] -- Installing: /root/ros_ws/src/Rescue_Car_ws/install/diagnostic_msgs/include/diagnostic_msgs/diagnostic_msgs/srv/detail/add_diagnostics__type_support.c
[12.061s] -- Installing: /root/ros_ws/src/Rescue_Car_ws/install/diagnostic_msgs/include/diagnostic_msgs/diagnostic_msgs/srv/detail/self_test__rosidl_typesupport_introspection_c.h
[12.061s] -- Installing: /root/ros_ws/src/Rescue_Car_ws/install/diagnostic_msgs/include/diagnostic_msgs/diagnostic_msgs/srv/detail/self_test__type_support.c
[12.061s] -- Up-to-date: /root/ros_ws/src/Rescue_Car_ws/install/diagnostic_msgs/include/diagnostic_msgs/diagnostic_msgs/msg
[12.061s] -- Installing: /root/ros_ws/src/Rescue_Car_ws/install/diagnostic_msgs/include/diagnostic_msgs/diagnostic_msgs/msg/rosidl_typesupport_introspection_c__visibility_control.h
[12.062s] -- Up-to-date: /root/ros_ws/src/Rescue_Car_ws/install/diagnostic_msgs/include/diagnostic_msgs/diagnostic_msgs/msg/detail
[12.062s] -- Installing: /root/ros_ws/src/Rescue_Car_ws/install/diagnostic_msgs/include/diagnostic_msgs/diagnostic_msgs/msg/detail/diagnostic_array__type_support.c
[12.062s] -- Installing: /root/ros_ws/src/Rescue_Car_ws/install/diagnostic_msgs/include/diagnostic_msgs/diagnostic_msgs/msg/detail/diagnostic_status__type_support.c
[12.063s] -- Installing: /root/ros_ws/src/Rescue_Car_ws/install/diagnostic_msgs/include/diagnostic_msgs/diagnostic_msgs/msg/detail/diagnostic_array__rosidl_typesupport_introspection_c.h
[12.063s] -- Installing: /root/ros_ws/src/Rescue_Car_ws/install/diagnostic_msgs/include/diagnostic_msgs/diagnostic_msgs/msg/detail/key_value__rosidl_typesupport_introspection_c.h
[12.063s] -- Installing: /root/ros_ws/src/Rescue_Car_ws/install/diagnostic_msgs/include/diagnostic_msgs/diagnostic_msgs/msg/detail/key_value__type_support.c
[12.063s] -- Installing: /root/ros_ws/src/Rescue_Car_ws/install/diagnostic_msgs/include/diagnostic_msgs/diagnostic_msgs/msg/detail/diagnostic_status__rosidl_typesupport_introspection_c.h
[12.063s] -- Installing: /root/ros_ws/src/Rescue_Car_ws/install/diagnostic_msgs/lib/libdiagnostic_msgs__rosidl_typesupport_introspection_c.so
[12.063s] -- Set runtime path of "/root/ros_ws/src/Rescue_Car_ws/install/diagnostic_msgs/lib/libdiagnostic_msgs__rosidl_typesupport_introspection_c.so" to ""
[12.063s] -- Installing: /root/ros_ws/src/Rescue_Car_ws/install/diagnostic_msgs/lib/libdiagnostic_msgs__rosidl_typesupport_c.so
[12.063s] -- Set runtime path of "/root/ros_ws/src/Rescue_Car_ws/install/diagnostic_msgs/lib/libdiagnostic_msgs__rosidl_typesupport_c.so" to ""
[12.064s] -- Up-to-date: /root/ros_ws/src/Rescue_Car_ws/install/diagnostic_msgs/include/diagnostic_msgs/diagnostic_msgs
[12.064s] -- Up-to-date: /root/ros_ws/src/Rescue_Car_ws/install/diagnostic_msgs/include/diagnostic_msgs/diagnostic_msgs/srv
[12.064s] -- Installing: /root/ros_ws/src/Rescue_Car_ws/install/diagnostic_msgs/include/diagnostic_msgs/diagnostic_msgs/srv/self_test.hpp
[12.064s] -- Up-to-date: /root/ros_ws/src/Rescue_Car_ws/install/diagnostic_msgs/include/diagnostic_msgs/diagnostic_msgs/srv/detail
[12.064s] -- Installing: /root/ros_ws/src/Rescue_Car_ws/install/diagnostic_msgs/include/diagnostic_msgs/diagnostic_msgs/srv/detail/add_diagnostics__type_support.hpp
[12.064s] -- Installing: /root/ros_ws/src/Rescue_Car_ws/install/diagnostic_msgs/include/diagnostic_msgs/diagnostic_msgs/srv/detail/self_test__builder.hpp
[12.064s] -- Installing: /root/ros_ws/src/Rescue_Car_ws/install/diagnostic_msgs/include/diagnostic_msgs/diagnostic_msgs/srv/detail/add_diagnostics__struct.hpp
[12.064s] -- Installing: /root/ros_ws/src/Rescue_Car_ws/install/diagnostic_msgs/include/diagnostic_msgs/diagnostic_msgs/srv/detail/add_diagnostics__traits.hpp
[12.065s] -- Installing: /root/ros_ws/src/Rescue_Car_ws/install/diagnostic_msgs/include/diagnostic_msgs/diagnostic_msgs/srv/detail/self_test__traits.hpp
[12.065s] -- Installing: /root/ros_ws/src/Rescue_Car_ws/install/diagnostic_msgs/include/diagnostic_msgs/diagnostic_msgs/srv/detail/self_test__struct.hpp
[12.065s] -- Installing: /root/ros_ws/src/Rescue_Car_ws/install/diagnostic_msgs/include/diagnostic_msgs/diagnostic_msgs/srv/detail/self_test__type_support.hpp
[12.065s] -- Installing: /root/ros_ws/src/Rescue_Car_ws/install/diagnostic_msgs/include/diagnostic_msgs/diagnostic_msgs/srv/detail/add_diagnostics__builder.hpp
[12.065s] -- Installing: /root/ros_ws/src/Rescue_Car_ws/install/diagnostic_msgs/include/diagnostic_msgs/diagnostic_msgs/srv/add_diagnostics.hpp
[12.065s] -- Up-to-date: /root/ros_ws/src/Rescue_Car_ws/install/diagnostic_msgs/include/diagnostic_msgs/diagnostic_msgs/msg
[12.065s] -- Installing: /root/ros_ws/src/Rescue_Car_ws/install/diagnostic_msgs/include/diagnostic_msgs/diagnostic_msgs/msg/key_value.hpp
[12.065s] -- Installing: /root/ros_ws/src/Rescue_Car_ws/install/diagnostic_msgs/include/diagnostic_msgs/diagnostic_msgs/msg/rosidl_generator_cpp__visibility_control.hpp
[12.065s] -- Installing: /root/ros_ws/src/Rescue_Car_ws/install/diagnostic_msgs/include/diagnostic_msgs/diagnostic_msgs/msg/diagnostic_status.hpp
[12.065s] -- Up-to-date: /root/ros_ws/src/Rescue_Car_ws/install/diagnostic_msgs/include/diagnostic_msgs/diagnostic_msgs/msg/detail
[12.066s] -- Installing: /root/ros_ws/src/Rescue_Car_ws/install/diagnostic_msgs/include/diagnostic_msgs/diagnostic_msgs/msg/detail/diagnostic_array__builder.hpp
[12.066s] -- Installing: /root/ros_ws/src/Rescue_Car_ws/install/diagnostic_msgs/include/diagnostic_msgs/diagnostic_msgs/msg/detail/diagnostic_array__traits.hpp
[12.066s] -- Installing: /root/ros_ws/src/Rescue_Car_ws/install/diagnostic_msgs/include/diagnostic_msgs/diagnostic_msgs/msg/detail/key_value__type_support.hpp
[12.066s] -- Installing: /root/ros_ws/src/Rescue_Car_ws/install/diagnostic_msgs/include/diagnostic_msgs/diagnostic_msgs/msg/detail/diagnostic_status__type_support.hpp
[12.066s] -- Installing: /root/ros_ws/src/Rescue_Car_ws/install/diagnostic_msgs/include/diagnostic_msgs/diagnostic_msgs/msg/detail/key_value__struct.hpp
[12.066s] -- Installing: /root/ros_ws/src/Rescue_Car_ws/install/diagnostic_msgs/include/diagnostic_msgs/diagnostic_msgs/msg/detail/key_value__traits.hpp
[12.066s] -- Installing: /root/ros_ws/src/Rescue_Car_ws/install/diagnostic_msgs/include/diagnostic_msgs/diagnostic_msgs/msg/detail/diagnostic_array__struct.hpp
[12.067s] -- Installing: /root/ros_ws/src/Rescue_Car_ws/install/diagnostic_msgs/include/diagnostic_msgs/diagnostic_msgs/msg/detail/diagnostic_status__struct.hpp
[12.067s] -- Installing: /root/ros_ws/src/Rescue_Car_ws/install/diagnostic_msgs/include/diagnostic_msgs/diagnostic_msgs/msg/detail/diagnostic_status__builder.hpp
[12.067s] -- Installing: /root/ros_ws/src/Rescue_Car_ws/install/diagnostic_msgs/include/diagnostic_msgs/diagnostic_msgs/msg/detail/diagnostic_array__type_support.hpp
[12.067s] -- Installing: /root/ros_ws/src/Rescue_Car_ws/install/diagnostic_msgs/include/diagnostic_msgs/diagnostic_msgs/msg/detail/key_value__builder.hpp
[12.067s] -- Installing: /root/ros_ws/src/Rescue_Car_ws/install/diagnostic_msgs/include/diagnostic_msgs/diagnostic_msgs/msg/detail/diagnostic_status__traits.hpp
[12.067s] -- Installing: /root/ros_ws/src/Rescue_Car_ws/install/diagnostic_msgs/include/diagnostic_msgs/diagnostic_msgs/msg/diagnostic_array.hpp
[12.067s] -- Up-to-date: /root/ros_ws/src/Rescue_Car_ws/install/diagnostic_msgs/include/diagnostic_msgs/diagnostic_msgs
[12.067s] -- Up-to-date: /root/ros_ws/src/Rescue_Car_ws/install/diagnostic_msgs/include/diagnostic_msgs/diagnostic_msgs/srv
[12.067s] -- Up-to-date: /root/ros_ws/src/Rescue_Car_ws/install/diagnostic_msgs/include/diagnostic_msgs/diagnostic_msgs/srv/detail
[12.068s] -- Installing: /root/ros_ws/src/Rescue_Car_ws/install/diagnostic_msgs/include/diagnostic_msgs/diagnostic_msgs/srv/detail/self_test__rosidl_typesupport_fastrtps_cpp.hpp
[12.068s] -- Installing: /root/ros_ws/src/Rescue_Car_ws/install/diagnostic_msgs/include/diagnostic_msgs/diagnostic_msgs/srv/detail/dds_fastrtps
[12.068s] -- Installing: /root/ros_ws/src/Rescue_Car_ws/install/diagnostic_msgs/include/diagnostic_msgs/diagnostic_msgs/srv/detail/add_diagnostics__rosidl_typesupport_fastrtps_cpp.hpp
[12.068s] -- Up-to-date: /root/ros_ws/src/Rescue_Car_ws/install/diagnostic_msgs/include/diagnostic_msgs/diagnostic_msgs/msg
[12.068s] -- Installing: /root/ros_ws/src/Rescue_Car_ws/install/diagnostic_msgs/include/diagnostic_msgs/diagnostic_msgs/msg/rosidl_typesupport_fastrtps_cpp__visibility_control.h
[12.068s] -- Up-to-date: /root/ros_ws/src/Rescue_Car_ws/install/diagnostic_msgs/include/diagnostic_msgs/diagnostic_msgs/msg/detail
[12.068s] -- Installing: /root/ros_ws/src/Rescue_Car_ws/install/diagnostic_msgs/include/diagnostic_msgs/diagnostic_msgs/msg/detail/diagnostic_array__rosidl_typesupport_fastrtps_cpp.hpp
[12.069s] -- Installing: /root/ros_ws/src/Rescue_Car_ws/install/diagnostic_msgs/include/diagnostic_msgs/diagnostic_msgs/msg/detail/dds_fastrtps
[12.069s] -- Installing: /root/ros_ws/src/Rescue_Car_ws/install/diagnostic_msgs/include/diagnostic_msgs/diagnostic_msgs/msg/detail/diagnostic_status__rosidl_typesupport_fastrtps_cpp.hpp
[12.069s] -- Installing: /root/ros_ws/src/Rescue_Car_ws/install/diagnostic_msgs/include/diagnostic_msgs/diagnostic_msgs/msg/detail/key_value__rosidl_typesupport_fastrtps_cpp.hpp
[12.069s] -- Installing: /root/ros_ws/src/Rescue_Car_ws/install/diagnostic_msgs/lib/libdiagnostic_msgs__rosidl_typesupport_fastrtps_cpp.so
[12.069s] -- Set runtime path of "/root/ros_ws/src/Rescue_Car_ws/install/diagnostic_msgs/lib/libdiagnostic_msgs__rosidl_typesupport_fastrtps_cpp.so" to ""
[12.069s] -- Up-to-date: /root/ros_ws/src/Rescue_Car_ws/install/diagnostic_msgs/include/diagnostic_msgs/diagnostic_msgs
[12.069s] -- Up-to-date: /root/ros_ws/src/Rescue_Car_ws/install/diagnostic_msgs/include/diagnostic_msgs/diagnostic_msgs/srv
[12.069s] -- Up-to-date: /root/ros_ws/src/Rescue_Car_ws/install/diagnostic_msgs/include/diagnostic_msgs/diagnostic_msgs/srv/detail
[12.069s] -- Installing: /root/ros_ws/src/Rescue_Car_ws/install/diagnostic_msgs/include/diagnostic_msgs/diagnostic_msgs/srv/detail/self_test__rosidl_typesupport_introspection_cpp.hpp
[12.069s] -- Installing: /root/ros_ws/src/Rescue_Car_ws/install/diagnostic_msgs/include/diagnostic_msgs/diagnostic_msgs/srv/detail/add_diagnostics__type_support.cpp
[12.069s] -- Installing: /root/ros_ws/src/Rescue_Car_ws/install/diagnostic_msgs/include/diagnostic_msgs/diagnostic_msgs/srv/detail/add_diagnostics__rosidl_typesupport_introspection_cpp.hpp
[12.069s] -- Installing: /root/ros_ws/src/Rescue_Car_ws/install/diagnostic_msgs/include/diagnostic_msgs/diagnostic_msgs/srv/detail/self_test__type_support.cpp
[12.070s] -- Up-to-date: /root/ros_ws/src/Rescue_Car_ws/install/diagnostic_msgs/include/diagnostic_msgs/diagnostic_msgs/msg
[12.070s] -- Up-to-date: /root/ros_ws/src/Rescue_Car_ws/install/diagnostic_msgs/include/diagnostic_msgs/diagnostic_msgs/msg/detail
[12.070s] -- Installing: /root/ros_ws/src/Rescue_Car_ws/install/diagnostic_msgs/include/diagnostic_msgs/diagnostic_msgs/msg/detail/diagnostic_array__type_support.cpp
[12.070s] -- Installing: /root/ros_ws/src/Rescue_Car_ws/install/diagnostic_msgs/include/diagnostic_msgs/diagnostic_msgs/msg/detail/key_value__rosidl_typesupport_introspection_cpp.hpp
[12.070s] -- Installing: /root/ros_ws/src/Rescue_Car_ws/install/diagnostic_msgs/include/diagnostic_msgs/diagnostic_msgs/msg/detail/diagnostic_status__rosidl_typesupport_introspection_cpp.hpp
[12.070s] -- Installing: /root/ros_ws/src/Rescue_Car_ws/install/diagnostic_msgs/include/diagnostic_msgs/diagnostic_msgs/msg/detail/diagnostic_array__rosidl_typesupport_introspection_cpp.hpp
[12.070s] -- Installing: /root/ros_ws/src/Rescue_Car_ws/install/diagnostic_msgs/include/diagnostic_msgs/diagnostic_msgs/msg/detail/diagnostic_status__type_support.cpp
[12.070s] -- Installing: /root/ros_ws/src/Rescue_Car_ws/install/diagnostic_msgs/include/diagnostic_msgs/diagnostic_msgs/msg/detail/key_value__type_support.cpp
[12.071s] -- Installing: /root/ros_ws/src/Rescue_Car_ws/install/diagnostic_msgs/lib/libdiagnostic_msgs__rosidl_typesupport_introspection_cpp.so
[12.071s] -- Set runtime path of "/root/ros_ws/src/Rescue_Car_ws/install/diagnostic_msgs/lib/libdiagnostic_msgs__rosidl_typesupport_introspection_cpp.so" to ""
[12.071s] -- Installing: /root/ros_ws/src/Rescue_Car_ws/install/diagnostic_msgs/lib/libdiagnostic_msgs__rosidl_typesupport_cpp.so
[12.071s] -- Set runtime path of "/root/ros_ws/src/Rescue_Car_ws/install/diagnostic_msgs/lib/libdiagnostic_msgs__rosidl_typesupport_cpp.so" to ""
[12.071s] -- Installing: /root/ros_ws/src/Rescue_Car_ws/install/diagnostic_msgs/share/diagnostic_msgs/environment/pythonpath.sh
[12.071s] -- Installing: /root/ros_ws/src/Rescue_Car_ws/install/diagnostic_msgs/share/diagnostic_msgs/environment/pythonpath.dsv
[12.071s] -- Installing: /root/ros_ws/src/Rescue_Car_ws/install/diagnostic_msgs/local/lib/python3.10/dist-packages/diagnostic_msgs-4.9.0-py3.10.egg-info
[12.071s] -- Installing: /root/ros_ws/src/Rescue_Car_ws/install/diagnostic_msgs/local/lib/python3.10/dist-packages/diagnostic_msgs-4.9.0-py3.10.egg-info/dependency_links.txt
[12.071s] -- Installing: /root/ros_ws/src/Rescue_Car_ws/install/diagnostic_msgs/local/lib/python3.10/dist-packages/diagnostic_msgs-4.9.0-py3.10.egg-info/SOURCES.txt
[12.072s] -- Installing: /root/ros_ws/src/Rescue_Car_ws/install/diagnostic_msgs/local/lib/python3.10/dist-packages/diagnostic_msgs-4.9.0-py3.10.egg-info/PKG-INFO
[12.072s] -- Installing: /root/ros_ws/src/Rescue_Car_ws/install/diagnostic_msgs/local/lib/python3.10/dist-packages/diagnostic_msgs-4.9.0-py3.10.egg-info/top_level.txt
[12.072s] -- Installing: /root/ros_ws/src/Rescue_Car_ws/install/diagnostic_msgs/local/lib/python3.10/dist-packages/diagnostic_msgs
[12.073s] -- Installing: /root/ros_ws/src/Rescue_Car_ws/install/diagnostic_msgs/local/lib/python3.10/dist-packages/diagnostic_msgs/_diagnostic_msgs_s.ep.rosidl_typesupport_c.c
[12.073s] -- Installing: /root/ros_ws/src/Rescue_Car_ws/install/diagnostic_msgs/local/lib/python3.10/dist-packages/diagnostic_msgs/libdiagnostic_msgs__rosidl_generator_py.so
[12.073s] -- Installing: /root/ros_ws/src/Rescue_Car_ws/install/diagnostic_msgs/local/lib/python3.10/dist-packages/diagnostic_msgs/diagnostic_msgs_s__rosidl_typesupport_c.cpython-310-x86_64-linux-gnu.so
[12.073s] -- Installing: /root/ros_ws/src/Rescue_Car_ws/install/diagnostic_msgs/local/lib/python3.10/dist-packages/diagnostic_msgs/_diagnostic_msgs_s.ep.rosidl_typesupport_introspection_c.c
[12.073s] -- Installing: /root/ros_ws/src/Rescue_Car_ws/install/diagnostic_msgs/local/lib/python3.10/dist-packages/diagnostic_msgs/diagnostic_msgs_s__rosidl_typesupport_fastrtps_c.cpython-310-x86_64-linux-gnu.so
[12.074s] -- Installing: /root/ros_ws/src/Rescue_Car_ws/install/diagnostic_msgs/local/lib/python3.10/dist-packages/diagnostic_msgs/srv
[12.074s] -- Installing: /root/ros_ws/src/Rescue_Car_ws/install/diagnostic_msgs/local/lib/python3.10/dist-packages/diagnostic_msgs/srv/_add_diagnostics_s.c
[12.074s] -- Installing: /root/ros_ws/src/Rescue_Car_ws/install/diagnostic_msgs/local/lib/python3.10/dist-packages/diagnostic_msgs/srv/_add_diagnostics.py
[12.074s] -- Installing: /root/ros_ws/src/Rescue_Car_ws/install/diagnostic_msgs/local/lib/python3.10/dist-packages/diagnostic_msgs/srv/__init__.py
[12.074s] -- Installing: /root/ros_ws/src/Rescue_Car_ws/install/diagnostic_msgs/local/lib/python3.10/dist-packages/diagnostic_msgs/srv/_self_test.py
[12.074s] -- Installing: /root/ros_ws/src/Rescue_Car_ws/install/diagnostic_msgs/local/lib/python3.10/dist-packages/diagnostic_msgs/srv/_self_test_s.c
[12.074s] -- Installing: /root/ros_ws/src/Rescue_Car_ws/install/diagnostic_msgs/local/lib/python3.10/dist-packages/diagnostic_msgs/__init__.py
[12.074s] -- Installing: /root/ros_ws/src/Rescue_Car_ws/install/diagnostic_msgs/local/lib/python3.10/dist-packages/diagnostic_msgs/msg
[12.074s] -- Installing: /root/ros_ws/src/Rescue_Car_ws/install/diagnostic_msgs/local/lib/python3.10/dist-packages/diagnostic_msgs/msg/_key_value.py
[12.074s] -- Installing: /root/ros_ws/src/Rescue_Car_ws/install/diagnostic_msgs/local/lib/python3.10/dist-packages/diagnostic_msgs/msg/_diagnostic_status.py
[12.074s] -- Installing: /root/ros_ws/src/Rescue_Car_ws/install/diagnostic_msgs/local/lib/python3.10/dist-packages/diagnostic_msgs/msg/_diagnostic_array.py
[12.074s] -- Installing: /root/ros_ws/src/Rescue_Car_ws/install/diagnostic_msgs/local/lib/python3.10/dist-packages/diagnostic_msgs/msg/_key_value_s.c
[12.074s] -- Installing: /root/ros_ws/src/Rescue_Car_ws/install/diagnostic_msgs/local/lib/python3.10/dist-packages/diagnostic_msgs/msg/_diagnostic_status_s.c
[12.075s] -- Installing: /root/ros_ws/src/Rescue_Car_ws/install/diagnostic_msgs/local/lib/python3.10/dist-packages/diagnostic_msgs/msg/_diagnostic_array_s.c
[12.075s] -- Installing: /root/ros_ws/src/Rescue_Car_ws/install/diagnostic_msgs/local/lib/python3.10/dist-packages/diagnostic_msgs/msg/__init__.py
[12.075s] -- Installing: /root/ros_ws/src/Rescue_Car_ws/install/diagnostic_msgs/local/lib/python3.10/dist-packages/diagnostic_msgs/diagnostic_msgs_s__rosidl_typesupport_introspection_c.cpython-310-x86_64-linux-gnu.so
[12.075s] -- Installing: /root/ros_ws/src/Rescue_Car_ws/install/diagnostic_msgs/local/lib/python3.10/dist-packages/diagnostic_msgs/_diagnostic_msgs_s.ep.rosidl_typesupport_fastrtps_c.c
[12.116s] Listing '/root/ros_ws/src/Rescue_Car_ws/install/diagnostic_msgs/local/lib/python3.10/dist-packages/diagnostic_msgs'...
[12.116s] Compiling '/root/ros_ws/src/Rescue_Car_ws/install/diagnostic_msgs/local/lib/python3.10/dist-packages/diagnostic_msgs/__init__.py'...
[12.116s] Listing '/root/ros_ws/src/Rescue_Car_ws/install/diagnostic_msgs/local/lib/python3.10/dist-packages/diagnostic_msgs/msg'...
[12.116s] Compiling '/root/ros_ws/src/Rescue_Car_ws/install/diagnostic_msgs/local/lib/python3.10/dist-packages/diagnostic_msgs/msg/__init__.py'...
[12.116s] Compiling '/root/ros_ws/src/Rescue_Car_ws/install/diagnostic_msgs/local/lib/python3.10/dist-packages/diagnostic_msgs/msg/_diagnostic_array.py'...
[12.116s] Compiling '/root/ros_ws/src/Rescue_Car_ws/install/diagnostic_msgs/local/lib/python3.10/dist-packages/diagnostic_msgs/msg/_diagnostic_status.py'...
[12.116s] Compiling '/root/ros_ws/src/Rescue_Car_ws/install/diagnostic_msgs/local/lib/python3.10/dist-packages/diagnostic_msgs/msg/_key_value.py'...
[12.116s] Listing '/root/ros_ws/src/Rescue_Car_ws/install/diagnostic_msgs/local/lib/python3.10/dist-packages/diagnostic_msgs/srv'...
[12.116s] Compiling '/root/ros_ws/src/Rescue_Car_ws/install/diagnostic_msgs/local/lib/python3.10/dist-packages/diagnostic_msgs/srv/__init__.py'...
[12.116s] Compiling '/root/ros_ws/src/Rescue_Car_ws/install/diagnostic_msgs/local/lib/python3.10/dist-packages/diagnostic_msgs/srv/_add_diagnostics.py'...
[12.117s] Compiling '/root/ros_ws/src/Rescue_Car_ws/install/diagnostic_msgs/local/lib/python3.10/dist-packages/diagnostic_msgs/srv/_self_test.py'...
[12.121s] -- Installing: /root/ros_ws/src/Rescue_Car_ws/install/diagnostic_msgs/local/lib/python3.10/dist-packages/diagnostic_msgs/diagnostic_msgs_s__rosidl_typesupport_fastrtps_c.cpython-310-x86_64-linux-gnu.so
[12.122s] -- Set runtime path of "/root/ros_ws/src/Rescue_Car_ws/install/diagnostic_msgs/local/lib/python3.10/dist-packages/diagnostic_msgs/diagnostic_msgs_s__rosidl_typesupport_fastrtps_c.cpython-310-x86_64-linux-gnu.so" to ""
[12.122s] -- Installing: /root/ros_ws/src/Rescue_Car_ws/install/diagnostic_msgs/local/lib/python3.10/dist-packages/diagnostic_msgs/diagnostic_msgs_s__rosidl_typesupport_introspection_c.cpython-310-x86_64-linux-gnu.so
[12.122s] -- Set runtime path of "/root/ros_ws/src/Rescue_Car_ws/install/diagnostic_msgs/local/lib/python3.10/dist-packages/diagnostic_msgs/diagnostic_msgs_s__rosidl_typesupport_introspection_c.cpython-310-x86_64-linux-gnu.so" to ""
[12.122s] -- Installing: /root/ros_ws/src/Rescue_Car_ws/install/diagnostic_msgs/local/lib/python3.10/dist-packages/diagnostic_msgs/diagnostic_msgs_s__rosidl_typesupport_c.cpython-310-x86_64-linux-gnu.so
[12.123s] -- Set runtime path of "/root/ros_ws/src/Rescue_Car_ws/install/diagnostic_msgs/local/lib/python3.10/dist-packages/diagnostic_msgs/diagnostic_msgs_s__rosidl_typesupport_c.cpython-310-x86_64-linux-gnu.so" to ""
[12.123s] -- Installing: /root/ros_ws/src/Rescue_Car_ws/install/diagnostic_msgs/lib/libdiagnostic_msgs__rosidl_generator_py.so
[12.123s] -- Set runtime path of "/root/ros_ws/src/Rescue_Car_ws/install/diagnostic_msgs/lib/libdiagnostic_msgs__rosidl_generator_py.so" to ""
[12.123s] -- Installing: /root/ros_ws/src/Rescue_Car_ws/install/diagnostic_msgs/share/diagnostic_msgs/msg/DiagnosticArray.idl
[12.123s] -- Installing: /root/ros_ws/src/Rescue_Car_ws/install/diagnostic_msgs/share/diagnostic_msgs/msg/DiagnosticStatus.idl
[12.123s] -- Installing: /root/ros_ws/src/Rescue_Car_ws/install/diagnostic_msgs/share/diagnostic_msgs/msg/KeyValue.idl
[12.124s] -- Installing: /root/ros_ws/src/Rescue_Car_ws/install/diagnostic_msgs/share/diagnostic_msgs/srv/AddDiagnostics.idl
[12.124s] -- Installing: /root/ros_ws/src/Rescue_Car_ws/install/diagnostic_msgs/share/diagnostic_msgs/srv/SelfTest.idl
[12.124s] -- Installing: /root/ros_ws/src/Rescue_Car_ws/install/diagnostic_msgs/share/diagnostic_msgs/msg/DiagnosticArray.msg
[12.125s] -- Installing: /root/ros_ws/src/Rescue_Car_ws/install/diagnostic_msgs/share/diagnostic_msgs/msg/DiagnosticStatus.msg
[12.125s] -- Installing: /root/ros_ws/src/Rescue_Car_ws/install/diagnostic_msgs/share/diagnostic_msgs/msg/KeyValue.msg
[12.125s] -- Installing: /root/ros_ws/src/Rescue_Car_ws/install/diagnostic_msgs/share/diagnostic_msgs/srv/AddDiagnostics.srv
[12.125s] -- Installing: /root/ros_ws/src/Rescue_Car_ws/install/diagnostic_msgs/share/diagnostic_msgs/srv/AddDiagnostics_Request.msg
[12.125s] -- Installing: /root/ros_ws/src/Rescue_Car_ws/install/diagnostic_msgs/share/diagnostic_msgs/srv/AddDiagnostics_Response.msg
[12.125s] -- Installing: /root/ros_ws/src/Rescue_Car_ws/install/diagnostic_msgs/share/diagnostic_msgs/srv/SelfTest.srv
[12.126s] -- Installing: /root/ros_ws/src/Rescue_Car_ws/install/diagnostic_msgs/share/diagnostic_msgs/srv/SelfTest_Request.msg
[12.126s] -- Installing: /root/ros_ws/src/Rescue_Car_ws/install/diagnostic_msgs/share/diagnostic_msgs/srv/SelfTest_Response.msg
[12.126s] -- Installing: /root/ros_ws/src/Rescue_Car_ws/install/diagnostic_msgs/share/ament_index/resource_index/package_run_dependencies/diagnostic_msgs
[12.126s] -- Installing: /root/ros_ws/src/Rescue_Car_ws/install/diagnostic_msgs/share/ament_index/resource_index/parent_prefix_path/diagnostic_msgs
[12.126s] -- Installing: /root/ros_ws/src/Rescue_Car_ws/install/diagnostic_msgs/share/diagnostic_msgs/environment/ament_prefix_path.sh
[12.127s] -- Installing: /root/ros_ws/src/Rescue_Car_ws/install/diagnostic_msgs/share/diagnostic_msgs/environment/ament_prefix_path.dsv
[12.127s] -- Installing: /root/ros_ws/src/Rescue_Car_ws/install/diagnostic_msgs/share/diagnostic_msgs/environment/path.sh
[12.127s] -- Installing: /root/ros_ws/src/Rescue_Car_ws/install/diagnostic_msgs/share/diagnostic_msgs/environment/path.dsv
[12.127s] -- Installing: /root/ros_ws/src/Rescue_Car_ws/install/diagnostic_msgs/share/diagnostic_msgs/local_setup.bash
[12.127s] -- Installing: /root/ros_ws/src/Rescue_Car_ws/install/diagnostic_msgs/share/diagnostic_msgs/local_setup.sh
[12.127s] -- Installing: /root/ros_ws/src/Rescue_Car_ws/install/diagnostic_msgs/share/diagnostic_msgs/local_setup.zsh
[12.127s] -- Installing: /root/ros_ws/src/Rescue_Car_ws/install/diagnostic_msgs/share/diagnostic_msgs/local_setup.dsv
[12.127s] -- Installing: /root/ros_ws/src/Rescue_Car_ws/install/diagnostic_msgs/share/diagnostic_msgs/package.dsv
[12.128s] -- Installing: /root/ros_ws/src/Rescue_Car_ws/install/diagnostic_msgs/share/ament_index/resource_index/packages/diagnostic_msgs
[12.128s] -- Installing: /root/ros_ws/src/Rescue_Car_ws/install/diagnostic_msgs/share/diagnostic_msgs/cmake/export_diagnostic_msgs__rosidl_generator_cExport.cmake
[12.128s] -- Installing: /root/ros_ws/src/Rescue_Car_ws/install/diagnostic_msgs/share/diagnostic_msgs/cmake/export_diagnostic_msgs__rosidl_generator_cExport-noconfig.cmake
[12.128s] -- Installing: /root/ros_ws/src/Rescue_Car_ws/install/diagnostic_msgs/share/diagnostic_msgs/cmake/export_diagnostic_msgs__rosidl_typesupport_fastrtps_cExport.cmake
[12.129s] -- Installing: /root/ros_ws/src/Rescue_Car_ws/install/diagnostic_msgs/share/diagnostic_msgs/cmake/export_diagnostic_msgs__rosidl_typesupport_fastrtps_cExport-noconfig.cmake
[12.129s] -- Installing: /root/ros_ws/src/Rescue_Car_ws/install/diagnostic_msgs/share/diagnostic_msgs/cmake/diagnostic_msgs__rosidl_typesupport_introspection_cExport.cmake
[12.129s] -- Installing: /root/ros_ws/src/Rescue_Car_ws/install/diagnostic_msgs/share/diagnostic_msgs/cmake/diagnostic_msgs__rosidl_typesupport_introspection_cExport-noconfig.cmake
[12.129s] -- Installing: /root/ros_ws/src/Rescue_Car_ws/install/diagnostic_msgs/share/diagnostic_msgs/cmake/diagnostic_msgs__rosidl_typesupport_cExport.cmake
[12.129s] -- Installing: /root/ros_ws/src/Rescue_Car_ws/install/diagnostic_msgs/share/diagnostic_msgs/cmake/diagnostic_msgs__rosidl_typesupport_cExport-noconfig.cmake
[12.129s] -- Installing: /root/ros_ws/src/Rescue_Car_ws/install/diagnostic_msgs/share/diagnostic_msgs/cmake/export_diagnostic_msgs__rosidl_generator_cppExport.cmake
[12.129s] -- Installing: /root/ros_ws/src/Rescue_Car_ws/install/diagnostic_msgs/share/diagnostic_msgs/cmake/export_diagnostic_msgs__rosidl_typesupport_fastrtps_cppExport.cmake
[12.129s] -- Installing: /root/ros_ws/src/Rescue_Car_ws/install/diagnostic_msgs/share/diagnostic_msgs/cmake/export_diagnostic_msgs__rosidl_typesupport_fastrtps_cppExport-noconfig.cmake
[12.130s] -- Installing: /root/ros_ws/src/Rescue_Car_ws/install/diagnostic_msgs/share/diagnostic_msgs/cmake/diagnostic_msgs__rosidl_typesupport_introspection_cppExport.cmake
[12.130s] -- Installing: /root/ros_ws/src/Rescue_Car_ws/install/diagnostic_msgs/share/diagnostic_msgs/cmake/diagnostic_msgs__rosidl_typesupport_introspection_cppExport-noconfig.cmake
[12.130s] -- Installing: /root/ros_ws/src/Rescue_Car_ws/install/diagnostic_msgs/share/diagnostic_msgs/cmake/diagnostic_msgs__rosidl_typesupport_cppExport.cmake
[12.130s] -- Installing: /root/ros_ws/src/Rescue_Car_ws/install/diagnostic_msgs/share/diagnostic_msgs/cmake/diagnostic_msgs__rosidl_typesupport_cppExport-noconfig.cmake
[12.130s] -- Installing: /root/ros_ws/src/Rescue_Car_ws/install/diagnostic_msgs/share/diagnostic_msgs/cmake/export_diagnostic_msgs__rosidl_generator_pyExport.cmake
[12.130s] -- Installing: /root/ros_ws/src/Rescue_Car_ws/install/diagnostic_msgs/share/diagnostic_msgs/cmake/export_diagnostic_msgs__rosidl_generator_pyExport-noconfig.cmake
[12.130s] -- Installing: /root/ros_ws/src/Rescue_Car_ws/install/diagnostic_msgs/share/diagnostic_msgs/cmake/rosidl_cmake-extras.cmake
[12.130s] -- Installing: /root/ros_ws/src/Rescue_Car_ws/install/diagnostic_msgs/share/diagnostic_msgs/cmake/ament_cmake_export_dependencies-extras.cmake
[12.130s] -- Installing: /root/ros_ws/src/Rescue_Car_ws/install/diagnostic_msgs/share/diagnostic_msgs/cmake/ament_cmake_export_include_directories-extras.cmake
[12.131s] -- Installing: /root/ros_ws/src/Rescue_Car_ws/install/diagnostic_msgs/share/diagnostic_msgs/cmake/ament_cmake_export_libraries-extras.cmake
[12.131s] -- Installing: /root/ros_ws/src/Rescue_Car_ws/install/diagnostic_msgs/share/diagnostic_msgs/cmake/ament_cmake_export_targets-extras.cmake
[12.131s] -- Installing: /root/ros_ws/src/Rescue_Car_ws/install/diagnostic_msgs/share/diagnostic_msgs/cmake/rosidl_cmake_export_typesupport_targets-extras.cmake
[12.131s] -- Installing: /root/ros_ws/src/Rescue_Car_ws/install/diagnostic_msgs/share/diagnostic_msgs/cmake/rosidl_cmake_export_typesupport_libraries-extras.cmake
[12.131s] -- Installing: /root/ros_ws/src/Rescue_Car_ws/install/diagnostic_msgs/share/diagnostic_msgs/cmake/diagnostic_msgsConfig.cmake
[12.132s] -- Installing: /root/ros_ws/src/Rescue_Car_ws/install/diagnostic_msgs/share/diagnostic_msgs/cmake/diagnostic_msgsConfig-version.cmake
[12.132s] -- Installing: /root/ros_ws/src/Rescue_Car_ws/install/diagnostic_msgs/share/diagnostic_msgs/package.xml
[12.133s] Invoked command in '/root/ros_ws/src/Rescue_Car_ws/build/diagnostic_msgs' returned '0': AMENT_PREFIX_PATH=/root/ros_ws/src/Rescue_Car_ws/install/geometry_msgs:/root/ros_ws/src/Rescue_Car_ws/install/std_msgs:/root/ros_ws/src/Rescue_Car_ws/install/builtin_interfaces:${AMENT_PREFIX_PATH} CMAKE_PREFIX_PATH=/root/ros_ws/src/Rescue_Car_ws/install/geometry_msgs:/root/ros_ws/src/Rescue_Car_ws/install/std_msgs:/root/ros_ws/src/Rescue_Car_ws/install/builtin_interfaces:/opt/ros/humble LD_LIBRARY_PATH=/root/ros_ws/src/Rescue_Car_ws/install/geometry_msgs/lib:/root/ros_ws/src/Rescue_Car_ws/install/std_msgs/lib:/root/ros_ws/src/Rescue_Car_ws/install/builtin_interfaces/lib:${LD_LIBRARY_PATH} PYTHONPATH=/root/ros_ws/src/Rescue_Car_ws/install/geometry_msgs/local/lib/python3.10/dist-packages:/root/ros_ws/src/Rescue_Car_ws/install/std_msgs/local/lib/python3.10/dist-packages:/root/ros_ws/src/Rescue_Car_ws/install/builtin_interfaces/local/lib/python3.10/dist-packages:${PYTHONPATH} /usr/bin/cmake --install /root/ros_ws/src/Rescue_Car_ws/build/diagnostic_msgs
