[0.030s] Invoking command in '/root/ros_ws/src/Rescue_Car_ws/build/lifecycle_msgs': CMAKE_PREFIX_PATH=/opt/ros/humble /usr/bin/cmake /root/ros_ws/src/Rescue_Car_ws/src/microros/src/ros2/rcl_interfaces/lifecycle_msgs -DCMAKE_INSTALL_PREFIX=/root/ros_ws/src/Rescue_Car_ws/install/lifecycle_msgs
[0.205s] -- The C compiler identification is GNU 11.4.0
[0.807s] -- The CXX compiler identification is GNU 11.4.0
[1.166s] -- Detecting C compiler ABI info
[1.302s] -- Detecting C compiler ABI info - done
[1.306s] -- Check for working C compiler: /usr/bin/cc - skipped
[1.306s] -- Detecting C compile features
[1.307s] -- Detecting C compile features - done
[1.309s] -- Detecting CXX compiler ABI info
[1.468s] -- Detecting CXX compiler ABI info - done
[1.473s] -- Check for working CXX compiler: /usr/bin/c++ - skipped
[1.473s] -- Detecting CXX compile features
[1.473s] -- Detecting CXX compile features - done
[1.475s] -- Found ament_cmake: 1.3.12 (/opt/ros/humble/share/ament_cmake/cmake)
[1.597s] -- Found Python3: /usr/bin/python3 (found version "3.10.12") found components: Interpreter 
[1.666s] -- Found rosidl_default_generators: 1.2.0 (/opt/ros/humble/share/rosidl_default_generators/cmake)
[1.668s] -- Using all available rosidl_typesupport_c: rosidl_typesupport_fastrtps_c;rosidl_typesupport_introspection_c
[1.674s] -- Found rosidl_adapter: 3.1.7 (/opt/ros/humble/share/rosidl_adapter/cmake)
[1.872s] -- Using all available rosidl_typesupport_cpp: rosidl_typesupport_fastrtps_cpp;rosidl_typesupport_introspection_cpp
[2.144s] -- Found ament_cmake_cppcheck: 0.12.14 (/opt/ros/humble/share/ament_cmake_cppcheck/cmake)
[2.146s] -- Found ament_cmake_cpplint: 0.12.14 (/opt/ros/humble/share/ament_cmake_cpplint/cmake)
[2.147s] -- Found ament_cmake_uncrustify: 0.12.14 (/opt/ros/humble/share/ament_cmake_uncrustify/cmake)
[2.149s] -- Found ament_cmake_ros: 0.10.0 (/opt/ros/humble/share/ament_cmake_ros/cmake)
[2.301s] -- Using all available rosidl_typesupport_c: rosidl_typesupport_fastrtps_c;rosidl_typesupport_introspection_c
[2.521s] -- Using all available rosidl_typesupport_cpp: rosidl_typesupport_fastrtps_cpp;rosidl_typesupport_introspection_cpp
[2.658s] -- Found PythonInterp: /usr/bin/python3 (found suitable version "3.10.12", minimum required is "3.6") 
[2.659s] -- Found python_cmake_module: 0.10.0 (/opt/ros/humble/share/python_cmake_module/cmake)
[3.135s] -- Found PythonLibs: /usr/lib/x86_64-linux-gnu/libpython3.10.so (found suitable version "3.10.12", minimum required is "3.5") 
[3.135s] -- Using PYTHON_EXECUTABLE: /usr/bin/python3
[3.135s] -- Using PYTHON_INCLUDE_DIRS: /usr/include/python3.10
[3.135s] -- Using PYTHON_LIBRARIES: /usr/lib/x86_64-linux-gnu/libpython3.10.so
[3.158s] -- Found PythonExtra: .so  
[3.283s] -- Found ament_cmake_flake8: 0.12.14 (/opt/ros/humble/share/ament_cmake_flake8/cmake)
[3.283s] -- Found ament_cmake_pep257: 0.12.14 (/opt/ros/humble/share/ament_cmake_pep257/cmake)
[3.291s] -- Found ament_lint_auto: 0.12.14 (/opt/ros/humble/share/ament_lint_auto/cmake)
[3.311s] -- Added test 'copyright' to check source files copyright and LICENSE
[3.313s] -- Added test 'lint_cmake' to check CMake code style
[3.314s] -- Added test 'xmllint' to check XML markup files
[3.320s] -- Configuring done
[3.391s] -- Generating done
[3.407s] -- Build files have been written to: /root/ros_ws/src/Rescue_Car_ws/build/lifecycle_msgs
[3.417s] Invoked command in '/root/ros_ws/src/Rescue_Car_ws/build/lifecycle_msgs' returned '0': CMAKE_PREFIX_PATH=/opt/ros/humble /usr/bin/cmake /root/ros_ws/src/Rescue_Car_ws/src/microros/src/ros2/rcl_interfaces/lifecycle_msgs -DCMAKE_INSTALL_PREFIX=/root/ros_ws/src/Rescue_Car_ws/install/lifecycle_msgs
[3.419s] Invoking command in '/root/ros_ws/src/Rescue_Car_ws/build/lifecycle_msgs': CMAKE_PREFIX_PATH=/opt/ros/humble /usr/bin/cmake --build /root/ros_ws/src/Rescue_Car_ws/build/lifecycle_msgs -- -j20 -l20
[3.471s] [  1%] [34m[1mGenerating C code for ROS interfaces[0m
[3.483s] [  2%] [34m[1mGenerating C++ code for ROS interfaces[0m
[3.495s] [  2%] Built target ament_cmake_python_copy_lifecycle_msgs
[4.007s] running egg_info
[4.008s] creating lifecycle_msgs.egg-info
[4.010s] writing lifecycle_msgs.egg-info/PKG-INFO
[4.011s] writing dependency_links to lifecycle_msgs.egg-info/dependency_links.txt
[4.014s] writing top-level names to lifecycle_msgs.egg-info/top_level.txt
[4.014s] writing manifest file 'lifecycle_msgs.egg-info/SOURCES.txt'
[4.015s] reading manifest file 'lifecycle_msgs.egg-info/SOURCES.txt'
[4.016s] writing manifest file 'lifecycle_msgs.egg-info/SOURCES.txt'
[4.095s] [  2%] Built target ament_cmake_python_build_lifecycle_msgs_egg
[5.643s] [  2%] Built target lifecycle_msgs__cpp
[5.670s] [  3%] [34m[1mGenerating C++ type support dispatch for ROS interfaces[0m
[5.670s] [  4%] [34m[1mGenerating C++ type support for eProsima Fast-RTPS[0m
[5.671s] [  5%] [34m[1mGenerating C++ introspection for ROS interfaces[0m
[5.749s] [  6%] [32mBuilding C object CMakeFiles/lifecycle_msgs__rosidl_generator_c.dir/rosidl_generator_c/lifecycle_msgs/msg/detail/state__functions.c.o[0m
[5.754s] [  8%] [32mBuilding C object CMakeFiles/lifecycle_msgs__rosidl_generator_c.dir/rosidl_generator_c/lifecycle_msgs/msg/detail/transition__functions.c.o[0m
[5.758s] [  9%] [32mBuilding C object CMakeFiles/lifecycle_msgs__rosidl_generator_c.dir/rosidl_generator_c/lifecycle_msgs/msg/detail/transition_description__functions.c.o[0m
[5.776s] [ 10%] [32mBuilding C object CMakeFiles/lifecycle_msgs__rosidl_generator_c.dir/rosidl_generator_c/lifecycle_msgs/msg/detail/transition_event__functions.c.o[0m
[5.777s] [ 11%] [32mBuilding C object CMakeFiles/lifecycle_msgs__rosidl_generator_c.dir/rosidl_generator_c/lifecycle_msgs/srv/detail/change_state__functions.c.o[0m
[5.781s] [ 12%] [32mBuilding C object CMakeFiles/lifecycle_msgs__rosidl_generator_c.dir/rosidl_generator_c/lifecycle_msgs/srv/detail/get_available_states__functions.c.o[0m
[5.803s] [ 13%] [32mBuilding C object CMakeFiles/lifecycle_msgs__rosidl_generator_c.dir/rosidl_generator_c/lifecycle_msgs/srv/detail/get_available_transitions__functions.c.o[0m
[5.835s] [ 14%] [32mBuilding C object CMakeFiles/lifecycle_msgs__rosidl_generator_c.dir/rosidl_generator_c/lifecycle_msgs/srv/detail/get_state__functions.c.o[0m
[5.921s] [ 16%] [32m[1mLinking C shared library liblifecycle_msgs__rosidl_generator_c.so[0m
[6.057s] [ 16%] Built target lifecycle_msgs__rosidl_generator_c
[6.066s] [ 17%] [34m[1mGenerating C type support for eProsima Fast-RTPS[0m
[6.066s] [ 18%] [34m[1mGenerating C type support dispatch for ROS interfaces[0m
[6.067s] [ 19%] [34m[1mGenerating C introspection for ROS interfaces[0m
[6.656s] [ 20%] [32mBuilding CXX object CMakeFiles/lifecycle_msgs__rosidl_typesupport_cpp.dir/rosidl_typesupport_cpp/lifecycle_msgs/msg/transition_event__type_support.cpp.o[0m
[6.656s] [ 21%] [32mBuilding CXX object CMakeFiles/lifecycle_msgs__rosidl_typesupport_cpp.dir/rosidl_typesupport_cpp/lifecycle_msgs/msg/transition__type_support.cpp.o[0m
[6.657s] [ 22%] [32mBuilding CXX object CMakeFiles/lifecycle_msgs__rosidl_typesupport_cpp.dir/rosidl_typesupport_cpp/lifecycle_msgs/msg/state__type_support.cpp.o[0m
[6.657s] [ 24%] [32mBuilding CXX object CMakeFiles/lifecycle_msgs__rosidl_typesupport_cpp.dir/rosidl_typesupport_cpp/lifecycle_msgs/msg/transition_description__type_support.cpp.o[0m
[6.661s] [ 25%] [32mBuilding CXX object CMakeFiles/lifecycle_msgs__rosidl_typesupport_cpp.dir/rosidl_typesupport_cpp/lifecycle_msgs/srv/get_available_states__type_support.cpp.o[0m
[6.662s] [ 26%] [32mBuilding CXX object CMakeFiles/lifecycle_msgs__rosidl_typesupport_cpp.dir/rosidl_typesupport_cpp/lifecycle_msgs/srv/change_state__type_support.cpp.o[0m
[6.665s] [ 27%] [32mBuilding CXX object CMakeFiles/lifecycle_msgs__rosidl_typesupport_cpp.dir/rosidl_typesupport_cpp/lifecycle_msgs/srv/get_state__type_support.cpp.o[0m
[6.668s] [ 28%] [32mBuilding CXX object CMakeFiles/lifecycle_msgs__rosidl_typesupport_cpp.dir/rosidl_typesupport_cpp/lifecycle_msgs/srv/get_available_transitions__type_support.cpp.o[0m
[6.822s] [ 29%] [32mBuilding CXX object CMakeFiles/lifecycle_msgs__rosidl_typesupport_introspection_cpp.dir/rosidl_typesupport_introspection_cpp/lifecycle_msgs/msg/detail/state__type_support.cpp.o[0m
[6.826s] [ 31%] [32mBuilding CXX object CMakeFiles/lifecycle_msgs__rosidl_typesupport_introspection_cpp.dir/rosidl_typesupport_introspection_cpp/lifecycle_msgs/msg/detail/transition_description__type_support.cpp.o[0m
[6.827s] [ 32%] [32mBuilding CXX object CMakeFiles/lifecycle_msgs__rosidl_typesupport_introspection_cpp.dir/rosidl_typesupport_introspection_cpp/lifecycle_msgs/msg/detail/transition__type_support.cpp.o[0m
[6.829s] [ 33%] [32mBuilding CXX object CMakeFiles/lifecycle_msgs__rosidl_typesupport_introspection_cpp.dir/rosidl_typesupport_introspection_cpp/lifecycle_msgs/msg/detail/transition_event__type_support.cpp.o[0m
[6.835s] [ 34%] [32mBuilding CXX object CMakeFiles/lifecycle_msgs__rosidl_typesupport_introspection_cpp.dir/rosidl_typesupport_introspection_cpp/lifecycle_msgs/srv/detail/change_state__type_support.cpp.o[0m
[6.836s] [ 35%] [32mBuilding CXX object CMakeFiles/lifecycle_msgs__rosidl_typesupport_introspection_cpp.dir/rosidl_typesupport_introspection_cpp/lifecycle_msgs/srv/detail/get_available_transitions__type_support.cpp.o[0m
[6.836s] [ 36%] [32mBuilding CXX object CMakeFiles/lifecycle_msgs__rosidl_typesupport_introspection_cpp.dir/rosidl_typesupport_introspection_cpp/lifecycle_msgs/srv/detail/get_available_states__type_support.cpp.o[0m
[6.842s] [ 37%] [32mBuilding CXX object CMakeFiles/lifecycle_msgs__rosidl_typesupport_introspection_cpp.dir/rosidl_typesupport_introspection_cpp/lifecycle_msgs/srv/detail/get_state__type_support.cpp.o[0m
[7.053s] [ 39%] [32mBuilding CXX object CMakeFiles/lifecycle_msgs__rosidl_typesupport_fastrtps_cpp.dir/rosidl_typesupport_fastrtps_cpp/lifecycle_msgs/msg/detail/dds_fastrtps/transition__type_support.cpp.o[0m
[7.057s] [ 40%] [32mBuilding CXX object CMakeFiles/lifecycle_msgs__rosidl_typesupport_fastrtps_cpp.dir/rosidl_typesupport_fastrtps_cpp/lifecycle_msgs/msg/detail/dds_fastrtps/state__type_support.cpp.o[0m
[7.058s] [ 41%] [32mBuilding CXX object CMakeFiles/lifecycle_msgs__rosidl_typesupport_fastrtps_cpp.dir/rosidl_typesupport_fastrtps_cpp/lifecycle_msgs/msg/detail/dds_fastrtps/transition_event__type_support.cpp.o[0m
[7.063s] [ 43%] [32mBuilding CXX object CMakeFiles/lifecycle_msgs__rosidl_typesupport_fastrtps_cpp.dir/rosidl_typesupport_fastrtps_cpp/lifecycle_msgs/msg/detail/dds_fastrtps/transition_description__type_support.cpp.o[0m
[7.065s] [ 44%] [32mBuilding CXX object CMakeFiles/lifecycle_msgs__rosidl_typesupport_fastrtps_cpp.dir/rosidl_typesupport_fastrtps_cpp/lifecycle_msgs/srv/detail/dds_fastrtps/get_available_transitions__type_support.cpp.o[0m
[7.067s] [ 44%] [32mBuilding CXX object CMakeFiles/lifecycle_msgs__rosidl_typesupport_fastrtps_cpp.dir/rosidl_typesupport_fastrtps_cpp/lifecycle_msgs/srv/detail/dds_fastrtps/change_state__type_support.cpp.o[0m
[7.078s] [ 45%] [32mBuilding CXX object CMakeFiles/lifecycle_msgs__rosidl_typesupport_fastrtps_cpp.dir/rosidl_typesupport_fastrtps_cpp/lifecycle_msgs/srv/detail/dds_fastrtps/get_available_states__type_support.cpp.o[0m
[7.138s] [ 47%] [32mBuilding CXX object CMakeFiles/lifecycle_msgs__rosidl_typesupport_fastrtps_cpp.dir/rosidl_typesupport_fastrtps_cpp/lifecycle_msgs/srv/detail/dds_fastrtps/get_state__type_support.cpp.o[0m
[7.241s] [ 48%] [32mBuilding CXX object CMakeFiles/lifecycle_msgs__rosidl_typesupport_c.dir/rosidl_typesupport_c/lifecycle_msgs/msg/state__type_support.cpp.o[0m
[7.241s] [ 49%] [32m[1mLinking CXX shared library liblifecycle_msgs__rosidl_typesupport_cpp.so[0m
[7.328s] [ 50%] [32mBuilding CXX object CMakeFiles/lifecycle_msgs__rosidl_typesupport_c.dir/rosidl_typesupport_c/lifecycle_msgs/msg/transition__type_support.cpp.o[0m
[7.396s] [ 51%] [32mBuilding CXX object CMakeFiles/lifecycle_msgs__rosidl_typesupport_c.dir/rosidl_typesupport_c/lifecycle_msgs/msg/transition_description__type_support.cpp.o[0m
[7.402s] [ 52%] [32mBuilding CXX object CMakeFiles/lifecycle_msgs__rosidl_typesupport_c.dir/rosidl_typesupport_c/lifecycle_msgs/srv/change_state__type_support.cpp.o[0m
[7.403s] [ 54%] [32mBuilding CXX object CMakeFiles/lifecycle_msgs__rosidl_typesupport_c.dir/rosidl_typesupport_c/lifecycle_msgs/msg/transition_event__type_support.cpp.o[0m
[7.423s] [ 55%] [32mBuilding CXX object CMakeFiles/lifecycle_msgs__rosidl_typesupport_c.dir/rosidl_typesupport_c/lifecycle_msgs/srv/get_available_states__type_support.cpp.o[0m
[7.432s] [ 56%] [32mBuilding CXX object CMakeFiles/lifecycle_msgs__rosidl_typesupport_c.dir/rosidl_typesupport_c/lifecycle_msgs/srv/get_available_transitions__type_support.cpp.o[0m
[7.454s] [ 57%] [32mBuilding CXX object CMakeFiles/lifecycle_msgs__rosidl_typesupport_c.dir/rosidl_typesupport_c/lifecycle_msgs/srv/get_state__type_support.cpp.o[0m
[7.511s] [ 58%] [32mBuilding C object CMakeFiles/lifecycle_msgs__rosidl_typesupport_introspection_c.dir/rosidl_typesupport_introspection_c/lifecycle_msgs/msg/detail/transition_description__type_support.c.o[0m
[7.511s] [ 59%] [32mBuilding C object CMakeFiles/lifecycle_msgs__rosidl_typesupport_introspection_c.dir/rosidl_typesupport_introspection_c/lifecycle_msgs/srv/detail/change_state__type_support.c.o[0m
[7.512s] [ 60%] [32m[1mLinking CXX shared library liblifecycle_msgs__rosidl_typesupport_c.so[0m
[7.512s] [ 62%] [32mBuilding C object CMakeFiles/lifecycle_msgs__rosidl_typesupport_introspection_c.dir/rosidl_typesupport_introspection_c/lifecycle_msgs/msg/detail/transition_event__type_support.c.o[0m
[7.513s] [ 63%] [32mBuilding C object CMakeFiles/lifecycle_msgs__rosidl_typesupport_introspection_c.dir/rosidl_typesupport_introspection_c/lifecycle_msgs/msg/detail/transition__type_support.c.o[0m
[7.519s] [ 64%] [32mBuilding C object CMakeFiles/lifecycle_msgs__rosidl_typesupport_introspection_c.dir/rosidl_typesupport_introspection_c/lifecycle_msgs/msg/detail/state__type_support.c.o[0m
[7.533s] [ 65%] [32m[1mLinking CXX shared library liblifecycle_msgs__rosidl_typesupport_introspection_cpp.so[0m
[7.549s] [ 66%] [32mBuilding C object CMakeFiles/lifecycle_msgs__rosidl_typesupport_introspection_c.dir/rosidl_typesupport_introspection_c/lifecycle_msgs/srv/detail/get_available_transitions__type_support.c.o[0m
[7.552s] [ 67%] [32mBuilding C object CMakeFiles/lifecycle_msgs__rosidl_typesupport_introspection_c.dir/rosidl_typesupport_introspection_c/lifecycle_msgs/srv/detail/get_available_states__type_support.c.o[0m
[7.555s] [ 68%] [32mBuilding C object CMakeFiles/lifecycle_msgs__rosidl_typesupport_introspection_c.dir/rosidl_typesupport_introspection_c/lifecycle_msgs/srv/detail/get_state__type_support.c.o[0m
[7.577s] [ 70%] [32mBuilding CXX object CMakeFiles/lifecycle_msgs__rosidl_typesupport_fastrtps_c.dir/rosidl_typesupport_fastrtps_c/lifecycle_msgs/msg/detail/transition_event__type_support_c.cpp.o[0m
[7.581s] [ 71%] [32mBuilding CXX object CMakeFiles/lifecycle_msgs__rosidl_typesupport_fastrtps_c.dir/rosidl_typesupport_fastrtps_c/lifecycle_msgs/msg/detail/transition_description__type_support_c.cpp.o[0m
[7.583s] [ 72%] [32mBuilding CXX object CMakeFiles/lifecycle_msgs__rosidl_typesupport_fastrtps_c.dir/rosidl_typesupport_fastrtps_c/lifecycle_msgs/msg/detail/transition__type_support_c.cpp.o[0m
[7.583s] [ 73%] [32mBuilding CXX object CMakeFiles/lifecycle_msgs__rosidl_typesupport_fastrtps_c.dir/rosidl_typesupport_fastrtps_c/lifecycle_msgs/msg/detail/state__type_support_c.cpp.o[0m
[7.595s] [ 74%] [32mBuilding CXX object CMakeFiles/lifecycle_msgs__rosidl_typesupport_fastrtps_c.dir/rosidl_typesupport_fastrtps_c/lifecycle_msgs/srv/detail/change_state__type_support_c.cpp.o[0m
[7.595s] [ 75%] [32mBuilding CXX object CMakeFiles/lifecycle_msgs__rosidl_typesupport_fastrtps_c.dir/rosidl_typesupport_fastrtps_c/lifecycle_msgs/srv/detail/get_available_states__type_support_c.cpp.o[0m
[7.601s] [ 77%] [32mBuilding CXX object CMakeFiles/lifecycle_msgs__rosidl_typesupport_fastrtps_c.dir/rosidl_typesupport_fastrtps_c/lifecycle_msgs/srv/detail/get_available_transitions__type_support_c.cpp.o[0m
[7.615s] [ 78%] [32mBuilding CXX object CMakeFiles/lifecycle_msgs__rosidl_typesupport_fastrtps_c.dir/rosidl_typesupport_fastrtps_c/lifecycle_msgs/srv/detail/get_state__type_support_c.cpp.o[0m
[7.622s] [ 79%] [32m[1mLinking C shared library liblifecycle_msgs__rosidl_typesupport_introspection_c.so[0m
[7.871s] [ 79%] Built target lifecycle_msgs__rosidl_typesupport_cpp
[7.901s] [ 80%] [32m[1mLinking CXX shared library liblifecycle_msgs__rosidl_typesupport_fastrtps_cpp.so[0m
[7.955s] [ 80%] Built target lifecycle_msgs__rosidl_typesupport_introspection_cpp
[7.997s] [ 80%] Built target lifecycle_msgs__rosidl_typesupport_introspection_c
[8.019s] [ 80%] Built target lifecycle_msgs__rosidl_typesupport_c
[8.071s] [ 81%] [32m[1mLinking CXX shared library liblifecycle_msgs__rosidl_typesupport_fastrtps_c.so[0m
[8.143s] [ 81%] Built target lifecycle_msgs__rosidl_typesupport_fastrtps_cpp
[8.224s] [ 81%] Built target lifecycle_msgs__rosidl_typesupport_fastrtps_c
[8.247s] [ 81%] Built target lifecycle_msgs
[8.265s] [ 82%] [34m[1mGenerating Python code for ROS interfaces[0m
[9.824s] [ 82%] Built target lifecycle_msgs__py
[9.841s] [ 85%] [32mBuilding C object CMakeFiles/lifecycle_msgs__rosidl_generator_py.dir/rosidl_generator_py/lifecycle_msgs/msg/_state_s.c.o[0m
[9.841s] [ 85%] [32mBuilding C object CMakeFiles/lifecycle_msgs__rosidl_generator_py.dir/rosidl_generator_py/lifecycle_msgs/msg/_transition_description_s.c.o[0m
[9.843s] [ 87%] [32mBuilding C object CMakeFiles/lifecycle_msgs__rosidl_generator_py.dir/rosidl_generator_py/lifecycle_msgs/srv/_get_available_transitions_s.c.o[0m
[9.843s] [ 87%] [32mBuilding C object CMakeFiles/lifecycle_msgs__rosidl_generator_py.dir/rosidl_generator_py/lifecycle_msgs/srv/_get_state_s.c.o[0m
[9.843s] [ 88%] [32mBuilding C object CMakeFiles/lifecycle_msgs__rosidl_generator_py.dir/rosidl_generator_py/lifecycle_msgs/msg/_transition_s.c.o[0m
[9.843s] [ 89%] [32mBuilding C object CMakeFiles/lifecycle_msgs__rosidl_generator_py.dir/rosidl_generator_py/lifecycle_msgs/srv/_get_available_states_s.c.o[0m
[9.843s] [ 90%] [32mBuilding C object CMakeFiles/lifecycle_msgs__rosidl_generator_py.dir/rosidl_generator_py/lifecycle_msgs/msg/_transition_event_s.c.o[0m
[9.843s] [ 91%] [32mBuilding C object CMakeFiles/lifecycle_msgs__rosidl_generator_py.dir/rosidl_generator_py/lifecycle_msgs/srv/_change_state_s.c.o[0m
[9.959s] [ 93%] [32m[1mLinking C shared library rosidl_generator_py/lifecycle_msgs/liblifecycle_msgs__rosidl_generator_py.so[0m
[10.134s] [ 93%] Built target lifecycle_msgs__rosidl_generator_py
[10.154s] [ 95%] [32mBuilding C object CMakeFiles/lifecycle_msgs__rosidl_typesupport_introspection_c__pyext.dir/rosidl_generator_py/lifecycle_msgs/_lifecycle_msgs_s.ep.rosidl_typesupport_introspection_c.c.o[0m
[10.154s] [ 95%] [32mBuilding C object CMakeFiles/lifecycle_msgs__rosidl_typesupport_fastrtps_c__pyext.dir/rosidl_generator_py/lifecycle_msgs/_lifecycle_msgs_s.ep.rosidl_typesupport_fastrtps_c.c.o[0m
[10.154s] [ 96%] [32mBuilding C object CMakeFiles/lifecycle_msgs__rosidl_typesupport_c__pyext.dir/rosidl_generator_py/lifecycle_msgs/_lifecycle_msgs_s.ep.rosidl_typesupport_c.c.o[0m
[10.273s] [ 97%] [32m[1mLinking C shared library rosidl_generator_py/lifecycle_msgs/lifecycle_msgs_s__rosidl_typesupport_introspection_c.cpython-310-x86_64-linux-gnu.so[0m
[10.280s] [ 98%] [32m[1mLinking C shared library rosidl_generator_py/lifecycle_msgs/lifecycle_msgs_s__rosidl_typesupport_c.cpython-310-x86_64-linux-gnu.so[0m
[10.282s] [100%] [32m[1mLinking C shared library rosidl_generator_py/lifecycle_msgs/lifecycle_msgs_s__rosidl_typesupport_fastrtps_c.cpython-310-x86_64-linux-gnu.so[0m
[10.384s] [100%] Built target lifecycle_msgs__rosidl_typesupport_c__pyext
[10.387s] [100%] Built target lifecycle_msgs__rosidl_typesupport_introspection_c__pyext
[10.411s] [100%] Built target lifecycle_msgs__rosidl_typesupport_fastrtps_c__pyext
[10.426s] Invoked command in '/root/ros_ws/src/Rescue_Car_ws/build/lifecycle_msgs' returned '0': CMAKE_PREFIX_PATH=/opt/ros/humble /usr/bin/cmake --build /root/ros_ws/src/Rescue_Car_ws/build/lifecycle_msgs -- -j20 -l20
[10.429s] Invoking command in '/root/ros_ws/src/Rescue_Car_ws/build/lifecycle_msgs': CMAKE_PREFIX_PATH=/opt/ros/humble /usr/bin/cmake --install /root/ros_ws/src/Rescue_Car_ws/build/lifecycle_msgs
[10.435s] -- Install configuration: ""
[10.436s] -- Installing: /root/ros_ws/src/Rescue_Car_ws/install/lifecycle_msgs/share/ament_index/resource_index/rosidl_interfaces/lifecycle_msgs
[10.437s] -- Installing: /root/ros_ws/src/Rescue_Car_ws/install/lifecycle_msgs/include/lifecycle_msgs/lifecycle_msgs
[10.437s] -- Installing: /root/ros_ws/src/Rescue_Car_ws/install/lifecycle_msgs/include/lifecycle_msgs/lifecycle_msgs/srv
[10.437s] -- Installing: /root/ros_ws/src/Rescue_Car_ws/install/lifecycle_msgs/include/lifecycle_msgs/lifecycle_msgs/srv/get_available_states.h
[10.438s] -- Installing: /root/ros_ws/src/Rescue_Car_ws/install/lifecycle_msgs/include/lifecycle_msgs/lifecycle_msgs/srv/change_state.h
[10.438s] -- Installing: /root/ros_ws/src/Rescue_Car_ws/install/lifecycle_msgs/include/lifecycle_msgs/lifecycle_msgs/srv/get_available_transitions.h
[10.438s] -- Installing: /root/ros_ws/src/Rescue_Car_ws/install/lifecycle_msgs/include/lifecycle_msgs/lifecycle_msgs/srv/detail
[10.438s] -- Installing: /root/ros_ws/src/Rescue_Car_ws/install/lifecycle_msgs/include/lifecycle_msgs/lifecycle_msgs/srv/detail/get_available_transitions__struct.h
[10.438s] -- Installing: /root/ros_ws/src/Rescue_Car_ws/install/lifecycle_msgs/include/lifecycle_msgs/lifecycle_msgs/srv/detail/change_state__struct.h
[10.439s] -- Installing: /root/ros_ws/src/Rescue_Car_ws/install/lifecycle_msgs/include/lifecycle_msgs/lifecycle_msgs/srv/detail/change_state__type_support.h
[10.439s] -- Installing: /root/ros_ws/src/Rescue_Car_ws/install/lifecycle_msgs/include/lifecycle_msgs/lifecycle_msgs/srv/detail/get_available_transitions__functions.h
[10.439s] -- Installing: /root/ros_ws/src/Rescue_Car_ws/install/lifecycle_msgs/include/lifecycle_msgs/lifecycle_msgs/srv/detail/change_state__functions.h
[10.439s] -- Installing: /root/ros_ws/src/Rescue_Car_ws/install/lifecycle_msgs/include/lifecycle_msgs/lifecycle_msgs/srv/detail/get_available_transitions__functions.c
[10.439s] -- Installing: /root/ros_ws/src/Rescue_Car_ws/install/lifecycle_msgs/include/lifecycle_msgs/lifecycle_msgs/srv/detail/get_state__functions.c
[10.440s] -- Installing: /root/ros_ws/src/Rescue_Car_ws/install/lifecycle_msgs/include/lifecycle_msgs/lifecycle_msgs/srv/detail/change_state__functions.c
[10.440s] -- Installing: /root/ros_ws/src/Rescue_Car_ws/install/lifecycle_msgs/include/lifecycle_msgs/lifecycle_msgs/srv/detail/get_available_states__functions.c
[10.440s] -- Installing: /root/ros_ws/src/Rescue_Car_ws/install/lifecycle_msgs/include/lifecycle_msgs/lifecycle_msgs/srv/detail/get_available_states__type_support.h
[10.440s] -- Installing: /root/ros_ws/src/Rescue_Car_ws/install/lifecycle_msgs/include/lifecycle_msgs/lifecycle_msgs/srv/detail/get_available_states__struct.h
[10.440s] -- Installing: /root/ros_ws/src/Rescue_Car_ws/install/lifecycle_msgs/include/lifecycle_msgs/lifecycle_msgs/srv/detail/get_available_transitions__type_support.h
[10.441s] -- Installing: /root/ros_ws/src/Rescue_Car_ws/install/lifecycle_msgs/include/lifecycle_msgs/lifecycle_msgs/srv/detail/get_state__struct.h
[10.441s] -- Installing: /root/ros_ws/src/Rescue_Car_ws/install/lifecycle_msgs/include/lifecycle_msgs/lifecycle_msgs/srv/detail/get_available_states__functions.h
[10.441s] -- Installing: /root/ros_ws/src/Rescue_Car_ws/install/lifecycle_msgs/include/lifecycle_msgs/lifecycle_msgs/srv/detail/get_state__functions.h
[10.441s] -- Installing: /root/ros_ws/src/Rescue_Car_ws/install/lifecycle_msgs/include/lifecycle_msgs/lifecycle_msgs/srv/detail/get_state__type_support.h
[10.441s] -- Installing: /root/ros_ws/src/Rescue_Car_ws/install/lifecycle_msgs/include/lifecycle_msgs/lifecycle_msgs/srv/get_state.h
[10.441s] -- Installing: /root/ros_ws/src/Rescue_Car_ws/install/lifecycle_msgs/include/lifecycle_msgs/lifecycle_msgs/msg
[10.441s] -- Installing: /root/ros_ws/src/Rescue_Car_ws/install/lifecycle_msgs/include/lifecycle_msgs/lifecycle_msgs/msg/transition.h
[10.442s] -- Installing: /root/ros_ws/src/Rescue_Car_ws/install/lifecycle_msgs/include/lifecycle_msgs/lifecycle_msgs/msg/state.h
[10.442s] -- Installing: /root/ros_ws/src/Rescue_Car_ws/install/lifecycle_msgs/include/lifecycle_msgs/lifecycle_msgs/msg/transition_event.h
[10.442s] -- Installing: /root/ros_ws/src/Rescue_Car_ws/install/lifecycle_msgs/include/lifecycle_msgs/lifecycle_msgs/msg/detail
[10.442s] -- Installing: /root/ros_ws/src/Rescue_Car_ws/install/lifecycle_msgs/include/lifecycle_msgs/lifecycle_msgs/msg/detail/transition__functions.h
[10.442s] -- Installing: /root/ros_ws/src/Rescue_Car_ws/install/lifecycle_msgs/include/lifecycle_msgs/lifecycle_msgs/msg/detail/state__functions.h
[10.442s] -- Installing: /root/ros_ws/src/Rescue_Car_ws/install/lifecycle_msgs/include/lifecycle_msgs/lifecycle_msgs/msg/detail/transition__functions.c
[10.442s] -- Installing: /root/ros_ws/src/Rescue_Car_ws/install/lifecycle_msgs/include/lifecycle_msgs/lifecycle_msgs/msg/detail/transition__type_support.h
[10.442s] -- Installing: /root/ros_ws/src/Rescue_Car_ws/install/lifecycle_msgs/include/lifecycle_msgs/lifecycle_msgs/msg/detail/transition_description__functions.c
[10.442s] -- Installing: /root/ros_ws/src/Rescue_Car_ws/install/lifecycle_msgs/include/lifecycle_msgs/lifecycle_msgs/msg/detail/transition_event__type_support.h
[10.443s] -- Installing: /root/ros_ws/src/Rescue_Car_ws/install/lifecycle_msgs/include/lifecycle_msgs/lifecycle_msgs/msg/detail/state__struct.h
[10.443s] -- Installing: /root/ros_ws/src/Rescue_Car_ws/install/lifecycle_msgs/include/lifecycle_msgs/lifecycle_msgs/msg/detail/state__type_support.h
[10.443s] -- Installing: /root/ros_ws/src/Rescue_Car_ws/install/lifecycle_msgs/include/lifecycle_msgs/lifecycle_msgs/msg/detail/transition__struct.h
[10.443s] -- Installing: /root/ros_ws/src/Rescue_Car_ws/install/lifecycle_msgs/include/lifecycle_msgs/lifecycle_msgs/msg/detail/transition_description__type_support.h
[10.443s] -- Installing: /root/ros_ws/src/Rescue_Car_ws/install/lifecycle_msgs/include/lifecycle_msgs/lifecycle_msgs/msg/detail/transition_event__struct.h
[10.443s] -- Installing: /root/ros_ws/src/Rescue_Car_ws/install/lifecycle_msgs/include/lifecycle_msgs/lifecycle_msgs/msg/detail/transition_description__functions.h
[10.443s] -- Installing: /root/ros_ws/src/Rescue_Car_ws/install/lifecycle_msgs/include/lifecycle_msgs/lifecycle_msgs/msg/detail/transition_description__struct.h
[10.443s] -- Installing: /root/ros_ws/src/Rescue_Car_ws/install/lifecycle_msgs/include/lifecycle_msgs/lifecycle_msgs/msg/detail/transition_event__functions.c
[10.443s] -- Installing: /root/ros_ws/src/Rescue_Car_ws/install/lifecycle_msgs/include/lifecycle_msgs/lifecycle_msgs/msg/detail/state__functions.c
[10.444s] -- Installing: /root/ros_ws/src/Rescue_Car_ws/install/lifecycle_msgs/include/lifecycle_msgs/lifecycle_msgs/msg/detail/transition_event__functions.h
[10.444s] -- Installing: /root/ros_ws/src/Rescue_Car_ws/install/lifecycle_msgs/include/lifecycle_msgs/lifecycle_msgs/msg/rosidl_generator_c__visibility_control.h
[10.444s] -- Installing: /root/ros_ws/src/Rescue_Car_ws/install/lifecycle_msgs/include/lifecycle_msgs/lifecycle_msgs/msg/transition_description.h
[10.444s] -- Installing: /root/ros_ws/src/Rescue_Car_ws/install/lifecycle_msgs/share/lifecycle_msgs/environment/library_path.sh
[10.444s] -- Installing: /root/ros_ws/src/Rescue_Car_ws/install/lifecycle_msgs/share/lifecycle_msgs/environment/library_path.dsv
[10.444s] -- Installing: /root/ros_ws/src/Rescue_Car_ws/install/lifecycle_msgs/lib/liblifecycle_msgs__rosidl_generator_c.so
[10.445s] -- Set runtime path of "/root/ros_ws/src/Rescue_Car_ws/install/lifecycle_msgs/lib/liblifecycle_msgs__rosidl_generator_c.so" to ""
[10.445s] -- Up-to-date: /root/ros_ws/src/Rescue_Car_ws/install/lifecycle_msgs/include/lifecycle_msgs/lifecycle_msgs
[10.445s] -- Up-to-date: /root/ros_ws/src/Rescue_Car_ws/install/lifecycle_msgs/include/lifecycle_msgs/lifecycle_msgs/srv
[10.445s] -- Up-to-date: /root/ros_ws/src/Rescue_Car_ws/install/lifecycle_msgs/include/lifecycle_msgs/lifecycle_msgs/srv/detail
[10.445s] -- Installing: /root/ros_ws/src/Rescue_Car_ws/install/lifecycle_msgs/include/lifecycle_msgs/lifecycle_msgs/srv/detail/change_state__rosidl_typesupport_fastrtps_c.h
[10.446s] -- Installing: /root/ros_ws/src/Rescue_Car_ws/install/lifecycle_msgs/include/lifecycle_msgs/lifecycle_msgs/srv/detail/get_available_states__rosidl_typesupport_fastrtps_c.h
[10.446s] -- Installing: /root/ros_ws/src/Rescue_Car_ws/install/lifecycle_msgs/include/lifecycle_msgs/lifecycle_msgs/srv/detail/get_state__rosidl_typesupport_fastrtps_c.h
[10.446s] -- Installing: /root/ros_ws/src/Rescue_Car_ws/install/lifecycle_msgs/include/lifecycle_msgs/lifecycle_msgs/srv/detail/get_available_transitions__rosidl_typesupport_fastrtps_c.h
[10.446s] -- Up-to-date: /root/ros_ws/src/Rescue_Car_ws/install/lifecycle_msgs/include/lifecycle_msgs/lifecycle_msgs/msg
[10.446s] -- Up-to-date: /root/ros_ws/src/Rescue_Car_ws/install/lifecycle_msgs/include/lifecycle_msgs/lifecycle_msgs/msg/detail
[10.447s] -- Installing: /root/ros_ws/src/Rescue_Car_ws/install/lifecycle_msgs/include/lifecycle_msgs/lifecycle_msgs/msg/detail/state__rosidl_typesupport_fastrtps_c.h
[10.447s] -- Installing: /root/ros_ws/src/Rescue_Car_ws/install/lifecycle_msgs/include/lifecycle_msgs/lifecycle_msgs/msg/detail/transition_event__rosidl_typesupport_fastrtps_c.h
[10.447s] -- Installing: /root/ros_ws/src/Rescue_Car_ws/install/lifecycle_msgs/include/lifecycle_msgs/lifecycle_msgs/msg/detail/transition_description__rosidl_typesupport_fastrtps_c.h
[10.447s] -- Installing: /root/ros_ws/src/Rescue_Car_ws/install/lifecycle_msgs/include/lifecycle_msgs/lifecycle_msgs/msg/detail/transition__rosidl_typesupport_fastrtps_c.h
[10.447s] -- Installing: /root/ros_ws/src/Rescue_Car_ws/install/lifecycle_msgs/include/lifecycle_msgs/lifecycle_msgs/msg/rosidl_typesupport_fastrtps_c__visibility_control.h
[10.448s] -- Installing: /root/ros_ws/src/Rescue_Car_ws/install/lifecycle_msgs/lib/liblifecycle_msgs__rosidl_typesupport_fastrtps_c.so
[10.448s] -- Set runtime path of "/root/ros_ws/src/Rescue_Car_ws/install/lifecycle_msgs/lib/liblifecycle_msgs__rosidl_typesupport_fastrtps_c.so" to ""
[10.448s] -- Up-to-date: /root/ros_ws/src/Rescue_Car_ws/install/lifecycle_msgs/include/lifecycle_msgs/lifecycle_msgs
[10.448s] -- Up-to-date: /root/ros_ws/src/Rescue_Car_ws/install/lifecycle_msgs/include/lifecycle_msgs/lifecycle_msgs/srv
[10.449s] -- Up-to-date: /root/ros_ws/src/Rescue_Car_ws/install/lifecycle_msgs/include/lifecycle_msgs/lifecycle_msgs/srv/detail
[10.449s] -- Installing: /root/ros_ws/src/Rescue_Car_ws/install/lifecycle_msgs/include/lifecycle_msgs/lifecycle_msgs/srv/detail/get_state__rosidl_typesupport_introspection_c.h
[10.449s] -- Installing: /root/ros_ws/src/Rescue_Car_ws/install/lifecycle_msgs/include/lifecycle_msgs/lifecycle_msgs/srv/detail/change_state__type_support.c
[10.449s] -- Installing: /root/ros_ws/src/Rescue_Car_ws/install/lifecycle_msgs/include/lifecycle_msgs/lifecycle_msgs/srv/detail/get_state__type_support.c
[10.449s] -- Installing: /root/ros_ws/src/Rescue_Car_ws/install/lifecycle_msgs/include/lifecycle_msgs/lifecycle_msgs/srv/detail/get_available_transitions__type_support.c
[10.449s] -- Installing: /root/ros_ws/src/Rescue_Car_ws/install/lifecycle_msgs/include/lifecycle_msgs/lifecycle_msgs/srv/detail/get_available_transitions__rosidl_typesupport_introspection_c.h
[10.450s] -- Installing: /root/ros_ws/src/Rescue_Car_ws/install/lifecycle_msgs/include/lifecycle_msgs/lifecycle_msgs/srv/detail/change_state__rosidl_typesupport_introspection_c.h
[10.450s] -- Installing: /root/ros_ws/src/Rescue_Car_ws/install/lifecycle_msgs/include/lifecycle_msgs/lifecycle_msgs/srv/detail/get_available_states__type_support.c
[10.450s] -- Installing: /root/ros_ws/src/Rescue_Car_ws/install/lifecycle_msgs/include/lifecycle_msgs/lifecycle_msgs/srv/detail/get_available_states__rosidl_typesupport_introspection_c.h
[10.450s] -- Up-to-date: /root/ros_ws/src/Rescue_Car_ws/install/lifecycle_msgs/include/lifecycle_msgs/lifecycle_msgs/msg
[10.450s] -- Installing: /root/ros_ws/src/Rescue_Car_ws/install/lifecycle_msgs/include/lifecycle_msgs/lifecycle_msgs/msg/rosidl_typesupport_introspection_c__visibility_control.h
[10.450s] -- Up-to-date: /root/ros_ws/src/Rescue_Car_ws/install/lifecycle_msgs/include/lifecycle_msgs/lifecycle_msgs/msg/detail
[10.450s] -- Installing: /root/ros_ws/src/Rescue_Car_ws/install/lifecycle_msgs/include/lifecycle_msgs/lifecycle_msgs/msg/detail/state__type_support.c
[10.450s] -- Installing: /root/ros_ws/src/Rescue_Car_ws/install/lifecycle_msgs/include/lifecycle_msgs/lifecycle_msgs/msg/detail/transition__rosidl_typesupport_introspection_c.h
[10.450s] -- Installing: /root/ros_ws/src/Rescue_Car_ws/install/lifecycle_msgs/include/lifecycle_msgs/lifecycle_msgs/msg/detail/transition_event__rosidl_typesupport_introspection_c.h
[10.450s] -- Installing: /root/ros_ws/src/Rescue_Car_ws/install/lifecycle_msgs/include/lifecycle_msgs/lifecycle_msgs/msg/detail/transition_description__rosidl_typesupport_introspection_c.h
[10.450s] -- Installing: /root/ros_ws/src/Rescue_Car_ws/install/lifecycle_msgs/include/lifecycle_msgs/lifecycle_msgs/msg/detail/transition__type_support.c
[10.451s] -- Installing: /root/ros_ws/src/Rescue_Car_ws/install/lifecycle_msgs/include/lifecycle_msgs/lifecycle_msgs/msg/detail/transition_description__type_support.c
[10.451s] -- Installing: /root/ros_ws/src/Rescue_Car_ws/install/lifecycle_msgs/include/lifecycle_msgs/lifecycle_msgs/msg/detail/transition_event__type_support.c
[10.451s] -- Installing: /root/ros_ws/src/Rescue_Car_ws/install/lifecycle_msgs/include/lifecycle_msgs/lifecycle_msgs/msg/detail/state__rosidl_typesupport_introspection_c.h
[10.451s] -- Installing: /root/ros_ws/src/Rescue_Car_ws/install/lifecycle_msgs/lib/liblifecycle_msgs__rosidl_typesupport_introspection_c.so
[10.451s] -- Set runtime path of "/root/ros_ws/src/Rescue_Car_ws/install/lifecycle_msgs/lib/liblifecycle_msgs__rosidl_typesupport_introspection_c.so" to ""
[10.451s] -- Installing: /root/ros_ws/src/Rescue_Car_ws/install/lifecycle_msgs/lib/liblifecycle_msgs__rosidl_typesupport_c.so
[10.451s] -- Set runtime path of "/root/ros_ws/src/Rescue_Car_ws/install/lifecycle_msgs/lib/liblifecycle_msgs__rosidl_typesupport_c.so" to ""
[10.452s] -- Up-to-date: /root/ros_ws/src/Rescue_Car_ws/install/lifecycle_msgs/include/lifecycle_msgs/lifecycle_msgs
[10.452s] -- Up-to-date: /root/ros_ws/src/Rescue_Car_ws/install/lifecycle_msgs/include/lifecycle_msgs/lifecycle_msgs/srv
[10.452s] -- Installing: /root/ros_ws/src/Rescue_Car_ws/install/lifecycle_msgs/include/lifecycle_msgs/lifecycle_msgs/srv/get_state.hpp
[10.453s] -- Up-to-date: /root/ros_ws/src/Rescue_Car_ws/install/lifecycle_msgs/include/lifecycle_msgs/lifecycle_msgs/srv/detail
[10.453s] -- Installing: /root/ros_ws/src/Rescue_Car_ws/install/lifecycle_msgs/include/lifecycle_msgs/lifecycle_msgs/srv/detail/get_state__type_support.hpp
[10.453s] -- Installing: /root/ros_ws/src/Rescue_Car_ws/install/lifecycle_msgs/include/lifecycle_msgs/lifecycle_msgs/srv/detail/get_available_transitions__struct.hpp
[10.453s] -- Installing: /root/ros_ws/src/Rescue_Car_ws/install/lifecycle_msgs/include/lifecycle_msgs/lifecycle_msgs/srv/detail/get_available_transitions__builder.hpp
[10.453s] -- Installing: /root/ros_ws/src/Rescue_Car_ws/install/lifecycle_msgs/include/lifecycle_msgs/lifecycle_msgs/srv/detail/get_available_transitions__type_support.hpp
[10.454s] -- Installing: /root/ros_ws/src/Rescue_Car_ws/install/lifecycle_msgs/include/lifecycle_msgs/lifecycle_msgs/srv/detail/change_state__builder.hpp
[10.454s] -- Installing: /root/ros_ws/src/Rescue_Car_ws/install/lifecycle_msgs/include/lifecycle_msgs/lifecycle_msgs/srv/detail/get_available_transitions__traits.hpp
[10.454s] -- Installing: /root/ros_ws/src/Rescue_Car_ws/install/lifecycle_msgs/include/lifecycle_msgs/lifecycle_msgs/srv/detail/get_available_states__struct.hpp
[10.454s] -- Installing: /root/ros_ws/src/Rescue_Car_ws/install/lifecycle_msgs/include/lifecycle_msgs/lifecycle_msgs/srv/detail/get_state__builder.hpp
[10.456s] -- Installing: /root/ros_ws/src/Rescue_Car_ws/install/lifecycle_msgs/include/lifecycle_msgs/lifecycle_msgs/srv/detail/change_state__type_support.hpp
[10.457s] -- Installing: /root/ros_ws/src/Rescue_Car_ws/install/lifecycle_msgs/include/lifecycle_msgs/lifecycle_msgs/srv/detail/get_state__traits.hpp
[10.457s] -- Installing: /root/ros_ws/src/Rescue_Car_ws/install/lifecycle_msgs/include/lifecycle_msgs/lifecycle_msgs/srv/detail/get_available_states__builder.hpp
[10.457s] -- Installing: /root/ros_ws/src/Rescue_Car_ws/install/lifecycle_msgs/include/lifecycle_msgs/lifecycle_msgs/srv/detail/get_state__struct.hpp
[10.457s] -- Installing: /root/ros_ws/src/Rescue_Car_ws/install/lifecycle_msgs/include/lifecycle_msgs/lifecycle_msgs/srv/detail/change_state__traits.hpp
[10.457s] -- Installing: /root/ros_ws/src/Rescue_Car_ws/install/lifecycle_msgs/include/lifecycle_msgs/lifecycle_msgs/srv/detail/get_available_states__type_support.hpp
[10.458s] -- Installing: /root/ros_ws/src/Rescue_Car_ws/install/lifecycle_msgs/include/lifecycle_msgs/lifecycle_msgs/srv/detail/get_available_states__traits.hpp
[10.458s] -- Installing: /root/ros_ws/src/Rescue_Car_ws/install/lifecycle_msgs/include/lifecycle_msgs/lifecycle_msgs/srv/detail/change_state__struct.hpp
[10.458s] -- Installing: /root/ros_ws/src/Rescue_Car_ws/install/lifecycle_msgs/include/lifecycle_msgs/lifecycle_msgs/srv/get_available_transitions.hpp
[10.458s] -- Installing: /root/ros_ws/src/Rescue_Car_ws/install/lifecycle_msgs/include/lifecycle_msgs/lifecycle_msgs/srv/change_state.hpp
[10.458s] -- Installing: /root/ros_ws/src/Rescue_Car_ws/install/lifecycle_msgs/include/lifecycle_msgs/lifecycle_msgs/srv/get_available_states.hpp
[10.458s] -- Up-to-date: /root/ros_ws/src/Rescue_Car_ws/install/lifecycle_msgs/include/lifecycle_msgs/lifecycle_msgs/msg
[10.458s] -- Installing: /root/ros_ws/src/Rescue_Car_ws/install/lifecycle_msgs/include/lifecycle_msgs/lifecycle_msgs/msg/rosidl_generator_cpp__visibility_control.hpp
[10.459s] -- Installing: /root/ros_ws/src/Rescue_Car_ws/install/lifecycle_msgs/include/lifecycle_msgs/lifecycle_msgs/msg/transition_description.hpp
[10.459s] -- Installing: /root/ros_ws/src/Rescue_Car_ws/install/lifecycle_msgs/include/lifecycle_msgs/lifecycle_msgs/msg/transition_event.hpp
[10.459s] -- Up-to-date: /root/ros_ws/src/Rescue_Car_ws/install/lifecycle_msgs/include/lifecycle_msgs/lifecycle_msgs/msg/detail
[10.459s] -- Installing: /root/ros_ws/src/Rescue_Car_ws/install/lifecycle_msgs/include/lifecycle_msgs/lifecycle_msgs/msg/detail/transition_event__builder.hpp
[10.460s] -- Installing: /root/ros_ws/src/Rescue_Car_ws/install/lifecycle_msgs/include/lifecycle_msgs/lifecycle_msgs/msg/detail/state__builder.hpp
[10.460s] -- Installing: /root/ros_ws/src/Rescue_Car_ws/install/lifecycle_msgs/include/lifecycle_msgs/lifecycle_msgs/msg/detail/transition_description__builder.hpp
[10.460s] -- Installing: /root/ros_ws/src/Rescue_Car_ws/install/lifecycle_msgs/include/lifecycle_msgs/lifecycle_msgs/msg/detail/transition_event__traits.hpp
[10.460s] -- Installing: /root/ros_ws/src/Rescue_Car_ws/install/lifecycle_msgs/include/lifecycle_msgs/lifecycle_msgs/msg/detail/state__struct.hpp
[10.460s] -- Installing: /root/ros_ws/src/Rescue_Car_ws/install/lifecycle_msgs/include/lifecycle_msgs/lifecycle_msgs/msg/detail/transition__builder.hpp
[10.460s] -- Installing: /root/ros_ws/src/Rescue_Car_ws/install/lifecycle_msgs/include/lifecycle_msgs/lifecycle_msgs/msg/detail/transition_description__type_support.hpp
[10.460s] -- Installing: /root/ros_ws/src/Rescue_Car_ws/install/lifecycle_msgs/include/lifecycle_msgs/lifecycle_msgs/msg/detail/state__traits.hpp
[10.461s] -- Installing: /root/ros_ws/src/Rescue_Car_ws/install/lifecycle_msgs/include/lifecycle_msgs/lifecycle_msgs/msg/detail/transition__traits.hpp
[10.461s] -- Installing: /root/ros_ws/src/Rescue_Car_ws/install/lifecycle_msgs/include/lifecycle_msgs/lifecycle_msgs/msg/detail/transition_description__traits.hpp
[10.461s] -- Installing: /root/ros_ws/src/Rescue_Car_ws/install/lifecycle_msgs/include/lifecycle_msgs/lifecycle_msgs/msg/detail/transition__type_support.hpp
[10.461s] -- Installing: /root/ros_ws/src/Rescue_Car_ws/install/lifecycle_msgs/include/lifecycle_msgs/lifecycle_msgs/msg/detail/transition_event__struct.hpp
[10.461s] -- Installing: /root/ros_ws/src/Rescue_Car_ws/install/lifecycle_msgs/include/lifecycle_msgs/lifecycle_msgs/msg/detail/state__type_support.hpp
[10.462s] -- Installing: /root/ros_ws/src/Rescue_Car_ws/install/lifecycle_msgs/include/lifecycle_msgs/lifecycle_msgs/msg/detail/transition_description__struct.hpp
[10.462s] -- Installing: /root/ros_ws/src/Rescue_Car_ws/install/lifecycle_msgs/include/lifecycle_msgs/lifecycle_msgs/msg/detail/transition__struct.hpp
[10.462s] -- Installing: /root/ros_ws/src/Rescue_Car_ws/install/lifecycle_msgs/include/lifecycle_msgs/lifecycle_msgs/msg/detail/transition_event__type_support.hpp
[10.462s] -- Installing: /root/ros_ws/src/Rescue_Car_ws/install/lifecycle_msgs/include/lifecycle_msgs/lifecycle_msgs/msg/transition.hpp
[10.462s] -- Installing: /root/ros_ws/src/Rescue_Car_ws/install/lifecycle_msgs/include/lifecycle_msgs/lifecycle_msgs/msg/state.hpp
[10.463s] -- Up-to-date: /root/ros_ws/src/Rescue_Car_ws/install/lifecycle_msgs/include/lifecycle_msgs/lifecycle_msgs
[10.463s] -- Up-to-date: /root/ros_ws/src/Rescue_Car_ws/install/lifecycle_msgs/include/lifecycle_msgs/lifecycle_msgs/srv
[10.463s] -- Up-to-date: /root/ros_ws/src/Rescue_Car_ws/install/lifecycle_msgs/include/lifecycle_msgs/lifecycle_msgs/srv/detail
[10.463s] -- Installing: /root/ros_ws/src/Rescue_Car_ws/install/lifecycle_msgs/include/lifecycle_msgs/lifecycle_msgs/srv/detail/change_state__rosidl_typesupport_fastrtps_cpp.hpp
[10.463s] -- Installing: /root/ros_ws/src/Rescue_Car_ws/install/lifecycle_msgs/include/lifecycle_msgs/lifecycle_msgs/srv/detail/dds_fastrtps
[10.463s] -- Installing: /root/ros_ws/src/Rescue_Car_ws/install/lifecycle_msgs/include/lifecycle_msgs/lifecycle_msgs/srv/detail/get_available_states__rosidl_typesupport_fastrtps_cpp.hpp
[10.463s] -- Installing: /root/ros_ws/src/Rescue_Car_ws/install/lifecycle_msgs/include/lifecycle_msgs/lifecycle_msgs/srv/detail/get_available_transitions__rosidl_typesupport_fastrtps_cpp.hpp
[10.463s] -- Installing: /root/ros_ws/src/Rescue_Car_ws/install/lifecycle_msgs/include/lifecycle_msgs/lifecycle_msgs/srv/detail/get_state__rosidl_typesupport_fastrtps_cpp.hpp
[10.464s] -- Up-to-date: /root/ros_ws/src/Rescue_Car_ws/install/lifecycle_msgs/include/lifecycle_msgs/lifecycle_msgs/msg
[10.464s] -- Installing: /root/ros_ws/src/Rescue_Car_ws/install/lifecycle_msgs/include/lifecycle_msgs/lifecycle_msgs/msg/rosidl_typesupport_fastrtps_cpp__visibility_control.h
[10.464s] -- Up-to-date: /root/ros_ws/src/Rescue_Car_ws/install/lifecycle_msgs/include/lifecycle_msgs/lifecycle_msgs/msg/detail
[10.464s] -- Installing: /root/ros_ws/src/Rescue_Car_ws/install/lifecycle_msgs/include/lifecycle_msgs/lifecycle_msgs/msg/detail/transition_event__rosidl_typesupport_fastrtps_cpp.hpp
[10.464s] -- Installing: /root/ros_ws/src/Rescue_Car_ws/install/lifecycle_msgs/include/lifecycle_msgs/lifecycle_msgs/msg/detail/state__rosidl_typesupport_fastrtps_cpp.hpp
[10.464s] -- Installing: /root/ros_ws/src/Rescue_Car_ws/install/lifecycle_msgs/include/lifecycle_msgs/lifecycle_msgs/msg/detail/dds_fastrtps
[10.464s] -- Installing: /root/ros_ws/src/Rescue_Car_ws/install/lifecycle_msgs/include/lifecycle_msgs/lifecycle_msgs/msg/detail/transition_description__rosidl_typesupport_fastrtps_cpp.hpp
[10.464s] -- Installing: /root/ros_ws/src/Rescue_Car_ws/install/lifecycle_msgs/include/lifecycle_msgs/lifecycle_msgs/msg/detail/transition__rosidl_typesupport_fastrtps_cpp.hpp
[10.464s] -- Installing: /root/ros_ws/src/Rescue_Car_ws/install/lifecycle_msgs/lib/liblifecycle_msgs__rosidl_typesupport_fastrtps_cpp.so
[10.464s] -- Set runtime path of "/root/ros_ws/src/Rescue_Car_ws/install/lifecycle_msgs/lib/liblifecycle_msgs__rosidl_typesupport_fastrtps_cpp.so" to ""
[10.465s] -- Up-to-date: /root/ros_ws/src/Rescue_Car_ws/install/lifecycle_msgs/include/lifecycle_msgs/lifecycle_msgs
[10.465s] -- Up-to-date: /root/ros_ws/src/Rescue_Car_ws/install/lifecycle_msgs/include/lifecycle_msgs/lifecycle_msgs/srv
[10.465s] -- Up-to-date: /root/ros_ws/src/Rescue_Car_ws/install/lifecycle_msgs/include/lifecycle_msgs/lifecycle_msgs/srv/detail
[10.465s] -- Installing: /root/ros_ws/src/Rescue_Car_ws/install/lifecycle_msgs/include/lifecycle_msgs/lifecycle_msgs/srv/detail/get_state__rosidl_typesupport_introspection_cpp.hpp
[10.466s] -- Installing: /root/ros_ws/src/Rescue_Car_ws/install/lifecycle_msgs/include/lifecycle_msgs/lifecycle_msgs/srv/detail/get_available_transitions__rosidl_typesupport_introspection_cpp.hpp
[10.466s] -- Installing: /root/ros_ws/src/Rescue_Car_ws/install/lifecycle_msgs/include/lifecycle_msgs/lifecycle_msgs/srv/detail/change_state__rosidl_typesupport_introspection_cpp.hpp
[10.466s] -- Installing: /root/ros_ws/src/Rescue_Car_ws/install/lifecycle_msgs/include/lifecycle_msgs/lifecycle_msgs/srv/detail/change_state__type_support.cpp
[10.466s] -- Installing: /root/ros_ws/src/Rescue_Car_ws/install/lifecycle_msgs/include/lifecycle_msgs/lifecycle_msgs/srv/detail/get_available_transitions__type_support.cpp
[10.466s] -- Installing: /root/ros_ws/src/Rescue_Car_ws/install/lifecycle_msgs/include/lifecycle_msgs/lifecycle_msgs/srv/detail/get_available_states__rosidl_typesupport_introspection_cpp.hpp
[10.466s] -- Installing: /root/ros_ws/src/Rescue_Car_ws/install/lifecycle_msgs/include/lifecycle_msgs/lifecycle_msgs/srv/detail/get_state__type_support.cpp
[10.467s] -- Installing: /root/ros_ws/src/Rescue_Car_ws/install/lifecycle_msgs/include/lifecycle_msgs/lifecycle_msgs/srv/detail/get_available_states__type_support.cpp
[10.467s] -- Up-to-date: /root/ros_ws/src/Rescue_Car_ws/install/lifecycle_msgs/include/lifecycle_msgs/lifecycle_msgs/msg
[10.467s] -- Up-to-date: /root/ros_ws/src/Rescue_Car_ws/install/lifecycle_msgs/include/lifecycle_msgs/lifecycle_msgs/msg/detail
[10.467s] -- Installing: /root/ros_ws/src/Rescue_Car_ws/install/lifecycle_msgs/include/lifecycle_msgs/lifecycle_msgs/msg/detail/state__rosidl_typesupport_introspection_cpp.hpp
[10.467s] -- Installing: /root/ros_ws/src/Rescue_Car_ws/install/lifecycle_msgs/include/lifecycle_msgs/lifecycle_msgs/msg/detail/transition_event__rosidl_typesupport_introspection_cpp.hpp
[10.468s] -- Installing: /root/ros_ws/src/Rescue_Car_ws/install/lifecycle_msgs/include/lifecycle_msgs/lifecycle_msgs/msg/detail/transition__type_support.cpp
[10.468s] -- Installing: /root/ros_ws/src/Rescue_Car_ws/install/lifecycle_msgs/include/lifecycle_msgs/lifecycle_msgs/msg/detail/state__type_support.cpp
[10.468s] -- Installing: /root/ros_ws/src/Rescue_Car_ws/install/lifecycle_msgs/include/lifecycle_msgs/lifecycle_msgs/msg/detail/transition__rosidl_typesupport_introspection_cpp.hpp
[10.468s] -- Installing: /root/ros_ws/src/Rescue_Car_ws/install/lifecycle_msgs/include/lifecycle_msgs/lifecycle_msgs/msg/detail/transition_event__type_support.cpp
[10.468s] -- Installing: /root/ros_ws/src/Rescue_Car_ws/install/lifecycle_msgs/include/lifecycle_msgs/lifecycle_msgs/msg/detail/transition_description__type_support.cpp
[10.468s] -- Installing: /root/ros_ws/src/Rescue_Car_ws/install/lifecycle_msgs/include/lifecycle_msgs/lifecycle_msgs/msg/detail/transition_description__rosidl_typesupport_introspection_cpp.hpp
[10.469s] -- Installing: /root/ros_ws/src/Rescue_Car_ws/install/lifecycle_msgs/lib/liblifecycle_msgs__rosidl_typesupport_introspection_cpp.so
[10.469s] -- Set runtime path of "/root/ros_ws/src/Rescue_Car_ws/install/lifecycle_msgs/lib/liblifecycle_msgs__rosidl_typesupport_introspection_cpp.so" to ""
[10.469s] -- Installing: /root/ros_ws/src/Rescue_Car_ws/install/lifecycle_msgs/lib/liblifecycle_msgs__rosidl_typesupport_cpp.so
[10.469s] -- Set runtime path of "/root/ros_ws/src/Rescue_Car_ws/install/lifecycle_msgs/lib/liblifecycle_msgs__rosidl_typesupport_cpp.so" to ""
[10.470s] -- Installing: /root/ros_ws/src/Rescue_Car_ws/install/lifecycle_msgs/share/lifecycle_msgs/environment/pythonpath.sh
[10.470s] -- Installing: /root/ros_ws/src/Rescue_Car_ws/install/lifecycle_msgs/share/lifecycle_msgs/environment/pythonpath.dsv
[10.470s] -- Installing: /root/ros_ws/src/Rescue_Car_ws/install/lifecycle_msgs/local/lib/python3.10/dist-packages/lifecycle_msgs-1.2.2-py3.10.egg-info
[10.470s] -- Installing: /root/ros_ws/src/Rescue_Car_ws/install/lifecycle_msgs/local/lib/python3.10/dist-packages/lifecycle_msgs-1.2.2-py3.10.egg-info/dependency_links.txt
[10.470s] -- Installing: /root/ros_ws/src/Rescue_Car_ws/install/lifecycle_msgs/local/lib/python3.10/dist-packages/lifecycle_msgs-1.2.2-py3.10.egg-info/SOURCES.txt
[10.470s] -- Installing: /root/ros_ws/src/Rescue_Car_ws/install/lifecycle_msgs/local/lib/python3.10/dist-packages/lifecycle_msgs-1.2.2-py3.10.egg-info/PKG-INFO
[10.470s] -- Installing: /root/ros_ws/src/Rescue_Car_ws/install/lifecycle_msgs/local/lib/python3.10/dist-packages/lifecycle_msgs-1.2.2-py3.10.egg-info/top_level.txt
[10.470s] -- Installing: /root/ros_ws/src/Rescue_Car_ws/install/lifecycle_msgs/local/lib/python3.10/dist-packages/lifecycle_msgs
[10.470s] -- Installing: /root/ros_ws/src/Rescue_Car_ws/install/lifecycle_msgs/local/lib/python3.10/dist-packages/lifecycle_msgs/lifecycle_msgs_s__rosidl_typesupport_c.cpython-310-x86_64-linux-gnu.so
[10.470s] -- Installing: /root/ros_ws/src/Rescue_Car_ws/install/lifecycle_msgs/local/lib/python3.10/dist-packages/lifecycle_msgs/lifecycle_msgs_s__rosidl_typesupport_introspection_c.cpython-310-x86_64-linux-gnu.so
[10.470s] -- Installing: /root/ros_ws/src/Rescue_Car_ws/install/lifecycle_msgs/local/lib/python3.10/dist-packages/lifecycle_msgs/lifecycle_msgs_s__rosidl_typesupport_fastrtps_c.cpython-310-x86_64-linux-gnu.so
[10.470s] -- Installing: /root/ros_ws/src/Rescue_Car_ws/install/lifecycle_msgs/local/lib/python3.10/dist-packages/lifecycle_msgs/_lifecycle_msgs_s.ep.rosidl_typesupport_c.c
[10.470s] -- Installing: /root/ros_ws/src/Rescue_Car_ws/install/lifecycle_msgs/local/lib/python3.10/dist-packages/lifecycle_msgs/_lifecycle_msgs_s.ep.rosidl_typesupport_introspection_c.c
[10.470s] -- Installing: /root/ros_ws/src/Rescue_Car_ws/install/lifecycle_msgs/local/lib/python3.10/dist-packages/lifecycle_msgs/liblifecycle_msgs__rosidl_generator_py.so
[10.470s] -- Installing: /root/ros_ws/src/Rescue_Car_ws/install/lifecycle_msgs/local/lib/python3.10/dist-packages/lifecycle_msgs/_lifecycle_msgs_s.ep.rosidl_typesupport_fastrtps_c.c
[10.470s] -- Installing: /root/ros_ws/src/Rescue_Car_ws/install/lifecycle_msgs/local/lib/python3.10/dist-packages/lifecycle_msgs/srv
[10.470s] -- Installing: /root/ros_ws/src/Rescue_Car_ws/install/lifecycle_msgs/local/lib/python3.10/dist-packages/lifecycle_msgs/srv/_get_available_states_s.c
[10.471s] -- Installing: /root/ros_ws/src/Rescue_Car_ws/install/lifecycle_msgs/local/lib/python3.10/dist-packages/lifecycle_msgs/srv/_change_state.py
[10.471s] -- Installing: /root/ros_ws/src/Rescue_Car_ws/install/lifecycle_msgs/local/lib/python3.10/dist-packages/lifecycle_msgs/srv/_get_state.py
[10.471s] -- Installing: /root/ros_ws/src/Rescue_Car_ws/install/lifecycle_msgs/local/lib/python3.10/dist-packages/lifecycle_msgs/srv/_get_available_states.py
[10.471s] -- Installing: /root/ros_ws/src/Rescue_Car_ws/install/lifecycle_msgs/local/lib/python3.10/dist-packages/lifecycle_msgs/srv/_change_state_s.c
[10.471s] -- Installing: /root/ros_ws/src/Rescue_Car_ws/install/lifecycle_msgs/local/lib/python3.10/dist-packages/lifecycle_msgs/srv/_get_available_transitions.py
[10.471s] -- Installing: /root/ros_ws/src/Rescue_Car_ws/install/lifecycle_msgs/local/lib/python3.10/dist-packages/lifecycle_msgs/srv/__init__.py
[10.471s] -- Installing: /root/ros_ws/src/Rescue_Car_ws/install/lifecycle_msgs/local/lib/python3.10/dist-packages/lifecycle_msgs/srv/_get_available_transitions_s.c
[10.471s] -- Installing: /root/ros_ws/src/Rescue_Car_ws/install/lifecycle_msgs/local/lib/python3.10/dist-packages/lifecycle_msgs/srv/_get_state_s.c
[10.471s] -- Installing: /root/ros_ws/src/Rescue_Car_ws/install/lifecycle_msgs/local/lib/python3.10/dist-packages/lifecycle_msgs/__init__.py
[10.471s] -- Installing: /root/ros_ws/src/Rescue_Car_ws/install/lifecycle_msgs/local/lib/python3.10/dist-packages/lifecycle_msgs/msg
[10.471s] -- Installing: /root/ros_ws/src/Rescue_Car_ws/install/lifecycle_msgs/local/lib/python3.10/dist-packages/lifecycle_msgs/msg/_transition_s.c
[10.471s] -- Installing: /root/ros_ws/src/Rescue_Car_ws/install/lifecycle_msgs/local/lib/python3.10/dist-packages/lifecycle_msgs/msg/_state_s.c
[10.471s] -- Installing: /root/ros_ws/src/Rescue_Car_ws/install/lifecycle_msgs/local/lib/python3.10/dist-packages/lifecycle_msgs/msg/_transition_description_s.c
[10.471s] -- Installing: /root/ros_ws/src/Rescue_Car_ws/install/lifecycle_msgs/local/lib/python3.10/dist-packages/lifecycle_msgs/msg/_transition_description.py
[10.471s] -- Installing: /root/ros_ws/src/Rescue_Car_ws/install/lifecycle_msgs/local/lib/python3.10/dist-packages/lifecycle_msgs/msg/_transition_event_s.c
[10.471s] -- Installing: /root/ros_ws/src/Rescue_Car_ws/install/lifecycle_msgs/local/lib/python3.10/dist-packages/lifecycle_msgs/msg/__init__.py
[10.471s] -- Installing: /root/ros_ws/src/Rescue_Car_ws/install/lifecycle_msgs/local/lib/python3.10/dist-packages/lifecycle_msgs/msg/_transition.py
[10.471s] -- Installing: /root/ros_ws/src/Rescue_Car_ws/install/lifecycle_msgs/local/lib/python3.10/dist-packages/lifecycle_msgs/msg/_state.py
[10.471s] -- Installing: /root/ros_ws/src/Rescue_Car_ws/install/lifecycle_msgs/local/lib/python3.10/dist-packages/lifecycle_msgs/msg/_transition_event.py
[10.508s] Listing '/root/ros_ws/src/Rescue_Car_ws/install/lifecycle_msgs/local/lib/python3.10/dist-packages/lifecycle_msgs'...
[10.508s] Compiling '/root/ros_ws/src/Rescue_Car_ws/install/lifecycle_msgs/local/lib/python3.10/dist-packages/lifecycle_msgs/__init__.py'...
[10.508s] Listing '/root/ros_ws/src/Rescue_Car_ws/install/lifecycle_msgs/local/lib/python3.10/dist-packages/lifecycle_msgs/msg'...
[10.508s] Compiling '/root/ros_ws/src/Rescue_Car_ws/install/lifecycle_msgs/local/lib/python3.10/dist-packages/lifecycle_msgs/msg/__init__.py'...
[10.508s] Compiling '/root/ros_ws/src/Rescue_Car_ws/install/lifecycle_msgs/local/lib/python3.10/dist-packages/lifecycle_msgs/msg/_state.py'...
[10.508s] Compiling '/root/ros_ws/src/Rescue_Car_ws/install/lifecycle_msgs/local/lib/python3.10/dist-packages/lifecycle_msgs/msg/_transition.py'...
[10.508s] Compiling '/root/ros_ws/src/Rescue_Car_ws/install/lifecycle_msgs/local/lib/python3.10/dist-packages/lifecycle_msgs/msg/_transition_description.py'...
[10.508s] Compiling '/root/ros_ws/src/Rescue_Car_ws/install/lifecycle_msgs/local/lib/python3.10/dist-packages/lifecycle_msgs/msg/_transition_event.py'...
[10.508s] Listing '/root/ros_ws/src/Rescue_Car_ws/install/lifecycle_msgs/local/lib/python3.10/dist-packages/lifecycle_msgs/srv'...
[10.508s] Compiling '/root/ros_ws/src/Rescue_Car_ws/install/lifecycle_msgs/local/lib/python3.10/dist-packages/lifecycle_msgs/srv/__init__.py'...
[10.508s] Compiling '/root/ros_ws/src/Rescue_Car_ws/install/lifecycle_msgs/local/lib/python3.10/dist-packages/lifecycle_msgs/srv/_change_state.py'...
[10.508s] Compiling '/root/ros_ws/src/Rescue_Car_ws/install/lifecycle_msgs/local/lib/python3.10/dist-packages/lifecycle_msgs/srv/_get_available_states.py'...
[10.508s] Compiling '/root/ros_ws/src/Rescue_Car_ws/install/lifecycle_msgs/local/lib/python3.10/dist-packages/lifecycle_msgs/srv/_get_available_transitions.py'...
[10.508s] Compiling '/root/ros_ws/src/Rescue_Car_ws/install/lifecycle_msgs/local/lib/python3.10/dist-packages/lifecycle_msgs/srv/_get_state.py'...
[10.513s] -- Installing: /root/ros_ws/src/Rescue_Car_ws/install/lifecycle_msgs/local/lib/python3.10/dist-packages/lifecycle_msgs/lifecycle_msgs_s__rosidl_typesupport_fastrtps_c.cpython-310-x86_64-linux-gnu.so
[10.513s] -- Set runtime path of "/root/ros_ws/src/Rescue_Car_ws/install/lifecycle_msgs/local/lib/python3.10/dist-packages/lifecycle_msgs/lifecycle_msgs_s__rosidl_typesupport_fastrtps_c.cpython-310-x86_64-linux-gnu.so" to ""
[10.513s] -- Installing: /root/ros_ws/src/Rescue_Car_ws/install/lifecycle_msgs/local/lib/python3.10/dist-packages/lifecycle_msgs/lifecycle_msgs_s__rosidl_typesupport_introspection_c.cpython-310-x86_64-linux-gnu.so
[10.514s] -- Set runtime path of "/root/ros_ws/src/Rescue_Car_ws/install/lifecycle_msgs/local/lib/python3.10/dist-packages/lifecycle_msgs/lifecycle_msgs_s__rosidl_typesupport_introspection_c.cpython-310-x86_64-linux-gnu.so" to ""
[10.514s] -- Installing: /root/ros_ws/src/Rescue_Car_ws/install/lifecycle_msgs/local/lib/python3.10/dist-packages/lifecycle_msgs/lifecycle_msgs_s__rosidl_typesupport_c.cpython-310-x86_64-linux-gnu.so
[10.514s] -- Set runtime path of "/root/ros_ws/src/Rescue_Car_ws/install/lifecycle_msgs/local/lib/python3.10/dist-packages/lifecycle_msgs/lifecycle_msgs_s__rosidl_typesupport_c.cpython-310-x86_64-linux-gnu.so" to ""
[10.515s] -- Installing: /root/ros_ws/src/Rescue_Car_ws/install/lifecycle_msgs/lib/liblifecycle_msgs__rosidl_generator_py.so
[10.515s] -- Set runtime path of "/root/ros_ws/src/Rescue_Car_ws/install/lifecycle_msgs/lib/liblifecycle_msgs__rosidl_generator_py.so" to ""
[10.515s] -- Installing: /root/ros_ws/src/Rescue_Car_ws/install/lifecycle_msgs/share/lifecycle_msgs/msg/State.idl
[10.516s] -- Installing: /root/ros_ws/src/Rescue_Car_ws/install/lifecycle_msgs/share/lifecycle_msgs/msg/Transition.idl
[10.516s] -- Installing: /root/ros_ws/src/Rescue_Car_ws/install/lifecycle_msgs/share/lifecycle_msgs/msg/TransitionDescription.idl
[10.516s] -- Installing: /root/ros_ws/src/Rescue_Car_ws/install/lifecycle_msgs/share/lifecycle_msgs/msg/TransitionEvent.idl
[10.517s] -- Installing: /root/ros_ws/src/Rescue_Car_ws/install/lifecycle_msgs/share/lifecycle_msgs/srv/ChangeState.idl
[10.517s] -- Installing: /root/ros_ws/src/Rescue_Car_ws/install/lifecycle_msgs/share/lifecycle_msgs/srv/GetAvailableStates.idl
[10.517s] -- Installing: /root/ros_ws/src/Rescue_Car_ws/install/lifecycle_msgs/share/lifecycle_msgs/srv/GetAvailableTransitions.idl
[10.518s] -- Installing: /root/ros_ws/src/Rescue_Car_ws/install/lifecycle_msgs/share/lifecycle_msgs/srv/GetState.idl
[10.518s] -- Installing: /root/ros_ws/src/Rescue_Car_ws/install/lifecycle_msgs/share/lifecycle_msgs/msg/State.msg
[10.518s] -- Installing: /root/ros_ws/src/Rescue_Car_ws/install/lifecycle_msgs/share/lifecycle_msgs/msg/Transition.msg
[10.519s] -- Installing: /root/ros_ws/src/Rescue_Car_ws/install/lifecycle_msgs/share/lifecycle_msgs/msg/TransitionDescription.msg
[10.519s] -- Installing: /root/ros_ws/src/Rescue_Car_ws/install/lifecycle_msgs/share/lifecycle_msgs/msg/TransitionEvent.msg
[10.519s] -- Installing: /root/ros_ws/src/Rescue_Car_ws/install/lifecycle_msgs/share/lifecycle_msgs/srv/ChangeState.srv
[10.519s] -- Installing: /root/ros_ws/src/Rescue_Car_ws/install/lifecycle_msgs/share/lifecycle_msgs/srv/ChangeState_Request.msg
[10.520s] -- Installing: /root/ros_ws/src/Rescue_Car_ws/install/lifecycle_msgs/share/lifecycle_msgs/srv/ChangeState_Response.msg
[10.520s] -- Installing: /root/ros_ws/src/Rescue_Car_ws/install/lifecycle_msgs/share/lifecycle_msgs/srv/GetAvailableStates.srv
[10.520s] -- Installing: /root/ros_ws/src/Rescue_Car_ws/install/lifecycle_msgs/share/lifecycle_msgs/srv/GetAvailableStates_Request.msg
[10.520s] -- Installing: /root/ros_ws/src/Rescue_Car_ws/install/lifecycle_msgs/share/lifecycle_msgs/srv/GetAvailableStates_Response.msg
[10.520s] -- Installing: /root/ros_ws/src/Rescue_Car_ws/install/lifecycle_msgs/share/lifecycle_msgs/srv/GetAvailableTransitions.srv
[10.521s] -- Installing: /root/ros_ws/src/Rescue_Car_ws/install/lifecycle_msgs/share/lifecycle_msgs/srv/GetAvailableTransitions_Request.msg
[10.521s] -- Installing: /root/ros_ws/src/Rescue_Car_ws/install/lifecycle_msgs/share/lifecycle_msgs/srv/GetAvailableTransitions_Response.msg
[10.521s] -- Installing: /root/ros_ws/src/Rescue_Car_ws/install/lifecycle_msgs/share/lifecycle_msgs/srv/GetState.srv
[10.521s] -- Installing: /root/ros_ws/src/Rescue_Car_ws/install/lifecycle_msgs/share/lifecycle_msgs/srv/GetState_Request.msg
[10.521s] -- Installing: /root/ros_ws/src/Rescue_Car_ws/install/lifecycle_msgs/share/lifecycle_msgs/srv/GetState_Response.msg
[10.522s] -- Installing: /root/ros_ws/src/Rescue_Car_ws/install/lifecycle_msgs/share/ament_index/resource_index/package_run_dependencies/lifecycle_msgs
[10.522s] -- Installing: /root/ros_ws/src/Rescue_Car_ws/install/lifecycle_msgs/share/ament_index/resource_index/parent_prefix_path/lifecycle_msgs
[10.522s] -- Installing: /root/ros_ws/src/Rescue_Car_ws/install/lifecycle_msgs/share/lifecycle_msgs/environment/ament_prefix_path.sh
[10.523s] -- Installing: /root/ros_ws/src/Rescue_Car_ws/install/lifecycle_msgs/share/lifecycle_msgs/environment/ament_prefix_path.dsv
[10.523s] -- Installing: /root/ros_ws/src/Rescue_Car_ws/install/lifecycle_msgs/share/lifecycle_msgs/environment/path.sh
[10.523s] -- Installing: /root/ros_ws/src/Rescue_Car_ws/install/lifecycle_msgs/share/lifecycle_msgs/environment/path.dsv
[10.523s] -- Installing: /root/ros_ws/src/Rescue_Car_ws/install/lifecycle_msgs/share/lifecycle_msgs/local_setup.bash
[10.523s] -- Installing: /root/ros_ws/src/Rescue_Car_ws/install/lifecycle_msgs/share/lifecycle_msgs/local_setup.sh
[10.523s] -- Installing: /root/ros_ws/src/Rescue_Car_ws/install/lifecycle_msgs/share/lifecycle_msgs/local_setup.zsh
[10.524s] -- Installing: /root/ros_ws/src/Rescue_Car_ws/install/lifecycle_msgs/share/lifecycle_msgs/local_setup.dsv
[10.524s] -- Installing: /root/ros_ws/src/Rescue_Car_ws/install/lifecycle_msgs/share/lifecycle_msgs/package.dsv
[10.524s] -- Installing: /root/ros_ws/src/Rescue_Car_ws/install/lifecycle_msgs/share/ament_index/resource_index/packages/lifecycle_msgs
[10.525s] -- Installing: /root/ros_ws/src/Rescue_Car_ws/install/lifecycle_msgs/share/lifecycle_msgs/cmake/export_lifecycle_msgs__rosidl_generator_cExport.cmake
[10.525s] -- Installing: /root/ros_ws/src/Rescue_Car_ws/install/lifecycle_msgs/share/lifecycle_msgs/cmake/export_lifecycle_msgs__rosidl_generator_cExport-noconfig.cmake
[10.525s] -- Installing: /root/ros_ws/src/Rescue_Car_ws/install/lifecycle_msgs/share/lifecycle_msgs/cmake/export_lifecycle_msgs__rosidl_typesupport_fastrtps_cExport.cmake
[10.526s] -- Installing: /root/ros_ws/src/Rescue_Car_ws/install/lifecycle_msgs/share/lifecycle_msgs/cmake/export_lifecycle_msgs__rosidl_typesupport_fastrtps_cExport-noconfig.cmake
[10.526s] -- Installing: /root/ros_ws/src/Rescue_Car_ws/install/lifecycle_msgs/share/lifecycle_msgs/cmake/lifecycle_msgs__rosidl_typesupport_introspection_cExport.cmake
[10.526s] -- Installing: /root/ros_ws/src/Rescue_Car_ws/install/lifecycle_msgs/share/lifecycle_msgs/cmake/lifecycle_msgs__rosidl_typesupport_introspection_cExport-noconfig.cmake
[10.526s] -- Installing: /root/ros_ws/src/Rescue_Car_ws/install/lifecycle_msgs/share/lifecycle_msgs/cmake/lifecycle_msgs__rosidl_typesupport_cExport.cmake
[10.526s] -- Installing: /root/ros_ws/src/Rescue_Car_ws/install/lifecycle_msgs/share/lifecycle_msgs/cmake/lifecycle_msgs__rosidl_typesupport_cExport-noconfig.cmake
[10.527s] -- Installing: /root/ros_ws/src/Rescue_Car_ws/install/lifecycle_msgs/share/lifecycle_msgs/cmake/export_lifecycle_msgs__rosidl_generator_cppExport.cmake
[10.527s] -- Installing: /root/ros_ws/src/Rescue_Car_ws/install/lifecycle_msgs/share/lifecycle_msgs/cmake/export_lifecycle_msgs__rosidl_typesupport_fastrtps_cppExport.cmake
[10.527s] -- Installing: /root/ros_ws/src/Rescue_Car_ws/install/lifecycle_msgs/share/lifecycle_msgs/cmake/export_lifecycle_msgs__rosidl_typesupport_fastrtps_cppExport-noconfig.cmake
[10.528s] -- Installing: /root/ros_ws/src/Rescue_Car_ws/install/lifecycle_msgs/share/lifecycle_msgs/cmake/lifecycle_msgs__rosidl_typesupport_introspection_cppExport.cmake
[10.528s] -- Installing: /root/ros_ws/src/Rescue_Car_ws/install/lifecycle_msgs/share/lifecycle_msgs/cmake/lifecycle_msgs__rosidl_typesupport_introspection_cppExport-noconfig.cmake
[10.529s] -- Installing: /root/ros_ws/src/Rescue_Car_ws/install/lifecycle_msgs/share/lifecycle_msgs/cmake/lifecycle_msgs__rosidl_typesupport_cppExport.cmake
[10.529s] -- Installing: /root/ros_ws/src/Rescue_Car_ws/install/lifecycle_msgs/share/lifecycle_msgs/cmake/lifecycle_msgs__rosidl_typesupport_cppExport-noconfig.cmake
[10.530s] -- Installing: /root/ros_ws/src/Rescue_Car_ws/install/lifecycle_msgs/share/lifecycle_msgs/cmake/export_lifecycle_msgs__rosidl_generator_pyExport.cmake
[10.530s] -- Installing: /root/ros_ws/src/Rescue_Car_ws/install/lifecycle_msgs/share/lifecycle_msgs/cmake/export_lifecycle_msgs__rosidl_generator_pyExport-noconfig.cmake
[10.530s] -- Installing: /root/ros_ws/src/Rescue_Car_ws/install/lifecycle_msgs/share/lifecycle_msgs/cmake/rosidl_cmake-extras.cmake
[10.531s] -- Installing: /root/ros_ws/src/Rescue_Car_ws/install/lifecycle_msgs/share/lifecycle_msgs/cmake/ament_cmake_export_include_directories-extras.cmake
[10.532s] -- Installing: /root/ros_ws/src/Rescue_Car_ws/install/lifecycle_msgs/share/lifecycle_msgs/cmake/ament_cmake_export_libraries-extras.cmake
[10.532s] -- Installing: /root/ros_ws/src/Rescue_Car_ws/install/lifecycle_msgs/share/lifecycle_msgs/cmake/ament_cmake_export_targets-extras.cmake
[10.532s] -- Installing: /root/ros_ws/src/Rescue_Car_ws/install/lifecycle_msgs/share/lifecycle_msgs/cmake/rosidl_cmake_export_typesupport_targets-extras.cmake
[10.533s] -- Installing: /root/ros_ws/src/Rescue_Car_ws/install/lifecycle_msgs/share/lifecycle_msgs/cmake/ament_cmake_export_dependencies-extras.cmake
[10.534s] -- Installing: /root/ros_ws/src/Rescue_Car_ws/install/lifecycle_msgs/share/lifecycle_msgs/cmake/rosidl_cmake_export_typesupport_libraries-extras.cmake
[10.535s] -- Installing: /root/ros_ws/src/Rescue_Car_ws/install/lifecycle_msgs/share/lifecycle_msgs/cmake/lifecycle_msgsConfig.cmake
[10.536s] -- Installing: /root/ros_ws/src/Rescue_Car_ws/install/lifecycle_msgs/share/lifecycle_msgs/cmake/lifecycle_msgsConfig-version.cmake
[10.536s] -- Installing: /root/ros_ws/src/Rescue_Car_ws/install/lifecycle_msgs/share/lifecycle_msgs/package.xml
[10.541s] Invoked command in '/root/ros_ws/src/Rescue_Car_ws/build/lifecycle_msgs' returned '0': CMAKE_PREFIX_PATH=/opt/ros/humble /usr/bin/cmake --install /root/ros_ws/src/Rescue_Car_ws/build/lifecycle_msgs
