[0.235s] Invoking command in '/root/ros_ws/src/Rescue_Car_ws/build/rmw_microxrcedds': AMENT_PREFIX_PATH=/root/ros_ws/src/Rescue_Car_ws/install/rosidl_typesupport_microxrcedds_cpp:/root/ros_ws/src/Rescue_Car_ws/install/rosidl_typesupport_microxrcedds_c:/root/ros_ws/src/Rescue_Car_ws/install/micro_ros_msgs:${AMENT_PREFIX_PATH} CMAKE_PREFIX_PATH=/root/ros_ws/src/Rescue_Car_ws/install/rosidl_typesupport_microxrcedds_cpp:/root/ros_ws/src/Rescue_Car_ws/install/rosidl_typesupport_microxrcedds_c:/root/ros_ws/src/Rescue_Car_ws/install/microxrcedds_client:/root/ros_ws/src/Rescue_Car_ws/install/microcdr:/root/ros_ws/src/Rescue_Car_ws/install/micro_ros_msgs:/opt/ros/humble LD_LIBRARY_PATH=/root/ros_ws/src/Rescue_Car_ws/install/rosidl_typesupport_microxrcedds_cpp/lib:/root/ros_ws/src/Rescue_Car_ws/install/rosidl_typesupport_microxrcedds_c/lib:/root/ros_ws/src/Rescue_Car_ws/install/micro_ros_msgs/lib:${LD_LIBRARY_PATH} PYTHONPATH=/root/ros_ws/src/Rescue_Car_ws/install/rosidl_typesupport_microxrcedds_cpp/local/lib/python3.10/dist-packages:/root/ros_ws/src/Rescue_Car_ws/install/rosidl_typesupport_microxrcedds_c/local/lib/python3.10/dist-packages:/root/ros_ws/src/Rescue_Car_ws/install/micro_ros_msgs/local/lib/python3.10/dist-packages:${PYTHONPATH} /usr/bin/cmake --build /root/ros_ws/src/Rescue_Car_ws/build/rmw_microxrcedds -- -j20 -l20
[0.274s] [35m[1mConsolidate compiler generated dependencies of target gtest[0m
[0.274s] [35m[1mConsolidate compiler generated dependencies of target gtest_main[0m
[0.282s] [35m[1mConsolidate compiler generated dependencies of target rmw_microxrcedds[0m
[0.288s] [  4%] Built target gtest
[0.288s] [  3%] Built target gtest_main
[0.315s] [ 60%] Built target rmw_microxrcedds
[0.329s] [35m[1mConsolidate compiler generated dependencies of target test-publisher[0m
[0.329s] [35m[1mConsolidate compiler generated dependencies of target test-subscriber[0m
[0.330s] [35m[1mConsolidate compiler generated dependencies of target test-node[0m
[0.331s] [35m[1mConsolidate compiler generated dependencies of target test-pubsub[0m
[0.331s] [35m[1mConsolidate compiler generated dependencies of target test-client[0m
[0.331s] [35m[1mConsolidate compiler generated dependencies of target test-service[0m
[0.331s] [35m[1mConsolidate compiler generated dependencies of target test-rmw[0m
[0.337s] [35m[1mConsolidate compiler generated dependencies of target test-reqres[0m
[0.337s] [35m[1mConsolidate compiler generated dependencies of target test-topic[0m
[0.337s] [35m[1mConsolidate compiler generated dependencies of target test-sizes[0m
[0.341s] [ 64%] Built target test-node
[0.342s] [35m[1mConsolidate compiler generated dependencies of target test-guardcond[0m
[0.342s] [ 67%] Built target test-subscriber
[0.344s] [ 71%] Built target test-pubsub
[0.347s] [ 75%] Built target test-publisher
[0.354s] [ 83%] Built target test-client
[0.354s] [ 83%] Built target test-service
[0.354s] [ 85%] Built target test-reqres
[0.354s] [ 89%] Built target test-rmw
[0.356s] [ 92%] Built target test-topic
[0.358s] [ 96%] Built target test-sizes
[0.362s] [100%] Built target test-guardcond
[0.376s] Invoked command in '/root/ros_ws/src/Rescue_Car_ws/build/rmw_microxrcedds' returned '0': AMENT_PREFIX_PATH=/root/ros_ws/src/Rescue_Car_ws/install/rosidl_typesupport_microxrcedds_cpp:/root/ros_ws/src/Rescue_Car_ws/install/rosidl_typesupport_microxrcedds_c:/root/ros_ws/src/Rescue_Car_ws/install/micro_ros_msgs:${AMENT_PREFIX_PATH} CMAKE_PREFIX_PATH=/root/ros_ws/src/Rescue_Car_ws/install/rosidl_typesupport_microxrcedds_cpp:/root/ros_ws/src/Rescue_Car_ws/install/rosidl_typesupport_microxrcedds_c:/root/ros_ws/src/Rescue_Car_ws/install/microxrcedds_client:/root/ros_ws/src/Rescue_Car_ws/install/microcdr:/root/ros_ws/src/Rescue_Car_ws/install/micro_ros_msgs:/opt/ros/humble LD_LIBRARY_PATH=/root/ros_ws/src/Rescue_Car_ws/install/rosidl_typesupport_microxrcedds_cpp/lib:/root/ros_ws/src/Rescue_Car_ws/install/rosidl_typesupport_microxrcedds_c/lib:/root/ros_ws/src/Rescue_Car_ws/install/micro_ros_msgs/lib:${LD_LIBRARY_PATH} PYTHONPATH=/root/ros_ws/src/Rescue_Car_ws/install/rosidl_typesupport_microxrcedds_cpp/local/lib/python3.10/dist-packages:/root/ros_ws/src/Rescue_Car_ws/install/rosidl_typesupport_microxrcedds_c/local/lib/python3.10/dist-packages:/root/ros_ws/src/Rescue_Car_ws/install/micro_ros_msgs/local/lib/python3.10/dist-packages:${PYTHONPATH} /usr/bin/cmake --build /root/ros_ws/src/Rescue_Car_ws/build/rmw_microxrcedds -- -j20 -l20
[0.378s] Invoking command in '/root/ros_ws/src/Rescue_Car_ws/build/rmw_microxrcedds': AMENT_PREFIX_PATH=/root/ros_ws/src/Rescue_Car_ws/install/rosidl_typesupport_microxrcedds_cpp:/root/ros_ws/src/Rescue_Car_ws/install/rosidl_typesupport_microxrcedds_c:/root/ros_ws/src/Rescue_Car_ws/install/micro_ros_msgs:${AMENT_PREFIX_PATH} CMAKE_PREFIX_PATH=/root/ros_ws/src/Rescue_Car_ws/install/rosidl_typesupport_microxrcedds_cpp:/root/ros_ws/src/Rescue_Car_ws/install/rosidl_typesupport_microxrcedds_c:/root/ros_ws/src/Rescue_Car_ws/install/microxrcedds_client:/root/ros_ws/src/Rescue_Car_ws/install/microcdr:/root/ros_ws/src/Rescue_Car_ws/install/micro_ros_msgs:/opt/ros/humble LD_LIBRARY_PATH=/root/ros_ws/src/Rescue_Car_ws/install/rosidl_typesupport_microxrcedds_cpp/lib:/root/ros_ws/src/Rescue_Car_ws/install/rosidl_typesupport_microxrcedds_c/lib:/root/ros_ws/src/Rescue_Car_ws/install/micro_ros_msgs/lib:${LD_LIBRARY_PATH} PYTHONPATH=/root/ros_ws/src/Rescue_Car_ws/install/rosidl_typesupport_microxrcedds_cpp/local/lib/python3.10/dist-packages:/root/ros_ws/src/Rescue_Car_ws/install/rosidl_typesupport_microxrcedds_c/local/lib/python3.10/dist-packages:/root/ros_ws/src/Rescue_Car_ws/install/micro_ros_msgs/local/lib/python3.10/dist-packages:${PYTHONPATH} /usr/bin/cmake --install /root/ros_ws/src/Rescue_Car_ws/build/rmw_microxrcedds
[0.386s] -- Install configuration: ""
[0.387s] -- Up-to-date: /root/ros_ws/src/Rescue_Car_ws/install/rmw_microxrcedds/share/rmw_microxrcedds/environment/library_path.sh
[0.387s] -- Up-to-date: /root/ros_ws/src/Rescue_Car_ws/install/rmw_microxrcedds/share/rmw_microxrcedds/environment/library_path.dsv
[0.387s] -- Up-to-date: /root/ros_ws/src/Rescue_Car_ws/install/rmw_microxrcedds/share/ament_index/resource_index/rmw_typesupport_c/rmw_microxrcedds
[0.387s] -- Up-to-date: /root/ros_ws/src/Rescue_Car_ws/install/rmw_microxrcedds/share/ament_index/resource_index/rmw_typesupport/rmw_microxrcedds
[0.387s] -- Up-to-date: /root/ros_ws/src/Rescue_Car_ws/install/rmw_microxrcedds/share/ament_index/resource_index/package_run_dependencies/rmw_microxrcedds
[0.387s] -- Up-to-date: /root/ros_ws/src/Rescue_Car_ws/install/rmw_microxrcedds/share/ament_index/resource_index/parent_prefix_path/rmw_microxrcedds
[0.387s] -- Up-to-date: /root/ros_ws/src/Rescue_Car_ws/install/rmw_microxrcedds/share/rmw_microxrcedds/environment/ament_prefix_path.sh
[0.387s] -- Up-to-date: /root/ros_ws/src/Rescue_Car_ws/install/rmw_microxrcedds/share/rmw_microxrcedds/environment/ament_prefix_path.dsv
[0.387s] -- Up-to-date: /root/ros_ws/src/Rescue_Car_ws/install/rmw_microxrcedds/share/rmw_microxrcedds/environment/path.sh
[0.387s] -- Up-to-date: /root/ros_ws/src/Rescue_Car_ws/install/rmw_microxrcedds/share/rmw_microxrcedds/environment/path.dsv
[0.387s] -- Up-to-date: /root/ros_ws/src/Rescue_Car_ws/install/rmw_microxrcedds/share/rmw_microxrcedds/local_setup.bash
[0.388s] -- Up-to-date: /root/ros_ws/src/Rescue_Car_ws/install/rmw_microxrcedds/share/rmw_microxrcedds/local_setup.sh
[0.388s] -- Up-to-date: /root/ros_ws/src/Rescue_Car_ws/install/rmw_microxrcedds/share/rmw_microxrcedds/local_setup.zsh
[0.388s] -- Up-to-date: /root/ros_ws/src/Rescue_Car_ws/install/rmw_microxrcedds/share/rmw_microxrcedds/local_setup.dsv
[0.388s] -- Installing: /root/ros_ws/src/Rescue_Car_ws/install/rmw_microxrcedds/share/rmw_microxrcedds/package.dsv
[0.388s] -- Up-to-date: /root/ros_ws/src/Rescue_Car_ws/install/rmw_microxrcedds/share/ament_index/resource_index/packages/rmw_microxrcedds
[0.388s] -- Up-to-date: /root/ros_ws/src/Rescue_Car_ws/install/rmw_microxrcedds/share/rmw_microxrcedds/cmake/ament_cmake_export_include_directories-extras.cmake
[0.388s] -- Up-to-date: /root/ros_ws/src/Rescue_Car_ws/install/rmw_microxrcedds/share/rmw_microxrcedds/cmake/ament_cmake_export_libraries-extras.cmake
[0.388s] -- Up-to-date: /root/ros_ws/src/Rescue_Car_ws/install/rmw_microxrcedds/share/rmw_microxrcedds/cmake/ament_cmake_export_dependencies-extras.cmake
[0.388s] -- Up-to-date: /root/ros_ws/src/Rescue_Car_ws/install/rmw_microxrcedds/share/rmw_microxrcedds/cmake/rmw_microxrceddsConfig.cmake
[0.388s] -- Up-to-date: /root/ros_ws/src/Rescue_Car_ws/install/rmw_microxrcedds/share/rmw_microxrcedds/cmake/rmw_microxrceddsConfig-version.cmake
[0.388s] -- Up-to-date: /root/ros_ws/src/Rescue_Car_ws/install/rmw_microxrcedds/share/rmw_microxrcedds/package.xml
[0.388s] -- Up-to-date: /root/ros_ws/src/Rescue_Car_ws/install/rmw_microxrcedds/include
[0.389s] -- Up-to-date: /root/ros_ws/src/Rescue_Car_ws/install/rmw_microxrcedds/include/rmw_microros
[0.389s] -- Up-to-date: /root/ros_ws/src/Rescue_Car_ws/install/rmw_microxrcedds/include/rmw_microros/rmw_microros.h
[0.389s] -- Up-to-date: /root/ros_ws/src/Rescue_Car_ws/install/rmw_microxrcedds/include/rmw_microros/time_sync.h
[0.389s] -- Up-to-date: /root/ros_ws/src/Rescue_Car_ws/install/rmw_microxrcedds/include/rmw_microros/discovery.h
[0.389s] -- Up-to-date: /root/ros_ws/src/Rescue_Car_ws/install/rmw_microxrcedds/include/rmw_microros/timing.h
[0.389s] -- Up-to-date: /root/ros_ws/src/Rescue_Car_ws/install/rmw_microxrcedds/include/rmw_microros/error_handling.h
[0.390s] -- Up-to-date: /root/ros_ws/src/Rescue_Car_ws/install/rmw_microxrcedds/include/rmw_microros/continous_serialization.h
[0.390s] -- Up-to-date: /root/ros_ws/src/Rescue_Car_ws/install/rmw_microxrcedds/include/rmw_microros/ping.h
[0.390s] -- Up-to-date: /root/ros_ws/src/Rescue_Car_ws/install/rmw_microxrcedds/include/rmw_microros/init_options.h
[0.392s] -- Up-to-date: /root/ros_ws/src/Rescue_Car_ws/install/rmw_microxrcedds/include/rmw_microros/custom_transport.h
[0.392s] -- Up-to-date: /root/ros_ws/src/Rescue_Car_ws/install/rmw_microxrcedds/include/rmw_microxrcedds_c
[0.393s] -- Up-to-date: /root/ros_ws/src/Rescue_Car_ws/install/rmw_microxrcedds/include/rmw_microxrcedds_c/rmw_c_macros.h
[0.393s] -- Up-to-date: /root/ros_ws/src/Rescue_Car_ws/install/rmw_microxrcedds/include/rmw_microxrcedds_c/config.h
[0.393s] -- Up-to-date: /root/ros_ws/src/Rescue_Car_ws/install/rmw_microxrcedds/lib/librmw_microxrcedds.so
[0.393s] Invoked command in '/root/ros_ws/src/Rescue_Car_ws/build/rmw_microxrcedds' returned '0': AMENT_PREFIX_PATH=/root/ros_ws/src/Rescue_Car_ws/install/rosidl_typesupport_microxrcedds_cpp:/root/ros_ws/src/Rescue_Car_ws/install/rosidl_typesupport_microxrcedds_c:/root/ros_ws/src/Rescue_Car_ws/install/micro_ros_msgs:${AMENT_PREFIX_PATH} CMAKE_PREFIX_PATH=/root/ros_ws/src/Rescue_Car_ws/install/rosidl_typesupport_microxrcedds_cpp:/root/ros_ws/src/Rescue_Car_ws/install/rosidl_typesupport_microxrcedds_c:/root/ros_ws/src/Rescue_Car_ws/install/microxrcedds_client:/root/ros_ws/src/Rescue_Car_ws/install/microcdr:/root/ros_ws/src/Rescue_Car_ws/install/micro_ros_msgs:/opt/ros/humble LD_LIBRARY_PATH=/root/ros_ws/src/Rescue_Car_ws/install/rosidl_typesupport_microxrcedds_cpp/lib:/root/ros_ws/src/Rescue_Car_ws/install/rosidl_typesupport_microxrcedds_c/lib:/root/ros_ws/src/Rescue_Car_ws/install/micro_ros_msgs/lib:${LD_LIBRARY_PATH} PYTHONPATH=/root/ros_ws/src/Rescue_Car_ws/install/rosidl_typesupport_microxrcedds_cpp/local/lib/python3.10/dist-packages:/root/ros_ws/src/Rescue_Car_ws/install/rosidl_typesupport_microxrcedds_c/local/lib/python3.10/dist-packages:/root/ros_ws/src/Rescue_Car_ws/install/micro_ros_msgs/local/lib/python3.10/dist-packages:${PYTHONPATH} /usr/bin/cmake --install /root/ros_ws/src/Rescue_Car_ws/build/rmw_microxrcedds
