[0.374s] Invoking command in '/root/ros_ws/src/Rescue_Car_ws/build/nav_msgs': AMENT_PREFIX_PATH=/root/ros_ws/src/Rescue_Car_ws/install/geometry_msgs:/root/ros_ws/src/Rescue_Car_ws/install/std_msgs:/root/ros_ws/src/Rescue_Car_ws/install/builtin_interfaces:${AMENT_PREFIX_PATH} CMAKE_PREFIX_PATH=/root/ros_ws/src/Rescue_Car_ws/install/geometry_msgs:/root/ros_ws/src/Rescue_Car_ws/install/std_msgs:/root/ros_ws/src/Rescue_Car_ws/install/builtin_interfaces:/opt/ros/humble LD_LIBRARY_PATH=/root/ros_ws/src/Rescue_Car_ws/install/geometry_msgs/lib:/root/ros_ws/src/Rescue_Car_ws/install/std_msgs/lib:/root/ros_ws/src/Rescue_Car_ws/install/builtin_interfaces/lib:${LD_LIBRARY_PATH} PYTHONPATH=/root/ros_ws/src/Rescue_Car_ws/install/geometry_msgs/local/lib/python3.10/dist-packages:/root/ros_ws/src/Rescue_Car_ws/install/std_msgs/local/lib/python3.10/dist-packages:/root/ros_ws/src/Rescue_Car_ws/install/builtin_interfaces/local/lib/python3.10/dist-packages:${PYTHONPATH} /usr/bin/cmake --build /root/ros_ws/src/Rescue_Car_ws/build/nav_msgs -- -j20 -l20
[0.463s] [  0%] Built target nav_msgs__cpp
[0.475s] [35m[1mConsolidate compiler generated dependencies of target nav_msgs__rosidl_generator_c[0m
[0.487s] [35m[1mConsolidate compiler generated dependencies of target nav_msgs__rosidl_typesupport_fastrtps_cpp[0m
[0.503s] [35m[1mConsolidate compiler generated dependencies of target nav_msgs__rosidl_typesupport_cpp[0m
[0.507s] [35m[1mConsolidate compiler generated dependencies of target nav_msgs__rosidl_typesupport_introspection_cpp[0m
[0.513s] [  0%] Built target ament_cmake_python_copy_nav_msgs
[0.513s] [ 12%] Built target nav_msgs__rosidl_generator_c
[0.551s] [ 24%] Built target nav_msgs__rosidl_typesupport_cpp
[0.551s] [ 36%] Built target nav_msgs__rosidl_typesupport_introspection_cpp
[0.551s] [35m[1mConsolidate compiler generated dependencies of target nav_msgs__rosidl_typesupport_c[0m
[0.563s] [35m[1mConsolidate compiler generated dependencies of target nav_msgs__rosidl_typesupport_introspection_c[0m
[0.566s] [ 47%] Built target nav_msgs__rosidl_typesupport_fastrtps_cpp
[0.572s] [35m[1mConsolidate compiler generated dependencies of target nav_msgs__rosidl_typesupport_fastrtps_c[0m
[0.582s] [ 58%] Built target nav_msgs__rosidl_typesupport_c
[0.591s] [ 70%] Built target nav_msgs__rosidl_typesupport_introspection_c
[0.618s] [ 71%] [32m[1mLinking CXX shared library libnav_msgs__rosidl_typesupport_fastrtps_c.so[0m
[0.886s] running egg_info
[0.886s] writing nav_msgs.egg-info/PKG-INFO
[0.886s] writing dependency_links to nav_msgs.egg-info/dependency_links.txt
[0.887s] writing top-level names to nav_msgs.egg-info/top_level.txt
[0.889s] reading manifest file 'nav_msgs.egg-info/SOURCES.txt'
[0.890s] writing manifest file 'nav_msgs.egg-info/SOURCES.txt'
[0.970s] [ 71%] Built target ament_cmake_python_build_nav_msgs_egg
[1.394s] [ 82%] Built target nav_msgs__rosidl_typesupport_fastrtps_c
[1.411s] [ 82%] Built target nav_msgs
[1.461s] [ 83%] Built target nav_msgs__py
[1.486s] [35m[1mConsolidate compiler generated dependencies of target nav_msgs__rosidl_generator_py[0m
[1.507s] [ 94%] Built target nav_msgs__rosidl_generator_py
[1.535s] [35m[1mConsolidate compiler generated dependencies of target nav_msgs__rosidl_typesupport_fastrtps_c__pyext[0m
[1.552s] [35m[1mConsolidate compiler generated dependencies of target nav_msgs__rosidl_typesupport_introspection_c__pyext[0m
[1.552s] [35m[1mConsolidate compiler generated dependencies of target nav_msgs__rosidl_typesupport_c__pyext[0m
[1.557s] [ 96%] Built target nav_msgs__rosidl_typesupport_introspection_c__pyext
[1.562s] [ 98%] Built target nav_msgs__rosidl_typesupport_c__pyext
[1.573s] [ 99%] [32m[1mLinking C shared library rosidl_generator_py/nav_msgs/nav_msgs_s__rosidl_typesupport_fastrtps_c.cpython-310-x86_64-linux-gnu.so[0m
[1.758s] [100%] Built target nav_msgs__rosidl_typesupport_fastrtps_c__pyext
[1.797s] Invoked command in '/root/ros_ws/src/Rescue_Car_ws/build/nav_msgs' returned '0': AMENT_PREFIX_PATH=/root/ros_ws/src/Rescue_Car_ws/install/geometry_msgs:/root/ros_ws/src/Rescue_Car_ws/install/std_msgs:/root/ros_ws/src/Rescue_Car_ws/install/builtin_interfaces:${AMENT_PREFIX_PATH} CMAKE_PREFIX_PATH=/root/ros_ws/src/Rescue_Car_ws/install/geometry_msgs:/root/ros_ws/src/Rescue_Car_ws/install/std_msgs:/root/ros_ws/src/Rescue_Car_ws/install/builtin_interfaces:/opt/ros/humble LD_LIBRARY_PATH=/root/ros_ws/src/Rescue_Car_ws/install/geometry_msgs/lib:/root/ros_ws/src/Rescue_Car_ws/install/std_msgs/lib:/root/ros_ws/src/Rescue_Car_ws/install/builtin_interfaces/lib:${LD_LIBRARY_PATH} PYTHONPATH=/root/ros_ws/src/Rescue_Car_ws/install/geometry_msgs/local/lib/python3.10/dist-packages:/root/ros_ws/src/Rescue_Car_ws/install/std_msgs/local/lib/python3.10/dist-packages:/root/ros_ws/src/Rescue_Car_ws/install/builtin_interfaces/local/lib/python3.10/dist-packages:${PYTHONPATH} /usr/bin/cmake --build /root/ros_ws/src/Rescue_Car_ws/build/nav_msgs -- -j20 -l20
[1.798s] Invoking command in '/root/ros_ws/src/Rescue_Car_ws/build/nav_msgs': AMENT_PREFIX_PATH=/root/ros_ws/src/Rescue_Car_ws/install/geometry_msgs:/root/ros_ws/src/Rescue_Car_ws/install/std_msgs:/root/ros_ws/src/Rescue_Car_ws/install/builtin_interfaces:${AMENT_PREFIX_PATH} CMAKE_PREFIX_PATH=/root/ros_ws/src/Rescue_Car_ws/install/geometry_msgs:/root/ros_ws/src/Rescue_Car_ws/install/std_msgs:/root/ros_ws/src/Rescue_Car_ws/install/builtin_interfaces:/opt/ros/humble LD_LIBRARY_PATH=/root/ros_ws/src/Rescue_Car_ws/install/geometry_msgs/lib:/root/ros_ws/src/Rescue_Car_ws/install/std_msgs/lib:/root/ros_ws/src/Rescue_Car_ws/install/builtin_interfaces/lib:${LD_LIBRARY_PATH} PYTHONPATH=/root/ros_ws/src/Rescue_Car_ws/install/geometry_msgs/local/lib/python3.10/dist-packages:/root/ros_ws/src/Rescue_Car_ws/install/std_msgs/local/lib/python3.10/dist-packages:/root/ros_ws/src/Rescue_Car_ws/install/builtin_interfaces/local/lib/python3.10/dist-packages:${PYTHONPATH} /usr/bin/cmake --install /root/ros_ws/src/Rescue_Car_ws/build/nav_msgs
[1.806s] -- Install configuration: ""
[1.806s] -- Up-to-date: /root/ros_ws/src/Rescue_Car_ws/install/nav_msgs/share/ament_index/resource_index/rosidl_interfaces/nav_msgs
[1.806s] -- Up-to-date: /root/ros_ws/src/Rescue_Car_ws/install/nav_msgs/include/nav_msgs/nav_msgs
[1.807s] -- Up-to-date: /root/ros_ws/src/Rescue_Car_ws/install/nav_msgs/include/nav_msgs/nav_msgs/srv
[1.807s] -- Up-to-date: /root/ros_ws/src/Rescue_Car_ws/install/nav_msgs/include/nav_msgs/nav_msgs/srv/set_map.h
[1.807s] -- Up-to-date: /root/ros_ws/src/Rescue_Car_ws/install/nav_msgs/include/nav_msgs/nav_msgs/srv/detail
[1.807s] -- Up-to-date: /root/ros_ws/src/Rescue_Car_ws/install/nav_msgs/include/nav_msgs/nav_msgs/srv/detail/get_plan__functions.h
[1.807s] -- Up-to-date: /root/ros_ws/src/Rescue_Car_ws/install/nav_msgs/include/nav_msgs/nav_msgs/srv/detail/get_map__functions.h
[1.808s] -- Up-to-date: /root/ros_ws/src/Rescue_Car_ws/install/nav_msgs/include/nav_msgs/nav_msgs/srv/detail/get_map__functions.c
[1.808s] -- Up-to-date: /root/ros_ws/src/Rescue_Car_ws/install/nav_msgs/include/nav_msgs/nav_msgs/srv/detail/set_map__type_support.h
[1.808s] -- Up-to-date: /root/ros_ws/src/Rescue_Car_ws/install/nav_msgs/include/nav_msgs/nav_msgs/srv/detail/set_map__functions.h
[1.808s] -- Up-to-date: /root/ros_ws/src/Rescue_Car_ws/install/nav_msgs/include/nav_msgs/nav_msgs/srv/detail/get_map__struct.h
[1.808s] -- Up-to-date: /root/ros_ws/src/Rescue_Car_ws/install/nav_msgs/include/nav_msgs/nav_msgs/srv/detail/get_map__type_support.h
[1.808s] -- Up-to-date: /root/ros_ws/src/Rescue_Car_ws/install/nav_msgs/include/nav_msgs/nav_msgs/srv/detail/load_map__type_support.h
[1.808s] -- Up-to-date: /root/ros_ws/src/Rescue_Car_ws/install/nav_msgs/include/nav_msgs/nav_msgs/srv/detail/load_map__functions.h
[1.809s] -- Up-to-date: /root/ros_ws/src/Rescue_Car_ws/install/nav_msgs/include/nav_msgs/nav_msgs/srv/detail/load_map__struct.h
[1.809s] -- Up-to-date: /root/ros_ws/src/Rescue_Car_ws/install/nav_msgs/include/nav_msgs/nav_msgs/srv/detail/load_map__functions.c
[1.809s] -- Up-to-date: /root/ros_ws/src/Rescue_Car_ws/install/nav_msgs/include/nav_msgs/nav_msgs/srv/detail/get_plan__struct.h
[1.809s] -- Up-to-date: /root/ros_ws/src/Rescue_Car_ws/install/nav_msgs/include/nav_msgs/nav_msgs/srv/detail/get_plan__functions.c
[1.810s] -- Up-to-date: /root/ros_ws/src/Rescue_Car_ws/install/nav_msgs/include/nav_msgs/nav_msgs/srv/detail/get_plan__type_support.h
[1.810s] -- Up-to-date: /root/ros_ws/src/Rescue_Car_ws/install/nav_msgs/include/nav_msgs/nav_msgs/srv/detail/set_map__functions.c
[1.811s] -- Up-to-date: /root/ros_ws/src/Rescue_Car_ws/install/nav_msgs/include/nav_msgs/nav_msgs/srv/detail/set_map__struct.h
[1.811s] -- Up-to-date: /root/ros_ws/src/Rescue_Car_ws/install/nav_msgs/include/nav_msgs/nav_msgs/srv/get_plan.h
[1.811s] -- Up-to-date: /root/ros_ws/src/Rescue_Car_ws/install/nav_msgs/include/nav_msgs/nav_msgs/srv/get_map.h
[1.812s] -- Up-to-date: /root/ros_ws/src/Rescue_Car_ws/install/nav_msgs/include/nav_msgs/nav_msgs/srv/load_map.h
[1.812s] -- Up-to-date: /root/ros_ws/src/Rescue_Car_ws/install/nav_msgs/include/nav_msgs/nav_msgs/msg
[1.812s] -- Up-to-date: /root/ros_ws/src/Rescue_Car_ws/install/nav_msgs/include/nav_msgs/nav_msgs/msg/odometry.h
[1.812s] -- Up-to-date: /root/ros_ws/src/Rescue_Car_ws/install/nav_msgs/include/nav_msgs/nav_msgs/msg/map_meta_data.h
[1.813s] -- Up-to-date: /root/ros_ws/src/Rescue_Car_ws/install/nav_msgs/include/nav_msgs/nav_msgs/msg/detail
[1.813s] -- Up-to-date: /root/ros_ws/src/Rescue_Car_ws/install/nav_msgs/include/nav_msgs/nav_msgs/msg/detail/occupancy_grid__struct.h
[1.813s] -- Up-to-date: /root/ros_ws/src/Rescue_Car_ws/install/nav_msgs/include/nav_msgs/nav_msgs/msg/detail/occupancy_grid__functions.c
[1.813s] -- Up-to-date: /root/ros_ws/src/Rescue_Car_ws/install/nav_msgs/include/nav_msgs/nav_msgs/msg/detail/path__type_support.h
[1.814s] -- Up-to-date: /root/ros_ws/src/Rescue_Car_ws/install/nav_msgs/include/nav_msgs/nav_msgs/msg/detail/goals__struct.h
[1.814s] -- Up-to-date: /root/ros_ws/src/Rescue_Car_ws/install/nav_msgs/include/nav_msgs/nav_msgs/msg/detail/path__struct.h
[1.814s] -- Up-to-date: /root/ros_ws/src/Rescue_Car_ws/install/nav_msgs/include/nav_msgs/nav_msgs/msg/detail/goals__functions.h
[1.814s] -- Up-to-date: /root/ros_ws/src/Rescue_Car_ws/install/nav_msgs/include/nav_msgs/nav_msgs/msg/detail/path__functions.h
[1.814s] -- Up-to-date: /root/ros_ws/src/Rescue_Car_ws/install/nav_msgs/include/nav_msgs/nav_msgs/msg/detail/path__functions.c
[1.814s] -- Up-to-date: /root/ros_ws/src/Rescue_Car_ws/install/nav_msgs/include/nav_msgs/nav_msgs/msg/detail/odometry__type_support.h
[1.814s] -- Up-to-date: /root/ros_ws/src/Rescue_Car_ws/install/nav_msgs/include/nav_msgs/nav_msgs/msg/detail/odometry__struct.h
[1.814s] -- Up-to-date: /root/ros_ws/src/Rescue_Car_ws/install/nav_msgs/include/nav_msgs/nav_msgs/msg/detail/map_meta_data__functions.h
[1.815s] -- Up-to-date: /root/ros_ws/src/Rescue_Car_ws/install/nav_msgs/include/nav_msgs/nav_msgs/msg/detail/grid_cells__functions.h
[1.815s] -- Up-to-date: /root/ros_ws/src/Rescue_Car_ws/install/nav_msgs/include/nav_msgs/nav_msgs/msg/detail/occupancy_grid__functions.h
[1.815s] -- Up-to-date: /root/ros_ws/src/Rescue_Car_ws/install/nav_msgs/include/nav_msgs/nav_msgs/msg/detail/map_meta_data__functions.c
[1.815s] -- Up-to-date: /root/ros_ws/src/Rescue_Car_ws/install/nav_msgs/include/nav_msgs/nav_msgs/msg/detail/goals__type_support.h
[1.815s] -- Up-to-date: /root/ros_ws/src/Rescue_Car_ws/install/nav_msgs/include/nav_msgs/nav_msgs/msg/detail/occupancy_grid__type_support.h
[1.815s] -- Up-to-date: /root/ros_ws/src/Rescue_Car_ws/install/nav_msgs/include/nav_msgs/nav_msgs/msg/detail/map_meta_data__type_support.h
[1.815s] -- Up-to-date: /root/ros_ws/src/Rescue_Car_ws/install/nav_msgs/include/nav_msgs/nav_msgs/msg/detail/goals__functions.c
[1.815s] -- Up-to-date: /root/ros_ws/src/Rescue_Car_ws/install/nav_msgs/include/nav_msgs/nav_msgs/msg/detail/odometry__functions.h
[1.815s] -- Up-to-date: /root/ros_ws/src/Rescue_Car_ws/install/nav_msgs/include/nav_msgs/nav_msgs/msg/detail/map_meta_data__struct.h
[1.816s] -- Up-to-date: /root/ros_ws/src/Rescue_Car_ws/install/nav_msgs/include/nav_msgs/nav_msgs/msg/detail/grid_cells__struct.h
[1.816s] -- Up-to-date: /root/ros_ws/src/Rescue_Car_ws/install/nav_msgs/include/nav_msgs/nav_msgs/msg/detail/grid_cells__functions.c
[1.816s] -- Up-to-date: /root/ros_ws/src/Rescue_Car_ws/install/nav_msgs/include/nav_msgs/nav_msgs/msg/detail/grid_cells__type_support.h
[1.816s] -- Up-to-date: /root/ros_ws/src/Rescue_Car_ws/install/nav_msgs/include/nav_msgs/nav_msgs/msg/detail/odometry__functions.c
[1.816s] -- Up-to-date: /root/ros_ws/src/Rescue_Car_ws/install/nav_msgs/include/nav_msgs/nav_msgs/msg/goals.h
[1.816s] -- Up-to-date: /root/ros_ws/src/Rescue_Car_ws/install/nav_msgs/include/nav_msgs/nav_msgs/msg/grid_cells.h
[1.816s] -- Up-to-date: /root/ros_ws/src/Rescue_Car_ws/install/nav_msgs/include/nav_msgs/nav_msgs/msg/rosidl_generator_c__visibility_control.h
[1.816s] -- Up-to-date: /root/ros_ws/src/Rescue_Car_ws/install/nav_msgs/include/nav_msgs/nav_msgs/msg/occupancy_grid.h
[1.816s] -- Up-to-date: /root/ros_ws/src/Rescue_Car_ws/install/nav_msgs/include/nav_msgs/nav_msgs/msg/path.h
[1.816s] -- Up-to-date: /root/ros_ws/src/Rescue_Car_ws/install/nav_msgs/share/nav_msgs/environment/library_path.sh
[1.817s] -- Up-to-date: /root/ros_ws/src/Rescue_Car_ws/install/nav_msgs/share/nav_msgs/environment/library_path.dsv
[1.817s] -- Up-to-date: /root/ros_ws/src/Rescue_Car_ws/install/nav_msgs/lib/libnav_msgs__rosidl_generator_c.so
[1.817s] -- Up-to-date: /root/ros_ws/src/Rescue_Car_ws/install/nav_msgs/include/nav_msgs/nav_msgs
[1.817s] -- Up-to-date: /root/ros_ws/src/Rescue_Car_ws/install/nav_msgs/include/nav_msgs/nav_msgs/srv
[1.817s] -- Up-to-date: /root/ros_ws/src/Rescue_Car_ws/install/nav_msgs/include/nav_msgs/nav_msgs/srv/detail
[1.817s] -- Up-to-date: /root/ros_ws/src/Rescue_Car_ws/install/nav_msgs/include/nav_msgs/nav_msgs/srv/detail/get_map__rosidl_typesupport_fastrtps_c.h
[1.817s] -- Up-to-date: /root/ros_ws/src/Rescue_Car_ws/install/nav_msgs/include/nav_msgs/nav_msgs/srv/detail/set_map__rosidl_typesupport_fastrtps_c.h
[1.818s] -- Up-to-date: /root/ros_ws/src/Rescue_Car_ws/install/nav_msgs/include/nav_msgs/nav_msgs/srv/detail/load_map__rosidl_typesupport_fastrtps_c.h
[1.818s] -- Up-to-date: /root/ros_ws/src/Rescue_Car_ws/install/nav_msgs/include/nav_msgs/nav_msgs/srv/detail/get_plan__rosidl_typesupport_fastrtps_c.h
[1.818s] -- Up-to-date: /root/ros_ws/src/Rescue_Car_ws/install/nav_msgs/include/nav_msgs/nav_msgs/msg
[1.818s] -- Up-to-date: /root/ros_ws/src/Rescue_Car_ws/install/nav_msgs/include/nav_msgs/nav_msgs/msg/detail
[1.818s] -- Up-to-date: /root/ros_ws/src/Rescue_Car_ws/install/nav_msgs/include/nav_msgs/nav_msgs/msg/detail/odometry__rosidl_typesupport_fastrtps_c.h
[1.819s] -- Up-to-date: /root/ros_ws/src/Rescue_Car_ws/install/nav_msgs/include/nav_msgs/nav_msgs/msg/detail/grid_cells__rosidl_typesupport_fastrtps_c.h
[1.819s] -- Up-to-date: /root/ros_ws/src/Rescue_Car_ws/install/nav_msgs/include/nav_msgs/nav_msgs/msg/detail/occupancy_grid__rosidl_typesupport_fastrtps_c.h
[1.819s] -- Up-to-date: /root/ros_ws/src/Rescue_Car_ws/install/nav_msgs/include/nav_msgs/nav_msgs/msg/detail/path__rosidl_typesupport_fastrtps_c.h
[1.819s] -- Up-to-date: /root/ros_ws/src/Rescue_Car_ws/install/nav_msgs/include/nav_msgs/nav_msgs/msg/detail/goals__rosidl_typesupport_fastrtps_c.h
[1.819s] -- Up-to-date: /root/ros_ws/src/Rescue_Car_ws/install/nav_msgs/include/nav_msgs/nav_msgs/msg/detail/map_meta_data__rosidl_typesupport_fastrtps_c.h
[1.819s] -- Up-to-date: /root/ros_ws/src/Rescue_Car_ws/install/nav_msgs/include/nav_msgs/nav_msgs/msg/rosidl_typesupport_fastrtps_c__visibility_control.h
[1.819s] -- Installing: /root/ros_ws/src/Rescue_Car_ws/install/nav_msgs/lib/libnav_msgs__rosidl_typesupport_fastrtps_c.so
[1.819s] -- Set runtime path of "/root/ros_ws/src/Rescue_Car_ws/install/nav_msgs/lib/libnav_msgs__rosidl_typesupport_fastrtps_c.so" to ""
[1.819s] -- Up-to-date: /root/ros_ws/src/Rescue_Car_ws/install/nav_msgs/include/nav_msgs/nav_msgs
[1.819s] -- Up-to-date: /root/ros_ws/src/Rescue_Car_ws/install/nav_msgs/include/nav_msgs/nav_msgs/srv
[1.819s] -- Up-to-date: /root/ros_ws/src/Rescue_Car_ws/install/nav_msgs/include/nav_msgs/nav_msgs/srv/get_map.hpp
[1.819s] -- Up-to-date: /root/ros_ws/src/Rescue_Car_ws/install/nav_msgs/include/nav_msgs/nav_msgs/srv/set_map.hpp
[1.819s] -- Up-to-date: /root/ros_ws/src/Rescue_Car_ws/install/nav_msgs/include/nav_msgs/nav_msgs/srv/detail
[1.819s] -- Up-to-date: /root/ros_ws/src/Rescue_Car_ws/install/nav_msgs/include/nav_msgs/nav_msgs/srv/detail/get_plan__traits.hpp
[1.819s] -- Up-to-date: /root/ros_ws/src/Rescue_Car_ws/install/nav_msgs/include/nav_msgs/nav_msgs/srv/detail/get_plan__struct.hpp
[1.820s] -- Up-to-date: /root/ros_ws/src/Rescue_Car_ws/install/nav_msgs/include/nav_msgs/nav_msgs/srv/detail/load_map__traits.hpp
[1.820s] -- Up-to-date: /root/ros_ws/src/Rescue_Car_ws/install/nav_msgs/include/nav_msgs/nav_msgs/srv/detail/get_map__type_support.hpp
[1.820s] -- Up-to-date: /root/ros_ws/src/Rescue_Car_ws/install/nav_msgs/include/nav_msgs/nav_msgs/srv/detail/get_plan__builder.hpp
[1.820s] -- Up-to-date: /root/ros_ws/src/Rescue_Car_ws/install/nav_msgs/include/nav_msgs/nav_msgs/srv/detail/get_map__traits.hpp
[1.820s] -- Up-to-date: /root/ros_ws/src/Rescue_Car_ws/install/nav_msgs/include/nav_msgs/nav_msgs/srv/detail/load_map__type_support.hpp
[1.820s] -- Up-to-date: /root/ros_ws/src/Rescue_Car_ws/install/nav_msgs/include/nav_msgs/nav_msgs/srv/detail/set_map__struct.hpp
[1.820s] -- Up-to-date: /root/ros_ws/src/Rescue_Car_ws/install/nav_msgs/include/nav_msgs/nav_msgs/srv/detail/set_map__type_support.hpp
[1.820s] -- Up-to-date: /root/ros_ws/src/Rescue_Car_ws/install/nav_msgs/include/nav_msgs/nav_msgs/srv/detail/get_map__struct.hpp
[1.820s] -- Up-to-date: /root/ros_ws/src/Rescue_Car_ws/install/nav_msgs/include/nav_msgs/nav_msgs/srv/detail/set_map__builder.hpp
[1.820s] -- Up-to-date: /root/ros_ws/src/Rescue_Car_ws/install/nav_msgs/include/nav_msgs/nav_msgs/srv/detail/load_map__struct.hpp
[1.820s] -- Up-to-date: /root/ros_ws/src/Rescue_Car_ws/install/nav_msgs/include/nav_msgs/nav_msgs/srv/detail/load_map__builder.hpp
[1.820s] -- Up-to-date: /root/ros_ws/src/Rescue_Car_ws/install/nav_msgs/include/nav_msgs/nav_msgs/srv/detail/get_map__builder.hpp
[1.820s] -- Up-to-date: /root/ros_ws/src/Rescue_Car_ws/install/nav_msgs/include/nav_msgs/nav_msgs/srv/detail/set_map__traits.hpp
[1.820s] -- Up-to-date: /root/ros_ws/src/Rescue_Car_ws/install/nav_msgs/include/nav_msgs/nav_msgs/srv/detail/get_plan__type_support.hpp
[1.821s] -- Up-to-date: /root/ros_ws/src/Rescue_Car_ws/install/nav_msgs/include/nav_msgs/nav_msgs/srv/load_map.hpp
[1.821s] -- Up-to-date: /root/ros_ws/src/Rescue_Car_ws/install/nav_msgs/include/nav_msgs/nav_msgs/srv/get_plan.hpp
[1.821s] -- Up-to-date: /root/ros_ws/src/Rescue_Car_ws/install/nav_msgs/include/nav_msgs/nav_msgs/msg
[1.821s] -- Up-to-date: /root/ros_ws/src/Rescue_Car_ws/install/nav_msgs/include/nav_msgs/nav_msgs/msg/rosidl_generator_cpp__visibility_control.hpp
[1.821s] -- Up-to-date: /root/ros_ws/src/Rescue_Car_ws/install/nav_msgs/include/nav_msgs/nav_msgs/msg/occupancy_grid.hpp
[1.821s] -- Up-to-date: /root/ros_ws/src/Rescue_Car_ws/install/nav_msgs/include/nav_msgs/nav_msgs/msg/path.hpp
[1.821s] -- Up-to-date: /root/ros_ws/src/Rescue_Car_ws/install/nav_msgs/include/nav_msgs/nav_msgs/msg/odometry.hpp
[1.821s] -- Up-to-date: /root/ros_ws/src/Rescue_Car_ws/install/nav_msgs/include/nav_msgs/nav_msgs/msg/detail
[1.821s] -- Up-to-date: /root/ros_ws/src/Rescue_Car_ws/install/nav_msgs/include/nav_msgs/nav_msgs/msg/detail/odometry__struct.hpp
[1.821s] -- Up-to-date: /root/ros_ws/src/Rescue_Car_ws/install/nav_msgs/include/nav_msgs/nav_msgs/msg/detail/grid_cells__struct.hpp
[1.821s] -- Up-to-date: /root/ros_ws/src/Rescue_Car_ws/install/nav_msgs/include/nav_msgs/nav_msgs/msg/detail/goals__builder.hpp
[1.821s] -- Up-to-date: /root/ros_ws/src/Rescue_Car_ws/install/nav_msgs/include/nav_msgs/nav_msgs/msg/detail/odometry__builder.hpp
[1.821s] -- Up-to-date: /root/ros_ws/src/Rescue_Car_ws/install/nav_msgs/include/nav_msgs/nav_msgs/msg/detail/path__struct.hpp
[1.821s] -- Up-to-date: /root/ros_ws/src/Rescue_Car_ws/install/nav_msgs/include/nav_msgs/nav_msgs/msg/detail/occupancy_grid__traits.hpp
[1.821s] -- Up-to-date: /root/ros_ws/src/Rescue_Car_ws/install/nav_msgs/include/nav_msgs/nav_msgs/msg/detail/occupancy_grid__struct.hpp
[1.822s] -- Up-to-date: /root/ros_ws/src/Rescue_Car_ws/install/nav_msgs/include/nav_msgs/nav_msgs/msg/detail/grid_cells__builder.hpp
[1.822s] -- Up-to-date: /root/ros_ws/src/Rescue_Car_ws/install/nav_msgs/include/nav_msgs/nav_msgs/msg/detail/goals__traits.hpp
[1.822s] -- Up-to-date: /root/ros_ws/src/Rescue_Car_ws/install/nav_msgs/include/nav_msgs/nav_msgs/msg/detail/grid_cells__traits.hpp
[1.822s] -- Up-to-date: /root/ros_ws/src/Rescue_Car_ws/install/nav_msgs/include/nav_msgs/nav_msgs/msg/detail/goals__struct.hpp
[1.822s] -- Up-to-date: /root/ros_ws/src/Rescue_Car_ws/install/nav_msgs/include/nav_msgs/nav_msgs/msg/detail/path__builder.hpp
[1.822s] -- Up-to-date: /root/ros_ws/src/Rescue_Car_ws/install/nav_msgs/include/nav_msgs/nav_msgs/msg/detail/odometry__type_support.hpp
[1.822s] -- Up-to-date: /root/ros_ws/src/Rescue_Car_ws/install/nav_msgs/include/nav_msgs/nav_msgs/msg/detail/map_meta_data__struct.hpp
[1.822s] -- Up-to-date: /root/ros_ws/src/Rescue_Car_ws/install/nav_msgs/include/nav_msgs/nav_msgs/msg/detail/goals__type_support.hpp
[1.822s] -- Up-to-date: /root/ros_ws/src/Rescue_Car_ws/install/nav_msgs/include/nav_msgs/nav_msgs/msg/detail/map_meta_data__traits.hpp
[1.822s] -- Up-to-date: /root/ros_ws/src/Rescue_Car_ws/install/nav_msgs/include/nav_msgs/nav_msgs/msg/detail/occupancy_grid__type_support.hpp
[1.822s] -- Up-to-date: /root/ros_ws/src/Rescue_Car_ws/install/nav_msgs/include/nav_msgs/nav_msgs/msg/detail/path__type_support.hpp
[1.822s] -- Up-to-date: /root/ros_ws/src/Rescue_Car_ws/install/nav_msgs/include/nav_msgs/nav_msgs/msg/detail/occupancy_grid__builder.hpp
[1.823s] -- Up-to-date: /root/ros_ws/src/Rescue_Car_ws/install/nav_msgs/include/nav_msgs/nav_msgs/msg/detail/grid_cells__type_support.hpp
[1.823s] -- Up-to-date: /root/ros_ws/src/Rescue_Car_ws/install/nav_msgs/include/nav_msgs/nav_msgs/msg/detail/map_meta_data__builder.hpp
[1.823s] -- Up-to-date: /root/ros_ws/src/Rescue_Car_ws/install/nav_msgs/include/nav_msgs/nav_msgs/msg/detail/map_meta_data__type_support.hpp
[1.823s] -- Up-to-date: /root/ros_ws/src/Rescue_Car_ws/install/nav_msgs/include/nav_msgs/nav_msgs/msg/detail/path__traits.hpp
[1.823s] -- Up-to-date: /root/ros_ws/src/Rescue_Car_ws/install/nav_msgs/include/nav_msgs/nav_msgs/msg/detail/odometry__traits.hpp
[1.823s] -- Up-to-date: /root/ros_ws/src/Rescue_Car_ws/install/nav_msgs/include/nav_msgs/nav_msgs/msg/grid_cells.hpp
[1.823s] -- Up-to-date: /root/ros_ws/src/Rescue_Car_ws/install/nav_msgs/include/nav_msgs/nav_msgs/msg/map_meta_data.hpp
[1.823s] -- Up-to-date: /root/ros_ws/src/Rescue_Car_ws/install/nav_msgs/include/nav_msgs/nav_msgs/msg/goals.hpp
[1.823s] -- Up-to-date: /root/ros_ws/src/Rescue_Car_ws/install/nav_msgs/include/nav_msgs/nav_msgs
[1.823s] -- Up-to-date: /root/ros_ws/src/Rescue_Car_ws/install/nav_msgs/include/nav_msgs/nav_msgs/srv
[1.823s] -- Up-to-date: /root/ros_ws/src/Rescue_Car_ws/install/nav_msgs/include/nav_msgs/nav_msgs/srv/detail
[1.823s] -- Up-to-date: /root/ros_ws/src/Rescue_Car_ws/install/nav_msgs/include/nav_msgs/nav_msgs/srv/detail/load_map__rosidl_typesupport_fastrtps_cpp.hpp
[1.823s] -- Up-to-date: /root/ros_ws/src/Rescue_Car_ws/install/nav_msgs/include/nav_msgs/nav_msgs/srv/detail/dds_fastrtps
[1.823s] -- Up-to-date: /root/ros_ws/src/Rescue_Car_ws/install/nav_msgs/include/nav_msgs/nav_msgs/srv/detail/get_map__rosidl_typesupport_fastrtps_cpp.hpp
[1.823s] -- Up-to-date: /root/ros_ws/src/Rescue_Car_ws/install/nav_msgs/include/nav_msgs/nav_msgs/srv/detail/get_plan__rosidl_typesupport_fastrtps_cpp.hpp
[1.824s] -- Up-to-date: /root/ros_ws/src/Rescue_Car_ws/install/nav_msgs/include/nav_msgs/nav_msgs/srv/detail/set_map__rosidl_typesupport_fastrtps_cpp.hpp
[1.824s] -- Up-to-date: /root/ros_ws/src/Rescue_Car_ws/install/nav_msgs/include/nav_msgs/nav_msgs/msg
[1.824s] -- Up-to-date: /root/ros_ws/src/Rescue_Car_ws/install/nav_msgs/include/nav_msgs/nav_msgs/msg/rosidl_typesupport_fastrtps_cpp__visibility_control.h
[1.824s] -- Up-to-date: /root/ros_ws/src/Rescue_Car_ws/install/nav_msgs/include/nav_msgs/nav_msgs/msg/detail
[1.824s] -- Up-to-date: /root/ros_ws/src/Rescue_Car_ws/install/nav_msgs/include/nav_msgs/nav_msgs/msg/detail/grid_cells__rosidl_typesupport_fastrtps_cpp.hpp
[1.824s] -- Up-to-date: /root/ros_ws/src/Rescue_Car_ws/install/nav_msgs/include/nav_msgs/nav_msgs/msg/detail/occupancy_grid__rosidl_typesupport_fastrtps_cpp.hpp
[1.824s] -- Up-to-date: /root/ros_ws/src/Rescue_Car_ws/install/nav_msgs/include/nav_msgs/nav_msgs/msg/detail/path__rosidl_typesupport_fastrtps_cpp.hpp
[1.824s] -- Up-to-date: /root/ros_ws/src/Rescue_Car_ws/install/nav_msgs/include/nav_msgs/nav_msgs/msg/detail/goals__rosidl_typesupport_fastrtps_cpp.hpp
[1.824s] -- Up-to-date: /root/ros_ws/src/Rescue_Car_ws/install/nav_msgs/include/nav_msgs/nav_msgs/msg/detail/dds_fastrtps
[1.824s] -- Up-to-date: /root/ros_ws/src/Rescue_Car_ws/install/nav_msgs/include/nav_msgs/nav_msgs/msg/detail/odometry__rosidl_typesupport_fastrtps_cpp.hpp
[1.824s] -- Up-to-date: /root/ros_ws/src/Rescue_Car_ws/install/nav_msgs/include/nav_msgs/nav_msgs/msg/detail/map_meta_data__rosidl_typesupport_fastrtps_cpp.hpp
[1.824s] -- Up-to-date: /root/ros_ws/src/Rescue_Car_ws/install/nav_msgs/lib/libnav_msgs__rosidl_typesupport_fastrtps_cpp.so
[1.824s] -- Up-to-date: /root/ros_ws/src/Rescue_Car_ws/install/nav_msgs/include/nav_msgs/nav_msgs
[1.824s] -- Up-to-date: /root/ros_ws/src/Rescue_Car_ws/install/nav_msgs/include/nav_msgs/nav_msgs/srv
[1.824s] -- Up-to-date: /root/ros_ws/src/Rescue_Car_ws/install/nav_msgs/include/nav_msgs/nav_msgs/srv/detail
[1.825s] -- Up-to-date: /root/ros_ws/src/Rescue_Car_ws/install/nav_msgs/include/nav_msgs/nav_msgs/srv/detail/get_map__type_support.c
[1.825s] -- Up-to-date: /root/ros_ws/src/Rescue_Car_ws/install/nav_msgs/include/nav_msgs/nav_msgs/srv/detail/load_map__type_support.c
[1.825s] -- Up-to-date: /root/ros_ws/src/Rescue_Car_ws/install/nav_msgs/include/nav_msgs/nav_msgs/srv/detail/get_map__rosidl_typesupport_introspection_c.h
[1.825s] -- Up-to-date: /root/ros_ws/src/Rescue_Car_ws/install/nav_msgs/include/nav_msgs/nav_msgs/srv/detail/set_map__rosidl_typesupport_introspection_c.h
[1.825s] -- Up-to-date: /root/ros_ws/src/Rescue_Car_ws/install/nav_msgs/include/nav_msgs/nav_msgs/srv/detail/get_plan__rosidl_typesupport_introspection_c.h
[1.825s] -- Up-to-date: /root/ros_ws/src/Rescue_Car_ws/install/nav_msgs/include/nav_msgs/nav_msgs/srv/detail/load_map__rosidl_typesupport_introspection_c.h
[1.825s] -- Up-to-date: /root/ros_ws/src/Rescue_Car_ws/install/nav_msgs/include/nav_msgs/nav_msgs/srv/detail/get_plan__type_support.c
[1.825s] -- Up-to-date: /root/ros_ws/src/Rescue_Car_ws/install/nav_msgs/include/nav_msgs/nav_msgs/srv/detail/set_map__type_support.c
[1.825s] -- Up-to-date: /root/ros_ws/src/Rescue_Car_ws/install/nav_msgs/include/nav_msgs/nav_msgs/msg
[1.825s] -- Up-to-date: /root/ros_ws/src/Rescue_Car_ws/install/nav_msgs/include/nav_msgs/nav_msgs/msg/rosidl_typesupport_introspection_c__visibility_control.h
[1.825s] -- Up-to-date: /root/ros_ws/src/Rescue_Car_ws/install/nav_msgs/include/nav_msgs/nav_msgs/msg/detail
[1.825s] -- Up-to-date: /root/ros_ws/src/Rescue_Car_ws/install/nav_msgs/include/nav_msgs/nav_msgs/msg/detail/map_meta_data__type_support.c
[1.825s] -- Up-to-date: /root/ros_ws/src/Rescue_Car_ws/install/nav_msgs/include/nav_msgs/nav_msgs/msg/detail/odometry__type_support.c
[1.825s] -- Up-to-date: /root/ros_ws/src/Rescue_Car_ws/install/nav_msgs/include/nav_msgs/nav_msgs/msg/detail/path__rosidl_typesupport_introspection_c.h
[1.825s] -- Up-to-date: /root/ros_ws/src/Rescue_Car_ws/install/nav_msgs/include/nav_msgs/nav_msgs/msg/detail/grid_cells__type_support.c
[1.825s] -- Up-to-date: /root/ros_ws/src/Rescue_Car_ws/install/nav_msgs/include/nav_msgs/nav_msgs/msg/detail/goals__type_support.c
[1.826s] -- Up-to-date: /root/ros_ws/src/Rescue_Car_ws/install/nav_msgs/include/nav_msgs/nav_msgs/msg/detail/occupancy_grid__rosidl_typesupport_introspection_c.h
[1.826s] -- Up-to-date: /root/ros_ws/src/Rescue_Car_ws/install/nav_msgs/include/nav_msgs/nav_msgs/msg/detail/map_meta_data__rosidl_typesupport_introspection_c.h
[1.826s] -- Up-to-date: /root/ros_ws/src/Rescue_Car_ws/install/nav_msgs/include/nav_msgs/nav_msgs/msg/detail/path__type_support.c
[1.826s] -- Up-to-date: /root/ros_ws/src/Rescue_Car_ws/install/nav_msgs/include/nav_msgs/nav_msgs/msg/detail/grid_cells__rosidl_typesupport_introspection_c.h
[1.826s] -- Up-to-date: /root/ros_ws/src/Rescue_Car_ws/install/nav_msgs/include/nav_msgs/nav_msgs/msg/detail/goals__rosidl_typesupport_introspection_c.h
[1.826s] -- Up-to-date: /root/ros_ws/src/Rescue_Car_ws/install/nav_msgs/include/nav_msgs/nav_msgs/msg/detail/occupancy_grid__type_support.c
[1.826s] -- Up-to-date: /root/ros_ws/src/Rescue_Car_ws/install/nav_msgs/include/nav_msgs/nav_msgs/msg/detail/odometry__rosidl_typesupport_introspection_c.h
[1.826s] -- Up-to-date: /root/ros_ws/src/Rescue_Car_ws/install/nav_msgs/lib/libnav_msgs__rosidl_typesupport_introspection_c.so
[1.826s] -- Up-to-date: /root/ros_ws/src/Rescue_Car_ws/install/nav_msgs/lib/libnav_msgs__rosidl_typesupport_c.so
[1.826s] -- Up-to-date: /root/ros_ws/src/Rescue_Car_ws/install/nav_msgs/include/nav_msgs/nav_msgs
[1.826s] -- Up-to-date: /root/ros_ws/src/Rescue_Car_ws/install/nav_msgs/include/nav_msgs/nav_msgs/srv
[1.826s] -- Up-to-date: /root/ros_ws/src/Rescue_Car_ws/install/nav_msgs/include/nav_msgs/nav_msgs/srv/detail
[1.826s] -- Up-to-date: /root/ros_ws/src/Rescue_Car_ws/install/nav_msgs/include/nav_msgs/nav_msgs/srv/detail/get_map__rosidl_typesupport_introspection_cpp.hpp
[1.827s] -- Up-to-date: /root/ros_ws/src/Rescue_Car_ws/install/nav_msgs/include/nav_msgs/nav_msgs/srv/detail/set_map__rosidl_typesupport_introspection_cpp.hpp
[1.827s] -- Up-to-date: /root/ros_ws/src/Rescue_Car_ws/install/nav_msgs/include/nav_msgs/nav_msgs/srv/detail/get_plan__type_support.cpp
[1.827s] -- Up-to-date: /root/ros_ws/src/Rescue_Car_ws/install/nav_msgs/include/nav_msgs/nav_msgs/srv/detail/set_map__type_support.cpp
[1.827s] -- Up-to-date: /root/ros_ws/src/Rescue_Car_ws/install/nav_msgs/include/nav_msgs/nav_msgs/srv/detail/load_map__rosidl_typesupport_introspection_cpp.hpp
[1.827s] -- Up-to-date: /root/ros_ws/src/Rescue_Car_ws/install/nav_msgs/include/nav_msgs/nav_msgs/srv/detail/get_map__type_support.cpp
[1.827s] -- Up-to-date: /root/ros_ws/src/Rescue_Car_ws/install/nav_msgs/include/nav_msgs/nav_msgs/srv/detail/get_plan__rosidl_typesupport_introspection_cpp.hpp
[1.827s] -- Up-to-date: /root/ros_ws/src/Rescue_Car_ws/install/nav_msgs/include/nav_msgs/nav_msgs/srv/detail/load_map__type_support.cpp
[1.827s] -- Up-to-date: /root/ros_ws/src/Rescue_Car_ws/install/nav_msgs/include/nav_msgs/nav_msgs/msg
[1.827s] -- Up-to-date: /root/ros_ws/src/Rescue_Car_ws/install/nav_msgs/include/nav_msgs/nav_msgs/msg/detail
[1.827s] -- Up-to-date: /root/ros_ws/src/Rescue_Car_ws/install/nav_msgs/include/nav_msgs/nav_msgs/msg/detail/map_meta_data__type_support.cpp
[1.827s] -- Up-to-date: /root/ros_ws/src/Rescue_Car_ws/install/nav_msgs/include/nav_msgs/nav_msgs/msg/detail/grid_cells__type_support.cpp
[1.827s] -- Up-to-date: /root/ros_ws/src/Rescue_Car_ws/install/nav_msgs/include/nav_msgs/nav_msgs/msg/detail/occupancy_grid__type_support.cpp
[1.827s] -- Up-to-date: /root/ros_ws/src/Rescue_Car_ws/install/nav_msgs/include/nav_msgs/nav_msgs/msg/detail/odometry__type_support.cpp
[1.827s] -- Up-to-date: /root/ros_ws/src/Rescue_Car_ws/install/nav_msgs/include/nav_msgs/nav_msgs/msg/detail/path__rosidl_typesupport_introspection_cpp.hpp
[1.827s] -- Up-to-date: /root/ros_ws/src/Rescue_Car_ws/install/nav_msgs/include/nav_msgs/nav_msgs/msg/detail/odometry__rosidl_typesupport_introspection_cpp.hpp
[1.827s] -- Up-to-date: /root/ros_ws/src/Rescue_Car_ws/install/nav_msgs/include/nav_msgs/nav_msgs/msg/detail/occupancy_grid__rosidl_typesupport_introspection_cpp.hpp
[1.828s] -- Up-to-date: /root/ros_ws/src/Rescue_Car_ws/install/nav_msgs/include/nav_msgs/nav_msgs/msg/detail/map_meta_data__rosidl_typesupport_introspection_cpp.hpp
[1.828s] -- Up-to-date: /root/ros_ws/src/Rescue_Car_ws/install/nav_msgs/include/nav_msgs/nav_msgs/msg/detail/goals__rosidl_typesupport_introspection_cpp.hpp
[1.828s] -- Up-to-date: /root/ros_ws/src/Rescue_Car_ws/install/nav_msgs/include/nav_msgs/nav_msgs/msg/detail/goals__type_support.cpp
[1.828s] -- Up-to-date: /root/ros_ws/src/Rescue_Car_ws/install/nav_msgs/include/nav_msgs/nav_msgs/msg/detail/grid_cells__rosidl_typesupport_introspection_cpp.hpp
[1.828s] -- Up-to-date: /root/ros_ws/src/Rescue_Car_ws/install/nav_msgs/include/nav_msgs/nav_msgs/msg/detail/path__type_support.cpp
[1.828s] -- Up-to-date: /root/ros_ws/src/Rescue_Car_ws/install/nav_msgs/lib/libnav_msgs__rosidl_typesupport_introspection_cpp.so
[1.828s] -- Up-to-date: /root/ros_ws/src/Rescue_Car_ws/install/nav_msgs/lib/libnav_msgs__rosidl_typesupport_cpp.so
[1.828s] -- Up-to-date: /root/ros_ws/src/Rescue_Car_ws/install/nav_msgs/share/nav_msgs/environment/pythonpath.sh
[1.828s] -- Up-to-date: /root/ros_ws/src/Rescue_Car_ws/install/nav_msgs/share/nav_msgs/environment/pythonpath.dsv
[1.828s] -- Up-to-date: /root/ros_ws/src/Rescue_Car_ws/install/nav_msgs/local/lib/python3.10/dist-packages/nav_msgs-4.9.0-py3.10.egg-info
[1.828s] -- Installing: /root/ros_ws/src/Rescue_Car_ws/install/nav_msgs/local/lib/python3.10/dist-packages/nav_msgs-4.9.0-py3.10.egg-info/dependency_links.txt
[1.828s] -- Installing: /root/ros_ws/src/Rescue_Car_ws/install/nav_msgs/local/lib/python3.10/dist-packages/nav_msgs-4.9.0-py3.10.egg-info/SOURCES.txt
[1.828s] -- Installing: /root/ros_ws/src/Rescue_Car_ws/install/nav_msgs/local/lib/python3.10/dist-packages/nav_msgs-4.9.0-py3.10.egg-info/PKG-INFO
[1.828s] -- Installing: /root/ros_ws/src/Rescue_Car_ws/install/nav_msgs/local/lib/python3.10/dist-packages/nav_msgs-4.9.0-py3.10.egg-info/top_level.txt
[1.829s] -- Up-to-date: /root/ros_ws/src/Rescue_Car_ws/install/nav_msgs/local/lib/python3.10/dist-packages/nav_msgs
[1.829s] -- Up-to-date: /root/ros_ws/src/Rescue_Car_ws/install/nav_msgs/local/lib/python3.10/dist-packages/nav_msgs/libnav_msgs__rosidl_generator_py.so
[1.829s] -- Up-to-date: /root/ros_ws/src/Rescue_Car_ws/install/nav_msgs/local/lib/python3.10/dist-packages/nav_msgs/nav_msgs_s__rosidl_typesupport_c.cpython-310-x86_64-linux-gnu.so
[1.829s] -- Up-to-date: /root/ros_ws/src/Rescue_Car_ws/install/nav_msgs/local/lib/python3.10/dist-packages/nav_msgs/_nav_msgs_s.ep.rosidl_typesupport_introspection_c.c
[1.829s] -- Up-to-date: /root/ros_ws/src/Rescue_Car_ws/install/nav_msgs/local/lib/python3.10/dist-packages/nav_msgs/_nav_msgs_s.ep.rosidl_typesupport_fastrtps_c.c
[1.829s] -- Up-to-date: /root/ros_ws/src/Rescue_Car_ws/install/nav_msgs/local/lib/python3.10/dist-packages/nav_msgs/srv
[1.829s] -- Up-to-date: /root/ros_ws/src/Rescue_Car_ws/install/nav_msgs/local/lib/python3.10/dist-packages/nav_msgs/srv/_set_map_s.c
[1.829s] -- Up-to-date: /root/ros_ws/src/Rescue_Car_ws/install/nav_msgs/local/lib/python3.10/dist-packages/nav_msgs/srv/_set_map.py
[1.829s] -- Up-to-date: /root/ros_ws/src/Rescue_Car_ws/install/nav_msgs/local/lib/python3.10/dist-packages/nav_msgs/srv/_get_plan_s.c
[1.829s] -- Up-to-date: /root/ros_ws/src/Rescue_Car_ws/install/nav_msgs/local/lib/python3.10/dist-packages/nav_msgs/srv/_get_map_s.c
[1.829s] -- Up-to-date: /root/ros_ws/src/Rescue_Car_ws/install/nav_msgs/local/lib/python3.10/dist-packages/nav_msgs/srv/_get_plan.py
[1.829s] -- Up-to-date: /root/ros_ws/src/Rescue_Car_ws/install/nav_msgs/local/lib/python3.10/dist-packages/nav_msgs/srv/_load_map.py
[1.829s] -- Up-to-date: /root/ros_ws/src/Rescue_Car_ws/install/nav_msgs/local/lib/python3.10/dist-packages/nav_msgs/srv/_get_map.py
[1.829s] -- Up-to-date: /root/ros_ws/src/Rescue_Car_ws/install/nav_msgs/local/lib/python3.10/dist-packages/nav_msgs/srv/__init__.py
[1.829s] -- Up-to-date: /root/ros_ws/src/Rescue_Car_ws/install/nav_msgs/local/lib/python3.10/dist-packages/nav_msgs/srv/_load_map_s.c
[1.829s] -- Up-to-date: /root/ros_ws/src/Rescue_Car_ws/install/nav_msgs/local/lib/python3.10/dist-packages/nav_msgs/nav_msgs_s__rosidl_typesupport_introspection_c.cpython-310-x86_64-linux-gnu.so
[1.830s] -- Up-to-date: /root/ros_ws/src/Rescue_Car_ws/install/nav_msgs/local/lib/python3.10/dist-packages/nav_msgs/__init__.py
[1.830s] -- Up-to-date: /root/ros_ws/src/Rescue_Car_ws/install/nav_msgs/local/lib/python3.10/dist-packages/nav_msgs/_nav_msgs_s.ep.rosidl_typesupport_c.c
[1.830s] -- Up-to-date: /root/ros_ws/src/Rescue_Car_ws/install/nav_msgs/local/lib/python3.10/dist-packages/nav_msgs/msg
[1.830s] -- Up-to-date: /root/ros_ws/src/Rescue_Car_ws/install/nav_msgs/local/lib/python3.10/dist-packages/nav_msgs/msg/_occupancy_grid_s.c
[1.830s] -- Up-to-date: /root/ros_ws/src/Rescue_Car_ws/install/nav_msgs/local/lib/python3.10/dist-packages/nav_msgs/msg/_odometry.py
[1.830s] -- Up-to-date: /root/ros_ws/src/Rescue_Car_ws/install/nav_msgs/local/lib/python3.10/dist-packages/nav_msgs/msg/_occupancy_grid.py
[1.830s] -- Up-to-date: /root/ros_ws/src/Rescue_Car_ws/install/nav_msgs/local/lib/python3.10/dist-packages/nav_msgs/msg/_odometry_s.c
[1.830s] -- Up-to-date: /root/ros_ws/src/Rescue_Car_ws/install/nav_msgs/local/lib/python3.10/dist-packages/nav_msgs/msg/_map_meta_data.py
[1.830s] -- Up-to-date: /root/ros_ws/src/Rescue_Car_ws/install/nav_msgs/local/lib/python3.10/dist-packages/nav_msgs/msg/_map_meta_data_s.c
[1.830s] -- Up-to-date: /root/ros_ws/src/Rescue_Car_ws/install/nav_msgs/local/lib/python3.10/dist-packages/nav_msgs/msg/_goals.py
[1.830s] -- Up-to-date: /root/ros_ws/src/Rescue_Car_ws/install/nav_msgs/local/lib/python3.10/dist-packages/nav_msgs/msg/_path_s.c
[1.830s] -- Up-to-date: /root/ros_ws/src/Rescue_Car_ws/install/nav_msgs/local/lib/python3.10/dist-packages/nav_msgs/msg/_path.py
[1.830s] -- Up-to-date: /root/ros_ws/src/Rescue_Car_ws/install/nav_msgs/local/lib/python3.10/dist-packages/nav_msgs/msg/__init__.py
[1.830s] -- Up-to-date: /root/ros_ws/src/Rescue_Car_ws/install/nav_msgs/local/lib/python3.10/dist-packages/nav_msgs/msg/_grid_cells.py
[1.830s] -- Up-to-date: /root/ros_ws/src/Rescue_Car_ws/install/nav_msgs/local/lib/python3.10/dist-packages/nav_msgs/msg/_grid_cells_s.c
[1.831s] -- Up-to-date: /root/ros_ws/src/Rescue_Car_ws/install/nav_msgs/local/lib/python3.10/dist-packages/nav_msgs/msg/_goals_s.c
[1.831s] -- Installing: /root/ros_ws/src/Rescue_Car_ws/install/nav_msgs/local/lib/python3.10/dist-packages/nav_msgs/nav_msgs_s__rosidl_typesupport_fastrtps_c.cpython-310-x86_64-linux-gnu.so
[1.850s] Listing '/root/ros_ws/src/Rescue_Car_ws/install/nav_msgs/local/lib/python3.10/dist-packages/nav_msgs'...
[1.851s] Listing '/root/ros_ws/src/Rescue_Car_ws/install/nav_msgs/local/lib/python3.10/dist-packages/nav_msgs/msg'...
[1.851s] Listing '/root/ros_ws/src/Rescue_Car_ws/install/nav_msgs/local/lib/python3.10/dist-packages/nav_msgs/srv'...
[1.856s] -- Installing: /root/ros_ws/src/Rescue_Car_ws/install/nav_msgs/local/lib/python3.10/dist-packages/nav_msgs/nav_msgs_s__rosidl_typesupport_fastrtps_c.cpython-310-x86_64-linux-gnu.so
[1.856s] -- Set runtime path of "/root/ros_ws/src/Rescue_Car_ws/install/nav_msgs/local/lib/python3.10/dist-packages/nav_msgs/nav_msgs_s__rosidl_typesupport_fastrtps_c.cpython-310-x86_64-linux-gnu.so" to ""
[1.856s] -- Up-to-date: /root/ros_ws/src/Rescue_Car_ws/install/nav_msgs/local/lib/python3.10/dist-packages/nav_msgs/nav_msgs_s__rosidl_typesupport_introspection_c.cpython-310-x86_64-linux-gnu.so
[1.857s] -- Up-to-date: /root/ros_ws/src/Rescue_Car_ws/install/nav_msgs/local/lib/python3.10/dist-packages/nav_msgs/nav_msgs_s__rosidl_typesupport_c.cpython-310-x86_64-linux-gnu.so
[1.857s] -- Up-to-date: /root/ros_ws/src/Rescue_Car_ws/install/nav_msgs/lib/libnav_msgs__rosidl_generator_py.so
[1.857s] -- Up-to-date: /root/ros_ws/src/Rescue_Car_ws/install/nav_msgs/share/nav_msgs/msg/Goals.idl
[1.857s] -- Up-to-date: /root/ros_ws/src/Rescue_Car_ws/install/nav_msgs/share/nav_msgs/msg/GridCells.idl
[1.858s] -- Up-to-date: /root/ros_ws/src/Rescue_Car_ws/install/nav_msgs/share/nav_msgs/msg/MapMetaData.idl
[1.858s] -- Up-to-date: /root/ros_ws/src/Rescue_Car_ws/install/nav_msgs/share/nav_msgs/msg/OccupancyGrid.idl
[1.858s] -- Up-to-date: /root/ros_ws/src/Rescue_Car_ws/install/nav_msgs/share/nav_msgs/msg/Odometry.idl
[1.858s] -- Up-to-date: /root/ros_ws/src/Rescue_Car_ws/install/nav_msgs/share/nav_msgs/msg/Path.idl
[1.859s] -- Up-to-date: /root/ros_ws/src/Rescue_Car_ws/install/nav_msgs/share/nav_msgs/srv/GetMap.idl
[1.859s] -- Up-to-date: /root/ros_ws/src/Rescue_Car_ws/install/nav_msgs/share/nav_msgs/srv/GetPlan.idl
[1.859s] -- Up-to-date: /root/ros_ws/src/Rescue_Car_ws/install/nav_msgs/share/nav_msgs/srv/LoadMap.idl
[1.859s] -- Up-to-date: /root/ros_ws/src/Rescue_Car_ws/install/nav_msgs/share/nav_msgs/srv/SetMap.idl
[1.859s] -- Up-to-date: /root/ros_ws/src/Rescue_Car_ws/install/nav_msgs/share/nav_msgs/msg/Goals.msg
[1.859s] -- Up-to-date: /root/ros_ws/src/Rescue_Car_ws/install/nav_msgs/share/nav_msgs/msg/GridCells.msg
[1.860s] -- Up-to-date: /root/ros_ws/src/Rescue_Car_ws/install/nav_msgs/share/nav_msgs/msg/MapMetaData.msg
[1.860s] -- Up-to-date: /root/ros_ws/src/Rescue_Car_ws/install/nav_msgs/share/nav_msgs/msg/OccupancyGrid.msg
[1.860s] -- Up-to-date: /root/ros_ws/src/Rescue_Car_ws/install/nav_msgs/share/nav_msgs/msg/Odometry.msg
[1.860s] -- Up-to-date: /root/ros_ws/src/Rescue_Car_ws/install/nav_msgs/share/nav_msgs/msg/Path.msg
[1.860s] -- Up-to-date: /root/ros_ws/src/Rescue_Car_ws/install/nav_msgs/share/nav_msgs/srv/GetMap.srv
[1.860s] -- Up-to-date: /root/ros_ws/src/Rescue_Car_ws/install/nav_msgs/share/nav_msgs/srv/GetMap_Request.msg
[1.860s] -- Up-to-date: /root/ros_ws/src/Rescue_Car_ws/install/nav_msgs/share/nav_msgs/srv/GetMap_Response.msg
[1.860s] -- Up-to-date: /root/ros_ws/src/Rescue_Car_ws/install/nav_msgs/share/nav_msgs/srv/GetPlan.srv
[1.860s] -- Up-to-date: /root/ros_ws/src/Rescue_Car_ws/install/nav_msgs/share/nav_msgs/srv/GetPlan_Request.msg
[1.860s] -- Up-to-date: /root/ros_ws/src/Rescue_Car_ws/install/nav_msgs/share/nav_msgs/srv/GetPlan_Response.msg
[1.861s] -- Up-to-date: /root/ros_ws/src/Rescue_Car_ws/install/nav_msgs/share/nav_msgs/srv/LoadMap.srv
[1.861s] -- Up-to-date: /root/ros_ws/src/Rescue_Car_ws/install/nav_msgs/share/nav_msgs/srv/LoadMap_Request.msg
[1.861s] -- Up-to-date: /root/ros_ws/src/Rescue_Car_ws/install/nav_msgs/share/nav_msgs/srv/LoadMap_Response.msg
[1.861s] -- Up-to-date: /root/ros_ws/src/Rescue_Car_ws/install/nav_msgs/share/nav_msgs/srv/SetMap.srv
[1.861s] -- Up-to-date: /root/ros_ws/src/Rescue_Car_ws/install/nav_msgs/share/nav_msgs/srv/SetMap_Request.msg
[1.861s] -- Up-to-date: /root/ros_ws/src/Rescue_Car_ws/install/nav_msgs/share/nav_msgs/srv/SetMap_Response.msg
[1.861s] -- Up-to-date: /root/ros_ws/src/Rescue_Car_ws/install/nav_msgs/share/ament_index/resource_index/package_run_dependencies/nav_msgs
[1.861s] -- Up-to-date: /root/ros_ws/src/Rescue_Car_ws/install/nav_msgs/share/ament_index/resource_index/parent_prefix_path/nav_msgs
[1.861s] -- Up-to-date: /root/ros_ws/src/Rescue_Car_ws/install/nav_msgs/share/nav_msgs/environment/ament_prefix_path.sh
[1.861s] -- Up-to-date: /root/ros_ws/src/Rescue_Car_ws/install/nav_msgs/share/nav_msgs/environment/ament_prefix_path.dsv
[1.861s] -- Up-to-date: /root/ros_ws/src/Rescue_Car_ws/install/nav_msgs/share/nav_msgs/environment/path.sh
[1.861s] -- Up-to-date: /root/ros_ws/src/Rescue_Car_ws/install/nav_msgs/share/nav_msgs/environment/path.dsv
[1.861s] -- Up-to-date: /root/ros_ws/src/Rescue_Car_ws/install/nav_msgs/share/nav_msgs/local_setup.bash
[1.861s] -- Up-to-date: /root/ros_ws/src/Rescue_Car_ws/install/nav_msgs/share/nav_msgs/local_setup.sh
[1.861s] -- Up-to-date: /root/ros_ws/src/Rescue_Car_ws/install/nav_msgs/share/nav_msgs/local_setup.zsh
[1.861s] -- Up-to-date: /root/ros_ws/src/Rescue_Car_ws/install/nav_msgs/share/nav_msgs/local_setup.dsv
[1.861s] -- Installing: /root/ros_ws/src/Rescue_Car_ws/install/nav_msgs/share/nav_msgs/package.dsv
[1.861s] -- Up-to-date: /root/ros_ws/src/Rescue_Car_ws/install/nav_msgs/share/ament_index/resource_index/packages/nav_msgs
[1.861s] -- Up-to-date: /root/ros_ws/src/Rescue_Car_ws/install/nav_msgs/share/nav_msgs/cmake/export_nav_msgs__rosidl_generator_cExport.cmake
[1.861s] -- Up-to-date: /root/ros_ws/src/Rescue_Car_ws/install/nav_msgs/share/nav_msgs/cmake/export_nav_msgs__rosidl_generator_cExport-noconfig.cmake
[1.861s] -- Up-to-date: /root/ros_ws/src/Rescue_Car_ws/install/nav_msgs/share/nav_msgs/cmake/export_nav_msgs__rosidl_typesupport_fastrtps_cExport.cmake
[1.862s] -- Up-to-date: /root/ros_ws/src/Rescue_Car_ws/install/nav_msgs/share/nav_msgs/cmake/export_nav_msgs__rosidl_typesupport_fastrtps_cExport-noconfig.cmake
[1.862s] -- Up-to-date: /root/ros_ws/src/Rescue_Car_ws/install/nav_msgs/share/nav_msgs/cmake/export_nav_msgs__rosidl_generator_cppExport.cmake
[1.863s] -- Up-to-date: /root/ros_ws/src/Rescue_Car_ws/install/nav_msgs/share/nav_msgs/cmake/export_nav_msgs__rosidl_typesupport_fastrtps_cppExport.cmake
[1.863s] -- Up-to-date: /root/ros_ws/src/Rescue_Car_ws/install/nav_msgs/share/nav_msgs/cmake/export_nav_msgs__rosidl_typesupport_fastrtps_cppExport-noconfig.cmake
[1.864s] -- Up-to-date: /root/ros_ws/src/Rescue_Car_ws/install/nav_msgs/share/nav_msgs/cmake/nav_msgs__rosidl_typesupport_introspection_cExport.cmake
[1.864s] -- Up-to-date: /root/ros_ws/src/Rescue_Car_ws/install/nav_msgs/share/nav_msgs/cmake/nav_msgs__rosidl_typesupport_introspection_cExport-noconfig.cmake
[1.864s] -- Up-to-date: /root/ros_ws/src/Rescue_Car_ws/install/nav_msgs/share/nav_msgs/cmake/nav_msgs__rosidl_typesupport_cExport.cmake
[1.865s] -- Up-to-date: /root/ros_ws/src/Rescue_Car_ws/install/nav_msgs/share/nav_msgs/cmake/nav_msgs__rosidl_typesupport_cExport-noconfig.cmake
[1.866s] -- Up-to-date: /root/ros_ws/src/Rescue_Car_ws/install/nav_msgs/share/nav_msgs/cmake/nav_msgs__rosidl_typesupport_introspection_cppExport.cmake
[1.866s] -- Up-to-date: /root/ros_ws/src/Rescue_Car_ws/install/nav_msgs/share/nav_msgs/cmake/nav_msgs__rosidl_typesupport_introspection_cppExport-noconfig.cmake
[1.866s] -- Up-to-date: /root/ros_ws/src/Rescue_Car_ws/install/nav_msgs/share/nav_msgs/cmake/nav_msgs__rosidl_typesupport_cppExport.cmake
[1.867s] -- Up-to-date: /root/ros_ws/src/Rescue_Car_ws/install/nav_msgs/share/nav_msgs/cmake/nav_msgs__rosidl_typesupport_cppExport-noconfig.cmake
[1.867s] -- Up-to-date: /root/ros_ws/src/Rescue_Car_ws/install/nav_msgs/share/nav_msgs/cmake/export_nav_msgs__rosidl_generator_pyExport.cmake
[1.867s] -- Up-to-date: /root/ros_ws/src/Rescue_Car_ws/install/nav_msgs/share/nav_msgs/cmake/export_nav_msgs__rosidl_generator_pyExport-noconfig.cmake
[1.867s] -- Up-to-date: /root/ros_ws/src/Rescue_Car_ws/install/nav_msgs/share/nav_msgs/cmake/rosidl_cmake-extras.cmake
[1.867s] -- Up-to-date: /root/ros_ws/src/Rescue_Car_ws/install/nav_msgs/share/nav_msgs/cmake/ament_cmake_export_dependencies-extras.cmake
[1.868s] -- Up-to-date: /root/ros_ws/src/Rescue_Car_ws/install/nav_msgs/share/nav_msgs/cmake/ament_cmake_export_include_directories-extras.cmake
[1.868s] -- Up-to-date: /root/ros_ws/src/Rescue_Car_ws/install/nav_msgs/share/nav_msgs/cmake/ament_cmake_export_libraries-extras.cmake
[1.868s] -- Up-to-date: /root/ros_ws/src/Rescue_Car_ws/install/nav_msgs/share/nav_msgs/cmake/ament_cmake_export_targets-extras.cmake
[1.869s] -- Up-to-date: /root/ros_ws/src/Rescue_Car_ws/install/nav_msgs/share/nav_msgs/cmake/rosidl_cmake_export_typesupport_targets-extras.cmake
[1.869s] -- Up-to-date: /root/ros_ws/src/Rescue_Car_ws/install/nav_msgs/share/nav_msgs/cmake/rosidl_cmake_export_typesupport_libraries-extras.cmake
[1.869s] -- Up-to-date: /root/ros_ws/src/Rescue_Car_ws/install/nav_msgs/share/nav_msgs/cmake/nav_msgsConfig.cmake
[1.869s] -- Up-to-date: /root/ros_ws/src/Rescue_Car_ws/install/nav_msgs/share/nav_msgs/cmake/nav_msgsConfig-version.cmake
[1.869s] -- Up-to-date: /root/ros_ws/src/Rescue_Car_ws/install/nav_msgs/share/nav_msgs/package.xml
[1.870s] Invoked command in '/root/ros_ws/src/Rescue_Car_ws/build/nav_msgs' returned '0': AMENT_PREFIX_PATH=/root/ros_ws/src/Rescue_Car_ws/install/geometry_msgs:/root/ros_ws/src/Rescue_Car_ws/install/std_msgs:/root/ros_ws/src/Rescue_Car_ws/install/builtin_interfaces:${AMENT_PREFIX_PATH} CMAKE_PREFIX_PATH=/root/ros_ws/src/Rescue_Car_ws/install/geometry_msgs:/root/ros_ws/src/Rescue_Car_ws/install/std_msgs:/root/ros_ws/src/Rescue_Car_ws/install/builtin_interfaces:/opt/ros/humble LD_LIBRARY_PATH=/root/ros_ws/src/Rescue_Car_ws/install/geometry_msgs/lib:/root/ros_ws/src/Rescue_Car_ws/install/std_msgs/lib:/root/ros_ws/src/Rescue_Car_ws/install/builtin_interfaces/lib:${LD_LIBRARY_PATH} PYTHONPATH=/root/ros_ws/src/Rescue_Car_ws/install/geometry_msgs/local/lib/python3.10/dist-packages:/root/ros_ws/src/Rescue_Car_ws/install/std_msgs/local/lib/python3.10/dist-packages:/root/ros_ws/src/Rescue_Car_ws/install/builtin_interfaces/local/lib/python3.10/dist-packages:${PYTHONPATH} /usr/bin/cmake --install /root/ros_ws/src/Rescue_Car_ws/build/nav_msgs
