[0.192s] Invoking command in '/root/ros_ws/src/Rescue_Car_ws/build/action_msgs': AMENT_PREFIX_PATH=/root/ros_ws/src/Rescue_Car_ws/install/unique_identifier_msgs:/root/ros_ws/src/Rescue_Car_ws/install/builtin_interfaces:${AMENT_PREFIX_PATH} CMAKE_PREFIX_PATH=/root/ros_ws/src/Rescue_Car_ws/install/unique_identifier_msgs:/root/ros_ws/src/Rescue_Car_ws/install/builtin_interfaces:/opt/ros/humble LD_LIBRARY_PATH=/root/ros_ws/src/Rescue_Car_ws/install/unique_identifier_msgs/lib:/root/ros_ws/src/Rescue_Car_ws/install/builtin_interfaces/lib:${LD_LIBRARY_PATH} PYTHONPATH=/root/ros_ws/src/Rescue_Car_ws/install/unique_identifier_msgs/local/lib/python3.10/dist-packages:/root/ros_ws/src/Rescue_Car_ws/install/builtin_interfaces/local/lib/python3.10/dist-packages:${PYTHONPATH} /usr/bin/cmake /root/ros_ws/src/Rescue_Car_ws/src/microros/src/ros2/rcl_interfaces/action_msgs -DCMAKE_INSTALL_PREFIX=/root/ros_ws/src/Rescue_Car_ws/install/action_msgs
[0.353s] -- The C compiler identification is GNU 11.4.0
[0.941s] -- The CXX compiler identification is GNU 11.4.0
[1.361s] -- Detecting C compiler ABI info
[1.515s] -- Detecting C compiler ABI info - done
[1.524s] -- Check for working C compiler: /usr/bin/cc - skipped
[1.524s] -- Detecting C compile features
[1.525s] -- Detecting C compile features - done
[1.528s] -- Detecting CXX compiler ABI info
[1.725s] -- Detecting CXX compiler ABI info - done
[1.731s] -- Check for working CXX compiler: /usr/bin/c++ - skipped
[1.731s] -- Detecting CXX compile features
[1.731s] -- Detecting CXX compile features - done
[1.733s] -- Found ament_cmake: 1.3.12 (/opt/ros/humble/share/ament_cmake/cmake)
[1.889s] -- Found Python3: /usr/bin/python3 (found version "3.10.12") found components: Interpreter 
[1.988s] -- Found builtin_interfaces: 1.2.2 (/root/ros_ws/src/Rescue_Car_ws/install/builtin_interfaces/share/builtin_interfaces/cmake)
[2.249s] -- Found rosidl_generator_c: 3.1.7 (/opt/ros/humble/share/rosidl_generator_c/cmake)
[2.251s] -- Found rosidl_adapter: 3.1.7 (/opt/ros/humble/share/rosidl_adapter/cmake)
[2.261s] -- Found rosidl_generator_cpp: 3.1.7 (/opt/ros/humble/share/rosidl_generator_cpp/cmake)
[2.274s] -- Using all available rosidl_typesupport_c: rosidl_typesupport_fastrtps_c;rosidl_typesupport_introspection_c
[2.284s] -- Using all available rosidl_typesupport_cpp: rosidl_typesupport_fastrtps_cpp;rosidl_typesupport_introspection_cpp
[2.302s] -- Found rosidl_default_generators: 1.2.0 (/opt/ros/humble/share/rosidl_default_generators/cmake)
[2.314s] -- Found unique_identifier_msgs: 2.2.1 (/root/ros_ws/src/Rescue_Car_ws/install/unique_identifier_msgs/share/unique_identifier_msgs/cmake)
[2.581s] -- Found ament_cmake_cppcheck: 0.12.14 (/opt/ros/humble/share/ament_cmake_cppcheck/cmake)
[2.582s] -- Found ament_cmake_cpplint: 0.12.14 (/opt/ros/humble/share/ament_cmake_cpplint/cmake)
[2.584s] -- Found ament_cmake_uncrustify: 0.12.14 (/opt/ros/humble/share/ament_cmake_uncrustify/cmake)
[2.586s] -- Found ament_cmake_ros: 0.10.0 (/opt/ros/humble/share/ament_cmake_ros/cmake)
[2.902s] -- Using all available rosidl_typesupport_c: rosidl_typesupport_fastrtps_c;rosidl_typesupport_introspection_c
[3.013s] -- Using all available rosidl_typesupport_cpp: rosidl_typesupport_fastrtps_cpp;rosidl_typesupport_introspection_cpp
[3.187s] -- Found PythonInterp: /usr/bin/python3 (found suitable version "3.10.12", minimum required is "3.6") 
[3.189s] -- Found python_cmake_module: 0.10.0 (/opt/ros/humble/share/python_cmake_module/cmake)
[3.863s] -- Found PythonLibs: /usr/lib/x86_64-linux-gnu/libpython3.10.so (found suitable version "3.10.12", minimum required is "3.5") 
[3.863s] -- Using PYTHON_EXECUTABLE: /usr/bin/python3
[3.863s] -- Using PYTHON_INCLUDE_DIRS: /usr/include/python3.10
[3.864s] -- Using PYTHON_LIBRARIES: /usr/lib/x86_64-linux-gnu/libpython3.10.so
[3.884s] -- Found PythonExtra: .so  
[4.006s] -- Found ament_cmake_flake8: 0.12.14 (/opt/ros/humble/share/ament_cmake_flake8/cmake)
[4.008s] -- Found ament_cmake_pep257: 0.12.14 (/opt/ros/humble/share/ament_cmake_pep257/cmake)
[4.011s] -- Found ament_lint_auto: 0.12.14 (/opt/ros/humble/share/ament_lint_auto/cmake)
[4.028s] -- Added test 'copyright' to check source files copyright and LICENSE
[4.029s] -- Added test 'lint_cmake' to check CMake code style
[4.029s] -- Added test 'xmllint' to check XML markup files
[4.032s] -- Configuring done
[4.102s] -- Generating done
[4.121s] -- Build files have been written to: /root/ros_ws/src/Rescue_Car_ws/build/action_msgs
[4.140s] Invoked command in '/root/ros_ws/src/Rescue_Car_ws/build/action_msgs' returned '0': AMENT_PREFIX_PATH=/root/ros_ws/src/Rescue_Car_ws/install/unique_identifier_msgs:/root/ros_ws/src/Rescue_Car_ws/install/builtin_interfaces:${AMENT_PREFIX_PATH} CMAKE_PREFIX_PATH=/root/ros_ws/src/Rescue_Car_ws/install/unique_identifier_msgs:/root/ros_ws/src/Rescue_Car_ws/install/builtin_interfaces:/opt/ros/humble LD_LIBRARY_PATH=/root/ros_ws/src/Rescue_Car_ws/install/unique_identifier_msgs/lib:/root/ros_ws/src/Rescue_Car_ws/install/builtin_interfaces/lib:${LD_LIBRARY_PATH} PYTHONPATH=/root/ros_ws/src/Rescue_Car_ws/install/unique_identifier_msgs/local/lib/python3.10/dist-packages:/root/ros_ws/src/Rescue_Car_ws/install/builtin_interfaces/local/lib/python3.10/dist-packages:${PYTHONPATH} /usr/bin/cmake /root/ros_ws/src/Rescue_Car_ws/src/microros/src/ros2/rcl_interfaces/action_msgs -DCMAKE_INSTALL_PREFIX=/root/ros_ws/src/Rescue_Car_ws/install/action_msgs
[4.148s] Invoking command in '/root/ros_ws/src/Rescue_Car_ws/build/action_msgs': AMENT_PREFIX_PATH=/root/ros_ws/src/Rescue_Car_ws/install/unique_identifier_msgs:/root/ros_ws/src/Rescue_Car_ws/install/builtin_interfaces:${AMENT_PREFIX_PATH} CMAKE_PREFIX_PATH=/root/ros_ws/src/Rescue_Car_ws/install/unique_identifier_msgs:/root/ros_ws/src/Rescue_Car_ws/install/builtin_interfaces:/opt/ros/humble LD_LIBRARY_PATH=/root/ros_ws/src/Rescue_Car_ws/install/unique_identifier_msgs/lib:/root/ros_ws/src/Rescue_Car_ws/install/builtin_interfaces/lib:${LD_LIBRARY_PATH} PYTHONPATH=/root/ros_ws/src/Rescue_Car_ws/install/unique_identifier_msgs/local/lib/python3.10/dist-packages:/root/ros_ws/src/Rescue_Car_ws/install/builtin_interfaces/local/lib/python3.10/dist-packages:${PYTHONPATH} /usr/bin/cmake --build /root/ros_ws/src/Rescue_Car_ws/build/action_msgs -- -j20 -l20
[4.219s] [  1%] [34m[1mGenerating C code for ROS interfaces[0m
[4.243s] [  3%] [34m[1mGenerating C++ code for ROS interfaces[0m
[4.266s] [  3%] Built target ament_cmake_python_copy_action_msgs
[4.559s] running egg_info
[4.561s] creating action_msgs.egg-info
[4.561s] writing action_msgs.egg-info/PKG-INFO
[4.564s] writing dependency_links to action_msgs.egg-info/dependency_links.txt
[4.564s] writing top-level names to action_msgs.egg-info/top_level.txt
[4.564s] writing manifest file 'action_msgs.egg-info/SOURCES.txt'
[4.566s] reading manifest file 'action_msgs.egg-info/SOURCES.txt'
[4.567s] writing manifest file 'action_msgs.egg-info/SOURCES.txt'
[4.616s] [  3%] Built target ament_cmake_python_build_action_msgs_egg
[5.264s] [  5%] [32mBuilding C object CMakeFiles/action_msgs__rosidl_generator_c.dir/rosidl_generator_c/action_msgs/msg/detail/goal_info__functions.c.o[0m
[5.268s] [  7%] [32mBuilding C object CMakeFiles/action_msgs__rosidl_generator_c.dir/rosidl_generator_c/action_msgs/msg/detail/goal_status__functions.c.o[0m
[5.272s] [  9%] [32mBuilding C object CMakeFiles/action_msgs__rosidl_generator_c.dir/rosidl_generator_c/action_msgs/msg/detail/goal_status_array__functions.c.o[0m
[5.278s] [ 10%] [32mBuilding C object CMakeFiles/action_msgs__rosidl_generator_c.dir/rosidl_generator_c/action_msgs/srv/detail/cancel_goal__functions.c.o[0m
[5.296s] [ 10%] Built target action_msgs__cpp
[5.325s] [ 12%] [34m[1mGenerating C++ type support dispatch for ROS interfaces[0m
[5.335s] [ 14%] [34m[1mGenerating C++ type support for eProsima Fast-RTPS[0m
[5.345s] [ 16%] [34m[1mGenerating C++ introspection for ROS interfaces[0m
[5.410s] [ 18%] [32m[1mLinking C shared library libaction_msgs__rosidl_generator_c.so[0m
[6.136s] [ 18%] Built target action_msgs__rosidl_generator_c
[6.163s] [ 20%] [34m[1mGenerating C type support dispatch for ROS interfaces[0m
[6.172s] [ 21%] [34m[1mGenerating C introspection for ROS interfaces[0m
[6.173s] [ 23%] [34m[1mGenerating C type support for eProsima Fast-RTPS[0m
[6.208s] [ 25%] [32mBuilding CXX object CMakeFiles/action_msgs__rosidl_typesupport_introspection_cpp.dir/rosidl_typesupport_introspection_cpp/action_msgs/msg/detail/goal_status_array__type_support.cpp.o[0m
[6.216s] [ 27%] [32mBuilding CXX object CMakeFiles/action_msgs__rosidl_typesupport_introspection_cpp.dir/rosidl_typesupport_introspection_cpp/action_msgs/msg/detail/goal_info__type_support.cpp.o[0m
[6.217s] [ 29%] [32mBuilding CXX object CMakeFiles/action_msgs__rosidl_typesupport_fastrtps_cpp.dir/rosidl_typesupport_fastrtps_cpp/action_msgs/msg/detail/dds_fastrtps/goal_info__type_support.cpp.o[0m
[6.217s] [ 30%] [32mBuilding CXX object CMakeFiles/action_msgs__rosidl_typesupport_introspection_cpp.dir/rosidl_typesupport_introspection_cpp/action_msgs/srv/detail/cancel_goal__type_support.cpp.o[0m
[6.219s] [ 32%] [32mBuilding CXX object CMakeFiles/action_msgs__rosidl_typesupport_introspection_cpp.dir/rosidl_typesupport_introspection_cpp/action_msgs/msg/detail/goal_status__type_support.cpp.o[0m
[6.224s] [ 34%] [32mBuilding CXX object CMakeFiles/action_msgs__rosidl_typesupport_fastrtps_cpp.dir/rosidl_typesupport_fastrtps_cpp/action_msgs/msg/detail/dds_fastrtps/goal_status__type_support.cpp.o[0m
[6.236s] [ 38%] [32mBuilding CXX object CMakeFiles/action_msgs__rosidl_typesupport_fastrtps_cpp.dir/rosidl_typesupport_fastrtps_cpp/action_msgs/msg/detail/dds_fastrtps/goal_status_array__type_support.cpp.o[0m
[6.237s] [ 38%] [32mBuilding CXX object CMakeFiles/action_msgs__rosidl_typesupport_fastrtps_cpp.dir/rosidl_typesupport_fastrtps_cpp/action_msgs/srv/detail/dds_fastrtps/cancel_goal__type_support.cpp.o[0m
[6.392s] [ 40%] [32mBuilding CXX object CMakeFiles/action_msgs__rosidl_typesupport_cpp.dir/rosidl_typesupport_cpp/action_msgs/msg/goal_info__type_support.cpp.o[0m
[6.400s] [ 41%] [32mBuilding CXX object CMakeFiles/action_msgs__rosidl_typesupport_cpp.dir/rosidl_typesupport_cpp/action_msgs/msg/goal_status__type_support.cpp.o[0m
[6.403s] [ 43%] [32mBuilding CXX object CMakeFiles/action_msgs__rosidl_typesupport_cpp.dir/rosidl_typesupport_cpp/action_msgs/srv/cancel_goal__type_support.cpp.o[0m
[6.412s] [ 45%] [32mBuilding CXX object CMakeFiles/action_msgs__rosidl_typesupport_cpp.dir/rosidl_typesupport_cpp/action_msgs/msg/goal_status_array__type_support.cpp.o[0m
[6.940s] [ 47%] [32m[1mLinking CXX shared library libaction_msgs__rosidl_typesupport_cpp.so[0m
[6.961s] [ 49%] [32mBuilding C object CMakeFiles/action_msgs__rosidl_typesupport_introspection_c.dir/rosidl_typesupport_introspection_c/action_msgs/msg/detail/goal_info__type_support.c.o[0m
[6.964s] [ 50%] [32mBuilding C object CMakeFiles/action_msgs__rosidl_typesupport_introspection_c.dir/rosidl_typesupport_introspection_c/action_msgs/msg/detail/goal_status_array__type_support.c.o[0m
[6.967s] [ 52%] [32mBuilding C object CMakeFiles/action_msgs__rosidl_typesupport_introspection_c.dir/rosidl_typesupport_introspection_c/action_msgs/msg/detail/goal_status__type_support.c.o[0m
[6.978s] [ 54%] [32mBuilding C object CMakeFiles/action_msgs__rosidl_typesupport_introspection_c.dir/rosidl_typesupport_introspection_c/action_msgs/srv/detail/cancel_goal__type_support.c.o[0m
[7.034s] [ 56%] [32m[1mLinking C shared library libaction_msgs__rosidl_typesupport_introspection_c.so[0m
[7.083s] [ 58%] [32m[1mLinking CXX shared library libaction_msgs__rosidl_typesupport_introspection_cpp.so[0m
[7.149s] [ 60%] [32m[1mLinking CXX shared library libaction_msgs__rosidl_typesupport_fastrtps_cpp.so[0m
[7.184s] [ 61%] [32mBuilding CXX object CMakeFiles/action_msgs__rosidl_typesupport_c.dir/rosidl_typesupport_c/action_msgs/msg/goal_status_array__type_support.cpp.o[0m
[7.186s] [ 65%] [32mBuilding CXX object CMakeFiles/action_msgs__rosidl_typesupport_c.dir/rosidl_typesupport_c/action_msgs/msg/goal_info__type_support.cpp.o[0m
[7.186s] [ 65%] [32mBuilding CXX object CMakeFiles/action_msgs__rosidl_typesupport_c.dir/rosidl_typesupport_c/action_msgs/msg/goal_status__type_support.cpp.o[0m
[7.196s] [ 67%] [32mBuilding CXX object CMakeFiles/action_msgs__rosidl_typesupport_c.dir/rosidl_typesupport_c/action_msgs/srv/cancel_goal__type_support.cpp.o[0m
[7.196s] [ 67%] Built target action_msgs__rosidl_typesupport_cpp
[7.232s] [ 69%] [32m[1mLinking CXX shared library libaction_msgs__rosidl_typesupport_c.so[0m
[7.297s] [ 70%] [32mBuilding CXX object CMakeFiles/action_msgs__rosidl_typesupport_fastrtps_c.dir/rosidl_typesupport_fastrtps_c/action_msgs/msg/detail/goal_status__type_support_c.cpp.o[0m
[7.297s] [ 72%] [32mBuilding CXX object CMakeFiles/action_msgs__rosidl_typesupport_fastrtps_c.dir/rosidl_typesupport_fastrtps_c/action_msgs/srv/detail/cancel_goal__type_support_c.cpp.o[0m
[7.297s] [ 74%] [32mBuilding CXX object CMakeFiles/action_msgs__rosidl_typesupport_fastrtps_c.dir/rosidl_typesupport_fastrtps_c/action_msgs/msg/detail/goal_status_array__type_support_c.cpp.o[0m
[7.297s] [ 76%] [32mBuilding CXX object CMakeFiles/action_msgs__rosidl_typesupport_fastrtps_c.dir/rosidl_typesupport_fastrtps_c/action_msgs/msg/detail/goal_info__type_support_c.cpp.o[0m
[7.436s] [ 76%] Built target action_msgs__rosidl_typesupport_introspection_c
[7.595s] [ 76%] Built target action_msgs__rosidl_typesupport_fastrtps_cpp
[7.609s] [ 76%] Built target action_msgs__rosidl_typesupport_introspection_cpp
[7.785s] [ 76%] Built target action_msgs__rosidl_typesupport_c
[7.847s] [ 78%] [32m[1mLinking CXX shared library libaction_msgs__rosidl_typesupport_fastrtps_c.so[0m
[8.917s] [ 78%] Built target action_msgs__rosidl_typesupport_fastrtps_c
[8.999s] [ 78%] Built target action_msgs
[9.074s] [ 80%] [34m[1mGenerating Python code for ROS interfaces[0m
[11.928s] [ 80%] Built target action_msgs__py
[12.007s] [ 81%] [32mBuilding C object CMakeFiles/action_msgs__rosidl_generator_py.dir/rosidl_generator_py/action_msgs/msg/_goal_info_s.c.o[0m
[12.028s] [ 83%] [32mBuilding C object CMakeFiles/action_msgs__rosidl_generator_py.dir/rosidl_generator_py/action_msgs/msg/_goal_status_s.c.o[0m
[12.048s] [ 85%] [32mBuilding C object CMakeFiles/action_msgs__rosidl_generator_py.dir/rosidl_generator_py/action_msgs/srv/_cancel_goal_s.c.o[0m
[12.051s] [ 87%] [32mBuilding C object CMakeFiles/action_msgs__rosidl_generator_py.dir/rosidl_generator_py/action_msgs/msg/_goal_status_array_s.c.o[0m
[12.440s] [ 89%] [32m[1mLinking C shared library rosidl_generator_py/action_msgs/libaction_msgs__rosidl_generator_py.so[0m
[13.233s] [ 89%] Built target action_msgs__rosidl_generator_py
[13.288s] [ 90%] [32mBuilding C object CMakeFiles/action_msgs__rosidl_typesupport_introspection_c__pyext.dir/rosidl_generator_py/action_msgs/_action_msgs_s.ep.rosidl_typesupport_introspection_c.c.o[0m
[13.289s] [ 92%] [32mBuilding C object CMakeFiles/action_msgs__rosidl_typesupport_c__pyext.dir/rosidl_generator_py/action_msgs/_action_msgs_s.ep.rosidl_typesupport_c.c.o[0m
[13.289s] [ 94%] [32mBuilding C object CMakeFiles/action_msgs__rosidl_typesupport_fastrtps_c__pyext.dir/rosidl_generator_py/action_msgs/_action_msgs_s.ep.rosidl_typesupport_fastrtps_c.c.o[0m
[13.590s] [ 96%] [32m[1mLinking C shared library rosidl_generator_py/action_msgs/action_msgs_s__rosidl_typesupport_fastrtps_c.cpython-310-x86_64-linux-gnu.so[0m
[13.629s] [ 98%] [32m[1mLinking C shared library rosidl_generator_py/action_msgs/action_msgs_s__rosidl_typesupport_introspection_c.cpython-310-x86_64-linux-gnu.so[0m
[13.645s] [100%] [32m[1mLinking C shared library rosidl_generator_py/action_msgs/action_msgs_s__rosidl_typesupport_c.cpython-310-x86_64-linux-gnu.so[0m
[14.134s] [100%] Built target action_msgs__rosidl_typesupport_c__pyext
[14.769s] [100%] Built target action_msgs__rosidl_typesupport_introspection_c__pyext
[14.774s] [100%] Built target action_msgs__rosidl_typesupport_fastrtps_c__pyext
[14.813s] Invoked command in '/root/ros_ws/src/Rescue_Car_ws/build/action_msgs' returned '0': AMENT_PREFIX_PATH=/root/ros_ws/src/Rescue_Car_ws/install/unique_identifier_msgs:/root/ros_ws/src/Rescue_Car_ws/install/builtin_interfaces:${AMENT_PREFIX_PATH} CMAKE_PREFIX_PATH=/root/ros_ws/src/Rescue_Car_ws/install/unique_identifier_msgs:/root/ros_ws/src/Rescue_Car_ws/install/builtin_interfaces:/opt/ros/humble LD_LIBRARY_PATH=/root/ros_ws/src/Rescue_Car_ws/install/unique_identifier_msgs/lib:/root/ros_ws/src/Rescue_Car_ws/install/builtin_interfaces/lib:${LD_LIBRARY_PATH} PYTHONPATH=/root/ros_ws/src/Rescue_Car_ws/install/unique_identifier_msgs/local/lib/python3.10/dist-packages:/root/ros_ws/src/Rescue_Car_ws/install/builtin_interfaces/local/lib/python3.10/dist-packages:${PYTHONPATH} /usr/bin/cmake --build /root/ros_ws/src/Rescue_Car_ws/build/action_msgs -- -j20 -l20
[14.820s] Invoking command in '/root/ros_ws/src/Rescue_Car_ws/build/action_msgs': AMENT_PREFIX_PATH=/root/ros_ws/src/Rescue_Car_ws/install/unique_identifier_msgs:/root/ros_ws/src/Rescue_Car_ws/install/builtin_interfaces:${AMENT_PREFIX_PATH} CMAKE_PREFIX_PATH=/root/ros_ws/src/Rescue_Car_ws/install/unique_identifier_msgs:/root/ros_ws/src/Rescue_Car_ws/install/builtin_interfaces:/opt/ros/humble LD_LIBRARY_PATH=/root/ros_ws/src/Rescue_Car_ws/install/unique_identifier_msgs/lib:/root/ros_ws/src/Rescue_Car_ws/install/builtin_interfaces/lib:${LD_LIBRARY_PATH} PYTHONPATH=/root/ros_ws/src/Rescue_Car_ws/install/unique_identifier_msgs/local/lib/python3.10/dist-packages:/root/ros_ws/src/Rescue_Car_ws/install/builtin_interfaces/local/lib/python3.10/dist-packages:${PYTHONPATH} /usr/bin/cmake --install /root/ros_ws/src/Rescue_Car_ws/build/action_msgs
[14.829s] -- Install configuration: ""
[14.834s] -- Installing: /root/ros_ws/src/Rescue_Car_ws/install/action_msgs/share/ament_index/resource_index/rosidl_interfaces/action_msgs
[14.835s] -- Installing: /root/ros_ws/src/Rescue_Car_ws/install/action_msgs/include/action_msgs/action_msgs
[14.835s] -- Installing: /root/ros_ws/src/Rescue_Car_ws/install/action_msgs/include/action_msgs/action_msgs/srv
[14.835s] -- Installing: /root/ros_ws/src/Rescue_Car_ws/install/action_msgs/include/action_msgs/action_msgs/srv/cancel_goal.h
[14.836s] -- Installing: /root/ros_ws/src/Rescue_Car_ws/install/action_msgs/include/action_msgs/action_msgs/srv/detail
[14.836s] -- Installing: /root/ros_ws/src/Rescue_Car_ws/install/action_msgs/include/action_msgs/action_msgs/srv/detail/cancel_goal__type_support.h
[14.836s] -- Installing: /root/ros_ws/src/Rescue_Car_ws/install/action_msgs/include/action_msgs/action_msgs/srv/detail/cancel_goal__struct.h
[14.836s] -- Installing: /root/ros_ws/src/Rescue_Car_ws/install/action_msgs/include/action_msgs/action_msgs/srv/detail/cancel_goal__functions.c
[14.836s] -- Installing: /root/ros_ws/src/Rescue_Car_ws/install/action_msgs/include/action_msgs/action_msgs/srv/detail/cancel_goal__functions.h
[14.837s] -- Installing: /root/ros_ws/src/Rescue_Car_ws/install/action_msgs/include/action_msgs/action_msgs/msg
[14.837s] -- Installing: /root/ros_ws/src/Rescue_Car_ws/install/action_msgs/include/action_msgs/action_msgs/msg/goal_status_array.h
[14.837s] -- Installing: /root/ros_ws/src/Rescue_Car_ws/install/action_msgs/include/action_msgs/action_msgs/msg/goal_info.h
[14.837s] -- Installing: /root/ros_ws/src/Rescue_Car_ws/install/action_msgs/include/action_msgs/action_msgs/msg/detail
[14.841s] -- Installing: /root/ros_ws/src/Rescue_Car_ws/install/action_msgs/include/action_msgs/action_msgs/msg/detail/goal_status_array__functions.c
[14.841s] -- Installing: /root/ros_ws/src/Rescue_Car_ws/install/action_msgs/include/action_msgs/action_msgs/msg/detail/goal_info__struct.h
[14.841s] -- Installing: /root/ros_ws/src/Rescue_Car_ws/install/action_msgs/include/action_msgs/action_msgs/msg/detail/goal_info__functions.h
[14.845s] -- Installing: /root/ros_ws/src/Rescue_Car_ws/install/action_msgs/include/action_msgs/action_msgs/msg/detail/goal_info__functions.c
[14.845s] -- Installing: /root/ros_ws/src/Rescue_Car_ws/install/action_msgs/include/action_msgs/action_msgs/msg/detail/goal_status__functions.h
[14.845s] -- Installing: /root/ros_ws/src/Rescue_Car_ws/install/action_msgs/include/action_msgs/action_msgs/msg/detail/goal_status__functions.c
[14.846s] -- Installing: /root/ros_ws/src/Rescue_Car_ws/install/action_msgs/include/action_msgs/action_msgs/msg/detail/goal_status_array__functions.h
[14.846s] -- Installing: /root/ros_ws/src/Rescue_Car_ws/install/action_msgs/include/action_msgs/action_msgs/msg/detail/goal_status__type_support.h
[14.846s] -- Installing: /root/ros_ws/src/Rescue_Car_ws/install/action_msgs/include/action_msgs/action_msgs/msg/detail/goal_info__type_support.h
[14.846s] -- Installing: /root/ros_ws/src/Rescue_Car_ws/install/action_msgs/include/action_msgs/action_msgs/msg/detail/goal_status_array__struct.h
[14.846s] -- Installing: /root/ros_ws/src/Rescue_Car_ws/install/action_msgs/include/action_msgs/action_msgs/msg/detail/goal_status_array__type_support.h
[14.846s] -- Installing: /root/ros_ws/src/Rescue_Car_ws/install/action_msgs/include/action_msgs/action_msgs/msg/detail/goal_status__struct.h
[14.846s] -- Installing: /root/ros_ws/src/Rescue_Car_ws/install/action_msgs/include/action_msgs/action_msgs/msg/rosidl_generator_c__visibility_control.h
[14.846s] -- Installing: /root/ros_ws/src/Rescue_Car_ws/install/action_msgs/include/action_msgs/action_msgs/msg/goal_status.h
[14.846s] -- Installing: /root/ros_ws/src/Rescue_Car_ws/install/action_msgs/share/action_msgs/environment/library_path.sh
[14.846s] -- Installing: /root/ros_ws/src/Rescue_Car_ws/install/action_msgs/share/action_msgs/environment/library_path.dsv
[14.846s] -- Installing: /root/ros_ws/src/Rescue_Car_ws/install/action_msgs/lib/libaction_msgs__rosidl_generator_c.so
[14.846s] -- Set runtime path of "/root/ros_ws/src/Rescue_Car_ws/install/action_msgs/lib/libaction_msgs__rosidl_generator_c.so" to ""
[14.846s] -- Up-to-date: /root/ros_ws/src/Rescue_Car_ws/install/action_msgs/include/action_msgs/action_msgs
[14.846s] -- Up-to-date: /root/ros_ws/src/Rescue_Car_ws/install/action_msgs/include/action_msgs/action_msgs/srv
[14.846s] -- Up-to-date: /root/ros_ws/src/Rescue_Car_ws/install/action_msgs/include/action_msgs/action_msgs/srv/detail
[14.846s] -- Installing: /root/ros_ws/src/Rescue_Car_ws/install/action_msgs/include/action_msgs/action_msgs/srv/detail/cancel_goal__rosidl_typesupport_fastrtps_c.h
[14.849s] -- Up-to-date: /root/ros_ws/src/Rescue_Car_ws/install/action_msgs/include/action_msgs/action_msgs/msg
[14.849s] -- Up-to-date: /root/ros_ws/src/Rescue_Car_ws/install/action_msgs/include/action_msgs/action_msgs/msg/detail
[14.850s] -- Installing: /root/ros_ws/src/Rescue_Car_ws/install/action_msgs/include/action_msgs/action_msgs/msg/detail/goal_info__rosidl_typesupport_fastrtps_c.h
[14.850s] -- Installing: /root/ros_ws/src/Rescue_Car_ws/install/action_msgs/include/action_msgs/action_msgs/msg/detail/goal_status__rosidl_typesupport_fastrtps_c.h
[14.851s] -- Installing: /root/ros_ws/src/Rescue_Car_ws/install/action_msgs/include/action_msgs/action_msgs/msg/detail/goal_status_array__rosidl_typesupport_fastrtps_c.h
[14.853s] -- Installing: /root/ros_ws/src/Rescue_Car_ws/install/action_msgs/include/action_msgs/action_msgs/msg/rosidl_typesupport_fastrtps_c__visibility_control.h
[14.853s] -- Installing: /root/ros_ws/src/Rescue_Car_ws/install/action_msgs/lib/libaction_msgs__rosidl_typesupport_fastrtps_c.so
[14.854s] -- Set runtime path of "/root/ros_ws/src/Rescue_Car_ws/install/action_msgs/lib/libaction_msgs__rosidl_typesupport_fastrtps_c.so" to ""
[14.857s] -- Up-to-date: /root/ros_ws/src/Rescue_Car_ws/install/action_msgs/include/action_msgs/action_msgs
[14.857s] -- Up-to-date: /root/ros_ws/src/Rescue_Car_ws/install/action_msgs/include/action_msgs/action_msgs/srv
[14.857s] -- Installing: /root/ros_ws/src/Rescue_Car_ws/install/action_msgs/include/action_msgs/action_msgs/srv/cancel_goal.hpp
[14.857s] -- Up-to-date: /root/ros_ws/src/Rescue_Car_ws/install/action_msgs/include/action_msgs/action_msgs/srv/detail
[14.857s] -- Installing: /root/ros_ws/src/Rescue_Car_ws/install/action_msgs/include/action_msgs/action_msgs/srv/detail/cancel_goal__struct.hpp
[14.857s] -- Installing: /root/ros_ws/src/Rescue_Car_ws/install/action_msgs/include/action_msgs/action_msgs/srv/detail/cancel_goal__traits.hpp
[14.857s] -- Installing: /root/ros_ws/src/Rescue_Car_ws/install/action_msgs/include/action_msgs/action_msgs/srv/detail/cancel_goal__type_support.hpp
[14.858s] -- Installing: /root/ros_ws/src/Rescue_Car_ws/install/action_msgs/include/action_msgs/action_msgs/srv/detail/cancel_goal__builder.hpp
[14.858s] -- Up-to-date: /root/ros_ws/src/Rescue_Car_ws/install/action_msgs/include/action_msgs/action_msgs/msg
[14.858s] -- Installing: /root/ros_ws/src/Rescue_Car_ws/install/action_msgs/include/action_msgs/action_msgs/msg/rosidl_generator_cpp__visibility_control.hpp
[14.858s] -- Installing: /root/ros_ws/src/Rescue_Car_ws/install/action_msgs/include/action_msgs/action_msgs/msg/goal_status_array.hpp
[14.858s] -- Installing: /root/ros_ws/src/Rescue_Car_ws/install/action_msgs/include/action_msgs/action_msgs/msg/goal_status.hpp
[14.858s] -- Up-to-date: /root/ros_ws/src/Rescue_Car_ws/install/action_msgs/include/action_msgs/action_msgs/msg/detail
[14.858s] -- Installing: /root/ros_ws/src/Rescue_Car_ws/install/action_msgs/include/action_msgs/action_msgs/msg/detail/goal_info__builder.hpp
[14.858s] -- Installing: /root/ros_ws/src/Rescue_Car_ws/install/action_msgs/include/action_msgs/action_msgs/msg/detail/goal_status_array__builder.hpp
[14.858s] -- Installing: /root/ros_ws/src/Rescue_Car_ws/install/action_msgs/include/action_msgs/action_msgs/msg/detail/goal_info__struct.hpp
[14.858s] -- Installing: /root/ros_ws/src/Rescue_Car_ws/install/action_msgs/include/action_msgs/action_msgs/msg/detail/goal_info__type_support.hpp
[14.858s] -- Installing: /root/ros_ws/src/Rescue_Car_ws/install/action_msgs/include/action_msgs/action_msgs/msg/detail/goal_info__traits.hpp
[14.858s] -- Installing: /root/ros_ws/src/Rescue_Car_ws/install/action_msgs/include/action_msgs/action_msgs/msg/detail/goal_status_array__type_support.hpp
[14.858s] -- Installing: /root/ros_ws/src/Rescue_Car_ws/install/action_msgs/include/action_msgs/action_msgs/msg/detail/goal_status__type_support.hpp
[14.858s] -- Installing: /root/ros_ws/src/Rescue_Car_ws/install/action_msgs/include/action_msgs/action_msgs/msg/detail/goal_status_array__traits.hpp
[14.858s] -- Installing: /root/ros_ws/src/Rescue_Car_ws/install/action_msgs/include/action_msgs/action_msgs/msg/detail/goal_status__struct.hpp
[14.861s] -- Installing: /root/ros_ws/src/Rescue_Car_ws/install/action_msgs/include/action_msgs/action_msgs/msg/detail/goal_status_array__struct.hpp
[14.862s] -- Installing: /root/ros_ws/src/Rescue_Car_ws/install/action_msgs/include/action_msgs/action_msgs/msg/detail/goal_status__traits.hpp
[14.873s] -- Installing: /root/ros_ws/src/Rescue_Car_ws/install/action_msgs/include/action_msgs/action_msgs/msg/detail/goal_status__builder.hpp
[14.873s] -- Installing: /root/ros_ws/src/Rescue_Car_ws/install/action_msgs/include/action_msgs/action_msgs/msg/goal_info.hpp
[14.873s] -- Up-to-date: /root/ros_ws/src/Rescue_Car_ws/install/action_msgs/include/action_msgs/action_msgs
[14.873s] -- Up-to-date: /root/ros_ws/src/Rescue_Car_ws/install/action_msgs/include/action_msgs/action_msgs/srv
[14.873s] -- Up-to-date: /root/ros_ws/src/Rescue_Car_ws/install/action_msgs/include/action_msgs/action_msgs/srv/detail
[14.873s] -- Installing: /root/ros_ws/src/Rescue_Car_ws/install/action_msgs/include/action_msgs/action_msgs/srv/detail/dds_fastrtps
[14.873s] -- Installing: /root/ros_ws/src/Rescue_Car_ws/install/action_msgs/include/action_msgs/action_msgs/srv/detail/cancel_goal__rosidl_typesupport_fastrtps_cpp.hpp
[14.873s] -- Up-to-date: /root/ros_ws/src/Rescue_Car_ws/install/action_msgs/include/action_msgs/action_msgs/msg
[14.873s] -- Installing: /root/ros_ws/src/Rescue_Car_ws/install/action_msgs/include/action_msgs/action_msgs/msg/rosidl_typesupport_fastrtps_cpp__visibility_control.h
[14.873s] -- Up-to-date: /root/ros_ws/src/Rescue_Car_ws/install/action_msgs/include/action_msgs/action_msgs/msg/detail
[14.873s] -- Installing: /root/ros_ws/src/Rescue_Car_ws/install/action_msgs/include/action_msgs/action_msgs/msg/detail/goal_status__rosidl_typesupport_fastrtps_cpp.hpp
[14.873s] -- Installing: /root/ros_ws/src/Rescue_Car_ws/install/action_msgs/include/action_msgs/action_msgs/msg/detail/goal_info__rosidl_typesupport_fastrtps_cpp.hpp
[14.873s] -- Installing: /root/ros_ws/src/Rescue_Car_ws/install/action_msgs/include/action_msgs/action_msgs/msg/detail/dds_fastrtps
[14.874s] -- Installing: /root/ros_ws/src/Rescue_Car_ws/install/action_msgs/include/action_msgs/action_msgs/msg/detail/goal_status_array__rosidl_typesupport_fastrtps_cpp.hpp
[14.874s] -- Installing: /root/ros_ws/src/Rescue_Car_ws/install/action_msgs/lib/libaction_msgs__rosidl_typesupport_fastrtps_cpp.so
[14.874s] -- Set runtime path of "/root/ros_ws/src/Rescue_Car_ws/install/action_msgs/lib/libaction_msgs__rosidl_typesupport_fastrtps_cpp.so" to ""
[14.874s] -- Up-to-date: /root/ros_ws/src/Rescue_Car_ws/install/action_msgs/include/action_msgs/action_msgs
[14.874s] -- Up-to-date: /root/ros_ws/src/Rescue_Car_ws/install/action_msgs/include/action_msgs/action_msgs/srv
[14.874s] -- Up-to-date: /root/ros_ws/src/Rescue_Car_ws/install/action_msgs/include/action_msgs/action_msgs/srv/detail
[14.874s] -- Installing: /root/ros_ws/src/Rescue_Car_ws/install/action_msgs/include/action_msgs/action_msgs/srv/detail/cancel_goal__rosidl_typesupport_introspection_c.h
[14.874s] -- Installing: /root/ros_ws/src/Rescue_Car_ws/install/action_msgs/include/action_msgs/action_msgs/srv/detail/cancel_goal__type_support.c
[14.874s] -- Up-to-date: /root/ros_ws/src/Rescue_Car_ws/install/action_msgs/include/action_msgs/action_msgs/msg
[14.874s] -- Installing: /root/ros_ws/src/Rescue_Car_ws/install/action_msgs/include/action_msgs/action_msgs/msg/rosidl_typesupport_introspection_c__visibility_control.h
[14.874s] -- Up-to-date: /root/ros_ws/src/Rescue_Car_ws/install/action_msgs/include/action_msgs/action_msgs/msg/detail
[14.874s] -- Installing: /root/ros_ws/src/Rescue_Car_ws/install/action_msgs/include/action_msgs/action_msgs/msg/detail/goal_status_array__type_support.c
[14.874s] -- Installing: /root/ros_ws/src/Rescue_Car_ws/install/action_msgs/include/action_msgs/action_msgs/msg/detail/goal_info__type_support.c
[14.874s] -- Installing: /root/ros_ws/src/Rescue_Car_ws/install/action_msgs/include/action_msgs/action_msgs/msg/detail/goal_status__type_support.c
[14.874s] -- Installing: /root/ros_ws/src/Rescue_Car_ws/install/action_msgs/include/action_msgs/action_msgs/msg/detail/goal_info__rosidl_typesupport_introspection_c.h
[14.875s] -- Installing: /root/ros_ws/src/Rescue_Car_ws/install/action_msgs/include/action_msgs/action_msgs/msg/detail/goal_status__rosidl_typesupport_introspection_c.h
[14.875s] -- Installing: /root/ros_ws/src/Rescue_Car_ws/install/action_msgs/include/action_msgs/action_msgs/msg/detail/goal_status_array__rosidl_typesupport_introspection_c.h
[14.875s] -- Installing: /root/ros_ws/src/Rescue_Car_ws/install/action_msgs/lib/libaction_msgs__rosidl_typesupport_introspection_c.so
[14.875s] -- Set runtime path of "/root/ros_ws/src/Rescue_Car_ws/install/action_msgs/lib/libaction_msgs__rosidl_typesupport_introspection_c.so" to ""
[14.875s] -- Installing: /root/ros_ws/src/Rescue_Car_ws/install/action_msgs/lib/libaction_msgs__rosidl_typesupport_c.so
[14.875s] -- Set runtime path of "/root/ros_ws/src/Rescue_Car_ws/install/action_msgs/lib/libaction_msgs__rosidl_typesupport_c.so" to ""
[14.875s] -- Up-to-date: /root/ros_ws/src/Rescue_Car_ws/install/action_msgs/include/action_msgs/action_msgs
[14.875s] -- Up-to-date: /root/ros_ws/src/Rescue_Car_ws/install/action_msgs/include/action_msgs/action_msgs/srv
[14.875s] -- Up-to-date: /root/ros_ws/src/Rescue_Car_ws/install/action_msgs/include/action_msgs/action_msgs/srv/detail
[14.875s] -- Installing: /root/ros_ws/src/Rescue_Car_ws/install/action_msgs/include/action_msgs/action_msgs/srv/detail/cancel_goal__type_support.cpp
[14.884s] -- Installing: /root/ros_ws/src/Rescue_Car_ws/install/action_msgs/include/action_msgs/action_msgs/srv/detail/cancel_goal__rosidl_typesupport_introspection_cpp.hpp
[14.884s] -- Up-to-date: /root/ros_ws/src/Rescue_Car_ws/install/action_msgs/include/action_msgs/action_msgs/msg
[14.885s] -- Up-to-date: /root/ros_ws/src/Rescue_Car_ws/install/action_msgs/include/action_msgs/action_msgs/msg/detail
[14.885s] -- Installing: /root/ros_ws/src/Rescue_Car_ws/install/action_msgs/include/action_msgs/action_msgs/msg/detail/goal_status_array__rosidl_typesupport_introspection_cpp.hpp
[14.885s] -- Installing: /root/ros_ws/src/Rescue_Car_ws/install/action_msgs/include/action_msgs/action_msgs/msg/detail/goal_info__type_support.cpp
[14.885s] -- Installing: /root/ros_ws/src/Rescue_Car_ws/install/action_msgs/include/action_msgs/action_msgs/msg/detail/goal_status_array__type_support.cpp
[14.885s] -- Installing: /root/ros_ws/src/Rescue_Car_ws/install/action_msgs/include/action_msgs/action_msgs/msg/detail/goal_info__rosidl_typesupport_introspection_cpp.hpp
[14.885s] -- Installing: /root/ros_ws/src/Rescue_Car_ws/install/action_msgs/include/action_msgs/action_msgs/msg/detail/goal_status__rosidl_typesupport_introspection_cpp.hpp
[14.885s] -- Installing: /root/ros_ws/src/Rescue_Car_ws/install/action_msgs/include/action_msgs/action_msgs/msg/detail/goal_status__type_support.cpp
[14.893s] -- Installing: /root/ros_ws/src/Rescue_Car_ws/install/action_msgs/lib/libaction_msgs__rosidl_typesupport_introspection_cpp.so
[14.893s] -- Set runtime path of "/root/ros_ws/src/Rescue_Car_ws/install/action_msgs/lib/libaction_msgs__rosidl_typesupport_introspection_cpp.so" to ""
[14.893s] -- Installing: /root/ros_ws/src/Rescue_Car_ws/install/action_msgs/lib/libaction_msgs__rosidl_typesupport_cpp.so
[14.893s] -- Set runtime path of "/root/ros_ws/src/Rescue_Car_ws/install/action_msgs/lib/libaction_msgs__rosidl_typesupport_cpp.so" to ""
[14.893s] -- Installing: /root/ros_ws/src/Rescue_Car_ws/install/action_msgs/share/action_msgs/environment/pythonpath.sh
[14.893s] -- Installing: /root/ros_ws/src/Rescue_Car_ws/install/action_msgs/share/action_msgs/environment/pythonpath.dsv
[14.893s] -- Installing: /root/ros_ws/src/Rescue_Car_ws/install/action_msgs/local/lib/python3.10/dist-packages/action_msgs-1.2.2-py3.10.egg-info
[14.893s] -- Installing: /root/ros_ws/src/Rescue_Car_ws/install/action_msgs/local/lib/python3.10/dist-packages/action_msgs-1.2.2-py3.10.egg-info/dependency_links.txt
[14.893s] -- Installing: /root/ros_ws/src/Rescue_Car_ws/install/action_msgs/local/lib/python3.10/dist-packages/action_msgs-1.2.2-py3.10.egg-info/SOURCES.txt
[14.893s] -- Installing: /root/ros_ws/src/Rescue_Car_ws/install/action_msgs/local/lib/python3.10/dist-packages/action_msgs-1.2.2-py3.10.egg-info/PKG-INFO
[14.893s] -- Installing: /root/ros_ws/src/Rescue_Car_ws/install/action_msgs/local/lib/python3.10/dist-packages/action_msgs-1.2.2-py3.10.egg-info/top_level.txt
[14.893s] -- Installing: /root/ros_ws/src/Rescue_Car_ws/install/action_msgs/local/lib/python3.10/dist-packages/action_msgs
[14.893s] -- Installing: /root/ros_ws/src/Rescue_Car_ws/install/action_msgs/local/lib/python3.10/dist-packages/action_msgs/libaction_msgs__rosidl_generator_py.so
[14.894s] -- Installing: /root/ros_ws/src/Rescue_Car_ws/install/action_msgs/local/lib/python3.10/dist-packages/action_msgs/action_msgs_s__rosidl_typesupport_introspection_c.cpython-310-x86_64-linux-gnu.so
[14.894s] -- Installing: /root/ros_ws/src/Rescue_Car_ws/install/action_msgs/local/lib/python3.10/dist-packages/action_msgs/action_msgs_s__rosidl_typesupport_c.cpython-310-x86_64-linux-gnu.so
[14.894s] -- Installing: /root/ros_ws/src/Rescue_Car_ws/install/action_msgs/local/lib/python3.10/dist-packages/action_msgs/_action_msgs_s.ep.rosidl_typesupport_c.c
[14.894s] -- Installing: /root/ros_ws/src/Rescue_Car_ws/install/action_msgs/local/lib/python3.10/dist-packages/action_msgs/_action_msgs_s.ep.rosidl_typesupport_introspection_c.c
[14.894s] -- Installing: /root/ros_ws/src/Rescue_Car_ws/install/action_msgs/local/lib/python3.10/dist-packages/action_msgs/srv
[14.894s] -- Installing: /root/ros_ws/src/Rescue_Car_ws/install/action_msgs/local/lib/python3.10/dist-packages/action_msgs/srv/_cancel_goal.py
[14.894s] -- Installing: /root/ros_ws/src/Rescue_Car_ws/install/action_msgs/local/lib/python3.10/dist-packages/action_msgs/srv/_cancel_goal_s.c
[14.894s] -- Installing: /root/ros_ws/src/Rescue_Car_ws/install/action_msgs/local/lib/python3.10/dist-packages/action_msgs/srv/__init__.py
[14.894s] -- Installing: /root/ros_ws/src/Rescue_Car_ws/install/action_msgs/local/lib/python3.10/dist-packages/action_msgs/__init__.py
[14.894s] -- Installing: /root/ros_ws/src/Rescue_Car_ws/install/action_msgs/local/lib/python3.10/dist-packages/action_msgs/msg
[14.894s] -- Installing: /root/ros_ws/src/Rescue_Car_ws/install/action_msgs/local/lib/python3.10/dist-packages/action_msgs/msg/_goal_status_s.c
[14.894s] -- Installing: /root/ros_ws/src/Rescue_Car_ws/install/action_msgs/local/lib/python3.10/dist-packages/action_msgs/msg/_goal_info.py
[14.894s] -- Installing: /root/ros_ws/src/Rescue_Car_ws/install/action_msgs/local/lib/python3.10/dist-packages/action_msgs/msg/_goal_status.py
[14.894s] -- Installing: /root/ros_ws/src/Rescue_Car_ws/install/action_msgs/local/lib/python3.10/dist-packages/action_msgs/msg/_goal_info_s.c
[14.894s] -- Installing: /root/ros_ws/src/Rescue_Car_ws/install/action_msgs/local/lib/python3.10/dist-packages/action_msgs/msg/_goal_status_array_s.c
[14.894s] -- Installing: /root/ros_ws/src/Rescue_Car_ws/install/action_msgs/local/lib/python3.10/dist-packages/action_msgs/msg/_goal_status_array.py
[14.894s] -- Installing: /root/ros_ws/src/Rescue_Car_ws/install/action_msgs/local/lib/python3.10/dist-packages/action_msgs/msg/__init__.py
[14.895s] -- Installing: /root/ros_ws/src/Rescue_Car_ws/install/action_msgs/local/lib/python3.10/dist-packages/action_msgs/_action_msgs_s.ep.rosidl_typesupport_fastrtps_c.c
[14.895s] -- Installing: /root/ros_ws/src/Rescue_Car_ws/install/action_msgs/local/lib/python3.10/dist-packages/action_msgs/action_msgs_s__rosidl_typesupport_fastrtps_c.cpython-310-x86_64-linux-gnu.so
[15.041s] Listing '/root/ros_ws/src/Rescue_Car_ws/install/action_msgs/local/lib/python3.10/dist-packages/action_msgs'...
[15.041s] Compiling '/root/ros_ws/src/Rescue_Car_ws/install/action_msgs/local/lib/python3.10/dist-packages/action_msgs/__init__.py'...
[15.041s] Listing '/root/ros_ws/src/Rescue_Car_ws/install/action_msgs/local/lib/python3.10/dist-packages/action_msgs/msg'...
[15.041s] Compiling '/root/ros_ws/src/Rescue_Car_ws/install/action_msgs/local/lib/python3.10/dist-packages/action_msgs/msg/__init__.py'...
[15.041s] Compiling '/root/ros_ws/src/Rescue_Car_ws/install/action_msgs/local/lib/python3.10/dist-packages/action_msgs/msg/_goal_info.py'...
[15.041s] Compiling '/root/ros_ws/src/Rescue_Car_ws/install/action_msgs/local/lib/python3.10/dist-packages/action_msgs/msg/_goal_status.py'...
[15.041s] Compiling '/root/ros_ws/src/Rescue_Car_ws/install/action_msgs/local/lib/python3.10/dist-packages/action_msgs/msg/_goal_status_array.py'...
[15.041s] Listing '/root/ros_ws/src/Rescue_Car_ws/install/action_msgs/local/lib/python3.10/dist-packages/action_msgs/srv'...
[15.041s] Compiling '/root/ros_ws/src/Rescue_Car_ws/install/action_msgs/local/lib/python3.10/dist-packages/action_msgs/srv/__init__.py'...
[15.041s] Compiling '/root/ros_ws/src/Rescue_Car_ws/install/action_msgs/local/lib/python3.10/dist-packages/action_msgs/srv/_cancel_goal.py'...
[15.061s] -- Installing: /root/ros_ws/src/Rescue_Car_ws/install/action_msgs/local/lib/python3.10/dist-packages/action_msgs/action_msgs_s__rosidl_typesupport_fastrtps_c.cpython-310-x86_64-linux-gnu.so
[15.062s] -- Set runtime path of "/root/ros_ws/src/Rescue_Car_ws/install/action_msgs/local/lib/python3.10/dist-packages/action_msgs/action_msgs_s__rosidl_typesupport_fastrtps_c.cpython-310-x86_64-linux-gnu.so" to ""
[15.062s] -- Installing: /root/ros_ws/src/Rescue_Car_ws/install/action_msgs/local/lib/python3.10/dist-packages/action_msgs/action_msgs_s__rosidl_typesupport_introspection_c.cpython-310-x86_64-linux-gnu.so
[15.062s] -- Set runtime path of "/root/ros_ws/src/Rescue_Car_ws/install/action_msgs/local/lib/python3.10/dist-packages/action_msgs/action_msgs_s__rosidl_typesupport_introspection_c.cpython-310-x86_64-linux-gnu.so" to ""
[15.062s] -- Installing: /root/ros_ws/src/Rescue_Car_ws/install/action_msgs/local/lib/python3.10/dist-packages/action_msgs/action_msgs_s__rosidl_typesupport_c.cpython-310-x86_64-linux-gnu.so
[15.063s] -- Set runtime path of "/root/ros_ws/src/Rescue_Car_ws/install/action_msgs/local/lib/python3.10/dist-packages/action_msgs/action_msgs_s__rosidl_typesupport_c.cpython-310-x86_64-linux-gnu.so" to ""
[15.063s] -- Installing: /root/ros_ws/src/Rescue_Car_ws/install/action_msgs/lib/libaction_msgs__rosidl_generator_py.so
[15.063s] -- Set runtime path of "/root/ros_ws/src/Rescue_Car_ws/install/action_msgs/lib/libaction_msgs__rosidl_generator_py.so" to ""
[15.064s] -- Installing: /root/ros_ws/src/Rescue_Car_ws/install/action_msgs/share/action_msgs/msg/GoalInfo.idl
[15.064s] -- Installing: /root/ros_ws/src/Rescue_Car_ws/install/action_msgs/share/action_msgs/msg/GoalStatus.idl
[15.064s] -- Installing: /root/ros_ws/src/Rescue_Car_ws/install/action_msgs/share/action_msgs/msg/GoalStatusArray.idl
[15.073s] -- Installing: /root/ros_ws/src/Rescue_Car_ws/install/action_msgs/share/action_msgs/srv/CancelGoal.idl
[15.073s] -- Installing: /root/ros_ws/src/Rescue_Car_ws/install/action_msgs/share/action_msgs/msg/GoalInfo.msg
[15.073s] -- Installing: /root/ros_ws/src/Rescue_Car_ws/install/action_msgs/share/action_msgs/msg/GoalStatus.msg
[15.073s] -- Installing: /root/ros_ws/src/Rescue_Car_ws/install/action_msgs/share/action_msgs/msg/GoalStatusArray.msg
[15.073s] -- Installing: /root/ros_ws/src/Rescue_Car_ws/install/action_msgs/share/action_msgs/srv/CancelGoal.srv
[15.073s] -- Installing: /root/ros_ws/src/Rescue_Car_ws/install/action_msgs/share/action_msgs/srv/CancelGoal_Request.msg
[15.073s] -- Installing: /root/ros_ws/src/Rescue_Car_ws/install/action_msgs/share/action_msgs/srv/CancelGoal_Response.msg
[15.073s] -- Installing: /root/ros_ws/src/Rescue_Car_ws/install/action_msgs/share/ament_index/resource_index/package_run_dependencies/action_msgs
[15.073s] -- Installing: /root/ros_ws/src/Rescue_Car_ws/install/action_msgs/share/ament_index/resource_index/parent_prefix_path/action_msgs
[15.073s] -- Installing: /root/ros_ws/src/Rescue_Car_ws/install/action_msgs/share/action_msgs/environment/ament_prefix_path.sh
[15.073s] -- Installing: /root/ros_ws/src/Rescue_Car_ws/install/action_msgs/share/action_msgs/environment/ament_prefix_path.dsv
[15.073s] -- Installing: /root/ros_ws/src/Rescue_Car_ws/install/action_msgs/share/action_msgs/environment/path.sh
[15.073s] -- Installing: /root/ros_ws/src/Rescue_Car_ws/install/action_msgs/share/action_msgs/environment/path.dsv
[15.073s] -- Installing: /root/ros_ws/src/Rescue_Car_ws/install/action_msgs/share/action_msgs/local_setup.bash
[15.074s] -- Installing: /root/ros_ws/src/Rescue_Car_ws/install/action_msgs/share/action_msgs/local_setup.sh
[15.074s] -- Installing: /root/ros_ws/src/Rescue_Car_ws/install/action_msgs/share/action_msgs/local_setup.zsh
[15.074s] -- Installing: /root/ros_ws/src/Rescue_Car_ws/install/action_msgs/share/action_msgs/local_setup.dsv
[15.074s] -- Installing: /root/ros_ws/src/Rescue_Car_ws/install/action_msgs/share/action_msgs/package.dsv
[15.084s] -- Installing: /root/ros_ws/src/Rescue_Car_ws/install/action_msgs/share/ament_index/resource_index/packages/action_msgs
[15.085s] -- Installing: /root/ros_ws/src/Rescue_Car_ws/install/action_msgs/share/action_msgs/cmake/export_action_msgs__rosidl_generator_cExport.cmake
[15.085s] -- Installing: /root/ros_ws/src/Rescue_Car_ws/install/action_msgs/share/action_msgs/cmake/export_action_msgs__rosidl_generator_cExport-noconfig.cmake
[15.085s] -- Installing: /root/ros_ws/src/Rescue_Car_ws/install/action_msgs/share/action_msgs/cmake/export_action_msgs__rosidl_typesupport_fastrtps_cExport.cmake
[15.085s] -- Installing: /root/ros_ws/src/Rescue_Car_ws/install/action_msgs/share/action_msgs/cmake/export_action_msgs__rosidl_typesupport_fastrtps_cExport-noconfig.cmake
[15.085s] -- Installing: /root/ros_ws/src/Rescue_Car_ws/install/action_msgs/share/action_msgs/cmake/export_action_msgs__rosidl_generator_cppExport.cmake
[15.085s] -- Installing: /root/ros_ws/src/Rescue_Car_ws/install/action_msgs/share/action_msgs/cmake/export_action_msgs__rosidl_typesupport_fastrtps_cppExport.cmake
[15.085s] -- Installing: /root/ros_ws/src/Rescue_Car_ws/install/action_msgs/share/action_msgs/cmake/export_action_msgs__rosidl_typesupport_fastrtps_cppExport-noconfig.cmake
[15.085s] -- Installing: /root/ros_ws/src/Rescue_Car_ws/install/action_msgs/share/action_msgs/cmake/action_msgs__rosidl_typesupport_introspection_cExport.cmake
[15.085s] -- Installing: /root/ros_ws/src/Rescue_Car_ws/install/action_msgs/share/action_msgs/cmake/action_msgs__rosidl_typesupport_introspection_cExport-noconfig.cmake
[15.085s] -- Installing: /root/ros_ws/src/Rescue_Car_ws/install/action_msgs/share/action_msgs/cmake/action_msgs__rosidl_typesupport_cExport.cmake
[15.085s] -- Installing: /root/ros_ws/src/Rescue_Car_ws/install/action_msgs/share/action_msgs/cmake/action_msgs__rosidl_typesupport_cExport-noconfig.cmake
[15.085s] -- Installing: /root/ros_ws/src/Rescue_Car_ws/install/action_msgs/share/action_msgs/cmake/action_msgs__rosidl_typesupport_introspection_cppExport.cmake
[15.085s] -- Installing: /root/ros_ws/src/Rescue_Car_ws/install/action_msgs/share/action_msgs/cmake/action_msgs__rosidl_typesupport_introspection_cppExport-noconfig.cmake
[15.101s] -- Installing: /root/ros_ws/src/Rescue_Car_ws/install/action_msgs/share/action_msgs/cmake/action_msgs__rosidl_typesupport_cppExport.cmake
[15.101s] -- Installing: /root/ros_ws/src/Rescue_Car_ws/install/action_msgs/share/action_msgs/cmake/action_msgs__rosidl_typesupport_cppExport-noconfig.cmake
[15.101s] -- Installing: /root/ros_ws/src/Rescue_Car_ws/install/action_msgs/share/action_msgs/cmake/export_action_msgs__rosidl_generator_pyExport.cmake
[15.101s] -- Installing: /root/ros_ws/src/Rescue_Car_ws/install/action_msgs/share/action_msgs/cmake/export_action_msgs__rosidl_generator_pyExport-noconfig.cmake
[15.101s] -- Installing: /root/ros_ws/src/Rescue_Car_ws/install/action_msgs/share/action_msgs/cmake/rosidl_cmake-extras.cmake
[15.101s] -- Installing: /root/ros_ws/src/Rescue_Car_ws/install/action_msgs/share/action_msgs/cmake/ament_cmake_export_dependencies-extras.cmake
[15.101s] -- Installing: /root/ros_ws/src/Rescue_Car_ws/install/action_msgs/share/action_msgs/cmake/ament_cmake_export_include_directories-extras.cmake
[15.101s] -- Installing: /root/ros_ws/src/Rescue_Car_ws/install/action_msgs/share/action_msgs/cmake/ament_cmake_export_libraries-extras.cmake
[15.101s] -- Installing: /root/ros_ws/src/Rescue_Car_ws/install/action_msgs/share/action_msgs/cmake/ament_cmake_export_targets-extras.cmake
[15.101s] -- Installing: /root/ros_ws/src/Rescue_Car_ws/install/action_msgs/share/action_msgs/cmake/rosidl_cmake_export_typesupport_targets-extras.cmake
[15.101s] -- Installing: /root/ros_ws/src/Rescue_Car_ws/install/action_msgs/share/action_msgs/cmake/rosidl_cmake_export_typesupport_libraries-extras.cmake
[15.102s] -- Installing: /root/ros_ws/src/Rescue_Car_ws/install/action_msgs/share/action_msgs/cmake/action_msgsConfig.cmake
[15.102s] -- Installing: /root/ros_ws/src/Rescue_Car_ws/install/action_msgs/share/action_msgs/cmake/action_msgsConfig-version.cmake
[15.102s] -- Installing: /root/ros_ws/src/Rescue_Car_ws/install/action_msgs/share/action_msgs/package.xml
[15.114s] Invoked command in '/root/ros_ws/src/Rescue_Car_ws/build/action_msgs' returned '0': AMENT_PREFIX_PATH=/root/ros_ws/src/Rescue_Car_ws/install/unique_identifier_msgs:/root/ros_ws/src/Rescue_Car_ws/install/builtin_interfaces:${AMENT_PREFIX_PATH} CMAKE_PREFIX_PATH=/root/ros_ws/src/Rescue_Car_ws/install/unique_identifier_msgs:/root/ros_ws/src/Rescue_Car_ws/install/builtin_interfaces:/opt/ros/humble LD_LIBRARY_PATH=/root/ros_ws/src/Rescue_Car_ws/install/unique_identifier_msgs/lib:/root/ros_ws/src/Rescue_Car_ws/install/builtin_interfaces/lib:${LD_LIBRARY_PATH} PYTHONPATH=/root/ros_ws/src/Rescue_Car_ws/install/unique_identifier_msgs/local/lib/python3.10/dist-packages:/root/ros_ws/src/Rescue_Car_ws/install/builtin_interfaces/local/lib/python3.10/dist-packages:${PYTHONPATH} /usr/bin/cmake --install /root/ros_ws/src/Rescue_Car_ws/build/action_msgs
