[0.185s] Invoking command in '/root/ros_ws/src/Rescue_Car_ws/build/nav_msgs': AMENT_PREFIX_PATH=/root/ros_ws/src/Rescue_Car_ws/install/geometry_msgs:/root/ros_ws/src/Rescue_Car_ws/install/std_msgs:/root/ros_ws/src/Rescue_Car_ws/install/builtin_interfaces:${AMENT_PREFIX_PATH} CMAKE_PREFIX_PATH=/root/ros_ws/src/Rescue_Car_ws/install/geometry_msgs:/root/ros_ws/src/Rescue_Car_ws/install/std_msgs:/root/ros_ws/src/Rescue_Car_ws/install/builtin_interfaces:/opt/ros/humble LD_LIBRARY_PATH=/root/ros_ws/src/Rescue_Car_ws/install/geometry_msgs/lib:/root/ros_ws/src/Rescue_Car_ws/install/std_msgs/lib:/root/ros_ws/src/Rescue_Car_ws/install/builtin_interfaces/lib:${LD_LIBRARY_PATH} PYTHONPATH=/root/ros_ws/src/Rescue_Car_ws/install/geometry_msgs/local/lib/python3.10/dist-packages:/root/ros_ws/src/Rescue_Car_ws/install/std_msgs/local/lib/python3.10/dist-packages:/root/ros_ws/src/Rescue_Car_ws/install/builtin_interfaces/local/lib/python3.10/dist-packages:${PYTHONPATH} /usr/bin/cmake /root/ros_ws/src/Rescue_Car_ws/src/microros/src/ros2/common_interfaces/nav_msgs -DCMAKE_INSTALL_PREFIX=/root/ros_ws/src/Rescue_Car_ws/install/nav_msgs
[0.291s] -- The C compiler identification is GNU 11.4.0
[0.835s] -- The CXX compiler identification is GNU 11.4.0
[1.246s] -- Detecting C compiler ABI info
[1.419s] -- Detecting C compiler ABI info - done
[1.427s] -- Check for working C compiler: /usr/bin/cc - skipped
[1.427s] -- Detecting C compile features
[1.428s] -- Detecting C compile features - done
[1.431s] -- Detecting CXX compiler ABI info
[1.558s] -- Detecting CXX compiler ABI info - done
[1.565s] -- Check for working CXX compiler: /usr/bin/c++ - skipped
[1.565s] -- Detecting CXX compile features
[1.566s] -- Detecting CXX compile features - done
[1.568s] -- Found ament_cmake: 1.3.12 (/opt/ros/humble/share/ament_cmake/cmake)
[1.707s] -- Found Python3: /usr/bin/python3 (found version "3.10.12") found components: Interpreter 
[1.790s] -- Found builtin_interfaces: 1.2.2 (/root/ros_ws/src/Rescue_Car_ws/install/builtin_interfaces/share/builtin_interfaces/cmake)
[1.933s] -- Found rosidl_generator_c: 3.1.7 (/opt/ros/humble/share/rosidl_generator_c/cmake)
[1.937s] -- Found rosidl_adapter: 3.1.7 (/opt/ros/humble/share/rosidl_adapter/cmake)
[1.943s] -- Found rosidl_generator_cpp: 3.1.7 (/opt/ros/humble/share/rosidl_generator_cpp/cmake)
[1.954s] -- Using all available rosidl_typesupport_c: rosidl_typesupport_fastrtps_c;rosidl_typesupport_introspection_c
[1.969s] -- Using all available rosidl_typesupport_cpp: rosidl_typesupport_fastrtps_cpp;rosidl_typesupport_introspection_cpp
[1.980s] -- Found geometry_msgs: 4.9.0 (/root/ros_ws/src/Rescue_Car_ws/install/geometry_msgs/share/geometry_msgs/cmake)
[2.002s] -- Found rosidl_default_generators: 1.2.0 (/opt/ros/humble/share/rosidl_default_generators/cmake)
[2.353s] -- Found ament_cmake_cppcheck: 0.12.14 (/opt/ros/humble/share/ament_cmake_cppcheck/cmake)
[2.355s] -- Found ament_cmake_cpplint: 0.12.14 (/opt/ros/humble/share/ament_cmake_cpplint/cmake)
[2.357s] -- Found ament_cmake_uncrustify: 0.12.14 (/opt/ros/humble/share/ament_cmake_uncrustify/cmake)
[2.359s] -- Found ament_cmake_ros: 0.10.0 (/opt/ros/humble/share/ament_cmake_ros/cmake)
[2.785s] -- Using all available rosidl_typesupport_c: rosidl_typesupport_fastrtps_c;rosidl_typesupport_introspection_c
[2.953s] -- Using all available rosidl_typesupport_cpp: rosidl_typesupport_fastrtps_cpp;rosidl_typesupport_introspection_cpp
[3.107s] -- Found PythonInterp: /usr/bin/python3 (found suitable version "3.10.12", minimum required is "3.6") 
[3.108s] -- Found python_cmake_module: 0.10.0 (/opt/ros/humble/share/python_cmake_module/cmake)
[3.487s] -- Found PythonLibs: /usr/lib/x86_64-linux-gnu/libpython3.10.so (found suitable version "3.10.12", minimum required is "3.5") 
[3.487s] -- Using PYTHON_EXECUTABLE: /usr/bin/python3
[3.487s] -- Using PYTHON_INCLUDE_DIRS: /usr/include/python3.10
[3.487s] -- Using PYTHON_LIBRARIES: /usr/lib/x86_64-linux-gnu/libpython3.10.so
[3.503s] -- Found PythonExtra: .so  
[3.608s] -- Found ament_cmake_flake8: 0.12.14 (/opt/ros/humble/share/ament_cmake_flake8/cmake)
[3.611s] -- Found ament_cmake_pep257: 0.12.14 (/opt/ros/humble/share/ament_cmake_pep257/cmake)
[3.617s] -- Configuring done
[3.677s] -- Generating done
[3.692s] -- Build files have been written to: /root/ros_ws/src/Rescue_Car_ws/build/nav_msgs
[3.706s] Invoked command in '/root/ros_ws/src/Rescue_Car_ws/build/nav_msgs' returned '0': AMENT_PREFIX_PATH=/root/ros_ws/src/Rescue_Car_ws/install/geometry_msgs:/root/ros_ws/src/Rescue_Car_ws/install/std_msgs:/root/ros_ws/src/Rescue_Car_ws/install/builtin_interfaces:${AMENT_PREFIX_PATH} CMAKE_PREFIX_PATH=/root/ros_ws/src/Rescue_Car_ws/install/geometry_msgs:/root/ros_ws/src/Rescue_Car_ws/install/std_msgs:/root/ros_ws/src/Rescue_Car_ws/install/builtin_interfaces:/opt/ros/humble LD_LIBRARY_PATH=/root/ros_ws/src/Rescue_Car_ws/install/geometry_msgs/lib:/root/ros_ws/src/Rescue_Car_ws/install/std_msgs/lib:/root/ros_ws/src/Rescue_Car_ws/install/builtin_interfaces/lib:${LD_LIBRARY_PATH} PYTHONPATH=/root/ros_ws/src/Rescue_Car_ws/install/geometry_msgs/local/lib/python3.10/dist-packages:/root/ros_ws/src/Rescue_Car_ws/install/std_msgs/local/lib/python3.10/dist-packages:/root/ros_ws/src/Rescue_Car_ws/install/builtin_interfaces/local/lib/python3.10/dist-packages:${PYTHONPATH} /usr/bin/cmake /root/ros_ws/src/Rescue_Car_ws/src/microros/src/ros2/common_interfaces/nav_msgs -DCMAKE_INSTALL_PREFIX=/root/ros_ws/src/Rescue_Car_ws/install/nav_msgs
[3.709s] Invoking command in '/root/ros_ws/src/Rescue_Car_ws/build/nav_msgs': AMENT_PREFIX_PATH=/root/ros_ws/src/Rescue_Car_ws/install/geometry_msgs:/root/ros_ws/src/Rescue_Car_ws/install/std_msgs:/root/ros_ws/src/Rescue_Car_ws/install/builtin_interfaces:${AMENT_PREFIX_PATH} CMAKE_PREFIX_PATH=/root/ros_ws/src/Rescue_Car_ws/install/geometry_msgs:/root/ros_ws/src/Rescue_Car_ws/install/std_msgs:/root/ros_ws/src/Rescue_Car_ws/install/builtin_interfaces:/opt/ros/humble LD_LIBRARY_PATH=/root/ros_ws/src/Rescue_Car_ws/install/geometry_msgs/lib:/root/ros_ws/src/Rescue_Car_ws/install/std_msgs/lib:/root/ros_ws/src/Rescue_Car_ws/install/builtin_interfaces/lib:${LD_LIBRARY_PATH} PYTHONPATH=/root/ros_ws/src/Rescue_Car_ws/install/geometry_msgs/local/lib/python3.10/dist-packages:/root/ros_ws/src/Rescue_Car_ws/install/std_msgs/local/lib/python3.10/dist-packages:/root/ros_ws/src/Rescue_Car_ws/install/builtin_interfaces/local/lib/python3.10/dist-packages:${PYTHONPATH} /usr/bin/cmake --build /root/ros_ws/src/Rescue_Car_ws/build/nav_msgs -- -j20 -l20
[3.757s] [  1%] [34m[1mGenerating C code for ROS interfaces[0m
[3.768s] [  1%] [34m[1mGenerating C++ code for ROS interfaces[0m
[3.783s] [  1%] Built target ament_cmake_python_copy_nav_msgs
[4.054s] running egg_info
[4.055s] creating nav_msgs.egg-info
[4.056s] writing nav_msgs.egg-info/PKG-INFO
[4.056s] writing dependency_links to nav_msgs.egg-info/dependency_links.txt
[4.056s] writing top-level names to nav_msgs.egg-info/top_level.txt
[4.056s] writing manifest file 'nav_msgs.egg-info/SOURCES.txt'
[4.058s] reading manifest file 'nav_msgs.egg-info/SOURCES.txt'
[4.059s] writing manifest file 'nav_msgs.egg-info/SOURCES.txt'
[4.091s] [  1%] Built target ament_cmake_python_build_nav_msgs_egg
[5.399s] [  1%] Built target nav_msgs__cpp
[5.423s] [  2%] [34m[1mGenerating C++ type support dispatch for ROS interfaces[0m
[5.453s] [  3%] [34m[1mGenerating C++ introspection for ROS interfaces[0m
[5.454s] [  4%] [34m[1mGenerating C++ type support for eProsima Fast-RTPS[0m
[5.920s] [  5%] [32mBuilding C object CMakeFiles/nav_msgs__rosidl_generator_c.dir/rosidl_generator_c/nav_msgs/msg/detail/goals__functions.c.o[0m
[5.933s] [  6%] [32mBuilding C object CMakeFiles/nav_msgs__rosidl_generator_c.dir/rosidl_generator_c/nav_msgs/msg/detail/grid_cells__functions.c.o[0m
[5.933s] [  7%] [32mBuilding C object CMakeFiles/nav_msgs__rosidl_generator_c.dir/rosidl_generator_c/nav_msgs/msg/detail/map_meta_data__functions.c.o[0m
[5.946s] [  8%] [32mBuilding C object CMakeFiles/nav_msgs__rosidl_generator_c.dir/rosidl_generator_c/nav_msgs/msg/detail/occupancy_grid__functions.c.o[0m
[5.946s] [  9%] [32mBuilding C object CMakeFiles/nav_msgs__rosidl_generator_c.dir/rosidl_generator_c/nav_msgs/msg/detail/odometry__functions.c.o[0m
[5.969s] [ 10%] [32mBuilding C object CMakeFiles/nav_msgs__rosidl_generator_c.dir/rosidl_generator_c/nav_msgs/msg/detail/path__functions.c.o[0m
[5.979s] [ 11%] [32mBuilding C object CMakeFiles/nav_msgs__rosidl_generator_c.dir/rosidl_generator_c/nav_msgs/srv/detail/get_map__functions.c.o[0m
[6.005s] [ 12%] [32mBuilding C object CMakeFiles/nav_msgs__rosidl_generator_c.dir/rosidl_generator_c/nav_msgs/srv/detail/load_map__functions.c.o[0m
[6.017s] [ 13%] [32mBuilding C object CMakeFiles/nav_msgs__rosidl_generator_c.dir/rosidl_generator_c/nav_msgs/srv/detail/get_plan__functions.c.o[0m
[6.033s] [ 14%] [32mBuilding C object CMakeFiles/nav_msgs__rosidl_generator_c.dir/rosidl_generator_c/nav_msgs/srv/detail/set_map__functions.c.o[0m
[6.310s] [ 15%] [32m[1mLinking C shared library libnav_msgs__rosidl_generator_c.so[0m
[7.449s] [ 15%] Built target nav_msgs__rosidl_generator_c
[7.722s] [ 16%] [32mBuilding CXX object CMakeFiles/nav_msgs__rosidl_typesupport_cpp.dir/rosidl_typesupport_cpp/nav_msgs/msg/goals__type_support.cpp.o[0m
[7.866s] [ 17%] [32mBuilding CXX object CMakeFiles/nav_msgs__rosidl_typesupport_introspection_cpp.dir/rosidl_typesupport_introspection_cpp/nav_msgs/msg/detail/goals__type_support.cpp.o[0m
[8.004s] [ 18%] [32mBuilding CXX object CMakeFiles/nav_msgs__rosidl_typesupport_cpp.dir/rosidl_typesupport_cpp/nav_msgs/srv/set_map__type_support.cpp.o[0m
[8.056s] [ 19%] [32mBuilding CXX object CMakeFiles/nav_msgs__rosidl_typesupport_fastrtps_cpp.dir/rosidl_typesupport_fastrtps_cpp/nav_msgs/msg/detail/dds_fastrtps/goals__type_support.cpp.o[0m
[8.324s] [ 20%] [32mBuilding CXX object CMakeFiles/nav_msgs__rosidl_typesupport_cpp.dir/rosidl_typesupport_cpp/nav_msgs/srv/load_map__type_support.cpp.o[0m
[8.363s] [ 21%] [32mBuilding CXX object CMakeFiles/nav_msgs__rosidl_typesupport_introspection_cpp.dir/rosidl_typesupport_introspection_cpp/nav_msgs/srv/detail/get_map__type_support.cpp.o[0m
[8.549s] [ 21%] [32mBuilding CXX object CMakeFiles/nav_msgs__rosidl_typesupport_fastrtps_cpp.dir/rosidl_typesupport_fastrtps_cpp/nav_msgs/msg/detail/dds_fastrtps/map_meta_data__type_support.cpp.o[0m
[8.607s] [ 22%] [32mBuilding CXX object CMakeFiles/nav_msgs__rosidl_typesupport_cpp.dir/rosidl_typesupport_cpp/nav_msgs/srv/get_plan__type_support.cpp.o[0m
[8.764s] [ 23%] [32mBuilding CXX object CMakeFiles/nav_msgs__rosidl_typesupport_introspection_cpp.dir/rosidl_typesupport_introspection_cpp/nav_msgs/srv/detail/get_plan__type_support.cpp.o[0m
[8.918s] [ 24%] [32mBuilding CXX object CMakeFiles/nav_msgs__rosidl_typesupport_cpp.dir/rosidl_typesupport_cpp/nav_msgs/srv/get_map__type_support.cpp.o[0m
[8.923s] [ 25%] [32mBuilding CXX object CMakeFiles/nav_msgs__rosidl_typesupport_fastrtps_cpp.dir/rosidl_typesupport_fastrtps_cpp/nav_msgs/msg/detail/dds_fastrtps/odometry__type_support.cpp.o[0m
[9.243s] [ 26%] [32mBuilding CXX object CMakeFiles/nav_msgs__rosidl_typesupport_cpp.dir/rosidl_typesupport_cpp/nav_msgs/msg/path__type_support.cpp.o[0m
[9.263s] [ 27%] [32mBuilding CXX object CMakeFiles/nav_msgs__rosidl_typesupport_introspection_cpp.dir/rosidl_typesupport_introspection_cpp/nav_msgs/srv/detail/set_map__type_support.cpp.o[0m
[9.368s] [ 28%] [32mBuilding CXX object CMakeFiles/nav_msgs__rosidl_typesupport_fastrtps_cpp.dir/rosidl_typesupport_fastrtps_cpp/nav_msgs/srv/detail/dds_fastrtps/get_map__type_support.cpp.o[0m
[9.527s] [ 29%] [32mBuilding CXX object CMakeFiles/nav_msgs__rosidl_typesupport_cpp.dir/rosidl_typesupport_cpp/nav_msgs/msg/odometry__type_support.cpp.o[0m
[9.723s] [ 30%] [32mBuilding CXX object CMakeFiles/nav_msgs__rosidl_typesupport_introspection_cpp.dir/rosidl_typesupport_introspection_cpp/nav_msgs/srv/detail/load_map__type_support.cpp.o[0m
[9.831s] [ 31%] [32mBuilding CXX object CMakeFiles/nav_msgs__rosidl_typesupport_cpp.dir/rosidl_typesupport_cpp/nav_msgs/msg/occupancy_grid__type_support.cpp.o[0m
[9.836s] [ 32%] [32mBuilding CXX object CMakeFiles/nav_msgs__rosidl_typesupport_fastrtps_cpp.dir/rosidl_typesupport_fastrtps_cpp/nav_msgs/srv/detail/dds_fastrtps/set_map__type_support.cpp.o[0m
[10.114s] [ 33%] [32mBuilding CXX object CMakeFiles/nav_msgs__rosidl_typesupport_cpp.dir/rosidl_typesupport_cpp/nav_msgs/msg/map_meta_data__type_support.cpp.o[0m
[10.124s] [ 34%] [32mBuilding CXX object CMakeFiles/nav_msgs__rosidl_typesupport_introspection_cpp.dir/rosidl_typesupport_introspection_cpp/nav_msgs/msg/detail/path__type_support.cpp.o[0m
[10.284s] [ 35%] [32mBuilding CXX object CMakeFiles/nav_msgs__rosidl_typesupport_fastrtps_cpp.dir/rosidl_typesupport_fastrtps_cpp/nav_msgs/srv/detail/dds_fastrtps/load_map__type_support.cpp.o[0m
[10.415s] [ 36%] [32mBuilding CXX object CMakeFiles/nav_msgs__rosidl_typesupport_cpp.dir/rosidl_typesupport_cpp/nav_msgs/msg/grid_cells__type_support.cpp.o[0m
[10.561s] [ 37%] [32mBuilding CXX object CMakeFiles/nav_msgs__rosidl_typesupport_introspection_cpp.dir/rosidl_typesupport_introspection_cpp/nav_msgs/msg/detail/odometry__type_support.cpp.o[0m
[10.669s] [ 38%] [32m[1mLinking CXX shared library libnav_msgs__rosidl_typesupport_cpp.so[0m
[10.714s] [ 39%] [32mBuilding CXX object CMakeFiles/nav_msgs__rosidl_typesupport_fastrtps_cpp.dir/rosidl_typesupport_fastrtps_cpp/nav_msgs/srv/detail/dds_fastrtps/get_plan__type_support.cpp.o[0m
[10.822s] [ 39%] Built target nav_msgs__rosidl_typesupport_cpp
[10.951s] [ 40%] [32mBuilding CXX object CMakeFiles/nav_msgs__rosidl_typesupport_introspection_cpp.dir/rosidl_typesupport_introspection_cpp/nav_msgs/msg/detail/occupancy_grid__type_support.cpp.o[0m
[11.129s] [ 41%] [32mBuilding CXX object CMakeFiles/nav_msgs__rosidl_typesupport_fastrtps_cpp.dir/rosidl_typesupport_fastrtps_cpp/nav_msgs/msg/detail/dds_fastrtps/path__type_support.cpp.o[0m
[11.352s] [ 42%] [32mBuilding CXX object CMakeFiles/nav_msgs__rosidl_typesupport_introspection_cpp.dir/rosidl_typesupport_introspection_cpp/nav_msgs/msg/detail/map_meta_data__type_support.cpp.o[0m
[11.537s] [ 43%] [32mBuilding CXX object CMakeFiles/nav_msgs__rosidl_typesupport_fastrtps_cpp.dir/rosidl_typesupport_fastrtps_cpp/nav_msgs/msg/detail/dds_fastrtps/occupancy_grid__type_support.cpp.o[0m
[11.683s] [ 44%] [32mBuilding CXX object CMakeFiles/nav_msgs__rosidl_typesupport_introspection_cpp.dir/rosidl_typesupport_introspection_cpp/nav_msgs/msg/detail/grid_cells__type_support.cpp.o[0m
[11.941s] [ 45%] [32mBuilding CXX object CMakeFiles/nav_msgs__rosidl_typesupport_fastrtps_cpp.dir/rosidl_typesupport_fastrtps_cpp/nav_msgs/msg/detail/dds_fastrtps/grid_cells__type_support.cpp.o[0m
[12.050s] [ 46%] [32m[1mLinking CXX shared library libnav_msgs__rosidl_typesupport_introspection_cpp.so[0m
[12.237s] [ 46%] Built target nav_msgs__rosidl_typesupport_introspection_cpp
[12.308s] [ 47%] [32m[1mLinking CXX shared library libnav_msgs__rosidl_typesupport_fastrtps_cpp.so[0m
[12.467s] [ 47%] Built target nav_msgs__rosidl_typesupport_fastrtps_cpp
[12.480s] [ 48%] [34m[1mGenerating C type support dispatch for ROS interfaces[0m
[13.130s] [ 49%] [32mBuilding CXX object CMakeFiles/nav_msgs__rosidl_typesupport_c.dir/rosidl_typesupport_c/nav_msgs/msg/goals__type_support.cpp.o[0m
[13.153s] [ 50%] [32mBuilding CXX object CMakeFiles/nav_msgs__rosidl_typesupport_c.dir/rosidl_typesupport_c/nav_msgs/srv/set_map__type_support.cpp.o[0m
[13.185s] [ 50%] [32mBuilding CXX object CMakeFiles/nav_msgs__rosidl_typesupport_c.dir/rosidl_typesupport_c/nav_msgs/srv/load_map__type_support.cpp.o[0m
[13.222s] [ 51%] [32mBuilding CXX object CMakeFiles/nav_msgs__rosidl_typesupport_c.dir/rosidl_typesupport_c/nav_msgs/srv/get_plan__type_support.cpp.o[0m
[13.260s] [ 52%] [32mBuilding CXX object CMakeFiles/nav_msgs__rosidl_typesupport_c.dir/rosidl_typesupport_c/nav_msgs/srv/get_map__type_support.cpp.o[0m
[13.291s] [ 53%] [32mBuilding CXX object CMakeFiles/nav_msgs__rosidl_typesupport_c.dir/rosidl_typesupport_c/nav_msgs/msg/path__type_support.cpp.o[0m
[13.317s] [ 54%] [32mBuilding CXX object CMakeFiles/nav_msgs__rosidl_typesupport_c.dir/rosidl_typesupport_c/nav_msgs/msg/odometry__type_support.cpp.o[0m
[13.350s] [ 55%] [32mBuilding CXX object CMakeFiles/nav_msgs__rosidl_typesupport_c.dir/rosidl_typesupport_c/nav_msgs/msg/occupancy_grid__type_support.cpp.o[0m
[13.379s] [ 56%] [32mBuilding CXX object CMakeFiles/nav_msgs__rosidl_typesupport_c.dir/rosidl_typesupport_c/nav_msgs/msg/map_meta_data__type_support.cpp.o[0m
[13.404s] [ 57%] [32mBuilding CXX object CMakeFiles/nav_msgs__rosidl_typesupport_c.dir/rosidl_typesupport_c/nav_msgs/msg/grid_cells__type_support.cpp.o[0m
[13.430s] [ 58%] [32m[1mLinking CXX shared library libnav_msgs__rosidl_typesupport_c.so[0m
[13.571s] [ 58%] Built target nav_msgs__rosidl_typesupport_c
[13.584s] [ 59%] [34m[1mGenerating C introspection for ROS interfaces[0m
[14.418s] [ 60%] [32mBuilding C object CMakeFiles/nav_msgs__rosidl_typesupport_introspection_c.dir/rosidl_typesupport_introspection_c/nav_msgs/msg/detail/goals__type_support.c.o[0m
[14.459s] [ 61%] [32mBuilding C object CMakeFiles/nav_msgs__rosidl_typesupport_introspection_c.dir/rosidl_typesupport_introspection_c/nav_msgs/srv/detail/set_map__type_support.c.o[0m
[14.490s] [ 62%] [32mBuilding C object CMakeFiles/nav_msgs__rosidl_typesupport_introspection_c.dir/rosidl_typesupport_introspection_c/nav_msgs/srv/detail/load_map__type_support.c.o[0m
[14.517s] [ 63%] [32mBuilding C object CMakeFiles/nav_msgs__rosidl_typesupport_introspection_c.dir/rosidl_typesupport_introspection_c/nav_msgs/srv/detail/get_plan__type_support.c.o[0m
[14.543s] [ 64%] [32mBuilding C object CMakeFiles/nav_msgs__rosidl_typesupport_introspection_c.dir/rosidl_typesupport_introspection_c/nav_msgs/srv/detail/get_map__type_support.c.o[0m
[14.568s] [ 65%] [32mBuilding C object CMakeFiles/nav_msgs__rosidl_typesupport_introspection_c.dir/rosidl_typesupport_introspection_c/nav_msgs/msg/detail/path__type_support.c.o[0m
[14.594s] [ 66%] [32mBuilding C object CMakeFiles/nav_msgs__rosidl_typesupport_introspection_c.dir/rosidl_typesupport_introspection_c/nav_msgs/msg/detail/odometry__type_support.c.o[0m
[14.621s] [ 67%] [32mBuilding C object CMakeFiles/nav_msgs__rosidl_typesupport_introspection_c.dir/rosidl_typesupport_introspection_c/nav_msgs/msg/detail/occupancy_grid__type_support.c.o[0m
[14.648s] [ 68%] [32mBuilding C object CMakeFiles/nav_msgs__rosidl_typesupport_introspection_c.dir/rosidl_typesupport_introspection_c/nav_msgs/msg/detail/map_meta_data__type_support.c.o[0m
[14.674s] [ 69%] [32mBuilding C object CMakeFiles/nav_msgs__rosidl_typesupport_introspection_c.dir/rosidl_typesupport_introspection_c/nav_msgs/msg/detail/grid_cells__type_support.c.o[0m
[14.705s] [ 70%] [32m[1mLinking C shared library libnav_msgs__rosidl_typesupport_introspection_c.so[0m
[14.813s] [ 70%] Built target nav_msgs__rosidl_typesupport_introspection_c
[14.821s] [ 71%] [34m[1mGenerating C type support for eProsima Fast-RTPS[0m
[15.652s] [ 72%] [32mBuilding CXX object CMakeFiles/nav_msgs__rosidl_typesupport_fastrtps_c.dir/rosidl_typesupport_fastrtps_c/nav_msgs/msg/detail/goals__type_support_c.cpp.o[0m
[15.933s] [ 73%] [32mBuilding CXX object CMakeFiles/nav_msgs__rosidl_typesupport_fastrtps_c.dir/rosidl_typesupport_fastrtps_c/nav_msgs/srv/detail/set_map__type_support_c.cpp.o[0m
[16.235s] [ 74%] [32mBuilding CXX object CMakeFiles/nav_msgs__rosidl_typesupport_fastrtps_c.dir/rosidl_typesupport_fastrtps_c/nav_msgs/srv/detail/load_map__type_support_c.cpp.o[0m
[16.521s] [ 75%] [32mBuilding CXX object CMakeFiles/nav_msgs__rosidl_typesupport_fastrtps_c.dir/rosidl_typesupport_fastrtps_c/nav_msgs/srv/detail/get_plan__type_support_c.cpp.o[0m
[16.806s] [ 76%] [32mBuilding CXX object CMakeFiles/nav_msgs__rosidl_typesupport_fastrtps_c.dir/rosidl_typesupport_fastrtps_c/nav_msgs/srv/detail/get_map__type_support_c.cpp.o[0m
[17.073s] [ 77%] [32mBuilding CXX object CMakeFiles/nav_msgs__rosidl_typesupport_fastrtps_c.dir/rosidl_typesupport_fastrtps_c/nav_msgs/msg/detail/path__type_support_c.cpp.o[0m
[17.073s] [ 78%] [32mBuilding CXX object CMakeFiles/nav_msgs__rosidl_typesupport_fastrtps_c.dir/rosidl_typesupport_fastrtps_c/nav_msgs/msg/detail/odometry__type_support_c.cpp.o[0m
[17.359s] [ 79%] [32mBuilding CXX object CMakeFiles/nav_msgs__rosidl_typesupport_fastrtps_c.dir/rosidl_typesupport_fastrtps_c/nav_msgs/msg/detail/map_meta_data__type_support_c.cpp.o[0m
[17.360s] [ 80%] [32mBuilding CXX object CMakeFiles/nav_msgs__rosidl_typesupport_fastrtps_c.dir/rosidl_typesupport_fastrtps_c/nav_msgs/msg/detail/occupancy_grid__type_support_c.cpp.o[0m
[17.380s] [ 81%] [32mBuilding CXX object CMakeFiles/nav_msgs__rosidl_typesupport_fastrtps_c.dir/rosidl_typesupport_fastrtps_c/nav_msgs/msg/detail/grid_cells__type_support_c.cpp.o[0m
[17.704s] [ 82%] [32m[1mLinking CXX shared library libnav_msgs__rosidl_typesupport_fastrtps_c.so[0m
[17.920s] [ 82%] Built target nav_msgs__rosidl_typesupport_fastrtps_c
[17.943s] [ 82%] Built target nav_msgs
[17.962s] [ 83%] [34m[1mGenerating Python code for ROS interfaces[0m
[19.844s] [ 83%] Built target nav_msgs__py
[19.869s] [ 84%] [32mBuilding C object CMakeFiles/nav_msgs__rosidl_generator_py.dir/rosidl_generator_py/nav_msgs/msg/_map_meta_data_s.c.o[0m
[19.869s] [ 85%] [32mBuilding C object CMakeFiles/nav_msgs__rosidl_generator_py.dir/rosidl_generator_py/nav_msgs/msg/_grid_cells_s.c.o[0m
[19.869s] [ 86%] [32mBuilding C object CMakeFiles/nav_msgs__rosidl_generator_py.dir/rosidl_generator_py/nav_msgs/msg/_goals_s.c.o[0m
[19.984s] [ 87%] [32mBuilding C object CMakeFiles/nav_msgs__rosidl_generator_py.dir/rosidl_generator_py/nav_msgs/srv/_set_map_s.c.o[0m
[19.991s] [ 88%] [32mBuilding C object CMakeFiles/nav_msgs__rosidl_generator_py.dir/rosidl_generator_py/nav_msgs/srv/_load_map_s.c.o[0m
[19.994s] [ 89%] [32mBuilding C object CMakeFiles/nav_msgs__rosidl_generator_py.dir/rosidl_generator_py/nav_msgs/srv/_get_plan_s.c.o[0m
[20.097s] [ 90%] [32mBuilding C object CMakeFiles/nav_msgs__rosidl_generator_py.dir/rosidl_generator_py/nav_msgs/msg/_path_s.c.o[0m
[20.097s] [ 91%] [32mBuilding C object CMakeFiles/nav_msgs__rosidl_generator_py.dir/rosidl_generator_py/nav_msgs/srv/_get_map_s.c.o[0m
[20.105s] [ 92%] [32mBuilding C object CMakeFiles/nav_msgs__rosidl_generator_py.dir/rosidl_generator_py/nav_msgs/msg/_odometry_s.c.o[0m
[20.112s] [ 93%] [32mBuilding C object CMakeFiles/nav_msgs__rosidl_generator_py.dir/rosidl_generator_py/nav_msgs/msg/_occupancy_grid_s.c.o[0m
[20.227s] [ 94%] [32m[1mLinking C shared library rosidl_generator_py/nav_msgs/libnav_msgs__rosidl_generator_py.so[0m
[20.375s] [ 94%] Built target nav_msgs__rosidl_generator_py
[20.400s] [ 95%] [32mBuilding C object CMakeFiles/nav_msgs__rosidl_typesupport_introspection_c__pyext.dir/rosidl_generator_py/nav_msgs/_nav_msgs_s.ep.rosidl_typesupport_introspection_c.c.o[0m
[20.400s] [ 96%] [32mBuilding C object CMakeFiles/nav_msgs__rosidl_typesupport_fastrtps_c__pyext.dir/rosidl_generator_py/nav_msgs/_nav_msgs_s.ep.rosidl_typesupport_fastrtps_c.c.o[0m
[20.400s] [ 97%] [32mBuilding C object CMakeFiles/nav_msgs__rosidl_typesupport_c__pyext.dir/rosidl_generator_py/nav_msgs/_nav_msgs_s.ep.rosidl_typesupport_c.c.o[0m
[20.548s] [ 98%] [32m[1mLinking C shared library rosidl_generator_py/nav_msgs/nav_msgs_s__rosidl_typesupport_fastrtps_c.cpython-310-x86_64-linux-gnu.so[0m
[20.553s] [ 99%] [32m[1mLinking C shared library rosidl_generator_py/nav_msgs/nav_msgs_s__rosidl_typesupport_introspection_c.cpython-310-x86_64-linux-gnu.so[0m
[20.554s] [100%] [32m[1mLinking C shared library rosidl_generator_py/nav_msgs/nav_msgs_s__rosidl_typesupport_c.cpython-310-x86_64-linux-gnu.so[0m
[20.664s] [100%] Built target nav_msgs__rosidl_typesupport_c__pyext
[20.665s] [100%] Built target nav_msgs__rosidl_typesupport_fastrtps_c__pyext
[20.669s] [100%] Built target nav_msgs__rosidl_typesupport_introspection_c__pyext
[20.683s] Invoked command in '/root/ros_ws/src/Rescue_Car_ws/build/nav_msgs' returned '0': AMENT_PREFIX_PATH=/root/ros_ws/src/Rescue_Car_ws/install/geometry_msgs:/root/ros_ws/src/Rescue_Car_ws/install/std_msgs:/root/ros_ws/src/Rescue_Car_ws/install/builtin_interfaces:${AMENT_PREFIX_PATH} CMAKE_PREFIX_PATH=/root/ros_ws/src/Rescue_Car_ws/install/geometry_msgs:/root/ros_ws/src/Rescue_Car_ws/install/std_msgs:/root/ros_ws/src/Rescue_Car_ws/install/builtin_interfaces:/opt/ros/humble LD_LIBRARY_PATH=/root/ros_ws/src/Rescue_Car_ws/install/geometry_msgs/lib:/root/ros_ws/src/Rescue_Car_ws/install/std_msgs/lib:/root/ros_ws/src/Rescue_Car_ws/install/builtin_interfaces/lib:${LD_LIBRARY_PATH} PYTHONPATH=/root/ros_ws/src/Rescue_Car_ws/install/geometry_msgs/local/lib/python3.10/dist-packages:/root/ros_ws/src/Rescue_Car_ws/install/std_msgs/local/lib/python3.10/dist-packages:/root/ros_ws/src/Rescue_Car_ws/install/builtin_interfaces/local/lib/python3.10/dist-packages:${PYTHONPATH} /usr/bin/cmake --build /root/ros_ws/src/Rescue_Car_ws/build/nav_msgs -- -j20 -l20
[20.685s] Invoking command in '/root/ros_ws/src/Rescue_Car_ws/build/nav_msgs': AMENT_PREFIX_PATH=/root/ros_ws/src/Rescue_Car_ws/install/geometry_msgs:/root/ros_ws/src/Rescue_Car_ws/install/std_msgs:/root/ros_ws/src/Rescue_Car_ws/install/builtin_interfaces:${AMENT_PREFIX_PATH} CMAKE_PREFIX_PATH=/root/ros_ws/src/Rescue_Car_ws/install/geometry_msgs:/root/ros_ws/src/Rescue_Car_ws/install/std_msgs:/root/ros_ws/src/Rescue_Car_ws/install/builtin_interfaces:/opt/ros/humble LD_LIBRARY_PATH=/root/ros_ws/src/Rescue_Car_ws/install/geometry_msgs/lib:/root/ros_ws/src/Rescue_Car_ws/install/std_msgs/lib:/root/ros_ws/src/Rescue_Car_ws/install/builtin_interfaces/lib:${LD_LIBRARY_PATH} PYTHONPATH=/root/ros_ws/src/Rescue_Car_ws/install/geometry_msgs/local/lib/python3.10/dist-packages:/root/ros_ws/src/Rescue_Car_ws/install/std_msgs/local/lib/python3.10/dist-packages:/root/ros_ws/src/Rescue_Car_ws/install/builtin_interfaces/local/lib/python3.10/dist-packages:${PYTHONPATH} /usr/bin/cmake --install /root/ros_ws/src/Rescue_Car_ws/build/nav_msgs
[20.694s] -- Install configuration: ""
[20.695s] -- Installing: /root/ros_ws/src/Rescue_Car_ws/install/nav_msgs/share/ament_index/resource_index/rosidl_interfaces/nav_msgs
[20.695s] -- Installing: /root/ros_ws/src/Rescue_Car_ws/install/nav_msgs/include/nav_msgs/nav_msgs
[20.696s] -- Installing: /root/ros_ws/src/Rescue_Car_ws/install/nav_msgs/include/nav_msgs/nav_msgs/srv
[20.696s] -- Installing: /root/ros_ws/src/Rescue_Car_ws/install/nav_msgs/include/nav_msgs/nav_msgs/srv/set_map.h
[20.696s] -- Installing: /root/ros_ws/src/Rescue_Car_ws/install/nav_msgs/include/nav_msgs/nav_msgs/srv/detail
[20.696s] -- Installing: /root/ros_ws/src/Rescue_Car_ws/install/nav_msgs/include/nav_msgs/nav_msgs/srv/detail/get_plan__functions.h
[20.697s] -- Installing: /root/ros_ws/src/Rescue_Car_ws/install/nav_msgs/include/nav_msgs/nav_msgs/srv/detail/get_map__functions.h
[20.697s] -- Installing: /root/ros_ws/src/Rescue_Car_ws/install/nav_msgs/include/nav_msgs/nav_msgs/srv/detail/get_map__functions.c
[20.697s] -- Installing: /root/ros_ws/src/Rescue_Car_ws/install/nav_msgs/include/nav_msgs/nav_msgs/srv/detail/set_map__type_support.h
[20.697s] -- Installing: /root/ros_ws/src/Rescue_Car_ws/install/nav_msgs/include/nav_msgs/nav_msgs/srv/detail/set_map__functions.h
[20.697s] -- Installing: /root/ros_ws/src/Rescue_Car_ws/install/nav_msgs/include/nav_msgs/nav_msgs/srv/detail/get_map__struct.h
[20.697s] -- Installing: /root/ros_ws/src/Rescue_Car_ws/install/nav_msgs/include/nav_msgs/nav_msgs/srv/detail/get_map__type_support.h
[20.698s] -- Installing: /root/ros_ws/src/Rescue_Car_ws/install/nav_msgs/include/nav_msgs/nav_msgs/srv/detail/load_map__type_support.h
[20.698s] -- Installing: /root/ros_ws/src/Rescue_Car_ws/install/nav_msgs/include/nav_msgs/nav_msgs/srv/detail/load_map__functions.h
[20.698s] -- Installing: /root/ros_ws/src/Rescue_Car_ws/install/nav_msgs/include/nav_msgs/nav_msgs/srv/detail/load_map__struct.h
[20.698s] -- Installing: /root/ros_ws/src/Rescue_Car_ws/install/nav_msgs/include/nav_msgs/nav_msgs/srv/detail/load_map__functions.c
[20.699s] -- Installing: /root/ros_ws/src/Rescue_Car_ws/install/nav_msgs/include/nav_msgs/nav_msgs/srv/detail/get_plan__struct.h
[20.699s] -- Installing: /root/ros_ws/src/Rescue_Car_ws/install/nav_msgs/include/nav_msgs/nav_msgs/srv/detail/get_plan__functions.c
[20.699s] -- Installing: /root/ros_ws/src/Rescue_Car_ws/install/nav_msgs/include/nav_msgs/nav_msgs/srv/detail/get_plan__type_support.h
[20.699s] -- Installing: /root/ros_ws/src/Rescue_Car_ws/install/nav_msgs/include/nav_msgs/nav_msgs/srv/detail/set_map__functions.c
[20.699s] -- Installing: /root/ros_ws/src/Rescue_Car_ws/install/nav_msgs/include/nav_msgs/nav_msgs/srv/detail/set_map__struct.h
[20.699s] -- Installing: /root/ros_ws/src/Rescue_Car_ws/install/nav_msgs/include/nav_msgs/nav_msgs/srv/get_plan.h
[20.700s] -- Installing: /root/ros_ws/src/Rescue_Car_ws/install/nav_msgs/include/nav_msgs/nav_msgs/srv/get_map.h
[20.700s] -- Installing: /root/ros_ws/src/Rescue_Car_ws/install/nav_msgs/include/nav_msgs/nav_msgs/srv/load_map.h
[20.700s] -- Installing: /root/ros_ws/src/Rescue_Car_ws/install/nav_msgs/include/nav_msgs/nav_msgs/msg
[20.700s] -- Installing: /root/ros_ws/src/Rescue_Car_ws/install/nav_msgs/include/nav_msgs/nav_msgs/msg/odometry.h
[20.701s] -- Installing: /root/ros_ws/src/Rescue_Car_ws/install/nav_msgs/include/nav_msgs/nav_msgs/msg/map_meta_data.h
[20.701s] -- Installing: /root/ros_ws/src/Rescue_Car_ws/install/nav_msgs/include/nav_msgs/nav_msgs/msg/detail
[20.701s] -- Installing: /root/ros_ws/src/Rescue_Car_ws/install/nav_msgs/include/nav_msgs/nav_msgs/msg/detail/occupancy_grid__struct.h
[20.701s] -- Installing: /root/ros_ws/src/Rescue_Car_ws/install/nav_msgs/include/nav_msgs/nav_msgs/msg/detail/occupancy_grid__functions.c
[20.702s] -- Installing: /root/ros_ws/src/Rescue_Car_ws/install/nav_msgs/include/nav_msgs/nav_msgs/msg/detail/path__type_support.h
[20.702s] -- Installing: /root/ros_ws/src/Rescue_Car_ws/install/nav_msgs/include/nav_msgs/nav_msgs/msg/detail/goals__struct.h
[20.702s] -- Installing: /root/ros_ws/src/Rescue_Car_ws/install/nav_msgs/include/nav_msgs/nav_msgs/msg/detail/path__struct.h
[20.702s] -- Installing: /root/ros_ws/src/Rescue_Car_ws/install/nav_msgs/include/nav_msgs/nav_msgs/msg/detail/goals__functions.h
[20.702s] -- Installing: /root/ros_ws/src/Rescue_Car_ws/install/nav_msgs/include/nav_msgs/nav_msgs/msg/detail/path__functions.h
[20.703s] -- Installing: /root/ros_ws/src/Rescue_Car_ws/install/nav_msgs/include/nav_msgs/nav_msgs/msg/detail/path__functions.c
[20.703s] -- Installing: /root/ros_ws/src/Rescue_Car_ws/install/nav_msgs/include/nav_msgs/nav_msgs/msg/detail/odometry__type_support.h
[20.703s] -- Installing: /root/ros_ws/src/Rescue_Car_ws/install/nav_msgs/include/nav_msgs/nav_msgs/msg/detail/odometry__struct.h
[20.703s] -- Installing: /root/ros_ws/src/Rescue_Car_ws/install/nav_msgs/include/nav_msgs/nav_msgs/msg/detail/map_meta_data__functions.h
[20.703s] -- Installing: /root/ros_ws/src/Rescue_Car_ws/install/nav_msgs/include/nav_msgs/nav_msgs/msg/detail/grid_cells__functions.h
[20.704s] -- Installing: /root/ros_ws/src/Rescue_Car_ws/install/nav_msgs/include/nav_msgs/nav_msgs/msg/detail/occupancy_grid__functions.h
[20.704s] -- Installing: /root/ros_ws/src/Rescue_Car_ws/install/nav_msgs/include/nav_msgs/nav_msgs/msg/detail/map_meta_data__functions.c
[20.704s] -- Installing: /root/ros_ws/src/Rescue_Car_ws/install/nav_msgs/include/nav_msgs/nav_msgs/msg/detail/goals__type_support.h
[20.704s] -- Installing: /root/ros_ws/src/Rescue_Car_ws/install/nav_msgs/include/nav_msgs/nav_msgs/msg/detail/occupancy_grid__type_support.h
[20.705s] -- Installing: /root/ros_ws/src/Rescue_Car_ws/install/nav_msgs/include/nav_msgs/nav_msgs/msg/detail/map_meta_data__type_support.h
[20.705s] -- Installing: /root/ros_ws/src/Rescue_Car_ws/install/nav_msgs/include/nav_msgs/nav_msgs/msg/detail/goals__functions.c
[20.705s] -- Installing: /root/ros_ws/src/Rescue_Car_ws/install/nav_msgs/include/nav_msgs/nav_msgs/msg/detail/odometry__functions.h
[20.705s] -- Installing: /root/ros_ws/src/Rescue_Car_ws/install/nav_msgs/include/nav_msgs/nav_msgs/msg/detail/map_meta_data__struct.h
[20.706s] -- Installing: /root/ros_ws/src/Rescue_Car_ws/install/nav_msgs/include/nav_msgs/nav_msgs/msg/detail/grid_cells__struct.h
[20.706s] -- Installing: /root/ros_ws/src/Rescue_Car_ws/install/nav_msgs/include/nav_msgs/nav_msgs/msg/detail/grid_cells__functions.c
[20.706s] -- Installing: /root/ros_ws/src/Rescue_Car_ws/install/nav_msgs/include/nav_msgs/nav_msgs/msg/detail/grid_cells__type_support.h
[20.706s] -- Installing: /root/ros_ws/src/Rescue_Car_ws/install/nav_msgs/include/nav_msgs/nav_msgs/msg/detail/odometry__functions.c
[20.707s] -- Installing: /root/ros_ws/src/Rescue_Car_ws/install/nav_msgs/include/nav_msgs/nav_msgs/msg/goals.h
[20.707s] -- Installing: /root/ros_ws/src/Rescue_Car_ws/install/nav_msgs/include/nav_msgs/nav_msgs/msg/grid_cells.h
[20.707s] -- Installing: /root/ros_ws/src/Rescue_Car_ws/install/nav_msgs/include/nav_msgs/nav_msgs/msg/rosidl_generator_c__visibility_control.h
[20.707s] -- Installing: /root/ros_ws/src/Rescue_Car_ws/install/nav_msgs/include/nav_msgs/nav_msgs/msg/occupancy_grid.h
[20.707s] -- Installing: /root/ros_ws/src/Rescue_Car_ws/install/nav_msgs/include/nav_msgs/nav_msgs/msg/path.h
[20.707s] -- Installing: /root/ros_ws/src/Rescue_Car_ws/install/nav_msgs/share/nav_msgs/environment/library_path.sh
[20.708s] -- Installing: /root/ros_ws/src/Rescue_Car_ws/install/nav_msgs/share/nav_msgs/environment/library_path.dsv
[20.708s] -- Installing: /root/ros_ws/src/Rescue_Car_ws/install/nav_msgs/lib/libnav_msgs__rosidl_generator_c.so
[20.708s] -- Set runtime path of "/root/ros_ws/src/Rescue_Car_ws/install/nav_msgs/lib/libnav_msgs__rosidl_generator_c.so" to ""
[20.708s] -- Up-to-date: /root/ros_ws/src/Rescue_Car_ws/install/nav_msgs/include/nav_msgs/nav_msgs
[20.709s] -- Up-to-date: /root/ros_ws/src/Rescue_Car_ws/install/nav_msgs/include/nav_msgs/nav_msgs/srv
[20.709s] -- Up-to-date: /root/ros_ws/src/Rescue_Car_ws/install/nav_msgs/include/nav_msgs/nav_msgs/srv/detail
[20.709s] -- Installing: /root/ros_ws/src/Rescue_Car_ws/install/nav_msgs/include/nav_msgs/nav_msgs/srv/detail/get_map__rosidl_typesupport_fastrtps_c.h
[20.709s] -- Installing: /root/ros_ws/src/Rescue_Car_ws/install/nav_msgs/include/nav_msgs/nav_msgs/srv/detail/set_map__rosidl_typesupport_fastrtps_c.h
[20.709s] -- Installing: /root/ros_ws/src/Rescue_Car_ws/install/nav_msgs/include/nav_msgs/nav_msgs/srv/detail/load_map__rosidl_typesupport_fastrtps_c.h
[20.710s] -- Installing: /root/ros_ws/src/Rescue_Car_ws/install/nav_msgs/include/nav_msgs/nav_msgs/srv/detail/get_plan__rosidl_typesupport_fastrtps_c.h
[20.710s] -- Up-to-date: /root/ros_ws/src/Rescue_Car_ws/install/nav_msgs/include/nav_msgs/nav_msgs/msg
[20.710s] -- Up-to-date: /root/ros_ws/src/Rescue_Car_ws/install/nav_msgs/include/nav_msgs/nav_msgs/msg/detail
[20.710s] -- Installing: /root/ros_ws/src/Rescue_Car_ws/install/nav_msgs/include/nav_msgs/nav_msgs/msg/detail/odometry__rosidl_typesupport_fastrtps_c.h
[20.711s] -- Installing: /root/ros_ws/src/Rescue_Car_ws/install/nav_msgs/include/nav_msgs/nav_msgs/msg/detail/grid_cells__rosidl_typesupport_fastrtps_c.h
[20.711s] -- Installing: /root/ros_ws/src/Rescue_Car_ws/install/nav_msgs/include/nav_msgs/nav_msgs/msg/detail/occupancy_grid__rosidl_typesupport_fastrtps_c.h
[20.711s] -- Installing: /root/ros_ws/src/Rescue_Car_ws/install/nav_msgs/include/nav_msgs/nav_msgs/msg/detail/path__rosidl_typesupport_fastrtps_c.h
[20.711s] -- Installing: /root/ros_ws/src/Rescue_Car_ws/install/nav_msgs/include/nav_msgs/nav_msgs/msg/detail/goals__rosidl_typesupport_fastrtps_c.h
[20.711s] -- Installing: /root/ros_ws/src/Rescue_Car_ws/install/nav_msgs/include/nav_msgs/nav_msgs/msg/detail/map_meta_data__rosidl_typesupport_fastrtps_c.h
[20.712s] -- Installing: /root/ros_ws/src/Rescue_Car_ws/install/nav_msgs/include/nav_msgs/nav_msgs/msg/rosidl_typesupport_fastrtps_c__visibility_control.h
[20.712s] -- Installing: /root/ros_ws/src/Rescue_Car_ws/install/nav_msgs/lib/libnav_msgs__rosidl_typesupport_fastrtps_c.so
[20.712s] -- Set runtime path of "/root/ros_ws/src/Rescue_Car_ws/install/nav_msgs/lib/libnav_msgs__rosidl_typesupport_fastrtps_c.so" to ""
[20.712s] -- Up-to-date: /root/ros_ws/src/Rescue_Car_ws/install/nav_msgs/include/nav_msgs/nav_msgs
[20.712s] -- Up-to-date: /root/ros_ws/src/Rescue_Car_ws/install/nav_msgs/include/nav_msgs/nav_msgs/srv
[20.712s] -- Installing: /root/ros_ws/src/Rescue_Car_ws/install/nav_msgs/include/nav_msgs/nav_msgs/srv/get_map.hpp
[20.713s] -- Installing: /root/ros_ws/src/Rescue_Car_ws/install/nav_msgs/include/nav_msgs/nav_msgs/srv/set_map.hpp
[20.713s] -- Up-to-date: /root/ros_ws/src/Rescue_Car_ws/install/nav_msgs/include/nav_msgs/nav_msgs/srv/detail
[20.713s] -- Installing: /root/ros_ws/src/Rescue_Car_ws/install/nav_msgs/include/nav_msgs/nav_msgs/srv/detail/get_plan__traits.hpp
[20.713s] -- Installing: /root/ros_ws/src/Rescue_Car_ws/install/nav_msgs/include/nav_msgs/nav_msgs/srv/detail/get_plan__struct.hpp
[20.713s] -- Installing: /root/ros_ws/src/Rescue_Car_ws/install/nav_msgs/include/nav_msgs/nav_msgs/srv/detail/load_map__traits.hpp
[20.713s] -- Installing: /root/ros_ws/src/Rescue_Car_ws/install/nav_msgs/include/nav_msgs/nav_msgs/srv/detail/get_map__type_support.hpp
[20.713s] -- Installing: /root/ros_ws/src/Rescue_Car_ws/install/nav_msgs/include/nav_msgs/nav_msgs/srv/detail/get_plan__builder.hpp
[20.714s] -- Installing: /root/ros_ws/src/Rescue_Car_ws/install/nav_msgs/include/nav_msgs/nav_msgs/srv/detail/get_map__traits.hpp
[20.714s] -- Installing: /root/ros_ws/src/Rescue_Car_ws/install/nav_msgs/include/nav_msgs/nav_msgs/srv/detail/load_map__type_support.hpp
[20.714s] -- Installing: /root/ros_ws/src/Rescue_Car_ws/install/nav_msgs/include/nav_msgs/nav_msgs/srv/detail/set_map__struct.hpp
[20.714s] -- Installing: /root/ros_ws/src/Rescue_Car_ws/install/nav_msgs/include/nav_msgs/nav_msgs/srv/detail/set_map__type_support.hpp
[20.715s] -- Installing: /root/ros_ws/src/Rescue_Car_ws/install/nav_msgs/include/nav_msgs/nav_msgs/srv/detail/get_map__struct.hpp
[20.715s] -- Installing: /root/ros_ws/src/Rescue_Car_ws/install/nav_msgs/include/nav_msgs/nav_msgs/srv/detail/set_map__builder.hpp
[20.715s] -- Installing: /root/ros_ws/src/Rescue_Car_ws/install/nav_msgs/include/nav_msgs/nav_msgs/srv/detail/load_map__struct.hpp
[20.715s] -- Installing: /root/ros_ws/src/Rescue_Car_ws/install/nav_msgs/include/nav_msgs/nav_msgs/srv/detail/load_map__builder.hpp
[20.715s] -- Installing: /root/ros_ws/src/Rescue_Car_ws/install/nav_msgs/include/nav_msgs/nav_msgs/srv/detail/get_map__builder.hpp
[20.716s] -- Installing: /root/ros_ws/src/Rescue_Car_ws/install/nav_msgs/include/nav_msgs/nav_msgs/srv/detail/set_map__traits.hpp
[20.716s] -- Installing: /root/ros_ws/src/Rescue_Car_ws/install/nav_msgs/include/nav_msgs/nav_msgs/srv/detail/get_plan__type_support.hpp
[20.716s] -- Installing: /root/ros_ws/src/Rescue_Car_ws/install/nav_msgs/include/nav_msgs/nav_msgs/srv/load_map.hpp
[20.716s] -- Installing: /root/ros_ws/src/Rescue_Car_ws/install/nav_msgs/include/nav_msgs/nav_msgs/srv/get_plan.hpp
[20.716s] -- Up-to-date: /root/ros_ws/src/Rescue_Car_ws/install/nav_msgs/include/nav_msgs/nav_msgs/msg
[20.717s] -- Installing: /root/ros_ws/src/Rescue_Car_ws/install/nav_msgs/include/nav_msgs/nav_msgs/msg/rosidl_generator_cpp__visibility_control.hpp
[20.717s] -- Installing: /root/ros_ws/src/Rescue_Car_ws/install/nav_msgs/include/nav_msgs/nav_msgs/msg/occupancy_grid.hpp
[20.717s] -- Installing: /root/ros_ws/src/Rescue_Car_ws/install/nav_msgs/include/nav_msgs/nav_msgs/msg/path.hpp
[20.717s] -- Installing: /root/ros_ws/src/Rescue_Car_ws/install/nav_msgs/include/nav_msgs/nav_msgs/msg/odometry.hpp
[20.718s] -- Up-to-date: /root/ros_ws/src/Rescue_Car_ws/install/nav_msgs/include/nav_msgs/nav_msgs/msg/detail
[20.718s] -- Installing: /root/ros_ws/src/Rescue_Car_ws/install/nav_msgs/include/nav_msgs/nav_msgs/msg/detail/odometry__struct.hpp
[20.718s] -- Installing: /root/ros_ws/src/Rescue_Car_ws/install/nav_msgs/include/nav_msgs/nav_msgs/msg/detail/grid_cells__struct.hpp
[20.718s] -- Installing: /root/ros_ws/src/Rescue_Car_ws/install/nav_msgs/include/nav_msgs/nav_msgs/msg/detail/goals__builder.hpp
[20.719s] -- Installing: /root/ros_ws/src/Rescue_Car_ws/install/nav_msgs/include/nav_msgs/nav_msgs/msg/detail/odometry__builder.hpp
[20.719s] -- Installing: /root/ros_ws/src/Rescue_Car_ws/install/nav_msgs/include/nav_msgs/nav_msgs/msg/detail/path__struct.hpp
[20.719s] -- Installing: /root/ros_ws/src/Rescue_Car_ws/install/nav_msgs/include/nav_msgs/nav_msgs/msg/detail/occupancy_grid__traits.hpp
[20.719s] -- Installing: /root/ros_ws/src/Rescue_Car_ws/install/nav_msgs/include/nav_msgs/nav_msgs/msg/detail/occupancy_grid__struct.hpp
[20.720s] -- Installing: /root/ros_ws/src/Rescue_Car_ws/install/nav_msgs/include/nav_msgs/nav_msgs/msg/detail/grid_cells__builder.hpp
[20.720s] -- Installing: /root/ros_ws/src/Rescue_Car_ws/install/nav_msgs/include/nav_msgs/nav_msgs/msg/detail/goals__traits.hpp
[20.720s] -- Installing: /root/ros_ws/src/Rescue_Car_ws/install/nav_msgs/include/nav_msgs/nav_msgs/msg/detail/grid_cells__traits.hpp
[20.720s] -- Installing: /root/ros_ws/src/Rescue_Car_ws/install/nav_msgs/include/nav_msgs/nav_msgs/msg/detail/goals__struct.hpp
[20.721s] -- Installing: /root/ros_ws/src/Rescue_Car_ws/install/nav_msgs/include/nav_msgs/nav_msgs/msg/detail/path__builder.hpp
[20.721s] -- Installing: /root/ros_ws/src/Rescue_Car_ws/install/nav_msgs/include/nav_msgs/nav_msgs/msg/detail/odometry__type_support.hpp
[20.721s] -- Installing: /root/ros_ws/src/Rescue_Car_ws/install/nav_msgs/include/nav_msgs/nav_msgs/msg/detail/map_meta_data__struct.hpp
[20.721s] -- Installing: /root/ros_ws/src/Rescue_Car_ws/install/nav_msgs/include/nav_msgs/nav_msgs/msg/detail/goals__type_support.hpp
[20.721s] -- Installing: /root/ros_ws/src/Rescue_Car_ws/install/nav_msgs/include/nav_msgs/nav_msgs/msg/detail/map_meta_data__traits.hpp
[20.721s] -- Installing: /root/ros_ws/src/Rescue_Car_ws/install/nav_msgs/include/nav_msgs/nav_msgs/msg/detail/occupancy_grid__type_support.hpp
[20.721s] -- Installing: /root/ros_ws/src/Rescue_Car_ws/install/nav_msgs/include/nav_msgs/nav_msgs/msg/detail/path__type_support.hpp
[20.721s] -- Installing: /root/ros_ws/src/Rescue_Car_ws/install/nav_msgs/include/nav_msgs/nav_msgs/msg/detail/occupancy_grid__builder.hpp
[20.721s] -- Installing: /root/ros_ws/src/Rescue_Car_ws/install/nav_msgs/include/nav_msgs/nav_msgs/msg/detail/grid_cells__type_support.hpp
[20.721s] -- Installing: /root/ros_ws/src/Rescue_Car_ws/install/nav_msgs/include/nav_msgs/nav_msgs/msg/detail/map_meta_data__builder.hpp
[20.721s] -- Installing: /root/ros_ws/src/Rescue_Car_ws/install/nav_msgs/include/nav_msgs/nav_msgs/msg/detail/map_meta_data__type_support.hpp
[20.721s] -- Installing: /root/ros_ws/src/Rescue_Car_ws/install/nav_msgs/include/nav_msgs/nav_msgs/msg/detail/path__traits.hpp
[20.722s] -- Installing: /root/ros_ws/src/Rescue_Car_ws/install/nav_msgs/include/nav_msgs/nav_msgs/msg/detail/odometry__traits.hpp
[20.722s] -- Installing: /root/ros_ws/src/Rescue_Car_ws/install/nav_msgs/include/nav_msgs/nav_msgs/msg/grid_cells.hpp
[20.722s] -- Installing: /root/ros_ws/src/Rescue_Car_ws/install/nav_msgs/include/nav_msgs/nav_msgs/msg/map_meta_data.hpp
[20.722s] -- Installing: /root/ros_ws/src/Rescue_Car_ws/install/nav_msgs/include/nav_msgs/nav_msgs/msg/goals.hpp
[20.722s] -- Up-to-date: /root/ros_ws/src/Rescue_Car_ws/install/nav_msgs/include/nav_msgs/nav_msgs
[20.722s] -- Up-to-date: /root/ros_ws/src/Rescue_Car_ws/install/nav_msgs/include/nav_msgs/nav_msgs/srv
[20.722s] -- Up-to-date: /root/ros_ws/src/Rescue_Car_ws/install/nav_msgs/include/nav_msgs/nav_msgs/srv/detail
[20.722s] -- Installing: /root/ros_ws/src/Rescue_Car_ws/install/nav_msgs/include/nav_msgs/nav_msgs/srv/detail/load_map__rosidl_typesupport_fastrtps_cpp.hpp
[20.722s] -- Installing: /root/ros_ws/src/Rescue_Car_ws/install/nav_msgs/include/nav_msgs/nav_msgs/srv/detail/dds_fastrtps
[20.722s] -- Installing: /root/ros_ws/src/Rescue_Car_ws/install/nav_msgs/include/nav_msgs/nav_msgs/srv/detail/get_map__rosidl_typesupport_fastrtps_cpp.hpp
[20.722s] -- Installing: /root/ros_ws/src/Rescue_Car_ws/install/nav_msgs/include/nav_msgs/nav_msgs/srv/detail/get_plan__rosidl_typesupport_fastrtps_cpp.hpp
[20.722s] -- Installing: /root/ros_ws/src/Rescue_Car_ws/install/nav_msgs/include/nav_msgs/nav_msgs/srv/detail/set_map__rosidl_typesupport_fastrtps_cpp.hpp
[20.722s] -- Up-to-date: /root/ros_ws/src/Rescue_Car_ws/install/nav_msgs/include/nav_msgs/nav_msgs/msg
[20.722s] -- Installing: /root/ros_ws/src/Rescue_Car_ws/install/nav_msgs/include/nav_msgs/nav_msgs/msg/rosidl_typesupport_fastrtps_cpp__visibility_control.h
[20.722s] -- Up-to-date: /root/ros_ws/src/Rescue_Car_ws/install/nav_msgs/include/nav_msgs/nav_msgs/msg/detail
[20.723s] -- Installing: /root/ros_ws/src/Rescue_Car_ws/install/nav_msgs/include/nav_msgs/nav_msgs/msg/detail/grid_cells__rosidl_typesupport_fastrtps_cpp.hpp
[20.723s] -- Installing: /root/ros_ws/src/Rescue_Car_ws/install/nav_msgs/include/nav_msgs/nav_msgs/msg/detail/occupancy_grid__rosidl_typesupport_fastrtps_cpp.hpp
[20.723s] -- Installing: /root/ros_ws/src/Rescue_Car_ws/install/nav_msgs/include/nav_msgs/nav_msgs/msg/detail/path__rosidl_typesupport_fastrtps_cpp.hpp
[20.723s] -- Installing: /root/ros_ws/src/Rescue_Car_ws/install/nav_msgs/include/nav_msgs/nav_msgs/msg/detail/goals__rosidl_typesupport_fastrtps_cpp.hpp
[20.724s] -- Installing: /root/ros_ws/src/Rescue_Car_ws/install/nav_msgs/include/nav_msgs/nav_msgs/msg/detail/dds_fastrtps
[20.724s] -- Installing: /root/ros_ws/src/Rescue_Car_ws/install/nav_msgs/include/nav_msgs/nav_msgs/msg/detail/odometry__rosidl_typesupport_fastrtps_cpp.hpp
[20.724s] -- Installing: /root/ros_ws/src/Rescue_Car_ws/install/nav_msgs/include/nav_msgs/nav_msgs/msg/detail/map_meta_data__rosidl_typesupport_fastrtps_cpp.hpp
[20.724s] -- Installing: /root/ros_ws/src/Rescue_Car_ws/install/nav_msgs/lib/libnav_msgs__rosidl_typesupport_fastrtps_cpp.so
[20.724s] -- Set runtime path of "/root/ros_ws/src/Rescue_Car_ws/install/nav_msgs/lib/libnav_msgs__rosidl_typesupport_fastrtps_cpp.so" to ""
[20.724s] -- Up-to-date: /root/ros_ws/src/Rescue_Car_ws/install/nav_msgs/include/nav_msgs/nav_msgs
[20.724s] -- Up-to-date: /root/ros_ws/src/Rescue_Car_ws/install/nav_msgs/include/nav_msgs/nav_msgs/srv
[20.724s] -- Up-to-date: /root/ros_ws/src/Rescue_Car_ws/install/nav_msgs/include/nav_msgs/nav_msgs/srv/detail
[20.724s] -- Installing: /root/ros_ws/src/Rescue_Car_ws/install/nav_msgs/include/nav_msgs/nav_msgs/srv/detail/get_map__type_support.c
[20.724s] -- Installing: /root/ros_ws/src/Rescue_Car_ws/install/nav_msgs/include/nav_msgs/nav_msgs/srv/detail/load_map__type_support.c
[20.724s] -- Installing: /root/ros_ws/src/Rescue_Car_ws/install/nav_msgs/include/nav_msgs/nav_msgs/srv/detail/get_map__rosidl_typesupport_introspection_c.h
[20.724s] -- Installing: /root/ros_ws/src/Rescue_Car_ws/install/nav_msgs/include/nav_msgs/nav_msgs/srv/detail/set_map__rosidl_typesupport_introspection_c.h
[20.724s] -- Installing: /root/ros_ws/src/Rescue_Car_ws/install/nav_msgs/include/nav_msgs/nav_msgs/srv/detail/get_plan__rosidl_typesupport_introspection_c.h
[20.724s] -- Installing: /root/ros_ws/src/Rescue_Car_ws/install/nav_msgs/include/nav_msgs/nav_msgs/srv/detail/load_map__rosidl_typesupport_introspection_c.h
[20.724s] -- Installing: /root/ros_ws/src/Rescue_Car_ws/install/nav_msgs/include/nav_msgs/nav_msgs/srv/detail/get_plan__type_support.c
[20.724s] -- Installing: /root/ros_ws/src/Rescue_Car_ws/install/nav_msgs/include/nav_msgs/nav_msgs/srv/detail/set_map__type_support.c
[20.724s] -- Up-to-date: /root/ros_ws/src/Rescue_Car_ws/install/nav_msgs/include/nav_msgs/nav_msgs/msg
[20.724s] -- Installing: /root/ros_ws/src/Rescue_Car_ws/install/nav_msgs/include/nav_msgs/nav_msgs/msg/rosidl_typesupport_introspection_c__visibility_control.h
[20.725s] -- Up-to-date: /root/ros_ws/src/Rescue_Car_ws/install/nav_msgs/include/nav_msgs/nav_msgs/msg/detail
[20.725s] -- Installing: /root/ros_ws/src/Rescue_Car_ws/install/nav_msgs/include/nav_msgs/nav_msgs/msg/detail/map_meta_data__type_support.c
[20.725s] -- Installing: /root/ros_ws/src/Rescue_Car_ws/install/nav_msgs/include/nav_msgs/nav_msgs/msg/detail/odometry__type_support.c
[20.725s] -- Installing: /root/ros_ws/src/Rescue_Car_ws/install/nav_msgs/include/nav_msgs/nav_msgs/msg/detail/path__rosidl_typesupport_introspection_c.h
[20.725s] -- Installing: /root/ros_ws/src/Rescue_Car_ws/install/nav_msgs/include/nav_msgs/nav_msgs/msg/detail/grid_cells__type_support.c
[20.725s] -- Installing: /root/ros_ws/src/Rescue_Car_ws/install/nav_msgs/include/nav_msgs/nav_msgs/msg/detail/goals__type_support.c
[20.725s] -- Installing: /root/ros_ws/src/Rescue_Car_ws/install/nav_msgs/include/nav_msgs/nav_msgs/msg/detail/occupancy_grid__rosidl_typesupport_introspection_c.h
[20.725s] -- Installing: /root/ros_ws/src/Rescue_Car_ws/install/nav_msgs/include/nav_msgs/nav_msgs/msg/detail/map_meta_data__rosidl_typesupport_introspection_c.h
[20.725s] -- Installing: /root/ros_ws/src/Rescue_Car_ws/install/nav_msgs/include/nav_msgs/nav_msgs/msg/detail/path__type_support.c
[20.725s] -- Installing: /root/ros_ws/src/Rescue_Car_ws/install/nav_msgs/include/nav_msgs/nav_msgs/msg/detail/grid_cells__rosidl_typesupport_introspection_c.h
[20.725s] -- Installing: /root/ros_ws/src/Rescue_Car_ws/install/nav_msgs/include/nav_msgs/nav_msgs/msg/detail/goals__rosidl_typesupport_introspection_c.h
[20.725s] -- Installing: /root/ros_ws/src/Rescue_Car_ws/install/nav_msgs/include/nav_msgs/nav_msgs/msg/detail/occupancy_grid__type_support.c
[20.725s] -- Installing: /root/ros_ws/src/Rescue_Car_ws/install/nav_msgs/include/nav_msgs/nav_msgs/msg/detail/odometry__rosidl_typesupport_introspection_c.h
[20.725s] -- Installing: /root/ros_ws/src/Rescue_Car_ws/install/nav_msgs/lib/libnav_msgs__rosidl_typesupport_introspection_c.so
[20.726s] -- Set runtime path of "/root/ros_ws/src/Rescue_Car_ws/install/nav_msgs/lib/libnav_msgs__rosidl_typesupport_introspection_c.so" to ""
[20.726s] -- Installing: /root/ros_ws/src/Rescue_Car_ws/install/nav_msgs/lib/libnav_msgs__rosidl_typesupport_c.so
[20.726s] -- Set runtime path of "/root/ros_ws/src/Rescue_Car_ws/install/nav_msgs/lib/libnav_msgs__rosidl_typesupport_c.so" to ""
[20.726s] -- Up-to-date: /root/ros_ws/src/Rescue_Car_ws/install/nav_msgs/include/nav_msgs/nav_msgs
[20.726s] -- Up-to-date: /root/ros_ws/src/Rescue_Car_ws/install/nav_msgs/include/nav_msgs/nav_msgs/srv
[20.726s] -- Up-to-date: /root/ros_ws/src/Rescue_Car_ws/install/nav_msgs/include/nav_msgs/nav_msgs/srv/detail
[20.726s] -- Installing: /root/ros_ws/src/Rescue_Car_ws/install/nav_msgs/include/nav_msgs/nav_msgs/srv/detail/get_map__rosidl_typesupport_introspection_cpp.hpp
[20.726s] -- Installing: /root/ros_ws/src/Rescue_Car_ws/install/nav_msgs/include/nav_msgs/nav_msgs/srv/detail/set_map__rosidl_typesupport_introspection_cpp.hpp
[20.727s] -- Installing: /root/ros_ws/src/Rescue_Car_ws/install/nav_msgs/include/nav_msgs/nav_msgs/srv/detail/get_plan__type_support.cpp
[20.727s] -- Installing: /root/ros_ws/src/Rescue_Car_ws/install/nav_msgs/include/nav_msgs/nav_msgs/srv/detail/set_map__type_support.cpp
[20.727s] -- Installing: /root/ros_ws/src/Rescue_Car_ws/install/nav_msgs/include/nav_msgs/nav_msgs/srv/detail/load_map__rosidl_typesupport_introspection_cpp.hpp
[20.727s] -- Installing: /root/ros_ws/src/Rescue_Car_ws/install/nav_msgs/include/nav_msgs/nav_msgs/srv/detail/get_map__type_support.cpp
[20.727s] -- Installing: /root/ros_ws/src/Rescue_Car_ws/install/nav_msgs/include/nav_msgs/nav_msgs/srv/detail/get_plan__rosidl_typesupport_introspection_cpp.hpp
[20.727s] -- Installing: /root/ros_ws/src/Rescue_Car_ws/install/nav_msgs/include/nav_msgs/nav_msgs/srv/detail/load_map__type_support.cpp
[20.727s] -- Up-to-date: /root/ros_ws/src/Rescue_Car_ws/install/nav_msgs/include/nav_msgs/nav_msgs/msg
[20.727s] -- Up-to-date: /root/ros_ws/src/Rescue_Car_ws/install/nav_msgs/include/nav_msgs/nav_msgs/msg/detail
[20.727s] -- Installing: /root/ros_ws/src/Rescue_Car_ws/install/nav_msgs/include/nav_msgs/nav_msgs/msg/detail/map_meta_data__type_support.cpp
[20.727s] -- Installing: /root/ros_ws/src/Rescue_Car_ws/install/nav_msgs/include/nav_msgs/nav_msgs/msg/detail/grid_cells__type_support.cpp
[20.727s] -- Installing: /root/ros_ws/src/Rescue_Car_ws/install/nav_msgs/include/nav_msgs/nav_msgs/msg/detail/occupancy_grid__type_support.cpp
[20.727s] -- Installing: /root/ros_ws/src/Rescue_Car_ws/install/nav_msgs/include/nav_msgs/nav_msgs/msg/detail/odometry__type_support.cpp
[20.727s] -- Installing: /root/ros_ws/src/Rescue_Car_ws/install/nav_msgs/include/nav_msgs/nav_msgs/msg/detail/path__rosidl_typesupport_introspection_cpp.hpp
[20.727s] -- Installing: /root/ros_ws/src/Rescue_Car_ws/install/nav_msgs/include/nav_msgs/nav_msgs/msg/detail/odometry__rosidl_typesupport_introspection_cpp.hpp
[20.727s] -- Installing: /root/ros_ws/src/Rescue_Car_ws/install/nav_msgs/include/nav_msgs/nav_msgs/msg/detail/occupancy_grid__rosidl_typesupport_introspection_cpp.hpp
[20.727s] -- Installing: /root/ros_ws/src/Rescue_Car_ws/install/nav_msgs/include/nav_msgs/nav_msgs/msg/detail/map_meta_data__rosidl_typesupport_introspection_cpp.hpp
[20.727s] -- Installing: /root/ros_ws/src/Rescue_Car_ws/install/nav_msgs/include/nav_msgs/nav_msgs/msg/detail/goals__rosidl_typesupport_introspection_cpp.hpp
[20.727s] -- Installing: /root/ros_ws/src/Rescue_Car_ws/install/nav_msgs/include/nav_msgs/nav_msgs/msg/detail/goals__type_support.cpp
[20.728s] -- Installing: /root/ros_ws/src/Rescue_Car_ws/install/nav_msgs/include/nav_msgs/nav_msgs/msg/detail/grid_cells__rosidl_typesupport_introspection_cpp.hpp
[20.728s] -- Installing: /root/ros_ws/src/Rescue_Car_ws/install/nav_msgs/include/nav_msgs/nav_msgs/msg/detail/path__type_support.cpp
[20.728s] -- Installing: /root/ros_ws/src/Rescue_Car_ws/install/nav_msgs/lib/libnav_msgs__rosidl_typesupport_introspection_cpp.so
[20.728s] -- Set runtime path of "/root/ros_ws/src/Rescue_Car_ws/install/nav_msgs/lib/libnav_msgs__rosidl_typesupport_introspection_cpp.so" to ""
[20.729s] -- Installing: /root/ros_ws/src/Rescue_Car_ws/install/nav_msgs/lib/libnav_msgs__rosidl_typesupport_cpp.so
[20.729s] -- Set runtime path of "/root/ros_ws/src/Rescue_Car_ws/install/nav_msgs/lib/libnav_msgs__rosidl_typesupport_cpp.so" to ""
[20.729s] -- Installing: /root/ros_ws/src/Rescue_Car_ws/install/nav_msgs/share/nav_msgs/environment/pythonpath.sh
[20.729s] -- Installing: /root/ros_ws/src/Rescue_Car_ws/install/nav_msgs/share/nav_msgs/environment/pythonpath.dsv
[20.729s] -- Installing: /root/ros_ws/src/Rescue_Car_ws/install/nav_msgs/local/lib/python3.10/dist-packages/nav_msgs-4.9.0-py3.10.egg-info
[20.729s] -- Installing: /root/ros_ws/src/Rescue_Car_ws/install/nav_msgs/local/lib/python3.10/dist-packages/nav_msgs-4.9.0-py3.10.egg-info/dependency_links.txt
[20.729s] -- Installing: /root/ros_ws/src/Rescue_Car_ws/install/nav_msgs/local/lib/python3.10/dist-packages/nav_msgs-4.9.0-py3.10.egg-info/SOURCES.txt
[20.729s] -- Installing: /root/ros_ws/src/Rescue_Car_ws/install/nav_msgs/local/lib/python3.10/dist-packages/nav_msgs-4.9.0-py3.10.egg-info/PKG-INFO
[20.729s] -- Installing: /root/ros_ws/src/Rescue_Car_ws/install/nav_msgs/local/lib/python3.10/dist-packages/nav_msgs-4.9.0-py3.10.egg-info/top_level.txt
[20.729s] -- Installing: /root/ros_ws/src/Rescue_Car_ws/install/nav_msgs/local/lib/python3.10/dist-packages/nav_msgs
[20.729s] -- Installing: /root/ros_ws/src/Rescue_Car_ws/install/nav_msgs/local/lib/python3.10/dist-packages/nav_msgs/libnav_msgs__rosidl_generator_py.so
[20.730s] -- Installing: /root/ros_ws/src/Rescue_Car_ws/install/nav_msgs/local/lib/python3.10/dist-packages/nav_msgs/nav_msgs_s__rosidl_typesupport_c.cpython-310-x86_64-linux-gnu.so
[20.730s] -- Installing: /root/ros_ws/src/Rescue_Car_ws/install/nav_msgs/local/lib/python3.10/dist-packages/nav_msgs/_nav_msgs_s.ep.rosidl_typesupport_introspection_c.c
[20.730s] -- Installing: /root/ros_ws/src/Rescue_Car_ws/install/nav_msgs/local/lib/python3.10/dist-packages/nav_msgs/_nav_msgs_s.ep.rosidl_typesupport_fastrtps_c.c
[20.730s] -- Installing: /root/ros_ws/src/Rescue_Car_ws/install/nav_msgs/local/lib/python3.10/dist-packages/nav_msgs/srv
[20.730s] -- Installing: /root/ros_ws/src/Rescue_Car_ws/install/nav_msgs/local/lib/python3.10/dist-packages/nav_msgs/srv/_set_map_s.c
[20.730s] -- Installing: /root/ros_ws/src/Rescue_Car_ws/install/nav_msgs/local/lib/python3.10/dist-packages/nav_msgs/srv/_set_map.py
[20.730s] -- Installing: /root/ros_ws/src/Rescue_Car_ws/install/nav_msgs/local/lib/python3.10/dist-packages/nav_msgs/srv/_get_plan_s.c
[20.730s] -- Installing: /root/ros_ws/src/Rescue_Car_ws/install/nav_msgs/local/lib/python3.10/dist-packages/nav_msgs/srv/_get_map_s.c
[20.731s] -- Installing: /root/ros_ws/src/Rescue_Car_ws/install/nav_msgs/local/lib/python3.10/dist-packages/nav_msgs/srv/_get_plan.py
[20.731s] -- Installing: /root/ros_ws/src/Rescue_Car_ws/install/nav_msgs/local/lib/python3.10/dist-packages/nav_msgs/srv/_load_map.py
[20.731s] -- Installing: /root/ros_ws/src/Rescue_Car_ws/install/nav_msgs/local/lib/python3.10/dist-packages/nav_msgs/srv/_get_map.py
[20.731s] -- Installing: /root/ros_ws/src/Rescue_Car_ws/install/nav_msgs/local/lib/python3.10/dist-packages/nav_msgs/srv/__init__.py
[20.731s] -- Installing: /root/ros_ws/src/Rescue_Car_ws/install/nav_msgs/local/lib/python3.10/dist-packages/nav_msgs/srv/_load_map_s.c
[20.731s] -- Installing: /root/ros_ws/src/Rescue_Car_ws/install/nav_msgs/local/lib/python3.10/dist-packages/nav_msgs/nav_msgs_s__rosidl_typesupport_introspection_c.cpython-310-x86_64-linux-gnu.so
[20.731s] -- Installing: /root/ros_ws/src/Rescue_Car_ws/install/nav_msgs/local/lib/python3.10/dist-packages/nav_msgs/__init__.py
[20.731s] -- Installing: /root/ros_ws/src/Rescue_Car_ws/install/nav_msgs/local/lib/python3.10/dist-packages/nav_msgs/_nav_msgs_s.ep.rosidl_typesupport_c.c
[20.731s] -- Installing: /root/ros_ws/src/Rescue_Car_ws/install/nav_msgs/local/lib/python3.10/dist-packages/nav_msgs/msg
[20.732s] -- Installing: /root/ros_ws/src/Rescue_Car_ws/install/nav_msgs/local/lib/python3.10/dist-packages/nav_msgs/msg/_occupancy_grid_s.c
[20.732s] -- Installing: /root/ros_ws/src/Rescue_Car_ws/install/nav_msgs/local/lib/python3.10/dist-packages/nav_msgs/msg/_odometry.py
[20.732s] -- Installing: /root/ros_ws/src/Rescue_Car_ws/install/nav_msgs/local/lib/python3.10/dist-packages/nav_msgs/msg/_occupancy_grid.py
[20.732s] -- Installing: /root/ros_ws/src/Rescue_Car_ws/install/nav_msgs/local/lib/python3.10/dist-packages/nav_msgs/msg/_odometry_s.c
[20.732s] -- Installing: /root/ros_ws/src/Rescue_Car_ws/install/nav_msgs/local/lib/python3.10/dist-packages/nav_msgs/msg/_map_meta_data.py
[20.732s] -- Installing: /root/ros_ws/src/Rescue_Car_ws/install/nav_msgs/local/lib/python3.10/dist-packages/nav_msgs/msg/_map_meta_data_s.c
[20.732s] -- Installing: /root/ros_ws/src/Rescue_Car_ws/install/nav_msgs/local/lib/python3.10/dist-packages/nav_msgs/msg/_goals.py
[20.732s] -- Installing: /root/ros_ws/src/Rescue_Car_ws/install/nav_msgs/local/lib/python3.10/dist-packages/nav_msgs/msg/_path_s.c
[20.732s] -- Installing: /root/ros_ws/src/Rescue_Car_ws/install/nav_msgs/local/lib/python3.10/dist-packages/nav_msgs/msg/_path.py
[20.732s] -- Installing: /root/ros_ws/src/Rescue_Car_ws/install/nav_msgs/local/lib/python3.10/dist-packages/nav_msgs/msg/__init__.py
[20.732s] -- Installing: /root/ros_ws/src/Rescue_Car_ws/install/nav_msgs/local/lib/python3.10/dist-packages/nav_msgs/msg/_grid_cells.py
[20.732s] -- Installing: /root/ros_ws/src/Rescue_Car_ws/install/nav_msgs/local/lib/python3.10/dist-packages/nav_msgs/msg/_grid_cells_s.c
[20.732s] -- Installing: /root/ros_ws/src/Rescue_Car_ws/install/nav_msgs/local/lib/python3.10/dist-packages/nav_msgs/msg/_goals_s.c
[20.732s] -- Installing: /root/ros_ws/src/Rescue_Car_ws/install/nav_msgs/local/lib/python3.10/dist-packages/nav_msgs/nav_msgs_s__rosidl_typesupport_fastrtps_c.cpython-310-x86_64-linux-gnu.so
[20.788s] Listing '/root/ros_ws/src/Rescue_Car_ws/install/nav_msgs/local/lib/python3.10/dist-packages/nav_msgs'...
[20.788s] Compiling '/root/ros_ws/src/Rescue_Car_ws/install/nav_msgs/local/lib/python3.10/dist-packages/nav_msgs/__init__.py'...
[20.788s] Listing '/root/ros_ws/src/Rescue_Car_ws/install/nav_msgs/local/lib/python3.10/dist-packages/nav_msgs/msg'...
[20.788s] Compiling '/root/ros_ws/src/Rescue_Car_ws/install/nav_msgs/local/lib/python3.10/dist-packages/nav_msgs/msg/__init__.py'...
[20.788s] Compiling '/root/ros_ws/src/Rescue_Car_ws/install/nav_msgs/local/lib/python3.10/dist-packages/nav_msgs/msg/_goals.py'...
[20.788s] Compiling '/root/ros_ws/src/Rescue_Car_ws/install/nav_msgs/local/lib/python3.10/dist-packages/nav_msgs/msg/_grid_cells.py'...
[20.788s] Compiling '/root/ros_ws/src/Rescue_Car_ws/install/nav_msgs/local/lib/python3.10/dist-packages/nav_msgs/msg/_map_meta_data.py'...
[20.788s] Compiling '/root/ros_ws/src/Rescue_Car_ws/install/nav_msgs/local/lib/python3.10/dist-packages/nav_msgs/msg/_occupancy_grid.py'...
[20.789s] Compiling '/root/ros_ws/src/Rescue_Car_ws/install/nav_msgs/local/lib/python3.10/dist-packages/nav_msgs/msg/_odometry.py'...
[20.789s] Compiling '/root/ros_ws/src/Rescue_Car_ws/install/nav_msgs/local/lib/python3.10/dist-packages/nav_msgs/msg/_path.py'...
[20.789s] Listing '/root/ros_ws/src/Rescue_Car_ws/install/nav_msgs/local/lib/python3.10/dist-packages/nav_msgs/srv'...
[20.789s] Compiling '/root/ros_ws/src/Rescue_Car_ws/install/nav_msgs/local/lib/python3.10/dist-packages/nav_msgs/srv/__init__.py'...
[20.789s] Compiling '/root/ros_ws/src/Rescue_Car_ws/install/nav_msgs/local/lib/python3.10/dist-packages/nav_msgs/srv/_get_map.py'...
[20.789s] Compiling '/root/ros_ws/src/Rescue_Car_ws/install/nav_msgs/local/lib/python3.10/dist-packages/nav_msgs/srv/_get_plan.py'...
[20.789s] Compiling '/root/ros_ws/src/Rescue_Car_ws/install/nav_msgs/local/lib/python3.10/dist-packages/nav_msgs/srv/_load_map.py'...
[20.789s] Compiling '/root/ros_ws/src/Rescue_Car_ws/install/nav_msgs/local/lib/python3.10/dist-packages/nav_msgs/srv/_set_map.py'...
[20.792s] -- Installing: /root/ros_ws/src/Rescue_Car_ws/install/nav_msgs/local/lib/python3.10/dist-packages/nav_msgs/nav_msgs_s__rosidl_typesupport_fastrtps_c.cpython-310-x86_64-linux-gnu.so
[20.793s] -- Set runtime path of "/root/ros_ws/src/Rescue_Car_ws/install/nav_msgs/local/lib/python3.10/dist-packages/nav_msgs/nav_msgs_s__rosidl_typesupport_fastrtps_c.cpython-310-x86_64-linux-gnu.so" to ""
[20.793s] -- Installing: /root/ros_ws/src/Rescue_Car_ws/install/nav_msgs/local/lib/python3.10/dist-packages/nav_msgs/nav_msgs_s__rosidl_typesupport_introspection_c.cpython-310-x86_64-linux-gnu.so
[20.793s] -- Set runtime path of "/root/ros_ws/src/Rescue_Car_ws/install/nav_msgs/local/lib/python3.10/dist-packages/nav_msgs/nav_msgs_s__rosidl_typesupport_introspection_c.cpython-310-x86_64-linux-gnu.so" to ""
[20.794s] -- Installing: /root/ros_ws/src/Rescue_Car_ws/install/nav_msgs/local/lib/python3.10/dist-packages/nav_msgs/nav_msgs_s__rosidl_typesupport_c.cpython-310-x86_64-linux-gnu.so
[20.794s] -- Set runtime path of "/root/ros_ws/src/Rescue_Car_ws/install/nav_msgs/local/lib/python3.10/dist-packages/nav_msgs/nav_msgs_s__rosidl_typesupport_c.cpython-310-x86_64-linux-gnu.so" to ""
[20.794s] -- Installing: /root/ros_ws/src/Rescue_Car_ws/install/nav_msgs/lib/libnav_msgs__rosidl_generator_py.so
[20.795s] -- Set runtime path of "/root/ros_ws/src/Rescue_Car_ws/install/nav_msgs/lib/libnav_msgs__rosidl_generator_py.so" to ""
[20.795s] -- Installing: /root/ros_ws/src/Rescue_Car_ws/install/nav_msgs/share/nav_msgs/msg/Goals.idl
[20.795s] -- Installing: /root/ros_ws/src/Rescue_Car_ws/install/nav_msgs/share/nav_msgs/msg/GridCells.idl
[20.796s] -- Installing: /root/ros_ws/src/Rescue_Car_ws/install/nav_msgs/share/nav_msgs/msg/MapMetaData.idl
[20.796s] -- Installing: /root/ros_ws/src/Rescue_Car_ws/install/nav_msgs/share/nav_msgs/msg/OccupancyGrid.idl
[20.796s] -- Installing: /root/ros_ws/src/Rescue_Car_ws/install/nav_msgs/share/nav_msgs/msg/Odometry.idl
[20.796s] -- Installing: /root/ros_ws/src/Rescue_Car_ws/install/nav_msgs/share/nav_msgs/msg/Path.idl
[20.797s] -- Installing: /root/ros_ws/src/Rescue_Car_ws/install/nav_msgs/share/nav_msgs/srv/GetMap.idl
[20.797s] -- Installing: /root/ros_ws/src/Rescue_Car_ws/install/nav_msgs/share/nav_msgs/srv/GetPlan.idl
[20.797s] -- Installing: /root/ros_ws/src/Rescue_Car_ws/install/nav_msgs/share/nav_msgs/srv/LoadMap.idl
[20.798s] -- Installing: /root/ros_ws/src/Rescue_Car_ws/install/nav_msgs/share/nav_msgs/srv/SetMap.idl
[20.798s] -- Installing: /root/ros_ws/src/Rescue_Car_ws/install/nav_msgs/share/nav_msgs/msg/Goals.msg
[20.798s] -- Installing: /root/ros_ws/src/Rescue_Car_ws/install/nav_msgs/share/nav_msgs/msg/GridCells.msg
[20.798s] -- Installing: /root/ros_ws/src/Rescue_Car_ws/install/nav_msgs/share/nav_msgs/msg/MapMetaData.msg
[20.799s] -- Installing: /root/ros_ws/src/Rescue_Car_ws/install/nav_msgs/share/nav_msgs/msg/OccupancyGrid.msg
[20.799s] -- Installing: /root/ros_ws/src/Rescue_Car_ws/install/nav_msgs/share/nav_msgs/msg/Odometry.msg
[20.799s] -- Installing: /root/ros_ws/src/Rescue_Car_ws/install/nav_msgs/share/nav_msgs/msg/Path.msg
[20.799s] -- Installing: /root/ros_ws/src/Rescue_Car_ws/install/nav_msgs/share/nav_msgs/srv/GetMap.srv
[20.800s] -- Installing: /root/ros_ws/src/Rescue_Car_ws/install/nav_msgs/share/nav_msgs/srv/GetMap_Request.msg
[20.800s] -- Installing: /root/ros_ws/src/Rescue_Car_ws/install/nav_msgs/share/nav_msgs/srv/GetMap_Response.msg
[20.800s] -- Installing: /root/ros_ws/src/Rescue_Car_ws/install/nav_msgs/share/nav_msgs/srv/GetPlan.srv
[20.800s] -- Installing: /root/ros_ws/src/Rescue_Car_ws/install/nav_msgs/share/nav_msgs/srv/GetPlan_Request.msg
[20.800s] -- Installing: /root/ros_ws/src/Rescue_Car_ws/install/nav_msgs/share/nav_msgs/srv/GetPlan_Response.msg
[20.801s] -- Installing: /root/ros_ws/src/Rescue_Car_ws/install/nav_msgs/share/nav_msgs/srv/LoadMap.srv
[20.801s] -- Installing: /root/ros_ws/src/Rescue_Car_ws/install/nav_msgs/share/nav_msgs/srv/LoadMap_Request.msg
[20.801s] -- Installing: /root/ros_ws/src/Rescue_Car_ws/install/nav_msgs/share/nav_msgs/srv/LoadMap_Response.msg
[20.801s] -- Installing: /root/ros_ws/src/Rescue_Car_ws/install/nav_msgs/share/nav_msgs/srv/SetMap.srv
[20.801s] -- Installing: /root/ros_ws/src/Rescue_Car_ws/install/nav_msgs/share/nav_msgs/srv/SetMap_Request.msg
[20.801s] -- Installing: /root/ros_ws/src/Rescue_Car_ws/install/nav_msgs/share/nav_msgs/srv/SetMap_Response.msg
[20.802s] -- Installing: /root/ros_ws/src/Rescue_Car_ws/install/nav_msgs/share/ament_index/resource_index/package_run_dependencies/nav_msgs
[20.802s] -- Installing: /root/ros_ws/src/Rescue_Car_ws/install/nav_msgs/share/ament_index/resource_index/parent_prefix_path/nav_msgs
[20.803s] -- Installing: /root/ros_ws/src/Rescue_Car_ws/install/nav_msgs/share/nav_msgs/environment/ament_prefix_path.sh
[20.803s] -- Installing: /root/ros_ws/src/Rescue_Car_ws/install/nav_msgs/share/nav_msgs/environment/ament_prefix_path.dsv
[20.803s] -- Installing: /root/ros_ws/src/Rescue_Car_ws/install/nav_msgs/share/nav_msgs/environment/path.sh
[20.803s] -- Installing: /root/ros_ws/src/Rescue_Car_ws/install/nav_msgs/share/nav_msgs/environment/path.dsv
[20.803s] -- Installing: /root/ros_ws/src/Rescue_Car_ws/install/nav_msgs/share/nav_msgs/local_setup.bash
[20.804s] -- Installing: /root/ros_ws/src/Rescue_Car_ws/install/nav_msgs/share/nav_msgs/local_setup.sh
[20.804s] -- Installing: /root/ros_ws/src/Rescue_Car_ws/install/nav_msgs/share/nav_msgs/local_setup.zsh
[20.804s] -- Installing: /root/ros_ws/src/Rescue_Car_ws/install/nav_msgs/share/nav_msgs/local_setup.dsv
[20.804s] -- Installing: /root/ros_ws/src/Rescue_Car_ws/install/nav_msgs/share/nav_msgs/package.dsv
[20.805s] -- Installing: /root/ros_ws/src/Rescue_Car_ws/install/nav_msgs/share/ament_index/resource_index/packages/nav_msgs
[20.805s] -- Installing: /root/ros_ws/src/Rescue_Car_ws/install/nav_msgs/share/nav_msgs/cmake/export_nav_msgs__rosidl_generator_cExport.cmake
[20.805s] -- Installing: /root/ros_ws/src/Rescue_Car_ws/install/nav_msgs/share/nav_msgs/cmake/export_nav_msgs__rosidl_generator_cExport-noconfig.cmake
[20.806s] -- Installing: /root/ros_ws/src/Rescue_Car_ws/install/nav_msgs/share/nav_msgs/cmake/export_nav_msgs__rosidl_typesupport_fastrtps_cExport.cmake
[20.806s] -- Installing: /root/ros_ws/src/Rescue_Car_ws/install/nav_msgs/share/nav_msgs/cmake/export_nav_msgs__rosidl_typesupport_fastrtps_cExport-noconfig.cmake
[20.806s] -- Installing: /root/ros_ws/src/Rescue_Car_ws/install/nav_msgs/share/nav_msgs/cmake/export_nav_msgs__rosidl_generator_cppExport.cmake
[20.806s] -- Installing: /root/ros_ws/src/Rescue_Car_ws/install/nav_msgs/share/nav_msgs/cmake/export_nav_msgs__rosidl_typesupport_fastrtps_cppExport.cmake
[20.807s] -- Installing: /root/ros_ws/src/Rescue_Car_ws/install/nav_msgs/share/nav_msgs/cmake/export_nav_msgs__rosidl_typesupport_fastrtps_cppExport-noconfig.cmake
[20.807s] -- Installing: /root/ros_ws/src/Rescue_Car_ws/install/nav_msgs/share/nav_msgs/cmake/nav_msgs__rosidl_typesupport_introspection_cExport.cmake
[20.807s] -- Installing: /root/ros_ws/src/Rescue_Car_ws/install/nav_msgs/share/nav_msgs/cmake/nav_msgs__rosidl_typesupport_introspection_cExport-noconfig.cmake
[20.807s] -- Installing: /root/ros_ws/src/Rescue_Car_ws/install/nav_msgs/share/nav_msgs/cmake/nav_msgs__rosidl_typesupport_cExport.cmake
[20.807s] -- Installing: /root/ros_ws/src/Rescue_Car_ws/install/nav_msgs/share/nav_msgs/cmake/nav_msgs__rosidl_typesupport_cExport-noconfig.cmake
[20.808s] -- Installing: /root/ros_ws/src/Rescue_Car_ws/install/nav_msgs/share/nav_msgs/cmake/nav_msgs__rosidl_typesupport_introspection_cppExport.cmake
[20.808s] -- Installing: /root/ros_ws/src/Rescue_Car_ws/install/nav_msgs/share/nav_msgs/cmake/nav_msgs__rosidl_typesupport_introspection_cppExport-noconfig.cmake
[20.808s] -- Installing: /root/ros_ws/src/Rescue_Car_ws/install/nav_msgs/share/nav_msgs/cmake/nav_msgs__rosidl_typesupport_cppExport.cmake
[20.808s] -- Installing: /root/ros_ws/src/Rescue_Car_ws/install/nav_msgs/share/nav_msgs/cmake/nav_msgs__rosidl_typesupport_cppExport-noconfig.cmake
[20.809s] -- Installing: /root/ros_ws/src/Rescue_Car_ws/install/nav_msgs/share/nav_msgs/cmake/export_nav_msgs__rosidl_generator_pyExport.cmake
[20.809s] -- Installing: /root/ros_ws/src/Rescue_Car_ws/install/nav_msgs/share/nav_msgs/cmake/export_nav_msgs__rosidl_generator_pyExport-noconfig.cmake
[20.809s] -- Installing: /root/ros_ws/src/Rescue_Car_ws/install/nav_msgs/share/nav_msgs/cmake/rosidl_cmake-extras.cmake
[20.810s] -- Installing: /root/ros_ws/src/Rescue_Car_ws/install/nav_msgs/share/nav_msgs/cmake/ament_cmake_export_dependencies-extras.cmake
[20.810s] -- Installing: /root/ros_ws/src/Rescue_Car_ws/install/nav_msgs/share/nav_msgs/cmake/ament_cmake_export_include_directories-extras.cmake
[20.810s] -- Installing: /root/ros_ws/src/Rescue_Car_ws/install/nav_msgs/share/nav_msgs/cmake/ament_cmake_export_libraries-extras.cmake
[20.810s] -- Installing: /root/ros_ws/src/Rescue_Car_ws/install/nav_msgs/share/nav_msgs/cmake/ament_cmake_export_targets-extras.cmake
[20.810s] -- Installing: /root/ros_ws/src/Rescue_Car_ws/install/nav_msgs/share/nav_msgs/cmake/rosidl_cmake_export_typesupport_targets-extras.cmake
[20.810s] -- Installing: /root/ros_ws/src/Rescue_Car_ws/install/nav_msgs/share/nav_msgs/cmake/rosidl_cmake_export_typesupport_libraries-extras.cmake
[20.811s] -- Installing: /root/ros_ws/src/Rescue_Car_ws/install/nav_msgs/share/nav_msgs/cmake/nav_msgsConfig.cmake
[20.811s] -- Installing: /root/ros_ws/src/Rescue_Car_ws/install/nav_msgs/share/nav_msgs/cmake/nav_msgsConfig-version.cmake
[20.811s] -- Installing: /root/ros_ws/src/Rescue_Car_ws/install/nav_msgs/share/nav_msgs/package.xml
[20.814s] Invoked command in '/root/ros_ws/src/Rescue_Car_ws/build/nav_msgs' returned '0': AMENT_PREFIX_PATH=/root/ros_ws/src/Rescue_Car_ws/install/geometry_msgs:/root/ros_ws/src/Rescue_Car_ws/install/std_msgs:/root/ros_ws/src/Rescue_Car_ws/install/builtin_interfaces:${AMENT_PREFIX_PATH} CMAKE_PREFIX_PATH=/root/ros_ws/src/Rescue_Car_ws/install/geometry_msgs:/root/ros_ws/src/Rescue_Car_ws/install/std_msgs:/root/ros_ws/src/Rescue_Car_ws/install/builtin_interfaces:/opt/ros/humble LD_LIBRARY_PATH=/root/ros_ws/src/Rescue_Car_ws/install/geometry_msgs/lib:/root/ros_ws/src/Rescue_Car_ws/install/std_msgs/lib:/root/ros_ws/src/Rescue_Car_ws/install/builtin_interfaces/lib:${LD_LIBRARY_PATH} PYTHONPATH=/root/ros_ws/src/Rescue_Car_ws/install/geometry_msgs/local/lib/python3.10/dist-packages:/root/ros_ws/src/Rescue_Car_ws/install/std_msgs/local/lib/python3.10/dist-packages:/root/ros_ws/src/Rescue_Car_ws/install/builtin_interfaces/local/lib/python3.10/dist-packages:${PYTHONPATH} /usr/bin/cmake --install /root/ros_ws/src/Rescue_Car_ws/build/nav_msgs
