[0.697s] Invoking command in '/root/ros_ws/src/Rescue_Car_ws/build/visualization_msgs': AMENT_PREFIX_PATH=/root/ros_ws/src/Rescue_Car_ws/install/sensor_msgs:/root/ros_ws/src/Rescue_Car_ws/install/geometry_msgs:/root/ros_ws/src/Rescue_Car_ws/install/std_msgs:/root/ros_ws/src/Rescue_Car_ws/install/builtin_interfaces:${AMENT_PREFIX_PATH} CMAKE_PREFIX_PATH=/root/ros_ws/src/Rescue_Car_ws/install/sensor_msgs:/root/ros_ws/src/Rescue_Car_ws/install/geometry_msgs:/root/ros_ws/src/Rescue_Car_ws/install/std_msgs:/root/ros_ws/src/Rescue_Car_ws/install/builtin_interfaces:/opt/ros/humble LD_LIBRARY_PATH=/root/ros_ws/src/Rescue_Car_ws/install/sensor_msgs/lib:/root/ros_ws/src/Rescue_Car_ws/install/geometry_msgs/lib:/root/ros_ws/src/Rescue_Car_ws/install/std_msgs/lib:/root/ros_ws/src/Rescue_Car_ws/install/builtin_interfaces/lib:${LD_LIBRARY_PATH} PYTHONPATH=/root/ros_ws/src/Rescue_Car_ws/install/sensor_msgs/local/lib/python3.10/dist-packages:/root/ros_ws/src/Rescue_Car_ws/install/geometry_msgs/local/lib/python3.10/dist-packages:/root/ros_ws/src/Rescue_Car_ws/install/std_msgs/local/lib/python3.10/dist-packages:/root/ros_ws/src/Rescue_Car_ws/install/builtin_interfaces/local/lib/python3.10/dist-packages:${PYTHONPATH} /usr/bin/cmake --build /root/ros_ws/src/Rescue_Car_ws/build/visualization_msgs -- -j20 -l20
[0.741s] [35m[1mConsolidate compiler generated dependencies of target visualization_msgs__rosidl_generator_c[0m
[0.746s] [  0%] Built target visualization_msgs__cpp
[0.760s] [ 12%] Built target visualization_msgs__rosidl_generator_c
[0.762s] [35m[1mConsolidate compiler generated dependencies of target visualization_msgs__rosidl_typesupport_cpp[0m
[0.766s] [35m[1mConsolidate compiler generated dependencies of target visualization_msgs__rosidl_typesupport_fastrtps_cpp[0m
[0.766s] [35m[1mConsolidate compiler generated dependencies of target visualization_msgs__rosidl_typesupport_introspection_cpp[0m
[0.766s] [ 12%] Built target ament_cmake_python_copy_visualization_msgs
[0.768s] [35m[1mConsolidate compiler generated dependencies of target visualization_msgs__rosidl_typesupport_c[0m
[0.770s] [35m[1mConsolidate compiler generated dependencies of target visualization_msgs__rosidl_typesupport_introspection_c[0m
[0.774s] [35m[1mConsolidate compiler generated dependencies of target visualization_msgs__rosidl_typesupport_fastrtps_c[0m
[0.785s] [ 24%] Built target visualization_msgs__rosidl_typesupport_cpp
[0.792s] [ 48%] Built target visualization_msgs__rosidl_typesupport_introspection_cpp
[0.792s] [ 48%] Built target visualization_msgs__rosidl_typesupport_c
[0.792s] [ 60%] Built target visualization_msgs__rosidl_typesupport_introspection_c
[0.792s] [ 72%] Built target visualization_msgs__rosidl_typesupport_fastrtps_cpp
[0.794s] [ 84%] Built target visualization_msgs__rosidl_typesupport_fastrtps_c
[0.819s] [ 84%] Built target visualization_msgs
[0.847s] [ 85%] Built target visualization_msgs__py
[0.861s] [35m[1mConsolidate compiler generated dependencies of target visualization_msgs__rosidl_generator_py[0m
[0.878s] [ 96%] Built target visualization_msgs__rosidl_generator_py
[0.888s] [35m[1mConsolidate compiler generated dependencies of target visualization_msgs__rosidl_typesupport_introspection_c__pyext[0m
[0.889s] [35m[1mConsolidate compiler generated dependencies of target visualization_msgs__rosidl_typesupport_fastrtps_c__pyext[0m
[0.889s] [35m[1mConsolidate compiler generated dependencies of target visualization_msgs__rosidl_typesupport_c__pyext[0m
[0.900s] [ 97%] Built target visualization_msgs__rosidl_typesupport_fastrtps_c__pyext
[0.901s] [ 99%] Built target visualization_msgs__rosidl_typesupport_introspection_c__pyext
[0.902s] [100%] Built target visualization_msgs__rosidl_typesupport_c__pyext
[0.973s] running egg_info
[0.974s] writing visualization_msgs.egg-info/PKG-INFO
[0.974s] writing dependency_links to visualization_msgs.egg-info/dependency_links.txt
[0.974s] writing top-level names to visualization_msgs.egg-info/top_level.txt
[0.975s] reading manifest file 'visualization_msgs.egg-info/SOURCES.txt'
[0.976s] writing manifest file 'visualization_msgs.egg-info/SOURCES.txt'
[1.000s] [100%] Built target ament_cmake_python_build_visualization_msgs_egg
[1.010s] Invoked command in '/root/ros_ws/src/Rescue_Car_ws/build/visualization_msgs' returned '0': AMENT_PREFIX_PATH=/root/ros_ws/src/Rescue_Car_ws/install/sensor_msgs:/root/ros_ws/src/Rescue_Car_ws/install/geometry_msgs:/root/ros_ws/src/Rescue_Car_ws/install/std_msgs:/root/ros_ws/src/Rescue_Car_ws/install/builtin_interfaces:${AMENT_PREFIX_PATH} CMAKE_PREFIX_PATH=/root/ros_ws/src/Rescue_Car_ws/install/sensor_msgs:/root/ros_ws/src/Rescue_Car_ws/install/geometry_msgs:/root/ros_ws/src/Rescue_Car_ws/install/std_msgs:/root/ros_ws/src/Rescue_Car_ws/install/builtin_interfaces:/opt/ros/humble LD_LIBRARY_PATH=/root/ros_ws/src/Rescue_Car_ws/install/sensor_msgs/lib:/root/ros_ws/src/Rescue_Car_ws/install/geometry_msgs/lib:/root/ros_ws/src/Rescue_Car_ws/install/std_msgs/lib:/root/ros_ws/src/Rescue_Car_ws/install/builtin_interfaces/lib:${LD_LIBRARY_PATH} PYTHONPATH=/root/ros_ws/src/Rescue_Car_ws/install/sensor_msgs/local/lib/python3.10/dist-packages:/root/ros_ws/src/Rescue_Car_ws/install/geometry_msgs/local/lib/python3.10/dist-packages:/root/ros_ws/src/Rescue_Car_ws/install/std_msgs/local/lib/python3.10/dist-packages:/root/ros_ws/src/Rescue_Car_ws/install/builtin_interfaces/local/lib/python3.10/dist-packages:${PYTHONPATH} /usr/bin/cmake --build /root/ros_ws/src/Rescue_Car_ws/build/visualization_msgs -- -j20 -l20
[1.012s] Invoking command in '/root/ros_ws/src/Rescue_Car_ws/build/visualization_msgs': AMENT_PREFIX_PATH=/root/ros_ws/src/Rescue_Car_ws/install/sensor_msgs:/root/ros_ws/src/Rescue_Car_ws/install/geometry_msgs:/root/ros_ws/src/Rescue_Car_ws/install/std_msgs:/root/ros_ws/src/Rescue_Car_ws/install/builtin_interfaces:${AMENT_PREFIX_PATH} CMAKE_PREFIX_PATH=/root/ros_ws/src/Rescue_Car_ws/install/sensor_msgs:/root/ros_ws/src/Rescue_Car_ws/install/geometry_msgs:/root/ros_ws/src/Rescue_Car_ws/install/std_msgs:/root/ros_ws/src/Rescue_Car_ws/install/builtin_interfaces:/opt/ros/humble LD_LIBRARY_PATH=/root/ros_ws/src/Rescue_Car_ws/install/sensor_msgs/lib:/root/ros_ws/src/Rescue_Car_ws/install/geometry_msgs/lib:/root/ros_ws/src/Rescue_Car_ws/install/std_msgs/lib:/root/ros_ws/src/Rescue_Car_ws/install/builtin_interfaces/lib:${LD_LIBRARY_PATH} PYTHONPATH=/root/ros_ws/src/Rescue_Car_ws/install/sensor_msgs/local/lib/python3.10/dist-packages:/root/ros_ws/src/Rescue_Car_ws/install/geometry_msgs/local/lib/python3.10/dist-packages:/root/ros_ws/src/Rescue_Car_ws/install/std_msgs/local/lib/python3.10/dist-packages:/root/ros_ws/src/Rescue_Car_ws/install/builtin_interfaces/local/lib/python3.10/dist-packages:${PYTHONPATH} /usr/bin/cmake --install /root/ros_ws/src/Rescue_Car_ws/build/visualization_msgs
[1.019s] -- Install configuration: ""
[1.019s] -- Up-to-date: /root/ros_ws/src/Rescue_Car_ws/install/visualization_msgs/share/ament_index/resource_index/rosidl_interfaces/visualization_msgs
[1.020s] -- Up-to-date: /root/ros_ws/src/Rescue_Car_ws/install/visualization_msgs/include/visualization_msgs/visualization_msgs
[1.020s] -- Up-to-date: /root/ros_ws/src/Rescue_Car_ws/install/visualization_msgs/include/visualization_msgs/visualization_msgs/srv
[1.020s] -- Up-to-date: /root/ros_ws/src/Rescue_Car_ws/install/visualization_msgs/include/visualization_msgs/visualization_msgs/srv/get_interactive_markers.h
[1.020s] -- Up-to-date: /root/ros_ws/src/Rescue_Car_ws/install/visualization_msgs/include/visualization_msgs/visualization_msgs/srv/detail
[1.021s] -- Up-to-date: /root/ros_ws/src/Rescue_Car_ws/install/visualization_msgs/include/visualization_msgs/visualization_msgs/srv/detail/get_interactive_markers__functions.h
[1.021s] -- Up-to-date: /root/ros_ws/src/Rescue_Car_ws/install/visualization_msgs/include/visualization_msgs/visualization_msgs/srv/detail/get_interactive_markers__struct.h
[1.021s] -- Up-to-date: /root/ros_ws/src/Rescue_Car_ws/install/visualization_msgs/include/visualization_msgs/visualization_msgs/srv/detail/get_interactive_markers__type_support.h
[1.021s] -- Up-to-date: /root/ros_ws/src/Rescue_Car_ws/install/visualization_msgs/include/visualization_msgs/visualization_msgs/srv/detail/get_interactive_markers__functions.c
[1.022s] -- Up-to-date: /root/ros_ws/src/Rescue_Car_ws/install/visualization_msgs/include/visualization_msgs/visualization_msgs/msg
[1.022s] -- Up-to-date: /root/ros_ws/src/Rescue_Car_ws/install/visualization_msgs/include/visualization_msgs/visualization_msgs/msg/interactive_marker_feedback.h
[1.022s] -- Up-to-date: /root/ros_ws/src/Rescue_Car_ws/install/visualization_msgs/include/visualization_msgs/visualization_msgs/msg/interactive_marker_pose.h
[1.022s] -- Up-to-date: /root/ros_ws/src/Rescue_Car_ws/install/visualization_msgs/include/visualization_msgs/visualization_msgs/msg/uv_coordinate.h
[1.023s] -- Up-to-date: /root/ros_ws/src/Rescue_Car_ws/install/visualization_msgs/include/visualization_msgs/visualization_msgs/msg/mesh_file.h
[1.023s] -- Up-to-date: /root/ros_ws/src/Rescue_Car_ws/install/visualization_msgs/include/visualization_msgs/visualization_msgs/msg/interactive_marker.h
[1.023s] -- Up-to-date: /root/ros_ws/src/Rescue_Car_ws/install/visualization_msgs/include/visualization_msgs/visualization_msgs/msg/image_marker.h
[1.023s] -- Up-to-date: /root/ros_ws/src/Rescue_Car_ws/install/visualization_msgs/include/visualization_msgs/visualization_msgs/msg/interactive_marker_init.h
[1.023s] -- Up-to-date: /root/ros_ws/src/Rescue_Car_ws/install/visualization_msgs/include/visualization_msgs/visualization_msgs/msg/detail
[1.023s] -- Up-to-date: /root/ros_ws/src/Rescue_Car_ws/install/visualization_msgs/include/visualization_msgs/visualization_msgs/msg/detail/interactive_marker_pose__struct.h
[1.023s] -- Up-to-date: /root/ros_ws/src/Rescue_Car_ws/install/visualization_msgs/include/visualization_msgs/visualization_msgs/msg/detail/uv_coordinate__struct.h
[1.023s] -- Up-to-date: /root/ros_ws/src/Rescue_Car_ws/install/visualization_msgs/include/visualization_msgs/visualization_msgs/msg/detail/interactive_marker_init__struct.h
[1.023s] -- Up-to-date: /root/ros_ws/src/Rescue_Car_ws/install/visualization_msgs/include/visualization_msgs/visualization_msgs/msg/detail/interactive_marker__type_support.h
[1.024s] -- Up-to-date: /root/ros_ws/src/Rescue_Car_ws/install/visualization_msgs/include/visualization_msgs/visualization_msgs/msg/detail/marker_array__struct.h
[1.024s] -- Up-to-date: /root/ros_ws/src/Rescue_Car_ws/install/visualization_msgs/include/visualization_msgs/visualization_msgs/msg/detail/interactive_marker_feedback__functions.c
[1.024s] -- Up-to-date: /root/ros_ws/src/Rescue_Car_ws/install/visualization_msgs/include/visualization_msgs/visualization_msgs/msg/detail/interactive_marker__functions.h
[1.024s] -- Up-to-date: /root/ros_ws/src/Rescue_Car_ws/install/visualization_msgs/include/visualization_msgs/visualization_msgs/msg/detail/interactive_marker_control__type_support.h
[1.024s] -- Up-to-date: /root/ros_ws/src/Rescue_Car_ws/install/visualization_msgs/include/visualization_msgs/visualization_msgs/msg/detail/interactive_marker_update__struct.h
[1.024s] -- Up-to-date: /root/ros_ws/src/Rescue_Car_ws/install/visualization_msgs/include/visualization_msgs/visualization_msgs/msg/detail/mesh_file__functions.h
[1.024s] -- Up-to-date: /root/ros_ws/src/Rescue_Car_ws/install/visualization_msgs/include/visualization_msgs/visualization_msgs/msg/detail/image_marker__struct.h
[1.024s] -- Up-to-date: /root/ros_ws/src/Rescue_Car_ws/install/visualization_msgs/include/visualization_msgs/visualization_msgs/msg/detail/marker__functions.h
[1.024s] -- Up-to-date: /root/ros_ws/src/Rescue_Car_ws/install/visualization_msgs/include/visualization_msgs/visualization_msgs/msg/detail/interactive_marker_feedback__type_support.h
[1.025s] -- Up-to-date: /root/ros_ws/src/Rescue_Car_ws/install/visualization_msgs/include/visualization_msgs/visualization_msgs/msg/detail/menu_entry__struct.h
[1.025s] -- Up-to-date: /root/ros_ws/src/Rescue_Car_ws/install/visualization_msgs/include/visualization_msgs/visualization_msgs/msg/detail/interactive_marker_control__functions.c
[1.025s] -- Up-to-date: /root/ros_ws/src/Rescue_Car_ws/install/visualization_msgs/include/visualization_msgs/visualization_msgs/msg/detail/mesh_file__functions.c
[1.025s] -- Up-to-date: /root/ros_ws/src/Rescue_Car_ws/install/visualization_msgs/include/visualization_msgs/visualization_msgs/msg/detail/interactive_marker_control__struct.h
[1.025s] -- Up-to-date: /root/ros_ws/src/Rescue_Car_ws/install/visualization_msgs/include/visualization_msgs/visualization_msgs/msg/detail/interactive_marker_feedback__struct.h
[1.025s] -- Up-to-date: /root/ros_ws/src/Rescue_Car_ws/install/visualization_msgs/include/visualization_msgs/visualization_msgs/msg/detail/interactive_marker_control__functions.h
[1.025s] -- Up-to-date: /root/ros_ws/src/Rescue_Car_ws/install/visualization_msgs/include/visualization_msgs/visualization_msgs/msg/detail/mesh_file__struct.h
[1.026s] -- Up-to-date: /root/ros_ws/src/Rescue_Car_ws/install/visualization_msgs/include/visualization_msgs/visualization_msgs/msg/detail/interactive_marker_update__functions.c
[1.026s] -- Up-to-date: /root/ros_ws/src/Rescue_Car_ws/install/visualization_msgs/include/visualization_msgs/visualization_msgs/msg/detail/interactive_marker_update__functions.h
[1.026s] -- Up-to-date: /root/ros_ws/src/Rescue_Car_ws/install/visualization_msgs/include/visualization_msgs/visualization_msgs/msg/detail/interactive_marker__functions.c
[1.026s] -- Up-to-date: /root/ros_ws/src/Rescue_Car_ws/install/visualization_msgs/include/visualization_msgs/visualization_msgs/msg/detail/menu_entry__type_support.h
[1.026s] -- Up-to-date: /root/ros_ws/src/Rescue_Car_ws/install/visualization_msgs/include/visualization_msgs/visualization_msgs/msg/detail/marker__functions.c
[1.026s] -- Up-to-date: /root/ros_ws/src/Rescue_Car_ws/install/visualization_msgs/include/visualization_msgs/visualization_msgs/msg/detail/marker_array__type_support.h
[1.027s] -- Up-to-date: /root/ros_ws/src/Rescue_Car_ws/install/visualization_msgs/include/visualization_msgs/visualization_msgs/msg/detail/image_marker__functions.c
[1.027s] -- Up-to-date: /root/ros_ws/src/Rescue_Car_ws/install/visualization_msgs/include/visualization_msgs/visualization_msgs/msg/detail/uv_coordinate__type_support.h
[1.027s] -- Up-to-date: /root/ros_ws/src/Rescue_Car_ws/install/visualization_msgs/include/visualization_msgs/visualization_msgs/msg/detail/interactive_marker_update__type_support.h
[1.027s] -- Up-to-date: /root/ros_ws/src/Rescue_Car_ws/install/visualization_msgs/include/visualization_msgs/visualization_msgs/msg/detail/uv_coordinate__functions.c
[1.027s] -- Up-to-date: /root/ros_ws/src/Rescue_Car_ws/install/visualization_msgs/include/visualization_msgs/visualization_msgs/msg/detail/interactive_marker_pose__functions.c
[1.027s] -- Up-to-date: /root/ros_ws/src/Rescue_Car_ws/install/visualization_msgs/include/visualization_msgs/visualization_msgs/msg/detail/marker__type_support.h
[1.027s] -- Up-to-date: /root/ros_ws/src/Rescue_Car_ws/install/visualization_msgs/include/visualization_msgs/visualization_msgs/msg/detail/image_marker__functions.h
[1.027s] -- Up-to-date: /root/ros_ws/src/Rescue_Car_ws/install/visualization_msgs/include/visualization_msgs/visualization_msgs/msg/detail/interactive_marker_init__functions.h
[1.027s] -- Up-to-date: /root/ros_ws/src/Rescue_Car_ws/install/visualization_msgs/include/visualization_msgs/visualization_msgs/msg/detail/menu_entry__functions.c
[1.027s] -- Up-to-date: /root/ros_ws/src/Rescue_Car_ws/install/visualization_msgs/include/visualization_msgs/visualization_msgs/msg/detail/marker_array__functions.c
[1.027s] -- Up-to-date: /root/ros_ws/src/Rescue_Car_ws/install/visualization_msgs/include/visualization_msgs/visualization_msgs/msg/detail/menu_entry__functions.h
[1.027s] -- Up-to-date: /root/ros_ws/src/Rescue_Car_ws/install/visualization_msgs/include/visualization_msgs/visualization_msgs/msg/detail/interactive_marker_feedback__functions.h
[1.027s] -- Up-to-date: /root/ros_ws/src/Rescue_Car_ws/install/visualization_msgs/include/visualization_msgs/visualization_msgs/msg/detail/marker__struct.h
[1.028s] -- Up-to-date: /root/ros_ws/src/Rescue_Car_ws/install/visualization_msgs/include/visualization_msgs/visualization_msgs/msg/detail/interactive_marker_init__functions.c
[1.028s] -- Up-to-date: /root/ros_ws/src/Rescue_Car_ws/install/visualization_msgs/include/visualization_msgs/visualization_msgs/msg/detail/interactive_marker_pose__functions.h
[1.028s] -- Up-to-date: /root/ros_ws/src/Rescue_Car_ws/install/visualization_msgs/include/visualization_msgs/visualization_msgs/msg/detail/marker_array__functions.h
[1.028s] -- Up-to-date: /root/ros_ws/src/Rescue_Car_ws/install/visualization_msgs/include/visualization_msgs/visualization_msgs/msg/detail/image_marker__type_support.h
[1.028s] -- Up-to-date: /root/ros_ws/src/Rescue_Car_ws/install/visualization_msgs/include/visualization_msgs/visualization_msgs/msg/detail/uv_coordinate__functions.h
[1.028s] -- Up-to-date: /root/ros_ws/src/Rescue_Car_ws/install/visualization_msgs/include/visualization_msgs/visualization_msgs/msg/detail/interactive_marker_init__type_support.h
[1.028s] -- Up-to-date: /root/ros_ws/src/Rescue_Car_ws/install/visualization_msgs/include/visualization_msgs/visualization_msgs/msg/detail/mesh_file__type_support.h
[1.028s] -- Up-to-date: /root/ros_ws/src/Rescue_Car_ws/install/visualization_msgs/include/visualization_msgs/visualization_msgs/msg/detail/interactive_marker_pose__type_support.h
[1.028s] -- Up-to-date: /root/ros_ws/src/Rescue_Car_ws/install/visualization_msgs/include/visualization_msgs/visualization_msgs/msg/detail/interactive_marker__struct.h
[1.028s] -- Up-to-date: /root/ros_ws/src/Rescue_Car_ws/install/visualization_msgs/include/visualization_msgs/visualization_msgs/msg/marker.h
[1.028s] -- Up-to-date: /root/ros_ws/src/Rescue_Car_ws/install/visualization_msgs/include/visualization_msgs/visualization_msgs/msg/marker_array.h
[1.028s] -- Up-to-date: /root/ros_ws/src/Rescue_Car_ws/install/visualization_msgs/include/visualization_msgs/visualization_msgs/msg/rosidl_generator_c__visibility_control.h
[1.028s] -- Up-to-date: /root/ros_ws/src/Rescue_Car_ws/install/visualization_msgs/include/visualization_msgs/visualization_msgs/msg/interactive_marker_control.h
[1.028s] -- Up-to-date: /root/ros_ws/src/Rescue_Car_ws/install/visualization_msgs/include/visualization_msgs/visualization_msgs/msg/menu_entry.h
[1.028s] -- Up-to-date: /root/ros_ws/src/Rescue_Car_ws/install/visualization_msgs/include/visualization_msgs/visualization_msgs/msg/interactive_marker_update.h
[1.028s] -- Up-to-date: /root/ros_ws/src/Rescue_Car_ws/install/visualization_msgs/share/visualization_msgs/environment/library_path.sh
[1.028s] -- Up-to-date: /root/ros_ws/src/Rescue_Car_ws/install/visualization_msgs/share/visualization_msgs/environment/library_path.dsv
[1.028s] -- Up-to-date: /root/ros_ws/src/Rescue_Car_ws/install/visualization_msgs/lib/libvisualization_msgs__rosidl_generator_c.so
[1.028s] -- Up-to-date: /root/ros_ws/src/Rescue_Car_ws/install/visualization_msgs/include/visualization_msgs/visualization_msgs
[1.028s] -- Up-to-date: /root/ros_ws/src/Rescue_Car_ws/install/visualization_msgs/include/visualization_msgs/visualization_msgs/srv
[1.028s] -- Up-to-date: /root/ros_ws/src/Rescue_Car_ws/install/visualization_msgs/include/visualization_msgs/visualization_msgs/srv/detail
[1.028s] -- Up-to-date: /root/ros_ws/src/Rescue_Car_ws/install/visualization_msgs/include/visualization_msgs/visualization_msgs/srv/detail/get_interactive_markers__rosidl_typesupport_fastrtps_c.h
[1.028s] -- Up-to-date: /root/ros_ws/src/Rescue_Car_ws/install/visualization_msgs/include/visualization_msgs/visualization_msgs/msg
[1.028s] -- Up-to-date: /root/ros_ws/src/Rescue_Car_ws/install/visualization_msgs/include/visualization_msgs/visualization_msgs/msg/detail
[1.028s] -- Up-to-date: /root/ros_ws/src/Rescue_Car_ws/install/visualization_msgs/include/visualization_msgs/visualization_msgs/msg/detail/image_marker__rosidl_typesupport_fastrtps_c.h
[1.028s] -- Up-to-date: /root/ros_ws/src/Rescue_Car_ws/install/visualization_msgs/include/visualization_msgs/visualization_msgs/msg/detail/interactive_marker_update__rosidl_typesupport_fastrtps_c.h
[1.028s] -- Up-to-date: /root/ros_ws/src/Rescue_Car_ws/install/visualization_msgs/include/visualization_msgs/visualization_msgs/msg/detail/marker_array__rosidl_typesupport_fastrtps_c.h
[1.028s] -- Up-to-date: /root/ros_ws/src/Rescue_Car_ws/install/visualization_msgs/include/visualization_msgs/visualization_msgs/msg/detail/interactive_marker__rosidl_typesupport_fastrtps_c.h
[1.028s] -- Up-to-date: /root/ros_ws/src/Rescue_Car_ws/install/visualization_msgs/include/visualization_msgs/visualization_msgs/msg/detail/menu_entry__rosidl_typesupport_fastrtps_c.h
[1.028s] -- Up-to-date: /root/ros_ws/src/Rescue_Car_ws/install/visualization_msgs/include/visualization_msgs/visualization_msgs/msg/detail/mesh_file__rosidl_typesupport_fastrtps_c.h
[1.028s] -- Up-to-date: /root/ros_ws/src/Rescue_Car_ws/install/visualization_msgs/include/visualization_msgs/visualization_msgs/msg/detail/uv_coordinate__rosidl_typesupport_fastrtps_c.h
[1.028s] -- Up-to-date: /root/ros_ws/src/Rescue_Car_ws/install/visualization_msgs/include/visualization_msgs/visualization_msgs/msg/detail/interactive_marker_pose__rosidl_typesupport_fastrtps_c.h
[1.028s] -- Up-to-date: /root/ros_ws/src/Rescue_Car_ws/install/visualization_msgs/include/visualization_msgs/visualization_msgs/msg/detail/interactive_marker_feedback__rosidl_typesupport_fastrtps_c.h
[1.028s] -- Up-to-date: /root/ros_ws/src/Rescue_Car_ws/install/visualization_msgs/include/visualization_msgs/visualization_msgs/msg/detail/interactive_marker_init__rosidl_typesupport_fastrtps_c.h
[1.028s] -- Up-to-date: /root/ros_ws/src/Rescue_Car_ws/install/visualization_msgs/include/visualization_msgs/visualization_msgs/msg/detail/marker__rosidl_typesupport_fastrtps_c.h
[1.028s] -- Up-to-date: /root/ros_ws/src/Rescue_Car_ws/install/visualization_msgs/include/visualization_msgs/visualization_msgs/msg/detail/interactive_marker_control__rosidl_typesupport_fastrtps_c.h
[1.028s] -- Up-to-date: /root/ros_ws/src/Rescue_Car_ws/install/visualization_msgs/include/visualization_msgs/visualization_msgs/msg/rosidl_typesupport_fastrtps_c__visibility_control.h
[1.028s] -- Up-to-date: /root/ros_ws/src/Rescue_Car_ws/install/visualization_msgs/lib/libvisualization_msgs__rosidl_typesupport_fastrtps_c.so
[1.028s] -- Up-to-date: /root/ros_ws/src/Rescue_Car_ws/install/visualization_msgs/include/visualization_msgs/visualization_msgs
[1.028s] -- Up-to-date: /root/ros_ws/src/Rescue_Car_ws/install/visualization_msgs/include/visualization_msgs/visualization_msgs/srv
[1.028s] -- Up-to-date: /root/ros_ws/src/Rescue_Car_ws/install/visualization_msgs/include/visualization_msgs/visualization_msgs/srv/get_interactive_markers.hpp
[1.028s] -- Up-to-date: /root/ros_ws/src/Rescue_Car_ws/install/visualization_msgs/include/visualization_msgs/visualization_msgs/srv/detail
[1.029s] -- Up-to-date: /root/ros_ws/src/Rescue_Car_ws/install/visualization_msgs/include/visualization_msgs/visualization_msgs/srv/detail/get_interactive_markers__traits.hpp
[1.029s] -- Up-to-date: /root/ros_ws/src/Rescue_Car_ws/install/visualization_msgs/include/visualization_msgs/visualization_msgs/srv/detail/get_interactive_markers__type_support.hpp
[1.029s] -- Up-to-date: /root/ros_ws/src/Rescue_Car_ws/install/visualization_msgs/include/visualization_msgs/visualization_msgs/srv/detail/get_interactive_markers__struct.hpp
[1.029s] -- Up-to-date: /root/ros_ws/src/Rescue_Car_ws/install/visualization_msgs/include/visualization_msgs/visualization_msgs/srv/detail/get_interactive_markers__builder.hpp
[1.029s] -- Up-to-date: /root/ros_ws/src/Rescue_Car_ws/install/visualization_msgs/include/visualization_msgs/visualization_msgs/msg
[1.029s] -- Up-to-date: /root/ros_ws/src/Rescue_Car_ws/install/visualization_msgs/include/visualization_msgs/visualization_msgs/msg/marker.hpp
[1.029s] -- Up-to-date: /root/ros_ws/src/Rescue_Car_ws/install/visualization_msgs/include/visualization_msgs/visualization_msgs/msg/rosidl_generator_cpp__visibility_control.hpp
[1.029s] -- Up-to-date: /root/ros_ws/src/Rescue_Car_ws/install/visualization_msgs/include/visualization_msgs/visualization_msgs/msg/marker_array.hpp
[1.029s] -- Up-to-date: /root/ros_ws/src/Rescue_Car_ws/install/visualization_msgs/include/visualization_msgs/visualization_msgs/msg/menu_entry.hpp
[1.029s] -- Up-to-date: /root/ros_ws/src/Rescue_Car_ws/install/visualization_msgs/include/visualization_msgs/visualization_msgs/msg/interactive_marker_pose.hpp
[1.029s] -- Up-to-date: /root/ros_ws/src/Rescue_Car_ws/install/visualization_msgs/include/visualization_msgs/visualization_msgs/msg/detail
[1.029s] -- Up-to-date: /root/ros_ws/src/Rescue_Car_ws/install/visualization_msgs/include/visualization_msgs/visualization_msgs/msg/detail/marker__traits.hpp
[1.029s] -- Up-to-date: /root/ros_ws/src/Rescue_Car_ws/install/visualization_msgs/include/visualization_msgs/visualization_msgs/msg/detail/marker_array__builder.hpp
[1.029s] -- Up-to-date: /root/ros_ws/src/Rescue_Car_ws/install/visualization_msgs/include/visualization_msgs/visualization_msgs/msg/detail/marker__type_support.hpp
[1.029s] -- Up-to-date: /root/ros_ws/src/Rescue_Car_ws/install/visualization_msgs/include/visualization_msgs/visualization_msgs/msg/detail/interactive_marker_control__traits.hpp
[1.029s] -- Up-to-date: /root/ros_ws/src/Rescue_Car_ws/install/visualization_msgs/include/visualization_msgs/visualization_msgs/msg/detail/interactive_marker_update__builder.hpp
[1.029s] -- Up-to-date: /root/ros_ws/src/Rescue_Car_ws/install/visualization_msgs/include/visualization_msgs/visualization_msgs/msg/detail/uv_coordinate__struct.hpp
[1.029s] -- Up-to-date: /root/ros_ws/src/Rescue_Car_ws/install/visualization_msgs/include/visualization_msgs/visualization_msgs/msg/detail/interactive_marker__builder.hpp
[1.029s] -- Up-to-date: /root/ros_ws/src/Rescue_Car_ws/install/visualization_msgs/include/visualization_msgs/visualization_msgs/msg/detail/mesh_file__type_support.hpp
[1.029s] -- Up-to-date: /root/ros_ws/src/Rescue_Car_ws/install/visualization_msgs/include/visualization_msgs/visualization_msgs/msg/detail/menu_entry__type_support.hpp
[1.029s] -- Up-to-date: /root/ros_ws/src/Rescue_Car_ws/install/visualization_msgs/include/visualization_msgs/visualization_msgs/msg/detail/interactive_marker_control__builder.hpp
[1.029s] -- Up-to-date: /root/ros_ws/src/Rescue_Car_ws/install/visualization_msgs/include/visualization_msgs/visualization_msgs/msg/detail/interactive_marker_pose__traits.hpp
[1.029s] -- Up-to-date: /root/ros_ws/src/Rescue_Car_ws/install/visualization_msgs/include/visualization_msgs/visualization_msgs/msg/detail/interactive_marker_control__struct.hpp
[1.029s] -- Up-to-date: /root/ros_ws/src/Rescue_Car_ws/install/visualization_msgs/include/visualization_msgs/visualization_msgs/msg/detail/interactive_marker__type_support.hpp
[1.029s] -- Up-to-date: /root/ros_ws/src/Rescue_Car_ws/install/visualization_msgs/include/visualization_msgs/visualization_msgs/msg/detail/interactive_marker_pose__type_support.hpp
[1.029s] -- Up-to-date: /root/ros_ws/src/Rescue_Car_ws/install/visualization_msgs/include/visualization_msgs/visualization_msgs/msg/detail/interactive_marker__traits.hpp
[1.029s] -- Up-to-date: /root/ros_ws/src/Rescue_Car_ws/install/visualization_msgs/include/visualization_msgs/visualization_msgs/msg/detail/mesh_file__builder.hpp
[1.029s] -- Up-to-date: /root/ros_ws/src/Rescue_Car_ws/install/visualization_msgs/include/visualization_msgs/visualization_msgs/msg/detail/menu_entry__builder.hpp
[1.029s] -- Up-to-date: /root/ros_ws/src/Rescue_Car_ws/install/visualization_msgs/include/visualization_msgs/visualization_msgs/msg/detail/interactive_marker_init__type_support.hpp
[1.029s] -- Up-to-date: /root/ros_ws/src/Rescue_Car_ws/install/visualization_msgs/include/visualization_msgs/visualization_msgs/msg/detail/interactive_marker_update__traits.hpp
[1.029s] -- Up-to-date: /root/ros_ws/src/Rescue_Car_ws/install/visualization_msgs/include/visualization_msgs/visualization_msgs/msg/detail/marker__builder.hpp
[1.029s] -- Up-to-date: /root/ros_ws/src/Rescue_Car_ws/install/visualization_msgs/include/visualization_msgs/visualization_msgs/msg/detail/interactive_marker_pose__struct.hpp
[1.029s] -- Up-to-date: /root/ros_ws/src/Rescue_Car_ws/install/visualization_msgs/include/visualization_msgs/visualization_msgs/msg/detail/marker_array__struct.hpp
[1.029s] -- Up-to-date: /root/ros_ws/src/Rescue_Car_ws/install/visualization_msgs/include/visualization_msgs/visualization_msgs/msg/detail/interactive_marker_control__type_support.hpp
[1.029s] -- Up-to-date: /root/ros_ws/src/Rescue_Car_ws/install/visualization_msgs/include/visualization_msgs/visualization_msgs/msg/detail/interactive_marker_feedback__builder.hpp
[1.029s] -- Up-to-date: /root/ros_ws/src/Rescue_Car_ws/install/visualization_msgs/include/visualization_msgs/visualization_msgs/msg/detail/interactive_marker_init__traits.hpp
[1.029s] -- Up-to-date: /root/ros_ws/src/Rescue_Car_ws/install/visualization_msgs/include/visualization_msgs/visualization_msgs/msg/detail/image_marker__type_support.hpp
[1.029s] -- Up-to-date: /root/ros_ws/src/Rescue_Car_ws/install/visualization_msgs/include/visualization_msgs/visualization_msgs/msg/detail/interactive_marker_feedback__struct.hpp
[1.029s] -- Up-to-date: /root/ros_ws/src/Rescue_Car_ws/install/visualization_msgs/include/visualization_msgs/visualization_msgs/msg/detail/interactive_marker_feedback__type_support.hpp
[1.029s] -- Up-to-date: /root/ros_ws/src/Rescue_Car_ws/install/visualization_msgs/include/visualization_msgs/visualization_msgs/msg/detail/menu_entry__traits.hpp
[1.030s] -- Up-to-date: /root/ros_ws/src/Rescue_Car_ws/install/visualization_msgs/include/visualization_msgs/visualization_msgs/msg/detail/image_marker__struct.hpp
[1.030s] -- Up-to-date: /root/ros_ws/src/Rescue_Car_ws/install/visualization_msgs/include/visualization_msgs/visualization_msgs/msg/detail/interactive_marker_pose__builder.hpp
[1.030s] -- Up-to-date: /root/ros_ws/src/Rescue_Car_ws/install/visualization_msgs/include/visualization_msgs/visualization_msgs/msg/detail/marker_array__type_support.hpp
[1.030s] -- Up-to-date: /root/ros_ws/src/Rescue_Car_ws/install/visualization_msgs/include/visualization_msgs/visualization_msgs/msg/detail/image_marker__builder.hpp
[1.030s] -- Up-to-date: /root/ros_ws/src/Rescue_Car_ws/install/visualization_msgs/include/visualization_msgs/visualization_msgs/msg/detail/uv_coordinate__builder.hpp
[1.030s] -- Up-to-date: /root/ros_ws/src/Rescue_Car_ws/install/visualization_msgs/include/visualization_msgs/visualization_msgs/msg/detail/marker_array__traits.hpp
[1.030s] -- Up-to-date: /root/ros_ws/src/Rescue_Car_ws/install/visualization_msgs/include/visualization_msgs/visualization_msgs/msg/detail/menu_entry__struct.hpp
[1.030s] -- Up-to-date: /root/ros_ws/src/Rescue_Car_ws/install/visualization_msgs/include/visualization_msgs/visualization_msgs/msg/detail/interactive_marker_feedback__traits.hpp
[1.030s] -- Up-to-date: /root/ros_ws/src/Rescue_Car_ws/install/visualization_msgs/include/visualization_msgs/visualization_msgs/msg/detail/uv_coordinate__type_support.hpp
[1.030s] -- Up-to-date: /root/ros_ws/src/Rescue_Car_ws/install/visualization_msgs/include/visualization_msgs/visualization_msgs/msg/detail/interactive_marker_update__type_support.hpp
[1.030s] -- Up-to-date: /root/ros_ws/src/Rescue_Car_ws/install/visualization_msgs/include/visualization_msgs/visualization_msgs/msg/detail/uv_coordinate__traits.hpp
[1.030s] -- Up-to-date: /root/ros_ws/src/Rescue_Car_ws/install/visualization_msgs/include/visualization_msgs/visualization_msgs/msg/detail/interactive_marker_update__struct.hpp
[1.030s] -- Up-to-date: /root/ros_ws/src/Rescue_Car_ws/install/visualization_msgs/include/visualization_msgs/visualization_msgs/msg/detail/interactive_marker__struct.hpp
[1.030s] -- Up-to-date: /root/ros_ws/src/Rescue_Car_ws/install/visualization_msgs/include/visualization_msgs/visualization_msgs/msg/detail/interactive_marker_init__builder.hpp
[1.030s] -- Up-to-date: /root/ros_ws/src/Rescue_Car_ws/install/visualization_msgs/include/visualization_msgs/visualization_msgs/msg/detail/interactive_marker_init__struct.hpp
[1.030s] -- Up-to-date: /root/ros_ws/src/Rescue_Car_ws/install/visualization_msgs/include/visualization_msgs/visualization_msgs/msg/detail/marker__struct.hpp
[1.030s] -- Up-to-date: /root/ros_ws/src/Rescue_Car_ws/install/visualization_msgs/include/visualization_msgs/visualization_msgs/msg/detail/image_marker__traits.hpp
[1.030s] -- Up-to-date: /root/ros_ws/src/Rescue_Car_ws/install/visualization_msgs/include/visualization_msgs/visualization_msgs/msg/detail/mesh_file__struct.hpp
[1.030s] -- Up-to-date: /root/ros_ws/src/Rescue_Car_ws/install/visualization_msgs/include/visualization_msgs/visualization_msgs/msg/detail/mesh_file__traits.hpp
[1.030s] -- Up-to-date: /root/ros_ws/src/Rescue_Car_ws/install/visualization_msgs/include/visualization_msgs/visualization_msgs/msg/interactive_marker_control.hpp
[1.030s] -- Up-to-date: /root/ros_ws/src/Rescue_Car_ws/install/visualization_msgs/include/visualization_msgs/visualization_msgs/msg/mesh_file.hpp
[1.030s] -- Up-to-date: /root/ros_ws/src/Rescue_Car_ws/install/visualization_msgs/include/visualization_msgs/visualization_msgs/msg/interactive_marker_feedback.hpp
[1.030s] -- Up-to-date: /root/ros_ws/src/Rescue_Car_ws/install/visualization_msgs/include/visualization_msgs/visualization_msgs/msg/interactive_marker_update.hpp
[1.030s] -- Up-to-date: /root/ros_ws/src/Rescue_Car_ws/install/visualization_msgs/include/visualization_msgs/visualization_msgs/msg/interactive_marker_init.hpp
[1.030s] -- Up-to-date: /root/ros_ws/src/Rescue_Car_ws/install/visualization_msgs/include/visualization_msgs/visualization_msgs/msg/uv_coordinate.hpp
[1.030s] -- Up-to-date: /root/ros_ws/src/Rescue_Car_ws/install/visualization_msgs/include/visualization_msgs/visualization_msgs/msg/interactive_marker.hpp
[1.030s] -- Up-to-date: /root/ros_ws/src/Rescue_Car_ws/install/visualization_msgs/include/visualization_msgs/visualization_msgs/msg/image_marker.hpp
[1.030s] -- Up-to-date: /root/ros_ws/src/Rescue_Car_ws/install/visualization_msgs/include/visualization_msgs/visualization_msgs
[1.030s] -- Up-to-date: /root/ros_ws/src/Rescue_Car_ws/install/visualization_msgs/include/visualization_msgs/visualization_msgs/srv
[1.030s] -- Up-to-date: /root/ros_ws/src/Rescue_Car_ws/install/visualization_msgs/include/visualization_msgs/visualization_msgs/srv/detail
[1.030s] -- Up-to-date: /root/ros_ws/src/Rescue_Car_ws/install/visualization_msgs/include/visualization_msgs/visualization_msgs/srv/detail/dds_fastrtps
[1.030s] -- Up-to-date: /root/ros_ws/src/Rescue_Car_ws/install/visualization_msgs/include/visualization_msgs/visualization_msgs/srv/detail/get_interactive_markers__rosidl_typesupport_fastrtps_cpp.hpp
[1.030s] -- Up-to-date: /root/ros_ws/src/Rescue_Car_ws/install/visualization_msgs/include/visualization_msgs/visualization_msgs/msg
[1.030s] -- Up-to-date: /root/ros_ws/src/Rescue_Car_ws/install/visualization_msgs/include/visualization_msgs/visualization_msgs/msg/rosidl_typesupport_fastrtps_cpp__visibility_control.h
[1.030s] -- Up-to-date: /root/ros_ws/src/Rescue_Car_ws/install/visualization_msgs/include/visualization_msgs/visualization_msgs/msg/detail
[1.030s] -- Up-to-date: /root/ros_ws/src/Rescue_Car_ws/install/visualization_msgs/include/visualization_msgs/visualization_msgs/msg/detail/marker__rosidl_typesupport_fastrtps_cpp.hpp
[1.030s] -- Up-to-date: /root/ros_ws/src/Rescue_Car_ws/install/visualization_msgs/include/visualization_msgs/visualization_msgs/msg/detail/marker_array__rosidl_typesupport_fastrtps_cpp.hpp
[1.031s] -- Up-to-date: /root/ros_ws/src/Rescue_Car_ws/install/visualization_msgs/include/visualization_msgs/visualization_msgs/msg/detail/interactive_marker_control__rosidl_typesupport_fastrtps_cpp.hpp
[1.031s] -- Up-to-date: /root/ros_ws/src/Rescue_Car_ws/install/visualization_msgs/include/visualization_msgs/visualization_msgs/msg/detail/dds_fastrtps
[1.031s] -- Up-to-date: /root/ros_ws/src/Rescue_Car_ws/install/visualization_msgs/include/visualization_msgs/visualization_msgs/msg/detail/uv_coordinate__rosidl_typesupport_fastrtps_cpp.hpp
[1.031s] -- Up-to-date: /root/ros_ws/src/Rescue_Car_ws/install/visualization_msgs/include/visualization_msgs/visualization_msgs/msg/detail/interactive_marker_init__rosidl_typesupport_fastrtps_cpp.hpp
[1.031s] -- Up-to-date: /root/ros_ws/src/Rescue_Car_ws/install/visualization_msgs/include/visualization_msgs/visualization_msgs/msg/detail/interactive_marker_feedback__rosidl_typesupport_fastrtps_cpp.hpp
[1.031s] -- Up-to-date: /root/ros_ws/src/Rescue_Car_ws/install/visualization_msgs/include/visualization_msgs/visualization_msgs/msg/detail/menu_entry__rosidl_typesupport_fastrtps_cpp.hpp
[1.031s] -- Up-to-date: /root/ros_ws/src/Rescue_Car_ws/install/visualization_msgs/include/visualization_msgs/visualization_msgs/msg/detail/image_marker__rosidl_typesupport_fastrtps_cpp.hpp
[1.031s] -- Up-to-date: /root/ros_ws/src/Rescue_Car_ws/install/visualization_msgs/include/visualization_msgs/visualization_msgs/msg/detail/interactive_marker_update__rosidl_typesupport_fastrtps_cpp.hpp
[1.031s] -- Up-to-date: /root/ros_ws/src/Rescue_Car_ws/install/visualization_msgs/include/visualization_msgs/visualization_msgs/msg/detail/mesh_file__rosidl_typesupport_fastrtps_cpp.hpp
[1.031s] -- Up-to-date: /root/ros_ws/src/Rescue_Car_ws/install/visualization_msgs/include/visualization_msgs/visualization_msgs/msg/detail/interactive_marker_pose__rosidl_typesupport_fastrtps_cpp.hpp
[1.031s] -- Up-to-date: /root/ros_ws/src/Rescue_Car_ws/install/visualization_msgs/include/visualization_msgs/visualization_msgs/msg/detail/interactive_marker__rosidl_typesupport_fastrtps_cpp.hpp
[1.031s] -- Up-to-date: /root/ros_ws/src/Rescue_Car_ws/install/visualization_msgs/lib/libvisualization_msgs__rosidl_typesupport_fastrtps_cpp.so
[1.031s] -- Up-to-date: /root/ros_ws/src/Rescue_Car_ws/install/visualization_msgs/include/visualization_msgs/visualization_msgs
[1.031s] -- Up-to-date: /root/ros_ws/src/Rescue_Car_ws/install/visualization_msgs/include/visualization_msgs/visualization_msgs/srv
[1.031s] -- Up-to-date: /root/ros_ws/src/Rescue_Car_ws/install/visualization_msgs/include/visualization_msgs/visualization_msgs/srv/detail
[1.031s] -- Up-to-date: /root/ros_ws/src/Rescue_Car_ws/install/visualization_msgs/include/visualization_msgs/visualization_msgs/srv/detail/get_interactive_markers__type_support.c
[1.031s] -- Up-to-date: /root/ros_ws/src/Rescue_Car_ws/install/visualization_msgs/include/visualization_msgs/visualization_msgs/srv/detail/get_interactive_markers__rosidl_typesupport_introspection_c.h
[1.031s] -- Up-to-date: /root/ros_ws/src/Rescue_Car_ws/install/visualization_msgs/include/visualization_msgs/visualization_msgs/msg
[1.031s] -- Up-to-date: /root/ros_ws/src/Rescue_Car_ws/install/visualization_msgs/include/visualization_msgs/visualization_msgs/msg/rosidl_typesupport_introspection_c__visibility_control.h
[1.031s] -- Up-to-date: /root/ros_ws/src/Rescue_Car_ws/install/visualization_msgs/include/visualization_msgs/visualization_msgs/msg/detail
[1.031s] -- Up-to-date: /root/ros_ws/src/Rescue_Car_ws/install/visualization_msgs/include/visualization_msgs/visualization_msgs/msg/detail/interactive_marker_init__type_support.c
[1.031s] -- Up-to-date: /root/ros_ws/src/Rescue_Car_ws/install/visualization_msgs/include/visualization_msgs/visualization_msgs/msg/detail/interactive_marker_init__rosidl_typesupport_introspection_c.h
[1.031s] -- Up-to-date: /root/ros_ws/src/Rescue_Car_ws/install/visualization_msgs/include/visualization_msgs/visualization_msgs/msg/detail/menu_entry__type_support.c
[1.031s] -- Up-to-date: /root/ros_ws/src/Rescue_Car_ws/install/visualization_msgs/include/visualization_msgs/visualization_msgs/msg/detail/marker__type_support.c
[1.031s] -- Up-to-date: /root/ros_ws/src/Rescue_Car_ws/install/visualization_msgs/include/visualization_msgs/visualization_msgs/msg/detail/interactive_marker_update__type_support.c
[1.031s] -- Up-to-date: /root/ros_ws/src/Rescue_Car_ws/install/visualization_msgs/include/visualization_msgs/visualization_msgs/msg/detail/interactive_marker_feedback__type_support.c
[1.031s] -- Up-to-date: /root/ros_ws/src/Rescue_Car_ws/install/visualization_msgs/include/visualization_msgs/visualization_msgs/msg/detail/image_marker__rosidl_typesupport_introspection_c.h
[1.031s] -- Up-to-date: /root/ros_ws/src/Rescue_Car_ws/install/visualization_msgs/include/visualization_msgs/visualization_msgs/msg/detail/mesh_file__type_support.c
[1.031s] -- Up-to-date: /root/ros_ws/src/Rescue_Car_ws/install/visualization_msgs/include/visualization_msgs/visualization_msgs/msg/detail/interactive_marker__rosidl_typesupport_introspection_c.h
[1.032s] -- Up-to-date: /root/ros_ws/src/Rescue_Car_ws/install/visualization_msgs/include/visualization_msgs/visualization_msgs/msg/detail/marker_array__type_support.c
[1.032s] -- Up-to-date: /root/ros_ws/src/Rescue_Car_ws/install/visualization_msgs/include/visualization_msgs/visualization_msgs/msg/detail/interactive_marker_control__rosidl_typesupport_introspection_c.h
[1.032s] -- Up-to-date: /root/ros_ws/src/Rescue_Car_ws/install/visualization_msgs/include/visualization_msgs/visualization_msgs/msg/detail/interactive_marker_control__type_support.c
[1.032s] -- Up-to-date: /root/ros_ws/src/Rescue_Car_ws/install/visualization_msgs/include/visualization_msgs/visualization_msgs/msg/detail/mesh_file__rosidl_typesupport_introspection_c.h
[1.032s] -- Up-to-date: /root/ros_ws/src/Rescue_Car_ws/install/visualization_msgs/include/visualization_msgs/visualization_msgs/msg/detail/uv_coordinate__rosidl_typesupport_introspection_c.h
[1.032s] -- Up-to-date: /root/ros_ws/src/Rescue_Car_ws/install/visualization_msgs/include/visualization_msgs/visualization_msgs/msg/detail/image_marker__type_support.c
[1.032s] -- Up-to-date: /root/ros_ws/src/Rescue_Car_ws/install/visualization_msgs/include/visualization_msgs/visualization_msgs/msg/detail/uv_coordinate__type_support.c
[1.032s] -- Up-to-date: /root/ros_ws/src/Rescue_Car_ws/install/visualization_msgs/include/visualization_msgs/visualization_msgs/msg/detail/interactive_marker_update__rosidl_typesupport_introspection_c.h
[1.032s] -- Up-to-date: /root/ros_ws/src/Rescue_Car_ws/install/visualization_msgs/include/visualization_msgs/visualization_msgs/msg/detail/menu_entry__rosidl_typesupport_introspection_c.h
[1.032s] -- Up-to-date: /root/ros_ws/src/Rescue_Car_ws/install/visualization_msgs/include/visualization_msgs/visualization_msgs/msg/detail/interactive_marker_pose__rosidl_typesupport_introspection_c.h
[1.032s] -- Up-to-date: /root/ros_ws/src/Rescue_Car_ws/install/visualization_msgs/include/visualization_msgs/visualization_msgs/msg/detail/interactive_marker_pose__type_support.c
[1.032s] -- Up-to-date: /root/ros_ws/src/Rescue_Car_ws/install/visualization_msgs/include/visualization_msgs/visualization_msgs/msg/detail/interactive_marker__type_support.c
[1.032s] -- Up-to-date: /root/ros_ws/src/Rescue_Car_ws/install/visualization_msgs/include/visualization_msgs/visualization_msgs/msg/detail/marker_array__rosidl_typesupport_introspection_c.h
[1.032s] -- Up-to-date: /root/ros_ws/src/Rescue_Car_ws/install/visualization_msgs/include/visualization_msgs/visualization_msgs/msg/detail/marker__rosidl_typesupport_introspection_c.h
[1.032s] -- Up-to-date: /root/ros_ws/src/Rescue_Car_ws/install/visualization_msgs/include/visualization_msgs/visualization_msgs/msg/detail/interactive_marker_feedback__rosidl_typesupport_introspection_c.h
[1.032s] -- Up-to-date: /root/ros_ws/src/Rescue_Car_ws/install/visualization_msgs/lib/libvisualization_msgs__rosidl_typesupport_introspection_c.so
[1.032s] -- Up-to-date: /root/ros_ws/src/Rescue_Car_ws/install/visualization_msgs/lib/libvisualization_msgs__rosidl_typesupport_c.so
[1.032s] -- Up-to-date: /root/ros_ws/src/Rescue_Car_ws/install/visualization_msgs/include/visualization_msgs/visualization_msgs
[1.033s] -- Up-to-date: /root/ros_ws/src/Rescue_Car_ws/install/visualization_msgs/include/visualization_msgs/visualization_msgs/srv
[1.033s] -- Up-to-date: /root/ros_ws/src/Rescue_Car_ws/install/visualization_msgs/include/visualization_msgs/visualization_msgs/srv/detail
[1.033s] -- Up-to-date: /root/ros_ws/src/Rescue_Car_ws/install/visualization_msgs/include/visualization_msgs/visualization_msgs/srv/detail/get_interactive_markers__type_support.cpp
[1.033s] -- Up-to-date: /root/ros_ws/src/Rescue_Car_ws/install/visualization_msgs/include/visualization_msgs/visualization_msgs/srv/detail/get_interactive_markers__rosidl_typesupport_introspection_cpp.hpp
[1.033s] -- Up-to-date: /root/ros_ws/src/Rescue_Car_ws/install/visualization_msgs/include/visualization_msgs/visualization_msgs/msg
[1.033s] -- Up-to-date: /root/ros_ws/src/Rescue_Car_ws/install/visualization_msgs/include/visualization_msgs/visualization_msgs/msg/detail
[1.033s] -- Up-to-date: /root/ros_ws/src/Rescue_Car_ws/install/visualization_msgs/include/visualization_msgs/visualization_msgs/msg/detail/interactive_marker_control__rosidl_typesupport_introspection_cpp.hpp
[1.033s] -- Up-to-date: /root/ros_ws/src/Rescue_Car_ws/install/visualization_msgs/include/visualization_msgs/visualization_msgs/msg/detail/interactive_marker_update__rosidl_typesupport_introspection_cpp.hpp
[1.033s] -- Up-to-date: /root/ros_ws/src/Rescue_Car_ws/install/visualization_msgs/include/visualization_msgs/visualization_msgs/msg/detail/marker_array__type_support.cpp
[1.033s] -- Up-to-date: /root/ros_ws/src/Rescue_Car_ws/install/visualization_msgs/include/visualization_msgs/visualization_msgs/msg/detail/interactive_marker__rosidl_typesupport_introspection_cpp.hpp
[1.033s] -- Up-to-date: /root/ros_ws/src/Rescue_Car_ws/install/visualization_msgs/include/visualization_msgs/visualization_msgs/msg/detail/image_marker__type_support.cpp
[1.033s] -- Up-to-date: /root/ros_ws/src/Rescue_Car_ws/install/visualization_msgs/include/visualization_msgs/visualization_msgs/msg/detail/menu_entry__rosidl_typesupport_introspection_cpp.hpp
[1.033s] -- Up-to-date: /root/ros_ws/src/Rescue_Car_ws/install/visualization_msgs/include/visualization_msgs/visualization_msgs/msg/detail/marker__type_support.cpp
[1.033s] -- Up-to-date: /root/ros_ws/src/Rescue_Car_ws/install/visualization_msgs/include/visualization_msgs/visualization_msgs/msg/detail/interactive_marker_pose__rosidl_typesupport_introspection_cpp.hpp
[1.033s] -- Up-to-date: /root/ros_ws/src/Rescue_Car_ws/install/visualization_msgs/include/visualization_msgs/visualization_msgs/msg/detail/interactive_marker_pose__type_support.cpp
[1.033s] -- Up-to-date: /root/ros_ws/src/Rescue_Car_ws/install/visualization_msgs/include/visualization_msgs/visualization_msgs/msg/detail/marker_array__rosidl_typesupport_introspection_cpp.hpp
[1.033s] -- Up-to-date: /root/ros_ws/src/Rescue_Car_ws/install/visualization_msgs/include/visualization_msgs/visualization_msgs/msg/detail/interactive_marker_feedback__rosidl_typesupport_introspection_cpp.hpp
[1.034s] -- Up-to-date: /root/ros_ws/src/Rescue_Car_ws/install/visualization_msgs/include/visualization_msgs/visualization_msgs/msg/detail/interactive_marker_feedback__type_support.cpp
[1.034s] -- Up-to-date: /root/ros_ws/src/Rescue_Car_ws/install/visualization_msgs/include/visualization_msgs/visualization_msgs/msg/detail/interactive_marker_init__type_support.cpp
[1.034s] -- Up-to-date: /root/ros_ws/src/Rescue_Car_ws/install/visualization_msgs/include/visualization_msgs/visualization_msgs/msg/detail/interactive_marker_init__rosidl_typesupport_introspection_cpp.hpp
[1.034s] -- Up-to-date: /root/ros_ws/src/Rescue_Car_ws/install/visualization_msgs/include/visualization_msgs/visualization_msgs/msg/detail/mesh_file__type_support.cpp
[1.034s] -- Up-to-date: /root/ros_ws/src/Rescue_Car_ws/install/visualization_msgs/include/visualization_msgs/visualization_msgs/msg/detail/image_marker__rosidl_typesupport_introspection_cpp.hpp
[1.034s] -- Up-to-date: /root/ros_ws/src/Rescue_Car_ws/install/visualization_msgs/include/visualization_msgs/visualization_msgs/msg/detail/uv_coordinate__type_support.cpp
[1.034s] -- Up-to-date: /root/ros_ws/src/Rescue_Car_ws/install/visualization_msgs/include/visualization_msgs/visualization_msgs/msg/detail/mesh_file__rosidl_typesupport_introspection_cpp.hpp
[1.034s] -- Up-to-date: /root/ros_ws/src/Rescue_Car_ws/install/visualization_msgs/include/visualization_msgs/visualization_msgs/msg/detail/interactive_marker_update__type_support.cpp
[1.034s] -- Up-to-date: /root/ros_ws/src/Rescue_Car_ws/install/visualization_msgs/include/visualization_msgs/visualization_msgs/msg/detail/uv_coordinate__rosidl_typesupport_introspection_cpp.hpp
[1.034s] -- Up-to-date: /root/ros_ws/src/Rescue_Car_ws/install/visualization_msgs/include/visualization_msgs/visualization_msgs/msg/detail/menu_entry__type_support.cpp
[1.034s] -- Up-to-date: /root/ros_ws/src/Rescue_Car_ws/install/visualization_msgs/include/visualization_msgs/visualization_msgs/msg/detail/marker__rosidl_typesupport_introspection_cpp.hpp
[1.034s] -- Up-to-date: /root/ros_ws/src/Rescue_Car_ws/install/visualization_msgs/include/visualization_msgs/visualization_msgs/msg/detail/interactive_marker_control__type_support.cpp
[1.034s] -- Up-to-date: /root/ros_ws/src/Rescue_Car_ws/install/visualization_msgs/include/visualization_msgs/visualization_msgs/msg/detail/interactive_marker__type_support.cpp
[1.034s] -- Up-to-date: /root/ros_ws/src/Rescue_Car_ws/install/visualization_msgs/lib/libvisualization_msgs__rosidl_typesupport_introspection_cpp.so
[1.034s] -- Up-to-date: /root/ros_ws/src/Rescue_Car_ws/install/visualization_msgs/lib/libvisualization_msgs__rosidl_typesupport_cpp.so
[1.034s] -- Up-to-date: /root/ros_ws/src/Rescue_Car_ws/install/visualization_msgs/share/visualization_msgs/environment/pythonpath.sh
[1.034s] -- Up-to-date: /root/ros_ws/src/Rescue_Car_ws/install/visualization_msgs/share/visualization_msgs/environment/pythonpath.dsv
[1.034s] -- Up-to-date: /root/ros_ws/src/Rescue_Car_ws/install/visualization_msgs/local/lib/python3.10/dist-packages/visualization_msgs-4.9.0-py3.10.egg-info
[1.035s] -- Installing: /root/ros_ws/src/Rescue_Car_ws/install/visualization_msgs/local/lib/python3.10/dist-packages/visualization_msgs-4.9.0-py3.10.egg-info/dependency_links.txt
[1.035s] -- Installing: /root/ros_ws/src/Rescue_Car_ws/install/visualization_msgs/local/lib/python3.10/dist-packages/visualization_msgs-4.9.0-py3.10.egg-info/SOURCES.txt
[1.035s] -- Installing: /root/ros_ws/src/Rescue_Car_ws/install/visualization_msgs/local/lib/python3.10/dist-packages/visualization_msgs-4.9.0-py3.10.egg-info/PKG-INFO
[1.035s] -- Installing: /root/ros_ws/src/Rescue_Car_ws/install/visualization_msgs/local/lib/python3.10/dist-packages/visualization_msgs-4.9.0-py3.10.egg-info/top_level.txt
[1.035s] -- Up-to-date: /root/ros_ws/src/Rescue_Car_ws/install/visualization_msgs/local/lib/python3.10/dist-packages/visualization_msgs
[1.035s] -- Up-to-date: /root/ros_ws/src/Rescue_Car_ws/install/visualization_msgs/local/lib/python3.10/dist-packages/visualization_msgs/_visualization_msgs_s.ep.rosidl_typesupport_c.c
[1.035s] -- Up-to-date: /root/ros_ws/src/Rescue_Car_ws/install/visualization_msgs/local/lib/python3.10/dist-packages/visualization_msgs/_visualization_msgs_s.ep.rosidl_typesupport_fastrtps_c.c
[1.035s] -- Up-to-date: /root/ros_ws/src/Rescue_Car_ws/install/visualization_msgs/local/lib/python3.10/dist-packages/visualization_msgs/visualization_msgs_s__rosidl_typesupport_introspection_c.cpython-310-x86_64-linux-gnu.so
[1.035s] -- Up-to-date: /root/ros_ws/src/Rescue_Car_ws/install/visualization_msgs/local/lib/python3.10/dist-packages/visualization_msgs/visualization_msgs_s__rosidl_typesupport_fastrtps_c.cpython-310-x86_64-linux-gnu.so
[1.035s] -- Up-to-date: /root/ros_ws/src/Rescue_Car_ws/install/visualization_msgs/local/lib/python3.10/dist-packages/visualization_msgs/srv
[1.035s] -- Up-to-date: /root/ros_ws/src/Rescue_Car_ws/install/visualization_msgs/local/lib/python3.10/dist-packages/visualization_msgs/srv/_get_interactive_markers.py
[1.035s] -- Up-to-date: /root/ros_ws/src/Rescue_Car_ws/install/visualization_msgs/local/lib/python3.10/dist-packages/visualization_msgs/srv/_get_interactive_markers_s.c
[1.035s] -- Up-to-date: /root/ros_ws/src/Rescue_Car_ws/install/visualization_msgs/local/lib/python3.10/dist-packages/visualization_msgs/srv/__init__.py
[1.035s] -- Up-to-date: /root/ros_ws/src/Rescue_Car_ws/install/visualization_msgs/local/lib/python3.10/dist-packages/visualization_msgs/visualization_msgs_s__rosidl_typesupport_c.cpython-310-x86_64-linux-gnu.so
[1.035s] -- Up-to-date: /root/ros_ws/src/Rescue_Car_ws/install/visualization_msgs/local/lib/python3.10/dist-packages/visualization_msgs/__init__.py
[1.035s] -- Up-to-date: /root/ros_ws/src/Rescue_Car_ws/install/visualization_msgs/local/lib/python3.10/dist-packages/visualization_msgs/msg
[1.036s] -- Up-to-date: /root/ros_ws/src/Rescue_Car_ws/install/visualization_msgs/local/lib/python3.10/dist-packages/visualization_msgs/msg/_interactive_marker_pose_s.c
[1.036s] -- Up-to-date: /root/ros_ws/src/Rescue_Car_ws/install/visualization_msgs/local/lib/python3.10/dist-packages/visualization_msgs/msg/_mesh_file_s.c
[1.036s] -- Up-to-date: /root/ros_ws/src/Rescue_Car_ws/install/visualization_msgs/local/lib/python3.10/dist-packages/visualization_msgs/msg/_interactive_marker.py
[1.036s] -- Up-to-date: /root/ros_ws/src/Rescue_Car_ws/install/visualization_msgs/local/lib/python3.10/dist-packages/visualization_msgs/msg/_interactive_marker_init_s.c
[1.036s] -- Up-to-date: /root/ros_ws/src/Rescue_Car_ws/install/visualization_msgs/local/lib/python3.10/dist-packages/visualization_msgs/msg/_image_marker_s.c
[1.036s] -- Up-to-date: /root/ros_ws/src/Rescue_Car_ws/install/visualization_msgs/local/lib/python3.10/dist-packages/visualization_msgs/msg/_interactive_marker_update_s.c
[1.036s] -- Up-to-date: /root/ros_ws/src/Rescue_Car_ws/install/visualization_msgs/local/lib/python3.10/dist-packages/visualization_msgs/msg/_marker.py
[1.036s] -- Up-to-date: /root/ros_ws/src/Rescue_Car_ws/install/visualization_msgs/local/lib/python3.10/dist-packages/visualization_msgs/msg/_interactive_marker_feedback.py
[1.036s] -- Up-to-date: /root/ros_ws/src/Rescue_Car_ws/install/visualization_msgs/local/lib/python3.10/dist-packages/visualization_msgs/msg/_uv_coordinate_s.c
[1.036s] -- Up-to-date: /root/ros_ws/src/Rescue_Car_ws/install/visualization_msgs/local/lib/python3.10/dist-packages/visualization_msgs/msg/_interactive_marker_init.py
[1.036s] -- Up-to-date: /root/ros_ws/src/Rescue_Car_ws/install/visualization_msgs/local/lib/python3.10/dist-packages/visualization_msgs/msg/_interactive_marker_pose.py
[1.036s] -- Up-to-date: /root/ros_ws/src/Rescue_Car_ws/install/visualization_msgs/local/lib/python3.10/dist-packages/visualization_msgs/msg/_menu_entry.py
[1.036s] -- Up-to-date: /root/ros_ws/src/Rescue_Car_ws/install/visualization_msgs/local/lib/python3.10/dist-packages/visualization_msgs/msg/_interactive_marker_s.c
[1.036s] -- Up-to-date: /root/ros_ws/src/Rescue_Car_ws/install/visualization_msgs/local/lib/python3.10/dist-packages/visualization_msgs/msg/_menu_entry_s.c
[1.036s] -- Up-to-date: /root/ros_ws/src/Rescue_Car_ws/install/visualization_msgs/local/lib/python3.10/dist-packages/visualization_msgs/msg/_marker_array.py
[1.036s] -- Up-to-date: /root/ros_ws/src/Rescue_Car_ws/install/visualization_msgs/local/lib/python3.10/dist-packages/visualization_msgs/msg/_interactive_marker_update.py
[1.036s] -- Up-to-date: /root/ros_ws/src/Rescue_Car_ws/install/visualization_msgs/local/lib/python3.10/dist-packages/visualization_msgs/msg/_mesh_file.py
[1.036s] -- Up-to-date: /root/ros_ws/src/Rescue_Car_ws/install/visualization_msgs/local/lib/python3.10/dist-packages/visualization_msgs/msg/_interactive_marker_control_s.c
[1.037s] -- Up-to-date: /root/ros_ws/src/Rescue_Car_ws/install/visualization_msgs/local/lib/python3.10/dist-packages/visualization_msgs/msg/__init__.py
[1.037s] -- Up-to-date: /root/ros_ws/src/Rescue_Car_ws/install/visualization_msgs/local/lib/python3.10/dist-packages/visualization_msgs/msg/_interactive_marker_feedback_s.c
[1.037s] -- Up-to-date: /root/ros_ws/src/Rescue_Car_ws/install/visualization_msgs/local/lib/python3.10/dist-packages/visualization_msgs/msg/_image_marker.py
[1.037s] -- Up-to-date: /root/ros_ws/src/Rescue_Car_ws/install/visualization_msgs/local/lib/python3.10/dist-packages/visualization_msgs/msg/_uv_coordinate.py
[1.037s] -- Up-to-date: /root/ros_ws/src/Rescue_Car_ws/install/visualization_msgs/local/lib/python3.10/dist-packages/visualization_msgs/msg/_marker_array_s.c
[1.037s] -- Up-to-date: /root/ros_ws/src/Rescue_Car_ws/install/visualization_msgs/local/lib/python3.10/dist-packages/visualization_msgs/msg/_marker_s.c
[1.037s] -- Up-to-date: /root/ros_ws/src/Rescue_Car_ws/install/visualization_msgs/local/lib/python3.10/dist-packages/visualization_msgs/msg/_interactive_marker_control.py
[1.037s] -- Up-to-date: /root/ros_ws/src/Rescue_Car_ws/install/visualization_msgs/local/lib/python3.10/dist-packages/visualization_msgs/_visualization_msgs_s.ep.rosidl_typesupport_introspection_c.c
[1.037s] -- Up-to-date: /root/ros_ws/src/Rescue_Car_ws/install/visualization_msgs/local/lib/python3.10/dist-packages/visualization_msgs/libvisualization_msgs__rosidl_generator_py.so
[1.057s] Listing '/root/ros_ws/src/Rescue_Car_ws/install/visualization_msgs/local/lib/python3.10/dist-packages/visualization_msgs'...
[1.057s] Listing '/root/ros_ws/src/Rescue_Car_ws/install/visualization_msgs/local/lib/python3.10/dist-packages/visualization_msgs/msg'...
[1.057s] Listing '/root/ros_ws/src/Rescue_Car_ws/install/visualization_msgs/local/lib/python3.10/dist-packages/visualization_msgs/srv'...
[1.062s] -- Up-to-date: /root/ros_ws/src/Rescue_Car_ws/install/visualization_msgs/local/lib/python3.10/dist-packages/visualization_msgs/visualization_msgs_s__rosidl_typesupport_fastrtps_c.cpython-310-x86_64-linux-gnu.so
[1.062s] -- Up-to-date: /root/ros_ws/src/Rescue_Car_ws/install/visualization_msgs/local/lib/python3.10/dist-packages/visualization_msgs/visualization_msgs_s__rosidl_typesupport_introspection_c.cpython-310-x86_64-linux-gnu.so
[1.062s] -- Up-to-date: /root/ros_ws/src/Rescue_Car_ws/install/visualization_msgs/local/lib/python3.10/dist-packages/visualization_msgs/visualization_msgs_s__rosidl_typesupport_c.cpython-310-x86_64-linux-gnu.so
[1.063s] -- Up-to-date: /root/ros_ws/src/Rescue_Car_ws/install/visualization_msgs/lib/libvisualization_msgs__rosidl_generator_py.so
[1.063s] -- Up-to-date: /root/ros_ws/src/Rescue_Car_ws/install/visualization_msgs/share/visualization_msgs/msg/ImageMarker.idl
[1.063s] -- Up-to-date: /root/ros_ws/src/Rescue_Car_ws/install/visualization_msgs/share/visualization_msgs/msg/InteractiveMarker.idl
[1.063s] -- Up-to-date: /root/ros_ws/src/Rescue_Car_ws/install/visualization_msgs/share/visualization_msgs/msg/InteractiveMarkerControl.idl
[1.064s] -- Up-to-date: /root/ros_ws/src/Rescue_Car_ws/install/visualization_msgs/share/visualization_msgs/msg/InteractiveMarkerFeedback.idl
[1.064s] -- Up-to-date: /root/ros_ws/src/Rescue_Car_ws/install/visualization_msgs/share/visualization_msgs/msg/InteractiveMarkerInit.idl
[1.064s] -- Up-to-date: /root/ros_ws/src/Rescue_Car_ws/install/visualization_msgs/share/visualization_msgs/msg/InteractiveMarkerPose.idl
[1.064s] -- Up-to-date: /root/ros_ws/src/Rescue_Car_ws/install/visualization_msgs/share/visualization_msgs/msg/InteractiveMarkerUpdate.idl
[1.064s] -- Up-to-date: /root/ros_ws/src/Rescue_Car_ws/install/visualization_msgs/share/visualization_msgs/msg/Marker.idl
[1.064s] -- Up-to-date: /root/ros_ws/src/Rescue_Car_ws/install/visualization_msgs/share/visualization_msgs/msg/MarkerArray.idl
[1.064s] -- Up-to-date: /root/ros_ws/src/Rescue_Car_ws/install/visualization_msgs/share/visualization_msgs/msg/MenuEntry.idl
[1.064s] -- Up-to-date: /root/ros_ws/src/Rescue_Car_ws/install/visualization_msgs/share/visualization_msgs/msg/MeshFile.idl
[1.064s] -- Up-to-date: /root/ros_ws/src/Rescue_Car_ws/install/visualization_msgs/share/visualization_msgs/msg/UVCoordinate.idl
[1.065s] -- Up-to-date: /root/ros_ws/src/Rescue_Car_ws/install/visualization_msgs/share/visualization_msgs/srv/GetInteractiveMarkers.idl
[1.065s] -- Up-to-date: /root/ros_ws/src/Rescue_Car_ws/install/visualization_msgs/share/visualization_msgs/msg/ImageMarker.msg
[1.065s] -- Up-to-date: /root/ros_ws/src/Rescue_Car_ws/install/visualization_msgs/share/visualization_msgs/msg/InteractiveMarker.msg
[1.065s] -- Up-to-date: /root/ros_ws/src/Rescue_Car_ws/install/visualization_msgs/share/visualization_msgs/msg/InteractiveMarkerControl.msg
[1.065s] -- Up-to-date: /root/ros_ws/src/Rescue_Car_ws/install/visualization_msgs/share/visualization_msgs/msg/InteractiveMarkerFeedback.msg
[1.066s] -- Up-to-date: /root/ros_ws/src/Rescue_Car_ws/install/visualization_msgs/share/visualization_msgs/msg/InteractiveMarkerInit.msg
[1.066s] -- Up-to-date: /root/ros_ws/src/Rescue_Car_ws/install/visualization_msgs/share/visualization_msgs/msg/InteractiveMarkerPose.msg
[1.066s] -- Up-to-date: /root/ros_ws/src/Rescue_Car_ws/install/visualization_msgs/share/visualization_msgs/msg/InteractiveMarkerUpdate.msg
[1.066s] -- Up-to-date: /root/ros_ws/src/Rescue_Car_ws/install/visualization_msgs/share/visualization_msgs/msg/Marker.msg
[1.067s] -- Up-to-date: /root/ros_ws/src/Rescue_Car_ws/install/visualization_msgs/share/visualization_msgs/msg/MarkerArray.msg
[1.067s] -- Up-to-date: /root/ros_ws/src/Rescue_Car_ws/install/visualization_msgs/share/visualization_msgs/msg/MenuEntry.msg
[1.067s] -- Up-to-date: /root/ros_ws/src/Rescue_Car_ws/install/visualization_msgs/share/visualization_msgs/msg/MeshFile.msg
[1.067s] -- Up-to-date: /root/ros_ws/src/Rescue_Car_ws/install/visualization_msgs/share/visualization_msgs/msg/UVCoordinate.msg
[1.068s] -- Up-to-date: /root/ros_ws/src/Rescue_Car_ws/install/visualization_msgs/share/visualization_msgs/srv/GetInteractiveMarkers.srv
[1.068s] -- Up-to-date: /root/ros_ws/src/Rescue_Car_ws/install/visualization_msgs/share/visualization_msgs/srv/GetInteractiveMarkers_Request.msg
[1.068s] -- Up-to-date: /root/ros_ws/src/Rescue_Car_ws/install/visualization_msgs/share/visualization_msgs/srv/GetInteractiveMarkers_Response.msg
[1.068s] -- Up-to-date: /root/ros_ws/src/Rescue_Car_ws/install/visualization_msgs/share/ament_index/resource_index/package_run_dependencies/visualization_msgs
[1.068s] -- Up-to-date: /root/ros_ws/src/Rescue_Car_ws/install/visualization_msgs/share/ament_index/resource_index/parent_prefix_path/visualization_msgs
[1.068s] -- Up-to-date: /root/ros_ws/src/Rescue_Car_ws/install/visualization_msgs/share/visualization_msgs/environment/ament_prefix_path.sh
[1.068s] -- Up-to-date: /root/ros_ws/src/Rescue_Car_ws/install/visualization_msgs/share/visualization_msgs/environment/ament_prefix_path.dsv
[1.069s] -- Up-to-date: /root/ros_ws/src/Rescue_Car_ws/install/visualization_msgs/share/visualization_msgs/environment/path.sh
[1.069s] -- Up-to-date: /root/ros_ws/src/Rescue_Car_ws/install/visualization_msgs/share/visualization_msgs/environment/path.dsv
[1.069s] -- Up-to-date: /root/ros_ws/src/Rescue_Car_ws/install/visualization_msgs/share/visualization_msgs/local_setup.bash
[1.069s] -- Up-to-date: /root/ros_ws/src/Rescue_Car_ws/install/visualization_msgs/share/visualization_msgs/local_setup.sh
[1.069s] -- Up-to-date: /root/ros_ws/src/Rescue_Car_ws/install/visualization_msgs/share/visualization_msgs/local_setup.zsh
[1.069s] -- Up-to-date: /root/ros_ws/src/Rescue_Car_ws/install/visualization_msgs/share/visualization_msgs/local_setup.dsv
[1.069s] -- Installing: /root/ros_ws/src/Rescue_Car_ws/install/visualization_msgs/share/visualization_msgs/package.dsv
[1.069s] -- Up-to-date: /root/ros_ws/src/Rescue_Car_ws/install/visualization_msgs/share/ament_index/resource_index/packages/visualization_msgs
[1.069s] -- Up-to-date: /root/ros_ws/src/Rescue_Car_ws/install/visualization_msgs/share/visualization_msgs/cmake/export_visualization_msgs__rosidl_generator_cExport.cmake
[1.069s] -- Up-to-date: /root/ros_ws/src/Rescue_Car_ws/install/visualization_msgs/share/visualization_msgs/cmake/export_visualization_msgs__rosidl_generator_cExport-noconfig.cmake
[1.069s] -- Up-to-date: /root/ros_ws/src/Rescue_Car_ws/install/visualization_msgs/share/visualization_msgs/cmake/export_visualization_msgs__rosidl_typesupport_fastrtps_cExport.cmake
[1.069s] -- Up-to-date: /root/ros_ws/src/Rescue_Car_ws/install/visualization_msgs/share/visualization_msgs/cmake/export_visualization_msgs__rosidl_typesupport_fastrtps_cExport-noconfig.cmake
[1.069s] -- Up-to-date: /root/ros_ws/src/Rescue_Car_ws/install/visualization_msgs/share/visualization_msgs/cmake/export_visualization_msgs__rosidl_generator_cppExport.cmake
[1.069s] -- Up-to-date: /root/ros_ws/src/Rescue_Car_ws/install/visualization_msgs/share/visualization_msgs/cmake/export_visualization_msgs__rosidl_typesupport_fastrtps_cppExport.cmake
[1.069s] -- Up-to-date: /root/ros_ws/src/Rescue_Car_ws/install/visualization_msgs/share/visualization_msgs/cmake/export_visualization_msgs__rosidl_typesupport_fastrtps_cppExport-noconfig.cmake
[1.069s] -- Up-to-date: /root/ros_ws/src/Rescue_Car_ws/install/visualization_msgs/share/visualization_msgs/cmake/visualization_msgs__rosidl_typesupport_introspection_cExport.cmake
[1.070s] -- Up-to-date: /root/ros_ws/src/Rescue_Car_ws/install/visualization_msgs/share/visualization_msgs/cmake/visualization_msgs__rosidl_typesupport_introspection_cExport-noconfig.cmake
[1.070s] -- Up-to-date: /root/ros_ws/src/Rescue_Car_ws/install/visualization_msgs/share/visualization_msgs/cmake/visualization_msgs__rosidl_typesupport_cExport.cmake
[1.070s] -- Up-to-date: /root/ros_ws/src/Rescue_Car_ws/install/visualization_msgs/share/visualization_msgs/cmake/visualization_msgs__rosidl_typesupport_cExport-noconfig.cmake
[1.070s] -- Up-to-date: /root/ros_ws/src/Rescue_Car_ws/install/visualization_msgs/share/visualization_msgs/cmake/visualization_msgs__rosidl_typesupport_introspection_cppExport.cmake
[1.070s] -- Up-to-date: /root/ros_ws/src/Rescue_Car_ws/install/visualization_msgs/share/visualization_msgs/cmake/visualization_msgs__rosidl_typesupport_introspection_cppExport-noconfig.cmake
[1.070s] -- Up-to-date: /root/ros_ws/src/Rescue_Car_ws/install/visualization_msgs/share/visualization_msgs/cmake/visualization_msgs__rosidl_typesupport_cppExport.cmake
[1.070s] -- Up-to-date: /root/ros_ws/src/Rescue_Car_ws/install/visualization_msgs/share/visualization_msgs/cmake/visualization_msgs__rosidl_typesupport_cppExport-noconfig.cmake
[1.070s] -- Up-to-date: /root/ros_ws/src/Rescue_Car_ws/install/visualization_msgs/share/visualization_msgs/cmake/export_visualization_msgs__rosidl_generator_pyExport.cmake
[1.070s] -- Up-to-date: /root/ros_ws/src/Rescue_Car_ws/install/visualization_msgs/share/visualization_msgs/cmake/export_visualization_msgs__rosidl_generator_pyExport-noconfig.cmake
[1.071s] -- Up-to-date: /root/ros_ws/src/Rescue_Car_ws/install/visualization_msgs/share/visualization_msgs/cmake/rosidl_cmake-extras.cmake
[1.071s] -- Up-to-date: /root/ros_ws/src/Rescue_Car_ws/install/visualization_msgs/share/visualization_msgs/cmake/ament_cmake_export_dependencies-extras.cmake
[1.072s] -- Up-to-date: /root/ros_ws/src/Rescue_Car_ws/install/visualization_msgs/share/visualization_msgs/cmake/ament_cmake_export_include_directories-extras.cmake
[1.072s] -- Up-to-date: /root/ros_ws/src/Rescue_Car_ws/install/visualization_msgs/share/visualization_msgs/cmake/ament_cmake_export_libraries-extras.cmake
[1.072s] -- Up-to-date: /root/ros_ws/src/Rescue_Car_ws/install/visualization_msgs/share/visualization_msgs/cmake/ament_cmake_export_targets-extras.cmake
[1.072s] -- Up-to-date: /root/ros_ws/src/Rescue_Car_ws/install/visualization_msgs/share/visualization_msgs/cmake/rosidl_cmake_export_typesupport_targets-extras.cmake
[1.073s] -- Up-to-date: /root/ros_ws/src/Rescue_Car_ws/install/visualization_msgs/share/visualization_msgs/cmake/rosidl_cmake_export_typesupport_libraries-extras.cmake
[1.074s] -- Up-to-date: /root/ros_ws/src/Rescue_Car_ws/install/visualization_msgs/share/visualization_msgs/cmake/visualization_msgsConfig.cmake
[1.074s] -- Up-to-date: /root/ros_ws/src/Rescue_Car_ws/install/visualization_msgs/share/visualization_msgs/cmake/visualization_msgsConfig-version.cmake
[1.074s] -- Up-to-date: /root/ros_ws/src/Rescue_Car_ws/install/visualization_msgs/share/visualization_msgs/package.xml
[1.074s] Invoked command in '/root/ros_ws/src/Rescue_Car_ws/build/visualization_msgs' returned '0': AMENT_PREFIX_PATH=/root/ros_ws/src/Rescue_Car_ws/install/sensor_msgs:/root/ros_ws/src/Rescue_Car_ws/install/geometry_msgs:/root/ros_ws/src/Rescue_Car_ws/install/std_msgs:/root/ros_ws/src/Rescue_Car_ws/install/builtin_interfaces:${AMENT_PREFIX_PATH} CMAKE_PREFIX_PATH=/root/ros_ws/src/Rescue_Car_ws/install/sensor_msgs:/root/ros_ws/src/Rescue_Car_ws/install/geometry_msgs:/root/ros_ws/src/Rescue_Car_ws/install/std_msgs:/root/ros_ws/src/Rescue_Car_ws/install/builtin_interfaces:/opt/ros/humble LD_LIBRARY_PATH=/root/ros_ws/src/Rescue_Car_ws/install/sensor_msgs/lib:/root/ros_ws/src/Rescue_Car_ws/install/geometry_msgs/lib:/root/ros_ws/src/Rescue_Car_ws/install/std_msgs/lib:/root/ros_ws/src/Rescue_Car_ws/install/builtin_interfaces/lib:${LD_LIBRARY_PATH} PYTHONPATH=/root/ros_ws/src/Rescue_Car_ws/install/sensor_msgs/local/lib/python3.10/dist-packages:/root/ros_ws/src/Rescue_Car_ws/install/geometry_msgs/local/lib/python3.10/dist-packages:/root/ros_ws/src/Rescue_Car_ws/install/std_msgs/local/lib/python3.10/dist-packages:/root/ros_ws/src/Rescue_Car_ws/install/builtin_interfaces/local/lib/python3.10/dist-packages:${PYTHONPATH} /usr/bin/cmake --install /root/ros_ws/src/Rescue_Car_ws/build/visualization_msgs
