[0.029s] Invoking command in '/root/ros_ws/src/Rescue_Car_ws/build/builtin_interfaces': CMAKE_PREFIX_PATH=/opt/ros/humble /usr/bin/cmake /root/ros_ws/src/Rescue_Car_ws/src/microros/src/ros2/rcl_interfaces/builtin_interfaces -DCMAKE_INSTALL_PREFIX=/root/ros_ws/src/Rescue_Car_ws/install/builtin_interfaces
[0.225s] -- The C compiler identification is GNU 11.4.0
[0.777s] -- The CXX compiler identification is GNU 11.4.0
[1.171s] -- Detecting C compiler ABI info
[1.273s] -- Detecting C compiler ABI info - done
[1.278s] -- Check for working C compiler: /usr/bin/cc - skipped
[1.279s] -- Detecting C compile features
[1.279s] -- Detecting C compile features - done
[1.280s] -- Detecting CXX compiler ABI info
[1.405s] -- Detecting CXX compiler ABI info - done
[1.411s] -- Check for working CXX compiler: /usr/bin/c++ - skipped
[1.411s] -- Detecting CXX compile features
[1.411s] -- Detecting CXX compile features - done
[1.413s] -- Found ament_cmake: 1.3.12 (/opt/ros/humble/share/ament_cmake/cmake)
[1.545s] -- Found Python3: /usr/bin/python3 (found version "3.10.12") found components: Interpreter 
[1.621s] -- Found rosidl_default_generators: 1.2.0 (/opt/ros/humble/share/rosidl_default_generators/cmake)
[1.623s] -- Using all available rosidl_typesupport_c: rosidl_typesupport_fastrtps_c;rosidl_typesupport_introspection_c
[1.626s] -- Found rosidl_adapter: 3.1.7 (/opt/ros/humble/share/rosidl_adapter/cmake)
[1.841s] -- Using all available rosidl_typesupport_cpp: rosidl_typesupport_fastrtps_cpp;rosidl_typesupport_introspection_cpp
[2.047s] -- Found ament_cmake_cppcheck: 0.12.14 (/opt/ros/humble/share/ament_cmake_cppcheck/cmake)
[2.048s] -- Found ament_cmake_cpplint: 0.12.14 (/opt/ros/humble/share/ament_cmake_cpplint/cmake)
[2.050s] -- Found ament_cmake_uncrustify: 0.12.14 (/opt/ros/humble/share/ament_cmake_uncrustify/cmake)
[2.051s] -- Found ament_cmake_ros: 0.10.0 (/opt/ros/humble/share/ament_cmake_ros/cmake)
[2.201s] -- Using all available rosidl_typesupport_c: rosidl_typesupport_fastrtps_c;rosidl_typesupport_introspection_c
[2.411s] -- Using all available rosidl_typesupport_cpp: rosidl_typesupport_fastrtps_cpp;rosidl_typesupport_introspection_cpp
[2.588s] -- Found PythonInterp: /usr/bin/python3 (found suitable version "3.10.12", minimum required is "3.6") 
[2.589s] -- Found python_cmake_module: 0.10.0 (/opt/ros/humble/share/python_cmake_module/cmake)
[2.969s] -- Found PythonLibs: /usr/lib/x86_64-linux-gnu/libpython3.10.so (found suitable version "3.10.12", minimum required is "3.5") 
[2.969s] -- Using PYTHON_EXECUTABLE: /usr/bin/python3
[2.969s] -- Using PYTHON_INCLUDE_DIRS: /usr/include/python3.10
[2.969s] -- Using PYTHON_LIBRARIES: /usr/lib/x86_64-linux-gnu/libpython3.10.so
[2.990s] -- Found PythonExtra: .so  
[3.061s] -- Found ament_cmake_flake8: 0.12.14 (/opt/ros/humble/share/ament_cmake_flake8/cmake)
[3.063s] -- Found ament_cmake_pep257: 0.12.14 (/opt/ros/humble/share/ament_cmake_pep257/cmake)
[3.075s] -- Configuring done
[3.118s] -- Generating done
[3.128s] -- Build files have been written to: /root/ros_ws/src/Rescue_Car_ws/build/builtin_interfaces
[3.138s] Invoked command in '/root/ros_ws/src/Rescue_Car_ws/build/builtin_interfaces' returned '0': CMAKE_PREFIX_PATH=/opt/ros/humble /usr/bin/cmake /root/ros_ws/src/Rescue_Car_ws/src/microros/src/ros2/rcl_interfaces/builtin_interfaces -DCMAKE_INSTALL_PREFIX=/root/ros_ws/src/Rescue_Car_ws/install/builtin_interfaces
[3.141s] Invoking command in '/root/ros_ws/src/Rescue_Car_ws/build/builtin_interfaces': CMAKE_PREFIX_PATH=/opt/ros/humble /usr/bin/cmake --build /root/ros_ws/src/Rescue_Car_ws/build/builtin_interfaces -- -j20 -l20
[3.180s] [  2%] [34m[1mGenerating C code for ROS interfaces[0m
[3.190s] [  5%] [34m[1mGenerating C++ code for ROS interfaces[0m
[3.204s] [  5%] Built target ament_cmake_python_copy_builtin_interfaces
[3.495s] running egg_info
[3.495s] creating builtin_interfaces.egg-info
[3.496s] writing builtin_interfaces.egg-info/PKG-INFO
[3.497s] writing dependency_links to builtin_interfaces.egg-info/dependency_links.txt
[3.497s] writing top-level names to builtin_interfaces.egg-info/top_level.txt
[3.497s] writing manifest file 'builtin_interfaces.egg-info/SOURCES.txt'
[3.500s] reading manifest file 'builtin_interfaces.egg-info/SOURCES.txt'
[3.501s] writing manifest file 'builtin_interfaces.egg-info/SOURCES.txt'
[3.540s] [  5%] Built target ament_cmake_python_build_builtin_interfaces_egg
[3.652s] [  5%] Built target builtin_interfaces__cpp
[3.671s] [  7%] [34m[1mGenerating C++ type support for eProsima Fast-RTPS[0m
[3.672s] [ 10%] [34m[1mGenerating C++ type support dispatch for ROS interfaces[0m
[3.703s] [ 12%] [34m[1mGenerating C++ introspection for ROS interfaces[0m
[3.725s] [ 15%] [32mBuilding C object CMakeFiles/builtin_interfaces__rosidl_generator_c.dir/rosidl_generator_c/builtin_interfaces/msg/detail/duration__functions.c.o[0m
[3.742s] [ 17%] [32mBuilding C object CMakeFiles/builtin_interfaces__rosidl_generator_c.dir/rosidl_generator_c/builtin_interfaces/msg/detail/time__functions.c.o[0m
[3.888s] [ 20%] [32m[1mLinking C shared library libbuiltin_interfaces__rosidl_generator_c.so[0m
[4.287s] [ 23%] [32mBuilding CXX object CMakeFiles/builtin_interfaces__rosidl_typesupport_cpp.dir/rosidl_typesupport_cpp/builtin_interfaces/msg/duration__type_support.cpp.o[0m
[4.294s] [ 25%] [32mBuilding CXX object CMakeFiles/builtin_interfaces__rosidl_typesupport_cpp.dir/rosidl_typesupport_cpp/builtin_interfaces/msg/time__type_support.cpp.o[0m
[4.295s] [ 28%] [32mBuilding CXX object CMakeFiles/builtin_interfaces__rosidl_typesupport_fastrtps_cpp.dir/rosidl_typesupport_fastrtps_cpp/builtin_interfaces/msg/detail/dds_fastrtps/duration__type_support.cpp.o[0m
[4.316s] [ 30%] [32mBuilding CXX object CMakeFiles/builtin_interfaces__rosidl_typesupport_fastrtps_cpp.dir/rosidl_typesupport_fastrtps_cpp/builtin_interfaces/msg/detail/dds_fastrtps/time__type_support.cpp.o[0m
[4.471s] [ 33%] [32mBuilding CXX object CMakeFiles/builtin_interfaces__rosidl_typesupport_introspection_cpp.dir/rosidl_typesupport_introspection_cpp/builtin_interfaces/msg/detail/duration__type_support.cpp.o[0m
[4.480s] [ 35%] [32mBuilding CXX object CMakeFiles/builtin_interfaces__rosidl_typesupport_introspection_cpp.dir/rosidl_typesupport_introspection_cpp/builtin_interfaces/msg/detail/time__type_support.cpp.o[0m
[4.972s] [ 38%] [32m[1mLinking CXX shared library libbuiltin_interfaces__rosidl_typesupport_cpp.so[0m
[4.980s] [ 38%] Built target builtin_interfaces__rosidl_generator_c
[5.013s] [ 41%] [34m[1mGenerating C type support for eProsima Fast-RTPS[0m
[5.019s] [ 43%] [34m[1mGenerating C introspection for ROS interfaces[0m
[5.030s] [ 46%] [34m[1mGenerating C type support dispatch for ROS interfaces[0m
[5.301s] [ 48%] [32m[1mLinking CXX shared library libbuiltin_interfaces__rosidl_typesupport_fastrtps_cpp.so[0m
[5.440s] [ 51%] [32mBuilding CXX object CMakeFiles/builtin_interfaces__rosidl_typesupport_fastrtps_c.dir/rosidl_typesupport_fastrtps_c/builtin_interfaces/msg/detail/duration__type_support_c.cpp.o[0m
[5.453s] [ 53%] [32mBuilding CXX object CMakeFiles/builtin_interfaces__rosidl_typesupport_fastrtps_c.dir/rosidl_typesupport_fastrtps_c/builtin_interfaces/msg/detail/time__type_support_c.cpp.o[0m
[5.525s] [ 56%] [32m[1mLinking CXX shared library libbuiltin_interfaces__rosidl_typesupport_introspection_cpp.so[0m
[5.527s] [ 58%] [32mBuilding C object CMakeFiles/builtin_interfaces__rosidl_typesupport_introspection_c.dir/rosidl_typesupport_introspection_c/builtin_interfaces/msg/detail/time__type_support.c.o[0m
[5.531s] [ 61%] [32mBuilding C object CMakeFiles/builtin_interfaces__rosidl_typesupport_introspection_c.dir/rosidl_typesupport_introspection_c/builtin_interfaces/msg/detail/duration__type_support.c.o[0m
[5.547s] [ 61%] Built target builtin_interfaces__rosidl_typesupport_cpp
[5.581s] [ 64%] [32m[1mLinking C shared library libbuiltin_interfaces__rosidl_typesupport_introspection_c.so[0m
[5.644s] [ 66%] [32mBuilding CXX object CMakeFiles/builtin_interfaces__rosidl_typesupport_c.dir/rosidl_typesupport_c/builtin_interfaces/msg/duration__type_support.cpp.o[0m
[5.656s] [ 69%] [32mBuilding CXX object CMakeFiles/builtin_interfaces__rosidl_typesupport_c.dir/rosidl_typesupport_c/builtin_interfaces/msg/time__type_support.cpp.o[0m
[5.708s] [ 71%] [32m[1mLinking CXX shared library libbuiltin_interfaces__rosidl_typesupport_c.so[0m
[5.771s] [ 71%] Built target builtin_interfaces__rosidl_typesupport_fastrtps_cpp
[5.873s] [ 71%] Built target builtin_interfaces__rosidl_typesupport_introspection_cpp
[5.912s] [ 74%] [32m[1mLinking CXX shared library libbuiltin_interfaces__rosidl_typesupport_fastrtps_c.so[0m
[5.925s] [ 74%] Built target builtin_interfaces__rosidl_typesupport_introspection_c
[5.995s] [ 74%] Built target builtin_interfaces__rosidl_typesupport_c
[6.104s] [ 74%] Built target builtin_interfaces__rosidl_typesupport_fastrtps_c
[6.123s] [ 74%] Built target builtin_interfaces
[6.147s] [ 76%] [34m[1mGenerating Python code for ROS interfaces[0m
[6.651s] [ 76%] Built target builtin_interfaces__py
[6.673s] [ 79%] [32mBuilding C object CMakeFiles/builtin_interfaces__rosidl_generator_py.dir/rosidl_generator_py/builtin_interfaces/msg/_time_s.c.o[0m
[6.675s] [ 82%] [32mBuilding C object CMakeFiles/builtin_interfaces__rosidl_generator_py.dir/rosidl_generator_py/builtin_interfaces/msg/_duration_s.c.o[0m
[6.819s] [ 84%] [32m[1mLinking C shared library rosidl_generator_py/builtin_interfaces/libbuiltin_interfaces__rosidl_generator_py.so[0m
[7.665s] [ 84%] Built target builtin_interfaces__rosidl_generator_py
[7.696s] [ 87%] [32mBuilding C object CMakeFiles/builtin_interfaces__rosidl_typesupport_c__pyext.dir/rosidl_generator_py/builtin_interfaces/_builtin_interfaces_s.ep.rosidl_typesupport_c.c.o[0m
[7.705s] [ 89%] [32mBuilding C object CMakeFiles/builtin_interfaces__rosidl_typesupport_introspection_c__pyext.dir/rosidl_generator_py/builtin_interfaces/_builtin_interfaces_s.ep.rosidl_typesupport_introspection_c.c.o[0m
[7.716s] [ 92%] [32mBuilding C object CMakeFiles/builtin_interfaces__rosidl_typesupport_fastrtps_c__pyext.dir/rosidl_generator_py/builtin_interfaces/_builtin_interfaces_s.ep.rosidl_typesupport_fastrtps_c.c.o[0m
[7.867s] [ 94%] [32m[1mLinking C shared library rosidl_generator_py/builtin_interfaces/builtin_interfaces_s__rosidl_typesupport_fastrtps_c.cpython-310-x86_64-linux-gnu.so[0m
[7.877s] [ 97%] [32m[1mLinking C shared library rosidl_generator_py/builtin_interfaces/builtin_interfaces_s__rosidl_typesupport_introspection_c.cpython-310-x86_64-linux-gnu.so[0m
[7.915s] [100%] [32m[1mLinking C shared library rosidl_generator_py/builtin_interfaces/builtin_interfaces_s__rosidl_typesupport_c.cpython-310-x86_64-linux-gnu.so[0m
[8.064s] [100%] Built target builtin_interfaces__rosidl_typesupport_fastrtps_c__pyext
[8.069s] [100%] Built target builtin_interfaces__rosidl_typesupport_introspection_c__pyext
[8.093s] [100%] Built target builtin_interfaces__rosidl_typesupport_c__pyext
[8.107s] Invoked command in '/root/ros_ws/src/Rescue_Car_ws/build/builtin_interfaces' returned '0': CMAKE_PREFIX_PATH=/opt/ros/humble /usr/bin/cmake --build /root/ros_ws/src/Rescue_Car_ws/build/builtin_interfaces -- -j20 -l20
[8.110s] Invoking command in '/root/ros_ws/src/Rescue_Car_ws/build/builtin_interfaces': CMAKE_PREFIX_PATH=/opt/ros/humble /usr/bin/cmake --install /root/ros_ws/src/Rescue_Car_ws/build/builtin_interfaces
[8.118s] -- Install configuration: ""
[8.118s] -- Installing: /root/ros_ws/src/Rescue_Car_ws/install/builtin_interfaces/share/ament_index/resource_index/rosidl_interfaces/builtin_interfaces
[8.118s] -- Installing: /root/ros_ws/src/Rescue_Car_ws/install/builtin_interfaces/include/builtin_interfaces/builtin_interfaces
[8.119s] -- Installing: /root/ros_ws/src/Rescue_Car_ws/install/builtin_interfaces/include/builtin_interfaces/builtin_interfaces/msg
[8.119s] -- Installing: /root/ros_ws/src/Rescue_Car_ws/install/builtin_interfaces/include/builtin_interfaces/builtin_interfaces/msg/duration.h
[8.119s] -- Installing: /root/ros_ws/src/Rescue_Car_ws/install/builtin_interfaces/include/builtin_interfaces/builtin_interfaces/msg/detail
[8.120s] -- Installing: /root/ros_ws/src/Rescue_Car_ws/install/builtin_interfaces/include/builtin_interfaces/builtin_interfaces/msg/detail/duration__functions.h
[8.120s] -- Installing: /root/ros_ws/src/Rescue_Car_ws/install/builtin_interfaces/include/builtin_interfaces/builtin_interfaces/msg/detail/time__functions.c
[8.120s] -- Installing: /root/ros_ws/src/Rescue_Car_ws/install/builtin_interfaces/include/builtin_interfaces/builtin_interfaces/msg/detail/time__type_support.h
[8.121s] -- Installing: /root/ros_ws/src/Rescue_Car_ws/install/builtin_interfaces/include/builtin_interfaces/builtin_interfaces/msg/detail/time__struct.h
[8.121s] -- Installing: /root/ros_ws/src/Rescue_Car_ws/install/builtin_interfaces/include/builtin_interfaces/builtin_interfaces/msg/detail/duration__type_support.h
[8.121s] -- Installing: /root/ros_ws/src/Rescue_Car_ws/install/builtin_interfaces/include/builtin_interfaces/builtin_interfaces/msg/detail/duration__functions.c
[8.122s] -- Installing: /root/ros_ws/src/Rescue_Car_ws/install/builtin_interfaces/include/builtin_interfaces/builtin_interfaces/msg/detail/time__functions.h
[8.122s] -- Installing: /root/ros_ws/src/Rescue_Car_ws/install/builtin_interfaces/include/builtin_interfaces/builtin_interfaces/msg/detail/duration__struct.h
[8.122s] -- Installing: /root/ros_ws/src/Rescue_Car_ws/install/builtin_interfaces/include/builtin_interfaces/builtin_interfaces/msg/rosidl_generator_c__visibility_control.h
[8.122s] -- Installing: /root/ros_ws/src/Rescue_Car_ws/install/builtin_interfaces/include/builtin_interfaces/builtin_interfaces/msg/time.h
[8.122s] -- Installing: /root/ros_ws/src/Rescue_Car_ws/install/builtin_interfaces/share/builtin_interfaces/environment/library_path.sh
[8.123s] -- Installing: /root/ros_ws/src/Rescue_Car_ws/install/builtin_interfaces/share/builtin_interfaces/environment/library_path.dsv
[8.123s] -- Installing: /root/ros_ws/src/Rescue_Car_ws/install/builtin_interfaces/lib/libbuiltin_interfaces__rosidl_generator_c.so
[8.123s] -- Set runtime path of "/root/ros_ws/src/Rescue_Car_ws/install/builtin_interfaces/lib/libbuiltin_interfaces__rosidl_generator_c.so" to ""
[8.123s] -- Up-to-date: /root/ros_ws/src/Rescue_Car_ws/install/builtin_interfaces/include/builtin_interfaces/builtin_interfaces
[8.124s] -- Up-to-date: /root/ros_ws/src/Rescue_Car_ws/install/builtin_interfaces/include/builtin_interfaces/builtin_interfaces/msg
[8.124s] -- Up-to-date: /root/ros_ws/src/Rescue_Car_ws/install/builtin_interfaces/include/builtin_interfaces/builtin_interfaces/msg/detail
[8.124s] -- Installing: /root/ros_ws/src/Rescue_Car_ws/install/builtin_interfaces/include/builtin_interfaces/builtin_interfaces/msg/detail/time__rosidl_typesupport_fastrtps_c.h
[8.125s] -- Installing: /root/ros_ws/src/Rescue_Car_ws/install/builtin_interfaces/include/builtin_interfaces/builtin_interfaces/msg/detail/duration__rosidl_typesupport_fastrtps_c.h
[8.125s] -- Installing: /root/ros_ws/src/Rescue_Car_ws/install/builtin_interfaces/include/builtin_interfaces/builtin_interfaces/msg/rosidl_typesupport_fastrtps_c__visibility_control.h
[8.126s] -- Installing: /root/ros_ws/src/Rescue_Car_ws/install/builtin_interfaces/lib/libbuiltin_interfaces__rosidl_typesupport_fastrtps_c.so
[8.126s] -- Set runtime path of "/root/ros_ws/src/Rescue_Car_ws/install/builtin_interfaces/lib/libbuiltin_interfaces__rosidl_typesupport_fastrtps_c.so" to ""
[8.127s] -- Up-to-date: /root/ros_ws/src/Rescue_Car_ws/install/builtin_interfaces/include/builtin_interfaces/builtin_interfaces
[8.127s] -- Up-to-date: /root/ros_ws/src/Rescue_Car_ws/install/builtin_interfaces/include/builtin_interfaces/builtin_interfaces/msg
[8.127s] -- Installing: /root/ros_ws/src/Rescue_Car_ws/install/builtin_interfaces/include/builtin_interfaces/builtin_interfaces/msg/rosidl_typesupport_introspection_c__visibility_control.h
[8.128s] -- Up-to-date: /root/ros_ws/src/Rescue_Car_ws/install/builtin_interfaces/include/builtin_interfaces/builtin_interfaces/msg/detail
[8.128s] -- Installing: /root/ros_ws/src/Rescue_Car_ws/install/builtin_interfaces/include/builtin_interfaces/builtin_interfaces/msg/detail/time__rosidl_typesupport_introspection_c.h
[8.128s] -- Installing: /root/ros_ws/src/Rescue_Car_ws/install/builtin_interfaces/include/builtin_interfaces/builtin_interfaces/msg/detail/duration__rosidl_typesupport_introspection_c.h
[8.128s] -- Installing: /root/ros_ws/src/Rescue_Car_ws/install/builtin_interfaces/include/builtin_interfaces/builtin_interfaces/msg/detail/time__type_support.c
[8.128s] -- Installing: /root/ros_ws/src/Rescue_Car_ws/install/builtin_interfaces/include/builtin_interfaces/builtin_interfaces/msg/detail/duration__type_support.c
[8.128s] -- Installing: /root/ros_ws/src/Rescue_Car_ws/install/builtin_interfaces/lib/libbuiltin_interfaces__rosidl_typesupport_introspection_c.so
[8.129s] -- Set runtime path of "/root/ros_ws/src/Rescue_Car_ws/install/builtin_interfaces/lib/libbuiltin_interfaces__rosidl_typesupport_introspection_c.so" to ""
[8.129s] -- Installing: /root/ros_ws/src/Rescue_Car_ws/install/builtin_interfaces/lib/libbuiltin_interfaces__rosidl_typesupport_c.so
[8.129s] -- Set runtime path of "/root/ros_ws/src/Rescue_Car_ws/install/builtin_interfaces/lib/libbuiltin_interfaces__rosidl_typesupport_c.so" to ""
[8.129s] -- Up-to-date: /root/ros_ws/src/Rescue_Car_ws/install/builtin_interfaces/include/builtin_interfaces/builtin_interfaces
[8.129s] -- Up-to-date: /root/ros_ws/src/Rescue_Car_ws/install/builtin_interfaces/include/builtin_interfaces/builtin_interfaces/msg
[8.129s] -- Installing: /root/ros_ws/src/Rescue_Car_ws/install/builtin_interfaces/include/builtin_interfaces/builtin_interfaces/msg/rosidl_generator_cpp__visibility_control.hpp
[8.129s] -- Up-to-date: /root/ros_ws/src/Rescue_Car_ws/install/builtin_interfaces/include/builtin_interfaces/builtin_interfaces/msg/detail
[8.129s] -- Installing: /root/ros_ws/src/Rescue_Car_ws/install/builtin_interfaces/include/builtin_interfaces/builtin_interfaces/msg/detail/duration__struct.hpp
[8.129s] -- Installing: /root/ros_ws/src/Rescue_Car_ws/install/builtin_interfaces/include/builtin_interfaces/builtin_interfaces/msg/detail/duration__type_support.hpp
[8.129s] -- Installing: /root/ros_ws/src/Rescue_Car_ws/install/builtin_interfaces/include/builtin_interfaces/builtin_interfaces/msg/detail/time__struct.hpp
[8.129s] -- Installing: /root/ros_ws/src/Rescue_Car_ws/install/builtin_interfaces/include/builtin_interfaces/builtin_interfaces/msg/detail/time__type_support.hpp
[8.129s] -- Installing: /root/ros_ws/src/Rescue_Car_ws/install/builtin_interfaces/include/builtin_interfaces/builtin_interfaces/msg/detail/time__traits.hpp
[8.129s] -- Installing: /root/ros_ws/src/Rescue_Car_ws/install/builtin_interfaces/include/builtin_interfaces/builtin_interfaces/msg/detail/duration__builder.hpp
[8.129s] -- Installing: /root/ros_ws/src/Rescue_Car_ws/install/builtin_interfaces/include/builtin_interfaces/builtin_interfaces/msg/detail/duration__traits.hpp
[8.129s] -- Installing: /root/ros_ws/src/Rescue_Car_ws/install/builtin_interfaces/include/builtin_interfaces/builtin_interfaces/msg/detail/time__builder.hpp
[8.129s] -- Installing: /root/ros_ws/src/Rescue_Car_ws/install/builtin_interfaces/include/builtin_interfaces/builtin_interfaces/msg/time.hpp
[8.129s] -- Installing: /root/ros_ws/src/Rescue_Car_ws/install/builtin_interfaces/include/builtin_interfaces/builtin_interfaces/msg/duration.hpp
[8.130s] -- Up-to-date: /root/ros_ws/src/Rescue_Car_ws/install/builtin_interfaces/include/builtin_interfaces/builtin_interfaces
[8.130s] -- Up-to-date: /root/ros_ws/src/Rescue_Car_ws/install/builtin_interfaces/include/builtin_interfaces/builtin_interfaces/msg
[8.130s] -- Installing: /root/ros_ws/src/Rescue_Car_ws/install/builtin_interfaces/include/builtin_interfaces/builtin_interfaces/msg/rosidl_typesupport_fastrtps_cpp__visibility_control.h
[8.130s] -- Up-to-date: /root/ros_ws/src/Rescue_Car_ws/install/builtin_interfaces/include/builtin_interfaces/builtin_interfaces/msg/detail
[8.130s] -- Installing: /root/ros_ws/src/Rescue_Car_ws/install/builtin_interfaces/include/builtin_interfaces/builtin_interfaces/msg/detail/duration__rosidl_typesupport_fastrtps_cpp.hpp
[8.130s] -- Installing: /root/ros_ws/src/Rescue_Car_ws/install/builtin_interfaces/include/builtin_interfaces/builtin_interfaces/msg/detail/dds_fastrtps
[8.130s] -- Installing: /root/ros_ws/src/Rescue_Car_ws/install/builtin_interfaces/include/builtin_interfaces/builtin_interfaces/msg/detail/time__rosidl_typesupport_fastrtps_cpp.hpp
[8.130s] -- Installing: /root/ros_ws/src/Rescue_Car_ws/install/builtin_interfaces/lib/libbuiltin_interfaces__rosidl_typesupport_fastrtps_cpp.so
[8.130s] -- Set runtime path of "/root/ros_ws/src/Rescue_Car_ws/install/builtin_interfaces/lib/libbuiltin_interfaces__rosidl_typesupport_fastrtps_cpp.so" to ""
[8.130s] -- Up-to-date: /root/ros_ws/src/Rescue_Car_ws/install/builtin_interfaces/include/builtin_interfaces/builtin_interfaces
[8.130s] -- Up-to-date: /root/ros_ws/src/Rescue_Car_ws/install/builtin_interfaces/include/builtin_interfaces/builtin_interfaces/msg
[8.131s] -- Up-to-date: /root/ros_ws/src/Rescue_Car_ws/install/builtin_interfaces/include/builtin_interfaces/builtin_interfaces/msg/detail
[8.131s] -- Installing: /root/ros_ws/src/Rescue_Car_ws/install/builtin_interfaces/include/builtin_interfaces/builtin_interfaces/msg/detail/duration__rosidl_typesupport_introspection_cpp.hpp
[8.132s] -- Installing: /root/ros_ws/src/Rescue_Car_ws/install/builtin_interfaces/include/builtin_interfaces/builtin_interfaces/msg/detail/duration__type_support.cpp
[8.132s] -- Installing: /root/ros_ws/src/Rescue_Car_ws/install/builtin_interfaces/include/builtin_interfaces/builtin_interfaces/msg/detail/time__type_support.cpp
[8.132s] -- Installing: /root/ros_ws/src/Rescue_Car_ws/install/builtin_interfaces/include/builtin_interfaces/builtin_interfaces/msg/detail/time__rosidl_typesupport_introspection_cpp.hpp
[8.132s] -- Installing: /root/ros_ws/src/Rescue_Car_ws/install/builtin_interfaces/lib/libbuiltin_interfaces__rosidl_typesupport_introspection_cpp.so
[8.132s] -- Set runtime path of "/root/ros_ws/src/Rescue_Car_ws/install/builtin_interfaces/lib/libbuiltin_interfaces__rosidl_typesupport_introspection_cpp.so" to ""
[8.132s] -- Installing: /root/ros_ws/src/Rescue_Car_ws/install/builtin_interfaces/lib/libbuiltin_interfaces__rosidl_typesupport_cpp.so
[8.132s] -- Set runtime path of "/root/ros_ws/src/Rescue_Car_ws/install/builtin_interfaces/lib/libbuiltin_interfaces__rosidl_typesupport_cpp.so" to ""
[8.133s] -- Installing: /root/ros_ws/src/Rescue_Car_ws/install/builtin_interfaces/share/builtin_interfaces/environment/pythonpath.sh
[8.133s] -- Installing: /root/ros_ws/src/Rescue_Car_ws/install/builtin_interfaces/share/builtin_interfaces/environment/pythonpath.dsv
[8.133s] -- Installing: /root/ros_ws/src/Rescue_Car_ws/install/builtin_interfaces/local/lib/python3.10/dist-packages/builtin_interfaces-1.2.2-py3.10.egg-info
[8.133s] -- Installing: /root/ros_ws/src/Rescue_Car_ws/install/builtin_interfaces/local/lib/python3.10/dist-packages/builtin_interfaces-1.2.2-py3.10.egg-info/dependency_links.txt
[8.133s] -- Installing: /root/ros_ws/src/Rescue_Car_ws/install/builtin_interfaces/local/lib/python3.10/dist-packages/builtin_interfaces-1.2.2-py3.10.egg-info/SOURCES.txt
[8.133s] -- Installing: /root/ros_ws/src/Rescue_Car_ws/install/builtin_interfaces/local/lib/python3.10/dist-packages/builtin_interfaces-1.2.2-py3.10.egg-info/PKG-INFO
[8.133s] -- Installing: /root/ros_ws/src/Rescue_Car_ws/install/builtin_interfaces/local/lib/python3.10/dist-packages/builtin_interfaces-1.2.2-py3.10.egg-info/top_level.txt
[8.133s] -- Installing: /root/ros_ws/src/Rescue_Car_ws/install/builtin_interfaces/local/lib/python3.10/dist-packages/builtin_interfaces
[8.133s] -- Installing: /root/ros_ws/src/Rescue_Car_ws/install/builtin_interfaces/local/lib/python3.10/dist-packages/builtin_interfaces/libbuiltin_interfaces__rosidl_generator_py.so
[8.133s] -- Installing: /root/ros_ws/src/Rescue_Car_ws/install/builtin_interfaces/local/lib/python3.10/dist-packages/builtin_interfaces/builtin_interfaces_s__rosidl_typesupport_fastrtps_c.cpython-310-x86_64-linux-gnu.so
[8.134s] -- Installing: /root/ros_ws/src/Rescue_Car_ws/install/builtin_interfaces/local/lib/python3.10/dist-packages/builtin_interfaces/builtin_interfaces_s__rosidl_typesupport_introspection_c.cpython-310-x86_64-linux-gnu.so
[8.134s] -- Installing: /root/ros_ws/src/Rescue_Car_ws/install/builtin_interfaces/local/lib/python3.10/dist-packages/builtin_interfaces/_builtin_interfaces_s.ep.rosidl_typesupport_c.c
[8.134s] -- Installing: /root/ros_ws/src/Rescue_Car_ws/install/builtin_interfaces/local/lib/python3.10/dist-packages/builtin_interfaces/_builtin_interfaces_s.ep.rosidl_typesupport_fastrtps_c.c
[8.134s] -- Installing: /root/ros_ws/src/Rescue_Car_ws/install/builtin_interfaces/local/lib/python3.10/dist-packages/builtin_interfaces/builtin_interfaces_s__rosidl_typesupport_c.cpython-310-x86_64-linux-gnu.so
[8.134s] -- Installing: /root/ros_ws/src/Rescue_Car_ws/install/builtin_interfaces/local/lib/python3.10/dist-packages/builtin_interfaces/__init__.py
[8.134s] -- Installing: /root/ros_ws/src/Rescue_Car_ws/install/builtin_interfaces/local/lib/python3.10/dist-packages/builtin_interfaces/_builtin_interfaces_s.ep.rosidl_typesupport_introspection_c.c
[8.134s] -- Installing: /root/ros_ws/src/Rescue_Car_ws/install/builtin_interfaces/local/lib/python3.10/dist-packages/builtin_interfaces/msg
[8.134s] -- Installing: /root/ros_ws/src/Rescue_Car_ws/install/builtin_interfaces/local/lib/python3.10/dist-packages/builtin_interfaces/msg/_time_s.c
[8.134s] -- Installing: /root/ros_ws/src/Rescue_Car_ws/install/builtin_interfaces/local/lib/python3.10/dist-packages/builtin_interfaces/msg/_duration.py
[8.135s] -- Installing: /root/ros_ws/src/Rescue_Car_ws/install/builtin_interfaces/local/lib/python3.10/dist-packages/builtin_interfaces/msg/_time.py
[8.135s] -- Installing: /root/ros_ws/src/Rescue_Car_ws/install/builtin_interfaces/local/lib/python3.10/dist-packages/builtin_interfaces/msg/__init__.py
[8.135s] -- Installing: /root/ros_ws/src/Rescue_Car_ws/install/builtin_interfaces/local/lib/python3.10/dist-packages/builtin_interfaces/msg/_duration_s.c
[8.162s] Listing '/root/ros_ws/src/Rescue_Car_ws/install/builtin_interfaces/local/lib/python3.10/dist-packages/builtin_interfaces'...
[8.163s] Compiling '/root/ros_ws/src/Rescue_Car_ws/install/builtin_interfaces/local/lib/python3.10/dist-packages/builtin_interfaces/__init__.py'...
[8.163s] Listing '/root/ros_ws/src/Rescue_Car_ws/install/builtin_interfaces/local/lib/python3.10/dist-packages/builtin_interfaces/msg'...
[8.163s] Compiling '/root/ros_ws/src/Rescue_Car_ws/install/builtin_interfaces/local/lib/python3.10/dist-packages/builtin_interfaces/msg/__init__.py'...
[8.163s] Compiling '/root/ros_ws/src/Rescue_Car_ws/install/builtin_interfaces/local/lib/python3.10/dist-packages/builtin_interfaces/msg/_duration.py'...
[8.163s] Compiling '/root/ros_ws/src/Rescue_Car_ws/install/builtin_interfaces/local/lib/python3.10/dist-packages/builtin_interfaces/msg/_time.py'...
[8.167s] -- Installing: /root/ros_ws/src/Rescue_Car_ws/install/builtin_interfaces/local/lib/python3.10/dist-packages/builtin_interfaces/builtin_interfaces_s__rosidl_typesupport_fastrtps_c.cpython-310-x86_64-linux-gnu.so
[8.167s] -- Set runtime path of "/root/ros_ws/src/Rescue_Car_ws/install/builtin_interfaces/local/lib/python3.10/dist-packages/builtin_interfaces/builtin_interfaces_s__rosidl_typesupport_fastrtps_c.cpython-310-x86_64-linux-gnu.so" to ""
[8.167s] -- Installing: /root/ros_ws/src/Rescue_Car_ws/install/builtin_interfaces/local/lib/python3.10/dist-packages/builtin_interfaces/builtin_interfaces_s__rosidl_typesupport_introspection_c.cpython-310-x86_64-linux-gnu.so
[8.168s] -- Set runtime path of "/root/ros_ws/src/Rescue_Car_ws/install/builtin_interfaces/local/lib/python3.10/dist-packages/builtin_interfaces/builtin_interfaces_s__rosidl_typesupport_introspection_c.cpython-310-x86_64-linux-gnu.so" to ""
[8.168s] -- Installing: /root/ros_ws/src/Rescue_Car_ws/install/builtin_interfaces/local/lib/python3.10/dist-packages/builtin_interfaces/builtin_interfaces_s__rosidl_typesupport_c.cpython-310-x86_64-linux-gnu.so
[8.169s] -- Set runtime path of "/root/ros_ws/src/Rescue_Car_ws/install/builtin_interfaces/local/lib/python3.10/dist-packages/builtin_interfaces/builtin_interfaces_s__rosidl_typesupport_c.cpython-310-x86_64-linux-gnu.so" to ""
[8.169s] -- Installing: /root/ros_ws/src/Rescue_Car_ws/install/builtin_interfaces/lib/libbuiltin_interfaces__rosidl_generator_py.so
[8.169s] -- Set runtime path of "/root/ros_ws/src/Rescue_Car_ws/install/builtin_interfaces/lib/libbuiltin_interfaces__rosidl_generator_py.so" to ""
[8.169s] -- Installing: /root/ros_ws/src/Rescue_Car_ws/install/builtin_interfaces/share/builtin_interfaces/msg/Duration.idl
[8.170s] -- Installing: /root/ros_ws/src/Rescue_Car_ws/install/builtin_interfaces/share/builtin_interfaces/msg/Time.idl
[8.170s] -- Installing: /root/ros_ws/src/Rescue_Car_ws/install/builtin_interfaces/share/builtin_interfaces/msg/Duration.msg
[8.170s] -- Installing: /root/ros_ws/src/Rescue_Car_ws/install/builtin_interfaces/share/builtin_interfaces/msg/Time.msg
[8.170s] -- Installing: /root/ros_ws/src/Rescue_Car_ws/install/builtin_interfaces/share/ament_index/resource_index/package_run_dependencies/builtin_interfaces
[8.171s] -- Installing: /root/ros_ws/src/Rescue_Car_ws/install/builtin_interfaces/share/ament_index/resource_index/parent_prefix_path/builtin_interfaces
[8.171s] -- Installing: /root/ros_ws/src/Rescue_Car_ws/install/builtin_interfaces/share/builtin_interfaces/environment/ament_prefix_path.sh
[8.171s] -- Installing: /root/ros_ws/src/Rescue_Car_ws/install/builtin_interfaces/share/builtin_interfaces/environment/ament_prefix_path.dsv
[8.172s] -- Installing: /root/ros_ws/src/Rescue_Car_ws/install/builtin_interfaces/share/builtin_interfaces/environment/path.sh
[8.172s] -- Installing: /root/ros_ws/src/Rescue_Car_ws/install/builtin_interfaces/share/builtin_interfaces/environment/path.dsv
[8.172s] -- Installing: /root/ros_ws/src/Rescue_Car_ws/install/builtin_interfaces/share/builtin_interfaces/local_setup.bash
[8.173s] -- Installing: /root/ros_ws/src/Rescue_Car_ws/install/builtin_interfaces/share/builtin_interfaces/local_setup.sh
[8.173s] -- Installing: /root/ros_ws/src/Rescue_Car_ws/install/builtin_interfaces/share/builtin_interfaces/local_setup.zsh
[8.173s] -- Installing: /root/ros_ws/src/Rescue_Car_ws/install/builtin_interfaces/share/builtin_interfaces/local_setup.dsv
[8.174s] -- Installing: /root/ros_ws/src/Rescue_Car_ws/install/builtin_interfaces/share/builtin_interfaces/package.dsv
[8.174s] -- Installing: /root/ros_ws/src/Rescue_Car_ws/install/builtin_interfaces/share/ament_index/resource_index/packages/builtin_interfaces
[8.174s] -- Installing: /root/ros_ws/src/Rescue_Car_ws/install/builtin_interfaces/share/builtin_interfaces/cmake/export_builtin_interfaces__rosidl_generator_cExport.cmake
[8.175s] -- Installing: /root/ros_ws/src/Rescue_Car_ws/install/builtin_interfaces/share/builtin_interfaces/cmake/export_builtin_interfaces__rosidl_generator_cExport-noconfig.cmake
[8.176s] -- Installing: /root/ros_ws/src/Rescue_Car_ws/install/builtin_interfaces/share/builtin_interfaces/cmake/export_builtin_interfaces__rosidl_typesupport_fastrtps_cExport.cmake
[8.176s] -- Installing: /root/ros_ws/src/Rescue_Car_ws/install/builtin_interfaces/share/builtin_interfaces/cmake/export_builtin_interfaces__rosidl_typesupport_fastrtps_cExport-noconfig.cmake
[8.176s] -- Installing: /root/ros_ws/src/Rescue_Car_ws/install/builtin_interfaces/share/builtin_interfaces/cmake/builtin_interfaces__rosidl_typesupport_introspection_cExport.cmake
[8.176s] -- Installing: /root/ros_ws/src/Rescue_Car_ws/install/builtin_interfaces/share/builtin_interfaces/cmake/builtin_interfaces__rosidl_typesupport_introspection_cExport-noconfig.cmake
[8.176s] -- Installing: /root/ros_ws/src/Rescue_Car_ws/install/builtin_interfaces/share/builtin_interfaces/cmake/builtin_interfaces__rosidl_typesupport_cExport.cmake
[8.177s] -- Installing: /root/ros_ws/src/Rescue_Car_ws/install/builtin_interfaces/share/builtin_interfaces/cmake/builtin_interfaces__rosidl_typesupport_cExport-noconfig.cmake
[8.177s] -- Installing: /root/ros_ws/src/Rescue_Car_ws/install/builtin_interfaces/share/builtin_interfaces/cmake/export_builtin_interfaces__rosidl_generator_cppExport.cmake
[8.177s] -- Installing: /root/ros_ws/src/Rescue_Car_ws/install/builtin_interfaces/share/builtin_interfaces/cmake/export_builtin_interfaces__rosidl_typesupport_fastrtps_cppExport.cmake
[8.178s] -- Installing: /root/ros_ws/src/Rescue_Car_ws/install/builtin_interfaces/share/builtin_interfaces/cmake/export_builtin_interfaces__rosidl_typesupport_fastrtps_cppExport-noconfig.cmake
[8.178s] -- Installing: /root/ros_ws/src/Rescue_Car_ws/install/builtin_interfaces/share/builtin_interfaces/cmake/builtin_interfaces__rosidl_typesupport_introspection_cppExport.cmake
[8.179s] -- Installing: /root/ros_ws/src/Rescue_Car_ws/install/builtin_interfaces/share/builtin_interfaces/cmake/builtin_interfaces__rosidl_typesupport_introspection_cppExport-noconfig.cmake
[8.179s] -- Installing: /root/ros_ws/src/Rescue_Car_ws/install/builtin_interfaces/share/builtin_interfaces/cmake/builtin_interfaces__rosidl_typesupport_cppExport.cmake
[8.179s] -- Installing: /root/ros_ws/src/Rescue_Car_ws/install/builtin_interfaces/share/builtin_interfaces/cmake/builtin_interfaces__rosidl_typesupport_cppExport-noconfig.cmake
[8.179s] -- Installing: /root/ros_ws/src/Rescue_Car_ws/install/builtin_interfaces/share/builtin_interfaces/cmake/export_builtin_interfaces__rosidl_generator_pyExport.cmake
[8.180s] -- Installing: /root/ros_ws/src/Rescue_Car_ws/install/builtin_interfaces/share/builtin_interfaces/cmake/export_builtin_interfaces__rosidl_generator_pyExport-noconfig.cmake
[8.183s] -- Installing: /root/ros_ws/src/Rescue_Car_ws/install/builtin_interfaces/share/builtin_interfaces/cmake/rosidl_cmake-extras.cmake
[8.183s] -- Installing: /root/ros_ws/src/Rescue_Car_ws/install/builtin_interfaces/share/builtin_interfaces/cmake/ament_cmake_export_include_directories-extras.cmake
[8.184s] -- Installing: /root/ros_ws/src/Rescue_Car_ws/install/builtin_interfaces/share/builtin_interfaces/cmake/ament_cmake_export_libraries-extras.cmake
[8.185s] -- Installing: /root/ros_ws/src/Rescue_Car_ws/install/builtin_interfaces/share/builtin_interfaces/cmake/ament_cmake_export_targets-extras.cmake
[8.185s] -- Installing: /root/ros_ws/src/Rescue_Car_ws/install/builtin_interfaces/share/builtin_interfaces/cmake/rosidl_cmake_export_typesupport_targets-extras.cmake
[8.185s] -- Installing: /root/ros_ws/src/Rescue_Car_ws/install/builtin_interfaces/share/builtin_interfaces/cmake/ament_cmake_export_dependencies-extras.cmake
[8.185s] -- Installing: /root/ros_ws/src/Rescue_Car_ws/install/builtin_interfaces/share/builtin_interfaces/cmake/rosidl_cmake_export_typesupport_libraries-extras.cmake
[8.185s] -- Installing: /root/ros_ws/src/Rescue_Car_ws/install/builtin_interfaces/share/builtin_interfaces/cmake/builtin_interfacesConfig.cmake
[8.185s] -- Installing: /root/ros_ws/src/Rescue_Car_ws/install/builtin_interfaces/share/builtin_interfaces/cmake/builtin_interfacesConfig-version.cmake
[8.185s] -- Installing: /root/ros_ws/src/Rescue_Car_ws/install/builtin_interfaces/share/builtin_interfaces/package.xml
[8.186s] Invoked command in '/root/ros_ws/src/Rescue_Car_ws/build/builtin_interfaces' returned '0': CMAKE_PREFIX_PATH=/opt/ros/humble /usr/bin/cmake --install /root/ros_ws/src/Rescue_Car_ws/build/builtin_interfaces
