[0.189s] Invoking command in '/root/ros_ws/src/Rescue_Car_ws/build/shape_msgs': AMENT_PREFIX_PATH=/root/ros_ws/src/Rescue_Car_ws/install/geometry_msgs:/root/ros_ws/src/Rescue_Car_ws/install/std_msgs:/root/ros_ws/src/Rescue_Car_ws/install/builtin_interfaces:${AMENT_PREFIX_PATH} CMAKE_PREFIX_PATH=/root/ros_ws/src/Rescue_Car_ws/install/geometry_msgs:/root/ros_ws/src/Rescue_Car_ws/install/std_msgs:/root/ros_ws/src/Rescue_Car_ws/install/builtin_interfaces:/opt/ros/humble LD_LIBRARY_PATH=/root/ros_ws/src/Rescue_Car_ws/install/geometry_msgs/lib:/root/ros_ws/src/Rescue_Car_ws/install/std_msgs/lib:/root/ros_ws/src/Rescue_Car_ws/install/builtin_interfaces/lib:${LD_LIBRARY_PATH} PYTHONPATH=/root/ros_ws/src/Rescue_Car_ws/install/geometry_msgs/local/lib/python3.10/dist-packages:/root/ros_ws/src/Rescue_Car_ws/install/std_msgs/local/lib/python3.10/dist-packages:/root/ros_ws/src/Rescue_Car_ws/install/builtin_interfaces/local/lib/python3.10/dist-packages:${PYTHONPATH} /usr/bin/cmake /root/ros_ws/src/Rescue_Car_ws/src/microros/src/ros2/common_interfaces/shape_msgs -DCMAKE_INSTALL_PREFIX=/root/ros_ws/src/Rescue_Car_ws/install/shape_msgs
[0.314s] -- The C compiler identification is GNU 11.4.0
[0.855s] -- The CXX compiler identification is GNU 11.4.0
[1.262s] -- Detecting C compiler ABI info
[1.421s] -- Detecting C compiler ABI info - done
[1.425s] -- Check for working C compiler: /usr/bin/cc - skipped
[1.426s] -- Detecting C compile features
[1.426s] -- Detecting C compile features - done
[1.428s] -- Detecting CXX compiler ABI info
[1.585s] -- Detecting CXX compiler ABI info - done
[1.590s] -- Check for working CXX compiler: /usr/bin/c++ - skipped
[1.591s] -- Detecting CXX compile features
[1.591s] -- Detecting CXX compile features - done
[1.595s] -- Found ament_cmake: 1.3.12 (/opt/ros/humble/share/ament_cmake/cmake)
[1.741s] -- Found Python3: /usr/bin/python3 (found version "3.10.12") found components: Interpreter 
[1.812s] -- Found geometry_msgs: 4.9.0 (/root/ros_ws/src/Rescue_Car_ws/install/geometry_msgs/share/geometry_msgs/cmake)
[2.003s] -- Found rosidl_generator_c: 3.1.7 (/opt/ros/humble/share/rosidl_generator_c/cmake)
[2.008s] -- Found rosidl_adapter: 3.1.7 (/opt/ros/humble/share/rosidl_adapter/cmake)
[2.017s] -- Found rosidl_generator_cpp: 3.1.7 (/opt/ros/humble/share/rosidl_generator_cpp/cmake)
[2.028s] -- Using all available rosidl_typesupport_c: rosidl_typesupport_fastrtps_c;rosidl_typesupport_introspection_c
[2.046s] -- Using all available rosidl_typesupport_cpp: rosidl_typesupport_fastrtps_cpp;rosidl_typesupport_introspection_cpp
[2.082s] -- Found rosidl_default_generators: 1.2.0 (/opt/ros/humble/share/rosidl_default_generators/cmake)
[2.379s] -- Found ament_cmake_cppcheck: 0.12.14 (/opt/ros/humble/share/ament_cmake_cppcheck/cmake)
[2.381s] -- Found ament_cmake_cpplint: 0.12.14 (/opt/ros/humble/share/ament_cmake_cpplint/cmake)
[2.384s] -- Found ament_cmake_uncrustify: 0.12.14 (/opt/ros/humble/share/ament_cmake_uncrustify/cmake)
[2.387s] -- Found ament_cmake_ros: 0.10.0 (/opt/ros/humble/share/ament_cmake_ros/cmake)
[2.799s] -- Using all available rosidl_typesupport_c: rosidl_typesupport_fastrtps_c;rosidl_typesupport_introspection_c
[2.960s] -- Using all available rosidl_typesupport_cpp: rosidl_typesupport_fastrtps_cpp;rosidl_typesupport_introspection_cpp
[3.119s] -- Found PythonInterp: /usr/bin/python3 (found suitable version "3.10.12", minimum required is "3.6") 
[3.120s] -- Found python_cmake_module: 0.10.0 (/opt/ros/humble/share/python_cmake_module/cmake)
[3.423s] -- Found PythonLibs: /usr/lib/x86_64-linux-gnu/libpython3.10.so (found suitable version "3.10.12", minimum required is "3.5") 
[3.423s] -- Using PYTHON_EXECUTABLE: /usr/bin/python3
[3.423s] -- Using PYTHON_INCLUDE_DIRS: /usr/include/python3.10
[3.423s] -- Using PYTHON_LIBRARIES: /usr/lib/x86_64-linux-gnu/libpython3.10.so
[3.439s] -- Found PythonExtra: .so  
[3.532s] -- Found ament_cmake_flake8: 0.12.14 (/opt/ros/humble/share/ament_cmake_flake8/cmake)
[3.534s] -- Found ament_cmake_pep257: 0.12.14 (/opt/ros/humble/share/ament_cmake_pep257/cmake)
[3.541s] -- Configuring done
[3.587s] -- Generating done
[3.597s] -- Build files have been written to: /root/ros_ws/src/Rescue_Car_ws/build/shape_msgs
[3.609s] Invoked command in '/root/ros_ws/src/Rescue_Car_ws/build/shape_msgs' returned '0': AMENT_PREFIX_PATH=/root/ros_ws/src/Rescue_Car_ws/install/geometry_msgs:/root/ros_ws/src/Rescue_Car_ws/install/std_msgs:/root/ros_ws/src/Rescue_Car_ws/install/builtin_interfaces:${AMENT_PREFIX_PATH} CMAKE_PREFIX_PATH=/root/ros_ws/src/Rescue_Car_ws/install/geometry_msgs:/root/ros_ws/src/Rescue_Car_ws/install/std_msgs:/root/ros_ws/src/Rescue_Car_ws/install/builtin_interfaces:/opt/ros/humble LD_LIBRARY_PATH=/root/ros_ws/src/Rescue_Car_ws/install/geometry_msgs/lib:/root/ros_ws/src/Rescue_Car_ws/install/std_msgs/lib:/root/ros_ws/src/Rescue_Car_ws/install/builtin_interfaces/lib:${LD_LIBRARY_PATH} PYTHONPATH=/root/ros_ws/src/Rescue_Car_ws/install/geometry_msgs/local/lib/python3.10/dist-packages:/root/ros_ws/src/Rescue_Car_ws/install/std_msgs/local/lib/python3.10/dist-packages:/root/ros_ws/src/Rescue_Car_ws/install/builtin_interfaces/local/lib/python3.10/dist-packages:${PYTHONPATH} /usr/bin/cmake /root/ros_ws/src/Rescue_Car_ws/src/microros/src/ros2/common_interfaces/shape_msgs -DCMAKE_INSTALL_PREFIX=/root/ros_ws/src/Rescue_Car_ws/install/shape_msgs
[3.611s] Invoking command in '/root/ros_ws/src/Rescue_Car_ws/build/shape_msgs': AMENT_PREFIX_PATH=/root/ros_ws/src/Rescue_Car_ws/install/geometry_msgs:/root/ros_ws/src/Rescue_Car_ws/install/std_msgs:/root/ros_ws/src/Rescue_Car_ws/install/builtin_interfaces:${AMENT_PREFIX_PATH} CMAKE_PREFIX_PATH=/root/ros_ws/src/Rescue_Car_ws/install/geometry_msgs:/root/ros_ws/src/Rescue_Car_ws/install/std_msgs:/root/ros_ws/src/Rescue_Car_ws/install/builtin_interfaces:/opt/ros/humble LD_LIBRARY_PATH=/root/ros_ws/src/Rescue_Car_ws/install/geometry_msgs/lib:/root/ros_ws/src/Rescue_Car_ws/install/std_msgs/lib:/root/ros_ws/src/Rescue_Car_ws/install/builtin_interfaces/lib:${LD_LIBRARY_PATH} PYTHONPATH=/root/ros_ws/src/Rescue_Car_ws/install/geometry_msgs/local/lib/python3.10/dist-packages:/root/ros_ws/src/Rescue_Car_ws/install/std_msgs/local/lib/python3.10/dist-packages:/root/ros_ws/src/Rescue_Car_ws/install/builtin_interfaces/local/lib/python3.10/dist-packages:${PYTHONPATH} /usr/bin/cmake --build /root/ros_ws/src/Rescue_Car_ws/build/shape_msgs -- -j20 -l20
[3.650s] [  1%] [34m[1mGenerating C code for ROS interfaces[0m
[3.662s] [  3%] [34m[1mGenerating C++ code for ROS interfaces[0m
[3.673s] [  3%] Built target ament_cmake_python_copy_shape_msgs
[3.964s] running egg_info
[3.964s] creating shape_msgs.egg-info
[3.965s] writing shape_msgs.egg-info/PKG-INFO
[3.965s] writing dependency_links to shape_msgs.egg-info/dependency_links.txt
[3.965s] writing top-level names to shape_msgs.egg-info/top_level.txt
[3.965s] writing manifest file 'shape_msgs.egg-info/SOURCES.txt'
[3.967s] reading manifest file 'shape_msgs.egg-info/SOURCES.txt'
[3.968s] writing manifest file 'shape_msgs.egg-info/SOURCES.txt'
[3.998s] [  3%] Built target ament_cmake_python_build_shape_msgs_egg
[4.331s] [  3%] Built target shape_msgs__cpp
[4.340s] [  5%] [32mBuilding C object CMakeFiles/shape_msgs__rosidl_generator_c.dir/rosidl_generator_c/shape_msgs/msg/detail/plane__functions.c.o[0m
[4.341s] [  7%] [32mBuilding C object CMakeFiles/shape_msgs__rosidl_generator_c.dir/rosidl_generator_c/shape_msgs/msg/detail/mesh__functions.c.o[0m
[4.343s] [  9%] [32mBuilding C object CMakeFiles/shape_msgs__rosidl_generator_c.dir/rosidl_generator_c/shape_msgs/msg/detail/mesh_triangle__functions.c.o[0m
[4.346s] [ 10%] [32mBuilding C object CMakeFiles/shape_msgs__rosidl_generator_c.dir/rosidl_generator_c/shape_msgs/msg/detail/solid_primitive__functions.c.o[0m
[4.354s] [ 12%] [34m[1mGenerating C++ type support dispatch for ROS interfaces[0m
[4.359s] [ 14%] [34m[1mGenerating C++ introspection for ROS interfaces[0m
[4.359s] [ 16%] [34m[1mGenerating C++ type support for eProsima Fast-RTPS[0m
[4.436s] [ 18%] [32m[1mLinking C shared library libshape_msgs__rosidl_generator_c.so[0m
[4.891s] [ 18%] Built target shape_msgs__rosidl_generator_c
[4.916s] [ 20%] [34m[1mGenerating C type support dispatch for ROS interfaces[0m
[4.916s] [ 21%] [34m[1mGenerating C type support for eProsima Fast-RTPS[0m
[4.922s] [ 23%] [34m[1mGenerating C introspection for ROS interfaces[0m
[5.090s] [ 25%] [32mBuilding CXX object CMakeFiles/shape_msgs__rosidl_typesupport_cpp.dir/rosidl_typesupport_cpp/shape_msgs/msg/mesh_triangle__type_support.cpp.o[0m
[5.090s] [ 27%] [32mBuilding CXX object CMakeFiles/shape_msgs__rosidl_typesupport_cpp.dir/rosidl_typesupport_cpp/shape_msgs/msg/mesh__type_support.cpp.o[0m
[5.110s] [ 29%] [32mBuilding CXX object CMakeFiles/shape_msgs__rosidl_typesupport_cpp.dir/rosidl_typesupport_cpp/shape_msgs/msg/plane__type_support.cpp.o[0m
[5.110s] [ 30%] [32mBuilding CXX object CMakeFiles/shape_msgs__rosidl_typesupport_cpp.dir/rosidl_typesupport_cpp/shape_msgs/msg/solid_primitive__type_support.cpp.o[0m
[5.364s] [ 32%] [32mBuilding CXX object CMakeFiles/shape_msgs__rosidl_typesupport_fastrtps_cpp.dir/rosidl_typesupport_fastrtps_cpp/shape_msgs/msg/detail/dds_fastrtps/mesh__type_support.cpp.o[0m
[5.384s] [ 34%] [32mBuilding CXX object CMakeFiles/shape_msgs__rosidl_typesupport_fastrtps_cpp.dir/rosidl_typesupport_fastrtps_cpp/shape_msgs/msg/detail/dds_fastrtps/mesh_triangle__type_support.cpp.o[0m
[5.398s] [ 36%] [32mBuilding CXX object CMakeFiles/shape_msgs__rosidl_typesupport_fastrtps_cpp.dir/rosidl_typesupport_fastrtps_cpp/shape_msgs/msg/detail/dds_fastrtps/plane__type_support.cpp.o[0m
[5.414s] [ 38%] [32mBuilding CXX object CMakeFiles/shape_msgs__rosidl_typesupport_fastrtps_cpp.dir/rosidl_typesupport_fastrtps_cpp/shape_msgs/msg/detail/dds_fastrtps/solid_primitive__type_support.cpp.o[0m
[5.446s] [ 40%] [32mBuilding CXX object CMakeFiles/shape_msgs__rosidl_typesupport_introspection_cpp.dir/rosidl_typesupport_introspection_cpp/shape_msgs/msg/detail/mesh_triangle__type_support.cpp.o[0m
[5.446s] [ 41%] [32mBuilding CXX object CMakeFiles/shape_msgs__rosidl_typesupport_introspection_cpp.dir/rosidl_typesupport_introspection_cpp/shape_msgs/msg/detail/mesh__type_support.cpp.o[0m
[5.446s] [ 43%] [32mBuilding CXX object CMakeFiles/shape_msgs__rosidl_typesupport_introspection_cpp.dir/rosidl_typesupport_introspection_cpp/shape_msgs/msg/detail/plane__type_support.cpp.o[0m
[5.456s] [ 45%] [32mBuilding CXX object CMakeFiles/shape_msgs__rosidl_typesupport_introspection_cpp.dir/rosidl_typesupport_introspection_cpp/shape_msgs/msg/detail/solid_primitive__type_support.cpp.o[0m
[6.079s] [ 47%] [32mBuilding C object CMakeFiles/shape_msgs__rosidl_typesupport_introspection_c.dir/rosidl_typesupport_introspection_c/shape_msgs/msg/detail/mesh__type_support.c.o[0m
[6.088s] [ 49%] [32mBuilding C object CMakeFiles/shape_msgs__rosidl_typesupport_introspection_c.dir/rosidl_typesupport_introspection_c/shape_msgs/msg/detail/mesh_triangle__type_support.c.o[0m
[6.107s] [ 50%] [32mBuilding C object CMakeFiles/shape_msgs__rosidl_typesupport_introspection_c.dir/rosidl_typesupport_introspection_c/shape_msgs/msg/detail/plane__type_support.c.o[0m
[6.109s] [ 52%] [32mBuilding C object CMakeFiles/shape_msgs__rosidl_typesupport_introspection_c.dir/rosidl_typesupport_introspection_c/shape_msgs/msg/detail/solid_primitive__type_support.c.o[0m
[6.250s] [ 54%] [32m[1mLinking C shared library libshape_msgs__rosidl_typesupport_introspection_c.so[0m
[6.404s] [ 56%] [32m[1mLinking CXX shared library libshape_msgs__rosidl_typesupport_cpp.so[0m
[6.462s] [ 58%] [32mBuilding CXX object CMakeFiles/shape_msgs__rosidl_typesupport_c.dir/rosidl_typesupport_c/shape_msgs/msg/mesh__type_support.cpp.o[0m
[6.488s] [ 60%] [32mBuilding CXX object CMakeFiles/shape_msgs__rosidl_typesupport_c.dir/rosidl_typesupport_c/shape_msgs/msg/mesh_triangle__type_support.cpp.o[0m
[6.495s] [ 61%] [32mBuilding CXX object CMakeFiles/shape_msgs__rosidl_typesupport_c.dir/rosidl_typesupport_c/shape_msgs/msg/solid_primitive__type_support.cpp.o[0m
[6.508s] [ 63%] [32mBuilding CXX object CMakeFiles/shape_msgs__rosidl_typesupport_c.dir/rosidl_typesupport_c/shape_msgs/msg/plane__type_support.cpp.o[0m
[6.599s] [ 65%] [32m[1mLinking CXX shared library libshape_msgs__rosidl_typesupport_c.so[0m
[6.906s] [ 67%] [32mBuilding CXX object CMakeFiles/shape_msgs__rosidl_typesupport_fastrtps_c.dir/rosidl_typesupport_fastrtps_c/shape_msgs/msg/detail/mesh__type_support_c.cpp.o[0m
[7.045s] [ 69%] [32m[1mLinking CXX shared library libshape_msgs__rosidl_typesupport_fastrtps_cpp.so[0m
[7.164s] [ 70%] [32m[1mLinking CXX shared library libshape_msgs__rosidl_typesupport_introspection_cpp.so[0m
[7.262s] [ 70%] Built target shape_msgs__rosidl_typesupport_introspection_c
[7.369s] [ 70%] Built target shape_msgs__rosidl_typesupport_cpp
[7.457s] [ 70%] Built target shape_msgs__rosidl_typesupport_c
[7.464s] [ 70%] Built target shape_msgs__rosidl_typesupport_fastrtps_cpp
[7.590s] [ 70%] Built target shape_msgs__rosidl_typesupport_introspection_cpp
[7.593s] [ 72%] [32mBuilding CXX object CMakeFiles/shape_msgs__rosidl_typesupport_fastrtps_c.dir/rosidl_typesupport_fastrtps_c/shape_msgs/msg/detail/solid_primitive__type_support_c.cpp.o[0m
[7.973s] [ 74%] [32mBuilding CXX object CMakeFiles/shape_msgs__rosidl_typesupport_fastrtps_c.dir/rosidl_typesupport_fastrtps_c/shape_msgs/msg/detail/plane__type_support_c.cpp.o[0m
[8.337s] [ 76%] [32mBuilding CXX object CMakeFiles/shape_msgs__rosidl_typesupport_fastrtps_c.dir/rosidl_typesupport_fastrtps_c/shape_msgs/msg/detail/mesh_triangle__type_support_c.cpp.o[0m
[8.694s] [ 78%] [32m[1mLinking CXX shared library libshape_msgs__rosidl_typesupport_fastrtps_c.so[0m
[8.906s] [ 78%] Built target shape_msgs__rosidl_typesupport_fastrtps_c
[8.933s] [ 78%] Built target shape_msgs
[8.962s] [ 80%] [34m[1mGenerating Python code for ROS interfaces[0m
[9.990s] [ 80%] Built target shape_msgs__py
[10.013s] [ 81%] [32mBuilding C object CMakeFiles/shape_msgs__rosidl_generator_py.dir/rosidl_generator_py/shape_msgs/msg/_mesh_s.c.o[0m
[10.142s] [ 83%] [32mBuilding C object CMakeFiles/shape_msgs__rosidl_generator_py.dir/rosidl_generator_py/shape_msgs/msg/_solid_primitive_s.c.o[0m
[10.270s] [ 85%] [32mBuilding C object CMakeFiles/shape_msgs__rosidl_generator_py.dir/rosidl_generator_py/shape_msgs/msg/_plane_s.c.o[0m
[10.383s] [ 87%] [32mBuilding C object CMakeFiles/shape_msgs__rosidl_generator_py.dir/rosidl_generator_py/shape_msgs/msg/_mesh_triangle_s.c.o[0m
[10.504s] [ 89%] [32m[1mLinking C shared library rosidl_generator_py/shape_msgs/libshape_msgs__rosidl_generator_py.so[0m
[10.669s] [ 89%] Built target shape_msgs__rosidl_generator_py
[10.692s] [ 90%] [32mBuilding C object CMakeFiles/shape_msgs__rosidl_typesupport_fastrtps_c__pyext.dir/rosidl_generator_py/shape_msgs/_shape_msgs_s.ep.rosidl_typesupport_fastrtps_c.c.o[0m
[10.811s] [ 92%] [32m[1mLinking C shared library rosidl_generator_py/shape_msgs/shape_msgs_s__rosidl_typesupport_fastrtps_c.cpython-310-x86_64-linux-gnu.so[0m
[10.945s] [ 92%] Built target shape_msgs__rosidl_typesupport_fastrtps_c__pyext
[10.965s] [ 94%] [32mBuilding C object CMakeFiles/shape_msgs__rosidl_typesupport_c__pyext.dir/rosidl_generator_py/shape_msgs/_shape_msgs_s.ep.rosidl_typesupport_c.c.o[0m
[11.072s] [ 96%] [32m[1mLinking C shared library rosidl_generator_py/shape_msgs/shape_msgs_s__rosidl_typesupport_c.cpython-310-x86_64-linux-gnu.so[0m
[11.215s] [ 96%] Built target shape_msgs__rosidl_typesupport_c__pyext
[11.238s] [ 98%] [32mBuilding C object CMakeFiles/shape_msgs__rosidl_typesupport_introspection_c__pyext.dir/rosidl_generator_py/shape_msgs/_shape_msgs_s.ep.rosidl_typesupport_introspection_c.c.o[0m
[11.331s] [100%] [32m[1mLinking C shared library rosidl_generator_py/shape_msgs/shape_msgs_s__rosidl_typesupport_introspection_c.cpython-310-x86_64-linux-gnu.so[0m
[11.447s] [100%] Built target shape_msgs__rosidl_typesupport_introspection_c__pyext
[11.464s] Invoked command in '/root/ros_ws/src/Rescue_Car_ws/build/shape_msgs' returned '0': AMENT_PREFIX_PATH=/root/ros_ws/src/Rescue_Car_ws/install/geometry_msgs:/root/ros_ws/src/Rescue_Car_ws/install/std_msgs:/root/ros_ws/src/Rescue_Car_ws/install/builtin_interfaces:${AMENT_PREFIX_PATH} CMAKE_PREFIX_PATH=/root/ros_ws/src/Rescue_Car_ws/install/geometry_msgs:/root/ros_ws/src/Rescue_Car_ws/install/std_msgs:/root/ros_ws/src/Rescue_Car_ws/install/builtin_interfaces:/opt/ros/humble LD_LIBRARY_PATH=/root/ros_ws/src/Rescue_Car_ws/install/geometry_msgs/lib:/root/ros_ws/src/Rescue_Car_ws/install/std_msgs/lib:/root/ros_ws/src/Rescue_Car_ws/install/builtin_interfaces/lib:${LD_LIBRARY_PATH} PYTHONPATH=/root/ros_ws/src/Rescue_Car_ws/install/geometry_msgs/local/lib/python3.10/dist-packages:/root/ros_ws/src/Rescue_Car_ws/install/std_msgs/local/lib/python3.10/dist-packages:/root/ros_ws/src/Rescue_Car_ws/install/builtin_interfaces/local/lib/python3.10/dist-packages:${PYTHONPATH} /usr/bin/cmake --build /root/ros_ws/src/Rescue_Car_ws/build/shape_msgs -- -j20 -l20
[11.465s] Invoking command in '/root/ros_ws/src/Rescue_Car_ws/build/shape_msgs': AMENT_PREFIX_PATH=/root/ros_ws/src/Rescue_Car_ws/install/geometry_msgs:/root/ros_ws/src/Rescue_Car_ws/install/std_msgs:/root/ros_ws/src/Rescue_Car_ws/install/builtin_interfaces:${AMENT_PREFIX_PATH} CMAKE_PREFIX_PATH=/root/ros_ws/src/Rescue_Car_ws/install/geometry_msgs:/root/ros_ws/src/Rescue_Car_ws/install/std_msgs:/root/ros_ws/src/Rescue_Car_ws/install/builtin_interfaces:/opt/ros/humble LD_LIBRARY_PATH=/root/ros_ws/src/Rescue_Car_ws/install/geometry_msgs/lib:/root/ros_ws/src/Rescue_Car_ws/install/std_msgs/lib:/root/ros_ws/src/Rescue_Car_ws/install/builtin_interfaces/lib:${LD_LIBRARY_PATH} PYTHONPATH=/root/ros_ws/src/Rescue_Car_ws/install/geometry_msgs/local/lib/python3.10/dist-packages:/root/ros_ws/src/Rescue_Car_ws/install/std_msgs/local/lib/python3.10/dist-packages:/root/ros_ws/src/Rescue_Car_ws/install/builtin_interfaces/local/lib/python3.10/dist-packages:${PYTHONPATH} /usr/bin/cmake --install /root/ros_ws/src/Rescue_Car_ws/build/shape_msgs
[11.473s] -- Install configuration: ""
[11.474s] -- Installing: /root/ros_ws/src/Rescue_Car_ws/install/shape_msgs/share/ament_index/resource_index/rosidl_interfaces/shape_msgs
[11.474s] -- Installing: /root/ros_ws/src/Rescue_Car_ws/install/shape_msgs/include/shape_msgs/shape_msgs
[11.474s] -- Installing: /root/ros_ws/src/Rescue_Car_ws/install/shape_msgs/include/shape_msgs/shape_msgs/msg
[11.474s] -- Installing: /root/ros_ws/src/Rescue_Car_ws/install/shape_msgs/include/shape_msgs/shape_msgs/msg/mesh_triangle.h
[11.474s] -- Installing: /root/ros_ws/src/Rescue_Car_ws/install/shape_msgs/include/shape_msgs/shape_msgs/msg/detail
[11.475s] -- Installing: /root/ros_ws/src/Rescue_Car_ws/install/shape_msgs/include/shape_msgs/shape_msgs/msg/detail/mesh__struct.h
[11.475s] -- Installing: /root/ros_ws/src/Rescue_Car_ws/install/shape_msgs/include/shape_msgs/shape_msgs/msg/detail/plane__struct.h
[11.475s] -- Installing: /root/ros_ws/src/Rescue_Car_ws/install/shape_msgs/include/shape_msgs/shape_msgs/msg/detail/plane__functions.h
[11.475s] -- Installing: /root/ros_ws/src/Rescue_Car_ws/install/shape_msgs/include/shape_msgs/shape_msgs/msg/detail/mesh_triangle__type_support.h
[11.475s] -- Installing: /root/ros_ws/src/Rescue_Car_ws/install/shape_msgs/include/shape_msgs/shape_msgs/msg/detail/mesh_triangle__functions.c
[11.475s] -- Installing: /root/ros_ws/src/Rescue_Car_ws/install/shape_msgs/include/shape_msgs/shape_msgs/msg/detail/mesh__functions.h
[11.475s] -- Installing: /root/ros_ws/src/Rescue_Car_ws/install/shape_msgs/include/shape_msgs/shape_msgs/msg/detail/solid_primitive__type_support.h
[11.475s] -- Installing: /root/ros_ws/src/Rescue_Car_ws/install/shape_msgs/include/shape_msgs/shape_msgs/msg/detail/mesh__type_support.h
[11.476s] -- Installing: /root/ros_ws/src/Rescue_Car_ws/install/shape_msgs/include/shape_msgs/shape_msgs/msg/detail/mesh_triangle__functions.h
[11.476s] -- Installing: /root/ros_ws/src/Rescue_Car_ws/install/shape_msgs/include/shape_msgs/shape_msgs/msg/detail/solid_primitive__functions.h
[11.476s] -- Installing: /root/ros_ws/src/Rescue_Car_ws/install/shape_msgs/include/shape_msgs/shape_msgs/msg/detail/mesh__functions.c
[11.476s] -- Installing: /root/ros_ws/src/Rescue_Car_ws/install/shape_msgs/include/shape_msgs/shape_msgs/msg/detail/mesh_triangle__struct.h
[11.477s] -- Installing: /root/ros_ws/src/Rescue_Car_ws/install/shape_msgs/include/shape_msgs/shape_msgs/msg/detail/solid_primitive__struct.h
[11.477s] -- Installing: /root/ros_ws/src/Rescue_Car_ws/install/shape_msgs/include/shape_msgs/shape_msgs/msg/detail/plane__functions.c
[11.477s] -- Installing: /root/ros_ws/src/Rescue_Car_ws/install/shape_msgs/include/shape_msgs/shape_msgs/msg/detail/solid_primitive__functions.c
[11.477s] -- Installing: /root/ros_ws/src/Rescue_Car_ws/install/shape_msgs/include/shape_msgs/shape_msgs/msg/detail/plane__type_support.h
[11.477s] -- Installing: /root/ros_ws/src/Rescue_Car_ws/install/shape_msgs/include/shape_msgs/shape_msgs/msg/mesh.h
[11.477s] -- Installing: /root/ros_ws/src/Rescue_Car_ws/install/shape_msgs/include/shape_msgs/shape_msgs/msg/rosidl_generator_c__visibility_control.h
[11.477s] -- Installing: /root/ros_ws/src/Rescue_Car_ws/install/shape_msgs/include/shape_msgs/shape_msgs/msg/plane.h
[11.477s] -- Installing: /root/ros_ws/src/Rescue_Car_ws/install/shape_msgs/include/shape_msgs/shape_msgs/msg/solid_primitive.h
[11.478s] -- Installing: /root/ros_ws/src/Rescue_Car_ws/install/shape_msgs/share/shape_msgs/environment/library_path.sh
[11.478s] -- Installing: /root/ros_ws/src/Rescue_Car_ws/install/shape_msgs/share/shape_msgs/environment/library_path.dsv
[11.478s] -- Installing: /root/ros_ws/src/Rescue_Car_ws/install/shape_msgs/lib/libshape_msgs__rosidl_generator_c.so
[11.479s] -- Set runtime path of "/root/ros_ws/src/Rescue_Car_ws/install/shape_msgs/lib/libshape_msgs__rosidl_generator_c.so" to ""
[11.479s] -- Up-to-date: /root/ros_ws/src/Rescue_Car_ws/install/shape_msgs/include/shape_msgs/shape_msgs
[11.479s] -- Up-to-date: /root/ros_ws/src/Rescue_Car_ws/install/shape_msgs/include/shape_msgs/shape_msgs/msg
[11.479s] -- Up-to-date: /root/ros_ws/src/Rescue_Car_ws/install/shape_msgs/include/shape_msgs/shape_msgs/msg/detail
[11.479s] -- Installing: /root/ros_ws/src/Rescue_Car_ws/install/shape_msgs/include/shape_msgs/shape_msgs/msg/detail/mesh__rosidl_typesupport_fastrtps_c.h
[11.480s] -- Installing: /root/ros_ws/src/Rescue_Car_ws/install/shape_msgs/include/shape_msgs/shape_msgs/msg/detail/mesh_triangle__rosidl_typesupport_fastrtps_c.h
[11.480s] -- Installing: /root/ros_ws/src/Rescue_Car_ws/install/shape_msgs/include/shape_msgs/shape_msgs/msg/detail/plane__rosidl_typesupport_fastrtps_c.h
[11.480s] -- Installing: /root/ros_ws/src/Rescue_Car_ws/install/shape_msgs/include/shape_msgs/shape_msgs/msg/detail/solid_primitive__rosidl_typesupport_fastrtps_c.h
[11.480s] -- Installing: /root/ros_ws/src/Rescue_Car_ws/install/shape_msgs/include/shape_msgs/shape_msgs/msg/rosidl_typesupport_fastrtps_c__visibility_control.h
[11.480s] -- Installing: /root/ros_ws/src/Rescue_Car_ws/install/shape_msgs/lib/libshape_msgs__rosidl_typesupport_fastrtps_c.so
[11.481s] -- Set runtime path of "/root/ros_ws/src/Rescue_Car_ws/install/shape_msgs/lib/libshape_msgs__rosidl_typesupport_fastrtps_c.so" to ""
[11.481s] -- Up-to-date: /root/ros_ws/src/Rescue_Car_ws/install/shape_msgs/include/shape_msgs/shape_msgs
[11.481s] -- Up-to-date: /root/ros_ws/src/Rescue_Car_ws/install/shape_msgs/include/shape_msgs/shape_msgs/msg
[11.481s] -- Installing: /root/ros_ws/src/Rescue_Car_ws/install/shape_msgs/include/shape_msgs/shape_msgs/msg/mesh.hpp
[11.481s] -- Installing: /root/ros_ws/src/Rescue_Car_ws/install/shape_msgs/include/shape_msgs/shape_msgs/msg/rosidl_generator_cpp__visibility_control.hpp
[11.481s] -- Installing: /root/ros_ws/src/Rescue_Car_ws/install/shape_msgs/include/shape_msgs/shape_msgs/msg/mesh_triangle.hpp
[11.482s] -- Up-to-date: /root/ros_ws/src/Rescue_Car_ws/install/shape_msgs/include/shape_msgs/shape_msgs/msg/detail
[11.482s] -- Installing: /root/ros_ws/src/Rescue_Car_ws/install/shape_msgs/include/shape_msgs/shape_msgs/msg/detail/mesh__builder.hpp
[11.482s] -- Installing: /root/ros_ws/src/Rescue_Car_ws/install/shape_msgs/include/shape_msgs/shape_msgs/msg/detail/plane__builder.hpp
[11.482s] -- Installing: /root/ros_ws/src/Rescue_Car_ws/install/shape_msgs/include/shape_msgs/shape_msgs/msg/detail/mesh_triangle__type_support.hpp
[11.483s] -- Installing: /root/ros_ws/src/Rescue_Car_ws/install/shape_msgs/include/shape_msgs/shape_msgs/msg/detail/mesh_triangle__traits.hpp
[11.483s] -- Installing: /root/ros_ws/src/Rescue_Car_ws/install/shape_msgs/include/shape_msgs/shape_msgs/msg/detail/solid_primitive__builder.hpp
[11.483s] -- Installing: /root/ros_ws/src/Rescue_Car_ws/install/shape_msgs/include/shape_msgs/shape_msgs/msg/detail/mesh_triangle__builder.hpp
[11.483s] -- Installing: /root/ros_ws/src/Rescue_Car_ws/install/shape_msgs/include/shape_msgs/shape_msgs/msg/detail/mesh_triangle__struct.hpp
[11.483s] -- Installing: /root/ros_ws/src/Rescue_Car_ws/install/shape_msgs/include/shape_msgs/shape_msgs/msg/detail/solid_primitive__type_support.hpp
[11.483s] -- Installing: /root/ros_ws/src/Rescue_Car_ws/install/shape_msgs/include/shape_msgs/shape_msgs/msg/detail/plane__struct.hpp
[11.484s] -- Installing: /root/ros_ws/src/Rescue_Car_ws/install/shape_msgs/include/shape_msgs/shape_msgs/msg/detail/mesh__struct.hpp
[11.484s] -- Installing: /root/ros_ws/src/Rescue_Car_ws/install/shape_msgs/include/shape_msgs/shape_msgs/msg/detail/mesh__traits.hpp
[11.484s] -- Installing: /root/ros_ws/src/Rescue_Car_ws/install/shape_msgs/include/shape_msgs/shape_msgs/msg/detail/plane__type_support.hpp
[11.484s] -- Installing: /root/ros_ws/src/Rescue_Car_ws/install/shape_msgs/include/shape_msgs/shape_msgs/msg/detail/plane__traits.hpp
[11.485s] -- Installing: /root/ros_ws/src/Rescue_Car_ws/install/shape_msgs/include/shape_msgs/shape_msgs/msg/detail/mesh__type_support.hpp
[11.485s] -- Installing: /root/ros_ws/src/Rescue_Car_ws/install/shape_msgs/include/shape_msgs/shape_msgs/msg/detail/solid_primitive__struct.hpp
[11.485s] -- Installing: /root/ros_ws/src/Rescue_Car_ws/install/shape_msgs/include/shape_msgs/shape_msgs/msg/detail/solid_primitive__traits.hpp
[11.485s] -- Installing: /root/ros_ws/src/Rescue_Car_ws/install/shape_msgs/include/shape_msgs/shape_msgs/msg/plane.hpp
[11.486s] -- Installing: /root/ros_ws/src/Rescue_Car_ws/install/shape_msgs/include/shape_msgs/shape_msgs/msg/solid_primitive.hpp
[11.486s] -- Up-to-date: /root/ros_ws/src/Rescue_Car_ws/install/shape_msgs/include/shape_msgs/shape_msgs
[11.486s] -- Up-to-date: /root/ros_ws/src/Rescue_Car_ws/install/shape_msgs/include/shape_msgs/shape_msgs/msg
[11.486s] -- Installing: /root/ros_ws/src/Rescue_Car_ws/install/shape_msgs/include/shape_msgs/shape_msgs/msg/rosidl_typesupport_fastrtps_cpp__visibility_control.h
[11.486s] -- Up-to-date: /root/ros_ws/src/Rescue_Car_ws/install/shape_msgs/include/shape_msgs/shape_msgs/msg/detail
[11.486s] -- Installing: /root/ros_ws/src/Rescue_Car_ws/install/shape_msgs/include/shape_msgs/shape_msgs/msg/detail/solid_primitive__rosidl_typesupport_fastrtps_cpp.hpp
[11.486s] -- Installing: /root/ros_ws/src/Rescue_Car_ws/install/shape_msgs/include/shape_msgs/shape_msgs/msg/detail/dds_fastrtps
[11.486s] -- Installing: /root/ros_ws/src/Rescue_Car_ws/install/shape_msgs/include/shape_msgs/shape_msgs/msg/detail/plane__rosidl_typesupport_fastrtps_cpp.hpp
[11.487s] -- Installing: /root/ros_ws/src/Rescue_Car_ws/install/shape_msgs/include/shape_msgs/shape_msgs/msg/detail/mesh_triangle__rosidl_typesupport_fastrtps_cpp.hpp
[11.487s] -- Installing: /root/ros_ws/src/Rescue_Car_ws/install/shape_msgs/include/shape_msgs/shape_msgs/msg/detail/mesh__rosidl_typesupport_fastrtps_cpp.hpp
[11.487s] -- Installing: /root/ros_ws/src/Rescue_Car_ws/install/shape_msgs/lib/libshape_msgs__rosidl_typesupport_fastrtps_cpp.so
[11.487s] -- Set runtime path of "/root/ros_ws/src/Rescue_Car_ws/install/shape_msgs/lib/libshape_msgs__rosidl_typesupport_fastrtps_cpp.so" to ""
[11.487s] -- Up-to-date: /root/ros_ws/src/Rescue_Car_ws/install/shape_msgs/include/shape_msgs/shape_msgs
[11.487s] -- Up-to-date: /root/ros_ws/src/Rescue_Car_ws/install/shape_msgs/include/shape_msgs/shape_msgs/msg
[11.487s] -- Installing: /root/ros_ws/src/Rescue_Car_ws/install/shape_msgs/include/shape_msgs/shape_msgs/msg/rosidl_typesupport_introspection_c__visibility_control.h
[11.487s] -- Up-to-date: /root/ros_ws/src/Rescue_Car_ws/install/shape_msgs/include/shape_msgs/shape_msgs/msg/detail
[11.487s] -- Installing: /root/ros_ws/src/Rescue_Car_ws/install/shape_msgs/include/shape_msgs/shape_msgs/msg/detail/plane__rosidl_typesupport_introspection_c.h
[11.487s] -- Installing: /root/ros_ws/src/Rescue_Car_ws/install/shape_msgs/include/shape_msgs/shape_msgs/msg/detail/mesh_triangle__rosidl_typesupport_introspection_c.h
[11.487s] -- Installing: /root/ros_ws/src/Rescue_Car_ws/install/shape_msgs/include/shape_msgs/shape_msgs/msg/detail/mesh__rosidl_typesupport_introspection_c.h
[11.488s] -- Installing: /root/ros_ws/src/Rescue_Car_ws/install/shape_msgs/include/shape_msgs/shape_msgs/msg/detail/plane__type_support.c
[11.488s] -- Installing: /root/ros_ws/src/Rescue_Car_ws/install/shape_msgs/include/shape_msgs/shape_msgs/msg/detail/solid_primitive__type_support.c
[11.488s] -- Installing: /root/ros_ws/src/Rescue_Car_ws/install/shape_msgs/include/shape_msgs/shape_msgs/msg/detail/mesh_triangle__type_support.c
[11.488s] -- Installing: /root/ros_ws/src/Rescue_Car_ws/install/shape_msgs/include/shape_msgs/shape_msgs/msg/detail/solid_primitive__rosidl_typesupport_introspection_c.h
[11.488s] -- Installing: /root/ros_ws/src/Rescue_Car_ws/install/shape_msgs/include/shape_msgs/shape_msgs/msg/detail/mesh__type_support.c
[11.488s] -- Installing: /root/ros_ws/src/Rescue_Car_ws/install/shape_msgs/lib/libshape_msgs__rosidl_typesupport_introspection_c.so
[11.488s] -- Set runtime path of "/root/ros_ws/src/Rescue_Car_ws/install/shape_msgs/lib/libshape_msgs__rosidl_typesupport_introspection_c.so" to ""
[11.488s] -- Installing: /root/ros_ws/src/Rescue_Car_ws/install/shape_msgs/lib/libshape_msgs__rosidl_typesupport_c.so
[11.488s] -- Set runtime path of "/root/ros_ws/src/Rescue_Car_ws/install/shape_msgs/lib/libshape_msgs__rosidl_typesupport_c.so" to ""
[11.488s] -- Up-to-date: /root/ros_ws/src/Rescue_Car_ws/install/shape_msgs/include/shape_msgs/shape_msgs
[11.488s] -- Up-to-date: /root/ros_ws/src/Rescue_Car_ws/install/shape_msgs/include/shape_msgs/shape_msgs/msg
[11.488s] -- Up-to-date: /root/ros_ws/src/Rescue_Car_ws/install/shape_msgs/include/shape_msgs/shape_msgs/msg/detail
[11.489s] -- Installing: /root/ros_ws/src/Rescue_Car_ws/install/shape_msgs/include/shape_msgs/shape_msgs/msg/detail/mesh_triangle__type_support.cpp
[11.489s] -- Installing: /root/ros_ws/src/Rescue_Car_ws/install/shape_msgs/include/shape_msgs/shape_msgs/msg/detail/solid_primitive__type_support.cpp
[11.489s] -- Installing: /root/ros_ws/src/Rescue_Car_ws/install/shape_msgs/include/shape_msgs/shape_msgs/msg/detail/solid_primitive__rosidl_typesupport_introspection_cpp.hpp
[11.489s] -- Installing: /root/ros_ws/src/Rescue_Car_ws/install/shape_msgs/include/shape_msgs/shape_msgs/msg/detail/plane__type_support.cpp
[11.489s] -- Installing: /root/ros_ws/src/Rescue_Car_ws/install/shape_msgs/include/shape_msgs/shape_msgs/msg/detail/mesh__rosidl_typesupport_introspection_cpp.hpp
[11.489s] -- Installing: /root/ros_ws/src/Rescue_Car_ws/install/shape_msgs/include/shape_msgs/shape_msgs/msg/detail/plane__rosidl_typesupport_introspection_cpp.hpp
[11.489s] -- Installing: /root/ros_ws/src/Rescue_Car_ws/install/shape_msgs/include/shape_msgs/shape_msgs/msg/detail/mesh__type_support.cpp
[11.489s] -- Installing: /root/ros_ws/src/Rescue_Car_ws/install/shape_msgs/include/shape_msgs/shape_msgs/msg/detail/mesh_triangle__rosidl_typesupport_introspection_cpp.hpp
[11.489s] -- Installing: /root/ros_ws/src/Rescue_Car_ws/install/shape_msgs/lib/libshape_msgs__rosidl_typesupport_introspection_cpp.so
[11.490s] -- Set runtime path of "/root/ros_ws/src/Rescue_Car_ws/install/shape_msgs/lib/libshape_msgs__rosidl_typesupport_introspection_cpp.so" to ""
[11.490s] -- Installing: /root/ros_ws/src/Rescue_Car_ws/install/shape_msgs/lib/libshape_msgs__rosidl_typesupport_cpp.so
[11.490s] -- Set runtime path of "/root/ros_ws/src/Rescue_Car_ws/install/shape_msgs/lib/libshape_msgs__rosidl_typesupport_cpp.so" to ""
[11.490s] -- Installing: /root/ros_ws/src/Rescue_Car_ws/install/shape_msgs/share/shape_msgs/environment/pythonpath.sh
[11.490s] -- Installing: /root/ros_ws/src/Rescue_Car_ws/install/shape_msgs/share/shape_msgs/environment/pythonpath.dsv
[11.490s] -- Installing: /root/ros_ws/src/Rescue_Car_ws/install/shape_msgs/local/lib/python3.10/dist-packages/shape_msgs-4.9.0-py3.10.egg-info
[11.490s] -- Installing: /root/ros_ws/src/Rescue_Car_ws/install/shape_msgs/local/lib/python3.10/dist-packages/shape_msgs-4.9.0-py3.10.egg-info/dependency_links.txt
[11.490s] -- Installing: /root/ros_ws/src/Rescue_Car_ws/install/shape_msgs/local/lib/python3.10/dist-packages/shape_msgs-4.9.0-py3.10.egg-info/SOURCES.txt
[11.491s] -- Installing: /root/ros_ws/src/Rescue_Car_ws/install/shape_msgs/local/lib/python3.10/dist-packages/shape_msgs-4.9.0-py3.10.egg-info/PKG-INFO
[11.491s] -- Installing: /root/ros_ws/src/Rescue_Car_ws/install/shape_msgs/local/lib/python3.10/dist-packages/shape_msgs-4.9.0-py3.10.egg-info/top_level.txt
[11.491s] -- Installing: /root/ros_ws/src/Rescue_Car_ws/install/shape_msgs/local/lib/python3.10/dist-packages/shape_msgs
[11.491s] -- Installing: /root/ros_ws/src/Rescue_Car_ws/install/shape_msgs/local/lib/python3.10/dist-packages/shape_msgs/_shape_msgs_s.ep.rosidl_typesupport_fastrtps_c.c
[11.491s] -- Installing: /root/ros_ws/src/Rescue_Car_ws/install/shape_msgs/local/lib/python3.10/dist-packages/shape_msgs/_shape_msgs_s.ep.rosidl_typesupport_c.c
[11.491s] -- Installing: /root/ros_ws/src/Rescue_Car_ws/install/shape_msgs/local/lib/python3.10/dist-packages/shape_msgs/shape_msgs_s__rosidl_typesupport_c.cpython-310-x86_64-linux-gnu.so
[11.492s] -- Installing: /root/ros_ws/src/Rescue_Car_ws/install/shape_msgs/local/lib/python3.10/dist-packages/shape_msgs/_shape_msgs_s.ep.rosidl_typesupport_introspection_c.c
[11.492s] -- Installing: /root/ros_ws/src/Rescue_Car_ws/install/shape_msgs/local/lib/python3.10/dist-packages/shape_msgs/shape_msgs_s__rosidl_typesupport_introspection_c.cpython-310-x86_64-linux-gnu.so
[11.492s] -- Installing: /root/ros_ws/src/Rescue_Car_ws/install/shape_msgs/local/lib/python3.10/dist-packages/shape_msgs/libshape_msgs__rosidl_generator_py.so
[11.492s] -- Installing: /root/ros_ws/src/Rescue_Car_ws/install/shape_msgs/local/lib/python3.10/dist-packages/shape_msgs/__init__.py
[11.492s] -- Installing: /root/ros_ws/src/Rescue_Car_ws/install/shape_msgs/local/lib/python3.10/dist-packages/shape_msgs/msg
[11.492s] -- Installing: /root/ros_ws/src/Rescue_Car_ws/install/shape_msgs/local/lib/python3.10/dist-packages/shape_msgs/msg/_solid_primitive.py
[11.492s] -- Installing: /root/ros_ws/src/Rescue_Car_ws/install/shape_msgs/local/lib/python3.10/dist-packages/shape_msgs/msg/_plane.py
[11.492s] -- Installing: /root/ros_ws/src/Rescue_Car_ws/install/shape_msgs/local/lib/python3.10/dist-packages/shape_msgs/msg/_mesh.py
[11.492s] -- Installing: /root/ros_ws/src/Rescue_Car_ws/install/shape_msgs/local/lib/python3.10/dist-packages/shape_msgs/msg/_solid_primitive_s.c
[11.492s] -- Installing: /root/ros_ws/src/Rescue_Car_ws/install/shape_msgs/local/lib/python3.10/dist-packages/shape_msgs/msg/_mesh_triangle_s.c
[11.492s] -- Installing: /root/ros_ws/src/Rescue_Car_ws/install/shape_msgs/local/lib/python3.10/dist-packages/shape_msgs/msg/_plane_s.c
[11.492s] -- Installing: /root/ros_ws/src/Rescue_Car_ws/install/shape_msgs/local/lib/python3.10/dist-packages/shape_msgs/msg/_mesh_triangle.py
[11.492s] -- Installing: /root/ros_ws/src/Rescue_Car_ws/install/shape_msgs/local/lib/python3.10/dist-packages/shape_msgs/msg/__init__.py
[11.492s] -- Installing: /root/ros_ws/src/Rescue_Car_ws/install/shape_msgs/local/lib/python3.10/dist-packages/shape_msgs/msg/_mesh_s.c
[11.492s] -- Installing: /root/ros_ws/src/Rescue_Car_ws/install/shape_msgs/local/lib/python3.10/dist-packages/shape_msgs/shape_msgs_s__rosidl_typesupport_fastrtps_c.cpython-310-x86_64-linux-gnu.so
[11.524s] Listing '/root/ros_ws/src/Rescue_Car_ws/install/shape_msgs/local/lib/python3.10/dist-packages/shape_msgs'...
[11.525s] Compiling '/root/ros_ws/src/Rescue_Car_ws/install/shape_msgs/local/lib/python3.10/dist-packages/shape_msgs/__init__.py'...
[11.525s] Listing '/root/ros_ws/src/Rescue_Car_ws/install/shape_msgs/local/lib/python3.10/dist-packages/shape_msgs/msg'...
[11.525s] Compiling '/root/ros_ws/src/Rescue_Car_ws/install/shape_msgs/local/lib/python3.10/dist-packages/shape_msgs/msg/__init__.py'...
[11.525s] Compiling '/root/ros_ws/src/Rescue_Car_ws/install/shape_msgs/local/lib/python3.10/dist-packages/shape_msgs/msg/_mesh.py'...
[11.525s] Compiling '/root/ros_ws/src/Rescue_Car_ws/install/shape_msgs/local/lib/python3.10/dist-packages/shape_msgs/msg/_mesh_triangle.py'...
[11.525s] Compiling '/root/ros_ws/src/Rescue_Car_ws/install/shape_msgs/local/lib/python3.10/dist-packages/shape_msgs/msg/_plane.py'...
[11.525s] Compiling '/root/ros_ws/src/Rescue_Car_ws/install/shape_msgs/local/lib/python3.10/dist-packages/shape_msgs/msg/_solid_primitive.py'...
[11.531s] -- Installing: /root/ros_ws/src/Rescue_Car_ws/install/shape_msgs/local/lib/python3.10/dist-packages/shape_msgs/shape_msgs_s__rosidl_typesupport_fastrtps_c.cpython-310-x86_64-linux-gnu.so
[11.531s] -- Set runtime path of "/root/ros_ws/src/Rescue_Car_ws/install/shape_msgs/local/lib/python3.10/dist-packages/shape_msgs/shape_msgs_s__rosidl_typesupport_fastrtps_c.cpython-310-x86_64-linux-gnu.so" to ""
[11.531s] -- Installing: /root/ros_ws/src/Rescue_Car_ws/install/shape_msgs/local/lib/python3.10/dist-packages/shape_msgs/shape_msgs_s__rosidl_typesupport_introspection_c.cpython-310-x86_64-linux-gnu.so
[11.531s] -- Set runtime path of "/root/ros_ws/src/Rescue_Car_ws/install/shape_msgs/local/lib/python3.10/dist-packages/shape_msgs/shape_msgs_s__rosidl_typesupport_introspection_c.cpython-310-x86_64-linux-gnu.so" to ""
[11.531s] -- Installing: /root/ros_ws/src/Rescue_Car_ws/install/shape_msgs/local/lib/python3.10/dist-packages/shape_msgs/shape_msgs_s__rosidl_typesupport_c.cpython-310-x86_64-linux-gnu.so
[11.532s] -- Set runtime path of "/root/ros_ws/src/Rescue_Car_ws/install/shape_msgs/local/lib/python3.10/dist-packages/shape_msgs/shape_msgs_s__rosidl_typesupport_c.cpython-310-x86_64-linux-gnu.so" to ""
[11.532s] -- Installing: /root/ros_ws/src/Rescue_Car_ws/install/shape_msgs/lib/libshape_msgs__rosidl_generator_py.so
[11.532s] -- Set runtime path of "/root/ros_ws/src/Rescue_Car_ws/install/shape_msgs/lib/libshape_msgs__rosidl_generator_py.so" to ""
[11.533s] -- Installing: /root/ros_ws/src/Rescue_Car_ws/install/shape_msgs/share/shape_msgs/msg/Mesh.idl
[11.533s] -- Installing: /root/ros_ws/src/Rescue_Car_ws/install/shape_msgs/share/shape_msgs/msg/MeshTriangle.idl
[11.533s] -- Installing: /root/ros_ws/src/Rescue_Car_ws/install/shape_msgs/share/shape_msgs/msg/Plane.idl
[11.533s] -- Installing: /root/ros_ws/src/Rescue_Car_ws/install/shape_msgs/share/shape_msgs/msg/SolidPrimitive.idl
[11.534s] -- Installing: /root/ros_ws/src/Rescue_Car_ws/install/shape_msgs/share/shape_msgs/msg/Mesh.msg
[11.534s] -- Installing: /root/ros_ws/src/Rescue_Car_ws/install/shape_msgs/share/shape_msgs/msg/MeshTriangle.msg
[11.534s] -- Installing: /root/ros_ws/src/Rescue_Car_ws/install/shape_msgs/share/shape_msgs/msg/Plane.msg
[11.534s] -- Installing: /root/ros_ws/src/Rescue_Car_ws/install/shape_msgs/share/shape_msgs/msg/SolidPrimitive.msg
[11.534s] -- Installing: /root/ros_ws/src/Rescue_Car_ws/install/shape_msgs/share/ament_index/resource_index/package_run_dependencies/shape_msgs
[11.534s] -- Installing: /root/ros_ws/src/Rescue_Car_ws/install/shape_msgs/share/ament_index/resource_index/parent_prefix_path/shape_msgs
[11.534s] -- Installing: /root/ros_ws/src/Rescue_Car_ws/install/shape_msgs/share/shape_msgs/environment/ament_prefix_path.sh
[11.535s] -- Installing: /root/ros_ws/src/Rescue_Car_ws/install/shape_msgs/share/shape_msgs/environment/ament_prefix_path.dsv
[11.535s] -- Installing: /root/ros_ws/src/Rescue_Car_ws/install/shape_msgs/share/shape_msgs/environment/path.sh
[11.535s] -- Installing: /root/ros_ws/src/Rescue_Car_ws/install/shape_msgs/share/shape_msgs/environment/path.dsv
[11.535s] -- Installing: /root/ros_ws/src/Rescue_Car_ws/install/shape_msgs/share/shape_msgs/local_setup.bash
[11.535s] -- Installing: /root/ros_ws/src/Rescue_Car_ws/install/shape_msgs/share/shape_msgs/local_setup.sh
[11.535s] -- Installing: /root/ros_ws/src/Rescue_Car_ws/install/shape_msgs/share/shape_msgs/local_setup.zsh
[11.535s] -- Installing: /root/ros_ws/src/Rescue_Car_ws/install/shape_msgs/share/shape_msgs/local_setup.dsv
[11.536s] -- Installing: /root/ros_ws/src/Rescue_Car_ws/install/shape_msgs/share/shape_msgs/package.dsv
[11.536s] -- Installing: /root/ros_ws/src/Rescue_Car_ws/install/shape_msgs/share/ament_index/resource_index/packages/shape_msgs
[11.536s] -- Installing: /root/ros_ws/src/Rescue_Car_ws/install/shape_msgs/share/shape_msgs/cmake/export_shape_msgs__rosidl_generator_cExport.cmake
[11.536s] -- Installing: /root/ros_ws/src/Rescue_Car_ws/install/shape_msgs/share/shape_msgs/cmake/export_shape_msgs__rosidl_generator_cExport-noconfig.cmake
[11.537s] -- Installing: /root/ros_ws/src/Rescue_Car_ws/install/shape_msgs/share/shape_msgs/cmake/export_shape_msgs__rosidl_typesupport_fastrtps_cExport.cmake
[11.537s] -- Installing: /root/ros_ws/src/Rescue_Car_ws/install/shape_msgs/share/shape_msgs/cmake/export_shape_msgs__rosidl_typesupport_fastrtps_cExport-noconfig.cmake
[11.537s] -- Installing: /root/ros_ws/src/Rescue_Car_ws/install/shape_msgs/share/shape_msgs/cmake/export_shape_msgs__rosidl_generator_cppExport.cmake
[11.537s] -- Installing: /root/ros_ws/src/Rescue_Car_ws/install/shape_msgs/share/shape_msgs/cmake/export_shape_msgs__rosidl_typesupport_fastrtps_cppExport.cmake
[11.537s] -- Installing: /root/ros_ws/src/Rescue_Car_ws/install/shape_msgs/share/shape_msgs/cmake/export_shape_msgs__rosidl_typesupport_fastrtps_cppExport-noconfig.cmake
[11.537s] -- Installing: /root/ros_ws/src/Rescue_Car_ws/install/shape_msgs/share/shape_msgs/cmake/shape_msgs__rosidl_typesupport_introspection_cExport.cmake
[11.537s] -- Installing: /root/ros_ws/src/Rescue_Car_ws/install/shape_msgs/share/shape_msgs/cmake/shape_msgs__rosidl_typesupport_introspection_cExport-noconfig.cmake
[11.537s] -- Installing: /root/ros_ws/src/Rescue_Car_ws/install/shape_msgs/share/shape_msgs/cmake/shape_msgs__rosidl_typesupport_cExport.cmake
[11.538s] -- Installing: /root/ros_ws/src/Rescue_Car_ws/install/shape_msgs/share/shape_msgs/cmake/shape_msgs__rosidl_typesupport_cExport-noconfig.cmake
[11.538s] -- Installing: /root/ros_ws/src/Rescue_Car_ws/install/shape_msgs/share/shape_msgs/cmake/shape_msgs__rosidl_typesupport_introspection_cppExport.cmake
[11.538s] -- Installing: /root/ros_ws/src/Rescue_Car_ws/install/shape_msgs/share/shape_msgs/cmake/shape_msgs__rosidl_typesupport_introspection_cppExport-noconfig.cmake
[11.538s] -- Installing: /root/ros_ws/src/Rescue_Car_ws/install/shape_msgs/share/shape_msgs/cmake/shape_msgs__rosidl_typesupport_cppExport.cmake
[11.538s] -- Installing: /root/ros_ws/src/Rescue_Car_ws/install/shape_msgs/share/shape_msgs/cmake/shape_msgs__rosidl_typesupport_cppExport-noconfig.cmake
[11.538s] -- Installing: /root/ros_ws/src/Rescue_Car_ws/install/shape_msgs/share/shape_msgs/cmake/export_shape_msgs__rosidl_generator_pyExport.cmake
[11.538s] -- Installing: /root/ros_ws/src/Rescue_Car_ws/install/shape_msgs/share/shape_msgs/cmake/export_shape_msgs__rosidl_generator_pyExport-noconfig.cmake
[11.538s] -- Installing: /root/ros_ws/src/Rescue_Car_ws/install/shape_msgs/share/shape_msgs/cmake/rosidl_cmake-extras.cmake
[11.538s] -- Installing: /root/ros_ws/src/Rescue_Car_ws/install/shape_msgs/share/shape_msgs/cmake/ament_cmake_export_dependencies-extras.cmake
[11.538s] -- Installing: /root/ros_ws/src/Rescue_Car_ws/install/shape_msgs/share/shape_msgs/cmake/ament_cmake_export_include_directories-extras.cmake
[11.538s] -- Installing: /root/ros_ws/src/Rescue_Car_ws/install/shape_msgs/share/shape_msgs/cmake/ament_cmake_export_libraries-extras.cmake
[11.538s] -- Installing: /root/ros_ws/src/Rescue_Car_ws/install/shape_msgs/share/shape_msgs/cmake/ament_cmake_export_targets-extras.cmake
[11.538s] -- Installing: /root/ros_ws/src/Rescue_Car_ws/install/shape_msgs/share/shape_msgs/cmake/rosidl_cmake_export_typesupport_targets-extras.cmake
[11.538s] -- Installing: /root/ros_ws/src/Rescue_Car_ws/install/shape_msgs/share/shape_msgs/cmake/rosidl_cmake_export_typesupport_libraries-extras.cmake
[11.538s] -- Installing: /root/ros_ws/src/Rescue_Car_ws/install/shape_msgs/share/shape_msgs/cmake/shape_msgsConfig.cmake
[11.538s] -- Installing: /root/ros_ws/src/Rescue_Car_ws/install/shape_msgs/share/shape_msgs/cmake/shape_msgsConfig-version.cmake
[11.538s] -- Installing: /root/ros_ws/src/Rescue_Car_ws/install/shape_msgs/share/shape_msgs/package.xml
[11.540s] Invoked command in '/root/ros_ws/src/Rescue_Car_ws/build/shape_msgs' returned '0': AMENT_PREFIX_PATH=/root/ros_ws/src/Rescue_Car_ws/install/geometry_msgs:/root/ros_ws/src/Rescue_Car_ws/install/std_msgs:/root/ros_ws/src/Rescue_Car_ws/install/builtin_interfaces:${AMENT_PREFIX_PATH} CMAKE_PREFIX_PATH=/root/ros_ws/src/Rescue_Car_ws/install/geometry_msgs:/root/ros_ws/src/Rescue_Car_ws/install/std_msgs:/root/ros_ws/src/Rescue_Car_ws/install/builtin_interfaces:/opt/ros/humble LD_LIBRARY_PATH=/root/ros_ws/src/Rescue_Car_ws/install/geometry_msgs/lib:/root/ros_ws/src/Rescue_Car_ws/install/std_msgs/lib:/root/ros_ws/src/Rescue_Car_ws/install/builtin_interfaces/lib:${LD_LIBRARY_PATH} PYTHONPATH=/root/ros_ws/src/Rescue_Car_ws/install/geometry_msgs/local/lib/python3.10/dist-packages:/root/ros_ws/src/Rescue_Car_ws/install/std_msgs/local/lib/python3.10/dist-packages:/root/ros_ws/src/Rescue_Car_ws/install/builtin_interfaces/local/lib/python3.10/dist-packages:${PYTHONPATH} /usr/bin/cmake --install /root/ros_ws/src/Rescue_Car_ws/build/shape_msgs
