[0.318s] Invoking command in '/root/ros_ws/src/Rescue_Car_ws/build/shape_msgs': AMENT_PREFIX_PATH=/root/ros_ws/src/Rescue_Car_ws/install/geometry_msgs:/root/ros_ws/src/Rescue_Car_ws/install/std_msgs:/root/ros_ws/src/Rescue_Car_ws/install/builtin_interfaces:${AMENT_PREFIX_PATH} CMAKE_PREFIX_PATH=/root/ros_ws/src/Rescue_Car_ws/install/geometry_msgs:/root/ros_ws/src/Rescue_Car_ws/install/std_msgs:/root/ros_ws/src/Rescue_Car_ws/install/builtin_interfaces:/opt/ros/humble LD_LIBRARY_PATH=/root/ros_ws/src/Rescue_Car_ws/install/geometry_msgs/lib:/root/ros_ws/src/Rescue_Car_ws/install/std_msgs/lib:/root/ros_ws/src/Rescue_Car_ws/install/builtin_interfaces/lib:${LD_LIBRARY_PATH} PYTHONPATH=/root/ros_ws/src/Rescue_Car_ws/install/geometry_msgs/local/lib/python3.10/dist-packages:/root/ros_ws/src/Rescue_Car_ws/install/std_msgs/local/lib/python3.10/dist-packages:/root/ros_ws/src/Rescue_Car_ws/install/builtin_interfaces/local/lib/python3.10/dist-packages:${PYTHONPATH} /usr/bin/cmake --build /root/ros_ws/src/Rescue_Car_ws/build/shape_msgs -- -j20 -l20
[0.354s] [35m[1mConsolidate compiler generated dependencies of target shape_msgs__rosidl_generator_c[0m
[0.371s] [ 10%] Built target shape_msgs__rosidl_generator_c
[0.372s] [ 12%] Built target shape_msgs__cpp
[0.374s] [ 12%] Built target ament_cmake_python_copy_shape_msgs
[0.378s] [35m[1mConsolidate compiler generated dependencies of target shape_msgs__rosidl_typesupport_c[0m
[0.382s] [35m[1mConsolidate compiler generated dependencies of target shape_msgs__rosidl_typesupport_fastrtps_c[0m
[0.382s] [35m[1mConsolidate compiler generated dependencies of target shape_msgs__rosidl_typesupport_cpp[0m
[0.384s] [35m[1mConsolidate compiler generated dependencies of target shape_msgs__rosidl_typesupport_fastrtps_cpp[0m
[0.384s] [35m[1mConsolidate compiler generated dependencies of target shape_msgs__rosidl_typesupport_introspection_c[0m
[0.389s] [35m[1mConsolidate compiler generated dependencies of target shape_msgs__rosidl_typesupport_introspection_cpp[0m
[0.401s] [ 25%] Built target shape_msgs__rosidl_typesupport_fastrtps_c
[0.408s] [ 34%] Built target shape_msgs__rosidl_typesupport_c
[0.411s] [ 45%] Built target shape_msgs__rosidl_typesupport_introspection_c
[0.412s] [ 56%] Built target shape_msgs__rosidl_typesupport_cpp
[0.416s] [ 67%] Built target shape_msgs__rosidl_typesupport_fastrtps_cpp
[0.427s] [ 78%] Built target shape_msgs__rosidl_typesupport_introspection_cpp
[0.460s] [ 78%] Built target shape_msgs
[0.548s] [ 80%] Built target shape_msgs__py
[0.583s] [35m[1mConsolidate compiler generated dependencies of target shape_msgs__rosidl_generator_py[0m
[0.610s] [ 89%] Built target shape_msgs__rosidl_generator_py
[0.637s] [35m[1mConsolidate compiler generated dependencies of target shape_msgs__rosidl_typesupport_fastrtps_c__pyext[0m
[0.644s] [35m[1mConsolidate compiler generated dependencies of target shape_msgs__rosidl_typesupport_c__pyext[0m
[0.650s] [35m[1mConsolidate compiler generated dependencies of target shape_msgs__rosidl_typesupport_introspection_c__pyext[0m
[0.675s] [ 92%] Built target shape_msgs__rosidl_typesupport_fastrtps_c__pyext
[0.690s] [ 96%] Built target shape_msgs__rosidl_typesupport_introspection_c__pyext
[0.691s] [100%] Built target shape_msgs__rosidl_typesupport_c__pyext
[0.884s] running egg_info
[0.884s] writing shape_msgs.egg-info/PKG-INFO
[0.884s] writing dependency_links to shape_msgs.egg-info/dependency_links.txt
[0.885s] writing top-level names to shape_msgs.egg-info/top_level.txt
[0.887s] reading manifest file 'shape_msgs.egg-info/SOURCES.txt'
[0.892s] writing manifest file 'shape_msgs.egg-info/SOURCES.txt'
[0.984s] [100%] Built target ament_cmake_python_build_shape_msgs_egg
[1.021s] Invoked command in '/root/ros_ws/src/Rescue_Car_ws/build/shape_msgs' returned '0': AMENT_PREFIX_PATH=/root/ros_ws/src/Rescue_Car_ws/install/geometry_msgs:/root/ros_ws/src/Rescue_Car_ws/install/std_msgs:/root/ros_ws/src/Rescue_Car_ws/install/builtin_interfaces:${AMENT_PREFIX_PATH} CMAKE_PREFIX_PATH=/root/ros_ws/src/Rescue_Car_ws/install/geometry_msgs:/root/ros_ws/src/Rescue_Car_ws/install/std_msgs:/root/ros_ws/src/Rescue_Car_ws/install/builtin_interfaces:/opt/ros/humble LD_LIBRARY_PATH=/root/ros_ws/src/Rescue_Car_ws/install/geometry_msgs/lib:/root/ros_ws/src/Rescue_Car_ws/install/std_msgs/lib:/root/ros_ws/src/Rescue_Car_ws/install/builtin_interfaces/lib:${LD_LIBRARY_PATH} PYTHONPATH=/root/ros_ws/src/Rescue_Car_ws/install/geometry_msgs/local/lib/python3.10/dist-packages:/root/ros_ws/src/Rescue_Car_ws/install/std_msgs/local/lib/python3.10/dist-packages:/root/ros_ws/src/Rescue_Car_ws/install/builtin_interfaces/local/lib/python3.10/dist-packages:${PYTHONPATH} /usr/bin/cmake --build /root/ros_ws/src/Rescue_Car_ws/build/shape_msgs -- -j20 -l20
[1.021s] Invoking command in '/root/ros_ws/src/Rescue_Car_ws/build/shape_msgs': AMENT_PREFIX_PATH=/root/ros_ws/src/Rescue_Car_ws/install/geometry_msgs:/root/ros_ws/src/Rescue_Car_ws/install/std_msgs:/root/ros_ws/src/Rescue_Car_ws/install/builtin_interfaces:${AMENT_PREFIX_PATH} CMAKE_PREFIX_PATH=/root/ros_ws/src/Rescue_Car_ws/install/geometry_msgs:/root/ros_ws/src/Rescue_Car_ws/install/std_msgs:/root/ros_ws/src/Rescue_Car_ws/install/builtin_interfaces:/opt/ros/humble LD_LIBRARY_PATH=/root/ros_ws/src/Rescue_Car_ws/install/geometry_msgs/lib:/root/ros_ws/src/Rescue_Car_ws/install/std_msgs/lib:/root/ros_ws/src/Rescue_Car_ws/install/builtin_interfaces/lib:${LD_LIBRARY_PATH} PYTHONPATH=/root/ros_ws/src/Rescue_Car_ws/install/geometry_msgs/local/lib/python3.10/dist-packages:/root/ros_ws/src/Rescue_Car_ws/install/std_msgs/local/lib/python3.10/dist-packages:/root/ros_ws/src/Rescue_Car_ws/install/builtin_interfaces/local/lib/python3.10/dist-packages:${PYTHONPATH} /usr/bin/cmake --install /root/ros_ws/src/Rescue_Car_ws/build/shape_msgs
[1.044s] -- Install configuration: ""
[1.044s] -- Up-to-date: /root/ros_ws/src/Rescue_Car_ws/install/shape_msgs/share/ament_index/resource_index/rosidl_interfaces/shape_msgs
[1.045s] -- Up-to-date: /root/ros_ws/src/Rescue_Car_ws/install/shape_msgs/include/shape_msgs/shape_msgs
[1.045s] -- Up-to-date: /root/ros_ws/src/Rescue_Car_ws/install/shape_msgs/include/shape_msgs/shape_msgs/msg
[1.045s] -- Up-to-date: /root/ros_ws/src/Rescue_Car_ws/install/shape_msgs/include/shape_msgs/shape_msgs/msg/mesh_triangle.h
[1.045s] -- Up-to-date: /root/ros_ws/src/Rescue_Car_ws/install/shape_msgs/include/shape_msgs/shape_msgs/msg/detail
[1.045s] -- Up-to-date: /root/ros_ws/src/Rescue_Car_ws/install/shape_msgs/include/shape_msgs/shape_msgs/msg/detail/mesh__struct.h
[1.045s] -- Up-to-date: /root/ros_ws/src/Rescue_Car_ws/install/shape_msgs/include/shape_msgs/shape_msgs/msg/detail/plane__struct.h
[1.045s] -- Up-to-date: /root/ros_ws/src/Rescue_Car_ws/install/shape_msgs/include/shape_msgs/shape_msgs/msg/detail/plane__functions.h
[1.045s] -- Up-to-date: /root/ros_ws/src/Rescue_Car_ws/install/shape_msgs/include/shape_msgs/shape_msgs/msg/detail/mesh_triangle__type_support.h
[1.045s] -- Up-to-date: /root/ros_ws/src/Rescue_Car_ws/install/shape_msgs/include/shape_msgs/shape_msgs/msg/detail/mesh_triangle__functions.c
[1.045s] -- Up-to-date: /root/ros_ws/src/Rescue_Car_ws/install/shape_msgs/include/shape_msgs/shape_msgs/msg/detail/mesh__functions.h
[1.045s] -- Up-to-date: /root/ros_ws/src/Rescue_Car_ws/install/shape_msgs/include/shape_msgs/shape_msgs/msg/detail/solid_primitive__type_support.h
[1.046s] -- Up-to-date: /root/ros_ws/src/Rescue_Car_ws/install/shape_msgs/include/shape_msgs/shape_msgs/msg/detail/mesh__type_support.h
[1.046s] -- Up-to-date: /root/ros_ws/src/Rescue_Car_ws/install/shape_msgs/include/shape_msgs/shape_msgs/msg/detail/mesh_triangle__functions.h
[1.046s] -- Up-to-date: /root/ros_ws/src/Rescue_Car_ws/install/shape_msgs/include/shape_msgs/shape_msgs/msg/detail/solid_primitive__functions.h
[1.046s] -- Up-to-date: /root/ros_ws/src/Rescue_Car_ws/install/shape_msgs/include/shape_msgs/shape_msgs/msg/detail/mesh__functions.c
[1.046s] -- Up-to-date: /root/ros_ws/src/Rescue_Car_ws/install/shape_msgs/include/shape_msgs/shape_msgs/msg/detail/mesh_triangle__struct.h
[1.046s] -- Up-to-date: /root/ros_ws/src/Rescue_Car_ws/install/shape_msgs/include/shape_msgs/shape_msgs/msg/detail/solid_primitive__struct.h
[1.046s] -- Up-to-date: /root/ros_ws/src/Rescue_Car_ws/install/shape_msgs/include/shape_msgs/shape_msgs/msg/detail/plane__functions.c
[1.046s] -- Up-to-date: /root/ros_ws/src/Rescue_Car_ws/install/shape_msgs/include/shape_msgs/shape_msgs/msg/detail/solid_primitive__functions.c
[1.046s] -- Up-to-date: /root/ros_ws/src/Rescue_Car_ws/install/shape_msgs/include/shape_msgs/shape_msgs/msg/detail/plane__type_support.h
[1.046s] -- Up-to-date: /root/ros_ws/src/Rescue_Car_ws/install/shape_msgs/include/shape_msgs/shape_msgs/msg/mesh.h
[1.046s] -- Up-to-date: /root/ros_ws/src/Rescue_Car_ws/install/shape_msgs/include/shape_msgs/shape_msgs/msg/rosidl_generator_c__visibility_control.h
[1.046s] -- Up-to-date: /root/ros_ws/src/Rescue_Car_ws/install/shape_msgs/include/shape_msgs/shape_msgs/msg/plane.h
[1.046s] -- Up-to-date: /root/ros_ws/src/Rescue_Car_ws/install/shape_msgs/include/shape_msgs/shape_msgs/msg/solid_primitive.h
[1.046s] -- Up-to-date: /root/ros_ws/src/Rescue_Car_ws/install/shape_msgs/share/shape_msgs/environment/library_path.sh
[1.046s] -- Up-to-date: /root/ros_ws/src/Rescue_Car_ws/install/shape_msgs/share/shape_msgs/environment/library_path.dsv
[1.047s] -- Up-to-date: /root/ros_ws/src/Rescue_Car_ws/install/shape_msgs/lib/libshape_msgs__rosidl_generator_c.so
[1.047s] -- Up-to-date: /root/ros_ws/src/Rescue_Car_ws/install/shape_msgs/include/shape_msgs/shape_msgs
[1.047s] -- Up-to-date: /root/ros_ws/src/Rescue_Car_ws/install/shape_msgs/include/shape_msgs/shape_msgs/msg
[1.047s] -- Up-to-date: /root/ros_ws/src/Rescue_Car_ws/install/shape_msgs/include/shape_msgs/shape_msgs/msg/detail
[1.048s] -- Up-to-date: /root/ros_ws/src/Rescue_Car_ws/install/shape_msgs/include/shape_msgs/shape_msgs/msg/detail/mesh__rosidl_typesupport_fastrtps_c.h
[1.048s] -- Up-to-date: /root/ros_ws/src/Rescue_Car_ws/install/shape_msgs/include/shape_msgs/shape_msgs/msg/detail/mesh_triangle__rosidl_typesupport_fastrtps_c.h
[1.048s] -- Up-to-date: /root/ros_ws/src/Rescue_Car_ws/install/shape_msgs/include/shape_msgs/shape_msgs/msg/detail/plane__rosidl_typesupport_fastrtps_c.h
[1.048s] -- Up-to-date: /root/ros_ws/src/Rescue_Car_ws/install/shape_msgs/include/shape_msgs/shape_msgs/msg/detail/solid_primitive__rosidl_typesupport_fastrtps_c.h
[1.048s] -- Up-to-date: /root/ros_ws/src/Rescue_Car_ws/install/shape_msgs/include/shape_msgs/shape_msgs/msg/rosidl_typesupport_fastrtps_c__visibility_control.h
[1.048s] -- Up-to-date: /root/ros_ws/src/Rescue_Car_ws/install/shape_msgs/lib/libshape_msgs__rosidl_typesupport_fastrtps_c.so
[1.048s] -- Up-to-date: /root/ros_ws/src/Rescue_Car_ws/install/shape_msgs/include/shape_msgs/shape_msgs
[1.048s] -- Up-to-date: /root/ros_ws/src/Rescue_Car_ws/install/shape_msgs/include/shape_msgs/shape_msgs/msg
[1.048s] -- Up-to-date: /root/ros_ws/src/Rescue_Car_ws/install/shape_msgs/include/shape_msgs/shape_msgs/msg/mesh.hpp
[1.049s] -- Up-to-date: /root/ros_ws/src/Rescue_Car_ws/install/shape_msgs/include/shape_msgs/shape_msgs/msg/rosidl_generator_cpp__visibility_control.hpp
[1.049s] -- Up-to-date: /root/ros_ws/src/Rescue_Car_ws/install/shape_msgs/include/shape_msgs/shape_msgs/msg/mesh_triangle.hpp
[1.049s] -- Up-to-date: /root/ros_ws/src/Rescue_Car_ws/install/shape_msgs/include/shape_msgs/shape_msgs/msg/detail
[1.049s] -- Up-to-date: /root/ros_ws/src/Rescue_Car_ws/install/shape_msgs/include/shape_msgs/shape_msgs/msg/detail/mesh__builder.hpp
[1.049s] -- Up-to-date: /root/ros_ws/src/Rescue_Car_ws/install/shape_msgs/include/shape_msgs/shape_msgs/msg/detail/plane__builder.hpp
[1.049s] -- Up-to-date: /root/ros_ws/src/Rescue_Car_ws/install/shape_msgs/include/shape_msgs/shape_msgs/msg/detail/mesh_triangle__type_support.hpp
[1.049s] -- Up-to-date: /root/ros_ws/src/Rescue_Car_ws/install/shape_msgs/include/shape_msgs/shape_msgs/msg/detail/mesh_triangle__traits.hpp
[1.049s] -- Up-to-date: /root/ros_ws/src/Rescue_Car_ws/install/shape_msgs/include/shape_msgs/shape_msgs/msg/detail/solid_primitive__builder.hpp
[1.049s] -- Up-to-date: /root/ros_ws/src/Rescue_Car_ws/install/shape_msgs/include/shape_msgs/shape_msgs/msg/detail/mesh_triangle__builder.hpp
[1.049s] -- Up-to-date: /root/ros_ws/src/Rescue_Car_ws/install/shape_msgs/include/shape_msgs/shape_msgs/msg/detail/mesh_triangle__struct.hpp
[1.049s] -- Up-to-date: /root/ros_ws/src/Rescue_Car_ws/install/shape_msgs/include/shape_msgs/shape_msgs/msg/detail/solid_primitive__type_support.hpp
[1.049s] -- Up-to-date: /root/ros_ws/src/Rescue_Car_ws/install/shape_msgs/include/shape_msgs/shape_msgs/msg/detail/plane__struct.hpp
[1.049s] -- Up-to-date: /root/ros_ws/src/Rescue_Car_ws/install/shape_msgs/include/shape_msgs/shape_msgs/msg/detail/mesh__struct.hpp
[1.049s] -- Up-to-date: /root/ros_ws/src/Rescue_Car_ws/install/shape_msgs/include/shape_msgs/shape_msgs/msg/detail/mesh__traits.hpp
[1.049s] -- Up-to-date: /root/ros_ws/src/Rescue_Car_ws/install/shape_msgs/include/shape_msgs/shape_msgs/msg/detail/plane__type_support.hpp
[1.050s] -- Up-to-date: /root/ros_ws/src/Rescue_Car_ws/install/shape_msgs/include/shape_msgs/shape_msgs/msg/detail/plane__traits.hpp
[1.050s] -- Up-to-date: /root/ros_ws/src/Rescue_Car_ws/install/shape_msgs/include/shape_msgs/shape_msgs/msg/detail/mesh__type_support.hpp
[1.050s] -- Up-to-date: /root/ros_ws/src/Rescue_Car_ws/install/shape_msgs/include/shape_msgs/shape_msgs/msg/detail/solid_primitive__struct.hpp
[1.050s] -- Up-to-date: /root/ros_ws/src/Rescue_Car_ws/install/shape_msgs/include/shape_msgs/shape_msgs/msg/detail/solid_primitive__traits.hpp
[1.050s] -- Up-to-date: /root/ros_ws/src/Rescue_Car_ws/install/shape_msgs/include/shape_msgs/shape_msgs/msg/plane.hpp
[1.050s] -- Up-to-date: /root/ros_ws/src/Rescue_Car_ws/install/shape_msgs/include/shape_msgs/shape_msgs/msg/solid_primitive.hpp
[1.050s] -- Up-to-date: /root/ros_ws/src/Rescue_Car_ws/install/shape_msgs/include/shape_msgs/shape_msgs
[1.050s] -- Up-to-date: /root/ros_ws/src/Rescue_Car_ws/install/shape_msgs/include/shape_msgs/shape_msgs/msg
[1.050s] -- Up-to-date: /root/ros_ws/src/Rescue_Car_ws/install/shape_msgs/include/shape_msgs/shape_msgs/msg/rosidl_typesupport_fastrtps_cpp__visibility_control.h
[1.050s] -- Up-to-date: /root/ros_ws/src/Rescue_Car_ws/install/shape_msgs/include/shape_msgs/shape_msgs/msg/detail
[1.050s] -- Up-to-date: /root/ros_ws/src/Rescue_Car_ws/install/shape_msgs/include/shape_msgs/shape_msgs/msg/detail/solid_primitive__rosidl_typesupport_fastrtps_cpp.hpp
[1.050s] -- Up-to-date: /root/ros_ws/src/Rescue_Car_ws/install/shape_msgs/include/shape_msgs/shape_msgs/msg/detail/dds_fastrtps
[1.050s] -- Up-to-date: /root/ros_ws/src/Rescue_Car_ws/install/shape_msgs/include/shape_msgs/shape_msgs/msg/detail/plane__rosidl_typesupport_fastrtps_cpp.hpp
[1.050s] -- Up-to-date: /root/ros_ws/src/Rescue_Car_ws/install/shape_msgs/include/shape_msgs/shape_msgs/msg/detail/mesh_triangle__rosidl_typesupport_fastrtps_cpp.hpp
[1.050s] -- Up-to-date: /root/ros_ws/src/Rescue_Car_ws/install/shape_msgs/include/shape_msgs/shape_msgs/msg/detail/mesh__rosidl_typesupport_fastrtps_cpp.hpp
[1.050s] -- Up-to-date: /root/ros_ws/src/Rescue_Car_ws/install/shape_msgs/lib/libshape_msgs__rosidl_typesupport_fastrtps_cpp.so
[1.051s] -- Up-to-date: /root/ros_ws/src/Rescue_Car_ws/install/shape_msgs/include/shape_msgs/shape_msgs
[1.051s] -- Up-to-date: /root/ros_ws/src/Rescue_Car_ws/install/shape_msgs/include/shape_msgs/shape_msgs/msg
[1.051s] -- Up-to-date: /root/ros_ws/src/Rescue_Car_ws/install/shape_msgs/include/shape_msgs/shape_msgs/msg/rosidl_typesupport_introspection_c__visibility_control.h
[1.051s] -- Up-to-date: /root/ros_ws/src/Rescue_Car_ws/install/shape_msgs/include/shape_msgs/shape_msgs/msg/detail
[1.051s] -- Up-to-date: /root/ros_ws/src/Rescue_Car_ws/install/shape_msgs/include/shape_msgs/shape_msgs/msg/detail/plane__rosidl_typesupport_introspection_c.h
[1.051s] -- Up-to-date: /root/ros_ws/src/Rescue_Car_ws/install/shape_msgs/include/shape_msgs/shape_msgs/msg/detail/mesh_triangle__rosidl_typesupport_introspection_c.h
[1.051s] -- Up-to-date: /root/ros_ws/src/Rescue_Car_ws/install/shape_msgs/include/shape_msgs/shape_msgs/msg/detail/mesh__rosidl_typesupport_introspection_c.h
[1.051s] -- Up-to-date: /root/ros_ws/src/Rescue_Car_ws/install/shape_msgs/include/shape_msgs/shape_msgs/msg/detail/plane__type_support.c
[1.051s] -- Up-to-date: /root/ros_ws/src/Rescue_Car_ws/install/shape_msgs/include/shape_msgs/shape_msgs/msg/detail/solid_primitive__type_support.c
[1.051s] -- Up-to-date: /root/ros_ws/src/Rescue_Car_ws/install/shape_msgs/include/shape_msgs/shape_msgs/msg/detail/mesh_triangle__type_support.c
[1.051s] -- Up-to-date: /root/ros_ws/src/Rescue_Car_ws/install/shape_msgs/include/shape_msgs/shape_msgs/msg/detail/solid_primitive__rosidl_typesupport_introspection_c.h
[1.056s] -- Up-to-date: /root/ros_ws/src/Rescue_Car_ws/install/shape_msgs/include/shape_msgs/shape_msgs/msg/detail/mesh__type_support.c
[1.060s] -- Up-to-date: /root/ros_ws/src/Rescue_Car_ws/install/shape_msgs/lib/libshape_msgs__rosidl_typesupport_introspection_c.so
[1.064s] -- Up-to-date: /root/ros_ws/src/Rescue_Car_ws/install/shape_msgs/lib/libshape_msgs__rosidl_typesupport_c.so
[1.064s] -- Up-to-date: /root/ros_ws/src/Rescue_Car_ws/install/shape_msgs/include/shape_msgs/shape_msgs
[1.064s] -- Up-to-date: /root/ros_ws/src/Rescue_Car_ws/install/shape_msgs/include/shape_msgs/shape_msgs/msg
[1.064s] -- Up-to-date: /root/ros_ws/src/Rescue_Car_ws/install/shape_msgs/include/shape_msgs/shape_msgs/msg/detail
[1.064s] -- Up-to-date: /root/ros_ws/src/Rescue_Car_ws/install/shape_msgs/include/shape_msgs/shape_msgs/msg/detail/mesh_triangle__type_support.cpp
[1.064s] -- Up-to-date: /root/ros_ws/src/Rescue_Car_ws/install/shape_msgs/include/shape_msgs/shape_msgs/msg/detail/solid_primitive__type_support.cpp
[1.064s] -- Up-to-date: /root/ros_ws/src/Rescue_Car_ws/install/shape_msgs/include/shape_msgs/shape_msgs/msg/detail/solid_primitive__rosidl_typesupport_introspection_cpp.hpp
[1.064s] -- Up-to-date: /root/ros_ws/src/Rescue_Car_ws/install/shape_msgs/include/shape_msgs/shape_msgs/msg/detail/plane__type_support.cpp
[1.064s] -- Up-to-date: /root/ros_ws/src/Rescue_Car_ws/install/shape_msgs/include/shape_msgs/shape_msgs/msg/detail/mesh__rosidl_typesupport_introspection_cpp.hpp
[1.064s] -- Up-to-date: /root/ros_ws/src/Rescue_Car_ws/install/shape_msgs/include/shape_msgs/shape_msgs/msg/detail/plane__rosidl_typesupport_introspection_cpp.hpp
[1.065s] -- Up-to-date: /root/ros_ws/src/Rescue_Car_ws/install/shape_msgs/include/shape_msgs/shape_msgs/msg/detail/mesh__type_support.cpp
[1.065s] -- Up-to-date: /root/ros_ws/src/Rescue_Car_ws/install/shape_msgs/include/shape_msgs/shape_msgs/msg/detail/mesh_triangle__rosidl_typesupport_introspection_cpp.hpp
[1.065s] -- Up-to-date: /root/ros_ws/src/Rescue_Car_ws/install/shape_msgs/lib/libshape_msgs__rosidl_typesupport_introspection_cpp.so
[1.065s] -- Up-to-date: /root/ros_ws/src/Rescue_Car_ws/install/shape_msgs/lib/libshape_msgs__rosidl_typesupport_cpp.so
[1.065s] -- Up-to-date: /root/ros_ws/src/Rescue_Car_ws/install/shape_msgs/share/shape_msgs/environment/pythonpath.sh
[1.065s] -- Up-to-date: /root/ros_ws/src/Rescue_Car_ws/install/shape_msgs/share/shape_msgs/environment/pythonpath.dsv
[1.065s] -- Up-to-date: /root/ros_ws/src/Rescue_Car_ws/install/shape_msgs/local/lib/python3.10/dist-packages/shape_msgs-4.9.0-py3.10.egg-info
[1.065s] -- Installing: /root/ros_ws/src/Rescue_Car_ws/install/shape_msgs/local/lib/python3.10/dist-packages/shape_msgs-4.9.0-py3.10.egg-info/dependency_links.txt
[1.065s] -- Installing: /root/ros_ws/src/Rescue_Car_ws/install/shape_msgs/local/lib/python3.10/dist-packages/shape_msgs-4.9.0-py3.10.egg-info/SOURCES.txt
[1.065s] -- Installing: /root/ros_ws/src/Rescue_Car_ws/install/shape_msgs/local/lib/python3.10/dist-packages/shape_msgs-4.9.0-py3.10.egg-info/PKG-INFO
[1.065s] -- Installing: /root/ros_ws/src/Rescue_Car_ws/install/shape_msgs/local/lib/python3.10/dist-packages/shape_msgs-4.9.0-py3.10.egg-info/top_level.txt
[1.065s] -- Up-to-date: /root/ros_ws/src/Rescue_Car_ws/install/shape_msgs/local/lib/python3.10/dist-packages/shape_msgs
[1.065s] -- Up-to-date: /root/ros_ws/src/Rescue_Car_ws/install/shape_msgs/local/lib/python3.10/dist-packages/shape_msgs/_shape_msgs_s.ep.rosidl_typesupport_fastrtps_c.c
[1.065s] -- Up-to-date: /root/ros_ws/src/Rescue_Car_ws/install/shape_msgs/local/lib/python3.10/dist-packages/shape_msgs/_shape_msgs_s.ep.rosidl_typesupport_c.c
[1.065s] -- Up-to-date: /root/ros_ws/src/Rescue_Car_ws/install/shape_msgs/local/lib/python3.10/dist-packages/shape_msgs/shape_msgs_s__rosidl_typesupport_c.cpython-310-x86_64-linux-gnu.so
[1.065s] -- Up-to-date: /root/ros_ws/src/Rescue_Car_ws/install/shape_msgs/local/lib/python3.10/dist-packages/shape_msgs/_shape_msgs_s.ep.rosidl_typesupport_introspection_c.c
[1.066s] -- Up-to-date: /root/ros_ws/src/Rescue_Car_ws/install/shape_msgs/local/lib/python3.10/dist-packages/shape_msgs/shape_msgs_s__rosidl_typesupport_introspection_c.cpython-310-x86_64-linux-gnu.so
[1.066s] -- Up-to-date: /root/ros_ws/src/Rescue_Car_ws/install/shape_msgs/local/lib/python3.10/dist-packages/shape_msgs/libshape_msgs__rosidl_generator_py.so
[1.066s] -- Up-to-date: /root/ros_ws/src/Rescue_Car_ws/install/shape_msgs/local/lib/python3.10/dist-packages/shape_msgs/__init__.py
[1.066s] -- Up-to-date: /root/ros_ws/src/Rescue_Car_ws/install/shape_msgs/local/lib/python3.10/dist-packages/shape_msgs/msg
[1.066s] -- Up-to-date: /root/ros_ws/src/Rescue_Car_ws/install/shape_msgs/local/lib/python3.10/dist-packages/shape_msgs/msg/_solid_primitive.py
[1.066s] -- Up-to-date: /root/ros_ws/src/Rescue_Car_ws/install/shape_msgs/local/lib/python3.10/dist-packages/shape_msgs/msg/_plane.py
[1.066s] -- Up-to-date: /root/ros_ws/src/Rescue_Car_ws/install/shape_msgs/local/lib/python3.10/dist-packages/shape_msgs/msg/_mesh.py
[1.066s] -- Up-to-date: /root/ros_ws/src/Rescue_Car_ws/install/shape_msgs/local/lib/python3.10/dist-packages/shape_msgs/msg/_solid_primitive_s.c
[1.066s] -- Up-to-date: /root/ros_ws/src/Rescue_Car_ws/install/shape_msgs/local/lib/python3.10/dist-packages/shape_msgs/msg/_mesh_triangle_s.c
[1.066s] -- Up-to-date: /root/ros_ws/src/Rescue_Car_ws/install/shape_msgs/local/lib/python3.10/dist-packages/shape_msgs/msg/_plane_s.c
[1.066s] -- Up-to-date: /root/ros_ws/src/Rescue_Car_ws/install/shape_msgs/local/lib/python3.10/dist-packages/shape_msgs/msg/_mesh_triangle.py
[1.066s] -- Up-to-date: /root/ros_ws/src/Rescue_Car_ws/install/shape_msgs/local/lib/python3.10/dist-packages/shape_msgs/msg/__init__.py
[1.066s] -- Up-to-date: /root/ros_ws/src/Rescue_Car_ws/install/shape_msgs/local/lib/python3.10/dist-packages/shape_msgs/msg/_mesh_s.c
[1.066s] -- Up-to-date: /root/ros_ws/src/Rescue_Car_ws/install/shape_msgs/local/lib/python3.10/dist-packages/shape_msgs/shape_msgs_s__rosidl_typesupport_fastrtps_c.cpython-310-x86_64-linux-gnu.so
[1.135s] Listing '/root/ros_ws/src/Rescue_Car_ws/install/shape_msgs/local/lib/python3.10/dist-packages/shape_msgs'...
[1.135s] Listing '/root/ros_ws/src/Rescue_Car_ws/install/shape_msgs/local/lib/python3.10/dist-packages/shape_msgs/msg'...
[1.154s] -- Up-to-date: /root/ros_ws/src/Rescue_Car_ws/install/shape_msgs/local/lib/python3.10/dist-packages/shape_msgs/shape_msgs_s__rosidl_typesupport_fastrtps_c.cpython-310-x86_64-linux-gnu.so
[1.154s] -- Up-to-date: /root/ros_ws/src/Rescue_Car_ws/install/shape_msgs/local/lib/python3.10/dist-packages/shape_msgs/shape_msgs_s__rosidl_typesupport_introspection_c.cpython-310-x86_64-linux-gnu.so
[1.155s] -- Up-to-date: /root/ros_ws/src/Rescue_Car_ws/install/shape_msgs/local/lib/python3.10/dist-packages/shape_msgs/shape_msgs_s__rosidl_typesupport_c.cpython-310-x86_64-linux-gnu.so
[1.155s] -- Up-to-date: /root/ros_ws/src/Rescue_Car_ws/install/shape_msgs/lib/libshape_msgs__rosidl_generator_py.so
[1.155s] -- Up-to-date: /root/ros_ws/src/Rescue_Car_ws/install/shape_msgs/share/shape_msgs/msg/Mesh.idl
[1.155s] -- Up-to-date: /root/ros_ws/src/Rescue_Car_ws/install/shape_msgs/share/shape_msgs/msg/MeshTriangle.idl
[1.155s] -- Up-to-date: /root/ros_ws/src/Rescue_Car_ws/install/shape_msgs/share/shape_msgs/msg/Plane.idl
[1.155s] -- Up-to-date: /root/ros_ws/src/Rescue_Car_ws/install/shape_msgs/share/shape_msgs/msg/SolidPrimitive.idl
[1.155s] -- Up-to-date: /root/ros_ws/src/Rescue_Car_ws/install/shape_msgs/share/shape_msgs/msg/Mesh.msg
[1.155s] -- Up-to-date: /root/ros_ws/src/Rescue_Car_ws/install/shape_msgs/share/shape_msgs/msg/MeshTriangle.msg
[1.155s] -- Up-to-date: /root/ros_ws/src/Rescue_Car_ws/install/shape_msgs/share/shape_msgs/msg/Plane.msg
[1.155s] -- Up-to-date: /root/ros_ws/src/Rescue_Car_ws/install/shape_msgs/share/shape_msgs/msg/SolidPrimitive.msg
[1.155s] -- Up-to-date: /root/ros_ws/src/Rescue_Car_ws/install/shape_msgs/share/ament_index/resource_index/package_run_dependencies/shape_msgs
[1.156s] -- Up-to-date: /root/ros_ws/src/Rescue_Car_ws/install/shape_msgs/share/ament_index/resource_index/parent_prefix_path/shape_msgs
[1.156s] -- Up-to-date: /root/ros_ws/src/Rescue_Car_ws/install/shape_msgs/share/shape_msgs/environment/ament_prefix_path.sh
[1.156s] -- Up-to-date: /root/ros_ws/src/Rescue_Car_ws/install/shape_msgs/share/shape_msgs/environment/ament_prefix_path.dsv
[1.156s] -- Up-to-date: /root/ros_ws/src/Rescue_Car_ws/install/shape_msgs/share/shape_msgs/environment/path.sh
[1.156s] -- Up-to-date: /root/ros_ws/src/Rescue_Car_ws/install/shape_msgs/share/shape_msgs/environment/path.dsv
[1.156s] -- Up-to-date: /root/ros_ws/src/Rescue_Car_ws/install/shape_msgs/share/shape_msgs/local_setup.bash
[1.156s] -- Up-to-date: /root/ros_ws/src/Rescue_Car_ws/install/shape_msgs/share/shape_msgs/local_setup.sh
[1.156s] -- Up-to-date: /root/ros_ws/src/Rescue_Car_ws/install/shape_msgs/share/shape_msgs/local_setup.zsh
[1.160s] -- Up-to-date: /root/ros_ws/src/Rescue_Car_ws/install/shape_msgs/share/shape_msgs/local_setup.dsv
[1.160s] -- Installing: /root/ros_ws/src/Rescue_Car_ws/install/shape_msgs/share/shape_msgs/package.dsv
[1.160s] -- Up-to-date: /root/ros_ws/src/Rescue_Car_ws/install/shape_msgs/share/ament_index/resource_index/packages/shape_msgs
[1.160s] -- Up-to-date: /root/ros_ws/src/Rescue_Car_ws/install/shape_msgs/share/shape_msgs/cmake/export_shape_msgs__rosidl_generator_cExport.cmake
[1.160s] -- Up-to-date: /root/ros_ws/src/Rescue_Car_ws/install/shape_msgs/share/shape_msgs/cmake/export_shape_msgs__rosidl_generator_cExport-noconfig.cmake
[1.160s] -- Up-to-date: /root/ros_ws/src/Rescue_Car_ws/install/shape_msgs/share/shape_msgs/cmake/export_shape_msgs__rosidl_typesupport_fastrtps_cExport.cmake
[1.160s] -- Up-to-date: /root/ros_ws/src/Rescue_Car_ws/install/shape_msgs/share/shape_msgs/cmake/export_shape_msgs__rosidl_typesupport_fastrtps_cExport-noconfig.cmake
[1.160s] -- Up-to-date: /root/ros_ws/src/Rescue_Car_ws/install/shape_msgs/share/shape_msgs/cmake/export_shape_msgs__rosidl_generator_cppExport.cmake
[1.160s] -- Up-to-date: /root/ros_ws/src/Rescue_Car_ws/install/shape_msgs/share/shape_msgs/cmake/export_shape_msgs__rosidl_typesupport_fastrtps_cppExport.cmake
[1.160s] -- Up-to-date: /root/ros_ws/src/Rescue_Car_ws/install/shape_msgs/share/shape_msgs/cmake/export_shape_msgs__rosidl_typesupport_fastrtps_cppExport-noconfig.cmake
[1.161s] -- Up-to-date: /root/ros_ws/src/Rescue_Car_ws/install/shape_msgs/share/shape_msgs/cmake/shape_msgs__rosidl_typesupport_introspection_cExport.cmake
[1.161s] -- Up-to-date: /root/ros_ws/src/Rescue_Car_ws/install/shape_msgs/share/shape_msgs/cmake/shape_msgs__rosidl_typesupport_introspection_cExport-noconfig.cmake
[1.161s] -- Up-to-date: /root/ros_ws/src/Rescue_Car_ws/install/shape_msgs/share/shape_msgs/cmake/shape_msgs__rosidl_typesupport_cExport.cmake
[1.161s] -- Up-to-date: /root/ros_ws/src/Rescue_Car_ws/install/shape_msgs/share/shape_msgs/cmake/shape_msgs__rosidl_typesupport_cExport-noconfig.cmake
[1.161s] -- Up-to-date: /root/ros_ws/src/Rescue_Car_ws/install/shape_msgs/share/shape_msgs/cmake/shape_msgs__rosidl_typesupport_introspection_cppExport.cmake
[1.161s] -- Up-to-date: /root/ros_ws/src/Rescue_Car_ws/install/shape_msgs/share/shape_msgs/cmake/shape_msgs__rosidl_typesupport_introspection_cppExport-noconfig.cmake
[1.161s] -- Up-to-date: /root/ros_ws/src/Rescue_Car_ws/install/shape_msgs/share/shape_msgs/cmake/shape_msgs__rosidl_typesupport_cppExport.cmake
[1.161s] -- Up-to-date: /root/ros_ws/src/Rescue_Car_ws/install/shape_msgs/share/shape_msgs/cmake/shape_msgs__rosidl_typesupport_cppExport-noconfig.cmake
[1.161s] -- Up-to-date: /root/ros_ws/src/Rescue_Car_ws/install/shape_msgs/share/shape_msgs/cmake/export_shape_msgs__rosidl_generator_pyExport.cmake
[1.161s] -- Up-to-date: /root/ros_ws/src/Rescue_Car_ws/install/shape_msgs/share/shape_msgs/cmake/export_shape_msgs__rosidl_generator_pyExport-noconfig.cmake
[1.161s] -- Up-to-date: /root/ros_ws/src/Rescue_Car_ws/install/shape_msgs/share/shape_msgs/cmake/rosidl_cmake-extras.cmake
[1.161s] -- Up-to-date: /root/ros_ws/src/Rescue_Car_ws/install/shape_msgs/share/shape_msgs/cmake/ament_cmake_export_dependencies-extras.cmake
[1.161s] -- Up-to-date: /root/ros_ws/src/Rescue_Car_ws/install/shape_msgs/share/shape_msgs/cmake/ament_cmake_export_include_directories-extras.cmake
[1.161s] -- Up-to-date: /root/ros_ws/src/Rescue_Car_ws/install/shape_msgs/share/shape_msgs/cmake/ament_cmake_export_libraries-extras.cmake
[1.169s] -- Up-to-date: /root/ros_ws/src/Rescue_Car_ws/install/shape_msgs/share/shape_msgs/cmake/ament_cmake_export_targets-extras.cmake
[1.170s] -- Up-to-date: /root/ros_ws/src/Rescue_Car_ws/install/shape_msgs/share/shape_msgs/cmake/rosidl_cmake_export_typesupport_targets-extras.cmake
[1.170s] -- Up-to-date: /root/ros_ws/src/Rescue_Car_ws/install/shape_msgs/share/shape_msgs/cmake/rosidl_cmake_export_typesupport_libraries-extras.cmake
[1.170s] -- Up-to-date: /root/ros_ws/src/Rescue_Car_ws/install/shape_msgs/share/shape_msgs/cmake/shape_msgsConfig.cmake
[1.170s] -- Up-to-date: /root/ros_ws/src/Rescue_Car_ws/install/shape_msgs/share/shape_msgs/cmake/shape_msgsConfig-version.cmake
[1.170s] -- Up-to-date: /root/ros_ws/src/Rescue_Car_ws/install/shape_msgs/share/shape_msgs/package.xml
[1.220s] Invoked command in '/root/ros_ws/src/Rescue_Car_ws/build/shape_msgs' returned '0': AMENT_PREFIX_PATH=/root/ros_ws/src/Rescue_Car_ws/install/geometry_msgs:/root/ros_ws/src/Rescue_Car_ws/install/std_msgs:/root/ros_ws/src/Rescue_Car_ws/install/builtin_interfaces:${AMENT_PREFIX_PATH} CMAKE_PREFIX_PATH=/root/ros_ws/src/Rescue_Car_ws/install/geometry_msgs:/root/ros_ws/src/Rescue_Car_ws/install/std_msgs:/root/ros_ws/src/Rescue_Car_ws/install/builtin_interfaces:/opt/ros/humble LD_LIBRARY_PATH=/root/ros_ws/src/Rescue_Car_ws/install/geometry_msgs/lib:/root/ros_ws/src/Rescue_Car_ws/install/std_msgs/lib:/root/ros_ws/src/Rescue_Car_ws/install/builtin_interfaces/lib:${LD_LIBRARY_PATH} PYTHONPATH=/root/ros_ws/src/Rescue_Car_ws/install/geometry_msgs/local/lib/python3.10/dist-packages:/root/ros_ws/src/Rescue_Car_ws/install/std_msgs/local/lib/python3.10/dist-packages:/root/ros_ws/src/Rescue_Car_ws/install/builtin_interfaces/local/lib/python3.10/dist-packages:${PYTHONPATH} /usr/bin/cmake --install /root/ros_ws/src/Rescue_Car_ws/build/shape_msgs
