[0.028s] Invoking command in '/root/ros_ws/src/Rescue_Car_ws/build/unique_identifier_msgs': CMAKE_PREFIX_PATH=/opt/ros/humble /usr/bin/cmake /root/ros_ws/src/Rescue_Car_ws/src/microros/src/ros2/unique_identifier_msgs -DCMAKE_INSTALL_PREFIX=/root/ros_ws/src/Rescue_Car_ws/install/unique_identifier_msgs
[0.210s] -- The C compiler identification is GNU 11.4.0
[0.762s] -- The CXX compiler identification is GNU 11.4.0
[1.154s] -- Detecting C compiler ABI info
[1.262s] -- Detecting C compiler ABI info - done
[1.267s] -- Check for working C compiler: /usr/bin/cc - skipped
[1.267s] -- Detecting C compile features
[1.268s] -- Detecting C compile features - done
[1.269s] -- Detecting CXX compiler ABI info
[1.394s] -- Detecting CXX compiler ABI info - done
[1.399s] -- Check for working CXX compiler: /usr/bin/c++ - skipped
[1.399s] -- Detecting CXX compile features
[1.400s] -- Detecting CXX compile features - done
[1.402s] -- Found ament_cmake: 1.3.12 (/opt/ros/humble/share/ament_cmake/cmake)
[1.520s] -- Found Python3: /usr/bin/python3 (found version "3.10.12") found components: Interpreter 
[1.591s] -- Found rosidl_default_generators: 1.2.0 (/opt/ros/humble/share/rosidl_default_generators/cmake)
[1.594s] -- Using all available rosidl_typesupport_c: rosidl_typesupport_fastrtps_c;rosidl_typesupport_introspection_c
[1.599s] -- Found rosidl_adapter: 3.1.7 (/opt/ros/humble/share/rosidl_adapter/cmake)
[1.764s] -- Using all available rosidl_typesupport_cpp: rosidl_typesupport_fastrtps_cpp;rosidl_typesupport_introspection_cpp
[2.023s] -- Found ament_cmake_ros: 0.10.0 (/opt/ros/humble/share/ament_cmake_ros/cmake)
[2.175s] -- Using all available rosidl_typesupport_c: rosidl_typesupport_fastrtps_c;rosidl_typesupport_introspection_c
[2.374s] -- Using all available rosidl_typesupport_cpp: rosidl_typesupport_fastrtps_cpp;rosidl_typesupport_introspection_cpp
[2.502s] -- Found PythonInterp: /usr/bin/python3 (found suitable version "3.10.12", minimum required is "3.6") 
[2.503s] -- Found python_cmake_module: 0.10.0 (/opt/ros/humble/share/python_cmake_module/cmake)
[2.941s] -- Found PythonLibs: /usr/lib/x86_64-linux-gnu/libpython3.10.so (found suitable version "3.10.12", minimum required is "3.5") 
[2.942s] -- Using PYTHON_EXECUTABLE: /usr/bin/python3
[2.942s] -- Using PYTHON_INCLUDE_DIRS: /usr/include/python3.10
[2.942s] -- Using PYTHON_LIBRARIES: /usr/lib/x86_64-linux-gnu/libpython3.10.so
[2.964s] -- Found PythonExtra: .so  
[3.047s] -- Found ament_lint_auto: 0.12.14 (/opt/ros/humble/share/ament_lint_auto/cmake)
[3.068s] -- Added test 'copyright' to check source files copyright and LICENSE
[3.079s] -- Added test 'lint_cmake' to check CMake code style
[3.083s] -- Added test 'xmllint' to check XML markup files
[3.086s] -- Configuring done
[3.130s] -- Generating done
[3.142s] -- Build files have been written to: /root/ros_ws/src/Rescue_Car_ws/build/unique_identifier_msgs
[3.154s] Invoked command in '/root/ros_ws/src/Rescue_Car_ws/build/unique_identifier_msgs' returned '0': CMAKE_PREFIX_PATH=/opt/ros/humble /usr/bin/cmake /root/ros_ws/src/Rescue_Car_ws/src/microros/src/ros2/unique_identifier_msgs -DCMAKE_INSTALL_PREFIX=/root/ros_ws/src/Rescue_Car_ws/install/unique_identifier_msgs
[3.157s] Invoking command in '/root/ros_ws/src/Rescue_Car_ws/build/unique_identifier_msgs': CMAKE_PREFIX_PATH=/opt/ros/humble /usr/bin/cmake --build /root/ros_ws/src/Rescue_Car_ws/build/unique_identifier_msgs -- -j20 -l20
[3.201s] [  3%] [34m[1mGenerating C code for ROS interfaces[0m
[3.210s] [  6%] [34m[1mGenerating C++ code for ROS interfaces[0m
[3.224s] [  6%] Built target ament_cmake_python_copy_unique_identifier_msgs
[3.527s] [  9%] [32mBuilding C object CMakeFiles/unique_identifier_msgs__rosidl_generator_c.dir/rosidl_generator_c/unique_identifier_msgs/msg/detail/uuid__functions.c.o[0m
[3.535s] running egg_info
[3.536s] creating unique_identifier_msgs.egg-info
[3.536s] writing unique_identifier_msgs.egg-info/PKG-INFO
[3.536s] writing dependency_links to unique_identifier_msgs.egg-info/dependency_links.txt
[3.537s] writing top-level names to unique_identifier_msgs.egg-info/top_level.txt
[3.537s] writing manifest file 'unique_identifier_msgs.egg-info/SOURCES.txt'
[3.541s] reading manifest file 'unique_identifier_msgs.egg-info/SOURCES.txt'
[3.541s] [  9%] Built target unique_identifier_msgs__cpp
[3.541s] writing manifest file 'unique_identifier_msgs.egg-info/SOURCES.txt'
[3.551s] [ 12%] [34m[1mGenerating C++ type support for eProsima Fast-RTPS[0m
[3.552s] [ 16%] [34m[1mGenerating C++ type support dispatch for ROS interfaces[0m
[3.553s] [ 19%] [34m[1mGenerating C++ introspection for ROS interfaces[0m
[3.578s] [ 19%] Built target ament_cmake_python_build_unique_identifier_msgs_egg
[3.589s] [ 22%] [32m[1mLinking C shared library libunique_identifier_msgs__rosidl_generator_c.so[0m
[3.793s] [ 22%] Built target unique_identifier_msgs__rosidl_generator_c
[3.836s] [ 25%] [34m[1mGenerating C type support for eProsima Fast-RTPS[0m
[3.849s] [ 29%] [34m[1mGenerating C type support dispatch for ROS interfaces[0m
[3.856s] [ 32%] [34m[1mGenerating C introspection for ROS interfaces[0m
[4.005s] [ 35%] [32mBuilding CXX object CMakeFiles/unique_identifier_msgs__rosidl_typesupport_cpp.dir/rosidl_typesupport_cpp/unique_identifier_msgs/msg/uuid__type_support.cpp.o[0m
[4.105s] [ 38%] [32mBuilding CXX object CMakeFiles/unique_identifier_msgs__rosidl_typesupport_introspection_cpp.dir/rosidl_typesupport_introspection_cpp/unique_identifier_msgs/msg/detail/uuid__type_support.cpp.o[0m
[4.169s] [ 41%] [32mBuilding CXX object CMakeFiles/unique_identifier_msgs__rosidl_typesupport_fastrtps_cpp.dir/rosidl_typesupport_fastrtps_cpp/unique_identifier_msgs/msg/detail/dds_fastrtps/uuid__type_support.cpp.o[0m
[4.420s] [ 45%] [32mBuilding CXX object CMakeFiles/unique_identifier_msgs__rosidl_typesupport_c.dir/rosidl_typesupport_c/unique_identifier_msgs/msg/uuid__type_support.cpp.o[0m
[4.476s] [ 48%] [32m[1mLinking CXX shared library libunique_identifier_msgs__rosidl_typesupport_cpp.so[0m
[4.481s] [ 51%] [32mBuilding CXX object CMakeFiles/unique_identifier_msgs__rosidl_typesupport_fastrtps_c.dir/rosidl_typesupport_fastrtps_c/unique_identifier_msgs/msg/detail/uuid__type_support_c.cpp.o[0m
[4.510s] [ 54%] [32m[1mLinking CXX shared library libunique_identifier_msgs__rosidl_typesupport_c.so[0m
[4.534s] [ 58%] [32mBuilding C object CMakeFiles/unique_identifier_msgs__rosidl_typesupport_introspection_c.dir/rosidl_typesupport_introspection_c/unique_identifier_msgs/msg/detail/uuid__type_support.c.o[0m
[4.605s] [ 61%] [32m[1mLinking C shared library libunique_identifier_msgs__rosidl_typesupport_introspection_c.so[0m
[4.922s] [ 64%] [32m[1mLinking CXX shared library libunique_identifier_msgs__rosidl_typesupport_fastrtps_cpp.so[0m
[4.955s] [ 67%] [32m[1mLinking CXX shared library libunique_identifier_msgs__rosidl_typesupport_introspection_cpp.so[0m
[5.341s] [ 67%] Built target unique_identifier_msgs__rosidl_typesupport_c
[5.413s] [ 70%] [32m[1mLinking CXX shared library libunique_identifier_msgs__rosidl_typesupport_fastrtps_c.so[0m
[5.470s] [ 70%] Built target unique_identifier_msgs__rosidl_typesupport_cpp
[5.558s] [ 70%] Built target unique_identifier_msgs__rosidl_typesupport_introspection_c
[5.632s] [ 70%] Built target unique_identifier_msgs__rosidl_typesupport_fastrtps_cpp
[5.769s] [ 70%] Built target unique_identifier_msgs__rosidl_typesupport_introspection_cpp
[5.873s] [ 70%] Built target unique_identifier_msgs__rosidl_typesupport_fastrtps_c
[5.900s] [ 70%] Built target unique_identifier_msgs
[5.925s] [ 74%] [34m[1mGenerating Python code for ROS interfaces[0m
[6.241s] [ 74%] Built target unique_identifier_msgs__py
[6.265s] [ 77%] [32mBuilding C object CMakeFiles/unique_identifier_msgs__rosidl_generator_py.dir/rosidl_generator_py/unique_identifier_msgs/msg/_uuid_s.c.o[0m
[6.371s] [ 80%] [32m[1mLinking C shared library rosidl_generator_py/unique_identifier_msgs/libunique_identifier_msgs__rosidl_generator_py.so[0m
[6.513s] [ 80%] Built target unique_identifier_msgs__rosidl_generator_py
[6.534s] [ 83%] [32mBuilding C object CMakeFiles/unique_identifier_msgs__rosidl_typesupport_fastrtps_c__pyext.dir/rosidl_generator_py/unique_identifier_msgs/_unique_identifier_msgs_s.ep.rosidl_typesupport_fastrtps_c.c.o[0m
[6.534s] [ 87%] [32mBuilding C object CMakeFiles/unique_identifier_msgs__rosidl_typesupport_c__pyext.dir/rosidl_generator_py/unique_identifier_msgs/_unique_identifier_msgs_s.ep.rosidl_typesupport_c.c.o[0m
[6.536s] [ 90%] [32mBuilding C object CMakeFiles/unique_identifier_msgs__rosidl_typesupport_introspection_c__pyext.dir/rosidl_generator_py/unique_identifier_msgs/_unique_identifier_msgs_s.ep.rosidl_typesupport_introspection_c.c.o[0m
[6.616s] [ 93%] [32m[1mLinking C shared library rosidl_generator_py/unique_identifier_msgs/unique_identifier_msgs_s__rosidl_typesupport_fastrtps_c.cpython-310-x86_64-linux-gnu.so[0m
[6.626s] [ 96%] [32m[1mLinking C shared library rosidl_generator_py/unique_identifier_msgs/unique_identifier_msgs_s__rosidl_typesupport_c.cpython-310-x86_64-linux-gnu.so[0m
[6.634s] [100%] [32m[1mLinking C shared library rosidl_generator_py/unique_identifier_msgs/unique_identifier_msgs_s__rosidl_typesupport_introspection_c.cpython-310-x86_64-linux-gnu.so[0m
[7.150s] [100%] Built target unique_identifier_msgs__rosidl_typesupport_fastrtps_c__pyext
[7.175s] [100%] Built target unique_identifier_msgs__rosidl_typesupport_c__pyext
[7.521s] [100%] Built target unique_identifier_msgs__rosidl_typesupport_introspection_c__pyext
[7.553s] Invoked command in '/root/ros_ws/src/Rescue_Car_ws/build/unique_identifier_msgs' returned '0': CMAKE_PREFIX_PATH=/opt/ros/humble /usr/bin/cmake --build /root/ros_ws/src/Rescue_Car_ws/build/unique_identifier_msgs -- -j20 -l20
[7.554s] Invoking command in '/root/ros_ws/src/Rescue_Car_ws/build/unique_identifier_msgs': CMAKE_PREFIX_PATH=/opt/ros/humble /usr/bin/cmake --install /root/ros_ws/src/Rescue_Car_ws/build/unique_identifier_msgs
[7.573s] -- Install configuration: ""
[7.573s] -- Installing: /root/ros_ws/src/Rescue_Car_ws/install/unique_identifier_msgs/share/ament_index/resource_index/rosidl_interfaces/unique_identifier_msgs
[7.574s] -- Installing: /root/ros_ws/src/Rescue_Car_ws/install/unique_identifier_msgs/include/unique_identifier_msgs/unique_identifier_msgs
[7.574s] -- Installing: /root/ros_ws/src/Rescue_Car_ws/install/unique_identifier_msgs/include/unique_identifier_msgs/unique_identifier_msgs/msg
[7.574s] -- Installing: /root/ros_ws/src/Rescue_Car_ws/install/unique_identifier_msgs/include/unique_identifier_msgs/unique_identifier_msgs/msg/uuid.h
[7.574s] -- Installing: /root/ros_ws/src/Rescue_Car_ws/install/unique_identifier_msgs/include/unique_identifier_msgs/unique_identifier_msgs/msg/detail
[7.574s] -- Installing: /root/ros_ws/src/Rescue_Car_ws/install/unique_identifier_msgs/include/unique_identifier_msgs/unique_identifier_msgs/msg/detail/uuid__functions.h
[7.577s] -- Installing: /root/ros_ws/src/Rescue_Car_ws/install/unique_identifier_msgs/include/unique_identifier_msgs/unique_identifier_msgs/msg/detail/uuid__type_support.h
[7.577s] -- Installing: /root/ros_ws/src/Rescue_Car_ws/install/unique_identifier_msgs/include/unique_identifier_msgs/unique_identifier_msgs/msg/detail/uuid__struct.h
[7.578s] -- Installing: /root/ros_ws/src/Rescue_Car_ws/install/unique_identifier_msgs/include/unique_identifier_msgs/unique_identifier_msgs/msg/detail/uuid__functions.c
[7.578s] -- Installing: /root/ros_ws/src/Rescue_Car_ws/install/unique_identifier_msgs/include/unique_identifier_msgs/unique_identifier_msgs/msg/rosidl_generator_c__visibility_control.h
[7.578s] -- Installing: /root/ros_ws/src/Rescue_Car_ws/install/unique_identifier_msgs/share/unique_identifier_msgs/environment/library_path.sh
[7.578s] -- Installing: /root/ros_ws/src/Rescue_Car_ws/install/unique_identifier_msgs/share/unique_identifier_msgs/environment/library_path.dsv
[7.578s] -- Installing: /root/ros_ws/src/Rescue_Car_ws/install/unique_identifier_msgs/lib/libunique_identifier_msgs__rosidl_generator_c.so
[7.578s] -- Set runtime path of "/root/ros_ws/src/Rescue_Car_ws/install/unique_identifier_msgs/lib/libunique_identifier_msgs__rosidl_generator_c.so" to ""
[7.578s] -- Up-to-date: /root/ros_ws/src/Rescue_Car_ws/install/unique_identifier_msgs/include/unique_identifier_msgs/unique_identifier_msgs
[7.578s] -- Up-to-date: /root/ros_ws/src/Rescue_Car_ws/install/unique_identifier_msgs/include/unique_identifier_msgs/unique_identifier_msgs/msg
[7.578s] -- Up-to-date: /root/ros_ws/src/Rescue_Car_ws/install/unique_identifier_msgs/include/unique_identifier_msgs/unique_identifier_msgs/msg/detail
[7.578s] -- Installing: /root/ros_ws/src/Rescue_Car_ws/install/unique_identifier_msgs/include/unique_identifier_msgs/unique_identifier_msgs/msg/detail/uuid__rosidl_typesupport_fastrtps_c.h
[7.578s] -- Installing: /root/ros_ws/src/Rescue_Car_ws/install/unique_identifier_msgs/include/unique_identifier_msgs/unique_identifier_msgs/msg/rosidl_typesupport_fastrtps_c__visibility_control.h
[7.579s] -- Installing: /root/ros_ws/src/Rescue_Car_ws/install/unique_identifier_msgs/lib/libunique_identifier_msgs__rosidl_typesupport_fastrtps_c.so
[7.579s] -- Set runtime path of "/root/ros_ws/src/Rescue_Car_ws/install/unique_identifier_msgs/lib/libunique_identifier_msgs__rosidl_typesupport_fastrtps_c.so" to ""
[7.579s] -- Up-to-date: /root/ros_ws/src/Rescue_Car_ws/install/unique_identifier_msgs/include/unique_identifier_msgs/unique_identifier_msgs
[7.579s] -- Up-to-date: /root/ros_ws/src/Rescue_Car_ws/install/unique_identifier_msgs/include/unique_identifier_msgs/unique_identifier_msgs/msg
[7.579s] -- Installing: /root/ros_ws/src/Rescue_Car_ws/install/unique_identifier_msgs/include/unique_identifier_msgs/unique_identifier_msgs/msg/rosidl_typesupport_introspection_c__visibility_control.h
[7.579s] -- Up-to-date: /root/ros_ws/src/Rescue_Car_ws/install/unique_identifier_msgs/include/unique_identifier_msgs/unique_identifier_msgs/msg/detail
[7.579s] -- Installing: /root/ros_ws/src/Rescue_Car_ws/install/unique_identifier_msgs/include/unique_identifier_msgs/unique_identifier_msgs/msg/detail/uuid__rosidl_typesupport_introspection_c.h
[7.579s] -- Installing: /root/ros_ws/src/Rescue_Car_ws/install/unique_identifier_msgs/include/unique_identifier_msgs/unique_identifier_msgs/msg/detail/uuid__type_support.c
[7.579s] -- Installing: /root/ros_ws/src/Rescue_Car_ws/install/unique_identifier_msgs/lib/libunique_identifier_msgs__rosidl_typesupport_introspection_c.so
[7.579s] -- Set runtime path of "/root/ros_ws/src/Rescue_Car_ws/install/unique_identifier_msgs/lib/libunique_identifier_msgs__rosidl_typesupport_introspection_c.so" to ""
[7.579s] -- Installing: /root/ros_ws/src/Rescue_Car_ws/install/unique_identifier_msgs/lib/libunique_identifier_msgs__rosidl_typesupport_c.so
[7.579s] -- Set runtime path of "/root/ros_ws/src/Rescue_Car_ws/install/unique_identifier_msgs/lib/libunique_identifier_msgs__rosidl_typesupport_c.so" to ""
[7.579s] -- Up-to-date: /root/ros_ws/src/Rescue_Car_ws/install/unique_identifier_msgs/include/unique_identifier_msgs/unique_identifier_msgs
[7.579s] -- Up-to-date: /root/ros_ws/src/Rescue_Car_ws/install/unique_identifier_msgs/include/unique_identifier_msgs/unique_identifier_msgs/msg
[7.580s] -- Installing: /root/ros_ws/src/Rescue_Car_ws/install/unique_identifier_msgs/include/unique_identifier_msgs/unique_identifier_msgs/msg/uuid.hpp
[7.581s] -- Installing: /root/ros_ws/src/Rescue_Car_ws/install/unique_identifier_msgs/include/unique_identifier_msgs/unique_identifier_msgs/msg/rosidl_generator_cpp__visibility_control.hpp
[7.581s] -- Up-to-date: /root/ros_ws/src/Rescue_Car_ws/install/unique_identifier_msgs/include/unique_identifier_msgs/unique_identifier_msgs/msg/detail
[7.581s] -- Installing: /root/ros_ws/src/Rescue_Car_ws/install/unique_identifier_msgs/include/unique_identifier_msgs/unique_identifier_msgs/msg/detail/uuid__builder.hpp
[7.581s] -- Installing: /root/ros_ws/src/Rescue_Car_ws/install/unique_identifier_msgs/include/unique_identifier_msgs/unique_identifier_msgs/msg/detail/uuid__traits.hpp
[7.581s] -- Installing: /root/ros_ws/src/Rescue_Car_ws/install/unique_identifier_msgs/include/unique_identifier_msgs/unique_identifier_msgs/msg/detail/uuid__struct.hpp
[7.581s] -- Installing: /root/ros_ws/src/Rescue_Car_ws/install/unique_identifier_msgs/include/unique_identifier_msgs/unique_identifier_msgs/msg/detail/uuid__type_support.hpp
[7.581s] -- Up-to-date: /root/ros_ws/src/Rescue_Car_ws/install/unique_identifier_msgs/include/unique_identifier_msgs/unique_identifier_msgs
[7.581s] -- Up-to-date: /root/ros_ws/src/Rescue_Car_ws/install/unique_identifier_msgs/include/unique_identifier_msgs/unique_identifier_msgs/msg
[7.581s] -- Installing: /root/ros_ws/src/Rescue_Car_ws/install/unique_identifier_msgs/include/unique_identifier_msgs/unique_identifier_msgs/msg/rosidl_typesupport_fastrtps_cpp__visibility_control.h
[7.581s] -- Up-to-date: /root/ros_ws/src/Rescue_Car_ws/install/unique_identifier_msgs/include/unique_identifier_msgs/unique_identifier_msgs/msg/detail
[7.581s] -- Installing: /root/ros_ws/src/Rescue_Car_ws/install/unique_identifier_msgs/include/unique_identifier_msgs/unique_identifier_msgs/msg/detail/dds_fastrtps
[7.581s] -- Installing: /root/ros_ws/src/Rescue_Car_ws/install/unique_identifier_msgs/include/unique_identifier_msgs/unique_identifier_msgs/msg/detail/uuid__rosidl_typesupport_fastrtps_cpp.hpp
[7.582s] -- Installing: /root/ros_ws/src/Rescue_Car_ws/install/unique_identifier_msgs/lib/libunique_identifier_msgs__rosidl_typesupport_fastrtps_cpp.so
[7.582s] -- Set runtime path of "/root/ros_ws/src/Rescue_Car_ws/install/unique_identifier_msgs/lib/libunique_identifier_msgs__rosidl_typesupport_fastrtps_cpp.so" to ""
[7.582s] -- Up-to-date: /root/ros_ws/src/Rescue_Car_ws/install/unique_identifier_msgs/include/unique_identifier_msgs/unique_identifier_msgs
[7.582s] -- Up-to-date: /root/ros_ws/src/Rescue_Car_ws/install/unique_identifier_msgs/include/unique_identifier_msgs/unique_identifier_msgs/msg
[7.582s] -- Up-to-date: /root/ros_ws/src/Rescue_Car_ws/install/unique_identifier_msgs/include/unique_identifier_msgs/unique_identifier_msgs/msg/detail
[7.582s] -- Installing: /root/ros_ws/src/Rescue_Car_ws/install/unique_identifier_msgs/include/unique_identifier_msgs/unique_identifier_msgs/msg/detail/uuid__rosidl_typesupport_introspection_cpp.hpp
[7.582s] -- Installing: /root/ros_ws/src/Rescue_Car_ws/install/unique_identifier_msgs/include/unique_identifier_msgs/unique_identifier_msgs/msg/detail/uuid__type_support.cpp
[7.582s] -- Installing: /root/ros_ws/src/Rescue_Car_ws/install/unique_identifier_msgs/lib/libunique_identifier_msgs__rosidl_typesupport_introspection_cpp.so
[7.582s] -- Set runtime path of "/root/ros_ws/src/Rescue_Car_ws/install/unique_identifier_msgs/lib/libunique_identifier_msgs__rosidl_typesupport_introspection_cpp.so" to ""
[7.582s] -- Installing: /root/ros_ws/src/Rescue_Car_ws/install/unique_identifier_msgs/lib/libunique_identifier_msgs__rosidl_typesupport_cpp.so
[7.583s] -- Set runtime path of "/root/ros_ws/src/Rescue_Car_ws/install/unique_identifier_msgs/lib/libunique_identifier_msgs__rosidl_typesupport_cpp.so" to ""
[7.583s] -- Installing: /root/ros_ws/src/Rescue_Car_ws/install/unique_identifier_msgs/share/unique_identifier_msgs/environment/pythonpath.sh
[7.583s] -- Installing: /root/ros_ws/src/Rescue_Car_ws/install/unique_identifier_msgs/share/unique_identifier_msgs/environment/pythonpath.dsv
[7.584s] -- Installing: /root/ros_ws/src/Rescue_Car_ws/install/unique_identifier_msgs/local/lib/python3.10/dist-packages/unique_identifier_msgs-2.2.1-py3.10.egg-info
[7.585s] -- Installing: /root/ros_ws/src/Rescue_Car_ws/install/unique_identifier_msgs/local/lib/python3.10/dist-packages/unique_identifier_msgs-2.2.1-py3.10.egg-info/dependency_links.txt
[7.586s] -- Installing: /root/ros_ws/src/Rescue_Car_ws/install/unique_identifier_msgs/local/lib/python3.10/dist-packages/unique_identifier_msgs-2.2.1-py3.10.egg-info/SOURCES.txt
[7.587s] -- Installing: /root/ros_ws/src/Rescue_Car_ws/install/unique_identifier_msgs/local/lib/python3.10/dist-packages/unique_identifier_msgs-2.2.1-py3.10.egg-info/PKG-INFO
[7.587s] -- Installing: /root/ros_ws/src/Rescue_Car_ws/install/unique_identifier_msgs/local/lib/python3.10/dist-packages/unique_identifier_msgs-2.2.1-py3.10.egg-info/top_level.txt
[7.589s] -- Installing: /root/ros_ws/src/Rescue_Car_ws/install/unique_identifier_msgs/local/lib/python3.10/dist-packages/unique_identifier_msgs
[7.589s] -- Installing: /root/ros_ws/src/Rescue_Car_ws/install/unique_identifier_msgs/local/lib/python3.10/dist-packages/unique_identifier_msgs/_unique_identifier_msgs_s.ep.rosidl_typesupport_c.c
[7.589s] -- Installing: /root/ros_ws/src/Rescue_Car_ws/install/unique_identifier_msgs/local/lib/python3.10/dist-packages/unique_identifier_msgs/unique_identifier_msgs_s__rosidl_typesupport_introspection_c.cpython-310-x86_64-linux-gnu.so
[7.589s] -- Installing: /root/ros_ws/src/Rescue_Car_ws/install/unique_identifier_msgs/local/lib/python3.10/dist-packages/unique_identifier_msgs/_unique_identifier_msgs_s.ep.rosidl_typesupport_introspection_c.c
[7.591s] -- Installing: /root/ros_ws/src/Rescue_Car_ws/install/unique_identifier_msgs/local/lib/python3.10/dist-packages/unique_identifier_msgs/unique_identifier_msgs_s__rosidl_typesupport_c.cpython-310-x86_64-linux-gnu.so
[7.591s] -- Installing: /root/ros_ws/src/Rescue_Car_ws/install/unique_identifier_msgs/local/lib/python3.10/dist-packages/unique_identifier_msgs/libunique_identifier_msgs__rosidl_generator_py.so
[7.591s] -- Installing: /root/ros_ws/src/Rescue_Car_ws/install/unique_identifier_msgs/local/lib/python3.10/dist-packages/unique_identifier_msgs/_unique_identifier_msgs_s.ep.rosidl_typesupport_fastrtps_c.c
[7.593s] -- Installing: /root/ros_ws/src/Rescue_Car_ws/install/unique_identifier_msgs/local/lib/python3.10/dist-packages/unique_identifier_msgs/unique_identifier_msgs_s__rosidl_typesupport_fastrtps_c.cpython-310-x86_64-linux-gnu.so
[7.593s] -- Installing: /root/ros_ws/src/Rescue_Car_ws/install/unique_identifier_msgs/local/lib/python3.10/dist-packages/unique_identifier_msgs/__init__.py
[7.593s] -- Installing: /root/ros_ws/src/Rescue_Car_ws/install/unique_identifier_msgs/local/lib/python3.10/dist-packages/unique_identifier_msgs/msg
[7.593s] -- Installing: /root/ros_ws/src/Rescue_Car_ws/install/unique_identifier_msgs/local/lib/python3.10/dist-packages/unique_identifier_msgs/msg/_uuid_s.c
[7.594s] -- Installing: /root/ros_ws/src/Rescue_Car_ws/install/unique_identifier_msgs/local/lib/python3.10/dist-packages/unique_identifier_msgs/msg/_uuid.py
[7.594s] -- Installing: /root/ros_ws/src/Rescue_Car_ws/install/unique_identifier_msgs/local/lib/python3.10/dist-packages/unique_identifier_msgs/msg/__init__.py
[7.653s] Listing '/root/ros_ws/src/Rescue_Car_ws/install/unique_identifier_msgs/local/lib/python3.10/dist-packages/unique_identifier_msgs'...
[7.653s] Compiling '/root/ros_ws/src/Rescue_Car_ws/install/unique_identifier_msgs/local/lib/python3.10/dist-packages/unique_identifier_msgs/__init__.py'...
[7.653s] Listing '/root/ros_ws/src/Rescue_Car_ws/install/unique_identifier_msgs/local/lib/python3.10/dist-packages/unique_identifier_msgs/msg'...
[7.653s] Compiling '/root/ros_ws/src/Rescue_Car_ws/install/unique_identifier_msgs/local/lib/python3.10/dist-packages/unique_identifier_msgs/msg/__init__.py'...
[7.653s] Compiling '/root/ros_ws/src/Rescue_Car_ws/install/unique_identifier_msgs/local/lib/python3.10/dist-packages/unique_identifier_msgs/msg/_uuid.py'...
[7.677s] -- Installing: /root/ros_ws/src/Rescue_Car_ws/install/unique_identifier_msgs/local/lib/python3.10/dist-packages/unique_identifier_msgs/unique_identifier_msgs_s__rosidl_typesupport_fastrtps_c.cpython-310-x86_64-linux-gnu.so
[7.677s] -- Set runtime path of "/root/ros_ws/src/Rescue_Car_ws/install/unique_identifier_msgs/local/lib/python3.10/dist-packages/unique_identifier_msgs/unique_identifier_msgs_s__rosidl_typesupport_fastrtps_c.cpython-310-x86_64-linux-gnu.so" to ""
[7.677s] -- Installing: /root/ros_ws/src/Rescue_Car_ws/install/unique_identifier_msgs/local/lib/python3.10/dist-packages/unique_identifier_msgs/unique_identifier_msgs_s__rosidl_typesupport_introspection_c.cpython-310-x86_64-linux-gnu.so
[7.677s] -- Set runtime path of "/root/ros_ws/src/Rescue_Car_ws/install/unique_identifier_msgs/local/lib/python3.10/dist-packages/unique_identifier_msgs/unique_identifier_msgs_s__rosidl_typesupport_introspection_c.cpython-310-x86_64-linux-gnu.so" to ""
[7.677s] -- Installing: /root/ros_ws/src/Rescue_Car_ws/install/unique_identifier_msgs/local/lib/python3.10/dist-packages/unique_identifier_msgs/unique_identifier_msgs_s__rosidl_typesupport_c.cpython-310-x86_64-linux-gnu.so
[7.677s] -- Set runtime path of "/root/ros_ws/src/Rescue_Car_ws/install/unique_identifier_msgs/local/lib/python3.10/dist-packages/unique_identifier_msgs/unique_identifier_msgs_s__rosidl_typesupport_c.cpython-310-x86_64-linux-gnu.so" to ""
[7.677s] -- Installing: /root/ros_ws/src/Rescue_Car_ws/install/unique_identifier_msgs/lib/libunique_identifier_msgs__rosidl_generator_py.so
[7.677s] -- Set runtime path of "/root/ros_ws/src/Rescue_Car_ws/install/unique_identifier_msgs/lib/libunique_identifier_msgs__rosidl_generator_py.so" to ""
[7.677s] -- Installing: /root/ros_ws/src/Rescue_Car_ws/install/unique_identifier_msgs/share/unique_identifier_msgs/msg/UUID.idl
[7.677s] -- Installing: /root/ros_ws/src/Rescue_Car_ws/install/unique_identifier_msgs/share/unique_identifier_msgs/msg/UUID.msg
[7.677s] -- Installing: /root/ros_ws/src/Rescue_Car_ws/install/unique_identifier_msgs/share/ament_index/resource_index/package_run_dependencies/unique_identifier_msgs
[7.678s] -- Installing: /root/ros_ws/src/Rescue_Car_ws/install/unique_identifier_msgs/share/ament_index/resource_index/parent_prefix_path/unique_identifier_msgs
[7.678s] -- Installing: /root/ros_ws/src/Rescue_Car_ws/install/unique_identifier_msgs/share/unique_identifier_msgs/environment/ament_prefix_path.sh
[7.678s] -- Installing: /root/ros_ws/src/Rescue_Car_ws/install/unique_identifier_msgs/share/unique_identifier_msgs/environment/ament_prefix_path.dsv
[7.678s] -- Installing: /root/ros_ws/src/Rescue_Car_ws/install/unique_identifier_msgs/share/unique_identifier_msgs/environment/path.sh
[7.678s] -- Installing: /root/ros_ws/src/Rescue_Car_ws/install/unique_identifier_msgs/share/unique_identifier_msgs/environment/path.dsv
[7.678s] -- Installing: /root/ros_ws/src/Rescue_Car_ws/install/unique_identifier_msgs/share/unique_identifier_msgs/local_setup.bash
[7.678s] -- Installing: /root/ros_ws/src/Rescue_Car_ws/install/unique_identifier_msgs/share/unique_identifier_msgs/local_setup.sh
[7.678s] -- Installing: /root/ros_ws/src/Rescue_Car_ws/install/unique_identifier_msgs/share/unique_identifier_msgs/local_setup.zsh
[7.678s] -- Installing: /root/ros_ws/src/Rescue_Car_ws/install/unique_identifier_msgs/share/unique_identifier_msgs/local_setup.dsv
[7.678s] -- Installing: /root/ros_ws/src/Rescue_Car_ws/install/unique_identifier_msgs/share/unique_identifier_msgs/package.dsv
[7.678s] -- Installing: /root/ros_ws/src/Rescue_Car_ws/install/unique_identifier_msgs/share/ament_index/resource_index/packages/unique_identifier_msgs
[7.678s] -- Installing: /root/ros_ws/src/Rescue_Car_ws/install/unique_identifier_msgs/share/unique_identifier_msgs/cmake/export_unique_identifier_msgs__rosidl_generator_cExport.cmake
[7.678s] -- Installing: /root/ros_ws/src/Rescue_Car_ws/install/unique_identifier_msgs/share/unique_identifier_msgs/cmake/export_unique_identifier_msgs__rosidl_generator_cExport-noconfig.cmake
[7.678s] -- Installing: /root/ros_ws/src/Rescue_Car_ws/install/unique_identifier_msgs/share/unique_identifier_msgs/cmake/export_unique_identifier_msgs__rosidl_typesupport_fastrtps_cExport.cmake
[7.678s] -- Installing: /root/ros_ws/src/Rescue_Car_ws/install/unique_identifier_msgs/share/unique_identifier_msgs/cmake/export_unique_identifier_msgs__rosidl_typesupport_fastrtps_cExport-noconfig.cmake
[7.678s] -- Installing: /root/ros_ws/src/Rescue_Car_ws/install/unique_identifier_msgs/share/unique_identifier_msgs/cmake/unique_identifier_msgs__rosidl_typesupport_introspection_cExport.cmake
[7.678s] -- Installing: /root/ros_ws/src/Rescue_Car_ws/install/unique_identifier_msgs/share/unique_identifier_msgs/cmake/unique_identifier_msgs__rosidl_typesupport_introspection_cExport-noconfig.cmake
[7.678s] -- Installing: /root/ros_ws/src/Rescue_Car_ws/install/unique_identifier_msgs/share/unique_identifier_msgs/cmake/unique_identifier_msgs__rosidl_typesupport_cExport.cmake
[7.678s] -- Installing: /root/ros_ws/src/Rescue_Car_ws/install/unique_identifier_msgs/share/unique_identifier_msgs/cmake/unique_identifier_msgs__rosidl_typesupport_cExport-noconfig.cmake
[7.678s] -- Installing: /root/ros_ws/src/Rescue_Car_ws/install/unique_identifier_msgs/share/unique_identifier_msgs/cmake/export_unique_identifier_msgs__rosidl_generator_cppExport.cmake
[7.678s] -- Installing: /root/ros_ws/src/Rescue_Car_ws/install/unique_identifier_msgs/share/unique_identifier_msgs/cmake/export_unique_identifier_msgs__rosidl_typesupport_fastrtps_cppExport.cmake
[7.678s] -- Installing: /root/ros_ws/src/Rescue_Car_ws/install/unique_identifier_msgs/share/unique_identifier_msgs/cmake/export_unique_identifier_msgs__rosidl_typesupport_fastrtps_cppExport-noconfig.cmake
[7.678s] -- Installing: /root/ros_ws/src/Rescue_Car_ws/install/unique_identifier_msgs/share/unique_identifier_msgs/cmake/unique_identifier_msgs__rosidl_typesupport_introspection_cppExport.cmake
[7.678s] -- Installing: /root/ros_ws/src/Rescue_Car_ws/install/unique_identifier_msgs/share/unique_identifier_msgs/cmake/unique_identifier_msgs__rosidl_typesupport_introspection_cppExport-noconfig.cmake
[7.679s] -- Installing: /root/ros_ws/src/Rescue_Car_ws/install/unique_identifier_msgs/share/unique_identifier_msgs/cmake/unique_identifier_msgs__rosidl_typesupport_cppExport.cmake
[7.679s] -- Installing: /root/ros_ws/src/Rescue_Car_ws/install/unique_identifier_msgs/share/unique_identifier_msgs/cmake/unique_identifier_msgs__rosidl_typesupport_cppExport-noconfig.cmake
[7.679s] -- Installing: /root/ros_ws/src/Rescue_Car_ws/install/unique_identifier_msgs/share/unique_identifier_msgs/cmake/export_unique_identifier_msgs__rosidl_generator_pyExport.cmake
[7.679s] -- Installing: /root/ros_ws/src/Rescue_Car_ws/install/unique_identifier_msgs/share/unique_identifier_msgs/cmake/export_unique_identifier_msgs__rosidl_generator_pyExport-noconfig.cmake
[7.679s] -- Installing: /root/ros_ws/src/Rescue_Car_ws/install/unique_identifier_msgs/share/unique_identifier_msgs/cmake/rosidl_cmake-extras.cmake
[7.679s] -- Installing: /root/ros_ws/src/Rescue_Car_ws/install/unique_identifier_msgs/share/unique_identifier_msgs/cmake/ament_cmake_export_include_directories-extras.cmake
[7.679s] -- Installing: /root/ros_ws/src/Rescue_Car_ws/install/unique_identifier_msgs/share/unique_identifier_msgs/cmake/ament_cmake_export_libraries-extras.cmake
[7.679s] -- Installing: /root/ros_ws/src/Rescue_Car_ws/install/unique_identifier_msgs/share/unique_identifier_msgs/cmake/ament_cmake_export_targets-extras.cmake
[7.679s] -- Installing: /root/ros_ws/src/Rescue_Car_ws/install/unique_identifier_msgs/share/unique_identifier_msgs/cmake/rosidl_cmake_export_typesupport_targets-extras.cmake
[7.679s] -- Installing: /root/ros_ws/src/Rescue_Car_ws/install/unique_identifier_msgs/share/unique_identifier_msgs/cmake/ament_cmake_export_dependencies-extras.cmake
[7.679s] -- Installing: /root/ros_ws/src/Rescue_Car_ws/install/unique_identifier_msgs/share/unique_identifier_msgs/cmake/rosidl_cmake_export_typesupport_libraries-extras.cmake
[7.679s] -- Installing: /root/ros_ws/src/Rescue_Car_ws/install/unique_identifier_msgs/share/unique_identifier_msgs/cmake/unique_identifier_msgsConfig.cmake
[7.679s] -- Installing: /root/ros_ws/src/Rescue_Car_ws/install/unique_identifier_msgs/share/unique_identifier_msgs/cmake/unique_identifier_msgsConfig-version.cmake
[7.679s] -- Installing: /root/ros_ws/src/Rescue_Car_ws/install/unique_identifier_msgs/share/unique_identifier_msgs/package.xml
[7.683s] -- Installing: /root/ros_ws/src/Rescue_Car_ws/install/unique_identifier_msgs/share/unique_identifier_msgs/mapping_rules.yaml
[7.693s] Invoked command in '/root/ros_ws/src/Rescue_Car_ws/build/unique_identifier_msgs' returned '0': CMAKE_PREFIX_PATH=/opt/ros/humble /usr/bin/cmake --install /root/ros_ws/src/Rescue_Car_ws/build/unique_identifier_msgs
