[0.040s] Invoking command in '/root/ros_ws/src/Rescue_Car_ws/build/std_srvs': CMAKE_PREFIX_PATH=${CMAKE_PREFIX_PATH}:/root/ros_ws/src/Rescue_Car_ws/install/sensor_msgs_py:/opt/ros/humble /usr/bin/cmake --build /root/ros_ws/src/Rescue_Car_ws/build/std_srvs -- -j20 -l20
[0.102s] [  2%] Built target std_srvs__cpp
[0.108s] [  2%] Built target ament_cmake_python_copy_std_srvs
[0.122s] [ 12%] Built target std_srvs__rosidl_generator_c
[0.161s] [ 23%] Built target std_srvs__rosidl_typesupport_introspection_cpp
[0.201s] [ 34%] Built target std_srvs__rosidl_typesupport_fastrtps_cpp
[0.201s] [ 48%] Built target std_srvs__rosidl_typesupport_fastrtps_c
[0.201s] [ 55%] Built target std_srvs__rosidl_typesupport_cpp
[0.203s] [ 65%] Built target std_srvs__rosidl_typesupport_introspection_c
[0.203s] [ 76%] Built target std_srvs__rosidl_typesupport_c
[0.220s] [ 76%] Built target std_srvs
[0.252s] [ 78%] Built target std_srvs__py
[0.286s] [ 87%] Built target std_srvs__rosidl_generator_py
[0.323s] [ 91%] Built target std_srvs__rosidl_typesupport_introspection_c__pyext
[0.327s] [ 95%] Built target std_srvs__rosidl_typesupport_fastrtps_c__pyext
[0.329s] [100%] Built target std_srvs__rosidl_typesupport_c__pyext
[0.410s] running egg_info
[0.412s] writing std_srvs.egg-info/PKG-INFO
[0.412s] writing dependency_links to std_srvs.egg-info/dependency_links.txt
[0.412s] writing top-level names to std_srvs.egg-info/top_level.txt
[0.415s] reading manifest file 'std_srvs.egg-info/SOURCES.txt'
[0.416s] writing manifest file 'std_srvs.egg-info/SOURCES.txt'
[0.450s] [100%] Built target ament_cmake_python_build_std_srvs_egg
[0.473s] Invoked command in '/root/ros_ws/src/Rescue_Car_ws/build/std_srvs' returned '0': CMAKE_PREFIX_PATH=${CMAKE_PREFIX_PATH}:/root/ros_ws/src/Rescue_Car_ws/install/sensor_msgs_py:/opt/ros/humble /usr/bin/cmake --build /root/ros_ws/src/Rescue_Car_ws/build/std_srvs -- -j20 -l20
[0.474s] Invoking command in '/root/ros_ws/src/Rescue_Car_ws/build/std_srvs': CMAKE_PREFIX_PATH=${CMAKE_PREFIX_PATH}:/root/ros_ws/src/Rescue_Car_ws/install/sensor_msgs_py:/opt/ros/humble /usr/bin/cmake --install /root/ros_ws/src/Rescue_Car_ws/build/std_srvs
[0.475s] -- Install configuration: ""
[0.475s] -- Up-to-date: /root/ros_ws/src/Rescue_Car_ws/install/std_srvs/share/ament_index/resource_index/rosidl_interfaces/std_srvs
[0.476s] -- Up-to-date: /root/ros_ws/src/Rescue_Car_ws/install/std_srvs/include/std_srvs/std_srvs
[0.476s] -- Up-to-date: /root/ros_ws/src/Rescue_Car_ws/install/std_srvs/include/std_srvs/std_srvs/srv
[0.477s] -- Up-to-date: /root/ros_ws/src/Rescue_Car_ws/install/std_srvs/include/std_srvs/std_srvs/srv/set_bool.h
[0.477s] -- Up-to-date: /root/ros_ws/src/Rescue_Car_ws/install/std_srvs/include/std_srvs/std_srvs/srv/detail
[0.477s] -- Up-to-date: /root/ros_ws/src/Rescue_Car_ws/install/std_srvs/include/std_srvs/std_srvs/srv/detail/set_bool__functions.h
[0.478s] -- Up-to-date: /root/ros_ws/src/Rescue_Car_ws/install/std_srvs/include/std_srvs/std_srvs/srv/detail/set_bool__functions.c
[0.478s] -- Up-to-date: /root/ros_ws/src/Rescue_Car_ws/install/std_srvs/include/std_srvs/std_srvs/srv/detail/trigger__functions.h
[0.478s] -- Up-to-date: /root/ros_ws/src/Rescue_Car_ws/install/std_srvs/include/std_srvs/std_srvs/srv/detail/set_bool__struct.h
[0.478s] -- Up-to-date: /root/ros_ws/src/Rescue_Car_ws/install/std_srvs/include/std_srvs/std_srvs/srv/detail/empty__struct.h
[0.478s] -- Up-to-date: /root/ros_ws/src/Rescue_Car_ws/install/std_srvs/include/std_srvs/std_srvs/srv/detail/trigger__struct.h
[0.478s] -- Up-to-date: /root/ros_ws/src/Rescue_Car_ws/install/std_srvs/include/std_srvs/std_srvs/srv/detail/empty__type_support.h
[0.478s] -- Up-to-date: /root/ros_ws/src/Rescue_Car_ws/install/std_srvs/include/std_srvs/std_srvs/srv/detail/trigger__functions.c
[0.478s] -- Up-to-date: /root/ros_ws/src/Rescue_Car_ws/install/std_srvs/include/std_srvs/std_srvs/srv/detail/empty__functions.c
[0.479s] -- Up-to-date: /root/ros_ws/src/Rescue_Car_ws/install/std_srvs/include/std_srvs/std_srvs/srv/detail/empty__functions.h
[0.479s] -- Up-to-date: /root/ros_ws/src/Rescue_Car_ws/install/std_srvs/include/std_srvs/std_srvs/srv/detail/trigger__type_support.h
[0.480s] -- Up-to-date: /root/ros_ws/src/Rescue_Car_ws/install/std_srvs/include/std_srvs/std_srvs/srv/detail/set_bool__type_support.h
[0.480s] -- Up-to-date: /root/ros_ws/src/Rescue_Car_ws/install/std_srvs/include/std_srvs/std_srvs/srv/trigger.h
[0.480s] -- Up-to-date: /root/ros_ws/src/Rescue_Car_ws/install/std_srvs/include/std_srvs/std_srvs/srv/empty.h
[0.480s] -- Up-to-date: /root/ros_ws/src/Rescue_Car_ws/install/std_srvs/include/std_srvs/std_srvs/msg
[0.480s] -- Up-to-date: /root/ros_ws/src/Rescue_Car_ws/install/std_srvs/include/std_srvs/std_srvs/msg/rosidl_generator_c__visibility_control.h
[0.480s] -- Up-to-date: /root/ros_ws/src/Rescue_Car_ws/install/std_srvs/share/std_srvs/environment/library_path.sh
[0.480s] -- Up-to-date: /root/ros_ws/src/Rescue_Car_ws/install/std_srvs/share/std_srvs/environment/library_path.dsv
[0.480s] -- Up-to-date: /root/ros_ws/src/Rescue_Car_ws/install/std_srvs/lib/libstd_srvs__rosidl_generator_c.so
[0.480s] -- Up-to-date: /root/ros_ws/src/Rescue_Car_ws/install/std_srvs/include/std_srvs/std_srvs
[0.480s] -- Up-to-date: /root/ros_ws/src/Rescue_Car_ws/install/std_srvs/include/std_srvs/std_srvs/srv
[0.481s] -- Up-to-date: /root/ros_ws/src/Rescue_Car_ws/install/std_srvs/include/std_srvs/std_srvs/srv/detail
[0.481s] -- Up-to-date: /root/ros_ws/src/Rescue_Car_ws/install/std_srvs/include/std_srvs/std_srvs/srv/detail/set_bool__rosidl_typesupport_fastrtps_c.h
[0.481s] -- Up-to-date: /root/ros_ws/src/Rescue_Car_ws/install/std_srvs/include/std_srvs/std_srvs/srv/detail/empty__rosidl_typesupport_fastrtps_c.h
[0.481s] -- Up-to-date: /root/ros_ws/src/Rescue_Car_ws/install/std_srvs/include/std_srvs/std_srvs/srv/detail/trigger__rosidl_typesupport_fastrtps_c.h
[0.481s] -- Up-to-date: /root/ros_ws/src/Rescue_Car_ws/install/std_srvs/include/std_srvs/std_srvs/msg
[0.481s] -- Up-to-date: /root/ros_ws/src/Rescue_Car_ws/install/std_srvs/include/std_srvs/std_srvs/msg/rosidl_typesupport_fastrtps_c__visibility_control.h
[0.481s] -- Up-to-date: /root/ros_ws/src/Rescue_Car_ws/install/std_srvs/lib/libstd_srvs__rosidl_typesupport_fastrtps_c.so
[0.481s] -- Up-to-date: /root/ros_ws/src/Rescue_Car_ws/install/std_srvs/include/std_srvs/std_srvs
[0.482s] -- Up-to-date: /root/ros_ws/src/Rescue_Car_ws/install/std_srvs/include/std_srvs/std_srvs/srv
[0.482s] -- Up-to-date: /root/ros_ws/src/Rescue_Car_ws/install/std_srvs/include/std_srvs/std_srvs/srv/detail
[0.482s] -- Up-to-date: /root/ros_ws/src/Rescue_Car_ws/install/std_srvs/include/std_srvs/std_srvs/srv/detail/empty__rosidl_typesupport_introspection_c.h
[0.483s] -- Up-to-date: /root/ros_ws/src/Rescue_Car_ws/install/std_srvs/include/std_srvs/std_srvs/srv/detail/trigger__rosidl_typesupport_introspection_c.h
[0.484s] -- Up-to-date: /root/ros_ws/src/Rescue_Car_ws/install/std_srvs/include/std_srvs/std_srvs/srv/detail/empty__type_support.c
[0.485s] -- Up-to-date: /root/ros_ws/src/Rescue_Car_ws/install/std_srvs/include/std_srvs/std_srvs/srv/detail/set_bool__rosidl_typesupport_introspection_c.h
[0.485s] -- Up-to-date: /root/ros_ws/src/Rescue_Car_ws/install/std_srvs/include/std_srvs/std_srvs/srv/detail/trigger__type_support.c
[0.485s] -- Up-to-date: /root/ros_ws/src/Rescue_Car_ws/install/std_srvs/include/std_srvs/std_srvs/srv/detail/set_bool__type_support.c
[0.486s] -- Up-to-date: /root/ros_ws/src/Rescue_Car_ws/install/std_srvs/include/std_srvs/std_srvs/msg
[0.486s] -- Up-to-date: /root/ros_ws/src/Rescue_Car_ws/install/std_srvs/include/std_srvs/std_srvs/msg/rosidl_typesupport_introspection_c__visibility_control.h
[0.486s] -- Up-to-date: /root/ros_ws/src/Rescue_Car_ws/install/std_srvs/lib/libstd_srvs__rosidl_typesupport_introspection_c.so
[0.486s] -- Up-to-date: /root/ros_ws/src/Rescue_Car_ws/install/std_srvs/lib/libstd_srvs__rosidl_typesupport_c.so
[0.486s] -- Up-to-date: /root/ros_ws/src/Rescue_Car_ws/install/std_srvs/include/std_srvs/std_srvs
[0.486s] -- Up-to-date: /root/ros_ws/src/Rescue_Car_ws/install/std_srvs/include/std_srvs/std_srvs/srv
[0.486s] -- Up-to-date: /root/ros_ws/src/Rescue_Car_ws/install/std_srvs/include/std_srvs/std_srvs/srv/set_bool.hpp
[0.487s] -- Up-to-date: /root/ros_ws/src/Rescue_Car_ws/install/std_srvs/include/std_srvs/std_srvs/srv/empty.hpp
[0.487s] -- Up-to-date: /root/ros_ws/src/Rescue_Car_ws/install/std_srvs/include/std_srvs/std_srvs/srv/trigger.hpp
[0.487s] -- Up-to-date: /root/ros_ws/src/Rescue_Car_ws/install/std_srvs/include/std_srvs/std_srvs/srv/detail
[0.487s] -- Up-to-date: /root/ros_ws/src/Rescue_Car_ws/install/std_srvs/include/std_srvs/std_srvs/srv/detail/empty__builder.hpp
[0.487s] -- Up-to-date: /root/ros_ws/src/Rescue_Car_ws/install/std_srvs/include/std_srvs/std_srvs/srv/detail/trigger__type_support.hpp
[0.487s] -- Up-to-date: /root/ros_ws/src/Rescue_Car_ws/install/std_srvs/include/std_srvs/std_srvs/srv/detail/set_bool__struct.hpp
[0.487s] -- Up-to-date: /root/ros_ws/src/Rescue_Car_ws/install/std_srvs/include/std_srvs/std_srvs/srv/detail/set_bool__type_support.hpp
[0.488s] -- Up-to-date: /root/ros_ws/src/Rescue_Car_ws/install/std_srvs/include/std_srvs/std_srvs/srv/detail/set_bool__builder.hpp
[0.488s] -- Up-to-date: /root/ros_ws/src/Rescue_Car_ws/install/std_srvs/include/std_srvs/std_srvs/srv/detail/empty__traits.hpp
[0.488s] -- Up-to-date: /root/ros_ws/src/Rescue_Car_ws/install/std_srvs/include/std_srvs/std_srvs/srv/detail/trigger__struct.hpp
[0.488s] -- Up-to-date: /root/ros_ws/src/Rescue_Car_ws/install/std_srvs/include/std_srvs/std_srvs/srv/detail/empty__struct.hpp
[0.488s] -- Up-to-date: /root/ros_ws/src/Rescue_Car_ws/install/std_srvs/include/std_srvs/std_srvs/srv/detail/trigger__traits.hpp
[0.488s] -- Up-to-date: /root/ros_ws/src/Rescue_Car_ws/install/std_srvs/include/std_srvs/std_srvs/srv/detail/set_bool__traits.hpp
[0.489s] -- Up-to-date: /root/ros_ws/src/Rescue_Car_ws/install/std_srvs/include/std_srvs/std_srvs/srv/detail/trigger__builder.hpp
[0.489s] -- Up-to-date: /root/ros_ws/src/Rescue_Car_ws/install/std_srvs/include/std_srvs/std_srvs/srv/detail/empty__type_support.hpp
[0.489s] -- Up-to-date: /root/ros_ws/src/Rescue_Car_ws/install/std_srvs/include/std_srvs/std_srvs/msg
[0.490s] -- Up-to-date: /root/ros_ws/src/Rescue_Car_ws/install/std_srvs/include/std_srvs/std_srvs/msg/rosidl_generator_cpp__visibility_control.hpp
[0.490s] -- Up-to-date: /root/ros_ws/src/Rescue_Car_ws/install/std_srvs/include/std_srvs/std_srvs
[0.490s] -- Up-to-date: /root/ros_ws/src/Rescue_Car_ws/install/std_srvs/include/std_srvs/std_srvs/srv
[0.491s] -- Up-to-date: /root/ros_ws/src/Rescue_Car_ws/install/std_srvs/include/std_srvs/std_srvs/srv/detail
[0.492s] -- Up-to-date: /root/ros_ws/src/Rescue_Car_ws/install/std_srvs/include/std_srvs/std_srvs/srv/detail/empty__rosidl_typesupport_fastrtps_cpp.hpp
[0.492s] -- Up-to-date: /root/ros_ws/src/Rescue_Car_ws/install/std_srvs/include/std_srvs/std_srvs/srv/detail/dds_fastrtps
[0.493s] -- Up-to-date: /root/ros_ws/src/Rescue_Car_ws/install/std_srvs/include/std_srvs/std_srvs/srv/detail/set_bool__rosidl_typesupport_fastrtps_cpp.hpp
[0.493s] -- Up-to-date: /root/ros_ws/src/Rescue_Car_ws/install/std_srvs/include/std_srvs/std_srvs/srv/detail/trigger__rosidl_typesupport_fastrtps_cpp.hpp
[0.493s] -- Up-to-date: /root/ros_ws/src/Rescue_Car_ws/install/std_srvs/include/std_srvs/std_srvs/msg
[0.493s] -- Up-to-date: /root/ros_ws/src/Rescue_Car_ws/install/std_srvs/include/std_srvs/std_srvs/msg/rosidl_typesupport_fastrtps_cpp__visibility_control.h
[0.494s] -- Up-to-date: /root/ros_ws/src/Rescue_Car_ws/install/std_srvs/lib/libstd_srvs__rosidl_typesupport_fastrtps_cpp.so
[0.497s] -- Up-to-date: /root/ros_ws/src/Rescue_Car_ws/install/std_srvs/include/std_srvs/std_srvs
[0.497s] -- Up-to-date: /root/ros_ws/src/Rescue_Car_ws/install/std_srvs/include/std_srvs/std_srvs/srv
[0.497s] -- Up-to-date: /root/ros_ws/src/Rescue_Car_ws/install/std_srvs/include/std_srvs/std_srvs/srv/detail
[0.498s] -- Up-to-date: /root/ros_ws/src/Rescue_Car_ws/install/std_srvs/include/std_srvs/std_srvs/srv/detail/set_bool__type_support.cpp
[0.498s] -- Up-to-date: /root/ros_ws/src/Rescue_Car_ws/install/std_srvs/include/std_srvs/std_srvs/srv/detail/trigger__rosidl_typesupport_introspection_cpp.hpp
[0.498s] -- Up-to-date: /root/ros_ws/src/Rescue_Car_ws/install/std_srvs/include/std_srvs/std_srvs/srv/detail/empty__rosidl_typesupport_introspection_cpp.hpp
[0.498s] -- Up-to-date: /root/ros_ws/src/Rescue_Car_ws/install/std_srvs/include/std_srvs/std_srvs/srv/detail/trigger__type_support.cpp
[0.498s] -- Up-to-date: /root/ros_ws/src/Rescue_Car_ws/install/std_srvs/include/std_srvs/std_srvs/srv/detail/set_bool__rosidl_typesupport_introspection_cpp.hpp
[0.499s] -- Up-to-date: /root/ros_ws/src/Rescue_Car_ws/install/std_srvs/include/std_srvs/std_srvs/srv/detail/empty__type_support.cpp
[0.499s] -- Up-to-date: /root/ros_ws/src/Rescue_Car_ws/install/std_srvs/lib/libstd_srvs__rosidl_typesupport_introspection_cpp.so
[0.500s] -- Up-to-date: /root/ros_ws/src/Rescue_Car_ws/install/std_srvs/lib/libstd_srvs__rosidl_typesupport_cpp.so
[0.500s] -- Up-to-date: /root/ros_ws/src/Rescue_Car_ws/install/std_srvs/share/std_srvs/environment/pythonpath.sh
[0.501s] -- Up-to-date: /root/ros_ws/src/Rescue_Car_ws/install/std_srvs/share/std_srvs/environment/pythonpath.dsv
[0.501s] -- Up-to-date: /root/ros_ws/src/Rescue_Car_ws/install/std_srvs/local/lib/python3.10/dist-packages/std_srvs-4.9.0-py3.10.egg-info
[0.501s] -- Installing: /root/ros_ws/src/Rescue_Car_ws/install/std_srvs/local/lib/python3.10/dist-packages/std_srvs-4.9.0-py3.10.egg-info/dependency_links.txt
[0.501s] -- Installing: /root/ros_ws/src/Rescue_Car_ws/install/std_srvs/local/lib/python3.10/dist-packages/std_srvs-4.9.0-py3.10.egg-info/SOURCES.txt
[0.501s] -- Installing: /root/ros_ws/src/Rescue_Car_ws/install/std_srvs/local/lib/python3.10/dist-packages/std_srvs-4.9.0-py3.10.egg-info/PKG-INFO
[0.501s] -- Installing: /root/ros_ws/src/Rescue_Car_ws/install/std_srvs/local/lib/python3.10/dist-packages/std_srvs-4.9.0-py3.10.egg-info/top_level.txt
[0.501s] -- Up-to-date: /root/ros_ws/src/Rescue_Car_ws/install/std_srvs/local/lib/python3.10/dist-packages/std_srvs
[0.501s] -- Up-to-date: /root/ros_ws/src/Rescue_Car_ws/install/std_srvs/local/lib/python3.10/dist-packages/std_srvs/std_srvs_s__rosidl_typesupport_c.cpython-310-x86_64-linux-gnu.so
[0.501s] -- Up-to-date: /root/ros_ws/src/Rescue_Car_ws/install/std_srvs/local/lib/python3.10/dist-packages/std_srvs/_std_srvs_s.ep.rosidl_typesupport_c.c
[0.501s] -- Up-to-date: /root/ros_ws/src/Rescue_Car_ws/install/std_srvs/local/lib/python3.10/dist-packages/std_srvs/libstd_srvs__rosidl_generator_py.so
[0.501s] -- Up-to-date: /root/ros_ws/src/Rescue_Car_ws/install/std_srvs/local/lib/python3.10/dist-packages/std_srvs/_std_srvs_s.ep.rosidl_typesupport_fastrtps_c.c
[0.501s] -- Up-to-date: /root/ros_ws/src/Rescue_Car_ws/install/std_srvs/local/lib/python3.10/dist-packages/std_srvs/std_srvs_s__rosidl_typesupport_fastrtps_c.cpython-310-x86_64-linux-gnu.so
[0.501s] -- Up-to-date: /root/ros_ws/src/Rescue_Car_ws/install/std_srvs/local/lib/python3.10/dist-packages/std_srvs/srv
[0.501s] -- Up-to-date: /root/ros_ws/src/Rescue_Car_ws/install/std_srvs/local/lib/python3.10/dist-packages/std_srvs/srv/_trigger.py
[0.501s] -- Up-to-date: /root/ros_ws/src/Rescue_Car_ws/install/std_srvs/local/lib/python3.10/dist-packages/std_srvs/srv/_empty_s.c
[0.502s] -- Up-to-date: /root/ros_ws/src/Rescue_Car_ws/install/std_srvs/local/lib/python3.10/dist-packages/std_srvs/srv/_set_bool_s.c
[0.502s] -- Up-to-date: /root/ros_ws/src/Rescue_Car_ws/install/std_srvs/local/lib/python3.10/dist-packages/std_srvs/srv/_trigger_s.c
[0.502s] -- Up-to-date: /root/ros_ws/src/Rescue_Car_ws/install/std_srvs/local/lib/python3.10/dist-packages/std_srvs/srv/__init__.py
[0.502s] -- Up-to-date: /root/ros_ws/src/Rescue_Car_ws/install/std_srvs/local/lib/python3.10/dist-packages/std_srvs/srv/_set_bool.py
[0.502s] -- Up-to-date: /root/ros_ws/src/Rescue_Car_ws/install/std_srvs/local/lib/python3.10/dist-packages/std_srvs/srv/_empty.py
[0.502s] -- Up-to-date: /root/ros_ws/src/Rescue_Car_ws/install/std_srvs/local/lib/python3.10/dist-packages/std_srvs/__init__.py
[0.502s] -- Up-to-date: /root/ros_ws/src/Rescue_Car_ws/install/std_srvs/local/lib/python3.10/dist-packages/std_srvs/_std_srvs_s.ep.rosidl_typesupport_introspection_c.c
[0.502s] -- Up-to-date: /root/ros_ws/src/Rescue_Car_ws/install/std_srvs/local/lib/python3.10/dist-packages/std_srvs/std_srvs_s__rosidl_typesupport_introspection_c.cpython-310-x86_64-linux-gnu.so
[0.563s] Listing '/root/ros_ws/src/Rescue_Car_ws/install/std_srvs/local/lib/python3.10/dist-packages/std_srvs'...
[0.563s] Listing '/root/ros_ws/src/Rescue_Car_ws/install/std_srvs/local/lib/python3.10/dist-packages/std_srvs/srv'...
[0.564s] -- Up-to-date: /root/ros_ws/src/Rescue_Car_ws/install/std_srvs/local/lib/python3.10/dist-packages/std_srvs/std_srvs_s__rosidl_typesupport_fastrtps_c.cpython-310-x86_64-linux-gnu.so
[0.564s] -- Up-to-date: /root/ros_ws/src/Rescue_Car_ws/install/std_srvs/local/lib/python3.10/dist-packages/std_srvs/std_srvs_s__rosidl_typesupport_introspection_c.cpython-310-x86_64-linux-gnu.so
[0.564s] -- Up-to-date: /root/ros_ws/src/Rescue_Car_ws/install/std_srvs/local/lib/python3.10/dist-packages/std_srvs/std_srvs_s__rosidl_typesupport_c.cpython-310-x86_64-linux-gnu.so
[0.564s] -- Up-to-date: /root/ros_ws/src/Rescue_Car_ws/install/std_srvs/lib/libstd_srvs__rosidl_generator_py.so
[0.564s] -- Up-to-date: /root/ros_ws/src/Rescue_Car_ws/install/std_srvs/share/std_srvs/srv/Empty.idl
[0.564s] -- Up-to-date: /root/ros_ws/src/Rescue_Car_ws/install/std_srvs/share/std_srvs/srv/SetBool.idl
[0.564s] -- Up-to-date: /root/ros_ws/src/Rescue_Car_ws/install/std_srvs/share/std_srvs/srv/Trigger.idl
[0.565s] -- Up-to-date: /root/ros_ws/src/Rescue_Car_ws/install/std_srvs/share/std_srvs/srv/Empty.srv
[0.565s] -- Up-to-date: /root/ros_ws/src/Rescue_Car_ws/install/std_srvs/share/std_srvs/srv/Empty_Request.msg
[0.566s] -- Up-to-date: /root/ros_ws/src/Rescue_Car_ws/install/std_srvs/share/std_srvs/srv/Empty_Response.msg
[0.566s] -- Up-to-date: /root/ros_ws/src/Rescue_Car_ws/install/std_srvs/share/std_srvs/srv/SetBool.srv
[0.566s] -- Up-to-date: /root/ros_ws/src/Rescue_Car_ws/install/std_srvs/share/std_srvs/srv/SetBool_Request.msg
[0.566s] -- Up-to-date: /root/ros_ws/src/Rescue_Car_ws/install/std_srvs/share/std_srvs/srv/SetBool_Response.msg
[0.566s] -- Up-to-date: /root/ros_ws/src/Rescue_Car_ws/install/std_srvs/share/std_srvs/srv/Trigger.srv
[0.566s] -- Up-to-date: /root/ros_ws/src/Rescue_Car_ws/install/std_srvs/share/std_srvs/srv/Trigger_Request.msg
[0.566s] -- Up-to-date: /root/ros_ws/src/Rescue_Car_ws/install/std_srvs/share/std_srvs/srv/Trigger_Response.msg
[0.566s] -- Up-to-date: /root/ros_ws/src/Rescue_Car_ws/install/std_srvs/share/ament_index/resource_index/package_run_dependencies/std_srvs
[0.566s] -- Up-to-date: /root/ros_ws/src/Rescue_Car_ws/install/std_srvs/share/ament_index/resource_index/parent_prefix_path/std_srvs
[0.566s] -- Up-to-date: /root/ros_ws/src/Rescue_Car_ws/install/std_srvs/share/std_srvs/environment/ament_prefix_path.sh
[0.566s] -- Up-to-date: /root/ros_ws/src/Rescue_Car_ws/install/std_srvs/share/std_srvs/environment/ament_prefix_path.dsv
[0.567s] -- Up-to-date: /root/ros_ws/src/Rescue_Car_ws/install/std_srvs/share/std_srvs/environment/path.sh
[0.567s] -- Up-to-date: /root/ros_ws/src/Rescue_Car_ws/install/std_srvs/share/std_srvs/environment/path.dsv
[0.567s] -- Up-to-date: /root/ros_ws/src/Rescue_Car_ws/install/std_srvs/share/std_srvs/local_setup.bash
[0.567s] -- Up-to-date: /root/ros_ws/src/Rescue_Car_ws/install/std_srvs/share/std_srvs/local_setup.sh
[0.567s] -- Up-to-date: /root/ros_ws/src/Rescue_Car_ws/install/std_srvs/share/std_srvs/local_setup.zsh
[0.567s] -- Up-to-date: /root/ros_ws/src/Rescue_Car_ws/install/std_srvs/share/std_srvs/local_setup.dsv
[0.567s] -- Installing: /root/ros_ws/src/Rescue_Car_ws/install/std_srvs/share/std_srvs/package.dsv
[0.568s] -- Up-to-date: /root/ros_ws/src/Rescue_Car_ws/install/std_srvs/share/ament_index/resource_index/packages/std_srvs
[0.568s] -- Up-to-date: /root/ros_ws/src/Rescue_Car_ws/install/std_srvs/share/std_srvs/cmake/export_std_srvs__rosidl_generator_cExport.cmake
[0.568s] -- Up-to-date: /root/ros_ws/src/Rescue_Car_ws/install/std_srvs/share/std_srvs/cmake/export_std_srvs__rosidl_generator_cExport-noconfig.cmake
[0.568s] -- Up-to-date: /root/ros_ws/src/Rescue_Car_ws/install/std_srvs/share/std_srvs/cmake/export_std_srvs__rosidl_typesupport_fastrtps_cExport.cmake
[0.568s] -- Up-to-date: /root/ros_ws/src/Rescue_Car_ws/install/std_srvs/share/std_srvs/cmake/export_std_srvs__rosidl_typesupport_fastrtps_cExport-noconfig.cmake
[0.568s] -- Up-to-date: /root/ros_ws/src/Rescue_Car_ws/install/std_srvs/share/std_srvs/cmake/std_srvs__rosidl_typesupport_introspection_cExport.cmake
[0.568s] -- Up-to-date: /root/ros_ws/src/Rescue_Car_ws/install/std_srvs/share/std_srvs/cmake/std_srvs__rosidl_typesupport_introspection_cExport-noconfig.cmake
[0.568s] -- Up-to-date: /root/ros_ws/src/Rescue_Car_ws/install/std_srvs/share/std_srvs/cmake/std_srvs__rosidl_typesupport_cExport.cmake
[0.568s] -- Up-to-date: /root/ros_ws/src/Rescue_Car_ws/install/std_srvs/share/std_srvs/cmake/std_srvs__rosidl_typesupport_cExport-noconfig.cmake
[0.568s] -- Up-to-date: /root/ros_ws/src/Rescue_Car_ws/install/std_srvs/share/std_srvs/cmake/export_std_srvs__rosidl_generator_cppExport.cmake
[0.568s] -- Up-to-date: /root/ros_ws/src/Rescue_Car_ws/install/std_srvs/share/std_srvs/cmake/export_std_srvs__rosidl_typesupport_fastrtps_cppExport.cmake
[0.568s] -- Up-to-date: /root/ros_ws/src/Rescue_Car_ws/install/std_srvs/share/std_srvs/cmake/export_std_srvs__rosidl_typesupport_fastrtps_cppExport-noconfig.cmake
[0.569s] -- Up-to-date: /root/ros_ws/src/Rescue_Car_ws/install/std_srvs/share/std_srvs/cmake/std_srvs__rosidl_typesupport_introspection_cppExport.cmake
[0.569s] -- Up-to-date: /root/ros_ws/src/Rescue_Car_ws/install/std_srvs/share/std_srvs/cmake/std_srvs__rosidl_typesupport_introspection_cppExport-noconfig.cmake
[0.569s] -- Up-to-date: /root/ros_ws/src/Rescue_Car_ws/install/std_srvs/share/std_srvs/cmake/std_srvs__rosidl_typesupport_cppExport.cmake
[0.569s] -- Up-to-date: /root/ros_ws/src/Rescue_Car_ws/install/std_srvs/share/std_srvs/cmake/std_srvs__rosidl_typesupport_cppExport-noconfig.cmake
[0.569s] -- Up-to-date: /root/ros_ws/src/Rescue_Car_ws/install/std_srvs/share/std_srvs/cmake/export_std_srvs__rosidl_generator_pyExport.cmake
[0.569s] -- Up-to-date: /root/ros_ws/src/Rescue_Car_ws/install/std_srvs/share/std_srvs/cmake/export_std_srvs__rosidl_generator_pyExport-noconfig.cmake
[0.570s] -- Up-to-date: /root/ros_ws/src/Rescue_Car_ws/install/std_srvs/share/std_srvs/cmake/rosidl_cmake-extras.cmake
[0.570s] -- Up-to-date: /root/ros_ws/src/Rescue_Car_ws/install/std_srvs/share/std_srvs/cmake/ament_cmake_export_include_directories-extras.cmake
[0.570s] -- Up-to-date: /root/ros_ws/src/Rescue_Car_ws/install/std_srvs/share/std_srvs/cmake/ament_cmake_export_libraries-extras.cmake
[0.570s] -- Up-to-date: /root/ros_ws/src/Rescue_Car_ws/install/std_srvs/share/std_srvs/cmake/ament_cmake_export_targets-extras.cmake
[0.570s] -- Up-to-date: /root/ros_ws/src/Rescue_Car_ws/install/std_srvs/share/std_srvs/cmake/rosidl_cmake_export_typesupport_targets-extras.cmake
[0.571s] -- Up-to-date: /root/ros_ws/src/Rescue_Car_ws/install/std_srvs/share/std_srvs/cmake/ament_cmake_export_dependencies-extras.cmake
[0.571s] -- Up-to-date: /root/ros_ws/src/Rescue_Car_ws/install/std_srvs/share/std_srvs/cmake/rosidl_cmake_export_typesupport_libraries-extras.cmake
[0.571s] -- Up-to-date: /root/ros_ws/src/Rescue_Car_ws/install/std_srvs/share/std_srvs/cmake/std_srvsConfig.cmake
[0.571s] -- Up-to-date: /root/ros_ws/src/Rescue_Car_ws/install/std_srvs/share/std_srvs/cmake/std_srvsConfig-version.cmake
[0.572s] -- Up-to-date: /root/ros_ws/src/Rescue_Car_ws/install/std_srvs/share/std_srvs/package.xml
[0.637s] Invoked command in '/root/ros_ws/src/Rescue_Car_ws/build/std_srvs' returned '0': CMAKE_PREFIX_PATH=${CMAKE_PREFIX_PATH}:/root/ros_ws/src/Rescue_Car_ws/install/sensor_msgs_py:/opt/ros/humble /usr/bin/cmake --install /root/ros_ws/src/Rescue_Car_ws/build/std_srvs
