[0.230s] Invoking command in '/root/ros_ws/src/Rescue_Car_ws/build/shape_msgs': CMAKE_PREFIX_PATH=/root/ros_ws/src/Rescue_Car_ws/install/geometry_msgs:/root/ros_ws/src/Rescue_Car_ws/install/std_msgs:/root/ros_ws/src/Rescue_Car_ws/install/builtin_interfaces:/root/ros_ws/src/Rescue_Car_ws/install/micro_ros_demos_rclc:/root/ros_ws/src/Rescue_Car_ws/install/common_interfaces:/root/ros_ws/src/Rescue_Car_ws/install/visualization_msgs:/root/ros_ws/src/Rescue_Car_ws/install/test_msgs:/root/ros_ws/src/Rescue_Car_ws/install/example_interfaces:/root/ros_ws/src/Rescue_Car_ws/install/action_msgs:/root/ros_ws/src/Rescue_Car_ws/install/unique_identifier_msgs:/root/ros_ws/src/Rescue_Car_ws/install/trajectory_msgs:/root/ros_ws/src/Rescue_Car_ws/install/stereo_msgs:/root/ros_ws/src/Rescue_Car_ws/install/std_srvs:/root/ros_ws/src/Rescue_Car_ws/install/shape_msgs:/root/ros_ws/src/Rescue_Car_ws/install/sensor_msgs:/root/ros_ws/src/Rescue_Car_ws/install/nav_msgs:/root/ros_ws/src/Rescue_Car_ws/install/diagnostic_msgs:/root/ros_ws/src/Rescue_Car_ws/install/actionlib_msgs:/root/ros_ws/src/Rescue_Car_ws/install/statistics_msgs:/root/ros_ws/src/Rescue_Car_ws/install/rosidl_typesupport_microxrcedds_test_msg:/root/ros_ws/src/Rescue_Car_ws/install/rosidl_typesupport_microxrcedds_cpp_tests:/root/ros_ws/src/Rescue_Car_ws/install/rmw_microxrcedds:/root/ros_ws/src/Rescue_Car_ws/install/rosidl_typesupport_microxrcedds_cpp:/root/ros_ws/src/Rescue_Car_ws/install/rosidl_typesupport_microxrcedds_c_tests:/root/ros_ws/src/Rescue_Car_ws/install/rosidl_typesupport_microxrcedds_c:/root/ros_ws/src/Rescue_Car_ws/install/rosgraph_msgs:/root/ros_ws/src/Rescue_Car_ws/install/rclc_parameter:/root/ros_ws/src/Rescue_Car_ws/install/rclc:/root/ros_ws/src/Rescue_Car_ws/install/composition_interfaces:/root/ros_ws/src/Rescue_Car_ws/install/rcl_interfaces:/root/ros_ws/src/Rescue_Car_ws/install/microxrcedds_client:/root/ros_ws/src/Rescue_Car_ws/install/microcdr:/root/ros_ws/src/Rescue_Car_ws/install/micro_ros_utilities:/root/ros_ws/src/Rescue_Car_ws/install/micro_ros_setup:/root/ros_ws/src/Rescue_Car_ws/install/micro_ros_agent:/root/ros_ws/src/Rescue_Car_ws/install/micro_ros_msgs:/root/ros_ws/src/Rescue_Car_ws/install/lifecycle_msgs:/root/ros_ws/src/Rescue_Car_ws/install/complex_msgs:/root/ros_ws/src/Rescue_Car_ws/install/car:/root/ros_ws/src/Rescue_Car_ws/install/sensor_msgs_py:/opt/ros/humble LD_LIBRARY_PATH=/root/ros_ws/src/Rescue_Car_ws/install/geometry_msgs/lib:/root/ros_ws/src/Rescue_Car_ws/install/std_msgs/lib:/root/ros_ws/src/Rescue_Car_ws/install/builtin_interfaces/lib:/root/ros_ws/src/Rescue_Car_ws/install/visualization_msgs/lib:/root/ros_ws/src/Rescue_Car_ws/install/test_msgs/lib:/root/ros_ws/src/Rescue_Car_ws/install/example_interfaces/lib:/root/ros_ws/src/Rescue_Car_ws/install/action_msgs/lib:/root/ros_ws/src/Rescue_Car_ws/install/unique_identifier_msgs/lib:/root/ros_ws/src/Rescue_Car_ws/install/trajectory_msgs/lib:/root/ros_ws/src/Rescue_Car_ws/install/stereo_msgs/lib:/root/ros_ws/src/Rescue_Car_ws/install/std_srvs/lib:/root/ros_ws/src/Rescue_Car_ws/install/shape_msgs/lib:/root/ros_ws/src/Rescue_Car_ws/install/sensor_msgs/lib:/root/ros_ws/src/Rescue_Car_ws/install/nav_msgs/lib:/root/ros_ws/src/Rescue_Car_ws/install/diagnostic_msgs/lib:/root/ros_ws/src/Rescue_Car_ws/install/actionlib_msgs/lib:/root/ros_ws/src/Rescue_Car_ws/install/statistics_msgs/lib:/root/ros_ws/src/Rescue_Car_ws/install/rosidl_typesupport_microxrcedds_test_msg/lib:/root/ros_ws/src/Rescue_Car_ws/install/rmw_microxrcedds/lib:/root/ros_ws/src/Rescue_Car_ws/install/rosidl_typesupport_microxrcedds_cpp/lib:/root/ros_ws/src/Rescue_Car_ws/install/rosidl_typesupport_microxrcedds_c/lib:/root/ros_ws/src/Rescue_Car_ws/install/rosgraph_msgs/lib:/root/ros_ws/src/Rescue_Car_ws/install/rclc_parameter/lib:/root/ros_ws/src/Rescue_Car_ws/install/rclc/lib:/root/ros_ws/src/Rescue_Car_ws/install/composition_interfaces/lib:/root/ros_ws/src/Rescue_Car_ws/install/rcl_interfaces/lib:/root/ros_ws/src/Rescue_Car_ws/install/micro_ros_utilities/lib:/root/ros_ws/src/Rescue_Car_ws/install/micro_ros_agent/lib:/root/ros_ws/src/Rescue_Car_ws/install/micro_ros_msgs/lib:/root/ros_ws/src/Rescue_Car_ws/install/lifecycle_msgs/lib:/root/ros_ws/src/Rescue_Car_ws/install/complex_msgs/lib:/usr/lib/x86_64-linux-gnu/gazebo-11/plugins:/opt/ros/humble/opt/rviz_ogre_vendor/lib:/opt/ros/humble/lib/x86_64-linux-gnu:/opt/ros/humble/lib /usr/bin/cmake --build /root/ros_ws/src/Rescue_Car_ws/build/shape_msgs -- -j20 -l20
[0.320s] [  1%] Built target shape_msgs__cpp
[0.321s] [ 12%] Built target shape_msgs__rosidl_generator_c
[0.328s] [ 12%] Built target ament_cmake_python_copy_shape_msgs
[0.386s] [ 23%] Built target shape_msgs__rosidl_typesupport_cpp
[0.387s] [ 34%] Built target shape_msgs__rosidl_typesupport_introspection_c
[0.387s] [ 45%] Built target shape_msgs__rosidl_typesupport_fastrtps_cpp
[0.387s] [ 56%] Built target shape_msgs__rosidl_typesupport_fastrtps_c
[0.390s] [ 67%] Built target shape_msgs__rosidl_typesupport_introspection_cpp
[0.390s] [ 78%] Built target shape_msgs__rosidl_typesupport_c
[0.421s] [ 78%] Built target shape_msgs
[0.454s] [ 80%] Built target shape_msgs__py
[0.499s] [ 89%] Built target shape_msgs__rosidl_generator_py
[0.540s] [ 92%] Built target shape_msgs__rosidl_typesupport_introspection_c__pyext
[0.543s] [ 96%] Built target shape_msgs__rosidl_typesupport_fastrtps_c__pyext
[0.545s] [100%] Built target shape_msgs__rosidl_typesupport_c__pyext
[0.659s] running egg_info
[0.660s] writing shape_msgs.egg-info/PKG-INFO
[0.661s] writing dependency_links to shape_msgs.egg-info/dependency_links.txt
[0.662s] writing top-level names to shape_msgs.egg-info/top_level.txt
[0.665s] reading manifest file 'shape_msgs.egg-info/SOURCES.txt'
[0.665s] writing manifest file 'shape_msgs.egg-info/SOURCES.txt'
[0.703s] [100%] Built target ament_cmake_python_build_shape_msgs_egg
[0.824s] Invoked command in '/root/ros_ws/src/Rescue_Car_ws/build/shape_msgs' returned '0': CMAKE_PREFIX_PATH=/root/ros_ws/src/Rescue_Car_ws/install/geometry_msgs:/root/ros_ws/src/Rescue_Car_ws/install/std_msgs:/root/ros_ws/src/Rescue_Car_ws/install/builtin_interfaces:/root/ros_ws/src/Rescue_Car_ws/install/micro_ros_demos_rclc:/root/ros_ws/src/Rescue_Car_ws/install/common_interfaces:/root/ros_ws/src/Rescue_Car_ws/install/visualization_msgs:/root/ros_ws/src/Rescue_Car_ws/install/test_msgs:/root/ros_ws/src/Rescue_Car_ws/install/example_interfaces:/root/ros_ws/src/Rescue_Car_ws/install/action_msgs:/root/ros_ws/src/Rescue_Car_ws/install/unique_identifier_msgs:/root/ros_ws/src/Rescue_Car_ws/install/trajectory_msgs:/root/ros_ws/src/Rescue_Car_ws/install/stereo_msgs:/root/ros_ws/src/Rescue_Car_ws/install/std_srvs:/root/ros_ws/src/Rescue_Car_ws/install/shape_msgs:/root/ros_ws/src/Rescue_Car_ws/install/sensor_msgs:/root/ros_ws/src/Rescue_Car_ws/install/nav_msgs:/root/ros_ws/src/Rescue_Car_ws/install/diagnostic_msgs:/root/ros_ws/src/Rescue_Car_ws/install/actionlib_msgs:/root/ros_ws/src/Rescue_Car_ws/install/statistics_msgs:/root/ros_ws/src/Rescue_Car_ws/install/rosidl_typesupport_microxrcedds_test_msg:/root/ros_ws/src/Rescue_Car_ws/install/rosidl_typesupport_microxrcedds_cpp_tests:/root/ros_ws/src/Rescue_Car_ws/install/rmw_microxrcedds:/root/ros_ws/src/Rescue_Car_ws/install/rosidl_typesupport_microxrcedds_cpp:/root/ros_ws/src/Rescue_Car_ws/install/rosidl_typesupport_microxrcedds_c_tests:/root/ros_ws/src/Rescue_Car_ws/install/rosidl_typesupport_microxrcedds_c:/root/ros_ws/src/Rescue_Car_ws/install/rosgraph_msgs:/root/ros_ws/src/Rescue_Car_ws/install/rclc_parameter:/root/ros_ws/src/Rescue_Car_ws/install/rclc:/root/ros_ws/src/Rescue_Car_ws/install/composition_interfaces:/root/ros_ws/src/Rescue_Car_ws/install/rcl_interfaces:/root/ros_ws/src/Rescue_Car_ws/install/microxrcedds_client:/root/ros_ws/src/Rescue_Car_ws/install/microcdr:/root/ros_ws/src/Rescue_Car_ws/install/micro_ros_utilities:/root/ros_ws/src/Rescue_Car_ws/install/micro_ros_setup:/root/ros_ws/src/Rescue_Car_ws/install/micro_ros_agent:/root/ros_ws/src/Rescue_Car_ws/install/micro_ros_msgs:/root/ros_ws/src/Rescue_Car_ws/install/lifecycle_msgs:/root/ros_ws/src/Rescue_Car_ws/install/complex_msgs:/root/ros_ws/src/Rescue_Car_ws/install/car:/root/ros_ws/src/Rescue_Car_ws/install/sensor_msgs_py:/opt/ros/humble LD_LIBRARY_PATH=/root/ros_ws/src/Rescue_Car_ws/install/geometry_msgs/lib:/root/ros_ws/src/Rescue_Car_ws/install/std_msgs/lib:/root/ros_ws/src/Rescue_Car_ws/install/builtin_interfaces/lib:/root/ros_ws/src/Rescue_Car_ws/install/visualization_msgs/lib:/root/ros_ws/src/Rescue_Car_ws/install/test_msgs/lib:/root/ros_ws/src/Rescue_Car_ws/install/example_interfaces/lib:/root/ros_ws/src/Rescue_Car_ws/install/action_msgs/lib:/root/ros_ws/src/Rescue_Car_ws/install/unique_identifier_msgs/lib:/root/ros_ws/src/Rescue_Car_ws/install/trajectory_msgs/lib:/root/ros_ws/src/Rescue_Car_ws/install/stereo_msgs/lib:/root/ros_ws/src/Rescue_Car_ws/install/std_srvs/lib:/root/ros_ws/src/Rescue_Car_ws/install/shape_msgs/lib:/root/ros_ws/src/Rescue_Car_ws/install/sensor_msgs/lib:/root/ros_ws/src/Rescue_Car_ws/install/nav_msgs/lib:/root/ros_ws/src/Rescue_Car_ws/install/diagnostic_msgs/lib:/root/ros_ws/src/Rescue_Car_ws/install/actionlib_msgs/lib:/root/ros_ws/src/Rescue_Car_ws/install/statistics_msgs/lib:/root/ros_ws/src/Rescue_Car_ws/install/rosidl_typesupport_microxrcedds_test_msg/lib:/root/ros_ws/src/Rescue_Car_ws/install/rmw_microxrcedds/lib:/root/ros_ws/src/Rescue_Car_ws/install/rosidl_typesupport_microxrcedds_cpp/lib:/root/ros_ws/src/Rescue_Car_ws/install/rosidl_typesupport_microxrcedds_c/lib:/root/ros_ws/src/Rescue_Car_ws/install/rosgraph_msgs/lib:/root/ros_ws/src/Rescue_Car_ws/install/rclc_parameter/lib:/root/ros_ws/src/Rescue_Car_ws/install/rclc/lib:/root/ros_ws/src/Rescue_Car_ws/install/composition_interfaces/lib:/root/ros_ws/src/Rescue_Car_ws/install/rcl_interfaces/lib:/root/ros_ws/src/Rescue_Car_ws/install/micro_ros_utilities/lib:/root/ros_ws/src/Rescue_Car_ws/install/micro_ros_agent/lib:/root/ros_ws/src/Rescue_Car_ws/install/micro_ros_msgs/lib:/root/ros_ws/src/Rescue_Car_ws/install/lifecycle_msgs/lib:/root/ros_ws/src/Rescue_Car_ws/install/complex_msgs/lib:/usr/lib/x86_64-linux-gnu/gazebo-11/plugins:/opt/ros/humble/opt/rviz_ogre_vendor/lib:/opt/ros/humble/lib/x86_64-linux-gnu:/opt/ros/humble/lib /usr/bin/cmake --build /root/ros_ws/src/Rescue_Car_ws/build/shape_msgs -- -j20 -l20
[0.832s] Invoking command in '/root/ros_ws/src/Rescue_Car_ws/build/shape_msgs': CMAKE_PREFIX_PATH=/root/ros_ws/src/Rescue_Car_ws/install/geometry_msgs:/root/ros_ws/src/Rescue_Car_ws/install/std_msgs:/root/ros_ws/src/Rescue_Car_ws/install/builtin_interfaces:/root/ros_ws/src/Rescue_Car_ws/install/micro_ros_demos_rclc:/root/ros_ws/src/Rescue_Car_ws/install/common_interfaces:/root/ros_ws/src/Rescue_Car_ws/install/visualization_msgs:/root/ros_ws/src/Rescue_Car_ws/install/test_msgs:/root/ros_ws/src/Rescue_Car_ws/install/example_interfaces:/root/ros_ws/src/Rescue_Car_ws/install/action_msgs:/root/ros_ws/src/Rescue_Car_ws/install/unique_identifier_msgs:/root/ros_ws/src/Rescue_Car_ws/install/trajectory_msgs:/root/ros_ws/src/Rescue_Car_ws/install/stereo_msgs:/root/ros_ws/src/Rescue_Car_ws/install/std_srvs:/root/ros_ws/src/Rescue_Car_ws/install/shape_msgs:/root/ros_ws/src/Rescue_Car_ws/install/sensor_msgs:/root/ros_ws/src/Rescue_Car_ws/install/nav_msgs:/root/ros_ws/src/Rescue_Car_ws/install/diagnostic_msgs:/root/ros_ws/src/Rescue_Car_ws/install/actionlib_msgs:/root/ros_ws/src/Rescue_Car_ws/install/statistics_msgs:/root/ros_ws/src/Rescue_Car_ws/install/rosidl_typesupport_microxrcedds_test_msg:/root/ros_ws/src/Rescue_Car_ws/install/rosidl_typesupport_microxrcedds_cpp_tests:/root/ros_ws/src/Rescue_Car_ws/install/rmw_microxrcedds:/root/ros_ws/src/Rescue_Car_ws/install/rosidl_typesupport_microxrcedds_cpp:/root/ros_ws/src/Rescue_Car_ws/install/rosidl_typesupport_microxrcedds_c_tests:/root/ros_ws/src/Rescue_Car_ws/install/rosidl_typesupport_microxrcedds_c:/root/ros_ws/src/Rescue_Car_ws/install/rosgraph_msgs:/root/ros_ws/src/Rescue_Car_ws/install/rclc_parameter:/root/ros_ws/src/Rescue_Car_ws/install/rclc:/root/ros_ws/src/Rescue_Car_ws/install/composition_interfaces:/root/ros_ws/src/Rescue_Car_ws/install/rcl_interfaces:/root/ros_ws/src/Rescue_Car_ws/install/microxrcedds_client:/root/ros_ws/src/Rescue_Car_ws/install/microcdr:/root/ros_ws/src/Rescue_Car_ws/install/micro_ros_utilities:/root/ros_ws/src/Rescue_Car_ws/install/micro_ros_setup:/root/ros_ws/src/Rescue_Car_ws/install/micro_ros_agent:/root/ros_ws/src/Rescue_Car_ws/install/micro_ros_msgs:/root/ros_ws/src/Rescue_Car_ws/install/lifecycle_msgs:/root/ros_ws/src/Rescue_Car_ws/install/complex_msgs:/root/ros_ws/src/Rescue_Car_ws/install/car:/root/ros_ws/src/Rescue_Car_ws/install/sensor_msgs_py:/opt/ros/humble LD_LIBRARY_PATH=/root/ros_ws/src/Rescue_Car_ws/install/geometry_msgs/lib:/root/ros_ws/src/Rescue_Car_ws/install/std_msgs/lib:/root/ros_ws/src/Rescue_Car_ws/install/builtin_interfaces/lib:/root/ros_ws/src/Rescue_Car_ws/install/visualization_msgs/lib:/root/ros_ws/src/Rescue_Car_ws/install/test_msgs/lib:/root/ros_ws/src/Rescue_Car_ws/install/example_interfaces/lib:/root/ros_ws/src/Rescue_Car_ws/install/action_msgs/lib:/root/ros_ws/src/Rescue_Car_ws/install/unique_identifier_msgs/lib:/root/ros_ws/src/Rescue_Car_ws/install/trajectory_msgs/lib:/root/ros_ws/src/Rescue_Car_ws/install/stereo_msgs/lib:/root/ros_ws/src/Rescue_Car_ws/install/std_srvs/lib:/root/ros_ws/src/Rescue_Car_ws/install/shape_msgs/lib:/root/ros_ws/src/Rescue_Car_ws/install/sensor_msgs/lib:/root/ros_ws/src/Rescue_Car_ws/install/nav_msgs/lib:/root/ros_ws/src/Rescue_Car_ws/install/diagnostic_msgs/lib:/root/ros_ws/src/Rescue_Car_ws/install/actionlib_msgs/lib:/root/ros_ws/src/Rescue_Car_ws/install/statistics_msgs/lib:/root/ros_ws/src/Rescue_Car_ws/install/rosidl_typesupport_microxrcedds_test_msg/lib:/root/ros_ws/src/Rescue_Car_ws/install/rmw_microxrcedds/lib:/root/ros_ws/src/Rescue_Car_ws/install/rosidl_typesupport_microxrcedds_cpp/lib:/root/ros_ws/src/Rescue_Car_ws/install/rosidl_typesupport_microxrcedds_c/lib:/root/ros_ws/src/Rescue_Car_ws/install/rosgraph_msgs/lib:/root/ros_ws/src/Rescue_Car_ws/install/rclc_parameter/lib:/root/ros_ws/src/Rescue_Car_ws/install/rclc/lib:/root/ros_ws/src/Rescue_Car_ws/install/composition_interfaces/lib:/root/ros_ws/src/Rescue_Car_ws/install/rcl_interfaces/lib:/root/ros_ws/src/Rescue_Car_ws/install/micro_ros_utilities/lib:/root/ros_ws/src/Rescue_Car_ws/install/micro_ros_agent/lib:/root/ros_ws/src/Rescue_Car_ws/install/micro_ros_msgs/lib:/root/ros_ws/src/Rescue_Car_ws/install/lifecycle_msgs/lib:/root/ros_ws/src/Rescue_Car_ws/install/complex_msgs/lib:/usr/lib/x86_64-linux-gnu/gazebo-11/plugins:/opt/ros/humble/opt/rviz_ogre_vendor/lib:/opt/ros/humble/lib/x86_64-linux-gnu:/opt/ros/humble/lib /usr/bin/cmake --install /root/ros_ws/src/Rescue_Car_ws/build/shape_msgs
[0.833s] -- Install configuration: ""
[0.833s] -- Up-to-date: /root/ros_ws/src/Rescue_Car_ws/install/shape_msgs/share/ament_index/resource_index/rosidl_interfaces/shape_msgs
[0.833s] -- Up-to-date: /root/ros_ws/src/Rescue_Car_ws/install/shape_msgs/include/shape_msgs/shape_msgs
[0.833s] -- Up-to-date: /root/ros_ws/src/Rescue_Car_ws/install/shape_msgs/include/shape_msgs/shape_msgs/msg
[0.834s] -- Up-to-date: /root/ros_ws/src/Rescue_Car_ws/install/shape_msgs/include/shape_msgs/shape_msgs/msg/mesh_triangle.h
[0.834s] -- Up-to-date: /root/ros_ws/src/Rescue_Car_ws/install/shape_msgs/include/shape_msgs/shape_msgs/msg/detail
[0.834s] -- Up-to-date: /root/ros_ws/src/Rescue_Car_ws/install/shape_msgs/include/shape_msgs/shape_msgs/msg/detail/mesh__struct.h
[0.834s] -- Up-to-date: /root/ros_ws/src/Rescue_Car_ws/install/shape_msgs/include/shape_msgs/shape_msgs/msg/detail/plane__struct.h
[0.835s] -- Up-to-date: /root/ros_ws/src/Rescue_Car_ws/install/shape_msgs/include/shape_msgs/shape_msgs/msg/detail/plane__functions.h
[0.835s] -- Up-to-date: /root/ros_ws/src/Rescue_Car_ws/install/shape_msgs/include/shape_msgs/shape_msgs/msg/detail/mesh_triangle__type_support.h
[0.835s] -- Up-to-date: /root/ros_ws/src/Rescue_Car_ws/install/shape_msgs/include/shape_msgs/shape_msgs/msg/detail/mesh_triangle__functions.c
[0.835s] -- Up-to-date: /root/ros_ws/src/Rescue_Car_ws/install/shape_msgs/include/shape_msgs/shape_msgs/msg/detail/mesh__functions.h
[0.835s] -- Up-to-date: /root/ros_ws/src/Rescue_Car_ws/install/shape_msgs/include/shape_msgs/shape_msgs/msg/detail/solid_primitive__type_support.h
[0.835s] -- Up-to-date: /root/ros_ws/src/Rescue_Car_ws/install/shape_msgs/include/shape_msgs/shape_msgs/msg/detail/mesh__type_support.h
[0.835s] -- Up-to-date: /root/ros_ws/src/Rescue_Car_ws/install/shape_msgs/include/shape_msgs/shape_msgs/msg/detail/mesh_triangle__functions.h
[0.835s] -- Up-to-date: /root/ros_ws/src/Rescue_Car_ws/install/shape_msgs/include/shape_msgs/shape_msgs/msg/detail/solid_primitive__functions.h
[0.835s] -- Up-to-date: /root/ros_ws/src/Rescue_Car_ws/install/shape_msgs/include/shape_msgs/shape_msgs/msg/detail/mesh__functions.c
[0.835s] -- Up-to-date: /root/ros_ws/src/Rescue_Car_ws/install/shape_msgs/include/shape_msgs/shape_msgs/msg/detail/mesh_triangle__struct.h
[0.835s] -- Up-to-date: /root/ros_ws/src/Rescue_Car_ws/install/shape_msgs/include/shape_msgs/shape_msgs/msg/detail/solid_primitive__struct.h
[0.836s] -- Up-to-date: /root/ros_ws/src/Rescue_Car_ws/install/shape_msgs/include/shape_msgs/shape_msgs/msg/detail/plane__functions.c
[0.836s] -- Up-to-date: /root/ros_ws/src/Rescue_Car_ws/install/shape_msgs/include/shape_msgs/shape_msgs/msg/detail/solid_primitive__functions.c
[0.836s] -- Up-to-date: /root/ros_ws/src/Rescue_Car_ws/install/shape_msgs/include/shape_msgs/shape_msgs/msg/detail/plane__type_support.h
[0.837s] -- Up-to-date: /root/ros_ws/src/Rescue_Car_ws/install/shape_msgs/include/shape_msgs/shape_msgs/msg/mesh.h
[0.837s] -- Up-to-date: /root/ros_ws/src/Rescue_Car_ws/install/shape_msgs/include/shape_msgs/shape_msgs/msg/rosidl_generator_c__visibility_control.h
[0.837s] -- Up-to-date: /root/ros_ws/src/Rescue_Car_ws/install/shape_msgs/include/shape_msgs/shape_msgs/msg/plane.h
[0.837s] -- Up-to-date: /root/ros_ws/src/Rescue_Car_ws/install/shape_msgs/include/shape_msgs/shape_msgs/msg/solid_primitive.h
[0.837s] -- Up-to-date: /root/ros_ws/src/Rescue_Car_ws/install/shape_msgs/share/shape_msgs/environment/library_path.sh
[0.837s] -- Up-to-date: /root/ros_ws/src/Rescue_Car_ws/install/shape_msgs/share/shape_msgs/environment/library_path.dsv
[0.837s] -- Up-to-date: /root/ros_ws/src/Rescue_Car_ws/install/shape_msgs/lib/libshape_msgs__rosidl_generator_c.so
[0.837s] -- Up-to-date: /root/ros_ws/src/Rescue_Car_ws/install/shape_msgs/include/shape_msgs/shape_msgs
[0.837s] -- Up-to-date: /root/ros_ws/src/Rescue_Car_ws/install/shape_msgs/include/shape_msgs/shape_msgs/msg
[0.837s] -- Up-to-date: /root/ros_ws/src/Rescue_Car_ws/install/shape_msgs/include/shape_msgs/shape_msgs/msg/detail
[0.837s] -- Up-to-date: /root/ros_ws/src/Rescue_Car_ws/install/shape_msgs/include/shape_msgs/shape_msgs/msg/detail/mesh__rosidl_typesupport_fastrtps_c.h
[0.837s] -- Up-to-date: /root/ros_ws/src/Rescue_Car_ws/install/shape_msgs/include/shape_msgs/shape_msgs/msg/detail/mesh_triangle__rosidl_typesupport_fastrtps_c.h
[0.838s] -- Up-to-date: /root/ros_ws/src/Rescue_Car_ws/install/shape_msgs/include/shape_msgs/shape_msgs/msg/detail/plane__rosidl_typesupport_fastrtps_c.h
[0.838s] -- Up-to-date: /root/ros_ws/src/Rescue_Car_ws/install/shape_msgs/include/shape_msgs/shape_msgs/msg/detail/solid_primitive__rosidl_typesupport_fastrtps_c.h
[0.838s] -- Up-to-date: /root/ros_ws/src/Rescue_Car_ws/install/shape_msgs/include/shape_msgs/shape_msgs/msg/rosidl_typesupport_fastrtps_c__visibility_control.h
[0.838s] -- Up-to-date: /root/ros_ws/src/Rescue_Car_ws/install/shape_msgs/lib/libshape_msgs__rosidl_typesupport_fastrtps_c.so
[0.838s] -- Up-to-date: /root/ros_ws/src/Rescue_Car_ws/install/shape_msgs/include/shape_msgs/shape_msgs
[0.839s] -- Up-to-date: /root/ros_ws/src/Rescue_Car_ws/install/shape_msgs/include/shape_msgs/shape_msgs/msg
[0.839s] -- Up-to-date: /root/ros_ws/src/Rescue_Car_ws/install/shape_msgs/include/shape_msgs/shape_msgs/msg/mesh.hpp
[0.839s] -- Up-to-date: /root/ros_ws/src/Rescue_Car_ws/install/shape_msgs/include/shape_msgs/shape_msgs/msg/rosidl_generator_cpp__visibility_control.hpp
[0.839s] -- Up-to-date: /root/ros_ws/src/Rescue_Car_ws/install/shape_msgs/include/shape_msgs/shape_msgs/msg/mesh_triangle.hpp
[0.839s] -- Up-to-date: /root/ros_ws/src/Rescue_Car_ws/install/shape_msgs/include/shape_msgs/shape_msgs/msg/detail
[0.839s] -- Up-to-date: /root/ros_ws/src/Rescue_Car_ws/install/shape_msgs/include/shape_msgs/shape_msgs/msg/detail/mesh__builder.hpp
[0.839s] -- Up-to-date: /root/ros_ws/src/Rescue_Car_ws/install/shape_msgs/include/shape_msgs/shape_msgs/msg/detail/plane__builder.hpp
[0.839s] -- Up-to-date: /root/ros_ws/src/Rescue_Car_ws/install/shape_msgs/include/shape_msgs/shape_msgs/msg/detail/mesh_triangle__type_support.hpp
[0.839s] -- Up-to-date: /root/ros_ws/src/Rescue_Car_ws/install/shape_msgs/include/shape_msgs/shape_msgs/msg/detail/mesh_triangle__traits.hpp
[0.839s] -- Up-to-date: /root/ros_ws/src/Rescue_Car_ws/install/shape_msgs/include/shape_msgs/shape_msgs/msg/detail/solid_primitive__builder.hpp
[0.839s] -- Up-to-date: /root/ros_ws/src/Rescue_Car_ws/install/shape_msgs/include/shape_msgs/shape_msgs/msg/detail/mesh_triangle__builder.hpp
[0.840s] -- Up-to-date: /root/ros_ws/src/Rescue_Car_ws/install/shape_msgs/include/shape_msgs/shape_msgs/msg/detail/mesh_triangle__struct.hpp
[0.840s] -- Up-to-date: /root/ros_ws/src/Rescue_Car_ws/install/shape_msgs/include/shape_msgs/shape_msgs/msg/detail/solid_primitive__type_support.hpp
[0.840s] -- Up-to-date: /root/ros_ws/src/Rescue_Car_ws/install/shape_msgs/include/shape_msgs/shape_msgs/msg/detail/plane__struct.hpp
[0.840s] -- Up-to-date: /root/ros_ws/src/Rescue_Car_ws/install/shape_msgs/include/shape_msgs/shape_msgs/msg/detail/mesh__struct.hpp
[0.840s] -- Up-to-date: /root/ros_ws/src/Rescue_Car_ws/install/shape_msgs/include/shape_msgs/shape_msgs/msg/detail/mesh__traits.hpp
[0.840s] -- Up-to-date: /root/ros_ws/src/Rescue_Car_ws/install/shape_msgs/include/shape_msgs/shape_msgs/msg/detail/plane__type_support.hpp
[0.840s] -- Up-to-date: /root/ros_ws/src/Rescue_Car_ws/install/shape_msgs/include/shape_msgs/shape_msgs/msg/detail/plane__traits.hpp
[0.840s] -- Up-to-date: /root/ros_ws/src/Rescue_Car_ws/install/shape_msgs/include/shape_msgs/shape_msgs/msg/detail/mesh__type_support.hpp
[0.840s] -- Up-to-date: /root/ros_ws/src/Rescue_Car_ws/install/shape_msgs/include/shape_msgs/shape_msgs/msg/detail/solid_primitive__struct.hpp
[0.840s] -- Up-to-date: /root/ros_ws/src/Rescue_Car_ws/install/shape_msgs/include/shape_msgs/shape_msgs/msg/detail/solid_primitive__traits.hpp
[0.840s] -- Up-to-date: /root/ros_ws/src/Rescue_Car_ws/install/shape_msgs/include/shape_msgs/shape_msgs/msg/plane.hpp
[0.841s] -- Up-to-date: /root/ros_ws/src/Rescue_Car_ws/install/shape_msgs/include/shape_msgs/shape_msgs/msg/solid_primitive.hpp
[0.841s] -- Up-to-date: /root/ros_ws/src/Rescue_Car_ws/install/shape_msgs/include/shape_msgs/shape_msgs
[0.841s] -- Up-to-date: /root/ros_ws/src/Rescue_Car_ws/install/shape_msgs/include/shape_msgs/shape_msgs/msg
[0.841s] -- Up-to-date: /root/ros_ws/src/Rescue_Car_ws/install/shape_msgs/include/shape_msgs/shape_msgs/msg/rosidl_typesupport_fastrtps_cpp__visibility_control.h
[0.841s] -- Up-to-date: /root/ros_ws/src/Rescue_Car_ws/install/shape_msgs/include/shape_msgs/shape_msgs/msg/detail
[0.842s] -- Up-to-date: /root/ros_ws/src/Rescue_Car_ws/install/shape_msgs/include/shape_msgs/shape_msgs/msg/detail/solid_primitive__rosidl_typesupport_fastrtps_cpp.hpp
[0.842s] -- Up-to-date: /root/ros_ws/src/Rescue_Car_ws/install/shape_msgs/include/shape_msgs/shape_msgs/msg/detail/dds_fastrtps
[0.842s] -- Up-to-date: /root/ros_ws/src/Rescue_Car_ws/install/shape_msgs/include/shape_msgs/shape_msgs/msg/detail/plane__rosidl_typesupport_fastrtps_cpp.hpp
[0.843s] -- Up-to-date: /root/ros_ws/src/Rescue_Car_ws/install/shape_msgs/include/shape_msgs/shape_msgs/msg/detail/mesh_triangle__rosidl_typesupport_fastrtps_cpp.hpp
[0.843s] -- Up-to-date: /root/ros_ws/src/Rescue_Car_ws/install/shape_msgs/include/shape_msgs/shape_msgs/msg/detail/mesh__rosidl_typesupport_fastrtps_cpp.hpp
[0.843s] -- Up-to-date: /root/ros_ws/src/Rescue_Car_ws/install/shape_msgs/lib/libshape_msgs__rosidl_typesupport_fastrtps_cpp.so
[0.843s] -- Up-to-date: /root/ros_ws/src/Rescue_Car_ws/install/shape_msgs/include/shape_msgs/shape_msgs
[0.843s] -- Up-to-date: /root/ros_ws/src/Rescue_Car_ws/install/shape_msgs/include/shape_msgs/shape_msgs/msg
[0.844s] -- Up-to-date: /root/ros_ws/src/Rescue_Car_ws/install/shape_msgs/include/shape_msgs/shape_msgs/msg/rosidl_typesupport_introspection_c__visibility_control.h
[0.844s] -- Up-to-date: /root/ros_ws/src/Rescue_Car_ws/install/shape_msgs/include/shape_msgs/shape_msgs/msg/detail
[0.844s] -- Up-to-date: /root/ros_ws/src/Rescue_Car_ws/install/shape_msgs/include/shape_msgs/shape_msgs/msg/detail/plane__rosidl_typesupport_introspection_c.h
[0.844s] -- Up-to-date: /root/ros_ws/src/Rescue_Car_ws/install/shape_msgs/include/shape_msgs/shape_msgs/msg/detail/mesh_triangle__rosidl_typesupport_introspection_c.h
[0.845s] -- Up-to-date: /root/ros_ws/src/Rescue_Car_ws/install/shape_msgs/include/shape_msgs/shape_msgs/msg/detail/mesh__rosidl_typesupport_introspection_c.h
[0.845s] -- Up-to-date: /root/ros_ws/src/Rescue_Car_ws/install/shape_msgs/include/shape_msgs/shape_msgs/msg/detail/plane__type_support.c
[0.845s] -- Up-to-date: /root/ros_ws/src/Rescue_Car_ws/install/shape_msgs/include/shape_msgs/shape_msgs/msg/detail/solid_primitive__type_support.c
[0.845s] -- Up-to-date: /root/ros_ws/src/Rescue_Car_ws/install/shape_msgs/include/shape_msgs/shape_msgs/msg/detail/mesh_triangle__type_support.c
[0.845s] -- Up-to-date: /root/ros_ws/src/Rescue_Car_ws/install/shape_msgs/include/shape_msgs/shape_msgs/msg/detail/solid_primitive__rosidl_typesupport_introspection_c.h
[0.845s] -- Up-to-date: /root/ros_ws/src/Rescue_Car_ws/install/shape_msgs/include/shape_msgs/shape_msgs/msg/detail/mesh__type_support.c
[0.845s] -- Up-to-date: /root/ros_ws/src/Rescue_Car_ws/install/shape_msgs/lib/libshape_msgs__rosidl_typesupport_introspection_c.so
[0.845s] -- Up-to-date: /root/ros_ws/src/Rescue_Car_ws/install/shape_msgs/lib/libshape_msgs__rosidl_typesupport_c.so
[0.845s] -- Up-to-date: /root/ros_ws/src/Rescue_Car_ws/install/shape_msgs/include/shape_msgs/shape_msgs
[0.845s] -- Up-to-date: /root/ros_ws/src/Rescue_Car_ws/install/shape_msgs/include/shape_msgs/shape_msgs/msg
[0.845s] -- Up-to-date: /root/ros_ws/src/Rescue_Car_ws/install/shape_msgs/include/shape_msgs/shape_msgs/msg/detail
[0.846s] -- Up-to-date: /root/ros_ws/src/Rescue_Car_ws/install/shape_msgs/include/shape_msgs/shape_msgs/msg/detail/mesh_triangle__type_support.cpp
[0.846s] -- Up-to-date: /root/ros_ws/src/Rescue_Car_ws/install/shape_msgs/include/shape_msgs/shape_msgs/msg/detail/solid_primitive__type_support.cpp
[0.846s] -- Up-to-date: /root/ros_ws/src/Rescue_Car_ws/install/shape_msgs/include/shape_msgs/shape_msgs/msg/detail/solid_primitive__rosidl_typesupport_introspection_cpp.hpp
[0.846s] -- Up-to-date: /root/ros_ws/src/Rescue_Car_ws/install/shape_msgs/include/shape_msgs/shape_msgs/msg/detail/plane__type_support.cpp
[0.846s] -- Up-to-date: /root/ros_ws/src/Rescue_Car_ws/install/shape_msgs/include/shape_msgs/shape_msgs/msg/detail/mesh__rosidl_typesupport_introspection_cpp.hpp
[0.846s] -- Up-to-date: /root/ros_ws/src/Rescue_Car_ws/install/shape_msgs/include/shape_msgs/shape_msgs/msg/detail/plane__rosidl_typesupport_introspection_cpp.hpp
[0.846s] -- Up-to-date: /root/ros_ws/src/Rescue_Car_ws/install/shape_msgs/include/shape_msgs/shape_msgs/msg/detail/mesh__type_support.cpp
[0.846s] -- Up-to-date: /root/ros_ws/src/Rescue_Car_ws/install/shape_msgs/include/shape_msgs/shape_msgs/msg/detail/mesh_triangle__rosidl_typesupport_introspection_cpp.hpp
[0.846s] -- Up-to-date: /root/ros_ws/src/Rescue_Car_ws/install/shape_msgs/lib/libshape_msgs__rosidl_typesupport_introspection_cpp.so
[0.846s] -- Up-to-date: /root/ros_ws/src/Rescue_Car_ws/install/shape_msgs/lib/libshape_msgs__rosidl_typesupport_cpp.so
[0.846s] -- Up-to-date: /root/ros_ws/src/Rescue_Car_ws/install/shape_msgs/share/shape_msgs/environment/pythonpath.sh
[0.847s] -- Up-to-date: /root/ros_ws/src/Rescue_Car_ws/install/shape_msgs/share/shape_msgs/environment/pythonpath.dsv
[0.847s] -- Up-to-date: /root/ros_ws/src/Rescue_Car_ws/install/shape_msgs/local/lib/python3.10/dist-packages/shape_msgs-4.9.0-py3.10.egg-info
[0.847s] -- Installing: /root/ros_ws/src/Rescue_Car_ws/install/shape_msgs/local/lib/python3.10/dist-packages/shape_msgs-4.9.0-py3.10.egg-info/dependency_links.txt
[0.847s] -- Installing: /root/ros_ws/src/Rescue_Car_ws/install/shape_msgs/local/lib/python3.10/dist-packages/shape_msgs-4.9.0-py3.10.egg-info/SOURCES.txt
[0.847s] -- Installing: /root/ros_ws/src/Rescue_Car_ws/install/shape_msgs/local/lib/python3.10/dist-packages/shape_msgs-4.9.0-py3.10.egg-info/PKG-INFO
[0.847s] -- Installing: /root/ros_ws/src/Rescue_Car_ws/install/shape_msgs/local/lib/python3.10/dist-packages/shape_msgs-4.9.0-py3.10.egg-info/top_level.txt
[0.847s] -- Up-to-date: /root/ros_ws/src/Rescue_Car_ws/install/shape_msgs/local/lib/python3.10/dist-packages/shape_msgs
[0.847s] -- Up-to-date: /root/ros_ws/src/Rescue_Car_ws/install/shape_msgs/local/lib/python3.10/dist-packages/shape_msgs/_shape_msgs_s.ep.rosidl_typesupport_fastrtps_c.c
[0.848s] -- Up-to-date: /root/ros_ws/src/Rescue_Car_ws/install/shape_msgs/local/lib/python3.10/dist-packages/shape_msgs/_shape_msgs_s.ep.rosidl_typesupport_c.c
[0.848s] -- Up-to-date: /root/ros_ws/src/Rescue_Car_ws/install/shape_msgs/local/lib/python3.10/dist-packages/shape_msgs/shape_msgs_s__rosidl_typesupport_c.cpython-310-x86_64-linux-gnu.so
[0.848s] -- Up-to-date: /root/ros_ws/src/Rescue_Car_ws/install/shape_msgs/local/lib/python3.10/dist-packages/shape_msgs/_shape_msgs_s.ep.rosidl_typesupport_introspection_c.c
[0.848s] -- Up-to-date: /root/ros_ws/src/Rescue_Car_ws/install/shape_msgs/local/lib/python3.10/dist-packages/shape_msgs/shape_msgs_s__rosidl_typesupport_introspection_c.cpython-310-x86_64-linux-gnu.so
[0.848s] -- Up-to-date: /root/ros_ws/src/Rescue_Car_ws/install/shape_msgs/local/lib/python3.10/dist-packages/shape_msgs/libshape_msgs__rosidl_generator_py.so
[0.848s] -- Up-to-date: /root/ros_ws/src/Rescue_Car_ws/install/shape_msgs/local/lib/python3.10/dist-packages/shape_msgs/__init__.py
[0.848s] -- Up-to-date: /root/ros_ws/src/Rescue_Car_ws/install/shape_msgs/local/lib/python3.10/dist-packages/shape_msgs/msg
[0.849s] -- Up-to-date: /root/ros_ws/src/Rescue_Car_ws/install/shape_msgs/local/lib/python3.10/dist-packages/shape_msgs/msg/_solid_primitive.py
[0.849s] -- Up-to-date: /root/ros_ws/src/Rescue_Car_ws/install/shape_msgs/local/lib/python3.10/dist-packages/shape_msgs/msg/_plane.py
[0.849s] -- Up-to-date: /root/ros_ws/src/Rescue_Car_ws/install/shape_msgs/local/lib/python3.10/dist-packages/shape_msgs/msg/_mesh.py
[0.849s] -- Up-to-date: /root/ros_ws/src/Rescue_Car_ws/install/shape_msgs/local/lib/python3.10/dist-packages/shape_msgs/msg/_solid_primitive_s.c
[0.850s] -- Up-to-date: /root/ros_ws/src/Rescue_Car_ws/install/shape_msgs/local/lib/python3.10/dist-packages/shape_msgs/msg/_mesh_triangle_s.c
[0.850s] -- Up-to-date: /root/ros_ws/src/Rescue_Car_ws/install/shape_msgs/local/lib/python3.10/dist-packages/shape_msgs/msg/_plane_s.c
[0.850s] -- Up-to-date: /root/ros_ws/src/Rescue_Car_ws/install/shape_msgs/local/lib/python3.10/dist-packages/shape_msgs/msg/_mesh_triangle.py
[0.850s] -- Up-to-date: /root/ros_ws/src/Rescue_Car_ws/install/shape_msgs/local/lib/python3.10/dist-packages/shape_msgs/msg/__init__.py
[0.850s] -- Up-to-date: /root/ros_ws/src/Rescue_Car_ws/install/shape_msgs/local/lib/python3.10/dist-packages/shape_msgs/msg/_mesh_s.c
[0.850s] -- Up-to-date: /root/ros_ws/src/Rescue_Car_ws/install/shape_msgs/local/lib/python3.10/dist-packages/shape_msgs/shape_msgs_s__rosidl_typesupport_fastrtps_c.cpython-310-x86_64-linux-gnu.so
[0.877s] Listing '/root/ros_ws/src/Rescue_Car_ws/install/shape_msgs/local/lib/python3.10/dist-packages/shape_msgs'...
[0.877s] Listing '/root/ros_ws/src/Rescue_Car_ws/install/shape_msgs/local/lib/python3.10/dist-packages/shape_msgs/msg'...
[0.877s] -- Up-to-date: /root/ros_ws/src/Rescue_Car_ws/install/shape_msgs/local/lib/python3.10/dist-packages/shape_msgs/shape_msgs_s__rosidl_typesupport_fastrtps_c.cpython-310-x86_64-linux-gnu.so
[0.877s] -- Up-to-date: /root/ros_ws/src/Rescue_Car_ws/install/shape_msgs/local/lib/python3.10/dist-packages/shape_msgs/shape_msgs_s__rosidl_typesupport_introspection_c.cpython-310-x86_64-linux-gnu.so
[0.877s] -- Up-to-date: /root/ros_ws/src/Rescue_Car_ws/install/shape_msgs/local/lib/python3.10/dist-packages/shape_msgs/shape_msgs_s__rosidl_typesupport_c.cpython-310-x86_64-linux-gnu.so
[0.878s] -- Up-to-date: /root/ros_ws/src/Rescue_Car_ws/install/shape_msgs/lib/libshape_msgs__rosidl_generator_py.so
[0.878s] -- Up-to-date: /root/ros_ws/src/Rescue_Car_ws/install/shape_msgs/share/shape_msgs/msg/Mesh.idl
[0.878s] -- Up-to-date: /root/ros_ws/src/Rescue_Car_ws/install/shape_msgs/share/shape_msgs/msg/MeshTriangle.idl
[0.878s] -- Up-to-date: /root/ros_ws/src/Rescue_Car_ws/install/shape_msgs/share/shape_msgs/msg/Plane.idl
[0.878s] -- Up-to-date: /root/ros_ws/src/Rescue_Car_ws/install/shape_msgs/share/shape_msgs/msg/SolidPrimitive.idl
[0.878s] -- Up-to-date: /root/ros_ws/src/Rescue_Car_ws/install/shape_msgs/share/shape_msgs/msg/Mesh.msg
[0.878s] -- Up-to-date: /root/ros_ws/src/Rescue_Car_ws/install/shape_msgs/share/shape_msgs/msg/MeshTriangle.msg
[0.878s] -- Up-to-date: /root/ros_ws/src/Rescue_Car_ws/install/shape_msgs/share/shape_msgs/msg/Plane.msg
[0.878s] -- Up-to-date: /root/ros_ws/src/Rescue_Car_ws/install/shape_msgs/share/shape_msgs/msg/SolidPrimitive.msg
[0.879s] -- Up-to-date: /root/ros_ws/src/Rescue_Car_ws/install/shape_msgs/share/ament_index/resource_index/package_run_dependencies/shape_msgs
[0.879s] -- Up-to-date: /root/ros_ws/src/Rescue_Car_ws/install/shape_msgs/share/ament_index/resource_index/parent_prefix_path/shape_msgs
[0.879s] -- Up-to-date: /root/ros_ws/src/Rescue_Car_ws/install/shape_msgs/share/shape_msgs/environment/ament_prefix_path.sh
[0.879s] -- Up-to-date: /root/ros_ws/src/Rescue_Car_ws/install/shape_msgs/share/shape_msgs/environment/ament_prefix_path.dsv
[0.879s] -- Up-to-date: /root/ros_ws/src/Rescue_Car_ws/install/shape_msgs/share/shape_msgs/environment/path.sh
[0.879s] -- Up-to-date: /root/ros_ws/src/Rescue_Car_ws/install/shape_msgs/share/shape_msgs/environment/path.dsv
[0.879s] -- Up-to-date: /root/ros_ws/src/Rescue_Car_ws/install/shape_msgs/share/shape_msgs/local_setup.bash
[0.879s] -- Up-to-date: /root/ros_ws/src/Rescue_Car_ws/install/shape_msgs/share/shape_msgs/local_setup.sh
[0.879s] -- Up-to-date: /root/ros_ws/src/Rescue_Car_ws/install/shape_msgs/share/shape_msgs/local_setup.zsh
[0.880s] -- Up-to-date: /root/ros_ws/src/Rescue_Car_ws/install/shape_msgs/share/shape_msgs/local_setup.dsv
[0.880s] -- Installing: /root/ros_ws/src/Rescue_Car_ws/install/shape_msgs/share/shape_msgs/package.dsv
[0.880s] -- Up-to-date: /root/ros_ws/src/Rescue_Car_ws/install/shape_msgs/share/ament_index/resource_index/packages/shape_msgs
[0.880s] -- Up-to-date: /root/ros_ws/src/Rescue_Car_ws/install/shape_msgs/share/shape_msgs/cmake/export_shape_msgs__rosidl_generator_cExport.cmake
[0.880s] -- Up-to-date: /root/ros_ws/src/Rescue_Car_ws/install/shape_msgs/share/shape_msgs/cmake/export_shape_msgs__rosidl_generator_cExport-noconfig.cmake
[0.880s] -- Up-to-date: /root/ros_ws/src/Rescue_Car_ws/install/shape_msgs/share/shape_msgs/cmake/export_shape_msgs__rosidl_typesupport_fastrtps_cExport.cmake
[0.880s] -- Up-to-date: /root/ros_ws/src/Rescue_Car_ws/install/shape_msgs/share/shape_msgs/cmake/export_shape_msgs__rosidl_typesupport_fastrtps_cExport-noconfig.cmake
[0.880s] -- Up-to-date: /root/ros_ws/src/Rescue_Car_ws/install/shape_msgs/share/shape_msgs/cmake/export_shape_msgs__rosidl_generator_cppExport.cmake
[0.880s] -- Up-to-date: /root/ros_ws/src/Rescue_Car_ws/install/shape_msgs/share/shape_msgs/cmake/export_shape_msgs__rosidl_typesupport_fastrtps_cppExport.cmake
[0.881s] -- Up-to-date: /root/ros_ws/src/Rescue_Car_ws/install/shape_msgs/share/shape_msgs/cmake/export_shape_msgs__rosidl_typesupport_fastrtps_cppExport-noconfig.cmake
[0.881s] -- Up-to-date: /root/ros_ws/src/Rescue_Car_ws/install/shape_msgs/share/shape_msgs/cmake/shape_msgs__rosidl_typesupport_introspection_cExport.cmake
[0.881s] -- Up-to-date: /root/ros_ws/src/Rescue_Car_ws/install/shape_msgs/share/shape_msgs/cmake/shape_msgs__rosidl_typesupport_introspection_cExport-noconfig.cmake
[0.881s] -- Up-to-date: /root/ros_ws/src/Rescue_Car_ws/install/shape_msgs/share/shape_msgs/cmake/shape_msgs__rosidl_typesupport_cExport.cmake
[0.881s] -- Up-to-date: /root/ros_ws/src/Rescue_Car_ws/install/shape_msgs/share/shape_msgs/cmake/shape_msgs__rosidl_typesupport_cExport-noconfig.cmake
[0.881s] -- Up-to-date: /root/ros_ws/src/Rescue_Car_ws/install/shape_msgs/share/shape_msgs/cmake/shape_msgs__rosidl_typesupport_introspection_cppExport.cmake
[0.881s] -- Up-to-date: /root/ros_ws/src/Rescue_Car_ws/install/shape_msgs/share/shape_msgs/cmake/shape_msgs__rosidl_typesupport_introspection_cppExport-noconfig.cmake
[0.881s] -- Up-to-date: /root/ros_ws/src/Rescue_Car_ws/install/shape_msgs/share/shape_msgs/cmake/shape_msgs__rosidl_typesupport_cppExport.cmake
[0.881s] -- Up-to-date: /root/ros_ws/src/Rescue_Car_ws/install/shape_msgs/share/shape_msgs/cmake/shape_msgs__rosidl_typesupport_cppExport-noconfig.cmake
[0.881s] -- Up-to-date: /root/ros_ws/src/Rescue_Car_ws/install/shape_msgs/share/shape_msgs/cmake/export_shape_msgs__rosidl_generator_pyExport.cmake
[0.881s] -- Up-to-date: /root/ros_ws/src/Rescue_Car_ws/install/shape_msgs/share/shape_msgs/cmake/export_shape_msgs__rosidl_generator_pyExport-noconfig.cmake
[0.882s] -- Up-to-date: /root/ros_ws/src/Rescue_Car_ws/install/shape_msgs/share/shape_msgs/cmake/rosidl_cmake-extras.cmake
[0.882s] -- Up-to-date: /root/ros_ws/src/Rescue_Car_ws/install/shape_msgs/share/shape_msgs/cmake/ament_cmake_export_dependencies-extras.cmake
[0.882s] -- Up-to-date: /root/ros_ws/src/Rescue_Car_ws/install/shape_msgs/share/shape_msgs/cmake/ament_cmake_export_include_directories-extras.cmake
[0.882s] -- Up-to-date: /root/ros_ws/src/Rescue_Car_ws/install/shape_msgs/share/shape_msgs/cmake/ament_cmake_export_libraries-extras.cmake
[0.882s] -- Up-to-date: /root/ros_ws/src/Rescue_Car_ws/install/shape_msgs/share/shape_msgs/cmake/ament_cmake_export_targets-extras.cmake
[0.882s] -- Up-to-date: /root/ros_ws/src/Rescue_Car_ws/install/shape_msgs/share/shape_msgs/cmake/rosidl_cmake_export_typesupport_targets-extras.cmake
[0.882s] -- Up-to-date: /root/ros_ws/src/Rescue_Car_ws/install/shape_msgs/share/shape_msgs/cmake/rosidl_cmake_export_typesupport_libraries-extras.cmake
[0.882s] -- Up-to-date: /root/ros_ws/src/Rescue_Car_ws/install/shape_msgs/share/shape_msgs/cmake/shape_msgsConfig.cmake
[0.882s] -- Up-to-date: /root/ros_ws/src/Rescue_Car_ws/install/shape_msgs/share/shape_msgs/cmake/shape_msgsConfig-version.cmake
[0.882s] -- Up-to-date: /root/ros_ws/src/Rescue_Car_ws/install/shape_msgs/share/shape_msgs/package.xml
[0.911s] Invoked command in '/root/ros_ws/src/Rescue_Car_ws/build/shape_msgs' returned '0': CMAKE_PREFIX_PATH=/root/ros_ws/src/Rescue_Car_ws/install/geometry_msgs:/root/ros_ws/src/Rescue_Car_ws/install/std_msgs:/root/ros_ws/src/Rescue_Car_ws/install/builtin_interfaces:/root/ros_ws/src/Rescue_Car_ws/install/micro_ros_demos_rclc:/root/ros_ws/src/Rescue_Car_ws/install/common_interfaces:/root/ros_ws/src/Rescue_Car_ws/install/visualization_msgs:/root/ros_ws/src/Rescue_Car_ws/install/test_msgs:/root/ros_ws/src/Rescue_Car_ws/install/example_interfaces:/root/ros_ws/src/Rescue_Car_ws/install/action_msgs:/root/ros_ws/src/Rescue_Car_ws/install/unique_identifier_msgs:/root/ros_ws/src/Rescue_Car_ws/install/trajectory_msgs:/root/ros_ws/src/Rescue_Car_ws/install/stereo_msgs:/root/ros_ws/src/Rescue_Car_ws/install/std_srvs:/root/ros_ws/src/Rescue_Car_ws/install/shape_msgs:/root/ros_ws/src/Rescue_Car_ws/install/sensor_msgs:/root/ros_ws/src/Rescue_Car_ws/install/nav_msgs:/root/ros_ws/src/Rescue_Car_ws/install/diagnostic_msgs:/root/ros_ws/src/Rescue_Car_ws/install/actionlib_msgs:/root/ros_ws/src/Rescue_Car_ws/install/statistics_msgs:/root/ros_ws/src/Rescue_Car_ws/install/rosidl_typesupport_microxrcedds_test_msg:/root/ros_ws/src/Rescue_Car_ws/install/rosidl_typesupport_microxrcedds_cpp_tests:/root/ros_ws/src/Rescue_Car_ws/install/rmw_microxrcedds:/root/ros_ws/src/Rescue_Car_ws/install/rosidl_typesupport_microxrcedds_cpp:/root/ros_ws/src/Rescue_Car_ws/install/rosidl_typesupport_microxrcedds_c_tests:/root/ros_ws/src/Rescue_Car_ws/install/rosidl_typesupport_microxrcedds_c:/root/ros_ws/src/Rescue_Car_ws/install/rosgraph_msgs:/root/ros_ws/src/Rescue_Car_ws/install/rclc_parameter:/root/ros_ws/src/Rescue_Car_ws/install/rclc:/root/ros_ws/src/Rescue_Car_ws/install/composition_interfaces:/root/ros_ws/src/Rescue_Car_ws/install/rcl_interfaces:/root/ros_ws/src/Rescue_Car_ws/install/microxrcedds_client:/root/ros_ws/src/Rescue_Car_ws/install/microcdr:/root/ros_ws/src/Rescue_Car_ws/install/micro_ros_utilities:/root/ros_ws/src/Rescue_Car_ws/install/micro_ros_setup:/root/ros_ws/src/Rescue_Car_ws/install/micro_ros_agent:/root/ros_ws/src/Rescue_Car_ws/install/micro_ros_msgs:/root/ros_ws/src/Rescue_Car_ws/install/lifecycle_msgs:/root/ros_ws/src/Rescue_Car_ws/install/complex_msgs:/root/ros_ws/src/Rescue_Car_ws/install/car:/root/ros_ws/src/Rescue_Car_ws/install/sensor_msgs_py:/opt/ros/humble LD_LIBRARY_PATH=/root/ros_ws/src/Rescue_Car_ws/install/geometry_msgs/lib:/root/ros_ws/src/Rescue_Car_ws/install/std_msgs/lib:/root/ros_ws/src/Rescue_Car_ws/install/builtin_interfaces/lib:/root/ros_ws/src/Rescue_Car_ws/install/visualization_msgs/lib:/root/ros_ws/src/Rescue_Car_ws/install/test_msgs/lib:/root/ros_ws/src/Rescue_Car_ws/install/example_interfaces/lib:/root/ros_ws/src/Rescue_Car_ws/install/action_msgs/lib:/root/ros_ws/src/Rescue_Car_ws/install/unique_identifier_msgs/lib:/root/ros_ws/src/Rescue_Car_ws/install/trajectory_msgs/lib:/root/ros_ws/src/Rescue_Car_ws/install/stereo_msgs/lib:/root/ros_ws/src/Rescue_Car_ws/install/std_srvs/lib:/root/ros_ws/src/Rescue_Car_ws/install/shape_msgs/lib:/root/ros_ws/src/Rescue_Car_ws/install/sensor_msgs/lib:/root/ros_ws/src/Rescue_Car_ws/install/nav_msgs/lib:/root/ros_ws/src/Rescue_Car_ws/install/diagnostic_msgs/lib:/root/ros_ws/src/Rescue_Car_ws/install/actionlib_msgs/lib:/root/ros_ws/src/Rescue_Car_ws/install/statistics_msgs/lib:/root/ros_ws/src/Rescue_Car_ws/install/rosidl_typesupport_microxrcedds_test_msg/lib:/root/ros_ws/src/Rescue_Car_ws/install/rmw_microxrcedds/lib:/root/ros_ws/src/Rescue_Car_ws/install/rosidl_typesupport_microxrcedds_cpp/lib:/root/ros_ws/src/Rescue_Car_ws/install/rosidl_typesupport_microxrcedds_c/lib:/root/ros_ws/src/Rescue_Car_ws/install/rosgraph_msgs/lib:/root/ros_ws/src/Rescue_Car_ws/install/rclc_parameter/lib:/root/ros_ws/src/Rescue_Car_ws/install/rclc/lib:/root/ros_ws/src/Rescue_Car_ws/install/composition_interfaces/lib:/root/ros_ws/src/Rescue_Car_ws/install/rcl_interfaces/lib:/root/ros_ws/src/Rescue_Car_ws/install/micro_ros_utilities/lib:/root/ros_ws/src/Rescue_Car_ws/install/micro_ros_agent/lib:/root/ros_ws/src/Rescue_Car_ws/install/micro_ros_msgs/lib:/root/ros_ws/src/Rescue_Car_ws/install/lifecycle_msgs/lib:/root/ros_ws/src/Rescue_Car_ws/install/complex_msgs/lib:/usr/lib/x86_64-linux-gnu/gazebo-11/plugins:/opt/ros/humble/opt/rviz_ogre_vendor/lib:/opt/ros/humble/lib/x86_64-linux-gnu:/opt/ros/humble/lib /usr/bin/cmake --install /root/ros_ws/src/Rescue_Car_ws/build/shape_msgs
