[0.089s] Invoking command in '/root/ros_ws/src/Rescue_Car_ws/build/rosgraph_msgs': AMENT_PREFIX_PATH=/root/ros_ws/src/Rescue_Car_ws/install/builtin_interfaces:${AMENT_PREFIX_PATH} CMAKE_PREFIX_PATH=/root/ros_ws/src/Rescue_Car_ws/install/builtin_interfaces:/opt/ros/humble LD_LIBRARY_PATH=/root/ros_ws/src/Rescue_Car_ws/install/builtin_interfaces/lib:${LD_LIBRARY_PATH} PYTHONPATH=/root/ros_ws/src/Rescue_Car_ws/install/builtin_interfaces/local/lib/python3.10/dist-packages:${PYTHONPATH} /usr/bin/cmake /root/ros_ws/src/Rescue_Car_ws/src/microros/src/ros2/rcl_interfaces/rosgraph_msgs -DCMAKE_INSTALL_PREFIX=/root/ros_ws/src/Rescue_Car_ws/install/rosgraph_msgs
[0.236s] -- The C compiler identification is GNU 11.4.0
[0.902s] -- The CXX compiler identification is GNU 11.4.0
[1.325s] -- Detecting C compiler ABI info
[1.465s] -- Detecting C compiler ABI info - done
[1.471s] -- Check for working C compiler: /usr/bin/cc - skipped
[1.471s] -- Detecting C compile features
[1.472s] -- Detecting C compile features - done
[1.474s] -- Detecting CXX compiler ABI info
[1.667s] -- Detecting CXX compiler ABI info - done
[1.673s] -- Check for working CXX compiler: /usr/bin/c++ - skipped
[1.673s] -- Detecting CXX compile features
[1.678s] -- Detecting CXX compile features - done
[1.678s] -- Found ament_cmake: 1.3.12 (/opt/ros/humble/share/ament_cmake/cmake)
[1.830s] -- Found Python3: /usr/bin/python3 (found version "3.10.12") found components: Interpreter 
[1.927s] -- Found builtin_interfaces: 1.2.2 (/root/ros_ws/src/Rescue_Car_ws/install/builtin_interfaces/share/builtin_interfaces/cmake)
[2.145s] -- Found rosidl_generator_c: 3.1.7 (/opt/ros/humble/share/rosidl_generator_c/cmake)
[2.148s] -- Found rosidl_adapter: 3.1.7 (/opt/ros/humble/share/rosidl_adapter/cmake)
[2.155s] -- Found rosidl_generator_cpp: 3.1.7 (/opt/ros/humble/share/rosidl_generator_cpp/cmake)
[2.169s] -- Using all available rosidl_typesupport_c: rosidl_typesupport_fastrtps_c;rosidl_typesupport_introspection_c
[2.187s] -- Using all available rosidl_typesupport_cpp: rosidl_typesupport_fastrtps_cpp;rosidl_typesupport_introspection_cpp
[2.210s] -- Found rosidl_default_generators: 1.2.0 (/opt/ros/humble/share/rosidl_default_generators/cmake)
[2.478s] -- Found ament_cmake_cppcheck: 0.12.14 (/opt/ros/humble/share/ament_cmake_cppcheck/cmake)
[2.481s] -- Found ament_cmake_cpplint: 0.12.14 (/opt/ros/humble/share/ament_cmake_cpplint/cmake)
[2.484s] -- Found ament_cmake_uncrustify: 0.12.14 (/opt/ros/humble/share/ament_cmake_uncrustify/cmake)
[2.487s] -- Found ament_cmake_ros: 0.10.0 (/opt/ros/humble/share/ament_cmake_ros/cmake)
[2.781s] -- Using all available rosidl_typesupport_c: rosidl_typesupport_fastrtps_c;rosidl_typesupport_introspection_c
[2.894s] -- Using all available rosidl_typesupport_cpp: rosidl_typesupport_fastrtps_cpp;rosidl_typesupport_introspection_cpp
[3.063s] -- Found PythonInterp: /usr/bin/python3 (found suitable version "3.10.12", minimum required is "3.6") 
[3.065s] -- Found python_cmake_module: 0.10.0 (/opt/ros/humble/share/python_cmake_module/cmake)
[3.656s] -- Found PythonLibs: /usr/lib/x86_64-linux-gnu/libpython3.10.so (found suitable version "3.10.12", minimum required is "3.5") 
[3.656s] -- Using PYTHON_EXECUTABLE: /usr/bin/python3
[3.656s] -- Using PYTHON_INCLUDE_DIRS: /usr/include/python3.10
[3.656s] -- Using PYTHON_LIBRARIES: /usr/lib/x86_64-linux-gnu/libpython3.10.so
[3.679s] -- Found PythonExtra: .so  
[3.752s] -- Found ament_cmake_flake8: 0.12.14 (/opt/ros/humble/share/ament_cmake_flake8/cmake)
[3.754s] -- Found ament_cmake_pep257: 0.12.14 (/opt/ros/humble/share/ament_cmake_pep257/cmake)
[3.759s] -- Configuring done
[3.800s] -- Generating done
[3.810s] -- Build files have been written to: /root/ros_ws/src/Rescue_Car_ws/build/rosgraph_msgs
[3.821s] Invoked command in '/root/ros_ws/src/Rescue_Car_ws/build/rosgraph_msgs' returned '0': AMENT_PREFIX_PATH=/root/ros_ws/src/Rescue_Car_ws/install/builtin_interfaces:${AMENT_PREFIX_PATH} CMAKE_PREFIX_PATH=/root/ros_ws/src/Rescue_Car_ws/install/builtin_interfaces:/opt/ros/humble LD_LIBRARY_PATH=/root/ros_ws/src/Rescue_Car_ws/install/builtin_interfaces/lib:${LD_LIBRARY_PATH} PYTHONPATH=/root/ros_ws/src/Rescue_Car_ws/install/builtin_interfaces/local/lib/python3.10/dist-packages:${PYTHONPATH} /usr/bin/cmake /root/ros_ws/src/Rescue_Car_ws/src/microros/src/ros2/rcl_interfaces/rosgraph_msgs -DCMAKE_INSTALL_PREFIX=/root/ros_ws/src/Rescue_Car_ws/install/rosgraph_msgs
[3.823s] Invoking command in '/root/ros_ws/src/Rescue_Car_ws/build/rosgraph_msgs': AMENT_PREFIX_PATH=/root/ros_ws/src/Rescue_Car_ws/install/builtin_interfaces:${AMENT_PREFIX_PATH} CMAKE_PREFIX_PATH=/root/ros_ws/src/Rescue_Car_ws/install/builtin_interfaces:/opt/ros/humble LD_LIBRARY_PATH=/root/ros_ws/src/Rescue_Car_ws/install/builtin_interfaces/lib:${LD_LIBRARY_PATH} PYTHONPATH=/root/ros_ws/src/Rescue_Car_ws/install/builtin_interfaces/local/lib/python3.10/dist-packages:${PYTHONPATH} /usr/bin/cmake --build /root/ros_ws/src/Rescue_Car_ws/build/rosgraph_msgs -- -j20 -l20
[3.860s] [  3%] [34m[1mGenerating C code for ROS interfaces[0m
[3.872s] [  6%] [34m[1mGenerating C++ code for ROS interfaces[0m
[3.881s] [  6%] Built target ament_cmake_python_copy_rosgraph_msgs
[4.145s] [  9%] [32mBuilding C object CMakeFiles/rosgraph_msgs__rosidl_generator_c.dir/rosidl_generator_c/rosgraph_msgs/msg/detail/clock__functions.c.o[0m
[4.170s] running egg_info
[4.172s] creating rosgraph_msgs.egg-info
[4.172s] writing rosgraph_msgs.egg-info/PKG-INFO
[4.172s] writing dependency_links to rosgraph_msgs.egg-info/dependency_links.txt
[4.172s] writing top-level names to rosgraph_msgs.egg-info/top_level.txt
[4.172s] writing manifest file 'rosgraph_msgs.egg-info/SOURCES.txt'
[4.172s] reading manifest file 'rosgraph_msgs.egg-info/SOURCES.txt'
[4.172s] [  9%] Built target rosgraph_msgs__cpp
[4.172s] writing manifest file 'rosgraph_msgs.egg-info/SOURCES.txt'
[4.186s] [ 12%] [34m[1mGenerating C++ type support for eProsima Fast-RTPS[0m
[4.191s] [ 16%] [34m[1mGenerating C++ introspection for ROS interfaces[0m
[4.200s] [ 19%] [34m[1mGenerating C++ type support dispatch for ROS interfaces[0m
[4.238s] [ 19%] Built target ament_cmake_python_build_rosgraph_msgs_egg
[4.242s] [ 22%] [32m[1mLinking C shared library librosgraph_msgs__rosidl_generator_c.so[0m
[4.501s] [ 25%] [32mBuilding CXX object CMakeFiles/rosgraph_msgs__rosidl_typesupport_introspection_cpp.dir/rosidl_typesupport_introspection_cpp/rosgraph_msgs/msg/detail/clock__type_support.cpp.o[0m
[4.512s] [ 29%] [32mBuilding CXX object CMakeFiles/rosgraph_msgs__rosidl_typesupport_fastrtps_cpp.dir/rosidl_typesupport_fastrtps_cpp/rosgraph_msgs/msg/detail/dds_fastrtps/clock__type_support.cpp.o[0m
[4.563s] [ 32%] [32mBuilding CXX object CMakeFiles/rosgraph_msgs__rosidl_typesupport_cpp.dir/rosidl_typesupport_cpp/rosgraph_msgs/msg/clock__type_support.cpp.o[0m
[5.080s] [ 35%] [32m[1mLinking CXX shared library librosgraph_msgs__rosidl_typesupport_cpp.so[0m
[5.090s] [ 38%] [32m[1mLinking CXX shared library librosgraph_msgs__rosidl_typesupport_fastrtps_cpp.so[0m
[5.253s] [ 38%] Built target rosgraph_msgs__rosidl_generator_c
[5.284s] [ 41%] [34m[1mGenerating C type support for eProsima Fast-RTPS[0m
[5.291s] [ 45%] [34m[1mGenerating C introspection for ROS interfaces[0m
[5.294s] [ 48%] [32m[1mLinking CXX shared library librosgraph_msgs__rosidl_typesupport_introspection_cpp.so[0m
[5.297s] [ 51%] [34m[1mGenerating C type support dispatch for ROS interfaces[0m
[5.655s] [ 54%] [32mBuilding C object CMakeFiles/rosgraph_msgs__rosidl_typesupport_introspection_c.dir/rosidl_typesupport_introspection_c/rosgraph_msgs/msg/detail/clock__type_support.c.o[0m
[5.665s] [ 58%] [32mBuilding CXX object CMakeFiles/rosgraph_msgs__rosidl_typesupport_c.dir/rosidl_typesupport_c/rosgraph_msgs/msg/clock__type_support.cpp.o[0m
[5.683s] [ 58%] Built target rosgraph_msgs__rosidl_typesupport_cpp
[5.691s] [ 61%] [32mBuilding CXX object CMakeFiles/rosgraph_msgs__rosidl_typesupport_fastrtps_c.dir/rosidl_typesupport_fastrtps_c/rosgraph_msgs/msg/detail/clock__type_support_c.cpp.o[0m
[5.714s] [ 64%] [32m[1mLinking C shared library librosgraph_msgs__rosidl_typesupport_introspection_c.so[0m
[5.724s] [ 67%] [32m[1mLinking CXX shared library librosgraph_msgs__rosidl_typesupport_c.so[0m
[5.934s] [ 67%] Built target rosgraph_msgs__rosidl_typesupport_fastrtps_cpp
[6.032s] [ 67%] Built target rosgraph_msgs__rosidl_typesupport_introspection_cpp
[6.129s] [ 70%] [32m[1mLinking CXX shared library librosgraph_msgs__rosidl_typesupport_fastrtps_c.so[0m
[6.266s] [ 70%] Built target rosgraph_msgs__rosidl_typesupport_introspection_c
[6.663s] [ 70%] Built target rosgraph_msgs__rosidl_typesupport_c
[7.080s] [ 70%] Built target rosgraph_msgs__rosidl_typesupport_fastrtps_c
[7.111s] [ 70%] Built target rosgraph_msgs
[7.141s] [ 74%] [34m[1mGenerating Python code for ROS interfaces[0m
[7.628s] [ 74%] Built target rosgraph_msgs__py
[7.682s] [ 77%] [32mBuilding C object CMakeFiles/rosgraph_msgs__rosidl_generator_py.dir/rosidl_generator_py/rosgraph_msgs/msg/_clock_s.c.o[0m
[7.832s] [ 80%] [32m[1mLinking C shared library rosidl_generator_py/rosgraph_msgs/librosgraph_msgs__rosidl_generator_py.so[0m
[8.438s] [ 80%] Built target rosgraph_msgs__rosidl_generator_py
[8.505s] [ 83%] [32mBuilding C object CMakeFiles/rosgraph_msgs__rosidl_typesupport_fastrtps_c__pyext.dir/rosidl_generator_py/rosgraph_msgs/_rosgraph_msgs_s.ep.rosidl_typesupport_fastrtps_c.c.o[0m
[8.510s] [ 87%] [32mBuilding C object CMakeFiles/rosgraph_msgs__rosidl_typesupport_c__pyext.dir/rosidl_generator_py/rosgraph_msgs/_rosgraph_msgs_s.ep.rosidl_typesupport_c.c.o[0m
[8.528s] [ 90%] [32mBuilding C object CMakeFiles/rosgraph_msgs__rosidl_typesupport_introspection_c__pyext.dir/rosidl_generator_py/rosgraph_msgs/_rosgraph_msgs_s.ep.rosidl_typesupport_introspection_c.c.o[0m
[8.664s] [ 93%] [32m[1mLinking C shared library rosidl_generator_py/rosgraph_msgs/rosgraph_msgs_s__rosidl_typesupport_c.cpython-310-x86_64-linux-gnu.so[0m
[8.769s] [ 96%] [32m[1mLinking C shared library rosidl_generator_py/rosgraph_msgs/rosgraph_msgs_s__rosidl_typesupport_fastrtps_c.cpython-310-x86_64-linux-gnu.so[0m
[8.832s] [100%] [32m[1mLinking C shared library rosidl_generator_py/rosgraph_msgs/rosgraph_msgs_s__rosidl_typesupport_introspection_c.cpython-310-x86_64-linux-gnu.so[0m
[8.900s] [100%] Built target rosgraph_msgs__rosidl_typesupport_c__pyext
[9.308s] [100%] Built target rosgraph_msgs__rosidl_typesupport_fastrtps_c__pyext
[9.667s] [100%] Built target rosgraph_msgs__rosidl_typesupport_introspection_c__pyext
[9.693s] Invoked command in '/root/ros_ws/src/Rescue_Car_ws/build/rosgraph_msgs' returned '0': AMENT_PREFIX_PATH=/root/ros_ws/src/Rescue_Car_ws/install/builtin_interfaces:${AMENT_PREFIX_PATH} CMAKE_PREFIX_PATH=/root/ros_ws/src/Rescue_Car_ws/install/builtin_interfaces:/opt/ros/humble LD_LIBRARY_PATH=/root/ros_ws/src/Rescue_Car_ws/install/builtin_interfaces/lib:${LD_LIBRARY_PATH} PYTHONPATH=/root/ros_ws/src/Rescue_Car_ws/install/builtin_interfaces/local/lib/python3.10/dist-packages:${PYTHONPATH} /usr/bin/cmake --build /root/ros_ws/src/Rescue_Car_ws/build/rosgraph_msgs -- -j20 -l20
[9.700s] Invoking command in '/root/ros_ws/src/Rescue_Car_ws/build/rosgraph_msgs': AMENT_PREFIX_PATH=/root/ros_ws/src/Rescue_Car_ws/install/builtin_interfaces:${AMENT_PREFIX_PATH} CMAKE_PREFIX_PATH=/root/ros_ws/src/Rescue_Car_ws/install/builtin_interfaces:/opt/ros/humble LD_LIBRARY_PATH=/root/ros_ws/src/Rescue_Car_ws/install/builtin_interfaces/lib:${LD_LIBRARY_PATH} PYTHONPATH=/root/ros_ws/src/Rescue_Car_ws/install/builtin_interfaces/local/lib/python3.10/dist-packages:${PYTHONPATH} /usr/bin/cmake --install /root/ros_ws/src/Rescue_Car_ws/build/rosgraph_msgs
[9.708s] -- Install configuration: ""
[9.720s] -- Installing: /root/ros_ws/src/Rescue_Car_ws/install/rosgraph_msgs/share/ament_index/resource_index/rosidl_interfaces/rosgraph_msgs
[9.720s] -- Installing: /root/ros_ws/src/Rescue_Car_ws/install/rosgraph_msgs/include/rosgraph_msgs/rosgraph_msgs
[9.720s] -- Installing: /root/ros_ws/src/Rescue_Car_ws/install/rosgraph_msgs/include/rosgraph_msgs/rosgraph_msgs/msg
[9.720s] -- Installing: /root/ros_ws/src/Rescue_Car_ws/install/rosgraph_msgs/include/rosgraph_msgs/rosgraph_msgs/msg/clock.h
[9.720s] -- Installing: /root/ros_ws/src/Rescue_Car_ws/install/rosgraph_msgs/include/rosgraph_msgs/rosgraph_msgs/msg/detail
[9.720s] -- Installing: /root/ros_ws/src/Rescue_Car_ws/install/rosgraph_msgs/include/rosgraph_msgs/rosgraph_msgs/msg/detail/clock__struct.h
[9.721s] -- Installing: /root/ros_ws/src/Rescue_Car_ws/install/rosgraph_msgs/include/rosgraph_msgs/rosgraph_msgs/msg/detail/clock__functions.h
[9.721s] -- Installing: /root/ros_ws/src/Rescue_Car_ws/install/rosgraph_msgs/include/rosgraph_msgs/rosgraph_msgs/msg/detail/clock__type_support.h
[9.721s] -- Installing: /root/ros_ws/src/Rescue_Car_ws/install/rosgraph_msgs/include/rosgraph_msgs/rosgraph_msgs/msg/detail/clock__functions.c
[9.721s] -- Installing: /root/ros_ws/src/Rescue_Car_ws/install/rosgraph_msgs/include/rosgraph_msgs/rosgraph_msgs/msg/rosidl_generator_c__visibility_control.h
[9.721s] -- Installing: /root/ros_ws/src/Rescue_Car_ws/install/rosgraph_msgs/share/rosgraph_msgs/environment/library_path.sh
[9.721s] -- Installing: /root/ros_ws/src/Rescue_Car_ws/install/rosgraph_msgs/share/rosgraph_msgs/environment/library_path.dsv
[9.721s] -- Installing: /root/ros_ws/src/Rescue_Car_ws/install/rosgraph_msgs/lib/librosgraph_msgs__rosidl_generator_c.so
[9.721s] -- Set runtime path of "/root/ros_ws/src/Rescue_Car_ws/install/rosgraph_msgs/lib/librosgraph_msgs__rosidl_generator_c.so" to ""
[9.721s] -- Up-to-date: /root/ros_ws/src/Rescue_Car_ws/install/rosgraph_msgs/include/rosgraph_msgs/rosgraph_msgs
[9.721s] -- Up-to-date: /root/ros_ws/src/Rescue_Car_ws/install/rosgraph_msgs/include/rosgraph_msgs/rosgraph_msgs/msg
[9.721s] -- Up-to-date: /root/ros_ws/src/Rescue_Car_ws/install/rosgraph_msgs/include/rosgraph_msgs/rosgraph_msgs/msg/detail
[9.721s] -- Installing: /root/ros_ws/src/Rescue_Car_ws/install/rosgraph_msgs/include/rosgraph_msgs/rosgraph_msgs/msg/detail/clock__rosidl_typesupport_fastrtps_c.h
[9.721s] -- Installing: /root/ros_ws/src/Rescue_Car_ws/install/rosgraph_msgs/include/rosgraph_msgs/rosgraph_msgs/msg/rosidl_typesupport_fastrtps_c__visibility_control.h
[9.722s] -- Installing: /root/ros_ws/src/Rescue_Car_ws/install/rosgraph_msgs/lib/librosgraph_msgs__rosidl_typesupport_fastrtps_c.so
[9.722s] -- Set runtime path of "/root/ros_ws/src/Rescue_Car_ws/install/rosgraph_msgs/lib/librosgraph_msgs__rosidl_typesupport_fastrtps_c.so" to ""
[9.722s] -- Up-to-date: /root/ros_ws/src/Rescue_Car_ws/install/rosgraph_msgs/include/rosgraph_msgs/rosgraph_msgs
[9.722s] -- Up-to-date: /root/ros_ws/src/Rescue_Car_ws/install/rosgraph_msgs/include/rosgraph_msgs/rosgraph_msgs/msg
[9.722s] -- Installing: /root/ros_ws/src/Rescue_Car_ws/install/rosgraph_msgs/include/rosgraph_msgs/rosgraph_msgs/msg/clock.hpp
[9.722s] -- Installing: /root/ros_ws/src/Rescue_Car_ws/install/rosgraph_msgs/include/rosgraph_msgs/rosgraph_msgs/msg/rosidl_generator_cpp__visibility_control.hpp
[9.722s] -- Up-to-date: /root/ros_ws/src/Rescue_Car_ws/install/rosgraph_msgs/include/rosgraph_msgs/rosgraph_msgs/msg/detail
[9.722s] -- Installing: /root/ros_ws/src/Rescue_Car_ws/install/rosgraph_msgs/include/rosgraph_msgs/rosgraph_msgs/msg/detail/clock__traits.hpp
[9.723s] -- Installing: /root/ros_ws/src/Rescue_Car_ws/install/rosgraph_msgs/include/rosgraph_msgs/rosgraph_msgs/msg/detail/clock__builder.hpp
[9.723s] -- Installing: /root/ros_ws/src/Rescue_Car_ws/install/rosgraph_msgs/include/rosgraph_msgs/rosgraph_msgs/msg/detail/clock__struct.hpp
[9.727s] -- Installing: /root/ros_ws/src/Rescue_Car_ws/install/rosgraph_msgs/include/rosgraph_msgs/rosgraph_msgs/msg/detail/clock__type_support.hpp
[9.728s] -- Up-to-date: /root/ros_ws/src/Rescue_Car_ws/install/rosgraph_msgs/include/rosgraph_msgs/rosgraph_msgs
[9.728s] -- Up-to-date: /root/ros_ws/src/Rescue_Car_ws/install/rosgraph_msgs/include/rosgraph_msgs/rosgraph_msgs/msg
[9.728s] -- Installing: /root/ros_ws/src/Rescue_Car_ws/install/rosgraph_msgs/include/rosgraph_msgs/rosgraph_msgs/msg/rosidl_typesupport_fastrtps_cpp__visibility_control.h
[9.728s] -- Up-to-date: /root/ros_ws/src/Rescue_Car_ws/install/rosgraph_msgs/include/rosgraph_msgs/rosgraph_msgs/msg/detail
[9.728s] -- Installing: /root/ros_ws/src/Rescue_Car_ws/install/rosgraph_msgs/include/rosgraph_msgs/rosgraph_msgs/msg/detail/clock__rosidl_typesupport_fastrtps_cpp.hpp
[9.728s] -- Installing: /root/ros_ws/src/Rescue_Car_ws/install/rosgraph_msgs/include/rosgraph_msgs/rosgraph_msgs/msg/detail/dds_fastrtps
[9.728s] -- Installing: /root/ros_ws/src/Rescue_Car_ws/install/rosgraph_msgs/lib/librosgraph_msgs__rosidl_typesupport_fastrtps_cpp.so
[9.728s] -- Set runtime path of "/root/ros_ws/src/Rescue_Car_ws/install/rosgraph_msgs/lib/librosgraph_msgs__rosidl_typesupport_fastrtps_cpp.so" to ""
[9.728s] -- Up-to-date: /root/ros_ws/src/Rescue_Car_ws/install/rosgraph_msgs/include/rosgraph_msgs/rosgraph_msgs
[9.728s] -- Up-to-date: /root/ros_ws/src/Rescue_Car_ws/install/rosgraph_msgs/include/rosgraph_msgs/rosgraph_msgs/msg
[9.729s] -- Installing: /root/ros_ws/src/Rescue_Car_ws/install/rosgraph_msgs/include/rosgraph_msgs/rosgraph_msgs/msg/rosidl_typesupport_introspection_c__visibility_control.h
[9.729s] -- Up-to-date: /root/ros_ws/src/Rescue_Car_ws/install/rosgraph_msgs/include/rosgraph_msgs/rosgraph_msgs/msg/detail
[9.729s] -- Installing: /root/ros_ws/src/Rescue_Car_ws/install/rosgraph_msgs/include/rosgraph_msgs/rosgraph_msgs/msg/detail/clock__type_support.c
[9.729s] -- Installing: /root/ros_ws/src/Rescue_Car_ws/install/rosgraph_msgs/include/rosgraph_msgs/rosgraph_msgs/msg/detail/clock__rosidl_typesupport_introspection_c.h
[9.729s] -- Installing: /root/ros_ws/src/Rescue_Car_ws/install/rosgraph_msgs/lib/librosgraph_msgs__rosidl_typesupport_introspection_c.so
[9.729s] -- Set runtime path of "/root/ros_ws/src/Rescue_Car_ws/install/rosgraph_msgs/lib/librosgraph_msgs__rosidl_typesupport_introspection_c.so" to ""
[9.729s] -- Installing: /root/ros_ws/src/Rescue_Car_ws/install/rosgraph_msgs/lib/librosgraph_msgs__rosidl_typesupport_c.so
[9.729s] -- Set runtime path of "/root/ros_ws/src/Rescue_Car_ws/install/rosgraph_msgs/lib/librosgraph_msgs__rosidl_typesupport_c.so" to ""
[9.729s] -- Up-to-date: /root/ros_ws/src/Rescue_Car_ws/install/rosgraph_msgs/include/rosgraph_msgs/rosgraph_msgs
[9.729s] -- Up-to-date: /root/ros_ws/src/Rescue_Car_ws/install/rosgraph_msgs/include/rosgraph_msgs/rosgraph_msgs/msg
[9.729s] -- Up-to-date: /root/ros_ws/src/Rescue_Car_ws/install/rosgraph_msgs/include/rosgraph_msgs/rosgraph_msgs/msg/detail
[9.729s] -- Installing: /root/ros_ws/src/Rescue_Car_ws/install/rosgraph_msgs/include/rosgraph_msgs/rosgraph_msgs/msg/detail/clock__type_support.cpp
[9.729s] -- Installing: /root/ros_ws/src/Rescue_Car_ws/install/rosgraph_msgs/include/rosgraph_msgs/rosgraph_msgs/msg/detail/clock__rosidl_typesupport_introspection_cpp.hpp
[9.729s] -- Installing: /root/ros_ws/src/Rescue_Car_ws/install/rosgraph_msgs/lib/librosgraph_msgs__rosidl_typesupport_introspection_cpp.so
[9.729s] -- Set runtime path of "/root/ros_ws/src/Rescue_Car_ws/install/rosgraph_msgs/lib/librosgraph_msgs__rosidl_typesupport_introspection_cpp.so" to ""
[9.730s] -- Installing: /root/ros_ws/src/Rescue_Car_ws/install/rosgraph_msgs/lib/librosgraph_msgs__rosidl_typesupport_cpp.so
[9.730s] -- Set runtime path of "/root/ros_ws/src/Rescue_Car_ws/install/rosgraph_msgs/lib/librosgraph_msgs__rosidl_typesupport_cpp.so" to ""
[9.730s] -- Installing: /root/ros_ws/src/Rescue_Car_ws/install/rosgraph_msgs/share/rosgraph_msgs/environment/pythonpath.sh
[9.730s] -- Installing: /root/ros_ws/src/Rescue_Car_ws/install/rosgraph_msgs/share/rosgraph_msgs/environment/pythonpath.dsv
[9.730s] -- Installing: /root/ros_ws/src/Rescue_Car_ws/install/rosgraph_msgs/local/lib/python3.10/dist-packages/rosgraph_msgs-1.2.2-py3.10.egg-info
[9.730s] -- Installing: /root/ros_ws/src/Rescue_Car_ws/install/rosgraph_msgs/local/lib/python3.10/dist-packages/rosgraph_msgs-1.2.2-py3.10.egg-info/dependency_links.txt
[9.730s] -- Installing: /root/ros_ws/src/Rescue_Car_ws/install/rosgraph_msgs/local/lib/python3.10/dist-packages/rosgraph_msgs-1.2.2-py3.10.egg-info/SOURCES.txt
[9.730s] -- Installing: /root/ros_ws/src/Rescue_Car_ws/install/rosgraph_msgs/local/lib/python3.10/dist-packages/rosgraph_msgs-1.2.2-py3.10.egg-info/PKG-INFO
[9.730s] -- Installing: /root/ros_ws/src/Rescue_Car_ws/install/rosgraph_msgs/local/lib/python3.10/dist-packages/rosgraph_msgs-1.2.2-py3.10.egg-info/top_level.txt
[9.730s] -- Installing: /root/ros_ws/src/Rescue_Car_ws/install/rosgraph_msgs/local/lib/python3.10/dist-packages/rosgraph_msgs
[9.730s] -- Installing: /root/ros_ws/src/Rescue_Car_ws/install/rosgraph_msgs/local/lib/python3.10/dist-packages/rosgraph_msgs/librosgraph_msgs__rosidl_generator_py.so
[9.730s] -- Installing: /root/ros_ws/src/Rescue_Car_ws/install/rosgraph_msgs/local/lib/python3.10/dist-packages/rosgraph_msgs/rosgraph_msgs_s__rosidl_typesupport_fastrtps_c.cpython-310-x86_64-linux-gnu.so
[9.730s] -- Installing: /root/ros_ws/src/Rescue_Car_ws/install/rosgraph_msgs/local/lib/python3.10/dist-packages/rosgraph_msgs/rosgraph_msgs_s__rosidl_typesupport_introspection_c.cpython-310-x86_64-linux-gnu.so
[9.730s] -- Installing: /root/ros_ws/src/Rescue_Car_ws/install/rosgraph_msgs/local/lib/python3.10/dist-packages/rosgraph_msgs/_rosgraph_msgs_s.ep.rosidl_typesupport_fastrtps_c.c
[9.731s] -- Installing: /root/ros_ws/src/Rescue_Car_ws/install/rosgraph_msgs/local/lib/python3.10/dist-packages/rosgraph_msgs/_rosgraph_msgs_s.ep.rosidl_typesupport_introspection_c.c
[9.731s] -- Installing: /root/ros_ws/src/Rescue_Car_ws/install/rosgraph_msgs/local/lib/python3.10/dist-packages/rosgraph_msgs/__init__.py
[9.731s] -- Installing: /root/ros_ws/src/Rescue_Car_ws/install/rosgraph_msgs/local/lib/python3.10/dist-packages/rosgraph_msgs/msg
[9.731s] -- Installing: /root/ros_ws/src/Rescue_Car_ws/install/rosgraph_msgs/local/lib/python3.10/dist-packages/rosgraph_msgs/msg/_clock.py
[9.735s] -- Installing: /root/ros_ws/src/Rescue_Car_ws/install/rosgraph_msgs/local/lib/python3.10/dist-packages/rosgraph_msgs/msg/_clock_s.c
[9.736s] -- Installing: /root/ros_ws/src/Rescue_Car_ws/install/rosgraph_msgs/local/lib/python3.10/dist-packages/rosgraph_msgs/msg/__init__.py
[9.736s] -- Installing: /root/ros_ws/src/Rescue_Car_ws/install/rosgraph_msgs/local/lib/python3.10/dist-packages/rosgraph_msgs/_rosgraph_msgs_s.ep.rosidl_typesupport_c.c
[9.736s] -- Installing: /root/ros_ws/src/Rescue_Car_ws/install/rosgraph_msgs/local/lib/python3.10/dist-packages/rosgraph_msgs/rosgraph_msgs_s__rosidl_typesupport_c.cpython-310-x86_64-linux-gnu.so
[9.778s] Listing '/root/ros_ws/src/Rescue_Car_ws/install/rosgraph_msgs/local/lib/python3.10/dist-packages/rosgraph_msgs'...
[9.778s] Compiling '/root/ros_ws/src/Rescue_Car_ws/install/rosgraph_msgs/local/lib/python3.10/dist-packages/rosgraph_msgs/__init__.py'...
[9.779s] Listing '/root/ros_ws/src/Rescue_Car_ws/install/rosgraph_msgs/local/lib/python3.10/dist-packages/rosgraph_msgs/msg'...
[9.779s] Compiling '/root/ros_ws/src/Rescue_Car_ws/install/rosgraph_msgs/local/lib/python3.10/dist-packages/rosgraph_msgs/msg/__init__.py'...
[9.779s] Compiling '/root/ros_ws/src/Rescue_Car_ws/install/rosgraph_msgs/local/lib/python3.10/dist-packages/rosgraph_msgs/msg/_clock.py'...
[9.804s] -- Installing: /root/ros_ws/src/Rescue_Car_ws/install/rosgraph_msgs/local/lib/python3.10/dist-packages/rosgraph_msgs/rosgraph_msgs_s__rosidl_typesupport_fastrtps_c.cpython-310-x86_64-linux-gnu.so
[9.804s] -- Set runtime path of "/root/ros_ws/src/Rescue_Car_ws/install/rosgraph_msgs/local/lib/python3.10/dist-packages/rosgraph_msgs/rosgraph_msgs_s__rosidl_typesupport_fastrtps_c.cpython-310-x86_64-linux-gnu.so" to ""
[9.804s] -- Installing: /root/ros_ws/src/Rescue_Car_ws/install/rosgraph_msgs/local/lib/python3.10/dist-packages/rosgraph_msgs/rosgraph_msgs_s__rosidl_typesupport_introspection_c.cpython-310-x86_64-linux-gnu.so
[9.804s] -- Set runtime path of "/root/ros_ws/src/Rescue_Car_ws/install/rosgraph_msgs/local/lib/python3.10/dist-packages/rosgraph_msgs/rosgraph_msgs_s__rosidl_typesupport_introspection_c.cpython-310-x86_64-linux-gnu.so" to ""
[9.804s] -- Installing: /root/ros_ws/src/Rescue_Car_ws/install/rosgraph_msgs/local/lib/python3.10/dist-packages/rosgraph_msgs/rosgraph_msgs_s__rosidl_typesupport_c.cpython-310-x86_64-linux-gnu.so
[9.804s] -- Set runtime path of "/root/ros_ws/src/Rescue_Car_ws/install/rosgraph_msgs/local/lib/python3.10/dist-packages/rosgraph_msgs/rosgraph_msgs_s__rosidl_typesupport_c.cpython-310-x86_64-linux-gnu.so" to ""
[9.804s] -- Installing: /root/ros_ws/src/Rescue_Car_ws/install/rosgraph_msgs/lib/librosgraph_msgs__rosidl_generator_py.so
[9.804s] -- Set runtime path of "/root/ros_ws/src/Rescue_Car_ws/install/rosgraph_msgs/lib/librosgraph_msgs__rosidl_generator_py.so" to ""
[9.804s] -- Installing: /root/ros_ws/src/Rescue_Car_ws/install/rosgraph_msgs/share/rosgraph_msgs/msg/Clock.idl
[9.804s] -- Installing: /root/ros_ws/src/Rescue_Car_ws/install/rosgraph_msgs/share/rosgraph_msgs/msg/Clock.msg
[9.804s] -- Installing: /root/ros_ws/src/Rescue_Car_ws/install/rosgraph_msgs/share/ament_index/resource_index/package_run_dependencies/rosgraph_msgs
[9.804s] -- Installing: /root/ros_ws/src/Rescue_Car_ws/install/rosgraph_msgs/share/ament_index/resource_index/parent_prefix_path/rosgraph_msgs
[9.804s] -- Installing: /root/ros_ws/src/Rescue_Car_ws/install/rosgraph_msgs/share/rosgraph_msgs/environment/ament_prefix_path.sh
[9.809s] -- Installing: /root/ros_ws/src/Rescue_Car_ws/install/rosgraph_msgs/share/rosgraph_msgs/environment/ament_prefix_path.dsv
[9.809s] -- Installing: /root/ros_ws/src/Rescue_Car_ws/install/rosgraph_msgs/share/rosgraph_msgs/environment/path.sh
[9.809s] -- Installing: /root/ros_ws/src/Rescue_Car_ws/install/rosgraph_msgs/share/rosgraph_msgs/environment/path.dsv
[9.809s] -- Installing: /root/ros_ws/src/Rescue_Car_ws/install/rosgraph_msgs/share/rosgraph_msgs/local_setup.bash
[9.809s] -- Installing: /root/ros_ws/src/Rescue_Car_ws/install/rosgraph_msgs/share/rosgraph_msgs/local_setup.sh
[9.809s] -- Installing: /root/ros_ws/src/Rescue_Car_ws/install/rosgraph_msgs/share/rosgraph_msgs/local_setup.zsh
[9.809s] -- Installing: /root/ros_ws/src/Rescue_Car_ws/install/rosgraph_msgs/share/rosgraph_msgs/local_setup.dsv
[9.809s] -- Installing: /root/ros_ws/src/Rescue_Car_ws/install/rosgraph_msgs/share/rosgraph_msgs/package.dsv
[9.809s] -- Installing: /root/ros_ws/src/Rescue_Car_ws/install/rosgraph_msgs/share/ament_index/resource_index/packages/rosgraph_msgs
[9.809s] -- Installing: /root/ros_ws/src/Rescue_Car_ws/install/rosgraph_msgs/share/rosgraph_msgs/cmake/export_rosgraph_msgs__rosidl_generator_cExport.cmake
[9.809s] -- Installing: /root/ros_ws/src/Rescue_Car_ws/install/rosgraph_msgs/share/rosgraph_msgs/cmake/export_rosgraph_msgs__rosidl_generator_cExport-noconfig.cmake
[9.809s] -- Installing: /root/ros_ws/src/Rescue_Car_ws/install/rosgraph_msgs/share/rosgraph_msgs/cmake/export_rosgraph_msgs__rosidl_typesupport_fastrtps_cExport.cmake
[9.809s] -- Installing: /root/ros_ws/src/Rescue_Car_ws/install/rosgraph_msgs/share/rosgraph_msgs/cmake/export_rosgraph_msgs__rosidl_typesupport_fastrtps_cExport-noconfig.cmake
[9.809s] -- Installing: /root/ros_ws/src/Rescue_Car_ws/install/rosgraph_msgs/share/rosgraph_msgs/cmake/export_rosgraph_msgs__rosidl_generator_cppExport.cmake
[9.809s] -- Installing: /root/ros_ws/src/Rescue_Car_ws/install/rosgraph_msgs/share/rosgraph_msgs/cmake/export_rosgraph_msgs__rosidl_typesupport_fastrtps_cppExport.cmake
[9.809s] -- Installing: /root/ros_ws/src/Rescue_Car_ws/install/rosgraph_msgs/share/rosgraph_msgs/cmake/export_rosgraph_msgs__rosidl_typesupport_fastrtps_cppExport-noconfig.cmake
[9.810s] -- Installing: /root/ros_ws/src/Rescue_Car_ws/install/rosgraph_msgs/share/rosgraph_msgs/cmake/rosgraph_msgs__rosidl_typesupport_introspection_cExport.cmake
[9.810s] -- Installing: /root/ros_ws/src/Rescue_Car_ws/install/rosgraph_msgs/share/rosgraph_msgs/cmake/rosgraph_msgs__rosidl_typesupport_introspection_cExport-noconfig.cmake
[9.810s] -- Installing: /root/ros_ws/src/Rescue_Car_ws/install/rosgraph_msgs/share/rosgraph_msgs/cmake/rosgraph_msgs__rosidl_typesupport_cExport.cmake
[9.816s] -- Installing: /root/ros_ws/src/Rescue_Car_ws/install/rosgraph_msgs/share/rosgraph_msgs/cmake/rosgraph_msgs__rosidl_typesupport_cExport-noconfig.cmake
[9.816s] -- Installing: /root/ros_ws/src/Rescue_Car_ws/install/rosgraph_msgs/share/rosgraph_msgs/cmake/rosgraph_msgs__rosidl_typesupport_introspection_cppExport.cmake
[9.816s] -- Installing: /root/ros_ws/src/Rescue_Car_ws/install/rosgraph_msgs/share/rosgraph_msgs/cmake/rosgraph_msgs__rosidl_typesupport_introspection_cppExport-noconfig.cmake
[9.816s] -- Installing: /root/ros_ws/src/Rescue_Car_ws/install/rosgraph_msgs/share/rosgraph_msgs/cmake/rosgraph_msgs__rosidl_typesupport_cppExport.cmake
[9.817s] -- Installing: /root/ros_ws/src/Rescue_Car_ws/install/rosgraph_msgs/share/rosgraph_msgs/cmake/rosgraph_msgs__rosidl_typesupport_cppExport-noconfig.cmake
[9.817s] -- Installing: /root/ros_ws/src/Rescue_Car_ws/install/rosgraph_msgs/share/rosgraph_msgs/cmake/export_rosgraph_msgs__rosidl_generator_pyExport.cmake
[9.817s] -- Installing: /root/ros_ws/src/Rescue_Car_ws/install/rosgraph_msgs/share/rosgraph_msgs/cmake/export_rosgraph_msgs__rosidl_generator_pyExport-noconfig.cmake
[9.817s] -- Installing: /root/ros_ws/src/Rescue_Car_ws/install/rosgraph_msgs/share/rosgraph_msgs/cmake/rosidl_cmake-extras.cmake
[9.817s] -- Installing: /root/ros_ws/src/Rescue_Car_ws/install/rosgraph_msgs/share/rosgraph_msgs/cmake/ament_cmake_export_dependencies-extras.cmake
[9.818s] -- Installing: /root/ros_ws/src/Rescue_Car_ws/install/rosgraph_msgs/share/rosgraph_msgs/cmake/ament_cmake_export_include_directories-extras.cmake
[9.818s] -- Installing: /root/ros_ws/src/Rescue_Car_ws/install/rosgraph_msgs/share/rosgraph_msgs/cmake/ament_cmake_export_libraries-extras.cmake
[9.818s] -- Installing: /root/ros_ws/src/Rescue_Car_ws/install/rosgraph_msgs/share/rosgraph_msgs/cmake/ament_cmake_export_targets-extras.cmake
[9.818s] -- Installing: /root/ros_ws/src/Rescue_Car_ws/install/rosgraph_msgs/share/rosgraph_msgs/cmake/rosidl_cmake_export_typesupport_targets-extras.cmake
[9.819s] -- Installing: /root/ros_ws/src/Rescue_Car_ws/install/rosgraph_msgs/share/rosgraph_msgs/cmake/rosidl_cmake_export_typesupport_libraries-extras.cmake
[9.819s] -- Installing: /root/ros_ws/src/Rescue_Car_ws/install/rosgraph_msgs/share/rosgraph_msgs/cmake/rosgraph_msgsConfig.cmake
[9.819s] -- Installing: /root/ros_ws/src/Rescue_Car_ws/install/rosgraph_msgs/share/rosgraph_msgs/cmake/rosgraph_msgsConfig-version.cmake
[9.819s] -- Installing: /root/ros_ws/src/Rescue_Car_ws/install/rosgraph_msgs/share/rosgraph_msgs/package.xml
[9.826s] Invoked command in '/root/ros_ws/src/Rescue_Car_ws/build/rosgraph_msgs' returned '0': AMENT_PREFIX_PATH=/root/ros_ws/src/Rescue_Car_ws/install/builtin_interfaces:${AMENT_PREFIX_PATH} CMAKE_PREFIX_PATH=/root/ros_ws/src/Rescue_Car_ws/install/builtin_interfaces:/opt/ros/humble LD_LIBRARY_PATH=/root/ros_ws/src/Rescue_Car_ws/install/builtin_interfaces/lib:${LD_LIBRARY_PATH} PYTHONPATH=/root/ros_ws/src/Rescue_Car_ws/install/builtin_interfaces/local/lib/python3.10/dist-packages:${PYTHONPATH} /usr/bin/cmake --install /root/ros_ws/src/Rescue_Car_ws/build/rosgraph_msgs
