[0.040s] Invoking command in '/root/ros_ws/src/Rescue_Car_ws/build/car': CMAKE_PREFIX_PATH=/opt/ros/humble /usr/bin/cmake --build /root/ros_ws/src/Rescue_Car_ws/build/car -- -j20 -l20
[0.169s] Invoked command in '/root/ros_ws/src/Rescue_Car_ws/build/car' returned '0': CMAKE_PREFIX_PATH=/opt/ros/humble /usr/bin/cmake --build /root/ros_ws/src/Rescue_Car_ws/build/car -- -j20 -l20
[0.170s] Invoking command in '/root/ros_ws/src/Rescue_Car_ws/build/car': CMAKE_PREFIX_PATH=/opt/ros/humble /usr/bin/cmake --install /root/ros_ws/src/Rescue_Car_ws/build/car
[0.178s] -- Install configuration: ""
[0.178s] -- Up-to-date: /root/ros_ws/src/Rescue_Car_ws/install/car/share/ament_index/resource_index/package_run_dependencies/car
[0.178s] -- Up-to-date: /root/ros_ws/src/Rescue_Car_ws/install/car/share/ament_index/resource_index/parent_prefix_path/car
[0.178s] -- Up-to-date: /root/ros_ws/src/Rescue_Car_ws/install/car/share/car/environment/ament_prefix_path.sh
[0.178s] -- Up-to-date: /root/ros_ws/src/Rescue_Car_ws/install/car/share/car/environment/ament_prefix_path.dsv
[0.178s] -- Up-to-date: /root/ros_ws/src/Rescue_Car_ws/install/car/share/car/environment/path.sh
[0.178s] -- Up-to-date: /root/ros_ws/src/Rescue_Car_ws/install/car/share/car/environment/path.dsv
[0.179s] -- Up-to-date: /root/ros_ws/src/Rescue_Car_ws/install/car/share/car/local_setup.bash
[0.179s] -- Up-to-date: /root/ros_ws/src/Rescue_Car_ws/install/car/share/car/local_setup.sh
[0.180s] -- Up-to-date: /root/ros_ws/src/Rescue_Car_ws/install/car/share/car/local_setup.zsh
[0.180s] -- Up-to-date: /root/ros_ws/src/Rescue_Car_ws/install/car/share/car/local_setup.dsv
[0.180s] -- Up-to-date: /root/ros_ws/src/Rescue_Car_ws/install/car/share/car/package.dsv
[0.180s] -- Up-to-date: /root/ros_ws/src/Rescue_Car_ws/install/car/share/ament_index/resource_index/packages/car
[0.181s] -- Up-to-date: /root/ros_ws/src/Rescue_Car_ws/install/car/share/car/cmake/carConfig.cmake
[0.181s] -- Up-to-date: /root/ros_ws/src/Rescue_Car_ws/install/car/share/car/cmake/carConfig-version.cmake
[0.181s] -- Up-to-date: /root/ros_ws/src/Rescue_Car_ws/install/car/share/car/package.xml
[0.226s] Invoked command in '/root/ros_ws/src/Rescue_Car_ws/build/car' returned '0': CMAKE_PREFIX_PATH=/opt/ros/humble /usr/bin/cmake --install /root/ros_ws/src/Rescue_Car_ws/build/car
