[0.233s] Invoking command in '/root/ros_ws/src/Rescue_Car_ws/build/diagnostic_msgs': CMAKE_PREFIX_PATH=/root/ros_ws/src/Rescue_Car_ws/install/geometry_msgs:/root/ros_ws/src/Rescue_Car_ws/install/std_msgs:/root/ros_ws/src/Rescue_Car_ws/install/builtin_interfaces:/root/ros_ws/src/Rescue_Car_ws/install/micro_ros_demos_rclc:/root/ros_ws/src/Rescue_Car_ws/install/common_interfaces:/root/ros_ws/src/Rescue_Car_ws/install/visualization_msgs:/root/ros_ws/src/Rescue_Car_ws/install/test_msgs:/root/ros_ws/src/Rescue_Car_ws/install/example_interfaces:/root/ros_ws/src/Rescue_Car_ws/install/action_msgs:/root/ros_ws/src/Rescue_Car_ws/install/unique_identifier_msgs:/root/ros_ws/src/Rescue_Car_ws/install/trajectory_msgs:/root/ros_ws/src/Rescue_Car_ws/install/stereo_msgs:/root/ros_ws/src/Rescue_Car_ws/install/std_srvs:/root/ros_ws/src/Rescue_Car_ws/install/shape_msgs:/root/ros_ws/src/Rescue_Car_ws/install/sensor_msgs:/root/ros_ws/src/Rescue_Car_ws/install/nav_msgs:/root/ros_ws/src/Rescue_Car_ws/install/diagnostic_msgs:/root/ros_ws/src/Rescue_Car_ws/install/actionlib_msgs:/root/ros_ws/src/Rescue_Car_ws/install/statistics_msgs:/root/ros_ws/src/Rescue_Car_ws/install/rosidl_typesupport_microxrcedds_test_msg:/root/ros_ws/src/Rescue_Car_ws/install/rosidl_typesupport_microxrcedds_cpp_tests:/root/ros_ws/src/Rescue_Car_ws/install/rmw_microxrcedds:/root/ros_ws/src/Rescue_Car_ws/install/rosidl_typesupport_microxrcedds_cpp:/root/ros_ws/src/Rescue_Car_ws/install/rosidl_typesupport_microxrcedds_c_tests:/root/ros_ws/src/Rescue_Car_ws/install/rosidl_typesupport_microxrcedds_c:/root/ros_ws/src/Rescue_Car_ws/install/rosgraph_msgs:/root/ros_ws/src/Rescue_Car_ws/install/rclc_parameter:/root/ros_ws/src/Rescue_Car_ws/install/rclc:/root/ros_ws/src/Rescue_Car_ws/install/composition_interfaces:/root/ros_ws/src/Rescue_Car_ws/install/rcl_interfaces:/root/ros_ws/src/Rescue_Car_ws/install/microxrcedds_client:/root/ros_ws/src/Rescue_Car_ws/install/microcdr:/root/ros_ws/src/Rescue_Car_ws/install/micro_ros_utilities:/root/ros_ws/src/Rescue_Car_ws/install/micro_ros_setup:/root/ros_ws/src/Rescue_Car_ws/install/micro_ros_agent:/root/ros_ws/src/Rescue_Car_ws/install/micro_ros_msgs:/root/ros_ws/src/Rescue_Car_ws/install/lifecycle_msgs:/root/ros_ws/src/Rescue_Car_ws/install/complex_msgs:/root/ros_ws/src/Rescue_Car_ws/install/car:/root/ros_ws/src/Rescue_Car_ws/install/sensor_msgs_py:/opt/ros/humble LD_LIBRARY_PATH=/root/ros_ws/src/Rescue_Car_ws/install/geometry_msgs/lib:/root/ros_ws/src/Rescue_Car_ws/install/std_msgs/lib:/root/ros_ws/src/Rescue_Car_ws/install/builtin_interfaces/lib:/root/ros_ws/src/Rescue_Car_ws/install/visualization_msgs/lib:/root/ros_ws/src/Rescue_Car_ws/install/test_msgs/lib:/root/ros_ws/src/Rescue_Car_ws/install/example_interfaces/lib:/root/ros_ws/src/Rescue_Car_ws/install/action_msgs/lib:/root/ros_ws/src/Rescue_Car_ws/install/unique_identifier_msgs/lib:/root/ros_ws/src/Rescue_Car_ws/install/trajectory_msgs/lib:/root/ros_ws/src/Rescue_Car_ws/install/stereo_msgs/lib:/root/ros_ws/src/Rescue_Car_ws/install/std_srvs/lib:/root/ros_ws/src/Rescue_Car_ws/install/shape_msgs/lib:/root/ros_ws/src/Rescue_Car_ws/install/sensor_msgs/lib:/root/ros_ws/src/Rescue_Car_ws/install/nav_msgs/lib:/root/ros_ws/src/Rescue_Car_ws/install/diagnostic_msgs/lib:/root/ros_ws/src/Rescue_Car_ws/install/actionlib_msgs/lib:/root/ros_ws/src/Rescue_Car_ws/install/statistics_msgs/lib:/root/ros_ws/src/Rescue_Car_ws/install/rosidl_typesupport_microxrcedds_test_msg/lib:/root/ros_ws/src/Rescue_Car_ws/install/rmw_microxrcedds/lib:/root/ros_ws/src/Rescue_Car_ws/install/rosidl_typesupport_microxrcedds_cpp/lib:/root/ros_ws/src/Rescue_Car_ws/install/rosidl_typesupport_microxrcedds_c/lib:/root/ros_ws/src/Rescue_Car_ws/install/rosgraph_msgs/lib:/root/ros_ws/src/Rescue_Car_ws/install/rclc_parameter/lib:/root/ros_ws/src/Rescue_Car_ws/install/rclc/lib:/root/ros_ws/src/Rescue_Car_ws/install/composition_interfaces/lib:/root/ros_ws/src/Rescue_Car_ws/install/rcl_interfaces/lib:/root/ros_ws/src/Rescue_Car_ws/install/micro_ros_utilities/lib:/root/ros_ws/src/Rescue_Car_ws/install/micro_ros_agent/lib:/root/ros_ws/src/Rescue_Car_ws/install/micro_ros_msgs/lib:/root/ros_ws/src/Rescue_Car_ws/install/lifecycle_msgs/lib:/root/ros_ws/src/Rescue_Car_ws/install/complex_msgs/lib:/usr/lib/x86_64-linux-gnu/gazebo-11/plugins:/opt/ros/humble/opt/rviz_ogre_vendor/lib:/opt/ros/humble/lib/x86_64-linux-gnu:/opt/ros/humble/lib /usr/bin/cmake --build /root/ros_ws/src/Rescue_Car_ws/build/diagnostic_msgs -- -j20 -l20
[0.296s] [ 11%] Built target diagnostic_msgs__rosidl_generator_c
[0.301s] [ 12%] Built target diagnostic_msgs__cpp
[0.309s] [ 12%] Built target ament_cmake_python_copy_diagnostic_msgs
[0.342s] [ 23%] Built target diagnostic_msgs__rosidl_typesupport_fastrtps_c
[0.349s] [ 34%] Built target diagnostic_msgs__rosidl_typesupport_cpp
[0.349s] [ 46%] Built target diagnostic_msgs__rosidl_typesupport_introspection_c
[0.356s] [ 57%] Built target diagnostic_msgs__rosidl_typesupport_c
[0.358s] [ 68%] Built target diagnostic_msgs__rosidl_typesupport_introspection_cpp
[0.360s] [ 79%] Built target diagnostic_msgs__rosidl_typesupport_fastrtps_cpp
[0.395s] [ 79%] Built target diagnostic_msgs
[0.431s] [ 80%] Built target diagnostic_msgs__py
[0.465s] [ 90%] Built target diagnostic_msgs__rosidl_generator_py
[0.503s] [ 93%] Built target diagnostic_msgs__rosidl_typesupport_c__pyext
[0.508s] [ 96%] Built target diagnostic_msgs__rosidl_typesupport_introspection_c__pyext
[0.509s] [100%] Built target diagnostic_msgs__rosidl_typesupport_fastrtps_c__pyext
[0.613s] running egg_info
[0.615s] writing diagnostic_msgs.egg-info/PKG-INFO
[0.615s] writing dependency_links to diagnostic_msgs.egg-info/dependency_links.txt
[0.615s] writing top-level names to diagnostic_msgs.egg-info/top_level.txt
[0.619s] reading manifest file 'diagnostic_msgs.egg-info/SOURCES.txt'
[0.620s] writing manifest file 'diagnostic_msgs.egg-info/SOURCES.txt'
[0.674s] [100%] Built target ament_cmake_python_build_diagnostic_msgs_egg
[0.686s] Invoked command in '/root/ros_ws/src/Rescue_Car_ws/build/diagnostic_msgs' returned '0': CMAKE_PREFIX_PATH=/root/ros_ws/src/Rescue_Car_ws/install/geometry_msgs:/root/ros_ws/src/Rescue_Car_ws/install/std_msgs:/root/ros_ws/src/Rescue_Car_ws/install/builtin_interfaces:/root/ros_ws/src/Rescue_Car_ws/install/micro_ros_demos_rclc:/root/ros_ws/src/Rescue_Car_ws/install/common_interfaces:/root/ros_ws/src/Rescue_Car_ws/install/visualization_msgs:/root/ros_ws/src/Rescue_Car_ws/install/test_msgs:/root/ros_ws/src/Rescue_Car_ws/install/example_interfaces:/root/ros_ws/src/Rescue_Car_ws/install/action_msgs:/root/ros_ws/src/Rescue_Car_ws/install/unique_identifier_msgs:/root/ros_ws/src/Rescue_Car_ws/install/trajectory_msgs:/root/ros_ws/src/Rescue_Car_ws/install/stereo_msgs:/root/ros_ws/src/Rescue_Car_ws/install/std_srvs:/root/ros_ws/src/Rescue_Car_ws/install/shape_msgs:/root/ros_ws/src/Rescue_Car_ws/install/sensor_msgs:/root/ros_ws/src/Rescue_Car_ws/install/nav_msgs:/root/ros_ws/src/Rescue_Car_ws/install/diagnostic_msgs:/root/ros_ws/src/Rescue_Car_ws/install/actionlib_msgs:/root/ros_ws/src/Rescue_Car_ws/install/statistics_msgs:/root/ros_ws/src/Rescue_Car_ws/install/rosidl_typesupport_microxrcedds_test_msg:/root/ros_ws/src/Rescue_Car_ws/install/rosidl_typesupport_microxrcedds_cpp_tests:/root/ros_ws/src/Rescue_Car_ws/install/rmw_microxrcedds:/root/ros_ws/src/Rescue_Car_ws/install/rosidl_typesupport_microxrcedds_cpp:/root/ros_ws/src/Rescue_Car_ws/install/rosidl_typesupport_microxrcedds_c_tests:/root/ros_ws/src/Rescue_Car_ws/install/rosidl_typesupport_microxrcedds_c:/root/ros_ws/src/Rescue_Car_ws/install/rosgraph_msgs:/root/ros_ws/src/Rescue_Car_ws/install/rclc_parameter:/root/ros_ws/src/Rescue_Car_ws/install/rclc:/root/ros_ws/src/Rescue_Car_ws/install/composition_interfaces:/root/ros_ws/src/Rescue_Car_ws/install/rcl_interfaces:/root/ros_ws/src/Rescue_Car_ws/install/microxrcedds_client:/root/ros_ws/src/Rescue_Car_ws/install/microcdr:/root/ros_ws/src/Rescue_Car_ws/install/micro_ros_utilities:/root/ros_ws/src/Rescue_Car_ws/install/micro_ros_setup:/root/ros_ws/src/Rescue_Car_ws/install/micro_ros_agent:/root/ros_ws/src/Rescue_Car_ws/install/micro_ros_msgs:/root/ros_ws/src/Rescue_Car_ws/install/lifecycle_msgs:/root/ros_ws/src/Rescue_Car_ws/install/complex_msgs:/root/ros_ws/src/Rescue_Car_ws/install/car:/root/ros_ws/src/Rescue_Car_ws/install/sensor_msgs_py:/opt/ros/humble LD_LIBRARY_PATH=/root/ros_ws/src/Rescue_Car_ws/install/geometry_msgs/lib:/root/ros_ws/src/Rescue_Car_ws/install/std_msgs/lib:/root/ros_ws/src/Rescue_Car_ws/install/builtin_interfaces/lib:/root/ros_ws/src/Rescue_Car_ws/install/visualization_msgs/lib:/root/ros_ws/src/Rescue_Car_ws/install/test_msgs/lib:/root/ros_ws/src/Rescue_Car_ws/install/example_interfaces/lib:/root/ros_ws/src/Rescue_Car_ws/install/action_msgs/lib:/root/ros_ws/src/Rescue_Car_ws/install/unique_identifier_msgs/lib:/root/ros_ws/src/Rescue_Car_ws/install/trajectory_msgs/lib:/root/ros_ws/src/Rescue_Car_ws/install/stereo_msgs/lib:/root/ros_ws/src/Rescue_Car_ws/install/std_srvs/lib:/root/ros_ws/src/Rescue_Car_ws/install/shape_msgs/lib:/root/ros_ws/src/Rescue_Car_ws/install/sensor_msgs/lib:/root/ros_ws/src/Rescue_Car_ws/install/nav_msgs/lib:/root/ros_ws/src/Rescue_Car_ws/install/diagnostic_msgs/lib:/root/ros_ws/src/Rescue_Car_ws/install/actionlib_msgs/lib:/root/ros_ws/src/Rescue_Car_ws/install/statistics_msgs/lib:/root/ros_ws/src/Rescue_Car_ws/install/rosidl_typesupport_microxrcedds_test_msg/lib:/root/ros_ws/src/Rescue_Car_ws/install/rmw_microxrcedds/lib:/root/ros_ws/src/Rescue_Car_ws/install/rosidl_typesupport_microxrcedds_cpp/lib:/root/ros_ws/src/Rescue_Car_ws/install/rosidl_typesupport_microxrcedds_c/lib:/root/ros_ws/src/Rescue_Car_ws/install/rosgraph_msgs/lib:/root/ros_ws/src/Rescue_Car_ws/install/rclc_parameter/lib:/root/ros_ws/src/Rescue_Car_ws/install/rclc/lib:/root/ros_ws/src/Rescue_Car_ws/install/composition_interfaces/lib:/root/ros_ws/src/Rescue_Car_ws/install/rcl_interfaces/lib:/root/ros_ws/src/Rescue_Car_ws/install/micro_ros_utilities/lib:/root/ros_ws/src/Rescue_Car_ws/install/micro_ros_agent/lib:/root/ros_ws/src/Rescue_Car_ws/install/micro_ros_msgs/lib:/root/ros_ws/src/Rescue_Car_ws/install/lifecycle_msgs/lib:/root/ros_ws/src/Rescue_Car_ws/install/complex_msgs/lib:/usr/lib/x86_64-linux-gnu/gazebo-11/plugins:/opt/ros/humble/opt/rviz_ogre_vendor/lib:/opt/ros/humble/lib/x86_64-linux-gnu:/opt/ros/humble/lib /usr/bin/cmake --build /root/ros_ws/src/Rescue_Car_ws/build/diagnostic_msgs -- -j20 -l20
[0.689s] Invoking command in '/root/ros_ws/src/Rescue_Car_ws/build/diagnostic_msgs': CMAKE_PREFIX_PATH=/root/ros_ws/src/Rescue_Car_ws/install/geometry_msgs:/root/ros_ws/src/Rescue_Car_ws/install/std_msgs:/root/ros_ws/src/Rescue_Car_ws/install/builtin_interfaces:/root/ros_ws/src/Rescue_Car_ws/install/micro_ros_demos_rclc:/root/ros_ws/src/Rescue_Car_ws/install/common_interfaces:/root/ros_ws/src/Rescue_Car_ws/install/visualization_msgs:/root/ros_ws/src/Rescue_Car_ws/install/test_msgs:/root/ros_ws/src/Rescue_Car_ws/install/example_interfaces:/root/ros_ws/src/Rescue_Car_ws/install/action_msgs:/root/ros_ws/src/Rescue_Car_ws/install/unique_identifier_msgs:/root/ros_ws/src/Rescue_Car_ws/install/trajectory_msgs:/root/ros_ws/src/Rescue_Car_ws/install/stereo_msgs:/root/ros_ws/src/Rescue_Car_ws/install/std_srvs:/root/ros_ws/src/Rescue_Car_ws/install/shape_msgs:/root/ros_ws/src/Rescue_Car_ws/install/sensor_msgs:/root/ros_ws/src/Rescue_Car_ws/install/nav_msgs:/root/ros_ws/src/Rescue_Car_ws/install/diagnostic_msgs:/root/ros_ws/src/Rescue_Car_ws/install/actionlib_msgs:/root/ros_ws/src/Rescue_Car_ws/install/statistics_msgs:/root/ros_ws/src/Rescue_Car_ws/install/rosidl_typesupport_microxrcedds_test_msg:/root/ros_ws/src/Rescue_Car_ws/install/rosidl_typesupport_microxrcedds_cpp_tests:/root/ros_ws/src/Rescue_Car_ws/install/rmw_microxrcedds:/root/ros_ws/src/Rescue_Car_ws/install/rosidl_typesupport_microxrcedds_cpp:/root/ros_ws/src/Rescue_Car_ws/install/rosidl_typesupport_microxrcedds_c_tests:/root/ros_ws/src/Rescue_Car_ws/install/rosidl_typesupport_microxrcedds_c:/root/ros_ws/src/Rescue_Car_ws/install/rosgraph_msgs:/root/ros_ws/src/Rescue_Car_ws/install/rclc_parameter:/root/ros_ws/src/Rescue_Car_ws/install/rclc:/root/ros_ws/src/Rescue_Car_ws/install/composition_interfaces:/root/ros_ws/src/Rescue_Car_ws/install/rcl_interfaces:/root/ros_ws/src/Rescue_Car_ws/install/microxrcedds_client:/root/ros_ws/src/Rescue_Car_ws/install/microcdr:/root/ros_ws/src/Rescue_Car_ws/install/micro_ros_utilities:/root/ros_ws/src/Rescue_Car_ws/install/micro_ros_setup:/root/ros_ws/src/Rescue_Car_ws/install/micro_ros_agent:/root/ros_ws/src/Rescue_Car_ws/install/micro_ros_msgs:/root/ros_ws/src/Rescue_Car_ws/install/lifecycle_msgs:/root/ros_ws/src/Rescue_Car_ws/install/complex_msgs:/root/ros_ws/src/Rescue_Car_ws/install/car:/root/ros_ws/src/Rescue_Car_ws/install/sensor_msgs_py:/opt/ros/humble LD_LIBRARY_PATH=/root/ros_ws/src/Rescue_Car_ws/install/geometry_msgs/lib:/root/ros_ws/src/Rescue_Car_ws/install/std_msgs/lib:/root/ros_ws/src/Rescue_Car_ws/install/builtin_interfaces/lib:/root/ros_ws/src/Rescue_Car_ws/install/visualization_msgs/lib:/root/ros_ws/src/Rescue_Car_ws/install/test_msgs/lib:/root/ros_ws/src/Rescue_Car_ws/install/example_interfaces/lib:/root/ros_ws/src/Rescue_Car_ws/install/action_msgs/lib:/root/ros_ws/src/Rescue_Car_ws/install/unique_identifier_msgs/lib:/root/ros_ws/src/Rescue_Car_ws/install/trajectory_msgs/lib:/root/ros_ws/src/Rescue_Car_ws/install/stereo_msgs/lib:/root/ros_ws/src/Rescue_Car_ws/install/std_srvs/lib:/root/ros_ws/src/Rescue_Car_ws/install/shape_msgs/lib:/root/ros_ws/src/Rescue_Car_ws/install/sensor_msgs/lib:/root/ros_ws/src/Rescue_Car_ws/install/nav_msgs/lib:/root/ros_ws/src/Rescue_Car_ws/install/diagnostic_msgs/lib:/root/ros_ws/src/Rescue_Car_ws/install/actionlib_msgs/lib:/root/ros_ws/src/Rescue_Car_ws/install/statistics_msgs/lib:/root/ros_ws/src/Rescue_Car_ws/install/rosidl_typesupport_microxrcedds_test_msg/lib:/root/ros_ws/src/Rescue_Car_ws/install/rmw_microxrcedds/lib:/root/ros_ws/src/Rescue_Car_ws/install/rosidl_typesupport_microxrcedds_cpp/lib:/root/ros_ws/src/Rescue_Car_ws/install/rosidl_typesupport_microxrcedds_c/lib:/root/ros_ws/src/Rescue_Car_ws/install/rosgraph_msgs/lib:/root/ros_ws/src/Rescue_Car_ws/install/rclc_parameter/lib:/root/ros_ws/src/Rescue_Car_ws/install/rclc/lib:/root/ros_ws/src/Rescue_Car_ws/install/composition_interfaces/lib:/root/ros_ws/src/Rescue_Car_ws/install/rcl_interfaces/lib:/root/ros_ws/src/Rescue_Car_ws/install/micro_ros_utilities/lib:/root/ros_ws/src/Rescue_Car_ws/install/micro_ros_agent/lib:/root/ros_ws/src/Rescue_Car_ws/install/micro_ros_msgs/lib:/root/ros_ws/src/Rescue_Car_ws/install/lifecycle_msgs/lib:/root/ros_ws/src/Rescue_Car_ws/install/complex_msgs/lib:/usr/lib/x86_64-linux-gnu/gazebo-11/plugins:/opt/ros/humble/opt/rviz_ogre_vendor/lib:/opt/ros/humble/lib/x86_64-linux-gnu:/opt/ros/humble/lib /usr/bin/cmake --install /root/ros_ws/src/Rescue_Car_ws/build/diagnostic_msgs
[0.701s] -- Install configuration: ""
[0.702s] -- Up-to-date: /root/ros_ws/src/Rescue_Car_ws/install/diagnostic_msgs/share/ament_index/resource_index/rosidl_interfaces/diagnostic_msgs
[0.702s] -- Up-to-date: /root/ros_ws/src/Rescue_Car_ws/install/diagnostic_msgs/include/diagnostic_msgs/diagnostic_msgs
[0.705s] -- Up-to-date: /root/ros_ws/src/Rescue_Car_ws/install/diagnostic_msgs/include/diagnostic_msgs/diagnostic_msgs/srv
[0.705s] -- Up-to-date: /root/ros_ws/src/Rescue_Car_ws/install/diagnostic_msgs/include/diagnostic_msgs/diagnostic_msgs/srv/add_diagnostics.h
[0.706s] -- Up-to-date: /root/ros_ws/src/Rescue_Car_ws/install/diagnostic_msgs/include/diagnostic_msgs/diagnostic_msgs/srv/self_test.h
[0.706s] -- Up-to-date: /root/ros_ws/src/Rescue_Car_ws/install/diagnostic_msgs/include/diagnostic_msgs/diagnostic_msgs/srv/detail
[0.706s] -- Up-to-date: /root/ros_ws/src/Rescue_Car_ws/install/diagnostic_msgs/include/diagnostic_msgs/diagnostic_msgs/srv/detail/add_diagnostics__functions.c
[0.707s] -- Up-to-date: /root/ros_ws/src/Rescue_Car_ws/install/diagnostic_msgs/include/diagnostic_msgs/diagnostic_msgs/srv/detail/add_diagnostics__struct.h
[0.707s] -- Up-to-date: /root/ros_ws/src/Rescue_Car_ws/install/diagnostic_msgs/include/diagnostic_msgs/diagnostic_msgs/srv/detail/self_test__functions.h
[0.707s] -- Up-to-date: /root/ros_ws/src/Rescue_Car_ws/install/diagnostic_msgs/include/diagnostic_msgs/diagnostic_msgs/srv/detail/self_test__struct.h
[0.709s] -- Up-to-date: /root/ros_ws/src/Rescue_Car_ws/install/diagnostic_msgs/include/diagnostic_msgs/diagnostic_msgs/srv/detail/self_test__type_support.h
[0.709s] -- Up-to-date: /root/ros_ws/src/Rescue_Car_ws/install/diagnostic_msgs/include/diagnostic_msgs/diagnostic_msgs/srv/detail/self_test__functions.c
[0.709s] -- Up-to-date: /root/ros_ws/src/Rescue_Car_ws/install/diagnostic_msgs/include/diagnostic_msgs/diagnostic_msgs/srv/detail/add_diagnostics__functions.h
[0.709s] -- Up-to-date: /root/ros_ws/src/Rescue_Car_ws/install/diagnostic_msgs/include/diagnostic_msgs/diagnostic_msgs/srv/detail/add_diagnostics__type_support.h
[0.710s] -- Up-to-date: /root/ros_ws/src/Rescue_Car_ws/install/diagnostic_msgs/include/diagnostic_msgs/diagnostic_msgs/msg
[0.710s] -- Up-to-date: /root/ros_ws/src/Rescue_Car_ws/install/diagnostic_msgs/include/diagnostic_msgs/diagnostic_msgs/msg/diagnostic_array.h
[0.710s] -- Up-to-date: /root/ros_ws/src/Rescue_Car_ws/install/diagnostic_msgs/include/diagnostic_msgs/diagnostic_msgs/msg/diagnostic_status.h
[0.710s] -- Up-to-date: /root/ros_ws/src/Rescue_Car_ws/install/diagnostic_msgs/include/diagnostic_msgs/diagnostic_msgs/msg/detail
[0.711s] -- Up-to-date: /root/ros_ws/src/Rescue_Car_ws/install/diagnostic_msgs/include/diagnostic_msgs/diagnostic_msgs/msg/detail/diagnostic_status__functions.c
[0.711s] -- Up-to-date: /root/ros_ws/src/Rescue_Car_ws/install/diagnostic_msgs/include/diagnostic_msgs/diagnostic_msgs/msg/detail/diagnostic_status__struct.h
[0.711s] -- Up-to-date: /root/ros_ws/src/Rescue_Car_ws/install/diagnostic_msgs/include/diagnostic_msgs/diagnostic_msgs/msg/detail/key_value__functions.h
[0.711s] -- Up-to-date: /root/ros_ws/src/Rescue_Car_ws/install/diagnostic_msgs/include/diagnostic_msgs/diagnostic_msgs/msg/detail/diagnostic_array__struct.h
[0.711s] -- Up-to-date: /root/ros_ws/src/Rescue_Car_ws/install/diagnostic_msgs/include/diagnostic_msgs/diagnostic_msgs/msg/detail/diagnostic_status__functions.h
[0.712s] -- Up-to-date: /root/ros_ws/src/Rescue_Car_ws/install/diagnostic_msgs/include/diagnostic_msgs/diagnostic_msgs/msg/detail/diagnostic_array__functions.c
[0.712s] -- Up-to-date: /root/ros_ws/src/Rescue_Car_ws/install/diagnostic_msgs/include/diagnostic_msgs/diagnostic_msgs/msg/detail/diagnostic_array__functions.h
[0.712s] -- Up-to-date: /root/ros_ws/src/Rescue_Car_ws/install/diagnostic_msgs/include/diagnostic_msgs/diagnostic_msgs/msg/detail/key_value__type_support.h
[0.712s] -- Up-to-date: /root/ros_ws/src/Rescue_Car_ws/install/diagnostic_msgs/include/diagnostic_msgs/diagnostic_msgs/msg/detail/diagnostic_array__type_support.h
[0.712s] -- Up-to-date: /root/ros_ws/src/Rescue_Car_ws/install/diagnostic_msgs/include/diagnostic_msgs/diagnostic_msgs/msg/detail/key_value__functions.c
[0.712s] -- Up-to-date: /root/ros_ws/src/Rescue_Car_ws/install/diagnostic_msgs/include/diagnostic_msgs/diagnostic_msgs/msg/detail/diagnostic_status__type_support.h
[0.712s] -- Up-to-date: /root/ros_ws/src/Rescue_Car_ws/install/diagnostic_msgs/include/diagnostic_msgs/diagnostic_msgs/msg/detail/key_value__struct.h
[0.712s] -- Up-to-date: /root/ros_ws/src/Rescue_Car_ws/install/diagnostic_msgs/include/diagnostic_msgs/diagnostic_msgs/msg/rosidl_generator_c__visibility_control.h
[0.712s] -- Up-to-date: /root/ros_ws/src/Rescue_Car_ws/install/diagnostic_msgs/include/diagnostic_msgs/diagnostic_msgs/msg/key_value.h
[0.712s] -- Up-to-date: /root/ros_ws/src/Rescue_Car_ws/install/diagnostic_msgs/share/diagnostic_msgs/environment/library_path.sh
[0.712s] -- Up-to-date: /root/ros_ws/src/Rescue_Car_ws/install/diagnostic_msgs/share/diagnostic_msgs/environment/library_path.dsv
[0.714s] -- Up-to-date: /root/ros_ws/src/Rescue_Car_ws/install/diagnostic_msgs/lib/libdiagnostic_msgs__rosidl_generator_c.so
[0.714s] -- Up-to-date: /root/ros_ws/src/Rescue_Car_ws/install/diagnostic_msgs/include/diagnostic_msgs/diagnostic_msgs
[0.715s] -- Up-to-date: /root/ros_ws/src/Rescue_Car_ws/install/diagnostic_msgs/include/diagnostic_msgs/diagnostic_msgs/srv
[0.715s] -- Up-to-date: /root/ros_ws/src/Rescue_Car_ws/install/diagnostic_msgs/include/diagnostic_msgs/diagnostic_msgs/srv/detail
[0.715s] -- Up-to-date: /root/ros_ws/src/Rescue_Car_ws/install/diagnostic_msgs/include/diagnostic_msgs/diagnostic_msgs/srv/detail/add_diagnostics__rosidl_typesupport_fastrtps_c.h
[0.715s] -- Up-to-date: /root/ros_ws/src/Rescue_Car_ws/install/diagnostic_msgs/include/diagnostic_msgs/diagnostic_msgs/srv/detail/self_test__rosidl_typesupport_fastrtps_c.h
[0.715s] -- Up-to-date: /root/ros_ws/src/Rescue_Car_ws/install/diagnostic_msgs/include/diagnostic_msgs/diagnostic_msgs/msg
[0.716s] -- Up-to-date: /root/ros_ws/src/Rescue_Car_ws/install/diagnostic_msgs/include/diagnostic_msgs/diagnostic_msgs/msg/detail
[0.716s] -- Up-to-date: /root/ros_ws/src/Rescue_Car_ws/install/diagnostic_msgs/include/diagnostic_msgs/diagnostic_msgs/msg/detail/key_value__rosidl_typesupport_fastrtps_c.h
[0.716s] -- Up-to-date: /root/ros_ws/src/Rescue_Car_ws/install/diagnostic_msgs/include/diagnostic_msgs/diagnostic_msgs/msg/detail/diagnostic_status__rosidl_typesupport_fastrtps_c.h
[0.717s] -- Up-to-date: /root/ros_ws/src/Rescue_Car_ws/install/diagnostic_msgs/include/diagnostic_msgs/diagnostic_msgs/msg/detail/diagnostic_array__rosidl_typesupport_fastrtps_c.h
[0.717s] -- Up-to-date: /root/ros_ws/src/Rescue_Car_ws/install/diagnostic_msgs/include/diagnostic_msgs/diagnostic_msgs/msg/rosidl_typesupport_fastrtps_c__visibility_control.h
[0.717s] -- Up-to-date: /root/ros_ws/src/Rescue_Car_ws/install/diagnostic_msgs/lib/libdiagnostic_msgs__rosidl_typesupport_fastrtps_c.so
[0.717s] -- Up-to-date: /root/ros_ws/src/Rescue_Car_ws/install/diagnostic_msgs/include/diagnostic_msgs/diagnostic_msgs
[0.717s] -- Up-to-date: /root/ros_ws/src/Rescue_Car_ws/install/diagnostic_msgs/include/diagnostic_msgs/diagnostic_msgs/srv
[0.718s] -- Up-to-date: /root/ros_ws/src/Rescue_Car_ws/install/diagnostic_msgs/include/diagnostic_msgs/diagnostic_msgs/srv/detail
[0.718s] -- Up-to-date: /root/ros_ws/src/Rescue_Car_ws/install/diagnostic_msgs/include/diagnostic_msgs/diagnostic_msgs/srv/detail/add_diagnostics__rosidl_typesupport_introspection_c.h
[0.718s] -- Up-to-date: /root/ros_ws/src/Rescue_Car_ws/install/diagnostic_msgs/include/diagnostic_msgs/diagnostic_msgs/srv/detail/add_diagnostics__type_support.c
[0.720s] -- Up-to-date: /root/ros_ws/src/Rescue_Car_ws/install/diagnostic_msgs/include/diagnostic_msgs/diagnostic_msgs/srv/detail/self_test__rosidl_typesupport_introspection_c.h
[0.721s] -- Up-to-date: /root/ros_ws/src/Rescue_Car_ws/install/diagnostic_msgs/include/diagnostic_msgs/diagnostic_msgs/srv/detail/self_test__type_support.c
[0.721s] -- Up-to-date: /root/ros_ws/src/Rescue_Car_ws/install/diagnostic_msgs/include/diagnostic_msgs/diagnostic_msgs/msg
[0.721s] -- Up-to-date: /root/ros_ws/src/Rescue_Car_ws/install/diagnostic_msgs/include/diagnostic_msgs/diagnostic_msgs/msg/rosidl_typesupport_introspection_c__visibility_control.h
[0.721s] -- Up-to-date: /root/ros_ws/src/Rescue_Car_ws/install/diagnostic_msgs/include/diagnostic_msgs/diagnostic_msgs/msg/detail
[0.721s] -- Up-to-date: /root/ros_ws/src/Rescue_Car_ws/install/diagnostic_msgs/include/diagnostic_msgs/diagnostic_msgs/msg/detail/diagnostic_array__type_support.c
[0.722s] -- Up-to-date: /root/ros_ws/src/Rescue_Car_ws/install/diagnostic_msgs/include/diagnostic_msgs/diagnostic_msgs/msg/detail/diagnostic_status__type_support.c
[0.722s] -- Up-to-date: /root/ros_ws/src/Rescue_Car_ws/install/diagnostic_msgs/include/diagnostic_msgs/diagnostic_msgs/msg/detail/diagnostic_array__rosidl_typesupport_introspection_c.h
[0.722s] -- Up-to-date: /root/ros_ws/src/Rescue_Car_ws/install/diagnostic_msgs/include/diagnostic_msgs/diagnostic_msgs/msg/detail/key_value__rosidl_typesupport_introspection_c.h
[0.722s] -- Up-to-date: /root/ros_ws/src/Rescue_Car_ws/install/diagnostic_msgs/include/diagnostic_msgs/diagnostic_msgs/msg/detail/key_value__type_support.c
[0.722s] -- Up-to-date: /root/ros_ws/src/Rescue_Car_ws/install/diagnostic_msgs/include/diagnostic_msgs/diagnostic_msgs/msg/detail/diagnostic_status__rosidl_typesupport_introspection_c.h
[0.723s] -- Up-to-date: /root/ros_ws/src/Rescue_Car_ws/install/diagnostic_msgs/lib/libdiagnostic_msgs__rosidl_typesupport_introspection_c.so
[0.723s] -- Up-to-date: /root/ros_ws/src/Rescue_Car_ws/install/diagnostic_msgs/lib/libdiagnostic_msgs__rosidl_typesupport_c.so
[0.723s] -- Up-to-date: /root/ros_ws/src/Rescue_Car_ws/install/diagnostic_msgs/include/diagnostic_msgs/diagnostic_msgs
[0.724s] -- Up-to-date: /root/ros_ws/src/Rescue_Car_ws/install/diagnostic_msgs/include/diagnostic_msgs/diagnostic_msgs/srv
[0.725s] -- Up-to-date: /root/ros_ws/src/Rescue_Car_ws/install/diagnostic_msgs/include/diagnostic_msgs/diagnostic_msgs/srv/self_test.hpp
[0.725s] -- Up-to-date: /root/ros_ws/src/Rescue_Car_ws/install/diagnostic_msgs/include/diagnostic_msgs/diagnostic_msgs/srv/detail
[0.726s] -- Up-to-date: /root/ros_ws/src/Rescue_Car_ws/install/diagnostic_msgs/include/diagnostic_msgs/diagnostic_msgs/srv/detail/add_diagnostics__type_support.hpp
[0.726s] -- Up-to-date: /root/ros_ws/src/Rescue_Car_ws/install/diagnostic_msgs/include/diagnostic_msgs/diagnostic_msgs/srv/detail/self_test__builder.hpp
[0.726s] -- Up-to-date: /root/ros_ws/src/Rescue_Car_ws/install/diagnostic_msgs/include/diagnostic_msgs/diagnostic_msgs/srv/detail/add_diagnostics__struct.hpp
[0.727s] -- Up-to-date: /root/ros_ws/src/Rescue_Car_ws/install/diagnostic_msgs/include/diagnostic_msgs/diagnostic_msgs/srv/detail/add_diagnostics__traits.hpp
[0.727s] -- Up-to-date: /root/ros_ws/src/Rescue_Car_ws/install/diagnostic_msgs/include/diagnostic_msgs/diagnostic_msgs/srv/detail/self_test__traits.hpp
[0.727s] -- Up-to-date: /root/ros_ws/src/Rescue_Car_ws/install/diagnostic_msgs/include/diagnostic_msgs/diagnostic_msgs/srv/detail/self_test__struct.hpp
[0.728s] -- Up-to-date: /root/ros_ws/src/Rescue_Car_ws/install/diagnostic_msgs/include/diagnostic_msgs/diagnostic_msgs/srv/detail/self_test__type_support.hpp
[0.728s] -- Up-to-date: /root/ros_ws/src/Rescue_Car_ws/install/diagnostic_msgs/include/diagnostic_msgs/diagnostic_msgs/srv/detail/add_diagnostics__builder.hpp
[0.728s] -- Up-to-date: /root/ros_ws/src/Rescue_Car_ws/install/diagnostic_msgs/include/diagnostic_msgs/diagnostic_msgs/srv/add_diagnostics.hpp
[0.728s] -- Up-to-date: /root/ros_ws/src/Rescue_Car_ws/install/diagnostic_msgs/include/diagnostic_msgs/diagnostic_msgs/msg
[0.728s] -- Up-to-date: /root/ros_ws/src/Rescue_Car_ws/install/diagnostic_msgs/include/diagnostic_msgs/diagnostic_msgs/msg/key_value.hpp
[0.729s] -- Up-to-date: /root/ros_ws/src/Rescue_Car_ws/install/diagnostic_msgs/include/diagnostic_msgs/diagnostic_msgs/msg/rosidl_generator_cpp__visibility_control.hpp
[0.729s] -- Up-to-date: /root/ros_ws/src/Rescue_Car_ws/install/diagnostic_msgs/include/diagnostic_msgs/diagnostic_msgs/msg/diagnostic_status.hpp
[0.729s] -- Up-to-date: /root/ros_ws/src/Rescue_Car_ws/install/diagnostic_msgs/include/diagnostic_msgs/diagnostic_msgs/msg/detail
[0.729s] -- Up-to-date: /root/ros_ws/src/Rescue_Car_ws/install/diagnostic_msgs/include/diagnostic_msgs/diagnostic_msgs/msg/detail/diagnostic_array__builder.hpp
[0.729s] -- Up-to-date: /root/ros_ws/src/Rescue_Car_ws/install/diagnostic_msgs/include/diagnostic_msgs/diagnostic_msgs/msg/detail/diagnostic_array__traits.hpp
[0.729s] -- Up-to-date: /root/ros_ws/src/Rescue_Car_ws/install/diagnostic_msgs/include/diagnostic_msgs/diagnostic_msgs/msg/detail/key_value__type_support.hpp
[0.729s] -- Up-to-date: /root/ros_ws/src/Rescue_Car_ws/install/diagnostic_msgs/include/diagnostic_msgs/diagnostic_msgs/msg/detail/diagnostic_status__type_support.hpp
[0.730s] -- Up-to-date: /root/ros_ws/src/Rescue_Car_ws/install/diagnostic_msgs/include/diagnostic_msgs/diagnostic_msgs/msg/detail/key_value__struct.hpp
[0.730s] -- Up-to-date: /root/ros_ws/src/Rescue_Car_ws/install/diagnostic_msgs/include/diagnostic_msgs/diagnostic_msgs/msg/detail/key_value__traits.hpp
[0.730s] -- Up-to-date: /root/ros_ws/src/Rescue_Car_ws/install/diagnostic_msgs/include/diagnostic_msgs/diagnostic_msgs/msg/detail/diagnostic_array__struct.hpp
[0.730s] -- Up-to-date: /root/ros_ws/src/Rescue_Car_ws/install/diagnostic_msgs/include/diagnostic_msgs/diagnostic_msgs/msg/detail/diagnostic_status__struct.hpp
[0.730s] -- Up-to-date: /root/ros_ws/src/Rescue_Car_ws/install/diagnostic_msgs/include/diagnostic_msgs/diagnostic_msgs/msg/detail/diagnostic_status__builder.hpp
[0.731s] -- Up-to-date: /root/ros_ws/src/Rescue_Car_ws/install/diagnostic_msgs/include/diagnostic_msgs/diagnostic_msgs/msg/detail/diagnostic_array__type_support.hpp
[0.731s] -- Up-to-date: /root/ros_ws/src/Rescue_Car_ws/install/diagnostic_msgs/include/diagnostic_msgs/diagnostic_msgs/msg/detail/key_value__builder.hpp
[0.731s] -- Up-to-date: /root/ros_ws/src/Rescue_Car_ws/install/diagnostic_msgs/include/diagnostic_msgs/diagnostic_msgs/msg/detail/diagnostic_status__traits.hpp
[0.731s] -- Up-to-date: /root/ros_ws/src/Rescue_Car_ws/install/diagnostic_msgs/include/diagnostic_msgs/diagnostic_msgs/msg/diagnostic_array.hpp
[0.731s] -- Up-to-date: /root/ros_ws/src/Rescue_Car_ws/install/diagnostic_msgs/include/diagnostic_msgs/diagnostic_msgs
[0.732s] -- Up-to-date: /root/ros_ws/src/Rescue_Car_ws/install/diagnostic_msgs/include/diagnostic_msgs/diagnostic_msgs/srv
[0.732s] -- Up-to-date: /root/ros_ws/src/Rescue_Car_ws/install/diagnostic_msgs/include/diagnostic_msgs/diagnostic_msgs/srv/detail
[0.732s] -- Up-to-date: /root/ros_ws/src/Rescue_Car_ws/install/diagnostic_msgs/include/diagnostic_msgs/diagnostic_msgs/srv/detail/self_test__rosidl_typesupport_fastrtps_cpp.hpp
[0.732s] -- Up-to-date: /root/ros_ws/src/Rescue_Car_ws/install/diagnostic_msgs/include/diagnostic_msgs/diagnostic_msgs/srv/detail/dds_fastrtps
[0.732s] -- Up-to-date: /root/ros_ws/src/Rescue_Car_ws/install/diagnostic_msgs/include/diagnostic_msgs/diagnostic_msgs/srv/detail/add_diagnostics__rosidl_typesupport_fastrtps_cpp.hpp
[0.733s] -- Up-to-date: /root/ros_ws/src/Rescue_Car_ws/install/diagnostic_msgs/include/diagnostic_msgs/diagnostic_msgs/msg
[0.733s] -- Up-to-date: /root/ros_ws/src/Rescue_Car_ws/install/diagnostic_msgs/include/diagnostic_msgs/diagnostic_msgs/msg/rosidl_typesupport_fastrtps_cpp__visibility_control.h
[0.733s] -- Up-to-date: /root/ros_ws/src/Rescue_Car_ws/install/diagnostic_msgs/include/diagnostic_msgs/diagnostic_msgs/msg/detail
[0.733s] -- Up-to-date: /root/ros_ws/src/Rescue_Car_ws/install/diagnostic_msgs/include/diagnostic_msgs/diagnostic_msgs/msg/detail/diagnostic_array__rosidl_typesupport_fastrtps_cpp.hpp
[0.734s] -- Up-to-date: /root/ros_ws/src/Rescue_Car_ws/install/diagnostic_msgs/include/diagnostic_msgs/diagnostic_msgs/msg/detail/dds_fastrtps
[0.734s] -- Up-to-date: /root/ros_ws/src/Rescue_Car_ws/install/diagnostic_msgs/include/diagnostic_msgs/diagnostic_msgs/msg/detail/diagnostic_status__rosidl_typesupport_fastrtps_cpp.hpp
[0.734s] -- Up-to-date: /root/ros_ws/src/Rescue_Car_ws/install/diagnostic_msgs/include/diagnostic_msgs/diagnostic_msgs/msg/detail/key_value__rosidl_typesupport_fastrtps_cpp.hpp
[0.736s] -- Up-to-date: /root/ros_ws/src/Rescue_Car_ws/install/diagnostic_msgs/lib/libdiagnostic_msgs__rosidl_typesupport_fastrtps_cpp.so
[0.736s] -- Up-to-date: /root/ros_ws/src/Rescue_Car_ws/install/diagnostic_msgs/include/diagnostic_msgs/diagnostic_msgs
[0.737s] -- Up-to-date: /root/ros_ws/src/Rescue_Car_ws/install/diagnostic_msgs/include/diagnostic_msgs/diagnostic_msgs/srv
[0.738s] -- Up-to-date: /root/ros_ws/src/Rescue_Car_ws/install/diagnostic_msgs/include/diagnostic_msgs/diagnostic_msgs/srv/detail
[0.738s] -- Up-to-date: /root/ros_ws/src/Rescue_Car_ws/install/diagnostic_msgs/include/diagnostic_msgs/diagnostic_msgs/srv/detail/self_test__rosidl_typesupport_introspection_cpp.hpp
[0.738s] -- Up-to-date: /root/ros_ws/src/Rescue_Car_ws/install/diagnostic_msgs/include/diagnostic_msgs/diagnostic_msgs/srv/detail/add_diagnostics__type_support.cpp
[0.738s] -- Up-to-date: /root/ros_ws/src/Rescue_Car_ws/install/diagnostic_msgs/include/diagnostic_msgs/diagnostic_msgs/srv/detail/add_diagnostics__rosidl_typesupport_introspection_cpp.hpp
[0.739s] -- Up-to-date: /root/ros_ws/src/Rescue_Car_ws/install/diagnostic_msgs/include/diagnostic_msgs/diagnostic_msgs/srv/detail/self_test__type_support.cpp
[0.739s] -- Up-to-date: /root/ros_ws/src/Rescue_Car_ws/install/diagnostic_msgs/include/diagnostic_msgs/diagnostic_msgs/msg
[0.739s] -- Up-to-date: /root/ros_ws/src/Rescue_Car_ws/install/diagnostic_msgs/include/diagnostic_msgs/diagnostic_msgs/msg/detail
[0.740s] -- Up-to-date: /root/ros_ws/src/Rescue_Car_ws/install/diagnostic_msgs/include/diagnostic_msgs/diagnostic_msgs/msg/detail/diagnostic_array__type_support.cpp
[0.740s] -- Up-to-date: /root/ros_ws/src/Rescue_Car_ws/install/diagnostic_msgs/include/diagnostic_msgs/diagnostic_msgs/msg/detail/key_value__rosidl_typesupport_introspection_cpp.hpp
[0.740s] -- Up-to-date: /root/ros_ws/src/Rescue_Car_ws/install/diagnostic_msgs/include/diagnostic_msgs/diagnostic_msgs/msg/detail/diagnostic_status__rosidl_typesupport_introspection_cpp.hpp
[0.740s] -- Up-to-date: /root/ros_ws/src/Rescue_Car_ws/install/diagnostic_msgs/include/diagnostic_msgs/diagnostic_msgs/msg/detail/diagnostic_array__rosidl_typesupport_introspection_cpp.hpp
[0.740s] -- Up-to-date: /root/ros_ws/src/Rescue_Car_ws/install/diagnostic_msgs/include/diagnostic_msgs/diagnostic_msgs/msg/detail/diagnostic_status__type_support.cpp
[0.740s] -- Up-to-date: /root/ros_ws/src/Rescue_Car_ws/install/diagnostic_msgs/include/diagnostic_msgs/diagnostic_msgs/msg/detail/key_value__type_support.cpp
[0.740s] -- Up-to-date: /root/ros_ws/src/Rescue_Car_ws/install/diagnostic_msgs/lib/libdiagnostic_msgs__rosidl_typesupport_introspection_cpp.so
[0.741s] -- Up-to-date: /root/ros_ws/src/Rescue_Car_ws/install/diagnostic_msgs/lib/libdiagnostic_msgs__rosidl_typesupport_cpp.so
[0.741s] -- Up-to-date: /root/ros_ws/src/Rescue_Car_ws/install/diagnostic_msgs/share/diagnostic_msgs/environment/pythonpath.sh
[0.741s] -- Up-to-date: /root/ros_ws/src/Rescue_Car_ws/install/diagnostic_msgs/share/diagnostic_msgs/environment/pythonpath.dsv
[0.741s] -- Up-to-date: /root/ros_ws/src/Rescue_Car_ws/install/diagnostic_msgs/local/lib/python3.10/dist-packages/diagnostic_msgs-4.9.0-py3.10.egg-info
[0.741s] -- Installing: /root/ros_ws/src/Rescue_Car_ws/install/diagnostic_msgs/local/lib/python3.10/dist-packages/diagnostic_msgs-4.9.0-py3.10.egg-info/dependency_links.txt
[0.741s] -- Installing: /root/ros_ws/src/Rescue_Car_ws/install/diagnostic_msgs/local/lib/python3.10/dist-packages/diagnostic_msgs-4.9.0-py3.10.egg-info/SOURCES.txt
[0.741s] -- Installing: /root/ros_ws/src/Rescue_Car_ws/install/diagnostic_msgs/local/lib/python3.10/dist-packages/diagnostic_msgs-4.9.0-py3.10.egg-info/PKG-INFO
[0.741s] -- Installing: /root/ros_ws/src/Rescue_Car_ws/install/diagnostic_msgs/local/lib/python3.10/dist-packages/diagnostic_msgs-4.9.0-py3.10.egg-info/top_level.txt
[0.741s] -- Up-to-date: /root/ros_ws/src/Rescue_Car_ws/install/diagnostic_msgs/local/lib/python3.10/dist-packages/diagnostic_msgs
[0.741s] -- Up-to-date: /root/ros_ws/src/Rescue_Car_ws/install/diagnostic_msgs/local/lib/python3.10/dist-packages/diagnostic_msgs/_diagnostic_msgs_s.ep.rosidl_typesupport_c.c
[0.742s] -- Up-to-date: /root/ros_ws/src/Rescue_Car_ws/install/diagnostic_msgs/local/lib/python3.10/dist-packages/diagnostic_msgs/libdiagnostic_msgs__rosidl_generator_py.so
[0.742s] -- Up-to-date: /root/ros_ws/src/Rescue_Car_ws/install/diagnostic_msgs/local/lib/python3.10/dist-packages/diagnostic_msgs/diagnostic_msgs_s__rosidl_typesupport_c.cpython-310-x86_64-linux-gnu.so
[0.742s] -- Up-to-date: /root/ros_ws/src/Rescue_Car_ws/install/diagnostic_msgs/local/lib/python3.10/dist-packages/diagnostic_msgs/_diagnostic_msgs_s.ep.rosidl_typesupport_introspection_c.c
[0.742s] -- Up-to-date: /root/ros_ws/src/Rescue_Car_ws/install/diagnostic_msgs/local/lib/python3.10/dist-packages/diagnostic_msgs/diagnostic_msgs_s__rosidl_typesupport_fastrtps_c.cpython-310-x86_64-linux-gnu.so
[0.742s] -- Up-to-date: /root/ros_ws/src/Rescue_Car_ws/install/diagnostic_msgs/local/lib/python3.10/dist-packages/diagnostic_msgs/srv
[0.742s] -- Up-to-date: /root/ros_ws/src/Rescue_Car_ws/install/diagnostic_msgs/local/lib/python3.10/dist-packages/diagnostic_msgs/srv/_add_diagnostics_s.c
[0.742s] -- Up-to-date: /root/ros_ws/src/Rescue_Car_ws/install/diagnostic_msgs/local/lib/python3.10/dist-packages/diagnostic_msgs/srv/_add_diagnostics.py
[0.742s] -- Up-to-date: /root/ros_ws/src/Rescue_Car_ws/install/diagnostic_msgs/local/lib/python3.10/dist-packages/diagnostic_msgs/srv/__init__.py
[0.742s] -- Up-to-date: /root/ros_ws/src/Rescue_Car_ws/install/diagnostic_msgs/local/lib/python3.10/dist-packages/diagnostic_msgs/srv/_self_test.py
[0.742s] -- Up-to-date: /root/ros_ws/src/Rescue_Car_ws/install/diagnostic_msgs/local/lib/python3.10/dist-packages/diagnostic_msgs/srv/_self_test_s.c
[0.743s] -- Up-to-date: /root/ros_ws/src/Rescue_Car_ws/install/diagnostic_msgs/local/lib/python3.10/dist-packages/diagnostic_msgs/__init__.py
[0.744s] -- Up-to-date: /root/ros_ws/src/Rescue_Car_ws/install/diagnostic_msgs/local/lib/python3.10/dist-packages/diagnostic_msgs/msg
[0.744s] -- Up-to-date: /root/ros_ws/src/Rescue_Car_ws/install/diagnostic_msgs/local/lib/python3.10/dist-packages/diagnostic_msgs/msg/_key_value.py
[0.745s] -- Up-to-date: /root/ros_ws/src/Rescue_Car_ws/install/diagnostic_msgs/local/lib/python3.10/dist-packages/diagnostic_msgs/msg/_diagnostic_status.py
[0.745s] -- Up-to-date: /root/ros_ws/src/Rescue_Car_ws/install/diagnostic_msgs/local/lib/python3.10/dist-packages/diagnostic_msgs/msg/_diagnostic_array.py
[0.745s] -- Up-to-date: /root/ros_ws/src/Rescue_Car_ws/install/diagnostic_msgs/local/lib/python3.10/dist-packages/diagnostic_msgs/msg/_key_value_s.c
[0.746s] -- Up-to-date: /root/ros_ws/src/Rescue_Car_ws/install/diagnostic_msgs/local/lib/python3.10/dist-packages/diagnostic_msgs/msg/_diagnostic_status_s.c
[0.746s] -- Up-to-date: /root/ros_ws/src/Rescue_Car_ws/install/diagnostic_msgs/local/lib/python3.10/dist-packages/diagnostic_msgs/msg/_diagnostic_array_s.c
[0.746s] -- Up-to-date: /root/ros_ws/src/Rescue_Car_ws/install/diagnostic_msgs/local/lib/python3.10/dist-packages/diagnostic_msgs/msg/__init__.py
[0.747s] -- Up-to-date: /root/ros_ws/src/Rescue_Car_ws/install/diagnostic_msgs/local/lib/python3.10/dist-packages/diagnostic_msgs/diagnostic_msgs_s__rosidl_typesupport_introspection_c.cpython-310-x86_64-linux-gnu.so
[0.747s] -- Up-to-date: /root/ros_ws/src/Rescue_Car_ws/install/diagnostic_msgs/local/lib/python3.10/dist-packages/diagnostic_msgs/_diagnostic_msgs_s.ep.rosidl_typesupport_fastrtps_c.c
[0.862s] Listing '/root/ros_ws/src/Rescue_Car_ws/install/diagnostic_msgs/local/lib/python3.10/dist-packages/diagnostic_msgs'...
[0.862s] Listing '/root/ros_ws/src/Rescue_Car_ws/install/diagnostic_msgs/local/lib/python3.10/dist-packages/diagnostic_msgs/msg'...
[0.862s] Listing '/root/ros_ws/src/Rescue_Car_ws/install/diagnostic_msgs/local/lib/python3.10/dist-packages/diagnostic_msgs/srv'...
[0.862s] -- Up-to-date: /root/ros_ws/src/Rescue_Car_ws/install/diagnostic_msgs/local/lib/python3.10/dist-packages/diagnostic_msgs/diagnostic_msgs_s__rosidl_typesupport_fastrtps_c.cpython-310-x86_64-linux-gnu.so
[0.863s] -- Up-to-date: /root/ros_ws/src/Rescue_Car_ws/install/diagnostic_msgs/local/lib/python3.10/dist-packages/diagnostic_msgs/diagnostic_msgs_s__rosidl_typesupport_introspection_c.cpython-310-x86_64-linux-gnu.so
[0.864s] -- Up-to-date: /root/ros_ws/src/Rescue_Car_ws/install/diagnostic_msgs/local/lib/python3.10/dist-packages/diagnostic_msgs/diagnostic_msgs_s__rosidl_typesupport_c.cpython-310-x86_64-linux-gnu.so
[0.864s] -- Up-to-date: /root/ros_ws/src/Rescue_Car_ws/install/diagnostic_msgs/lib/libdiagnostic_msgs__rosidl_generator_py.so
[0.864s] -- Up-to-date: /root/ros_ws/src/Rescue_Car_ws/install/diagnostic_msgs/share/diagnostic_msgs/msg/DiagnosticArray.idl
[0.864s] -- Up-to-date: /root/ros_ws/src/Rescue_Car_ws/install/diagnostic_msgs/share/diagnostic_msgs/msg/DiagnosticStatus.idl
[0.864s] -- Up-to-date: /root/ros_ws/src/Rescue_Car_ws/install/diagnostic_msgs/share/diagnostic_msgs/msg/KeyValue.idl
[0.864s] -- Up-to-date: /root/ros_ws/src/Rescue_Car_ws/install/diagnostic_msgs/share/diagnostic_msgs/srv/AddDiagnostics.idl
[0.864s] -- Up-to-date: /root/ros_ws/src/Rescue_Car_ws/install/diagnostic_msgs/share/diagnostic_msgs/srv/SelfTest.idl
[0.864s] -- Up-to-date: /root/ros_ws/src/Rescue_Car_ws/install/diagnostic_msgs/share/diagnostic_msgs/msg/DiagnosticArray.msg
[0.865s] -- Up-to-date: /root/ros_ws/src/Rescue_Car_ws/install/diagnostic_msgs/share/diagnostic_msgs/msg/DiagnosticStatus.msg
[0.865s] -- Up-to-date: /root/ros_ws/src/Rescue_Car_ws/install/diagnostic_msgs/share/diagnostic_msgs/msg/KeyValue.msg
[0.865s] -- Up-to-date: /root/ros_ws/src/Rescue_Car_ws/install/diagnostic_msgs/share/diagnostic_msgs/srv/AddDiagnostics.srv
[0.865s] -- Up-to-date: /root/ros_ws/src/Rescue_Car_ws/install/diagnostic_msgs/share/diagnostic_msgs/srv/AddDiagnostics_Request.msg
[0.865s] -- Up-to-date: /root/ros_ws/src/Rescue_Car_ws/install/diagnostic_msgs/share/diagnostic_msgs/srv/AddDiagnostics_Response.msg
[0.865s] -- Up-to-date: /root/ros_ws/src/Rescue_Car_ws/install/diagnostic_msgs/share/diagnostic_msgs/srv/SelfTest.srv
[0.865s] -- Up-to-date: /root/ros_ws/src/Rescue_Car_ws/install/diagnostic_msgs/share/diagnostic_msgs/srv/SelfTest_Request.msg
[0.865s] -- Up-to-date: /root/ros_ws/src/Rescue_Car_ws/install/diagnostic_msgs/share/diagnostic_msgs/srv/SelfTest_Response.msg
[0.866s] -- Up-to-date: /root/ros_ws/src/Rescue_Car_ws/install/diagnostic_msgs/share/ament_index/resource_index/package_run_dependencies/diagnostic_msgs
[0.866s] -- Up-to-date: /root/ros_ws/src/Rescue_Car_ws/install/diagnostic_msgs/share/ament_index/resource_index/parent_prefix_path/diagnostic_msgs
[0.866s] -- Up-to-date: /root/ros_ws/src/Rescue_Car_ws/install/diagnostic_msgs/share/diagnostic_msgs/environment/ament_prefix_path.sh
[0.866s] -- Up-to-date: /root/ros_ws/src/Rescue_Car_ws/install/diagnostic_msgs/share/diagnostic_msgs/environment/ament_prefix_path.dsv
[0.866s] -- Up-to-date: /root/ros_ws/src/Rescue_Car_ws/install/diagnostic_msgs/share/diagnostic_msgs/environment/path.sh
[0.866s] -- Up-to-date: /root/ros_ws/src/Rescue_Car_ws/install/diagnostic_msgs/share/diagnostic_msgs/environment/path.dsv
[0.866s] -- Up-to-date: /root/ros_ws/src/Rescue_Car_ws/install/diagnostic_msgs/share/diagnostic_msgs/local_setup.bash
[0.866s] -- Up-to-date: /root/ros_ws/src/Rescue_Car_ws/install/diagnostic_msgs/share/diagnostic_msgs/local_setup.sh
[0.866s] -- Up-to-date: /root/ros_ws/src/Rescue_Car_ws/install/diagnostic_msgs/share/diagnostic_msgs/local_setup.zsh
[0.866s] -- Up-to-date: /root/ros_ws/src/Rescue_Car_ws/install/diagnostic_msgs/share/diagnostic_msgs/local_setup.dsv
[0.866s] -- Installing: /root/ros_ws/src/Rescue_Car_ws/install/diagnostic_msgs/share/diagnostic_msgs/package.dsv
[0.867s] -- Up-to-date: /root/ros_ws/src/Rescue_Car_ws/install/diagnostic_msgs/share/ament_index/resource_index/packages/diagnostic_msgs
[0.867s] -- Up-to-date: /root/ros_ws/src/Rescue_Car_ws/install/diagnostic_msgs/share/diagnostic_msgs/cmake/export_diagnostic_msgs__rosidl_generator_cExport.cmake
[0.867s] -- Up-to-date: /root/ros_ws/src/Rescue_Car_ws/install/diagnostic_msgs/share/diagnostic_msgs/cmake/export_diagnostic_msgs__rosidl_generator_cExport-noconfig.cmake
[0.867s] -- Up-to-date: /root/ros_ws/src/Rescue_Car_ws/install/diagnostic_msgs/share/diagnostic_msgs/cmake/export_diagnostic_msgs__rosidl_typesupport_fastrtps_cExport.cmake
[0.867s] -- Up-to-date: /root/ros_ws/src/Rescue_Car_ws/install/diagnostic_msgs/share/diagnostic_msgs/cmake/export_diagnostic_msgs__rosidl_typesupport_fastrtps_cExport-noconfig.cmake
[0.867s] -- Up-to-date: /root/ros_ws/src/Rescue_Car_ws/install/diagnostic_msgs/share/diagnostic_msgs/cmake/diagnostic_msgs__rosidl_typesupport_introspection_cExport.cmake
[0.868s] -- Up-to-date: /root/ros_ws/src/Rescue_Car_ws/install/diagnostic_msgs/share/diagnostic_msgs/cmake/diagnostic_msgs__rosidl_typesupport_introspection_cExport-noconfig.cmake
[0.868s] -- Up-to-date: /root/ros_ws/src/Rescue_Car_ws/install/diagnostic_msgs/share/diagnostic_msgs/cmake/diagnostic_msgs__rosidl_typesupport_cExport.cmake
[0.868s] -- Up-to-date: /root/ros_ws/src/Rescue_Car_ws/install/diagnostic_msgs/share/diagnostic_msgs/cmake/diagnostic_msgs__rosidl_typesupport_cExport-noconfig.cmake
[0.868s] -- Up-to-date: /root/ros_ws/src/Rescue_Car_ws/install/diagnostic_msgs/share/diagnostic_msgs/cmake/export_diagnostic_msgs__rosidl_generator_cppExport.cmake
[0.868s] -- Up-to-date: /root/ros_ws/src/Rescue_Car_ws/install/diagnostic_msgs/share/diagnostic_msgs/cmake/export_diagnostic_msgs__rosidl_typesupport_fastrtps_cppExport.cmake
[0.868s] -- Up-to-date: /root/ros_ws/src/Rescue_Car_ws/install/diagnostic_msgs/share/diagnostic_msgs/cmake/export_diagnostic_msgs__rosidl_typesupport_fastrtps_cppExport-noconfig.cmake
[0.869s] -- Up-to-date: /root/ros_ws/src/Rescue_Car_ws/install/diagnostic_msgs/share/diagnostic_msgs/cmake/diagnostic_msgs__rosidl_typesupport_introspection_cppExport.cmake
[0.869s] -- Up-to-date: /root/ros_ws/src/Rescue_Car_ws/install/diagnostic_msgs/share/diagnostic_msgs/cmake/diagnostic_msgs__rosidl_typesupport_introspection_cppExport-noconfig.cmake
[0.869s] -- Up-to-date: /root/ros_ws/src/Rescue_Car_ws/install/diagnostic_msgs/share/diagnostic_msgs/cmake/diagnostic_msgs__rosidl_typesupport_cppExport.cmake
[0.869s] -- Up-to-date: /root/ros_ws/src/Rescue_Car_ws/install/diagnostic_msgs/share/diagnostic_msgs/cmake/diagnostic_msgs__rosidl_typesupport_cppExport-noconfig.cmake
[0.869s] -- Up-to-date: /root/ros_ws/src/Rescue_Car_ws/install/diagnostic_msgs/share/diagnostic_msgs/cmake/export_diagnostic_msgs__rosidl_generator_pyExport.cmake
[0.869s] -- Up-to-date: /root/ros_ws/src/Rescue_Car_ws/install/diagnostic_msgs/share/diagnostic_msgs/cmake/export_diagnostic_msgs__rosidl_generator_pyExport-noconfig.cmake
[0.869s] -- Up-to-date: /root/ros_ws/src/Rescue_Car_ws/install/diagnostic_msgs/share/diagnostic_msgs/cmake/rosidl_cmake-extras.cmake
[0.870s] -- Up-to-date: /root/ros_ws/src/Rescue_Car_ws/install/diagnostic_msgs/share/diagnostic_msgs/cmake/ament_cmake_export_dependencies-extras.cmake
[0.870s] -- Up-to-date: /root/ros_ws/src/Rescue_Car_ws/install/diagnostic_msgs/share/diagnostic_msgs/cmake/ament_cmake_export_include_directories-extras.cmake
[0.870s] -- Up-to-date: /root/ros_ws/src/Rescue_Car_ws/install/diagnostic_msgs/share/diagnostic_msgs/cmake/ament_cmake_export_libraries-extras.cmake
[0.870s] -- Up-to-date: /root/ros_ws/src/Rescue_Car_ws/install/diagnostic_msgs/share/diagnostic_msgs/cmake/ament_cmake_export_targets-extras.cmake
[0.870s] -- Up-to-date: /root/ros_ws/src/Rescue_Car_ws/install/diagnostic_msgs/share/diagnostic_msgs/cmake/rosidl_cmake_export_typesupport_targets-extras.cmake
[0.871s] -- Up-to-date: /root/ros_ws/src/Rescue_Car_ws/install/diagnostic_msgs/share/diagnostic_msgs/cmake/rosidl_cmake_export_typesupport_libraries-extras.cmake
[0.871s] -- Up-to-date: /root/ros_ws/src/Rescue_Car_ws/install/diagnostic_msgs/share/diagnostic_msgs/cmake/diagnostic_msgsConfig.cmake
[0.871s] -- Up-to-date: /root/ros_ws/src/Rescue_Car_ws/install/diagnostic_msgs/share/diagnostic_msgs/cmake/diagnostic_msgsConfig-version.cmake
[0.871s] -- Up-to-date: /root/ros_ws/src/Rescue_Car_ws/install/diagnostic_msgs/share/diagnostic_msgs/package.xml
[0.895s] Invoked command in '/root/ros_ws/src/Rescue_Car_ws/build/diagnostic_msgs' returned '0': CMAKE_PREFIX_PATH=/root/ros_ws/src/Rescue_Car_ws/install/geometry_msgs:/root/ros_ws/src/Rescue_Car_ws/install/std_msgs:/root/ros_ws/src/Rescue_Car_ws/install/builtin_interfaces:/root/ros_ws/src/Rescue_Car_ws/install/micro_ros_demos_rclc:/root/ros_ws/src/Rescue_Car_ws/install/common_interfaces:/root/ros_ws/src/Rescue_Car_ws/install/visualization_msgs:/root/ros_ws/src/Rescue_Car_ws/install/test_msgs:/root/ros_ws/src/Rescue_Car_ws/install/example_interfaces:/root/ros_ws/src/Rescue_Car_ws/install/action_msgs:/root/ros_ws/src/Rescue_Car_ws/install/unique_identifier_msgs:/root/ros_ws/src/Rescue_Car_ws/install/trajectory_msgs:/root/ros_ws/src/Rescue_Car_ws/install/stereo_msgs:/root/ros_ws/src/Rescue_Car_ws/install/std_srvs:/root/ros_ws/src/Rescue_Car_ws/install/shape_msgs:/root/ros_ws/src/Rescue_Car_ws/install/sensor_msgs:/root/ros_ws/src/Rescue_Car_ws/install/nav_msgs:/root/ros_ws/src/Rescue_Car_ws/install/diagnostic_msgs:/root/ros_ws/src/Rescue_Car_ws/install/actionlib_msgs:/root/ros_ws/src/Rescue_Car_ws/install/statistics_msgs:/root/ros_ws/src/Rescue_Car_ws/install/rosidl_typesupport_microxrcedds_test_msg:/root/ros_ws/src/Rescue_Car_ws/install/rosidl_typesupport_microxrcedds_cpp_tests:/root/ros_ws/src/Rescue_Car_ws/install/rmw_microxrcedds:/root/ros_ws/src/Rescue_Car_ws/install/rosidl_typesupport_microxrcedds_cpp:/root/ros_ws/src/Rescue_Car_ws/install/rosidl_typesupport_microxrcedds_c_tests:/root/ros_ws/src/Rescue_Car_ws/install/rosidl_typesupport_microxrcedds_c:/root/ros_ws/src/Rescue_Car_ws/install/rosgraph_msgs:/root/ros_ws/src/Rescue_Car_ws/install/rclc_parameter:/root/ros_ws/src/Rescue_Car_ws/install/rclc:/root/ros_ws/src/Rescue_Car_ws/install/composition_interfaces:/root/ros_ws/src/Rescue_Car_ws/install/rcl_interfaces:/root/ros_ws/src/Rescue_Car_ws/install/microxrcedds_client:/root/ros_ws/src/Rescue_Car_ws/install/microcdr:/root/ros_ws/src/Rescue_Car_ws/install/micro_ros_utilities:/root/ros_ws/src/Rescue_Car_ws/install/micro_ros_setup:/root/ros_ws/src/Rescue_Car_ws/install/micro_ros_agent:/root/ros_ws/src/Rescue_Car_ws/install/micro_ros_msgs:/root/ros_ws/src/Rescue_Car_ws/install/lifecycle_msgs:/root/ros_ws/src/Rescue_Car_ws/install/complex_msgs:/root/ros_ws/src/Rescue_Car_ws/install/car:/root/ros_ws/src/Rescue_Car_ws/install/sensor_msgs_py:/opt/ros/humble LD_LIBRARY_PATH=/root/ros_ws/src/Rescue_Car_ws/install/geometry_msgs/lib:/root/ros_ws/src/Rescue_Car_ws/install/std_msgs/lib:/root/ros_ws/src/Rescue_Car_ws/install/builtin_interfaces/lib:/root/ros_ws/src/Rescue_Car_ws/install/visualization_msgs/lib:/root/ros_ws/src/Rescue_Car_ws/install/test_msgs/lib:/root/ros_ws/src/Rescue_Car_ws/install/example_interfaces/lib:/root/ros_ws/src/Rescue_Car_ws/install/action_msgs/lib:/root/ros_ws/src/Rescue_Car_ws/install/unique_identifier_msgs/lib:/root/ros_ws/src/Rescue_Car_ws/install/trajectory_msgs/lib:/root/ros_ws/src/Rescue_Car_ws/install/stereo_msgs/lib:/root/ros_ws/src/Rescue_Car_ws/install/std_srvs/lib:/root/ros_ws/src/Rescue_Car_ws/install/shape_msgs/lib:/root/ros_ws/src/Rescue_Car_ws/install/sensor_msgs/lib:/root/ros_ws/src/Rescue_Car_ws/install/nav_msgs/lib:/root/ros_ws/src/Rescue_Car_ws/install/diagnostic_msgs/lib:/root/ros_ws/src/Rescue_Car_ws/install/actionlib_msgs/lib:/root/ros_ws/src/Rescue_Car_ws/install/statistics_msgs/lib:/root/ros_ws/src/Rescue_Car_ws/install/rosidl_typesupport_microxrcedds_test_msg/lib:/root/ros_ws/src/Rescue_Car_ws/install/rmw_microxrcedds/lib:/root/ros_ws/src/Rescue_Car_ws/install/rosidl_typesupport_microxrcedds_cpp/lib:/root/ros_ws/src/Rescue_Car_ws/install/rosidl_typesupport_microxrcedds_c/lib:/root/ros_ws/src/Rescue_Car_ws/install/rosgraph_msgs/lib:/root/ros_ws/src/Rescue_Car_ws/install/rclc_parameter/lib:/root/ros_ws/src/Rescue_Car_ws/install/rclc/lib:/root/ros_ws/src/Rescue_Car_ws/install/composition_interfaces/lib:/root/ros_ws/src/Rescue_Car_ws/install/rcl_interfaces/lib:/root/ros_ws/src/Rescue_Car_ws/install/micro_ros_utilities/lib:/root/ros_ws/src/Rescue_Car_ws/install/micro_ros_agent/lib:/root/ros_ws/src/Rescue_Car_ws/install/micro_ros_msgs/lib:/root/ros_ws/src/Rescue_Car_ws/install/lifecycle_msgs/lib:/root/ros_ws/src/Rescue_Car_ws/install/complex_msgs/lib:/usr/lib/x86_64-linux-gnu/gazebo-11/plugins:/opt/ros/humble/opt/rviz_ogre_vendor/lib:/opt/ros/humble/lib/x86_64-linux-gnu:/opt/ros/humble/lib /usr/bin/cmake --install /root/ros_ws/src/Rescue_Car_ws/build/diagnostic_msgs
