[0.450s] Invoking command in '/root/ros_ws/src/Rescue_Car_ws/build/stereo_msgs': AMENT_PREFIX_PATH=/root/ros_ws/src/Rescue_Car_ws/install/sensor_msgs:/root/ros_ws/src/Rescue_Car_ws/install/geometry_msgs:/root/ros_ws/src/Rescue_Car_ws/install/std_msgs:/root/ros_ws/src/Rescue_Car_ws/install/builtin_interfaces:${AMENT_PREFIX_PATH} CMAKE_PREFIX_PATH=/root/ros_ws/src/Rescue_Car_ws/install/sensor_msgs:/root/ros_ws/src/Rescue_Car_ws/install/geometry_msgs:/root/ros_ws/src/Rescue_Car_ws/install/std_msgs:/root/ros_ws/src/Rescue_Car_ws/install/builtin_interfaces:/opt/ros/humble LD_LIBRARY_PATH=/root/ros_ws/src/Rescue_Car_ws/install/sensor_msgs/lib:/root/ros_ws/src/Rescue_Car_ws/install/geometry_msgs/lib:/root/ros_ws/src/Rescue_Car_ws/install/std_msgs/lib:/root/ros_ws/src/Rescue_Car_ws/install/builtin_interfaces/lib:${LD_LIBRARY_PATH} PYTHONPATH=/root/ros_ws/src/Rescue_Car_ws/install/sensor_msgs/local/lib/python3.10/dist-packages:/root/ros_ws/src/Rescue_Car_ws/install/geometry_msgs/local/lib/python3.10/dist-packages:/root/ros_ws/src/Rescue_Car_ws/install/std_msgs/local/lib/python3.10/dist-packages:/root/ros_ws/src/Rescue_Car_ws/install/builtin_interfaces/local/lib/python3.10/dist-packages:${PYTHONPATH} /usr/bin/cmake --build /root/ros_ws/src/Rescue_Car_ws/build/stereo_msgs -- -j20 -l20
[0.673s] [35m[1mConsolidate compiler generated dependencies of target stereo_msgs__rosidl_generator_c[0m
[0.674s] [  3%] Built target stereo_msgs__cpp
[0.674s] [ 12%] Built target stereo_msgs__rosidl_generator_c
[0.674s] [ 12%] Built target ament_cmake_python_copy_stereo_msgs
[0.674s] [35m[1mConsolidate compiler generated dependencies of target stereo_msgs__rosidl_typesupport_cpp[0m
[0.674s] [35m[1mConsolidate compiler generated dependencies of target stereo_msgs__rosidl_typesupport_introspection_cpp[0m
[0.674s] [35m[1mConsolidate compiler generated dependencies of target stereo_msgs__rosidl_typesupport_c[0m
[0.674s] [35m[1mConsolidate compiler generated dependencies of target stereo_msgs__rosidl_typesupport_introspection_c[0m
[0.674s] [35m[1mConsolidate compiler generated dependencies of target stereo_msgs__rosidl_typesupport_fastrtps_cpp[0m
[0.674s] [35m[1mConsolidate compiler generated dependencies of target stereo_msgs__rosidl_typesupport_fastrtps_c[0m
[0.674s] [ 22%] Built target stereo_msgs__rosidl_typesupport_cpp
[0.674s] [ 32%] Built target stereo_msgs__rosidl_typesupport_c
[0.674s] [ 41%] Built target stereo_msgs__rosidl_typesupport_introspection_c
[0.674s] [ 51%] Built target stereo_msgs__rosidl_typesupport_introspection_cpp
[0.675s] [ 67%] Built target stereo_msgs__rosidl_typesupport_fastrtps_c
[0.675s] [ 70%] Built target stereo_msgs__rosidl_typesupport_fastrtps_cpp
[0.675s] [ 70%] Built target stereo_msgs
[0.676s] [ 74%] Built target stereo_msgs__py
[0.677s] [35m[1mConsolidate compiler generated dependencies of target stereo_msgs__rosidl_generator_py[0m
[0.677s] [ 80%] Built target stereo_msgs__rosidl_generator_py
[0.677s] [35m[1mConsolidate compiler generated dependencies of target stereo_msgs__rosidl_typesupport_introspection_c__pyext[0m
[0.677s] [35m[1mConsolidate compiler generated dependencies of target stereo_msgs__rosidl_typesupport_c__pyext[0m
[0.677s] [35m[1mConsolidate compiler generated dependencies of target stereo_msgs__rosidl_typesupport_fastrtps_c__pyext[0m
[0.677s] [ 87%] Built target stereo_msgs__rosidl_typesupport_c__pyext
[0.677s] [ 93%] Built target stereo_msgs__rosidl_typesupport_introspection_c__pyext
[0.677s] [100%] Built target stereo_msgs__rosidl_typesupport_fastrtps_c__pyext
[0.706s] running egg_info
[0.706s] writing stereo_msgs.egg-info/PKG-INFO
[0.706s] writing dependency_links to stereo_msgs.egg-info/dependency_links.txt
[0.706s] writing top-level names to stereo_msgs.egg-info/top_level.txt
[0.707s] reading manifest file 'stereo_msgs.egg-info/SOURCES.txt'
[0.708s] writing manifest file 'stereo_msgs.egg-info/SOURCES.txt'
[0.728s] [100%] Built target ament_cmake_python_build_stereo_msgs_egg
[0.751s] Invoked command in '/root/ros_ws/src/Rescue_Car_ws/build/stereo_msgs' returned '0': AMENT_PREFIX_PATH=/root/ros_ws/src/Rescue_Car_ws/install/sensor_msgs:/root/ros_ws/src/Rescue_Car_ws/install/geometry_msgs:/root/ros_ws/src/Rescue_Car_ws/install/std_msgs:/root/ros_ws/src/Rescue_Car_ws/install/builtin_interfaces:${AMENT_PREFIX_PATH} CMAKE_PREFIX_PATH=/root/ros_ws/src/Rescue_Car_ws/install/sensor_msgs:/root/ros_ws/src/Rescue_Car_ws/install/geometry_msgs:/root/ros_ws/src/Rescue_Car_ws/install/std_msgs:/root/ros_ws/src/Rescue_Car_ws/install/builtin_interfaces:/opt/ros/humble LD_LIBRARY_PATH=/root/ros_ws/src/Rescue_Car_ws/install/sensor_msgs/lib:/root/ros_ws/src/Rescue_Car_ws/install/geometry_msgs/lib:/root/ros_ws/src/Rescue_Car_ws/install/std_msgs/lib:/root/ros_ws/src/Rescue_Car_ws/install/builtin_interfaces/lib:${LD_LIBRARY_PATH} PYTHONPATH=/root/ros_ws/src/Rescue_Car_ws/install/sensor_msgs/local/lib/python3.10/dist-packages:/root/ros_ws/src/Rescue_Car_ws/install/geometry_msgs/local/lib/python3.10/dist-packages:/root/ros_ws/src/Rescue_Car_ws/install/std_msgs/local/lib/python3.10/dist-packages:/root/ros_ws/src/Rescue_Car_ws/install/builtin_interfaces/local/lib/python3.10/dist-packages:${PYTHONPATH} /usr/bin/cmake --build /root/ros_ws/src/Rescue_Car_ws/build/stereo_msgs -- -j20 -l20
[0.755s] Invoking command in '/root/ros_ws/src/Rescue_Car_ws/build/stereo_msgs': AMENT_PREFIX_PATH=/root/ros_ws/src/Rescue_Car_ws/install/sensor_msgs:/root/ros_ws/src/Rescue_Car_ws/install/geometry_msgs:/root/ros_ws/src/Rescue_Car_ws/install/std_msgs:/root/ros_ws/src/Rescue_Car_ws/install/builtin_interfaces:${AMENT_PREFIX_PATH} CMAKE_PREFIX_PATH=/root/ros_ws/src/Rescue_Car_ws/install/sensor_msgs:/root/ros_ws/src/Rescue_Car_ws/install/geometry_msgs:/root/ros_ws/src/Rescue_Car_ws/install/std_msgs:/root/ros_ws/src/Rescue_Car_ws/install/builtin_interfaces:/opt/ros/humble LD_LIBRARY_PATH=/root/ros_ws/src/Rescue_Car_ws/install/sensor_msgs/lib:/root/ros_ws/src/Rescue_Car_ws/install/geometry_msgs/lib:/root/ros_ws/src/Rescue_Car_ws/install/std_msgs/lib:/root/ros_ws/src/Rescue_Car_ws/install/builtin_interfaces/lib:${LD_LIBRARY_PATH} PYTHONPATH=/root/ros_ws/src/Rescue_Car_ws/install/sensor_msgs/local/lib/python3.10/dist-packages:/root/ros_ws/src/Rescue_Car_ws/install/geometry_msgs/local/lib/python3.10/dist-packages:/root/ros_ws/src/Rescue_Car_ws/install/std_msgs/local/lib/python3.10/dist-packages:/root/ros_ws/src/Rescue_Car_ws/install/builtin_interfaces/local/lib/python3.10/dist-packages:${PYTHONPATH} /usr/bin/cmake --install /root/ros_ws/src/Rescue_Car_ws/build/stereo_msgs
[0.761s] -- Install configuration: ""
[0.762s] -- Up-to-date: /root/ros_ws/src/Rescue_Car_ws/install/stereo_msgs/share/ament_index/resource_index/rosidl_interfaces/stereo_msgs
[0.762s] -- Up-to-date: /root/ros_ws/src/Rescue_Car_ws/install/stereo_msgs/include/stereo_msgs/stereo_msgs
[0.762s] -- Up-to-date: /root/ros_ws/src/Rescue_Car_ws/install/stereo_msgs/include/stereo_msgs/stereo_msgs/msg
[0.763s] -- Up-to-date: /root/ros_ws/src/Rescue_Car_ws/install/stereo_msgs/include/stereo_msgs/stereo_msgs/msg/detail
[0.763s] -- Up-to-date: /root/ros_ws/src/Rescue_Car_ws/install/stereo_msgs/include/stereo_msgs/stereo_msgs/msg/detail/disparity_image__type_support.h
[0.763s] -- Up-to-date: /root/ros_ws/src/Rescue_Car_ws/install/stereo_msgs/include/stereo_msgs/stereo_msgs/msg/detail/disparity_image__struct.h
[0.763s] -- Up-to-date: /root/ros_ws/src/Rescue_Car_ws/install/stereo_msgs/include/stereo_msgs/stereo_msgs/msg/detail/disparity_image__functions.c
[0.763s] -- Up-to-date: /root/ros_ws/src/Rescue_Car_ws/install/stereo_msgs/include/stereo_msgs/stereo_msgs/msg/detail/disparity_image__functions.h
[0.764s] -- Up-to-date: /root/ros_ws/src/Rescue_Car_ws/install/stereo_msgs/include/stereo_msgs/stereo_msgs/msg/rosidl_generator_c__visibility_control.h
[0.764s] -- Up-to-date: /root/ros_ws/src/Rescue_Car_ws/install/stereo_msgs/include/stereo_msgs/stereo_msgs/msg/disparity_image.h
[0.764s] -- Up-to-date: /root/ros_ws/src/Rescue_Car_ws/install/stereo_msgs/share/stereo_msgs/environment/library_path.sh
[0.764s] -- Up-to-date: /root/ros_ws/src/Rescue_Car_ws/install/stereo_msgs/share/stereo_msgs/environment/library_path.dsv
[0.765s] -- Up-to-date: /root/ros_ws/src/Rescue_Car_ws/install/stereo_msgs/lib/libstereo_msgs__rosidl_generator_c.so
[0.765s] -- Up-to-date: /root/ros_ws/src/Rescue_Car_ws/install/stereo_msgs/include/stereo_msgs/stereo_msgs
[0.766s] -- Up-to-date: /root/ros_ws/src/Rescue_Car_ws/install/stereo_msgs/include/stereo_msgs/stereo_msgs/msg
[0.766s] -- Up-to-date: /root/ros_ws/src/Rescue_Car_ws/install/stereo_msgs/include/stereo_msgs/stereo_msgs/msg/detail
[0.766s] -- Up-to-date: /root/ros_ws/src/Rescue_Car_ws/install/stereo_msgs/include/stereo_msgs/stereo_msgs/msg/detail/disparity_image__rosidl_typesupport_fastrtps_c.h
[0.766s] -- Up-to-date: /root/ros_ws/src/Rescue_Car_ws/install/stereo_msgs/include/stereo_msgs/stereo_msgs/msg/rosidl_typesupport_fastrtps_c__visibility_control.h
[0.767s] -- Up-to-date: /root/ros_ws/src/Rescue_Car_ws/install/stereo_msgs/lib/libstereo_msgs__rosidl_typesupport_fastrtps_c.so
[0.768s] -- Up-to-date: /root/ros_ws/src/Rescue_Car_ws/install/stereo_msgs/include/stereo_msgs/stereo_msgs
[0.768s] -- Up-to-date: /root/ros_ws/src/Rescue_Car_ws/install/stereo_msgs/include/stereo_msgs/stereo_msgs/msg
[0.768s] -- Up-to-date: /root/ros_ws/src/Rescue_Car_ws/install/stereo_msgs/include/stereo_msgs/stereo_msgs/msg/rosidl_typesupport_introspection_c__visibility_control.h
[0.769s] -- Up-to-date: /root/ros_ws/src/Rescue_Car_ws/install/stereo_msgs/include/stereo_msgs/stereo_msgs/msg/detail
[0.769s] -- Up-to-date: /root/ros_ws/src/Rescue_Car_ws/install/stereo_msgs/include/stereo_msgs/stereo_msgs/msg/detail/disparity_image__type_support.c
[0.769s] -- Up-to-date: /root/ros_ws/src/Rescue_Car_ws/install/stereo_msgs/include/stereo_msgs/stereo_msgs/msg/detail/disparity_image__rosidl_typesupport_introspection_c.h
[0.769s] -- Up-to-date: /root/ros_ws/src/Rescue_Car_ws/install/stereo_msgs/lib/libstereo_msgs__rosidl_typesupport_introspection_c.so
[0.770s] -- Up-to-date: /root/ros_ws/src/Rescue_Car_ws/install/stereo_msgs/lib/libstereo_msgs__rosidl_typesupport_c.so
[0.770s] -- Up-to-date: /root/ros_ws/src/Rescue_Car_ws/install/stereo_msgs/include/stereo_msgs/stereo_msgs
[0.770s] -- Up-to-date: /root/ros_ws/src/Rescue_Car_ws/install/stereo_msgs/include/stereo_msgs/stereo_msgs/msg
[0.770s] -- Up-to-date: /root/ros_ws/src/Rescue_Car_ws/install/stereo_msgs/include/stereo_msgs/stereo_msgs/msg/rosidl_generator_cpp__visibility_control.hpp
[0.771s] -- Up-to-date: /root/ros_ws/src/Rescue_Car_ws/install/stereo_msgs/include/stereo_msgs/stereo_msgs/msg/detail
[0.771s] -- Up-to-date: /root/ros_ws/src/Rescue_Car_ws/install/stereo_msgs/include/stereo_msgs/stereo_msgs/msg/detail/disparity_image__builder.hpp
[0.771s] -- Up-to-date: /root/ros_ws/src/Rescue_Car_ws/install/stereo_msgs/include/stereo_msgs/stereo_msgs/msg/detail/disparity_image__struct.hpp
[0.771s] -- Up-to-date: /root/ros_ws/src/Rescue_Car_ws/install/stereo_msgs/include/stereo_msgs/stereo_msgs/msg/detail/disparity_image__type_support.hpp
[0.772s] -- Up-to-date: /root/ros_ws/src/Rescue_Car_ws/install/stereo_msgs/include/stereo_msgs/stereo_msgs/msg/detail/disparity_image__traits.hpp
[0.772s] -- Up-to-date: /root/ros_ws/src/Rescue_Car_ws/install/stereo_msgs/include/stereo_msgs/stereo_msgs/msg/disparity_image.hpp
[0.772s] -- Up-to-date: /root/ros_ws/src/Rescue_Car_ws/install/stereo_msgs/include/stereo_msgs/stereo_msgs
[0.773s] -- Up-to-date: /root/ros_ws/src/Rescue_Car_ws/install/stereo_msgs/include/stereo_msgs/stereo_msgs/msg
[0.773s] -- Up-to-date: /root/ros_ws/src/Rescue_Car_ws/install/stereo_msgs/include/stereo_msgs/stereo_msgs/msg/rosidl_typesupport_fastrtps_cpp__visibility_control.h
[0.773s] -- Up-to-date: /root/ros_ws/src/Rescue_Car_ws/install/stereo_msgs/include/stereo_msgs/stereo_msgs/msg/detail
[0.773s] -- Up-to-date: /root/ros_ws/src/Rescue_Car_ws/install/stereo_msgs/include/stereo_msgs/stereo_msgs/msg/detail/dds_fastrtps
[0.773s] -- Up-to-date: /root/ros_ws/src/Rescue_Car_ws/install/stereo_msgs/include/stereo_msgs/stereo_msgs/msg/detail/disparity_image__rosidl_typesupport_fastrtps_cpp.hpp
[0.773s] -- Up-to-date: /root/ros_ws/src/Rescue_Car_ws/install/stereo_msgs/lib/libstereo_msgs__rosidl_typesupport_fastrtps_cpp.so
[0.774s] -- Up-to-date: /root/ros_ws/src/Rescue_Car_ws/install/stereo_msgs/include/stereo_msgs/stereo_msgs
[0.774s] -- Up-to-date: /root/ros_ws/src/Rescue_Car_ws/install/stereo_msgs/include/stereo_msgs/stereo_msgs/msg
[0.774s] -- Up-to-date: /root/ros_ws/src/Rescue_Car_ws/install/stereo_msgs/include/stereo_msgs/stereo_msgs/msg/detail
[0.774s] -- Up-to-date: /root/ros_ws/src/Rescue_Car_ws/install/stereo_msgs/include/stereo_msgs/stereo_msgs/msg/detail/disparity_image__type_support.cpp
[0.774s] -- Up-to-date: /root/ros_ws/src/Rescue_Car_ws/install/stereo_msgs/include/stereo_msgs/stereo_msgs/msg/detail/disparity_image__rosidl_typesupport_introspection_cpp.hpp
[0.774s] -- Up-to-date: /root/ros_ws/src/Rescue_Car_ws/install/stereo_msgs/lib/libstereo_msgs__rosidl_typesupport_introspection_cpp.so
[0.774s] -- Up-to-date: /root/ros_ws/src/Rescue_Car_ws/install/stereo_msgs/lib/libstereo_msgs__rosidl_typesupport_cpp.so
[0.775s] -- Up-to-date: /root/ros_ws/src/Rescue_Car_ws/install/stereo_msgs/share/stereo_msgs/environment/pythonpath.sh
[0.775s] -- Up-to-date: /root/ros_ws/src/Rescue_Car_ws/install/stereo_msgs/share/stereo_msgs/environment/pythonpath.dsv
[0.775s] -- Up-to-date: /root/ros_ws/src/Rescue_Car_ws/install/stereo_msgs/local/lib/python3.10/dist-packages/stereo_msgs-4.9.0-py3.10.egg-info
[0.775s] -- Installing: /root/ros_ws/src/Rescue_Car_ws/install/stereo_msgs/local/lib/python3.10/dist-packages/stereo_msgs-4.9.0-py3.10.egg-info/dependency_links.txt
[0.775s] -- Installing: /root/ros_ws/src/Rescue_Car_ws/install/stereo_msgs/local/lib/python3.10/dist-packages/stereo_msgs-4.9.0-py3.10.egg-info/SOURCES.txt
[0.775s] -- Installing: /root/ros_ws/src/Rescue_Car_ws/install/stereo_msgs/local/lib/python3.10/dist-packages/stereo_msgs-4.9.0-py3.10.egg-info/PKG-INFO
[0.775s] -- Installing: /root/ros_ws/src/Rescue_Car_ws/install/stereo_msgs/local/lib/python3.10/dist-packages/stereo_msgs-4.9.0-py3.10.egg-info/top_level.txt
[0.775s] -- Up-to-date: /root/ros_ws/src/Rescue_Car_ws/install/stereo_msgs/local/lib/python3.10/dist-packages/stereo_msgs
[0.775s] -- Up-to-date: /root/ros_ws/src/Rescue_Car_ws/install/stereo_msgs/local/lib/python3.10/dist-packages/stereo_msgs/stereo_msgs_s__rosidl_typesupport_introspection_c.cpython-310-x86_64-linux-gnu.so
[0.775s] -- Up-to-date: /root/ros_ws/src/Rescue_Car_ws/install/stereo_msgs/local/lib/python3.10/dist-packages/stereo_msgs/_stereo_msgs_s.ep.rosidl_typesupport_c.c
[0.775s] -- Up-to-date: /root/ros_ws/src/Rescue_Car_ws/install/stereo_msgs/local/lib/python3.10/dist-packages/stereo_msgs/_stereo_msgs_s.ep.rosidl_typesupport_fastrtps_c.c
[0.775s] -- Up-to-date: /root/ros_ws/src/Rescue_Car_ws/install/stereo_msgs/local/lib/python3.10/dist-packages/stereo_msgs/libstereo_msgs__rosidl_generator_py.so
[0.776s] -- Up-to-date: /root/ros_ws/src/Rescue_Car_ws/install/stereo_msgs/local/lib/python3.10/dist-packages/stereo_msgs/stereo_msgs_s__rosidl_typesupport_fastrtps_c.cpython-310-x86_64-linux-gnu.so
[0.776s] -- Up-to-date: /root/ros_ws/src/Rescue_Car_ws/install/stereo_msgs/local/lib/python3.10/dist-packages/stereo_msgs/_stereo_msgs_s.ep.rosidl_typesupport_introspection_c.c
[0.776s] -- Up-to-date: /root/ros_ws/src/Rescue_Car_ws/install/stereo_msgs/local/lib/python3.10/dist-packages/stereo_msgs/__init__.py
[0.776s] -- Up-to-date: /root/ros_ws/src/Rescue_Car_ws/install/stereo_msgs/local/lib/python3.10/dist-packages/stereo_msgs/msg
[0.776s] -- Up-to-date: /root/ros_ws/src/Rescue_Car_ws/install/stereo_msgs/local/lib/python3.10/dist-packages/stereo_msgs/msg/_disparity_image_s.c
[0.776s] -- Up-to-date: /root/ros_ws/src/Rescue_Car_ws/install/stereo_msgs/local/lib/python3.10/dist-packages/stereo_msgs/msg/_disparity_image.py
[0.776s] -- Up-to-date: /root/ros_ws/src/Rescue_Car_ws/install/stereo_msgs/local/lib/python3.10/dist-packages/stereo_msgs/msg/__init__.py
[0.776s] -- Up-to-date: /root/ros_ws/src/Rescue_Car_ws/install/stereo_msgs/local/lib/python3.10/dist-packages/stereo_msgs/stereo_msgs_s__rosidl_typesupport_c.cpython-310-x86_64-linux-gnu.so
[0.804s] Listing '/root/ros_ws/src/Rescue_Car_ws/install/stereo_msgs/local/lib/python3.10/dist-packages/stereo_msgs'...
[0.804s] Listing '/root/ros_ws/src/Rescue_Car_ws/install/stereo_msgs/local/lib/python3.10/dist-packages/stereo_msgs/msg'...
[0.810s] -- Up-to-date: /root/ros_ws/src/Rescue_Car_ws/install/stereo_msgs/local/lib/python3.10/dist-packages/stereo_msgs/stereo_msgs_s__rosidl_typesupport_fastrtps_c.cpython-310-x86_64-linux-gnu.so
[0.810s] -- Up-to-date: /root/ros_ws/src/Rescue_Car_ws/install/stereo_msgs/local/lib/python3.10/dist-packages/stereo_msgs/stereo_msgs_s__rosidl_typesupport_introspection_c.cpython-310-x86_64-linux-gnu.so
[0.810s] -- Up-to-date: /root/ros_ws/src/Rescue_Car_ws/install/stereo_msgs/local/lib/python3.10/dist-packages/stereo_msgs/stereo_msgs_s__rosidl_typesupport_c.cpython-310-x86_64-linux-gnu.so
[0.811s] -- Up-to-date: /root/ros_ws/src/Rescue_Car_ws/install/stereo_msgs/lib/libstereo_msgs__rosidl_generator_py.so
[0.811s] -- Up-to-date: /root/ros_ws/src/Rescue_Car_ws/install/stereo_msgs/share/stereo_msgs/msg/DisparityImage.idl
[0.811s] -- Up-to-date: /root/ros_ws/src/Rescue_Car_ws/install/stereo_msgs/share/stereo_msgs/msg/DisparityImage.msg
[0.811s] -- Up-to-date: /root/ros_ws/src/Rescue_Car_ws/install/stereo_msgs/share/ament_index/resource_index/package_run_dependencies/stereo_msgs
[0.812s] -- Up-to-date: /root/ros_ws/src/Rescue_Car_ws/install/stereo_msgs/share/ament_index/resource_index/parent_prefix_path/stereo_msgs
[0.812s] -- Up-to-date: /root/ros_ws/src/Rescue_Car_ws/install/stereo_msgs/share/stereo_msgs/environment/ament_prefix_path.sh
[0.812s] -- Up-to-date: /root/ros_ws/src/Rescue_Car_ws/install/stereo_msgs/share/stereo_msgs/environment/ament_prefix_path.dsv
[0.812s] -- Up-to-date: /root/ros_ws/src/Rescue_Car_ws/install/stereo_msgs/share/stereo_msgs/environment/path.sh
[0.812s] -- Up-to-date: /root/ros_ws/src/Rescue_Car_ws/install/stereo_msgs/share/stereo_msgs/environment/path.dsv
[0.812s] -- Up-to-date: /root/ros_ws/src/Rescue_Car_ws/install/stereo_msgs/share/stereo_msgs/local_setup.bash
[0.813s] -- Up-to-date: /root/ros_ws/src/Rescue_Car_ws/install/stereo_msgs/share/stereo_msgs/local_setup.sh
[0.813s] -- Up-to-date: /root/ros_ws/src/Rescue_Car_ws/install/stereo_msgs/share/stereo_msgs/local_setup.zsh
[0.813s] -- Up-to-date: /root/ros_ws/src/Rescue_Car_ws/install/stereo_msgs/share/stereo_msgs/local_setup.dsv
[0.813s] -- Installing: /root/ros_ws/src/Rescue_Car_ws/install/stereo_msgs/share/stereo_msgs/package.dsv
[0.813s] -- Up-to-date: /root/ros_ws/src/Rescue_Car_ws/install/stereo_msgs/share/ament_index/resource_index/packages/stereo_msgs
[0.813s] -- Up-to-date: /root/ros_ws/src/Rescue_Car_ws/install/stereo_msgs/share/stereo_msgs/cmake/export_stereo_msgs__rosidl_generator_cExport.cmake
[0.814s] -- Up-to-date: /root/ros_ws/src/Rescue_Car_ws/install/stereo_msgs/share/stereo_msgs/cmake/export_stereo_msgs__rosidl_generator_cExport-noconfig.cmake
[0.814s] -- Up-to-date: /root/ros_ws/src/Rescue_Car_ws/install/stereo_msgs/share/stereo_msgs/cmake/export_stereo_msgs__rosidl_typesupport_fastrtps_cExport.cmake
[0.814s] -- Up-to-date: /root/ros_ws/src/Rescue_Car_ws/install/stereo_msgs/share/stereo_msgs/cmake/export_stereo_msgs__rosidl_typesupport_fastrtps_cExport-noconfig.cmake
[0.814s] -- Up-to-date: /root/ros_ws/src/Rescue_Car_ws/install/stereo_msgs/share/stereo_msgs/cmake/stereo_msgs__rosidl_typesupport_introspection_cExport.cmake
[0.814s] -- Up-to-date: /root/ros_ws/src/Rescue_Car_ws/install/stereo_msgs/share/stereo_msgs/cmake/stereo_msgs__rosidl_typesupport_introspection_cExport-noconfig.cmake
[0.814s] -- Up-to-date: /root/ros_ws/src/Rescue_Car_ws/install/stereo_msgs/share/stereo_msgs/cmake/stereo_msgs__rosidl_typesupport_cExport.cmake
[0.814s] -- Up-to-date: /root/ros_ws/src/Rescue_Car_ws/install/stereo_msgs/share/stereo_msgs/cmake/stereo_msgs__rosidl_typesupport_cExport-noconfig.cmake
[0.814s] -- Up-to-date: /root/ros_ws/src/Rescue_Car_ws/install/stereo_msgs/share/stereo_msgs/cmake/export_stereo_msgs__rosidl_generator_cppExport.cmake
[0.814s] -- Up-to-date: /root/ros_ws/src/Rescue_Car_ws/install/stereo_msgs/share/stereo_msgs/cmake/export_stereo_msgs__rosidl_typesupport_fastrtps_cppExport.cmake
[0.814s] -- Up-to-date: /root/ros_ws/src/Rescue_Car_ws/install/stereo_msgs/share/stereo_msgs/cmake/export_stereo_msgs__rosidl_typesupport_fastrtps_cppExport-noconfig.cmake
[0.815s] -- Up-to-date: /root/ros_ws/src/Rescue_Car_ws/install/stereo_msgs/share/stereo_msgs/cmake/stereo_msgs__rosidl_typesupport_introspection_cppExport.cmake
[0.815s] -- Up-to-date: /root/ros_ws/src/Rescue_Car_ws/install/stereo_msgs/share/stereo_msgs/cmake/stereo_msgs__rosidl_typesupport_introspection_cppExport-noconfig.cmake
[0.815s] -- Up-to-date: /root/ros_ws/src/Rescue_Car_ws/install/stereo_msgs/share/stereo_msgs/cmake/stereo_msgs__rosidl_typesupport_cppExport.cmake
[0.815s] -- Up-to-date: /root/ros_ws/src/Rescue_Car_ws/install/stereo_msgs/share/stereo_msgs/cmake/stereo_msgs__rosidl_typesupport_cppExport-noconfig.cmake
[0.815s] -- Up-to-date: /root/ros_ws/src/Rescue_Car_ws/install/stereo_msgs/share/stereo_msgs/cmake/export_stereo_msgs__rosidl_generator_pyExport.cmake
[0.815s] -- Up-to-date: /root/ros_ws/src/Rescue_Car_ws/install/stereo_msgs/share/stereo_msgs/cmake/export_stereo_msgs__rosidl_generator_pyExport-noconfig.cmake
[0.815s] -- Up-to-date: /root/ros_ws/src/Rescue_Car_ws/install/stereo_msgs/share/stereo_msgs/cmake/rosidl_cmake-extras.cmake
[0.815s] -- Up-to-date: /root/ros_ws/src/Rescue_Car_ws/install/stereo_msgs/share/stereo_msgs/cmake/ament_cmake_export_dependencies-extras.cmake
[0.816s] -- Up-to-date: /root/ros_ws/src/Rescue_Car_ws/install/stereo_msgs/share/stereo_msgs/cmake/ament_cmake_export_include_directories-extras.cmake
[0.816s] -- Up-to-date: /root/ros_ws/src/Rescue_Car_ws/install/stereo_msgs/share/stereo_msgs/cmake/ament_cmake_export_libraries-extras.cmake
[0.816s] -- Up-to-date: /root/ros_ws/src/Rescue_Car_ws/install/stereo_msgs/share/stereo_msgs/cmake/ament_cmake_export_targets-extras.cmake
[0.816s] -- Up-to-date: /root/ros_ws/src/Rescue_Car_ws/install/stereo_msgs/share/stereo_msgs/cmake/rosidl_cmake_export_typesupport_targets-extras.cmake
[0.816s] -- Up-to-date: /root/ros_ws/src/Rescue_Car_ws/install/stereo_msgs/share/stereo_msgs/cmake/rosidl_cmake_export_typesupport_libraries-extras.cmake
[0.816s] -- Up-to-date: /root/ros_ws/src/Rescue_Car_ws/install/stereo_msgs/share/stereo_msgs/cmake/stereo_msgsConfig.cmake
[0.816s] -- Up-to-date: /root/ros_ws/src/Rescue_Car_ws/install/stereo_msgs/share/stereo_msgs/cmake/stereo_msgsConfig-version.cmake
[0.817s] -- Up-to-date: /root/ros_ws/src/Rescue_Car_ws/install/stereo_msgs/share/stereo_msgs/package.xml
[0.818s] Invoked command in '/root/ros_ws/src/Rescue_Car_ws/build/stereo_msgs' returned '0': AMENT_PREFIX_PATH=/root/ros_ws/src/Rescue_Car_ws/install/sensor_msgs:/root/ros_ws/src/Rescue_Car_ws/install/geometry_msgs:/root/ros_ws/src/Rescue_Car_ws/install/std_msgs:/root/ros_ws/src/Rescue_Car_ws/install/builtin_interfaces:${AMENT_PREFIX_PATH} CMAKE_PREFIX_PATH=/root/ros_ws/src/Rescue_Car_ws/install/sensor_msgs:/root/ros_ws/src/Rescue_Car_ws/install/geometry_msgs:/root/ros_ws/src/Rescue_Car_ws/install/std_msgs:/root/ros_ws/src/Rescue_Car_ws/install/builtin_interfaces:/opt/ros/humble LD_LIBRARY_PATH=/root/ros_ws/src/Rescue_Car_ws/install/sensor_msgs/lib:/root/ros_ws/src/Rescue_Car_ws/install/geometry_msgs/lib:/root/ros_ws/src/Rescue_Car_ws/install/std_msgs/lib:/root/ros_ws/src/Rescue_Car_ws/install/builtin_interfaces/lib:${LD_LIBRARY_PATH} PYTHONPATH=/root/ros_ws/src/Rescue_Car_ws/install/sensor_msgs/local/lib/python3.10/dist-packages:/root/ros_ws/src/Rescue_Car_ws/install/geometry_msgs/local/lib/python3.10/dist-packages:/root/ros_ws/src/Rescue_Car_ws/install/std_msgs/local/lib/python3.10/dist-packages:/root/ros_ws/src/Rescue_Car_ws/install/builtin_interfaces/local/lib/python3.10/dist-packages:${PYTHONPATH} /usr/bin/cmake --install /root/ros_ws/src/Rescue_Car_ws/build/stereo_msgs
