[0.131s] Invoking command in '/root/ros_ws/src/Rescue_Car_ws/build/statistics_msgs': AMENT_PREFIX_PATH=/root/ros_ws/src/Rescue_Car_ws/install/builtin_interfaces:${AMENT_PREFIX_PATH} CMAKE_PREFIX_PATH=/root/ros_ws/src/Rescue_Car_ws/install/builtin_interfaces:/opt/ros/humble LD_LIBRARY_PATH=/root/ros_ws/src/Rescue_Car_ws/install/builtin_interfaces/lib:${LD_LIBRARY_PATH} PYTHONPATH=/root/ros_ws/src/Rescue_Car_ws/install/builtin_interfaces/local/lib/python3.10/dist-packages:${PYTHONPATH} /usr/bin/cmake /root/ros_ws/src/Rescue_Car_ws/src/microros/src/ros2/rcl_interfaces/statistics_msgs -DCMAKE_INSTALL_PREFIX=/root/ros_ws/src/Rescue_Car_ws/install/statistics_msgs
[0.277s] -- The C compiler identification is GNU 11.4.0
[0.927s] -- The CXX compiler identification is GNU 11.4.0
[1.411s] -- Detecting C compiler ABI info
[1.556s] -- Detecting C compiler ABI info - done
[1.559s] -- Check for working C compiler: /usr/bin/cc - skipped
[1.560s] -- Detecting C compile features
[1.560s] -- Detecting C compile features - done
[1.563s] -- Detecting CXX compiler ABI info
[1.759s] -- Detecting CXX compiler ABI info - done
[1.764s] -- Check for working CXX compiler: /usr/bin/c++ - skipped
[1.764s] -- Detecting CXX compile features
[1.764s] -- Detecting CXX compile features - done
[1.766s] -- Found ament_cmake: 1.3.12 (/opt/ros/humble/share/ament_cmake/cmake)
[1.930s] -- Found Python3: /usr/bin/python3 (found version "3.10.12") found components: Interpreter 
[2.023s] -- Found builtin_interfaces: 1.2.2 (/root/ros_ws/src/Rescue_Car_ws/install/builtin_interfaces/share/builtin_interfaces/cmake)
[2.260s] -- Found rosidl_generator_c: 3.1.7 (/opt/ros/humble/share/rosidl_generator_c/cmake)
[2.265s] -- Found rosidl_adapter: 3.1.7 (/opt/ros/humble/share/rosidl_adapter/cmake)
[2.275s] -- Found rosidl_generator_cpp: 3.1.7 (/opt/ros/humble/share/rosidl_generator_cpp/cmake)
[2.291s] -- Using all available rosidl_typesupport_c: rosidl_typesupport_fastrtps_c;rosidl_typesupport_introspection_c
[2.309s] -- Using all available rosidl_typesupport_cpp: rosidl_typesupport_fastrtps_cpp;rosidl_typesupport_introspection_cpp
[2.322s] -- Found rosidl_default_generators: 1.2.0 (/opt/ros/humble/share/rosidl_default_generators/cmake)
[2.574s] -- Found ament_cmake_ros: 0.10.0 (/opt/ros/humble/share/ament_cmake_ros/cmake)
[2.900s] -- Using all available rosidl_typesupport_c: rosidl_typesupport_fastrtps_c;rosidl_typesupport_introspection_c
[3.002s] -- Using all available rosidl_typesupport_cpp: rosidl_typesupport_fastrtps_cpp;rosidl_typesupport_introspection_cpp
[3.198s] -- Found PythonInterp: /usr/bin/python3 (found suitable version "3.10.12", minimum required is "3.6") 
[3.201s] -- Found python_cmake_module: 0.10.0 (/opt/ros/humble/share/python_cmake_module/cmake)
[3.757s] -- Found PythonLibs: /usr/lib/x86_64-linux-gnu/libpython3.10.so (found suitable version "3.10.12", minimum required is "3.5") 
[3.757s] -- Using PYTHON_EXECUTABLE: /usr/bin/python3
[3.757s] -- Using PYTHON_INCLUDE_DIRS: /usr/include/python3.10
[3.757s] -- Using PYTHON_LIBRARIES: /usr/lib/x86_64-linux-gnu/libpython3.10.so
[3.780s] -- Found PythonExtra: .so  
[3.890s] -- Configuring done
[3.942s] -- Generating done
[3.955s] -- Build files have been written to: /root/ros_ws/src/Rescue_Car_ws/build/statistics_msgs
[3.964s] Invoked command in '/root/ros_ws/src/Rescue_Car_ws/build/statistics_msgs' returned '0': AMENT_PREFIX_PATH=/root/ros_ws/src/Rescue_Car_ws/install/builtin_interfaces:${AMENT_PREFIX_PATH} CMAKE_PREFIX_PATH=/root/ros_ws/src/Rescue_Car_ws/install/builtin_interfaces:/opt/ros/humble LD_LIBRARY_PATH=/root/ros_ws/src/Rescue_Car_ws/install/builtin_interfaces/lib:${LD_LIBRARY_PATH} PYTHONPATH=/root/ros_ws/src/Rescue_Car_ws/install/builtin_interfaces/local/lib/python3.10/dist-packages:${PYTHONPATH} /usr/bin/cmake /root/ros_ws/src/Rescue_Car_ws/src/microros/src/ros2/rcl_interfaces/statistics_msgs -DCMAKE_INSTALL_PREFIX=/root/ros_ws/src/Rescue_Car_ws/install/statistics_msgs
[3.966s] Invoking command in '/root/ros_ws/src/Rescue_Car_ws/build/statistics_msgs': AMENT_PREFIX_PATH=/root/ros_ws/src/Rescue_Car_ws/install/builtin_interfaces:${AMENT_PREFIX_PATH} CMAKE_PREFIX_PATH=/root/ros_ws/src/Rescue_Car_ws/install/builtin_interfaces:/opt/ros/humble LD_LIBRARY_PATH=/root/ros_ws/src/Rescue_Car_ws/install/builtin_interfaces/lib:${LD_LIBRARY_PATH} PYTHONPATH=/root/ros_ws/src/Rescue_Car_ws/install/builtin_interfaces/local/lib/python3.10/dist-packages:${PYTHONPATH} /usr/bin/cmake --build /root/ros_ws/src/Rescue_Car_ws/build/statistics_msgs -- -j20 -l20
[4.020s] [  2%] [34m[1mGenerating C code for ROS interfaces[0m
[4.029s] [  4%] [34m[1mGenerating C++ code for ROS interfaces[0m
[4.044s] [  4%] Built target ament_cmake_python_copy_statistics_msgs
[4.315s] running egg_info
[4.320s] creating statistics_msgs.egg-info
[4.321s] writing statistics_msgs.egg-info/PKG-INFO
[4.321s] writing dependency_links to statistics_msgs.egg-info/dependency_links.txt
[4.321s] writing top-level names to statistics_msgs.egg-info/top_level.txt
[4.321s] writing manifest file 'statistics_msgs.egg-info/SOURCES.txt'
[4.321s] reading manifest file 'statistics_msgs.egg-info/SOURCES.txt'
[4.321s] writing manifest file 'statistics_msgs.egg-info/SOURCES.txt'
[4.379s] [  4%] Built target ament_cmake_python_build_statistics_msgs_egg
[4.713s] [  4%] Built target statistics_msgs__cpp
[4.735s] [  6%] [32mBuilding C object CMakeFiles/statistics_msgs__rosidl_generator_c.dir/rosidl_generator_c/statistics_msgs/msg/detail/metrics_message__functions.c.o[0m
[4.735s] [  8%] [34m[1mGenerating C++ introspection for ROS interfaces[0m
[4.743s] [ 10%] [34m[1mGenerating C++ type support for eProsima Fast-RTPS[0m
[4.744s] [ 12%] [34m[1mGenerating C++ type support dispatch for ROS interfaces[0m
[4.759s] [ 14%] [32mBuilding C object CMakeFiles/statistics_msgs__rosidl_generator_c.dir/rosidl_generator_c/statistics_msgs/msg/detail/statistic_data_type__functions.c.o[0m
[4.767s] [ 17%] [32mBuilding C object CMakeFiles/statistics_msgs__rosidl_generator_c.dir/rosidl_generator_c/statistics_msgs/msg/detail/statistic_data_point__functions.c.o[0m
[4.861s] [ 19%] [32m[1mLinking C shared library libstatistics_msgs__rosidl_generator_c.so[0m
[5.377s] [ 19%] Built target statistics_msgs__rosidl_generator_c
[5.390s] [ 21%] [34m[1mGenerating C introspection for ROS interfaces[0m
[5.394s] [ 23%] [34m[1mGenerating C type support dispatch for ROS interfaces[0m
[5.402s] [ 25%] [34m[1mGenerating C type support for eProsima Fast-RTPS[0m
[5.403s] [ 27%] [32mBuilding CXX object CMakeFiles/statistics_msgs__rosidl_typesupport_fastrtps_cpp.dir/rosidl_typesupport_fastrtps_cpp/statistics_msgs/msg/detail/dds_fastrtps/metrics_message__type_support.cpp.o[0m
[5.406s] [ 29%] [32mBuilding CXX object CMakeFiles/statistics_msgs__rosidl_typesupport_fastrtps_cpp.dir/rosidl_typesupport_fastrtps_cpp/statistics_msgs/msg/detail/dds_fastrtps/statistic_data_point__type_support.cpp.o[0m
[5.420s] [ 31%] [32mBuilding CXX object CMakeFiles/statistics_msgs__rosidl_typesupport_fastrtps_cpp.dir/rosidl_typesupport_fastrtps_cpp/statistics_msgs/msg/detail/dds_fastrtps/statistic_data_type__type_support.cpp.o[0m
[5.529s] [ 34%] [32mBuilding CXX object CMakeFiles/statistics_msgs__rosidl_typesupport_cpp.dir/rosidl_typesupport_cpp/statistics_msgs/msg/metrics_message__type_support.cpp.o[0m
[5.530s] [ 36%] [32mBuilding CXX object CMakeFiles/statistics_msgs__rosidl_typesupport_cpp.dir/rosidl_typesupport_cpp/statistics_msgs/msg/statistic_data_point__type_support.cpp.o[0m
[5.536s] [ 38%] [32mBuilding CXX object CMakeFiles/statistics_msgs__rosidl_typesupport_cpp.dir/rosidl_typesupport_cpp/statistics_msgs/msg/statistic_data_type__type_support.cpp.o[0m
[5.554s] [ 40%] [32mBuilding CXX object CMakeFiles/statistics_msgs__rosidl_typesupport_introspection_cpp.dir/rosidl_typesupport_introspection_cpp/statistics_msgs/msg/detail/statistic_data_type__type_support.cpp.o[0m
[5.557s] [ 42%] [32mBuilding CXX object CMakeFiles/statistics_msgs__rosidl_typesupport_introspection_cpp.dir/rosidl_typesupport_introspection_cpp/statistics_msgs/msg/detail/metrics_message__type_support.cpp.o[0m
[5.562s] [ 44%] [32mBuilding CXX object CMakeFiles/statistics_msgs__rosidl_typesupport_introspection_cpp.dir/rosidl_typesupport_introspection_cpp/statistics_msgs/msg/detail/statistic_data_point__type_support.cpp.o[0m
[6.290s] [ 46%] [32m[1mLinking CXX shared library libstatistics_msgs__rosidl_typesupport_cpp.so[0m
[6.295s] [ 48%] [32mBuilding CXX object CMakeFiles/statistics_msgs__rosidl_typesupport_c.dir/rosidl_typesupport_c/statistics_msgs/msg/metrics_message__type_support.cpp.o[0m
[6.296s] [ 51%] [32mBuilding CXX object CMakeFiles/statistics_msgs__rosidl_typesupport_c.dir/rosidl_typesupport_c/statistics_msgs/msg/statistic_data_point__type_support.cpp.o[0m
[6.307s] [ 53%] [32mBuilding CXX object CMakeFiles/statistics_msgs__rosidl_typesupport_c.dir/rosidl_typesupport_c/statistics_msgs/msg/statistic_data_type__type_support.cpp.o[0m
[6.327s] [ 55%] [32mBuilding CXX object CMakeFiles/statistics_msgs__rosidl_typesupport_fastrtps_c.dir/rosidl_typesupport_fastrtps_c/statistics_msgs/msg/detail/metrics_message__type_support_c.cpp.o[0m
[6.328s] [ 57%] [32m[1mLinking CXX shared library libstatistics_msgs__rosidl_typesupport_fastrtps_cpp.so[0m
[6.328s] [ 59%] [32mBuilding CXX object CMakeFiles/statistics_msgs__rosidl_typesupport_fastrtps_c.dir/rosidl_typesupport_fastrtps_c/statistics_msgs/msg/detail/statistic_data_point__type_support_c.cpp.o[0m
[6.334s] [ 61%] [32mBuilding CXX object CMakeFiles/statistics_msgs__rosidl_typesupport_fastrtps_c.dir/rosidl_typesupport_fastrtps_c/statistics_msgs/msg/detail/statistic_data_type__type_support_c.cpp.o[0m
[6.359s] [ 63%] [32mBuilding C object CMakeFiles/statistics_msgs__rosidl_typesupport_introspection_c.dir/rosidl_typesupport_introspection_c/statistics_msgs/msg/detail/metrics_message__type_support.c.o[0m
[6.363s] [ 65%] [32mBuilding C object CMakeFiles/statistics_msgs__rosidl_typesupport_introspection_c.dir/rosidl_typesupport_introspection_c/statistics_msgs/msg/detail/statistic_data_point__type_support.c.o[0m
[6.371s] [ 68%] [32m[1mLinking CXX shared library libstatistics_msgs__rosidl_typesupport_c.so[0m
[6.390s] [ 70%] [32mBuilding C object CMakeFiles/statistics_msgs__rosidl_typesupport_introspection_c.dir/rosidl_typesupport_introspection_c/statistics_msgs/msg/detail/statistic_data_type__type_support.c.o[0m
[6.406s] [ 72%] [32m[1mLinking CXX shared library libstatistics_msgs__rosidl_typesupport_introspection_cpp.so[0m
[6.477s] [ 74%] [32m[1mLinking C shared library libstatistics_msgs__rosidl_typesupport_introspection_c.so[0m
[6.868s] [ 74%] Built target statistics_msgs__rosidl_typesupport_cpp
[6.948s] [ 74%] Built target statistics_msgs__rosidl_typesupport_fastrtps_cpp
[6.964s] [ 74%] Built target statistics_msgs__rosidl_typesupport_introspection_cpp
[6.972s] [ 76%] [32m[1mLinking CXX shared library libstatistics_msgs__rosidl_typesupport_fastrtps_c.so[0m
[7.046s] [ 76%] Built target statistics_msgs__rosidl_typesupport_c
[7.059s] [ 76%] Built target statistics_msgs__rosidl_typesupport_introspection_c
[7.368s] [ 76%] Built target statistics_msgs__rosidl_typesupport_fastrtps_c
[7.392s] [ 76%] Built target statistics_msgs
[7.445s] [ 78%] [34m[1mGenerating Python code for ROS interfaces[0m
[8.909s] [ 78%] Built target statistics_msgs__py
[8.975s] [ 80%] [32mBuilding C object CMakeFiles/statistics_msgs__rosidl_generator_py.dir/rosidl_generator_py/statistics_msgs/msg/_metrics_message_s.c.o[0m
[8.976s] [ 82%] [32mBuilding C object CMakeFiles/statistics_msgs__rosidl_generator_py.dir/rosidl_generator_py/statistics_msgs/msg/_statistic_data_point_s.c.o[0m
[8.988s] [ 85%] [32mBuilding C object CMakeFiles/statistics_msgs__rosidl_generator_py.dir/rosidl_generator_py/statistics_msgs/msg/_statistic_data_type_s.c.o[0m
[9.306s] [ 87%] [32m[1mLinking C shared library rosidl_generator_py/statistics_msgs/libstatistics_msgs__rosidl_generator_py.so[0m
[10.052s] [ 87%] Built target statistics_msgs__rosidl_generator_py
[10.101s] [ 89%] [32mBuilding C object CMakeFiles/statistics_msgs__rosidl_typesupport_fastrtps_c__pyext.dir/rosidl_generator_py/statistics_msgs/_statistics_msgs_s.ep.rosidl_typesupport_fastrtps_c.c.o[0m
[10.117s] [ 91%] [32mBuilding C object CMakeFiles/statistics_msgs__rosidl_typesupport_c__pyext.dir/rosidl_generator_py/statistics_msgs/_statistics_msgs_s.ep.rosidl_typesupport_c.c.o[0m
[10.134s] [ 93%] [32mBuilding C object CMakeFiles/statistics_msgs__rosidl_typesupport_introspection_c__pyext.dir/rosidl_generator_py/statistics_msgs/_statistics_msgs_s.ep.rosidl_typesupport_introspection_c.c.o[0m
[10.492s] [ 95%] [32m[1mLinking C shared library rosidl_generator_py/statistics_msgs/statistics_msgs_s__rosidl_typesupport_c.cpython-310-x86_64-linux-gnu.so[0m
[10.498s] [ 97%] [32m[1mLinking C shared library rosidl_generator_py/statistics_msgs/statistics_msgs_s__rosidl_typesupport_introspection_c.cpython-310-x86_64-linux-gnu.so[0m
[10.510s] [100%] [32m[1mLinking C shared library rosidl_generator_py/statistics_msgs/statistics_msgs_s__rosidl_typesupport_fastrtps_c.cpython-310-x86_64-linux-gnu.so[0m
[11.520s] [100%] Built target statistics_msgs__rosidl_typesupport_fastrtps_c__pyext
[11.987s] [100%] Built target statistics_msgs__rosidl_typesupport_c__pyext
[12.147s] [100%] Built target statistics_msgs__rosidl_typesupport_introspection_c__pyext
[12.196s] Invoked command in '/root/ros_ws/src/Rescue_Car_ws/build/statistics_msgs' returned '0': AMENT_PREFIX_PATH=/root/ros_ws/src/Rescue_Car_ws/install/builtin_interfaces:${AMENT_PREFIX_PATH} CMAKE_PREFIX_PATH=/root/ros_ws/src/Rescue_Car_ws/install/builtin_interfaces:/opt/ros/humble LD_LIBRARY_PATH=/root/ros_ws/src/Rescue_Car_ws/install/builtin_interfaces/lib:${LD_LIBRARY_PATH} PYTHONPATH=/root/ros_ws/src/Rescue_Car_ws/install/builtin_interfaces/local/lib/python3.10/dist-packages:${PYTHONPATH} /usr/bin/cmake --build /root/ros_ws/src/Rescue_Car_ws/build/statistics_msgs -- -j20 -l20
[12.197s] Invoking command in '/root/ros_ws/src/Rescue_Car_ws/build/statistics_msgs': AMENT_PREFIX_PATH=/root/ros_ws/src/Rescue_Car_ws/install/builtin_interfaces:${AMENT_PREFIX_PATH} CMAKE_PREFIX_PATH=/root/ros_ws/src/Rescue_Car_ws/install/builtin_interfaces:/opt/ros/humble LD_LIBRARY_PATH=/root/ros_ws/src/Rescue_Car_ws/install/builtin_interfaces/lib:${LD_LIBRARY_PATH} PYTHONPATH=/root/ros_ws/src/Rescue_Car_ws/install/builtin_interfaces/local/lib/python3.10/dist-packages:${PYTHONPATH} /usr/bin/cmake --install /root/ros_ws/src/Rescue_Car_ws/build/statistics_msgs
[12.216s] -- Install configuration: ""
[12.235s] -- Installing: /root/ros_ws/src/Rescue_Car_ws/install/statistics_msgs/share/ament_index/resource_index/rosidl_interfaces/statistics_msgs
[12.235s] -- Installing: /root/ros_ws/src/Rescue_Car_ws/install/statistics_msgs/include/statistics_msgs/statistics_msgs
[12.235s] -- Installing: /root/ros_ws/src/Rescue_Car_ws/install/statistics_msgs/include/statistics_msgs/statistics_msgs/msg
[12.235s] -- Installing: /root/ros_ws/src/Rescue_Car_ws/install/statistics_msgs/include/statistics_msgs/statistics_msgs/msg/statistic_data_point.h
[12.235s] -- Installing: /root/ros_ws/src/Rescue_Car_ws/install/statistics_msgs/include/statistics_msgs/statistics_msgs/msg/detail
[12.235s] -- Installing: /root/ros_ws/src/Rescue_Car_ws/install/statistics_msgs/include/statistics_msgs/statistics_msgs/msg/detail/metrics_message__functions.c
[12.235s] -- Installing: /root/ros_ws/src/Rescue_Car_ws/install/statistics_msgs/include/statistics_msgs/statistics_msgs/msg/detail/statistic_data_point__type_support.h
[12.235s] -- Installing: /root/ros_ws/src/Rescue_Car_ws/install/statistics_msgs/include/statistics_msgs/statistics_msgs/msg/detail/metrics_message__functions.h
[12.235s] -- Installing: /root/ros_ws/src/Rescue_Car_ws/install/statistics_msgs/include/statistics_msgs/statistics_msgs/msg/detail/statistic_data_point__functions.h
[12.236s] -- Installing: /root/ros_ws/src/Rescue_Car_ws/install/statistics_msgs/include/statistics_msgs/statistics_msgs/msg/detail/metrics_message__type_support.h
[12.236s] -- Installing: /root/ros_ws/src/Rescue_Car_ws/install/statistics_msgs/include/statistics_msgs/statistics_msgs/msg/detail/statistic_data_type__functions.h
[12.236s] -- Installing: /root/ros_ws/src/Rescue_Car_ws/install/statistics_msgs/include/statistics_msgs/statistics_msgs/msg/detail/statistic_data_point__functions.c
[12.236s] -- Installing: /root/ros_ws/src/Rescue_Car_ws/install/statistics_msgs/include/statistics_msgs/statistics_msgs/msg/detail/statistic_data_type__functions.c
[12.236s] -- Installing: /root/ros_ws/src/Rescue_Car_ws/install/statistics_msgs/include/statistics_msgs/statistics_msgs/msg/detail/metrics_message__struct.h
[12.241s] -- Installing: /root/ros_ws/src/Rescue_Car_ws/install/statistics_msgs/include/statistics_msgs/statistics_msgs/msg/detail/statistic_data_point__struct.h
[12.241s] -- Installing: /root/ros_ws/src/Rescue_Car_ws/install/statistics_msgs/include/statistics_msgs/statistics_msgs/msg/detail/statistic_data_type__type_support.h
[12.241s] -- Installing: /root/ros_ws/src/Rescue_Car_ws/install/statistics_msgs/include/statistics_msgs/statistics_msgs/msg/detail/statistic_data_type__struct.h
[12.241s] -- Installing: /root/ros_ws/src/Rescue_Car_ws/install/statistics_msgs/include/statistics_msgs/statistics_msgs/msg/rosidl_generator_c__visibility_control.h
[12.242s] -- Installing: /root/ros_ws/src/Rescue_Car_ws/install/statistics_msgs/include/statistics_msgs/statistics_msgs/msg/statistic_data_type.h
[12.242s] -- Installing: /root/ros_ws/src/Rescue_Car_ws/install/statistics_msgs/include/statistics_msgs/statistics_msgs/msg/metrics_message.h
[12.242s] -- Installing: /root/ros_ws/src/Rescue_Car_ws/install/statistics_msgs/share/statistics_msgs/environment/library_path.sh
[12.242s] -- Installing: /root/ros_ws/src/Rescue_Car_ws/install/statistics_msgs/share/statistics_msgs/environment/library_path.dsv
[12.242s] -- Installing: /root/ros_ws/src/Rescue_Car_ws/install/statistics_msgs/lib/libstatistics_msgs__rosidl_generator_c.so
[12.242s] -- Set runtime path of "/root/ros_ws/src/Rescue_Car_ws/install/statistics_msgs/lib/libstatistics_msgs__rosidl_generator_c.so" to ""
[12.242s] -- Up-to-date: /root/ros_ws/src/Rescue_Car_ws/install/statistics_msgs/include/statistics_msgs/statistics_msgs
[12.243s] -- Up-to-date: /root/ros_ws/src/Rescue_Car_ws/install/statistics_msgs/include/statistics_msgs/statistics_msgs/msg
[12.245s] -- Up-to-date: /root/ros_ws/src/Rescue_Car_ws/install/statistics_msgs/include/statistics_msgs/statistics_msgs/msg/detail
[12.245s] -- Installing: /root/ros_ws/src/Rescue_Car_ws/install/statistics_msgs/include/statistics_msgs/statistics_msgs/msg/detail/statistic_data_type__rosidl_typesupport_fastrtps_c.h
[12.245s] -- Installing: /root/ros_ws/src/Rescue_Car_ws/install/statistics_msgs/include/statistics_msgs/statistics_msgs/msg/detail/statistic_data_point__rosidl_typesupport_fastrtps_c.h
[12.245s] -- Installing: /root/ros_ws/src/Rescue_Car_ws/install/statistics_msgs/include/statistics_msgs/statistics_msgs/msg/detail/metrics_message__rosidl_typesupport_fastrtps_c.h
[12.245s] -- Installing: /root/ros_ws/src/Rescue_Car_ws/install/statistics_msgs/include/statistics_msgs/statistics_msgs/msg/rosidl_typesupport_fastrtps_c__visibility_control.h
[12.245s] -- Installing: /root/ros_ws/src/Rescue_Car_ws/install/statistics_msgs/lib/libstatistics_msgs__rosidl_typesupport_fastrtps_c.so
[12.245s] -- Set runtime path of "/root/ros_ws/src/Rescue_Car_ws/install/statistics_msgs/lib/libstatistics_msgs__rosidl_typesupport_fastrtps_c.so" to ""
[12.252s] -- Up-to-date: /root/ros_ws/src/Rescue_Car_ws/install/statistics_msgs/include/statistics_msgs/statistics_msgs
[12.252s] -- Up-to-date: /root/ros_ws/src/Rescue_Car_ws/install/statistics_msgs/include/statistics_msgs/statistics_msgs/msg
[12.252s] -- Installing: /root/ros_ws/src/Rescue_Car_ws/install/statistics_msgs/include/statistics_msgs/statistics_msgs/msg/statistic_data_point.hpp
[12.252s] -- Installing: /root/ros_ws/src/Rescue_Car_ws/install/statistics_msgs/include/statistics_msgs/statistics_msgs/msg/rosidl_generator_cpp__visibility_control.hpp
[12.253s] -- Up-to-date: /root/ros_ws/src/Rescue_Car_ws/install/statistics_msgs/include/statistics_msgs/statistics_msgs/msg/detail
[12.253s] -- Installing: /root/ros_ws/src/Rescue_Car_ws/install/statistics_msgs/include/statistics_msgs/statistics_msgs/msg/detail/statistic_data_point__struct.hpp
[12.253s] -- Installing: /root/ros_ws/src/Rescue_Car_ws/install/statistics_msgs/include/statistics_msgs/statistics_msgs/msg/detail/metrics_message__type_support.hpp
[12.254s] -- Installing: /root/ros_ws/src/Rescue_Car_ws/install/statistics_msgs/include/statistics_msgs/statistics_msgs/msg/detail/metrics_message__struct.hpp
[12.254s] -- Installing: /root/ros_ws/src/Rescue_Car_ws/install/statistics_msgs/include/statistics_msgs/statistics_msgs/msg/detail/statistic_data_point__type_support.hpp
[12.254s] -- Installing: /root/ros_ws/src/Rescue_Car_ws/install/statistics_msgs/include/statistics_msgs/statistics_msgs/msg/detail/metrics_message__builder.hpp
[12.255s] -- Installing: /root/ros_ws/src/Rescue_Car_ws/install/statistics_msgs/include/statistics_msgs/statistics_msgs/msg/detail/metrics_message__traits.hpp
[12.255s] -- Installing: /root/ros_ws/src/Rescue_Car_ws/install/statistics_msgs/include/statistics_msgs/statistics_msgs/msg/detail/statistic_data_type__traits.hpp
[12.255s] -- Installing: /root/ros_ws/src/Rescue_Car_ws/install/statistics_msgs/include/statistics_msgs/statistics_msgs/msg/detail/statistic_data_type__type_support.hpp
[12.255s] -- Installing: /root/ros_ws/src/Rescue_Car_ws/install/statistics_msgs/include/statistics_msgs/statistics_msgs/msg/detail/statistic_data_type__builder.hpp
[12.255s] -- Installing: /root/ros_ws/src/Rescue_Car_ws/install/statistics_msgs/include/statistics_msgs/statistics_msgs/msg/detail/statistic_data_point__builder.hpp
[12.255s] -- Installing: /root/ros_ws/src/Rescue_Car_ws/install/statistics_msgs/include/statistics_msgs/statistics_msgs/msg/detail/statistic_data_type__struct.hpp
[12.255s] -- Installing: /root/ros_ws/src/Rescue_Car_ws/install/statistics_msgs/include/statistics_msgs/statistics_msgs/msg/detail/statistic_data_point__traits.hpp
[12.255s] -- Installing: /root/ros_ws/src/Rescue_Car_ws/install/statistics_msgs/include/statistics_msgs/statistics_msgs/msg/statistic_data_type.hpp
[12.255s] -- Installing: /root/ros_ws/src/Rescue_Car_ws/install/statistics_msgs/include/statistics_msgs/statistics_msgs/msg/metrics_message.hpp
[12.255s] -- Up-to-date: /root/ros_ws/src/Rescue_Car_ws/install/statistics_msgs/include/statistics_msgs/statistics_msgs
[12.255s] -- Up-to-date: /root/ros_ws/src/Rescue_Car_ws/install/statistics_msgs/include/statistics_msgs/statistics_msgs/msg
[12.255s] -- Installing: /root/ros_ws/src/Rescue_Car_ws/install/statistics_msgs/include/statistics_msgs/statistics_msgs/msg/rosidl_typesupport_fastrtps_cpp__visibility_control.h
[12.255s] -- Up-to-date: /root/ros_ws/src/Rescue_Car_ws/install/statistics_msgs/include/statistics_msgs/statistics_msgs/msg/detail
[12.255s] -- Installing: /root/ros_ws/src/Rescue_Car_ws/install/statistics_msgs/include/statistics_msgs/statistics_msgs/msg/detail/dds_fastrtps
[12.259s] -- Installing: /root/ros_ws/src/Rescue_Car_ws/install/statistics_msgs/include/statistics_msgs/statistics_msgs/msg/detail/statistic_data_point__rosidl_typesupport_fastrtps_cpp.hpp
[12.259s] -- Installing: /root/ros_ws/src/Rescue_Car_ws/install/statistics_msgs/include/statistics_msgs/statistics_msgs/msg/detail/metrics_message__rosidl_typesupport_fastrtps_cpp.hpp
[12.259s] -- Installing: /root/ros_ws/src/Rescue_Car_ws/install/statistics_msgs/include/statistics_msgs/statistics_msgs/msg/detail/statistic_data_type__rosidl_typesupport_fastrtps_cpp.hpp
[12.259s] -- Installing: /root/ros_ws/src/Rescue_Car_ws/install/statistics_msgs/lib/libstatistics_msgs__rosidl_typesupport_fastrtps_cpp.so
[12.263s] -- Set runtime path of "/root/ros_ws/src/Rescue_Car_ws/install/statistics_msgs/lib/libstatistics_msgs__rosidl_typesupport_fastrtps_cpp.so" to ""
[12.264s] -- Up-to-date: /root/ros_ws/src/Rescue_Car_ws/install/statistics_msgs/include/statistics_msgs/statistics_msgs
[12.264s] -- Up-to-date: /root/ros_ws/src/Rescue_Car_ws/install/statistics_msgs/include/statistics_msgs/statistics_msgs/msg
[12.264s] -- Installing: /root/ros_ws/src/Rescue_Car_ws/install/statistics_msgs/include/statistics_msgs/statistics_msgs/msg/rosidl_typesupport_introspection_c__visibility_control.h
[12.264s] -- Up-to-date: /root/ros_ws/src/Rescue_Car_ws/install/statistics_msgs/include/statistics_msgs/statistics_msgs/msg/detail
[12.264s] -- Installing: /root/ros_ws/src/Rescue_Car_ws/install/statistics_msgs/include/statistics_msgs/statistics_msgs/msg/detail/metrics_message__rosidl_typesupport_introspection_c.h
[12.264s] -- Installing: /root/ros_ws/src/Rescue_Car_ws/install/statistics_msgs/include/statistics_msgs/statistics_msgs/msg/detail/metrics_message__type_support.c
[12.264s] -- Installing: /root/ros_ws/src/Rescue_Car_ws/install/statistics_msgs/include/statistics_msgs/statistics_msgs/msg/detail/statistic_data_type__rosidl_typesupport_introspection_c.h
[12.264s] -- Installing: /root/ros_ws/src/Rescue_Car_ws/install/statistics_msgs/include/statistics_msgs/statistics_msgs/msg/detail/statistic_data_point__type_support.c
[12.264s] -- Installing: /root/ros_ws/src/Rescue_Car_ws/install/statistics_msgs/include/statistics_msgs/statistics_msgs/msg/detail/statistic_data_type__type_support.c
[12.264s] -- Installing: /root/ros_ws/src/Rescue_Car_ws/install/statistics_msgs/include/statistics_msgs/statistics_msgs/msg/detail/statistic_data_point__rosidl_typesupport_introspection_c.h
[12.264s] -- Installing: /root/ros_ws/src/Rescue_Car_ws/install/statistics_msgs/lib/libstatistics_msgs__rosidl_typesupport_introspection_c.so
[12.264s] -- Set runtime path of "/root/ros_ws/src/Rescue_Car_ws/install/statistics_msgs/lib/libstatistics_msgs__rosidl_typesupport_introspection_c.so" to ""
[12.264s] -- Installing: /root/ros_ws/src/Rescue_Car_ws/install/statistics_msgs/lib/libstatistics_msgs__rosidl_typesupport_c.so
[12.264s] -- Set runtime path of "/root/ros_ws/src/Rescue_Car_ws/install/statistics_msgs/lib/libstatistics_msgs__rosidl_typesupport_c.so" to ""
[12.264s] -- Up-to-date: /root/ros_ws/src/Rescue_Car_ws/install/statistics_msgs/include/statistics_msgs/statistics_msgs
[12.264s] -- Up-to-date: /root/ros_ws/src/Rescue_Car_ws/install/statistics_msgs/include/statistics_msgs/statistics_msgs/msg
[12.264s] -- Up-to-date: /root/ros_ws/src/Rescue_Car_ws/install/statistics_msgs/include/statistics_msgs/statistics_msgs/msg/detail
[12.264s] -- Installing: /root/ros_ws/src/Rescue_Car_ws/install/statistics_msgs/include/statistics_msgs/statistics_msgs/msg/detail/statistic_data_type__rosidl_typesupport_introspection_cpp.hpp
[12.268s] -- Installing: /root/ros_ws/src/Rescue_Car_ws/install/statistics_msgs/include/statistics_msgs/statistics_msgs/msg/detail/metrics_message__type_support.cpp
[12.268s] -- Installing: /root/ros_ws/src/Rescue_Car_ws/install/statistics_msgs/include/statistics_msgs/statistics_msgs/msg/detail/statistic_data_type__type_support.cpp
[12.275s] -- Installing: /root/ros_ws/src/Rescue_Car_ws/install/statistics_msgs/include/statistics_msgs/statistics_msgs/msg/detail/statistic_data_point__rosidl_typesupport_introspection_cpp.hpp
[12.275s] -- Installing: /root/ros_ws/src/Rescue_Car_ws/install/statistics_msgs/include/statistics_msgs/statistics_msgs/msg/detail/statistic_data_point__type_support.cpp
[12.275s] -- Installing: /root/ros_ws/src/Rescue_Car_ws/install/statistics_msgs/include/statistics_msgs/statistics_msgs/msg/detail/metrics_message__rosidl_typesupport_introspection_cpp.hpp
[12.275s] -- Installing: /root/ros_ws/src/Rescue_Car_ws/install/statistics_msgs/lib/libstatistics_msgs__rosidl_typesupport_introspection_cpp.so
[12.275s] -- Set runtime path of "/root/ros_ws/src/Rescue_Car_ws/install/statistics_msgs/lib/libstatistics_msgs__rosidl_typesupport_introspection_cpp.so" to ""
[12.275s] -- Installing: /root/ros_ws/src/Rescue_Car_ws/install/statistics_msgs/lib/libstatistics_msgs__rosidl_typesupport_cpp.so
[12.275s] -- Set runtime path of "/root/ros_ws/src/Rescue_Car_ws/install/statistics_msgs/lib/libstatistics_msgs__rosidl_typesupport_cpp.so" to ""
[12.275s] -- Installing: /root/ros_ws/src/Rescue_Car_ws/install/statistics_msgs/share/statistics_msgs/environment/pythonpath.sh
[12.275s] -- Installing: /root/ros_ws/src/Rescue_Car_ws/install/statistics_msgs/share/statistics_msgs/environment/pythonpath.dsv
[12.275s] -- Installing: /root/ros_ws/src/Rescue_Car_ws/install/statistics_msgs/local/lib/python3.10/dist-packages/statistics_msgs-1.2.2-py3.10.egg-info
[12.275s] -- Installing: /root/ros_ws/src/Rescue_Car_ws/install/statistics_msgs/local/lib/python3.10/dist-packages/statistics_msgs-1.2.2-py3.10.egg-info/dependency_links.txt
[12.280s] -- Installing: /root/ros_ws/src/Rescue_Car_ws/install/statistics_msgs/local/lib/python3.10/dist-packages/statistics_msgs-1.2.2-py3.10.egg-info/SOURCES.txt
[12.280s] -- Installing: /root/ros_ws/src/Rescue_Car_ws/install/statistics_msgs/local/lib/python3.10/dist-packages/statistics_msgs-1.2.2-py3.10.egg-info/PKG-INFO
[12.280s] -- Installing: /root/ros_ws/src/Rescue_Car_ws/install/statistics_msgs/local/lib/python3.10/dist-packages/statistics_msgs-1.2.2-py3.10.egg-info/top_level.txt
[12.281s] -- Installing: /root/ros_ws/src/Rescue_Car_ws/install/statistics_msgs/local/lib/python3.10/dist-packages/statistics_msgs
[12.281s] -- Installing: /root/ros_ws/src/Rescue_Car_ws/install/statistics_msgs/local/lib/python3.10/dist-packages/statistics_msgs/statistics_msgs_s__rosidl_typesupport_fastrtps_c.cpython-310-x86_64-linux-gnu.so
[12.281s] -- Installing: /root/ros_ws/src/Rescue_Car_ws/install/statistics_msgs/local/lib/python3.10/dist-packages/statistics_msgs/libstatistics_msgs__rosidl_generator_py.so
[12.281s] -- Installing: /root/ros_ws/src/Rescue_Car_ws/install/statistics_msgs/local/lib/python3.10/dist-packages/statistics_msgs/_statistics_msgs_s.ep.rosidl_typesupport_fastrtps_c.c
[12.281s] -- Installing: /root/ros_ws/src/Rescue_Car_ws/install/statistics_msgs/local/lib/python3.10/dist-packages/statistics_msgs/statistics_msgs_s__rosidl_typesupport_c.cpython-310-x86_64-linux-gnu.so
[12.283s] -- Installing: /root/ros_ws/src/Rescue_Car_ws/install/statistics_msgs/local/lib/python3.10/dist-packages/statistics_msgs/statistics_msgs_s__rosidl_typesupport_introspection_c.cpython-310-x86_64-linux-gnu.so
[12.283s] -- Installing: /root/ros_ws/src/Rescue_Car_ws/install/statistics_msgs/local/lib/python3.10/dist-packages/statistics_msgs/__init__.py
[12.284s] -- Installing: /root/ros_ws/src/Rescue_Car_ws/install/statistics_msgs/local/lib/python3.10/dist-packages/statistics_msgs/msg
[12.284s] -- Installing: /root/ros_ws/src/Rescue_Car_ws/install/statistics_msgs/local/lib/python3.10/dist-packages/statistics_msgs/msg/_metrics_message.py
[12.284s] -- Installing: /root/ros_ws/src/Rescue_Car_ws/install/statistics_msgs/local/lib/python3.10/dist-packages/statistics_msgs/msg/_statistic_data_point.py
[12.284s] -- Installing: /root/ros_ws/src/Rescue_Car_ws/install/statistics_msgs/local/lib/python3.10/dist-packages/statistics_msgs/msg/_statistic_data_point_s.c
[12.284s] -- Installing: /root/ros_ws/src/Rescue_Car_ws/install/statistics_msgs/local/lib/python3.10/dist-packages/statistics_msgs/msg/_statistic_data_type.py
[12.284s] -- Installing: /root/ros_ws/src/Rescue_Car_ws/install/statistics_msgs/local/lib/python3.10/dist-packages/statistics_msgs/msg/__init__.py
[12.284s] -- Installing: /root/ros_ws/src/Rescue_Car_ws/install/statistics_msgs/local/lib/python3.10/dist-packages/statistics_msgs/msg/_metrics_message_s.c
[12.284s] -- Installing: /root/ros_ws/src/Rescue_Car_ws/install/statistics_msgs/local/lib/python3.10/dist-packages/statistics_msgs/msg/_statistic_data_type_s.c
[12.284s] -- Installing: /root/ros_ws/src/Rescue_Car_ws/install/statistics_msgs/local/lib/python3.10/dist-packages/statistics_msgs/_statistics_msgs_s.ep.rosidl_typesupport_introspection_c.c
[12.284s] -- Installing: /root/ros_ws/src/Rescue_Car_ws/install/statistics_msgs/local/lib/python3.10/dist-packages/statistics_msgs/_statistics_msgs_s.ep.rosidl_typesupport_c.c
[12.435s] Listing '/root/ros_ws/src/Rescue_Car_ws/install/statistics_msgs/local/lib/python3.10/dist-packages/statistics_msgs'...
[12.435s] Compiling '/root/ros_ws/src/Rescue_Car_ws/install/statistics_msgs/local/lib/python3.10/dist-packages/statistics_msgs/__init__.py'...
[12.435s] Listing '/root/ros_ws/src/Rescue_Car_ws/install/statistics_msgs/local/lib/python3.10/dist-packages/statistics_msgs/msg'...
[12.435s] Compiling '/root/ros_ws/src/Rescue_Car_ws/install/statistics_msgs/local/lib/python3.10/dist-packages/statistics_msgs/msg/__init__.py'...
[12.436s] Compiling '/root/ros_ws/src/Rescue_Car_ws/install/statistics_msgs/local/lib/python3.10/dist-packages/statistics_msgs/msg/_metrics_message.py'...
[12.436s] Compiling '/root/ros_ws/src/Rescue_Car_ws/install/statistics_msgs/local/lib/python3.10/dist-packages/statistics_msgs/msg/_statistic_data_point.py'...
[12.436s] Compiling '/root/ros_ws/src/Rescue_Car_ws/install/statistics_msgs/local/lib/python3.10/dist-packages/statistics_msgs/msg/_statistic_data_type.py'...
[12.467s] -- Installing: /root/ros_ws/src/Rescue_Car_ws/install/statistics_msgs/local/lib/python3.10/dist-packages/statistics_msgs/statistics_msgs_s__rosidl_typesupport_fastrtps_c.cpython-310-x86_64-linux-gnu.so
[12.468s] -- Set runtime path of "/root/ros_ws/src/Rescue_Car_ws/install/statistics_msgs/local/lib/python3.10/dist-packages/statistics_msgs/statistics_msgs_s__rosidl_typesupport_fastrtps_c.cpython-310-x86_64-linux-gnu.so" to ""
[12.468s] -- Installing: /root/ros_ws/src/Rescue_Car_ws/install/statistics_msgs/local/lib/python3.10/dist-packages/statistics_msgs/statistics_msgs_s__rosidl_typesupport_introspection_c.cpython-310-x86_64-linux-gnu.so
[12.468s] -- Set runtime path of "/root/ros_ws/src/Rescue_Car_ws/install/statistics_msgs/local/lib/python3.10/dist-packages/statistics_msgs/statistics_msgs_s__rosidl_typesupport_introspection_c.cpython-310-x86_64-linux-gnu.so" to ""
[12.468s] -- Installing: /root/ros_ws/src/Rescue_Car_ws/install/statistics_msgs/local/lib/python3.10/dist-packages/statistics_msgs/statistics_msgs_s__rosidl_typesupport_c.cpython-310-x86_64-linux-gnu.so
[12.468s] -- Set runtime path of "/root/ros_ws/src/Rescue_Car_ws/install/statistics_msgs/local/lib/python3.10/dist-packages/statistics_msgs/statistics_msgs_s__rosidl_typesupport_c.cpython-310-x86_64-linux-gnu.so" to ""
[12.468s] -- Installing: /root/ros_ws/src/Rescue_Car_ws/install/statistics_msgs/lib/libstatistics_msgs__rosidl_generator_py.so
[12.468s] -- Set runtime path of "/root/ros_ws/src/Rescue_Car_ws/install/statistics_msgs/lib/libstatistics_msgs__rosidl_generator_py.so" to ""
[12.468s] -- Installing: /root/ros_ws/src/Rescue_Car_ws/install/statistics_msgs/share/statistics_msgs/msg/MetricsMessage.idl
[12.468s] -- Installing: /root/ros_ws/src/Rescue_Car_ws/install/statistics_msgs/share/statistics_msgs/msg/StatisticDataPoint.idl
[12.468s] -- Installing: /root/ros_ws/src/Rescue_Car_ws/install/statistics_msgs/share/statistics_msgs/msg/StatisticDataType.idl
[12.468s] -- Installing: /root/ros_ws/src/Rescue_Car_ws/install/statistics_msgs/share/statistics_msgs/msg/MetricsMessage.msg
[12.468s] -- Installing: /root/ros_ws/src/Rescue_Car_ws/install/statistics_msgs/share/statistics_msgs/msg/StatisticDataPoint.msg
[12.468s] -- Installing: /root/ros_ws/src/Rescue_Car_ws/install/statistics_msgs/share/statistics_msgs/msg/StatisticDataType.msg
[12.468s] -- Installing: /root/ros_ws/src/Rescue_Car_ws/install/statistics_msgs/share/ament_index/resource_index/package_run_dependencies/statistics_msgs
[12.468s] -- Installing: /root/ros_ws/src/Rescue_Car_ws/install/statistics_msgs/share/ament_index/resource_index/parent_prefix_path/statistics_msgs
[12.475s] -- Installing: /root/ros_ws/src/Rescue_Car_ws/install/statistics_msgs/share/statistics_msgs/environment/ament_prefix_path.sh
[12.475s] -- Installing: /root/ros_ws/src/Rescue_Car_ws/install/statistics_msgs/share/statistics_msgs/environment/ament_prefix_path.dsv
[12.475s] -- Installing: /root/ros_ws/src/Rescue_Car_ws/install/statistics_msgs/share/statistics_msgs/environment/path.sh
[12.476s] -- Installing: /root/ros_ws/src/Rescue_Car_ws/install/statistics_msgs/share/statistics_msgs/environment/path.dsv
[12.488s] -- Installing: /root/ros_ws/src/Rescue_Car_ws/install/statistics_msgs/share/statistics_msgs/local_setup.bash
[12.488s] -- Installing: /root/ros_ws/src/Rescue_Car_ws/install/statistics_msgs/share/statistics_msgs/local_setup.sh
[12.488s] -- Installing: /root/ros_ws/src/Rescue_Car_ws/install/statistics_msgs/share/statistics_msgs/local_setup.zsh
[12.489s] -- Installing: /root/ros_ws/src/Rescue_Car_ws/install/statistics_msgs/share/statistics_msgs/local_setup.dsv
[12.489s] -- Installing: /root/ros_ws/src/Rescue_Car_ws/install/statistics_msgs/share/statistics_msgs/package.dsv
[12.489s] -- Installing: /root/ros_ws/src/Rescue_Car_ws/install/statistics_msgs/share/ament_index/resource_index/packages/statistics_msgs
[12.489s] -- Installing: /root/ros_ws/src/Rescue_Car_ws/install/statistics_msgs/share/statistics_msgs/cmake/export_statistics_msgs__rosidl_generator_cExport.cmake
[12.489s] -- Installing: /root/ros_ws/src/Rescue_Car_ws/install/statistics_msgs/share/statistics_msgs/cmake/export_statistics_msgs__rosidl_generator_cExport-noconfig.cmake
[12.489s] -- Installing: /root/ros_ws/src/Rescue_Car_ws/install/statistics_msgs/share/statistics_msgs/cmake/export_statistics_msgs__rosidl_typesupport_fastrtps_cExport.cmake
[12.489s] -- Installing: /root/ros_ws/src/Rescue_Car_ws/install/statistics_msgs/share/statistics_msgs/cmake/export_statistics_msgs__rosidl_typesupport_fastrtps_cExport-noconfig.cmake
[12.489s] -- Installing: /root/ros_ws/src/Rescue_Car_ws/install/statistics_msgs/share/statistics_msgs/cmake/export_statistics_msgs__rosidl_generator_cppExport.cmake
[12.489s] -- Installing: /root/ros_ws/src/Rescue_Car_ws/install/statistics_msgs/share/statistics_msgs/cmake/export_statistics_msgs__rosidl_typesupport_fastrtps_cppExport.cmake
[12.489s] -- Installing: /root/ros_ws/src/Rescue_Car_ws/install/statistics_msgs/share/statistics_msgs/cmake/export_statistics_msgs__rosidl_typesupport_fastrtps_cppExport-noconfig.cmake
[12.489s] -- Installing: /root/ros_ws/src/Rescue_Car_ws/install/statistics_msgs/share/statistics_msgs/cmake/statistics_msgs__rosidl_typesupport_introspection_cExport.cmake
[12.489s] -- Installing: /root/ros_ws/src/Rescue_Car_ws/install/statistics_msgs/share/statistics_msgs/cmake/statistics_msgs__rosidl_typesupport_introspection_cExport-noconfig.cmake
[12.490s] -- Installing: /root/ros_ws/src/Rescue_Car_ws/install/statistics_msgs/share/statistics_msgs/cmake/statistics_msgs__rosidl_typesupport_cExport.cmake
[12.490s] -- Installing: /root/ros_ws/src/Rescue_Car_ws/install/statistics_msgs/share/statistics_msgs/cmake/statistics_msgs__rosidl_typesupport_cExport-noconfig.cmake
[12.490s] -- Installing: /root/ros_ws/src/Rescue_Car_ws/install/statistics_msgs/share/statistics_msgs/cmake/statistics_msgs__rosidl_typesupport_introspection_cppExport.cmake
[12.490s] -- Installing: /root/ros_ws/src/Rescue_Car_ws/install/statistics_msgs/share/statistics_msgs/cmake/statistics_msgs__rosidl_typesupport_introspection_cppExport-noconfig.cmake
[12.490s] -- Installing: /root/ros_ws/src/Rescue_Car_ws/install/statistics_msgs/share/statistics_msgs/cmake/statistics_msgs__rosidl_typesupport_cppExport.cmake
[12.490s] -- Installing: /root/ros_ws/src/Rescue_Car_ws/install/statistics_msgs/share/statistics_msgs/cmake/statistics_msgs__rosidl_typesupport_cppExport-noconfig.cmake
[12.491s] -- Installing: /root/ros_ws/src/Rescue_Car_ws/install/statistics_msgs/share/statistics_msgs/cmake/export_statistics_msgs__rosidl_generator_pyExport.cmake
[12.491s] -- Installing: /root/ros_ws/src/Rescue_Car_ws/install/statistics_msgs/share/statistics_msgs/cmake/export_statistics_msgs__rosidl_generator_pyExport-noconfig.cmake
[12.491s] -- Installing: /root/ros_ws/src/Rescue_Car_ws/install/statistics_msgs/share/statistics_msgs/cmake/rosidl_cmake-extras.cmake
[12.492s] -- Installing: /root/ros_ws/src/Rescue_Car_ws/install/statistics_msgs/share/statistics_msgs/cmake/ament_cmake_export_dependencies-extras.cmake
[12.505s] -- Installing: /root/ros_ws/src/Rescue_Car_ws/install/statistics_msgs/share/statistics_msgs/cmake/ament_cmake_export_include_directories-extras.cmake
[12.505s] -- Installing: /root/ros_ws/src/Rescue_Car_ws/install/statistics_msgs/share/statistics_msgs/cmake/ament_cmake_export_libraries-extras.cmake
[12.505s] -- Installing: /root/ros_ws/src/Rescue_Car_ws/install/statistics_msgs/share/statistics_msgs/cmake/ament_cmake_export_targets-extras.cmake
[12.505s] -- Installing: /root/ros_ws/src/Rescue_Car_ws/install/statistics_msgs/share/statistics_msgs/cmake/rosidl_cmake_export_typesupport_targets-extras.cmake
[12.506s] -- Installing: /root/ros_ws/src/Rescue_Car_ws/install/statistics_msgs/share/statistics_msgs/cmake/rosidl_cmake_export_typesupport_libraries-extras.cmake
[12.506s] -- Installing: /root/ros_ws/src/Rescue_Car_ws/install/statistics_msgs/share/statistics_msgs/cmake/statistics_msgsConfig.cmake
[12.506s] -- Installing: /root/ros_ws/src/Rescue_Car_ws/install/statistics_msgs/share/statistics_msgs/cmake/statistics_msgsConfig-version.cmake
[12.506s] -- Installing: /root/ros_ws/src/Rescue_Car_ws/install/statistics_msgs/share/statistics_msgs/package.xml
[12.517s] Invoked command in '/root/ros_ws/src/Rescue_Car_ws/build/statistics_msgs' returned '0': AMENT_PREFIX_PATH=/root/ros_ws/src/Rescue_Car_ws/install/builtin_interfaces:${AMENT_PREFIX_PATH} CMAKE_PREFIX_PATH=/root/ros_ws/src/Rescue_Car_ws/install/builtin_interfaces:/opt/ros/humble LD_LIBRARY_PATH=/root/ros_ws/src/Rescue_Car_ws/install/builtin_interfaces/lib:${LD_LIBRARY_PATH} PYTHONPATH=/root/ros_ws/src/Rescue_Car_ws/install/builtin_interfaces/local/lib/python3.10/dist-packages:${PYTHONPATH} /usr/bin/cmake --install /root/ros_ws/src/Rescue_Car_ws/build/statistics_msgs
