[0.029s] Invoking command in '/root/ros_ws/src/Rescue_Car_ws/build/car': CMAKE_PREFIX_PATH=/opt/ros/humble /usr/bin/cmake /root/ros_ws/src/Rescue_Car_ws/src/car -DCMAKE_INSTALL_PREFIX=/root/ros_ws/src/Rescue_Car_ws/install/car
[0.207s] -- The C compiler identification is GNU 11.4.0
[0.705s] -- The CXX compiler identification is GNU 11.4.0
[1.057s] -- Detecting C compiler ABI info
[1.170s] -- Detecting C compiler ABI info - done
[1.176s] -- Check for working C compiler: /usr/bin/cc - skipped
[1.176s] -- Detecting C compile features
[1.176s] -- Detecting C compile features - done
[1.178s] -- Detecting CXX compiler ABI info
[1.292s] -- Detecting CXX compiler ABI info - done
[1.297s] -- Check for working CXX compiler: /usr/bin/c++ - skipped
[1.298s] -- Detecting CXX compile features
[1.298s] -- Detecting CXX compile features - done
[1.299s] -- Found ament_cmake: 1.3.12 (/opt/ros/humble/share/ament_cmake/cmake)
[1.417s] -- Found Python3: /usr/bin/python3 (found version "3.10.12") found components: Interpreter 
[1.513s] -- Found ament_lint_auto: 0.12.14 (/opt/ros/humble/share/ament_lint_auto/cmake)
[1.592s] -- Added test 'cppcheck' to perform static code analysis on C / C++ code
[1.592s] -- Configured cppcheck include dirs: 
[1.592s] -- Configured cppcheck exclude dirs and/or files: 
[1.593s] -- Added test 'flake8' to check Python code syntax and style conventions
[1.595s] -- Added test 'lint_cmake' to check CMake code style
[1.595s] -- Added test 'pep257' to check Python code against some of the docstring style conventions in PEP 257
[1.597s] -- Added test 'uncrustify' to check C / C++ code style
[1.597s] -- Configured uncrustify additional arguments: 
[1.598s] -- Added test 'xmllint' to check XML markup files
[1.600s] -- Configuring done
[1.605s] -- Generating done
[1.606s] -- Build files have been written to: /root/ros_ws/src/Rescue_Car_ws/build/car
[1.610s] Invoked command in '/root/ros_ws/src/Rescue_Car_ws/build/car' returned '0': CMAKE_PREFIX_PATH=/opt/ros/humble /usr/bin/cmake /root/ros_ws/src/Rescue_Car_ws/src/car -DCMAKE_INSTALL_PREFIX=/root/ros_ws/src/Rescue_Car_ws/install/car
[1.612s] Invoking command in '/root/ros_ws/src/Rescue_Car_ws/build/car': CMAKE_PREFIX_PATH=/opt/ros/humble /usr/bin/cmake --build /root/ros_ws/src/Rescue_Car_ws/build/car -- -j20 -l20
[1.640s] Invoked command in '/root/ros_ws/src/Rescue_Car_ws/build/car' returned '0': CMAKE_PREFIX_PATH=/opt/ros/humble /usr/bin/cmake --build /root/ros_ws/src/Rescue_Car_ws/build/car -- -j20 -l20
[1.650s] Invoking command in '/root/ros_ws/src/Rescue_Car_ws/build/car': CMAKE_PREFIX_PATH=/opt/ros/humble /usr/bin/cmake --install /root/ros_ws/src/Rescue_Car_ws/build/car
[1.656s] -- Install configuration: ""
[1.657s] -- Installing: /root/ros_ws/src/Rescue_Car_ws/install/car/share/ament_index/resource_index/package_run_dependencies/car
[1.657s] -- Installing: /root/ros_ws/src/Rescue_Car_ws/install/car/share/ament_index/resource_index/parent_prefix_path/car
[1.658s] -- Installing: /root/ros_ws/src/Rescue_Car_ws/install/car/share/car/environment/ament_prefix_path.sh
[1.658s] -- Installing: /root/ros_ws/src/Rescue_Car_ws/install/car/share/car/environment/ament_prefix_path.dsv
[1.658s] -- Installing: /root/ros_ws/src/Rescue_Car_ws/install/car/share/car/environment/path.sh
[1.659s] -- Installing: /root/ros_ws/src/Rescue_Car_ws/install/car/share/car/environment/path.dsv
[1.659s] -- Installing: /root/ros_ws/src/Rescue_Car_ws/install/car/share/car/local_setup.bash
[1.659s] -- Installing: /root/ros_ws/src/Rescue_Car_ws/install/car/share/car/local_setup.sh
[1.659s] -- Installing: /root/ros_ws/src/Rescue_Car_ws/install/car/share/car/local_setup.zsh
[1.659s] -- Installing: /root/ros_ws/src/Rescue_Car_ws/install/car/share/car/local_setup.dsv
[1.659s] -- Installing: /root/ros_ws/src/Rescue_Car_ws/install/car/share/car/package.dsv
[1.659s] -- Installing: /root/ros_ws/src/Rescue_Car_ws/install/car/share/ament_index/resource_index/packages/car
[1.660s] -- Installing: /root/ros_ws/src/Rescue_Car_ws/install/car/share/car/cmake/carConfig.cmake
[1.660s] -- Installing: /root/ros_ws/src/Rescue_Car_ws/install/car/share/car/cmake/carConfig-version.cmake
[1.660s] -- Installing: /root/ros_ws/src/Rescue_Car_ws/install/car/share/car/package.xml
[1.662s] Invoked command in '/root/ros_ws/src/Rescue_Car_ws/build/car' returned '0': CMAKE_PREFIX_PATH=/opt/ros/humble /usr/bin/cmake --install /root/ros_ws/src/Rescue_Car_ws/build/car
