[0.230s] Invoking command in '/root/ros_ws/src/Rescue_Car_ws/build/nav_msgs': CMAKE_PREFIX_PATH=/root/ros_ws/src/Rescue_Car_ws/install/geometry_msgs:/root/ros_ws/src/Rescue_Car_ws/install/std_msgs:/root/ros_ws/src/Rescue_Car_ws/install/builtin_interfaces:/root/ros_ws/src/Rescue_Car_ws/install/micro_ros_demos_rclc:/root/ros_ws/src/Rescue_Car_ws/install/common_interfaces:/root/ros_ws/src/Rescue_Car_ws/install/visualization_msgs:/root/ros_ws/src/Rescue_Car_ws/install/test_msgs:/root/ros_ws/src/Rescue_Car_ws/install/example_interfaces:/root/ros_ws/src/Rescue_Car_ws/install/action_msgs:/root/ros_ws/src/Rescue_Car_ws/install/unique_identifier_msgs:/root/ros_ws/src/Rescue_Car_ws/install/trajectory_msgs:/root/ros_ws/src/Rescue_Car_ws/install/stereo_msgs:/root/ros_ws/src/Rescue_Car_ws/install/std_srvs:/root/ros_ws/src/Rescue_Car_ws/install/shape_msgs:/root/ros_ws/src/Rescue_Car_ws/install/sensor_msgs:/root/ros_ws/src/Rescue_Car_ws/install/nav_msgs:/root/ros_ws/src/Rescue_Car_ws/install/diagnostic_msgs:/root/ros_ws/src/Rescue_Car_ws/install/actionlib_msgs:/root/ros_ws/src/Rescue_Car_ws/install/statistics_msgs:/root/ros_ws/src/Rescue_Car_ws/install/rosidl_typesupport_microxrcedds_test_msg:/root/ros_ws/src/Rescue_Car_ws/install/rosidl_typesupport_microxrcedds_cpp_tests:/root/ros_ws/src/Rescue_Car_ws/install/rmw_microxrcedds:/root/ros_ws/src/Rescue_Car_ws/install/rosidl_typesupport_microxrcedds_cpp:/root/ros_ws/src/Rescue_Car_ws/install/rosidl_typesupport_microxrcedds_c_tests:/root/ros_ws/src/Rescue_Car_ws/install/rosidl_typesupport_microxrcedds_c:/root/ros_ws/src/Rescue_Car_ws/install/rosgraph_msgs:/root/ros_ws/src/Rescue_Car_ws/install/rclc_parameter:/root/ros_ws/src/Rescue_Car_ws/install/rclc:/root/ros_ws/src/Rescue_Car_ws/install/composition_interfaces:/root/ros_ws/src/Rescue_Car_ws/install/rcl_interfaces:/root/ros_ws/src/Rescue_Car_ws/install/microxrcedds_client:/root/ros_ws/src/Rescue_Car_ws/install/microcdr:/root/ros_ws/src/Rescue_Car_ws/install/micro_ros_utilities:/root/ros_ws/src/Rescue_Car_ws/install/micro_ros_setup:/root/ros_ws/src/Rescue_Car_ws/install/micro_ros_agent:/root/ros_ws/src/Rescue_Car_ws/install/micro_ros_msgs:/root/ros_ws/src/Rescue_Car_ws/install/lifecycle_msgs:/root/ros_ws/src/Rescue_Car_ws/install/complex_msgs:/root/ros_ws/src/Rescue_Car_ws/install/car:/root/ros_ws/src/Rescue_Car_ws/install/sensor_msgs_py:/opt/ros/humble LD_LIBRARY_PATH=/root/ros_ws/src/Rescue_Car_ws/install/geometry_msgs/lib:/root/ros_ws/src/Rescue_Car_ws/install/std_msgs/lib:/root/ros_ws/src/Rescue_Car_ws/install/builtin_interfaces/lib:/root/ros_ws/src/Rescue_Car_ws/install/visualization_msgs/lib:/root/ros_ws/src/Rescue_Car_ws/install/test_msgs/lib:/root/ros_ws/src/Rescue_Car_ws/install/example_interfaces/lib:/root/ros_ws/src/Rescue_Car_ws/install/action_msgs/lib:/root/ros_ws/src/Rescue_Car_ws/install/unique_identifier_msgs/lib:/root/ros_ws/src/Rescue_Car_ws/install/trajectory_msgs/lib:/root/ros_ws/src/Rescue_Car_ws/install/stereo_msgs/lib:/root/ros_ws/src/Rescue_Car_ws/install/std_srvs/lib:/root/ros_ws/src/Rescue_Car_ws/install/shape_msgs/lib:/root/ros_ws/src/Rescue_Car_ws/install/sensor_msgs/lib:/root/ros_ws/src/Rescue_Car_ws/install/nav_msgs/lib:/root/ros_ws/src/Rescue_Car_ws/install/diagnostic_msgs/lib:/root/ros_ws/src/Rescue_Car_ws/install/actionlib_msgs/lib:/root/ros_ws/src/Rescue_Car_ws/install/statistics_msgs/lib:/root/ros_ws/src/Rescue_Car_ws/install/rosidl_typesupport_microxrcedds_test_msg/lib:/root/ros_ws/src/Rescue_Car_ws/install/rmw_microxrcedds/lib:/root/ros_ws/src/Rescue_Car_ws/install/rosidl_typesupport_microxrcedds_cpp/lib:/root/ros_ws/src/Rescue_Car_ws/install/rosidl_typesupport_microxrcedds_c/lib:/root/ros_ws/src/Rescue_Car_ws/install/rosgraph_msgs/lib:/root/ros_ws/src/Rescue_Car_ws/install/rclc_parameter/lib:/root/ros_ws/src/Rescue_Car_ws/install/rclc/lib:/root/ros_ws/src/Rescue_Car_ws/install/composition_interfaces/lib:/root/ros_ws/src/Rescue_Car_ws/install/rcl_interfaces/lib:/root/ros_ws/src/Rescue_Car_ws/install/micro_ros_utilities/lib:/root/ros_ws/src/Rescue_Car_ws/install/micro_ros_agent/lib:/root/ros_ws/src/Rescue_Car_ws/install/micro_ros_msgs/lib:/root/ros_ws/src/Rescue_Car_ws/install/lifecycle_msgs/lib:/root/ros_ws/src/Rescue_Car_ws/install/complex_msgs/lib:/usr/lib/x86_64-linux-gnu/gazebo-11/plugins:/opt/ros/humble/opt/rviz_ogre_vendor/lib:/opt/ros/humble/lib/x86_64-linux-gnu:/opt/ros/humble/lib /usr/bin/cmake --build /root/ros_ws/src/Rescue_Car_ws/build/nav_msgs -- -j20 -l20
[0.294s] [  0%] Built target nav_msgs__cpp
[0.301s] [ 12%] Built target nav_msgs__rosidl_generator_c
[0.303s] [ 12%] Built target ament_cmake_python_copy_nav_msgs
[0.343s] [ 23%] Built target nav_msgs__rosidl_typesupport_fastrtps_cpp
[0.343s] [ 35%] Built target nav_msgs__rosidl_typesupport_introspection_cpp
[0.348s] [ 47%] Built target nav_msgs__rosidl_typesupport_introspection_c
[0.357s] [ 59%] Built target nav_msgs__rosidl_typesupport_fastrtps_c
[0.357s] [ 71%] Built target nav_msgs__rosidl_typesupport_cpp
[0.361s] [ 82%] Built target nav_msgs__rosidl_typesupport_c
[0.397s] [ 82%] Built target nav_msgs
[0.429s] [ 83%] Built target nav_msgs__py
[0.467s] [ 94%] Built target nav_msgs__rosidl_generator_py
[0.505s] [ 96%] Built target nav_msgs__rosidl_typesupport_fastrtps_c__pyext
[0.509s] [ 98%] Built target nav_msgs__rosidl_typesupport_introspection_c__pyext
[0.511s] [100%] Built target nav_msgs__rosidl_typesupport_c__pyext
[0.595s] running egg_info
[0.595s] writing nav_msgs.egg-info/PKG-INFO
[0.596s] writing dependency_links to nav_msgs.egg-info/dependency_links.txt
[0.596s] writing top-level names to nav_msgs.egg-info/top_level.txt
[0.599s] reading manifest file 'nav_msgs.egg-info/SOURCES.txt'
[0.599s] writing manifest file 'nav_msgs.egg-info/SOURCES.txt'
[0.624s] [100%] Built target ament_cmake_python_build_nav_msgs_egg
[0.637s] Invoked command in '/root/ros_ws/src/Rescue_Car_ws/build/nav_msgs' returned '0': CMAKE_PREFIX_PATH=/root/ros_ws/src/Rescue_Car_ws/install/geometry_msgs:/root/ros_ws/src/Rescue_Car_ws/install/std_msgs:/root/ros_ws/src/Rescue_Car_ws/install/builtin_interfaces:/root/ros_ws/src/Rescue_Car_ws/install/micro_ros_demos_rclc:/root/ros_ws/src/Rescue_Car_ws/install/common_interfaces:/root/ros_ws/src/Rescue_Car_ws/install/visualization_msgs:/root/ros_ws/src/Rescue_Car_ws/install/test_msgs:/root/ros_ws/src/Rescue_Car_ws/install/example_interfaces:/root/ros_ws/src/Rescue_Car_ws/install/action_msgs:/root/ros_ws/src/Rescue_Car_ws/install/unique_identifier_msgs:/root/ros_ws/src/Rescue_Car_ws/install/trajectory_msgs:/root/ros_ws/src/Rescue_Car_ws/install/stereo_msgs:/root/ros_ws/src/Rescue_Car_ws/install/std_srvs:/root/ros_ws/src/Rescue_Car_ws/install/shape_msgs:/root/ros_ws/src/Rescue_Car_ws/install/sensor_msgs:/root/ros_ws/src/Rescue_Car_ws/install/nav_msgs:/root/ros_ws/src/Rescue_Car_ws/install/diagnostic_msgs:/root/ros_ws/src/Rescue_Car_ws/install/actionlib_msgs:/root/ros_ws/src/Rescue_Car_ws/install/statistics_msgs:/root/ros_ws/src/Rescue_Car_ws/install/rosidl_typesupport_microxrcedds_test_msg:/root/ros_ws/src/Rescue_Car_ws/install/rosidl_typesupport_microxrcedds_cpp_tests:/root/ros_ws/src/Rescue_Car_ws/install/rmw_microxrcedds:/root/ros_ws/src/Rescue_Car_ws/install/rosidl_typesupport_microxrcedds_cpp:/root/ros_ws/src/Rescue_Car_ws/install/rosidl_typesupport_microxrcedds_c_tests:/root/ros_ws/src/Rescue_Car_ws/install/rosidl_typesupport_microxrcedds_c:/root/ros_ws/src/Rescue_Car_ws/install/rosgraph_msgs:/root/ros_ws/src/Rescue_Car_ws/install/rclc_parameter:/root/ros_ws/src/Rescue_Car_ws/install/rclc:/root/ros_ws/src/Rescue_Car_ws/install/composition_interfaces:/root/ros_ws/src/Rescue_Car_ws/install/rcl_interfaces:/root/ros_ws/src/Rescue_Car_ws/install/microxrcedds_client:/root/ros_ws/src/Rescue_Car_ws/install/microcdr:/root/ros_ws/src/Rescue_Car_ws/install/micro_ros_utilities:/root/ros_ws/src/Rescue_Car_ws/install/micro_ros_setup:/root/ros_ws/src/Rescue_Car_ws/install/micro_ros_agent:/root/ros_ws/src/Rescue_Car_ws/install/micro_ros_msgs:/root/ros_ws/src/Rescue_Car_ws/install/lifecycle_msgs:/root/ros_ws/src/Rescue_Car_ws/install/complex_msgs:/root/ros_ws/src/Rescue_Car_ws/install/car:/root/ros_ws/src/Rescue_Car_ws/install/sensor_msgs_py:/opt/ros/humble LD_LIBRARY_PATH=/root/ros_ws/src/Rescue_Car_ws/install/geometry_msgs/lib:/root/ros_ws/src/Rescue_Car_ws/install/std_msgs/lib:/root/ros_ws/src/Rescue_Car_ws/install/builtin_interfaces/lib:/root/ros_ws/src/Rescue_Car_ws/install/visualization_msgs/lib:/root/ros_ws/src/Rescue_Car_ws/install/test_msgs/lib:/root/ros_ws/src/Rescue_Car_ws/install/example_interfaces/lib:/root/ros_ws/src/Rescue_Car_ws/install/action_msgs/lib:/root/ros_ws/src/Rescue_Car_ws/install/unique_identifier_msgs/lib:/root/ros_ws/src/Rescue_Car_ws/install/trajectory_msgs/lib:/root/ros_ws/src/Rescue_Car_ws/install/stereo_msgs/lib:/root/ros_ws/src/Rescue_Car_ws/install/std_srvs/lib:/root/ros_ws/src/Rescue_Car_ws/install/shape_msgs/lib:/root/ros_ws/src/Rescue_Car_ws/install/sensor_msgs/lib:/root/ros_ws/src/Rescue_Car_ws/install/nav_msgs/lib:/root/ros_ws/src/Rescue_Car_ws/install/diagnostic_msgs/lib:/root/ros_ws/src/Rescue_Car_ws/install/actionlib_msgs/lib:/root/ros_ws/src/Rescue_Car_ws/install/statistics_msgs/lib:/root/ros_ws/src/Rescue_Car_ws/install/rosidl_typesupport_microxrcedds_test_msg/lib:/root/ros_ws/src/Rescue_Car_ws/install/rmw_microxrcedds/lib:/root/ros_ws/src/Rescue_Car_ws/install/rosidl_typesupport_microxrcedds_cpp/lib:/root/ros_ws/src/Rescue_Car_ws/install/rosidl_typesupport_microxrcedds_c/lib:/root/ros_ws/src/Rescue_Car_ws/install/rosgraph_msgs/lib:/root/ros_ws/src/Rescue_Car_ws/install/rclc_parameter/lib:/root/ros_ws/src/Rescue_Car_ws/install/rclc/lib:/root/ros_ws/src/Rescue_Car_ws/install/composition_interfaces/lib:/root/ros_ws/src/Rescue_Car_ws/install/rcl_interfaces/lib:/root/ros_ws/src/Rescue_Car_ws/install/micro_ros_utilities/lib:/root/ros_ws/src/Rescue_Car_ws/install/micro_ros_agent/lib:/root/ros_ws/src/Rescue_Car_ws/install/micro_ros_msgs/lib:/root/ros_ws/src/Rescue_Car_ws/install/lifecycle_msgs/lib:/root/ros_ws/src/Rescue_Car_ws/install/complex_msgs/lib:/usr/lib/x86_64-linux-gnu/gazebo-11/plugins:/opt/ros/humble/opt/rviz_ogre_vendor/lib:/opt/ros/humble/lib/x86_64-linux-gnu:/opt/ros/humble/lib /usr/bin/cmake --build /root/ros_ws/src/Rescue_Car_ws/build/nav_msgs -- -j20 -l20
[0.641s] Invoking command in '/root/ros_ws/src/Rescue_Car_ws/build/nav_msgs': CMAKE_PREFIX_PATH=/root/ros_ws/src/Rescue_Car_ws/install/geometry_msgs:/root/ros_ws/src/Rescue_Car_ws/install/std_msgs:/root/ros_ws/src/Rescue_Car_ws/install/builtin_interfaces:/root/ros_ws/src/Rescue_Car_ws/install/micro_ros_demos_rclc:/root/ros_ws/src/Rescue_Car_ws/install/common_interfaces:/root/ros_ws/src/Rescue_Car_ws/install/visualization_msgs:/root/ros_ws/src/Rescue_Car_ws/install/test_msgs:/root/ros_ws/src/Rescue_Car_ws/install/example_interfaces:/root/ros_ws/src/Rescue_Car_ws/install/action_msgs:/root/ros_ws/src/Rescue_Car_ws/install/unique_identifier_msgs:/root/ros_ws/src/Rescue_Car_ws/install/trajectory_msgs:/root/ros_ws/src/Rescue_Car_ws/install/stereo_msgs:/root/ros_ws/src/Rescue_Car_ws/install/std_srvs:/root/ros_ws/src/Rescue_Car_ws/install/shape_msgs:/root/ros_ws/src/Rescue_Car_ws/install/sensor_msgs:/root/ros_ws/src/Rescue_Car_ws/install/nav_msgs:/root/ros_ws/src/Rescue_Car_ws/install/diagnostic_msgs:/root/ros_ws/src/Rescue_Car_ws/install/actionlib_msgs:/root/ros_ws/src/Rescue_Car_ws/install/statistics_msgs:/root/ros_ws/src/Rescue_Car_ws/install/rosidl_typesupport_microxrcedds_test_msg:/root/ros_ws/src/Rescue_Car_ws/install/rosidl_typesupport_microxrcedds_cpp_tests:/root/ros_ws/src/Rescue_Car_ws/install/rmw_microxrcedds:/root/ros_ws/src/Rescue_Car_ws/install/rosidl_typesupport_microxrcedds_cpp:/root/ros_ws/src/Rescue_Car_ws/install/rosidl_typesupport_microxrcedds_c_tests:/root/ros_ws/src/Rescue_Car_ws/install/rosidl_typesupport_microxrcedds_c:/root/ros_ws/src/Rescue_Car_ws/install/rosgraph_msgs:/root/ros_ws/src/Rescue_Car_ws/install/rclc_parameter:/root/ros_ws/src/Rescue_Car_ws/install/rclc:/root/ros_ws/src/Rescue_Car_ws/install/composition_interfaces:/root/ros_ws/src/Rescue_Car_ws/install/rcl_interfaces:/root/ros_ws/src/Rescue_Car_ws/install/microxrcedds_client:/root/ros_ws/src/Rescue_Car_ws/install/microcdr:/root/ros_ws/src/Rescue_Car_ws/install/micro_ros_utilities:/root/ros_ws/src/Rescue_Car_ws/install/micro_ros_setup:/root/ros_ws/src/Rescue_Car_ws/install/micro_ros_agent:/root/ros_ws/src/Rescue_Car_ws/install/micro_ros_msgs:/root/ros_ws/src/Rescue_Car_ws/install/lifecycle_msgs:/root/ros_ws/src/Rescue_Car_ws/install/complex_msgs:/root/ros_ws/src/Rescue_Car_ws/install/car:/root/ros_ws/src/Rescue_Car_ws/install/sensor_msgs_py:/opt/ros/humble LD_LIBRARY_PATH=/root/ros_ws/src/Rescue_Car_ws/install/geometry_msgs/lib:/root/ros_ws/src/Rescue_Car_ws/install/std_msgs/lib:/root/ros_ws/src/Rescue_Car_ws/install/builtin_interfaces/lib:/root/ros_ws/src/Rescue_Car_ws/install/visualization_msgs/lib:/root/ros_ws/src/Rescue_Car_ws/install/test_msgs/lib:/root/ros_ws/src/Rescue_Car_ws/install/example_interfaces/lib:/root/ros_ws/src/Rescue_Car_ws/install/action_msgs/lib:/root/ros_ws/src/Rescue_Car_ws/install/unique_identifier_msgs/lib:/root/ros_ws/src/Rescue_Car_ws/install/trajectory_msgs/lib:/root/ros_ws/src/Rescue_Car_ws/install/stereo_msgs/lib:/root/ros_ws/src/Rescue_Car_ws/install/std_srvs/lib:/root/ros_ws/src/Rescue_Car_ws/install/shape_msgs/lib:/root/ros_ws/src/Rescue_Car_ws/install/sensor_msgs/lib:/root/ros_ws/src/Rescue_Car_ws/install/nav_msgs/lib:/root/ros_ws/src/Rescue_Car_ws/install/diagnostic_msgs/lib:/root/ros_ws/src/Rescue_Car_ws/install/actionlib_msgs/lib:/root/ros_ws/src/Rescue_Car_ws/install/statistics_msgs/lib:/root/ros_ws/src/Rescue_Car_ws/install/rosidl_typesupport_microxrcedds_test_msg/lib:/root/ros_ws/src/Rescue_Car_ws/install/rmw_microxrcedds/lib:/root/ros_ws/src/Rescue_Car_ws/install/rosidl_typesupport_microxrcedds_cpp/lib:/root/ros_ws/src/Rescue_Car_ws/install/rosidl_typesupport_microxrcedds_c/lib:/root/ros_ws/src/Rescue_Car_ws/install/rosgraph_msgs/lib:/root/ros_ws/src/Rescue_Car_ws/install/rclc_parameter/lib:/root/ros_ws/src/Rescue_Car_ws/install/rclc/lib:/root/ros_ws/src/Rescue_Car_ws/install/composition_interfaces/lib:/root/ros_ws/src/Rescue_Car_ws/install/rcl_interfaces/lib:/root/ros_ws/src/Rescue_Car_ws/install/micro_ros_utilities/lib:/root/ros_ws/src/Rescue_Car_ws/install/micro_ros_agent/lib:/root/ros_ws/src/Rescue_Car_ws/install/micro_ros_msgs/lib:/root/ros_ws/src/Rescue_Car_ws/install/lifecycle_msgs/lib:/root/ros_ws/src/Rescue_Car_ws/install/complex_msgs/lib:/usr/lib/x86_64-linux-gnu/gazebo-11/plugins:/opt/ros/humble/opt/rviz_ogre_vendor/lib:/opt/ros/humble/lib/x86_64-linux-gnu:/opt/ros/humble/lib /usr/bin/cmake --install /root/ros_ws/src/Rescue_Car_ws/build/nav_msgs
[0.653s] -- Install configuration: ""
[0.653s] -- Up-to-date: /root/ros_ws/src/Rescue_Car_ws/install/nav_msgs/share/ament_index/resource_index/rosidl_interfaces/nav_msgs
[0.653s] -- Up-to-date: /root/ros_ws/src/Rescue_Car_ws/install/nav_msgs/include/nav_msgs/nav_msgs
[0.653s] -- Up-to-date: /root/ros_ws/src/Rescue_Car_ws/install/nav_msgs/include/nav_msgs/nav_msgs/srv
[0.653s] -- Up-to-date: /root/ros_ws/src/Rescue_Car_ws/install/nav_msgs/include/nav_msgs/nav_msgs/srv/set_map.h
[0.654s] -- Up-to-date: /root/ros_ws/src/Rescue_Car_ws/install/nav_msgs/include/nav_msgs/nav_msgs/srv/detail
[0.654s] -- Up-to-date: /root/ros_ws/src/Rescue_Car_ws/install/nav_msgs/include/nav_msgs/nav_msgs/srv/detail/get_plan__functions.h
[0.654s] -- Up-to-date: /root/ros_ws/src/Rescue_Car_ws/install/nav_msgs/include/nav_msgs/nav_msgs/srv/detail/get_map__functions.h
[0.654s] -- Up-to-date: /root/ros_ws/src/Rescue_Car_ws/install/nav_msgs/include/nav_msgs/nav_msgs/srv/detail/get_map__functions.c
[0.655s] -- Up-to-date: /root/ros_ws/src/Rescue_Car_ws/install/nav_msgs/include/nav_msgs/nav_msgs/srv/detail/set_map__type_support.h
[0.655s] -- Up-to-date: /root/ros_ws/src/Rescue_Car_ws/install/nav_msgs/include/nav_msgs/nav_msgs/srv/detail/set_map__functions.h
[0.655s] -- Up-to-date: /root/ros_ws/src/Rescue_Car_ws/install/nav_msgs/include/nav_msgs/nav_msgs/srv/detail/get_map__struct.h
[0.655s] -- Up-to-date: /root/ros_ws/src/Rescue_Car_ws/install/nav_msgs/include/nav_msgs/nav_msgs/srv/detail/get_map__type_support.h
[0.655s] -- Up-to-date: /root/ros_ws/src/Rescue_Car_ws/install/nav_msgs/include/nav_msgs/nav_msgs/srv/detail/load_map__type_support.h
[0.655s] -- Up-to-date: /root/ros_ws/src/Rescue_Car_ws/install/nav_msgs/include/nav_msgs/nav_msgs/srv/detail/load_map__functions.h
[0.655s] -- Up-to-date: /root/ros_ws/src/Rescue_Car_ws/install/nav_msgs/include/nav_msgs/nav_msgs/srv/detail/load_map__struct.h
[0.655s] -- Up-to-date: /root/ros_ws/src/Rescue_Car_ws/install/nav_msgs/include/nav_msgs/nav_msgs/srv/detail/load_map__functions.c
[0.656s] -- Up-to-date: /root/ros_ws/src/Rescue_Car_ws/install/nav_msgs/include/nav_msgs/nav_msgs/srv/detail/get_plan__struct.h
[0.656s] -- Up-to-date: /root/ros_ws/src/Rescue_Car_ws/install/nav_msgs/include/nav_msgs/nav_msgs/srv/detail/get_plan__functions.c
[0.656s] -- Up-to-date: /root/ros_ws/src/Rescue_Car_ws/install/nav_msgs/include/nav_msgs/nav_msgs/srv/detail/get_plan__type_support.h
[0.657s] -- Up-to-date: /root/ros_ws/src/Rescue_Car_ws/install/nav_msgs/include/nav_msgs/nav_msgs/srv/detail/set_map__functions.c
[0.657s] -- Up-to-date: /root/ros_ws/src/Rescue_Car_ws/install/nav_msgs/include/nav_msgs/nav_msgs/srv/detail/set_map__struct.h
[0.657s] -- Up-to-date: /root/ros_ws/src/Rescue_Car_ws/install/nav_msgs/include/nav_msgs/nav_msgs/srv/get_plan.h
[0.657s] -- Up-to-date: /root/ros_ws/src/Rescue_Car_ws/install/nav_msgs/include/nav_msgs/nav_msgs/srv/get_map.h
[0.657s] -- Up-to-date: /root/ros_ws/src/Rescue_Car_ws/install/nav_msgs/include/nav_msgs/nav_msgs/srv/load_map.h
[0.657s] -- Up-to-date: /root/ros_ws/src/Rescue_Car_ws/install/nav_msgs/include/nav_msgs/nav_msgs/msg
[0.657s] -- Up-to-date: /root/ros_ws/src/Rescue_Car_ws/install/nav_msgs/include/nav_msgs/nav_msgs/msg/odometry.h
[0.658s] -- Up-to-date: /root/ros_ws/src/Rescue_Car_ws/install/nav_msgs/include/nav_msgs/nav_msgs/msg/map_meta_data.h
[0.658s] -- Up-to-date: /root/ros_ws/src/Rescue_Car_ws/install/nav_msgs/include/nav_msgs/nav_msgs/msg/detail
[0.658s] -- Up-to-date: /root/ros_ws/src/Rescue_Car_ws/install/nav_msgs/include/nav_msgs/nav_msgs/msg/detail/occupancy_grid__struct.h
[0.658s] -- Up-to-date: /root/ros_ws/src/Rescue_Car_ws/install/nav_msgs/include/nav_msgs/nav_msgs/msg/detail/occupancy_grid__functions.c
[0.659s] -- Up-to-date: /root/ros_ws/src/Rescue_Car_ws/install/nav_msgs/include/nav_msgs/nav_msgs/msg/detail/path__type_support.h
[0.659s] -- Up-to-date: /root/ros_ws/src/Rescue_Car_ws/install/nav_msgs/include/nav_msgs/nav_msgs/msg/detail/goals__struct.h
[0.659s] -- Up-to-date: /root/ros_ws/src/Rescue_Car_ws/install/nav_msgs/include/nav_msgs/nav_msgs/msg/detail/path__struct.h
[0.659s] -- Up-to-date: /root/ros_ws/src/Rescue_Car_ws/install/nav_msgs/include/nav_msgs/nav_msgs/msg/detail/goals__functions.h
[0.659s] -- Up-to-date: /root/ros_ws/src/Rescue_Car_ws/install/nav_msgs/include/nav_msgs/nav_msgs/msg/detail/path__functions.h
[0.659s] -- Up-to-date: /root/ros_ws/src/Rescue_Car_ws/install/nav_msgs/include/nav_msgs/nav_msgs/msg/detail/path__functions.c
[0.659s] -- Up-to-date: /root/ros_ws/src/Rescue_Car_ws/install/nav_msgs/include/nav_msgs/nav_msgs/msg/detail/odometry__type_support.h
[0.659s] -- Up-to-date: /root/ros_ws/src/Rescue_Car_ws/install/nav_msgs/include/nav_msgs/nav_msgs/msg/detail/odometry__struct.h
[0.659s] -- Up-to-date: /root/ros_ws/src/Rescue_Car_ws/install/nav_msgs/include/nav_msgs/nav_msgs/msg/detail/map_meta_data__functions.h
[0.659s] -- Up-to-date: /root/ros_ws/src/Rescue_Car_ws/install/nav_msgs/include/nav_msgs/nav_msgs/msg/detail/grid_cells__functions.h
[0.659s] -- Up-to-date: /root/ros_ws/src/Rescue_Car_ws/install/nav_msgs/include/nav_msgs/nav_msgs/msg/detail/occupancy_grid__functions.h
[0.659s] -- Up-to-date: /root/ros_ws/src/Rescue_Car_ws/install/nav_msgs/include/nav_msgs/nav_msgs/msg/detail/map_meta_data__functions.c
[0.659s] -- Up-to-date: /root/ros_ws/src/Rescue_Car_ws/install/nav_msgs/include/nav_msgs/nav_msgs/msg/detail/goals__type_support.h
[0.659s] -- Up-to-date: /root/ros_ws/src/Rescue_Car_ws/install/nav_msgs/include/nav_msgs/nav_msgs/msg/detail/occupancy_grid__type_support.h
[0.659s] -- Up-to-date: /root/ros_ws/src/Rescue_Car_ws/install/nav_msgs/include/nav_msgs/nav_msgs/msg/detail/map_meta_data__type_support.h
[0.659s] -- Up-to-date: /root/ros_ws/src/Rescue_Car_ws/install/nav_msgs/include/nav_msgs/nav_msgs/msg/detail/goals__functions.c
[0.659s] -- Up-to-date: /root/ros_ws/src/Rescue_Car_ws/install/nav_msgs/include/nav_msgs/nav_msgs/msg/detail/odometry__functions.h
[0.659s] -- Up-to-date: /root/ros_ws/src/Rescue_Car_ws/install/nav_msgs/include/nav_msgs/nav_msgs/msg/detail/map_meta_data__struct.h
[0.659s] -- Up-to-date: /root/ros_ws/src/Rescue_Car_ws/install/nav_msgs/include/nav_msgs/nav_msgs/msg/detail/grid_cells__struct.h
[0.660s] -- Up-to-date: /root/ros_ws/src/Rescue_Car_ws/install/nav_msgs/include/nav_msgs/nav_msgs/msg/detail/grid_cells__functions.c
[0.660s] -- Up-to-date: /root/ros_ws/src/Rescue_Car_ws/install/nav_msgs/include/nav_msgs/nav_msgs/msg/detail/grid_cells__type_support.h
[0.660s] -- Up-to-date: /root/ros_ws/src/Rescue_Car_ws/install/nav_msgs/include/nav_msgs/nav_msgs/msg/detail/odometry__functions.c
[0.660s] -- Up-to-date: /root/ros_ws/src/Rescue_Car_ws/install/nav_msgs/include/nav_msgs/nav_msgs/msg/goals.h
[0.660s] -- Up-to-date: /root/ros_ws/src/Rescue_Car_ws/install/nav_msgs/include/nav_msgs/nav_msgs/msg/grid_cells.h
[0.660s] -- Up-to-date: /root/ros_ws/src/Rescue_Car_ws/install/nav_msgs/include/nav_msgs/nav_msgs/msg/rosidl_generator_c__visibility_control.h
[0.660s] -- Up-to-date: /root/ros_ws/src/Rescue_Car_ws/install/nav_msgs/include/nav_msgs/nav_msgs/msg/occupancy_grid.h
[0.660s] -- Up-to-date: /root/ros_ws/src/Rescue_Car_ws/install/nav_msgs/include/nav_msgs/nav_msgs/msg/path.h
[0.660s] -- Up-to-date: /root/ros_ws/src/Rescue_Car_ws/install/nav_msgs/share/nav_msgs/environment/library_path.sh
[0.660s] -- Up-to-date: /root/ros_ws/src/Rescue_Car_ws/install/nav_msgs/share/nav_msgs/environment/library_path.dsv
[0.660s] -- Up-to-date: /root/ros_ws/src/Rescue_Car_ws/install/nav_msgs/lib/libnav_msgs__rosidl_generator_c.so
[0.660s] -- Up-to-date: /root/ros_ws/src/Rescue_Car_ws/install/nav_msgs/include/nav_msgs/nav_msgs
[0.660s] -- Up-to-date: /root/ros_ws/src/Rescue_Car_ws/install/nav_msgs/include/nav_msgs/nav_msgs/srv
[0.660s] -- Up-to-date: /root/ros_ws/src/Rescue_Car_ws/install/nav_msgs/include/nav_msgs/nav_msgs/srv/detail
[0.660s] -- Up-to-date: /root/ros_ws/src/Rescue_Car_ws/install/nav_msgs/include/nav_msgs/nav_msgs/srv/detail/get_map__rosidl_typesupport_fastrtps_c.h
[0.661s] -- Up-to-date: /root/ros_ws/src/Rescue_Car_ws/install/nav_msgs/include/nav_msgs/nav_msgs/srv/detail/set_map__rosidl_typesupport_fastrtps_c.h
[0.661s] -- Up-to-date: /root/ros_ws/src/Rescue_Car_ws/install/nav_msgs/include/nav_msgs/nav_msgs/srv/detail/load_map__rosidl_typesupport_fastrtps_c.h
[0.661s] -- Up-to-date: /root/ros_ws/src/Rescue_Car_ws/install/nav_msgs/include/nav_msgs/nav_msgs/srv/detail/get_plan__rosidl_typesupport_fastrtps_c.h
[0.661s] -- Up-to-date: /root/ros_ws/src/Rescue_Car_ws/install/nav_msgs/include/nav_msgs/nav_msgs/msg
[0.661s] -- Up-to-date: /root/ros_ws/src/Rescue_Car_ws/install/nav_msgs/include/nav_msgs/nav_msgs/msg/detail
[0.661s] -- Up-to-date: /root/ros_ws/src/Rescue_Car_ws/install/nav_msgs/include/nav_msgs/nav_msgs/msg/detail/odometry__rosidl_typesupport_fastrtps_c.h
[0.661s] -- Up-to-date: /root/ros_ws/src/Rescue_Car_ws/install/nav_msgs/include/nav_msgs/nav_msgs/msg/detail/grid_cells__rosidl_typesupport_fastrtps_c.h
[0.662s] -- Up-to-date: /root/ros_ws/src/Rescue_Car_ws/install/nav_msgs/include/nav_msgs/nav_msgs/msg/detail/occupancy_grid__rosidl_typesupport_fastrtps_c.h
[0.662s] -- Up-to-date: /root/ros_ws/src/Rescue_Car_ws/install/nav_msgs/include/nav_msgs/nav_msgs/msg/detail/path__rosidl_typesupport_fastrtps_c.h
[0.662s] -- Up-to-date: /root/ros_ws/src/Rescue_Car_ws/install/nav_msgs/include/nav_msgs/nav_msgs/msg/detail/goals__rosidl_typesupport_fastrtps_c.h
[0.662s] -- Up-to-date: /root/ros_ws/src/Rescue_Car_ws/install/nav_msgs/include/nav_msgs/nav_msgs/msg/detail/map_meta_data__rosidl_typesupport_fastrtps_c.h
[0.662s] -- Up-to-date: /root/ros_ws/src/Rescue_Car_ws/install/nav_msgs/include/nav_msgs/nav_msgs/msg/rosidl_typesupport_fastrtps_c__visibility_control.h
[0.662s] -- Up-to-date: /root/ros_ws/src/Rescue_Car_ws/install/nav_msgs/lib/libnav_msgs__rosidl_typesupport_fastrtps_c.so
[0.662s] -- Up-to-date: /root/ros_ws/src/Rescue_Car_ws/install/nav_msgs/include/nav_msgs/nav_msgs
[0.662s] -- Up-to-date: /root/ros_ws/src/Rescue_Car_ws/install/nav_msgs/include/nav_msgs/nav_msgs/srv
[0.662s] -- Up-to-date: /root/ros_ws/src/Rescue_Car_ws/install/nav_msgs/include/nav_msgs/nav_msgs/srv/get_map.hpp
[0.662s] -- Up-to-date: /root/ros_ws/src/Rescue_Car_ws/install/nav_msgs/include/nav_msgs/nav_msgs/srv/set_map.hpp
[0.662s] -- Up-to-date: /root/ros_ws/src/Rescue_Car_ws/install/nav_msgs/include/nav_msgs/nav_msgs/srv/detail
[0.662s] -- Up-to-date: /root/ros_ws/src/Rescue_Car_ws/install/nav_msgs/include/nav_msgs/nav_msgs/srv/detail/get_plan__traits.hpp
[0.662s] -- Up-to-date: /root/ros_ws/src/Rescue_Car_ws/install/nav_msgs/include/nav_msgs/nav_msgs/srv/detail/get_plan__struct.hpp
[0.662s] -- Up-to-date: /root/ros_ws/src/Rescue_Car_ws/install/nav_msgs/include/nav_msgs/nav_msgs/srv/detail/load_map__traits.hpp
[0.663s] -- Up-to-date: /root/ros_ws/src/Rescue_Car_ws/install/nav_msgs/include/nav_msgs/nav_msgs/srv/detail/get_map__type_support.hpp
[0.663s] -- Up-to-date: /root/ros_ws/src/Rescue_Car_ws/install/nav_msgs/include/nav_msgs/nav_msgs/srv/detail/get_plan__builder.hpp
[0.663s] -- Up-to-date: /root/ros_ws/src/Rescue_Car_ws/install/nav_msgs/include/nav_msgs/nav_msgs/srv/detail/get_map__traits.hpp
[0.663s] -- Up-to-date: /root/ros_ws/src/Rescue_Car_ws/install/nav_msgs/include/nav_msgs/nav_msgs/srv/detail/load_map__type_support.hpp
[0.663s] -- Up-to-date: /root/ros_ws/src/Rescue_Car_ws/install/nav_msgs/include/nav_msgs/nav_msgs/srv/detail/set_map__struct.hpp
[0.663s] -- Up-to-date: /root/ros_ws/src/Rescue_Car_ws/install/nav_msgs/include/nav_msgs/nav_msgs/srv/detail/set_map__type_support.hpp
[0.663s] -- Up-to-date: /root/ros_ws/src/Rescue_Car_ws/install/nav_msgs/include/nav_msgs/nav_msgs/srv/detail/get_map__struct.hpp
[0.663s] -- Up-to-date: /root/ros_ws/src/Rescue_Car_ws/install/nav_msgs/include/nav_msgs/nav_msgs/srv/detail/set_map__builder.hpp
[0.663s] -- Up-to-date: /root/ros_ws/src/Rescue_Car_ws/install/nav_msgs/include/nav_msgs/nav_msgs/srv/detail/load_map__struct.hpp
[0.663s] -- Up-to-date: /root/ros_ws/src/Rescue_Car_ws/install/nav_msgs/include/nav_msgs/nav_msgs/srv/detail/load_map__builder.hpp
[0.663s] -- Up-to-date: /root/ros_ws/src/Rescue_Car_ws/install/nav_msgs/include/nav_msgs/nav_msgs/srv/detail/get_map__builder.hpp
[0.663s] -- Up-to-date: /root/ros_ws/src/Rescue_Car_ws/install/nav_msgs/include/nav_msgs/nav_msgs/srv/detail/set_map__traits.hpp
[0.663s] -- Up-to-date: /root/ros_ws/src/Rescue_Car_ws/install/nav_msgs/include/nav_msgs/nav_msgs/srv/detail/get_plan__type_support.hpp
[0.663s] -- Up-to-date: /root/ros_ws/src/Rescue_Car_ws/install/nav_msgs/include/nav_msgs/nav_msgs/srv/load_map.hpp
[0.663s] -- Up-to-date: /root/ros_ws/src/Rescue_Car_ws/install/nav_msgs/include/nav_msgs/nav_msgs/srv/get_plan.hpp
[0.664s] -- Up-to-date: /root/ros_ws/src/Rescue_Car_ws/install/nav_msgs/include/nav_msgs/nav_msgs/msg
[0.664s] -- Up-to-date: /root/ros_ws/src/Rescue_Car_ws/install/nav_msgs/include/nav_msgs/nav_msgs/msg/rosidl_generator_cpp__visibility_control.hpp
[0.664s] -- Up-to-date: /root/ros_ws/src/Rescue_Car_ws/install/nav_msgs/include/nav_msgs/nav_msgs/msg/occupancy_grid.hpp
[0.664s] -- Up-to-date: /root/ros_ws/src/Rescue_Car_ws/install/nav_msgs/include/nav_msgs/nav_msgs/msg/path.hpp
[0.664s] -- Up-to-date: /root/ros_ws/src/Rescue_Car_ws/install/nav_msgs/include/nav_msgs/nav_msgs/msg/odometry.hpp
[0.664s] -- Up-to-date: /root/ros_ws/src/Rescue_Car_ws/install/nav_msgs/include/nav_msgs/nav_msgs/msg/detail
[0.664s] -- Up-to-date: /root/ros_ws/src/Rescue_Car_ws/install/nav_msgs/include/nav_msgs/nav_msgs/msg/detail/odometry__struct.hpp
[0.664s] -- Up-to-date: /root/ros_ws/src/Rescue_Car_ws/install/nav_msgs/include/nav_msgs/nav_msgs/msg/detail/grid_cells__struct.hpp
[0.664s] -- Up-to-date: /root/ros_ws/src/Rescue_Car_ws/install/nav_msgs/include/nav_msgs/nav_msgs/msg/detail/goals__builder.hpp
[0.664s] -- Up-to-date: /root/ros_ws/src/Rescue_Car_ws/install/nav_msgs/include/nav_msgs/nav_msgs/msg/detail/odometry__builder.hpp
[0.664s] -- Up-to-date: /root/ros_ws/src/Rescue_Car_ws/install/nav_msgs/include/nav_msgs/nav_msgs/msg/detail/path__struct.hpp
[0.664s] -- Up-to-date: /root/ros_ws/src/Rescue_Car_ws/install/nav_msgs/include/nav_msgs/nav_msgs/msg/detail/occupancy_grid__traits.hpp
[0.664s] -- Up-to-date: /root/ros_ws/src/Rescue_Car_ws/install/nav_msgs/include/nav_msgs/nav_msgs/msg/detail/occupancy_grid__struct.hpp
[0.664s] -- Up-to-date: /root/ros_ws/src/Rescue_Car_ws/install/nav_msgs/include/nav_msgs/nav_msgs/msg/detail/grid_cells__builder.hpp
[0.664s] -- Up-to-date: /root/ros_ws/src/Rescue_Car_ws/install/nav_msgs/include/nav_msgs/nav_msgs/msg/detail/goals__traits.hpp
[0.664s] -- Up-to-date: /root/ros_ws/src/Rescue_Car_ws/install/nav_msgs/include/nav_msgs/nav_msgs/msg/detail/grid_cells__traits.hpp
[0.664s] -- Up-to-date: /root/ros_ws/src/Rescue_Car_ws/install/nav_msgs/include/nav_msgs/nav_msgs/msg/detail/goals__struct.hpp
[0.664s] -- Up-to-date: /root/ros_ws/src/Rescue_Car_ws/install/nav_msgs/include/nav_msgs/nav_msgs/msg/detail/path__builder.hpp
[0.664s] -- Up-to-date: /root/ros_ws/src/Rescue_Car_ws/install/nav_msgs/include/nav_msgs/nav_msgs/msg/detail/odometry__type_support.hpp
[0.665s] -- Up-to-date: /root/ros_ws/src/Rescue_Car_ws/install/nav_msgs/include/nav_msgs/nav_msgs/msg/detail/map_meta_data__struct.hpp
[0.665s] -- Up-to-date: /root/ros_ws/src/Rescue_Car_ws/install/nav_msgs/include/nav_msgs/nav_msgs/msg/detail/goals__type_support.hpp
[0.665s] -- Up-to-date: /root/ros_ws/src/Rescue_Car_ws/install/nav_msgs/include/nav_msgs/nav_msgs/msg/detail/map_meta_data__traits.hpp
[0.665s] -- Up-to-date: /root/ros_ws/src/Rescue_Car_ws/install/nav_msgs/include/nav_msgs/nav_msgs/msg/detail/occupancy_grid__type_support.hpp
[0.665s] -- Up-to-date: /root/ros_ws/src/Rescue_Car_ws/install/nav_msgs/include/nav_msgs/nav_msgs/msg/detail/path__type_support.hpp
[0.665s] -- Up-to-date: /root/ros_ws/src/Rescue_Car_ws/install/nav_msgs/include/nav_msgs/nav_msgs/msg/detail/occupancy_grid__builder.hpp
[0.665s] -- Up-to-date: /root/ros_ws/src/Rescue_Car_ws/install/nav_msgs/include/nav_msgs/nav_msgs/msg/detail/grid_cells__type_support.hpp
[0.665s] -- Up-to-date: /root/ros_ws/src/Rescue_Car_ws/install/nav_msgs/include/nav_msgs/nav_msgs/msg/detail/map_meta_data__builder.hpp
[0.665s] -- Up-to-date: /root/ros_ws/src/Rescue_Car_ws/install/nav_msgs/include/nav_msgs/nav_msgs/msg/detail/map_meta_data__type_support.hpp
[0.665s] -- Up-to-date: /root/ros_ws/src/Rescue_Car_ws/install/nav_msgs/include/nav_msgs/nav_msgs/msg/detail/path__traits.hpp
[0.665s] -- Up-to-date: /root/ros_ws/src/Rescue_Car_ws/install/nav_msgs/include/nav_msgs/nav_msgs/msg/detail/odometry__traits.hpp
[0.665s] -- Up-to-date: /root/ros_ws/src/Rescue_Car_ws/install/nav_msgs/include/nav_msgs/nav_msgs/msg/grid_cells.hpp
[0.665s] -- Up-to-date: /root/ros_ws/src/Rescue_Car_ws/install/nav_msgs/include/nav_msgs/nav_msgs/msg/map_meta_data.hpp
[0.665s] -- Up-to-date: /root/ros_ws/src/Rescue_Car_ws/install/nav_msgs/include/nav_msgs/nav_msgs/msg/goals.hpp
[0.665s] -- Up-to-date: /root/ros_ws/src/Rescue_Car_ws/install/nav_msgs/include/nav_msgs/nav_msgs
[0.665s] -- Up-to-date: /root/ros_ws/src/Rescue_Car_ws/install/nav_msgs/include/nav_msgs/nav_msgs/srv
[0.666s] -- Up-to-date: /root/ros_ws/src/Rescue_Car_ws/install/nav_msgs/include/nav_msgs/nav_msgs/srv/detail
[0.666s] -- Up-to-date: /root/ros_ws/src/Rescue_Car_ws/install/nav_msgs/include/nav_msgs/nav_msgs/srv/detail/load_map__rosidl_typesupport_fastrtps_cpp.hpp
[0.666s] -- Up-to-date: /root/ros_ws/src/Rescue_Car_ws/install/nav_msgs/include/nav_msgs/nav_msgs/srv/detail/dds_fastrtps
[0.666s] -- Up-to-date: /root/ros_ws/src/Rescue_Car_ws/install/nav_msgs/include/nav_msgs/nav_msgs/srv/detail/get_map__rosidl_typesupport_fastrtps_cpp.hpp
[0.666s] -- Up-to-date: /root/ros_ws/src/Rescue_Car_ws/install/nav_msgs/include/nav_msgs/nav_msgs/srv/detail/get_plan__rosidl_typesupport_fastrtps_cpp.hpp
[0.666s] -- Up-to-date: /root/ros_ws/src/Rescue_Car_ws/install/nav_msgs/include/nav_msgs/nav_msgs/srv/detail/set_map__rosidl_typesupport_fastrtps_cpp.hpp
[0.666s] -- Up-to-date: /root/ros_ws/src/Rescue_Car_ws/install/nav_msgs/include/nav_msgs/nav_msgs/msg
[0.666s] -- Up-to-date: /root/ros_ws/src/Rescue_Car_ws/install/nav_msgs/include/nav_msgs/nav_msgs/msg/rosidl_typesupport_fastrtps_cpp__visibility_control.h
[0.666s] -- Up-to-date: /root/ros_ws/src/Rescue_Car_ws/install/nav_msgs/include/nav_msgs/nav_msgs/msg/detail
[0.666s] -- Up-to-date: /root/ros_ws/src/Rescue_Car_ws/install/nav_msgs/include/nav_msgs/nav_msgs/msg/detail/grid_cells__rosidl_typesupport_fastrtps_cpp.hpp
[0.666s] -- Up-to-date: /root/ros_ws/src/Rescue_Car_ws/install/nav_msgs/include/nav_msgs/nav_msgs/msg/detail/occupancy_grid__rosidl_typesupport_fastrtps_cpp.hpp
[0.666s] -- Up-to-date: /root/ros_ws/src/Rescue_Car_ws/install/nav_msgs/include/nav_msgs/nav_msgs/msg/detail/path__rosidl_typesupport_fastrtps_cpp.hpp
[0.666s] -- Up-to-date: /root/ros_ws/src/Rescue_Car_ws/install/nav_msgs/include/nav_msgs/nav_msgs/msg/detail/goals__rosidl_typesupport_fastrtps_cpp.hpp
[0.666s] -- Up-to-date: /root/ros_ws/src/Rescue_Car_ws/install/nav_msgs/include/nav_msgs/nav_msgs/msg/detail/dds_fastrtps
[0.666s] -- Up-to-date: /root/ros_ws/src/Rescue_Car_ws/install/nav_msgs/include/nav_msgs/nav_msgs/msg/detail/odometry__rosidl_typesupport_fastrtps_cpp.hpp
[0.666s] -- Up-to-date: /root/ros_ws/src/Rescue_Car_ws/install/nav_msgs/include/nav_msgs/nav_msgs/msg/detail/map_meta_data__rosidl_typesupport_fastrtps_cpp.hpp
[0.666s] -- Up-to-date: /root/ros_ws/src/Rescue_Car_ws/install/nav_msgs/lib/libnav_msgs__rosidl_typesupport_fastrtps_cpp.so
[0.666s] -- Up-to-date: /root/ros_ws/src/Rescue_Car_ws/install/nav_msgs/include/nav_msgs/nav_msgs
[0.666s] -- Up-to-date: /root/ros_ws/src/Rescue_Car_ws/install/nav_msgs/include/nav_msgs/nav_msgs/srv
[0.666s] -- Up-to-date: /root/ros_ws/src/Rescue_Car_ws/install/nav_msgs/include/nav_msgs/nav_msgs/srv/detail
[0.666s] -- Up-to-date: /root/ros_ws/src/Rescue_Car_ws/install/nav_msgs/include/nav_msgs/nav_msgs/srv/detail/get_map__type_support.c
[0.667s] -- Up-to-date: /root/ros_ws/src/Rescue_Car_ws/install/nav_msgs/include/nav_msgs/nav_msgs/srv/detail/load_map__type_support.c
[0.667s] -- Up-to-date: /root/ros_ws/src/Rescue_Car_ws/install/nav_msgs/include/nav_msgs/nav_msgs/srv/detail/get_map__rosidl_typesupport_introspection_c.h
[0.667s] -- Up-to-date: /root/ros_ws/src/Rescue_Car_ws/install/nav_msgs/include/nav_msgs/nav_msgs/srv/detail/set_map__rosidl_typesupport_introspection_c.h
[0.667s] -- Up-to-date: /root/ros_ws/src/Rescue_Car_ws/install/nav_msgs/include/nav_msgs/nav_msgs/srv/detail/get_plan__rosidl_typesupport_introspection_c.h
[0.667s] -- Up-to-date: /root/ros_ws/src/Rescue_Car_ws/install/nav_msgs/include/nav_msgs/nav_msgs/srv/detail/load_map__rosidl_typesupport_introspection_c.h
[0.667s] -- Up-to-date: /root/ros_ws/src/Rescue_Car_ws/install/nav_msgs/include/nav_msgs/nav_msgs/srv/detail/get_plan__type_support.c
[0.667s] -- Up-to-date: /root/ros_ws/src/Rescue_Car_ws/install/nav_msgs/include/nav_msgs/nav_msgs/srv/detail/set_map__type_support.c
[0.667s] -- Up-to-date: /root/ros_ws/src/Rescue_Car_ws/install/nav_msgs/include/nav_msgs/nav_msgs/msg
[0.667s] -- Up-to-date: /root/ros_ws/src/Rescue_Car_ws/install/nav_msgs/include/nav_msgs/nav_msgs/msg/rosidl_typesupport_introspection_c__visibility_control.h
[0.667s] -- Up-to-date: /root/ros_ws/src/Rescue_Car_ws/install/nav_msgs/include/nav_msgs/nav_msgs/msg/detail
[0.667s] -- Up-to-date: /root/ros_ws/src/Rescue_Car_ws/install/nav_msgs/include/nav_msgs/nav_msgs/msg/detail/map_meta_data__type_support.c
[0.667s] -- Up-to-date: /root/ros_ws/src/Rescue_Car_ws/install/nav_msgs/include/nav_msgs/nav_msgs/msg/detail/odometry__type_support.c
[0.667s] -- Up-to-date: /root/ros_ws/src/Rescue_Car_ws/install/nav_msgs/include/nav_msgs/nav_msgs/msg/detail/path__rosidl_typesupport_introspection_c.h
[0.667s] -- Up-to-date: /root/ros_ws/src/Rescue_Car_ws/install/nav_msgs/include/nav_msgs/nav_msgs/msg/detail/grid_cells__type_support.c
[0.667s] -- Up-to-date: /root/ros_ws/src/Rescue_Car_ws/install/nav_msgs/include/nav_msgs/nav_msgs/msg/detail/goals__type_support.c
[0.667s] -- Up-to-date: /root/ros_ws/src/Rescue_Car_ws/install/nav_msgs/include/nav_msgs/nav_msgs/msg/detail/occupancy_grid__rosidl_typesupport_introspection_c.h
[0.667s] -- Up-to-date: /root/ros_ws/src/Rescue_Car_ws/install/nav_msgs/include/nav_msgs/nav_msgs/msg/detail/map_meta_data__rosidl_typesupport_introspection_c.h
[0.667s] -- Up-to-date: /root/ros_ws/src/Rescue_Car_ws/install/nav_msgs/include/nav_msgs/nav_msgs/msg/detail/path__type_support.c
[0.667s] -- Up-to-date: /root/ros_ws/src/Rescue_Car_ws/install/nav_msgs/include/nav_msgs/nav_msgs/msg/detail/grid_cells__rosidl_typesupport_introspection_c.h
[0.667s] -- Up-to-date: /root/ros_ws/src/Rescue_Car_ws/install/nav_msgs/include/nav_msgs/nav_msgs/msg/detail/goals__rosidl_typesupport_introspection_c.h
[0.667s] -- Up-to-date: /root/ros_ws/src/Rescue_Car_ws/install/nav_msgs/include/nav_msgs/nav_msgs/msg/detail/occupancy_grid__type_support.c
[0.668s] -- Up-to-date: /root/ros_ws/src/Rescue_Car_ws/install/nav_msgs/include/nav_msgs/nav_msgs/msg/detail/odometry__rosidl_typesupport_introspection_c.h
[0.668s] -- Up-to-date: /root/ros_ws/src/Rescue_Car_ws/install/nav_msgs/lib/libnav_msgs__rosidl_typesupport_introspection_c.so
[0.668s] -- Up-to-date: /root/ros_ws/src/Rescue_Car_ws/install/nav_msgs/lib/libnav_msgs__rosidl_typesupport_c.so
[0.668s] -- Up-to-date: /root/ros_ws/src/Rescue_Car_ws/install/nav_msgs/include/nav_msgs/nav_msgs
[0.668s] -- Up-to-date: /root/ros_ws/src/Rescue_Car_ws/install/nav_msgs/include/nav_msgs/nav_msgs/srv
[0.668s] -- Up-to-date: /root/ros_ws/src/Rescue_Car_ws/install/nav_msgs/include/nav_msgs/nav_msgs/srv/detail
[0.668s] -- Up-to-date: /root/ros_ws/src/Rescue_Car_ws/install/nav_msgs/include/nav_msgs/nav_msgs/srv/detail/get_map__rosidl_typesupport_introspection_cpp.hpp
[0.668s] -- Up-to-date: /root/ros_ws/src/Rescue_Car_ws/install/nav_msgs/include/nav_msgs/nav_msgs/srv/detail/set_map__rosidl_typesupport_introspection_cpp.hpp
[0.668s] -- Up-to-date: /root/ros_ws/src/Rescue_Car_ws/install/nav_msgs/include/nav_msgs/nav_msgs/srv/detail/get_plan__type_support.cpp
[0.668s] -- Up-to-date: /root/ros_ws/src/Rescue_Car_ws/install/nav_msgs/include/nav_msgs/nav_msgs/srv/detail/set_map__type_support.cpp
[0.668s] -- Up-to-date: /root/ros_ws/src/Rescue_Car_ws/install/nav_msgs/include/nav_msgs/nav_msgs/srv/detail/load_map__rosidl_typesupport_introspection_cpp.hpp
[0.668s] -- Up-to-date: /root/ros_ws/src/Rescue_Car_ws/install/nav_msgs/include/nav_msgs/nav_msgs/srv/detail/get_map__type_support.cpp
[0.668s] -- Up-to-date: /root/ros_ws/src/Rescue_Car_ws/install/nav_msgs/include/nav_msgs/nav_msgs/srv/detail/get_plan__rosidl_typesupport_introspection_cpp.hpp
[0.668s] -- Up-to-date: /root/ros_ws/src/Rescue_Car_ws/install/nav_msgs/include/nav_msgs/nav_msgs/srv/detail/load_map__type_support.cpp
[0.668s] -- Up-to-date: /root/ros_ws/src/Rescue_Car_ws/install/nav_msgs/include/nav_msgs/nav_msgs/msg
[0.668s] -- Up-to-date: /root/ros_ws/src/Rescue_Car_ws/install/nav_msgs/include/nav_msgs/nav_msgs/msg/detail
[0.668s] -- Up-to-date: /root/ros_ws/src/Rescue_Car_ws/install/nav_msgs/include/nav_msgs/nav_msgs/msg/detail/map_meta_data__type_support.cpp
[0.668s] -- Up-to-date: /root/ros_ws/src/Rescue_Car_ws/install/nav_msgs/include/nav_msgs/nav_msgs/msg/detail/grid_cells__type_support.cpp
[0.668s] -- Up-to-date: /root/ros_ws/src/Rescue_Car_ws/install/nav_msgs/include/nav_msgs/nav_msgs/msg/detail/occupancy_grid__type_support.cpp
[0.668s] -- Up-to-date: /root/ros_ws/src/Rescue_Car_ws/install/nav_msgs/include/nav_msgs/nav_msgs/msg/detail/odometry__type_support.cpp
[0.668s] -- Up-to-date: /root/ros_ws/src/Rescue_Car_ws/install/nav_msgs/include/nav_msgs/nav_msgs/msg/detail/path__rosidl_typesupport_introspection_cpp.hpp
[0.668s] -- Up-to-date: /root/ros_ws/src/Rescue_Car_ws/install/nav_msgs/include/nav_msgs/nav_msgs/msg/detail/odometry__rosidl_typesupport_introspection_cpp.hpp
[0.669s] -- Up-to-date: /root/ros_ws/src/Rescue_Car_ws/install/nav_msgs/include/nav_msgs/nav_msgs/msg/detail/occupancy_grid__rosidl_typesupport_introspection_cpp.hpp
[0.669s] -- Up-to-date: /root/ros_ws/src/Rescue_Car_ws/install/nav_msgs/include/nav_msgs/nav_msgs/msg/detail/map_meta_data__rosidl_typesupport_introspection_cpp.hpp
[0.669s] -- Up-to-date: /root/ros_ws/src/Rescue_Car_ws/install/nav_msgs/include/nav_msgs/nav_msgs/msg/detail/goals__rosidl_typesupport_introspection_cpp.hpp
[0.669s] -- Up-to-date: /root/ros_ws/src/Rescue_Car_ws/install/nav_msgs/include/nav_msgs/nav_msgs/msg/detail/goals__type_support.cpp
[0.669s] -- Up-to-date: /root/ros_ws/src/Rescue_Car_ws/install/nav_msgs/include/nav_msgs/nav_msgs/msg/detail/grid_cells__rosidl_typesupport_introspection_cpp.hpp
[0.669s] -- Up-to-date: /root/ros_ws/src/Rescue_Car_ws/install/nav_msgs/include/nav_msgs/nav_msgs/msg/detail/path__type_support.cpp
[0.669s] -- Up-to-date: /root/ros_ws/src/Rescue_Car_ws/install/nav_msgs/lib/libnav_msgs__rosidl_typesupport_introspection_cpp.so
[0.669s] -- Up-to-date: /root/ros_ws/src/Rescue_Car_ws/install/nav_msgs/lib/libnav_msgs__rosidl_typesupport_cpp.so
[0.670s] -- Up-to-date: /root/ros_ws/src/Rescue_Car_ws/install/nav_msgs/share/nav_msgs/environment/pythonpath.sh
[0.670s] -- Up-to-date: /root/ros_ws/src/Rescue_Car_ws/install/nav_msgs/share/nav_msgs/environment/pythonpath.dsv
[0.670s] -- Up-to-date: /root/ros_ws/src/Rescue_Car_ws/install/nav_msgs/local/lib/python3.10/dist-packages/nav_msgs-4.9.0-py3.10.egg-info
[0.670s] -- Installing: /root/ros_ws/src/Rescue_Car_ws/install/nav_msgs/local/lib/python3.10/dist-packages/nav_msgs-4.9.0-py3.10.egg-info/dependency_links.txt
[0.670s] -- Installing: /root/ros_ws/src/Rescue_Car_ws/install/nav_msgs/local/lib/python3.10/dist-packages/nav_msgs-4.9.0-py3.10.egg-info/SOURCES.txt
[0.670s] -- Installing: /root/ros_ws/src/Rescue_Car_ws/install/nav_msgs/local/lib/python3.10/dist-packages/nav_msgs-4.9.0-py3.10.egg-info/PKG-INFO
[0.670s] -- Installing: /root/ros_ws/src/Rescue_Car_ws/install/nav_msgs/local/lib/python3.10/dist-packages/nav_msgs-4.9.0-py3.10.egg-info/top_level.txt
[0.670s] -- Up-to-date: /root/ros_ws/src/Rescue_Car_ws/install/nav_msgs/local/lib/python3.10/dist-packages/nav_msgs
[0.670s] -- Up-to-date: /root/ros_ws/src/Rescue_Car_ws/install/nav_msgs/local/lib/python3.10/dist-packages/nav_msgs/libnav_msgs__rosidl_generator_py.so
[0.670s] -- Up-to-date: /root/ros_ws/src/Rescue_Car_ws/install/nav_msgs/local/lib/python3.10/dist-packages/nav_msgs/nav_msgs_s__rosidl_typesupport_c.cpython-310-x86_64-linux-gnu.so
[0.670s] -- Up-to-date: /root/ros_ws/src/Rescue_Car_ws/install/nav_msgs/local/lib/python3.10/dist-packages/nav_msgs/_nav_msgs_s.ep.rosidl_typesupport_introspection_c.c
[0.670s] -- Up-to-date: /root/ros_ws/src/Rescue_Car_ws/install/nav_msgs/local/lib/python3.10/dist-packages/nav_msgs/_nav_msgs_s.ep.rosidl_typesupport_fastrtps_c.c
[0.670s] -- Up-to-date: /root/ros_ws/src/Rescue_Car_ws/install/nav_msgs/local/lib/python3.10/dist-packages/nav_msgs/srv
[0.670s] -- Up-to-date: /root/ros_ws/src/Rescue_Car_ws/install/nav_msgs/local/lib/python3.10/dist-packages/nav_msgs/srv/_set_map_s.c
[0.670s] -- Up-to-date: /root/ros_ws/src/Rescue_Car_ws/install/nav_msgs/local/lib/python3.10/dist-packages/nav_msgs/srv/_set_map.py
[0.670s] -- Up-to-date: /root/ros_ws/src/Rescue_Car_ws/install/nav_msgs/local/lib/python3.10/dist-packages/nav_msgs/srv/_get_plan_s.c
[0.670s] -- Up-to-date: /root/ros_ws/src/Rescue_Car_ws/install/nav_msgs/local/lib/python3.10/dist-packages/nav_msgs/srv/_get_map_s.c
[0.670s] -- Up-to-date: /root/ros_ws/src/Rescue_Car_ws/install/nav_msgs/local/lib/python3.10/dist-packages/nav_msgs/srv/_get_plan.py
[0.670s] -- Up-to-date: /root/ros_ws/src/Rescue_Car_ws/install/nav_msgs/local/lib/python3.10/dist-packages/nav_msgs/srv/_load_map.py
[0.670s] -- Up-to-date: /root/ros_ws/src/Rescue_Car_ws/install/nav_msgs/local/lib/python3.10/dist-packages/nav_msgs/srv/_get_map.py
[0.670s] -- Up-to-date: /root/ros_ws/src/Rescue_Car_ws/install/nav_msgs/local/lib/python3.10/dist-packages/nav_msgs/srv/__init__.py
[0.670s] -- Up-to-date: /root/ros_ws/src/Rescue_Car_ws/install/nav_msgs/local/lib/python3.10/dist-packages/nav_msgs/srv/_load_map_s.c
[0.670s] -- Up-to-date: /root/ros_ws/src/Rescue_Car_ws/install/nav_msgs/local/lib/python3.10/dist-packages/nav_msgs/nav_msgs_s__rosidl_typesupport_introspection_c.cpython-310-x86_64-linux-gnu.so
[0.670s] -- Up-to-date: /root/ros_ws/src/Rescue_Car_ws/install/nav_msgs/local/lib/python3.10/dist-packages/nav_msgs/__init__.py
[0.670s] -- Up-to-date: /root/ros_ws/src/Rescue_Car_ws/install/nav_msgs/local/lib/python3.10/dist-packages/nav_msgs/_nav_msgs_s.ep.rosidl_typesupport_c.c
[0.670s] -- Up-to-date: /root/ros_ws/src/Rescue_Car_ws/install/nav_msgs/local/lib/python3.10/dist-packages/nav_msgs/msg
[0.670s] -- Up-to-date: /root/ros_ws/src/Rescue_Car_ws/install/nav_msgs/local/lib/python3.10/dist-packages/nav_msgs/msg/_occupancy_grid_s.c
[0.670s] -- Up-to-date: /root/ros_ws/src/Rescue_Car_ws/install/nav_msgs/local/lib/python3.10/dist-packages/nav_msgs/msg/_odometry.py
[0.670s] -- Up-to-date: /root/ros_ws/src/Rescue_Car_ws/install/nav_msgs/local/lib/python3.10/dist-packages/nav_msgs/msg/_occupancy_grid.py
[0.670s] -- Up-to-date: /root/ros_ws/src/Rescue_Car_ws/install/nav_msgs/local/lib/python3.10/dist-packages/nav_msgs/msg/_odometry_s.c
[0.670s] -- Up-to-date: /root/ros_ws/src/Rescue_Car_ws/install/nav_msgs/local/lib/python3.10/dist-packages/nav_msgs/msg/_map_meta_data.py
[0.670s] -- Up-to-date: /root/ros_ws/src/Rescue_Car_ws/install/nav_msgs/local/lib/python3.10/dist-packages/nav_msgs/msg/_map_meta_data_s.c
[0.670s] -- Up-to-date: /root/ros_ws/src/Rescue_Car_ws/install/nav_msgs/local/lib/python3.10/dist-packages/nav_msgs/msg/_goals.py
[0.670s] -- Up-to-date: /root/ros_ws/src/Rescue_Car_ws/install/nav_msgs/local/lib/python3.10/dist-packages/nav_msgs/msg/_path_s.c
[0.671s] -- Up-to-date: /root/ros_ws/src/Rescue_Car_ws/install/nav_msgs/local/lib/python3.10/dist-packages/nav_msgs/msg/_path.py
[0.671s] -- Up-to-date: /root/ros_ws/src/Rescue_Car_ws/install/nav_msgs/local/lib/python3.10/dist-packages/nav_msgs/msg/__init__.py
[0.671s] -- Up-to-date: /root/ros_ws/src/Rescue_Car_ws/install/nav_msgs/local/lib/python3.10/dist-packages/nav_msgs/msg/_grid_cells.py
[0.671s] -- Up-to-date: /root/ros_ws/src/Rescue_Car_ws/install/nav_msgs/local/lib/python3.10/dist-packages/nav_msgs/msg/_grid_cells_s.c
[0.671s] -- Up-to-date: /root/ros_ws/src/Rescue_Car_ws/install/nav_msgs/local/lib/python3.10/dist-packages/nav_msgs/msg/_goals_s.c
[0.671s] -- Up-to-date: /root/ros_ws/src/Rescue_Car_ws/install/nav_msgs/local/lib/python3.10/dist-packages/nav_msgs/nav_msgs_s__rosidl_typesupport_fastrtps_c.cpython-310-x86_64-linux-gnu.so
[0.768s] Listing '/root/ros_ws/src/Rescue_Car_ws/install/nav_msgs/local/lib/python3.10/dist-packages/nav_msgs'...
[0.768s] Listing '/root/ros_ws/src/Rescue_Car_ws/install/nav_msgs/local/lib/python3.10/dist-packages/nav_msgs/msg'...
[0.768s] Listing '/root/ros_ws/src/Rescue_Car_ws/install/nav_msgs/local/lib/python3.10/dist-packages/nav_msgs/srv'...
[0.805s] -- Up-to-date: /root/ros_ws/src/Rescue_Car_ws/install/nav_msgs/local/lib/python3.10/dist-packages/nav_msgs/nav_msgs_s__rosidl_typesupport_fastrtps_c.cpython-310-x86_64-linux-gnu.so
[0.809s] -- Up-to-date: /root/ros_ws/src/Rescue_Car_ws/install/nav_msgs/local/lib/python3.10/dist-packages/nav_msgs/nav_msgs_s__rosidl_typesupport_introspection_c.cpython-310-x86_64-linux-gnu.so
[0.809s] -- Up-to-date: /root/ros_ws/src/Rescue_Car_ws/install/nav_msgs/local/lib/python3.10/dist-packages/nav_msgs/nav_msgs_s__rosidl_typesupport_c.cpython-310-x86_64-linux-gnu.so
[0.809s] -- Up-to-date: /root/ros_ws/src/Rescue_Car_ws/install/nav_msgs/lib/libnav_msgs__rosidl_generator_py.so
[0.809s] -- Up-to-date: /root/ros_ws/src/Rescue_Car_ws/install/nav_msgs/share/nav_msgs/msg/Goals.idl
[0.810s] -- Up-to-date: /root/ros_ws/src/Rescue_Car_ws/install/nav_msgs/share/nav_msgs/msg/GridCells.idl
[0.810s] -- Up-to-date: /root/ros_ws/src/Rescue_Car_ws/install/nav_msgs/share/nav_msgs/msg/MapMetaData.idl
[0.810s] -- Up-to-date: /root/ros_ws/src/Rescue_Car_ws/install/nav_msgs/share/nav_msgs/msg/OccupancyGrid.idl
[0.810s] -- Up-to-date: /root/ros_ws/src/Rescue_Car_ws/install/nav_msgs/share/nav_msgs/msg/Odometry.idl
[0.810s] -- Up-to-date: /root/ros_ws/src/Rescue_Car_ws/install/nav_msgs/share/nav_msgs/msg/Path.idl
[0.811s] -- Up-to-date: /root/ros_ws/src/Rescue_Car_ws/install/nav_msgs/share/nav_msgs/srv/GetMap.idl
[0.811s] -- Up-to-date: /root/ros_ws/src/Rescue_Car_ws/install/nav_msgs/share/nav_msgs/srv/GetPlan.idl
[0.811s] -- Up-to-date: /root/ros_ws/src/Rescue_Car_ws/install/nav_msgs/share/nav_msgs/srv/LoadMap.idl
[0.811s] -- Up-to-date: /root/ros_ws/src/Rescue_Car_ws/install/nav_msgs/share/nav_msgs/srv/SetMap.idl
[0.811s] -- Up-to-date: /root/ros_ws/src/Rescue_Car_ws/install/nav_msgs/share/nav_msgs/msg/Goals.msg
[0.811s] -- Up-to-date: /root/ros_ws/src/Rescue_Car_ws/install/nav_msgs/share/nav_msgs/msg/GridCells.msg
[0.811s] -- Up-to-date: /root/ros_ws/src/Rescue_Car_ws/install/nav_msgs/share/nav_msgs/msg/MapMetaData.msg
[0.811s] -- Up-to-date: /root/ros_ws/src/Rescue_Car_ws/install/nav_msgs/share/nav_msgs/msg/OccupancyGrid.msg
[0.811s] -- Up-to-date: /root/ros_ws/src/Rescue_Car_ws/install/nav_msgs/share/nav_msgs/msg/Odometry.msg
[0.811s] -- Up-to-date: /root/ros_ws/src/Rescue_Car_ws/install/nav_msgs/share/nav_msgs/msg/Path.msg
[0.811s] -- Up-to-date: /root/ros_ws/src/Rescue_Car_ws/install/nav_msgs/share/nav_msgs/srv/GetMap.srv
[0.811s] -- Up-to-date: /root/ros_ws/src/Rescue_Car_ws/install/nav_msgs/share/nav_msgs/srv/GetMap_Request.msg
[0.812s] -- Up-to-date: /root/ros_ws/src/Rescue_Car_ws/install/nav_msgs/share/nav_msgs/srv/GetMap_Response.msg
[0.812s] -- Up-to-date: /root/ros_ws/src/Rescue_Car_ws/install/nav_msgs/share/nav_msgs/srv/GetPlan.srv
[0.812s] -- Up-to-date: /root/ros_ws/src/Rescue_Car_ws/install/nav_msgs/share/nav_msgs/srv/GetPlan_Request.msg
[0.812s] -- Up-to-date: /root/ros_ws/src/Rescue_Car_ws/install/nav_msgs/share/nav_msgs/srv/GetPlan_Response.msg
[0.812s] -- Up-to-date: /root/ros_ws/src/Rescue_Car_ws/install/nav_msgs/share/nav_msgs/srv/LoadMap.srv
[0.812s] -- Up-to-date: /root/ros_ws/src/Rescue_Car_ws/install/nav_msgs/share/nav_msgs/srv/LoadMap_Request.msg
[0.812s] -- Up-to-date: /root/ros_ws/src/Rescue_Car_ws/install/nav_msgs/share/nav_msgs/srv/LoadMap_Response.msg
[0.812s] -- Up-to-date: /root/ros_ws/src/Rescue_Car_ws/install/nav_msgs/share/nav_msgs/srv/SetMap.srv
[0.812s] -- Up-to-date: /root/ros_ws/src/Rescue_Car_ws/install/nav_msgs/share/nav_msgs/srv/SetMap_Request.msg
[0.813s] -- Up-to-date: /root/ros_ws/src/Rescue_Car_ws/install/nav_msgs/share/nav_msgs/srv/SetMap_Response.msg
[0.813s] -- Up-to-date: /root/ros_ws/src/Rescue_Car_ws/install/nav_msgs/share/ament_index/resource_index/package_run_dependencies/nav_msgs
[0.813s] -- Up-to-date: /root/ros_ws/src/Rescue_Car_ws/install/nav_msgs/share/ament_index/resource_index/parent_prefix_path/nav_msgs
[0.813s] -- Up-to-date: /root/ros_ws/src/Rescue_Car_ws/install/nav_msgs/share/nav_msgs/environment/ament_prefix_path.sh
[0.813s] -- Up-to-date: /root/ros_ws/src/Rescue_Car_ws/install/nav_msgs/share/nav_msgs/environment/ament_prefix_path.dsv
[0.813s] -- Up-to-date: /root/ros_ws/src/Rescue_Car_ws/install/nav_msgs/share/nav_msgs/environment/path.sh
[0.813s] -- Up-to-date: /root/ros_ws/src/Rescue_Car_ws/install/nav_msgs/share/nav_msgs/environment/path.dsv
[0.813s] -- Up-to-date: /root/ros_ws/src/Rescue_Car_ws/install/nav_msgs/share/nav_msgs/local_setup.bash
[0.813s] -- Up-to-date: /root/ros_ws/src/Rescue_Car_ws/install/nav_msgs/share/nav_msgs/local_setup.sh
[0.819s] -- Up-to-date: /root/ros_ws/src/Rescue_Car_ws/install/nav_msgs/share/nav_msgs/local_setup.zsh
[0.819s] -- Up-to-date: /root/ros_ws/src/Rescue_Car_ws/install/nav_msgs/share/nav_msgs/local_setup.dsv
[0.819s] -- Installing: /root/ros_ws/src/Rescue_Car_ws/install/nav_msgs/share/nav_msgs/package.dsv
[0.819s] -- Up-to-date: /root/ros_ws/src/Rescue_Car_ws/install/nav_msgs/share/ament_index/resource_index/packages/nav_msgs
[0.819s] -- Up-to-date: /root/ros_ws/src/Rescue_Car_ws/install/nav_msgs/share/nav_msgs/cmake/export_nav_msgs__rosidl_generator_cExport.cmake
[0.820s] -- Up-to-date: /root/ros_ws/src/Rescue_Car_ws/install/nav_msgs/share/nav_msgs/cmake/export_nav_msgs__rosidl_generator_cExport-noconfig.cmake
[0.820s] -- Up-to-date: /root/ros_ws/src/Rescue_Car_ws/install/nav_msgs/share/nav_msgs/cmake/export_nav_msgs__rosidl_typesupport_fastrtps_cExport.cmake
[0.820s] -- Up-to-date: /root/ros_ws/src/Rescue_Car_ws/install/nav_msgs/share/nav_msgs/cmake/export_nav_msgs__rosidl_typesupport_fastrtps_cExport-noconfig.cmake
[0.820s] -- Up-to-date: /root/ros_ws/src/Rescue_Car_ws/install/nav_msgs/share/nav_msgs/cmake/export_nav_msgs__rosidl_generator_cppExport.cmake
[0.820s] -- Up-to-date: /root/ros_ws/src/Rescue_Car_ws/install/nav_msgs/share/nav_msgs/cmake/export_nav_msgs__rosidl_typesupport_fastrtps_cppExport.cmake
[0.820s] -- Up-to-date: /root/ros_ws/src/Rescue_Car_ws/install/nav_msgs/share/nav_msgs/cmake/export_nav_msgs__rosidl_typesupport_fastrtps_cppExport-noconfig.cmake
[0.820s] -- Up-to-date: /root/ros_ws/src/Rescue_Car_ws/install/nav_msgs/share/nav_msgs/cmake/nav_msgs__rosidl_typesupport_introspection_cExport.cmake
[0.820s] -- Up-to-date: /root/ros_ws/src/Rescue_Car_ws/install/nav_msgs/share/nav_msgs/cmake/nav_msgs__rosidl_typesupport_introspection_cExport-noconfig.cmake
[0.820s] -- Up-to-date: /root/ros_ws/src/Rescue_Car_ws/install/nav_msgs/share/nav_msgs/cmake/nav_msgs__rosidl_typesupport_cExport.cmake
[0.820s] -- Up-to-date: /root/ros_ws/src/Rescue_Car_ws/install/nav_msgs/share/nav_msgs/cmake/nav_msgs__rosidl_typesupport_cExport-noconfig.cmake
[0.820s] -- Up-to-date: /root/ros_ws/src/Rescue_Car_ws/install/nav_msgs/share/nav_msgs/cmake/nav_msgs__rosidl_typesupport_introspection_cppExport.cmake
[0.821s] -- Up-to-date: /root/ros_ws/src/Rescue_Car_ws/install/nav_msgs/share/nav_msgs/cmake/nav_msgs__rosidl_typesupport_introspection_cppExport-noconfig.cmake
[0.821s] -- Up-to-date: /root/ros_ws/src/Rescue_Car_ws/install/nav_msgs/share/nav_msgs/cmake/nav_msgs__rosidl_typesupport_cppExport.cmake
[0.821s] -- Up-to-date: /root/ros_ws/src/Rescue_Car_ws/install/nav_msgs/share/nav_msgs/cmake/nav_msgs__rosidl_typesupport_cppExport-noconfig.cmake
[0.821s] -- Up-to-date: /root/ros_ws/src/Rescue_Car_ws/install/nav_msgs/share/nav_msgs/cmake/export_nav_msgs__rosidl_generator_pyExport.cmake
[0.821s] -- Up-to-date: /root/ros_ws/src/Rescue_Car_ws/install/nav_msgs/share/nav_msgs/cmake/export_nav_msgs__rosidl_generator_pyExport-noconfig.cmake
[0.821s] -- Up-to-date: /root/ros_ws/src/Rescue_Car_ws/install/nav_msgs/share/nav_msgs/cmake/rosidl_cmake-extras.cmake
[0.821s] -- Up-to-date: /root/ros_ws/src/Rescue_Car_ws/install/nav_msgs/share/nav_msgs/cmake/ament_cmake_export_dependencies-extras.cmake
[0.821s] -- Up-to-date: /root/ros_ws/src/Rescue_Car_ws/install/nav_msgs/share/nav_msgs/cmake/ament_cmake_export_include_directories-extras.cmake
[0.821s] -- Up-to-date: /root/ros_ws/src/Rescue_Car_ws/install/nav_msgs/share/nav_msgs/cmake/ament_cmake_export_libraries-extras.cmake
[0.822s] -- Up-to-date: /root/ros_ws/src/Rescue_Car_ws/install/nav_msgs/share/nav_msgs/cmake/ament_cmake_export_targets-extras.cmake
[0.822s] -- Up-to-date: /root/ros_ws/src/Rescue_Car_ws/install/nav_msgs/share/nav_msgs/cmake/rosidl_cmake_export_typesupport_targets-extras.cmake
[0.822s] -- Up-to-date: /root/ros_ws/src/Rescue_Car_ws/install/nav_msgs/share/nav_msgs/cmake/rosidl_cmake_export_typesupport_libraries-extras.cmake
[0.822s] -- Up-to-date: /root/ros_ws/src/Rescue_Car_ws/install/nav_msgs/share/nav_msgs/cmake/nav_msgsConfig.cmake
[0.822s] -- Up-to-date: /root/ros_ws/src/Rescue_Car_ws/install/nav_msgs/share/nav_msgs/cmake/nav_msgsConfig-version.cmake
[0.822s] -- Up-to-date: /root/ros_ws/src/Rescue_Car_ws/install/nav_msgs/share/nav_msgs/package.xml
[0.838s] Invoked command in '/root/ros_ws/src/Rescue_Car_ws/build/nav_msgs' returned '0': CMAKE_PREFIX_PATH=/root/ros_ws/src/Rescue_Car_ws/install/geometry_msgs:/root/ros_ws/src/Rescue_Car_ws/install/std_msgs:/root/ros_ws/src/Rescue_Car_ws/install/builtin_interfaces:/root/ros_ws/src/Rescue_Car_ws/install/micro_ros_demos_rclc:/root/ros_ws/src/Rescue_Car_ws/install/common_interfaces:/root/ros_ws/src/Rescue_Car_ws/install/visualization_msgs:/root/ros_ws/src/Rescue_Car_ws/install/test_msgs:/root/ros_ws/src/Rescue_Car_ws/install/example_interfaces:/root/ros_ws/src/Rescue_Car_ws/install/action_msgs:/root/ros_ws/src/Rescue_Car_ws/install/unique_identifier_msgs:/root/ros_ws/src/Rescue_Car_ws/install/trajectory_msgs:/root/ros_ws/src/Rescue_Car_ws/install/stereo_msgs:/root/ros_ws/src/Rescue_Car_ws/install/std_srvs:/root/ros_ws/src/Rescue_Car_ws/install/shape_msgs:/root/ros_ws/src/Rescue_Car_ws/install/sensor_msgs:/root/ros_ws/src/Rescue_Car_ws/install/nav_msgs:/root/ros_ws/src/Rescue_Car_ws/install/diagnostic_msgs:/root/ros_ws/src/Rescue_Car_ws/install/actionlib_msgs:/root/ros_ws/src/Rescue_Car_ws/install/statistics_msgs:/root/ros_ws/src/Rescue_Car_ws/install/rosidl_typesupport_microxrcedds_test_msg:/root/ros_ws/src/Rescue_Car_ws/install/rosidl_typesupport_microxrcedds_cpp_tests:/root/ros_ws/src/Rescue_Car_ws/install/rmw_microxrcedds:/root/ros_ws/src/Rescue_Car_ws/install/rosidl_typesupport_microxrcedds_cpp:/root/ros_ws/src/Rescue_Car_ws/install/rosidl_typesupport_microxrcedds_c_tests:/root/ros_ws/src/Rescue_Car_ws/install/rosidl_typesupport_microxrcedds_c:/root/ros_ws/src/Rescue_Car_ws/install/rosgraph_msgs:/root/ros_ws/src/Rescue_Car_ws/install/rclc_parameter:/root/ros_ws/src/Rescue_Car_ws/install/rclc:/root/ros_ws/src/Rescue_Car_ws/install/composition_interfaces:/root/ros_ws/src/Rescue_Car_ws/install/rcl_interfaces:/root/ros_ws/src/Rescue_Car_ws/install/microxrcedds_client:/root/ros_ws/src/Rescue_Car_ws/install/microcdr:/root/ros_ws/src/Rescue_Car_ws/install/micro_ros_utilities:/root/ros_ws/src/Rescue_Car_ws/install/micro_ros_setup:/root/ros_ws/src/Rescue_Car_ws/install/micro_ros_agent:/root/ros_ws/src/Rescue_Car_ws/install/micro_ros_msgs:/root/ros_ws/src/Rescue_Car_ws/install/lifecycle_msgs:/root/ros_ws/src/Rescue_Car_ws/install/complex_msgs:/root/ros_ws/src/Rescue_Car_ws/install/car:/root/ros_ws/src/Rescue_Car_ws/install/sensor_msgs_py:/opt/ros/humble LD_LIBRARY_PATH=/root/ros_ws/src/Rescue_Car_ws/install/geometry_msgs/lib:/root/ros_ws/src/Rescue_Car_ws/install/std_msgs/lib:/root/ros_ws/src/Rescue_Car_ws/install/builtin_interfaces/lib:/root/ros_ws/src/Rescue_Car_ws/install/visualization_msgs/lib:/root/ros_ws/src/Rescue_Car_ws/install/test_msgs/lib:/root/ros_ws/src/Rescue_Car_ws/install/example_interfaces/lib:/root/ros_ws/src/Rescue_Car_ws/install/action_msgs/lib:/root/ros_ws/src/Rescue_Car_ws/install/unique_identifier_msgs/lib:/root/ros_ws/src/Rescue_Car_ws/install/trajectory_msgs/lib:/root/ros_ws/src/Rescue_Car_ws/install/stereo_msgs/lib:/root/ros_ws/src/Rescue_Car_ws/install/std_srvs/lib:/root/ros_ws/src/Rescue_Car_ws/install/shape_msgs/lib:/root/ros_ws/src/Rescue_Car_ws/install/sensor_msgs/lib:/root/ros_ws/src/Rescue_Car_ws/install/nav_msgs/lib:/root/ros_ws/src/Rescue_Car_ws/install/diagnostic_msgs/lib:/root/ros_ws/src/Rescue_Car_ws/install/actionlib_msgs/lib:/root/ros_ws/src/Rescue_Car_ws/install/statistics_msgs/lib:/root/ros_ws/src/Rescue_Car_ws/install/rosidl_typesupport_microxrcedds_test_msg/lib:/root/ros_ws/src/Rescue_Car_ws/install/rmw_microxrcedds/lib:/root/ros_ws/src/Rescue_Car_ws/install/rosidl_typesupport_microxrcedds_cpp/lib:/root/ros_ws/src/Rescue_Car_ws/install/rosidl_typesupport_microxrcedds_c/lib:/root/ros_ws/src/Rescue_Car_ws/install/rosgraph_msgs/lib:/root/ros_ws/src/Rescue_Car_ws/install/rclc_parameter/lib:/root/ros_ws/src/Rescue_Car_ws/install/rclc/lib:/root/ros_ws/src/Rescue_Car_ws/install/composition_interfaces/lib:/root/ros_ws/src/Rescue_Car_ws/install/rcl_interfaces/lib:/root/ros_ws/src/Rescue_Car_ws/install/micro_ros_utilities/lib:/root/ros_ws/src/Rescue_Car_ws/install/micro_ros_agent/lib:/root/ros_ws/src/Rescue_Car_ws/install/micro_ros_msgs/lib:/root/ros_ws/src/Rescue_Car_ws/install/lifecycle_msgs/lib:/root/ros_ws/src/Rescue_Car_ws/install/complex_msgs/lib:/usr/lib/x86_64-linux-gnu/gazebo-11/plugins:/opt/ros/humble/opt/rviz_ogre_vendor/lib:/opt/ros/humble/lib/x86_64-linux-gnu:/opt/ros/humble/lib /usr/bin/cmake --install /root/ros_ws/src/Rescue_Car_ws/build/nav_msgs
