-- Found ament_cmake: 1.3.12 (/opt/ros/humble/share/ament_cmake/cmake)
-- Found Python3: /usr/bin/python3 (found version "3.10.12") found components: Interpreter 
-- Found ament_lint_auto: 0.12.14 (/opt/ros/humble/share/ament_lint_auto/cmake)
-- Added test 'copyright' to check source files copyright and LICENSE
-- Added test 'lint_cmake' to check CMake code style
-- Added test 'xmllint' to check XML markup files
-- Configuring done
-- Generating done
-- Build files have been written to: /root/ros_ws/src/Rescue_Car_ws/build/common_interfaces
-- Install configuration: ""
-- Installing: /root/ros_ws/src/Rescue_Car_ws/install/common_interfaces/share/ament_index/resource_index/package_run_dependencies/common_interfaces
-- Installing: /root/ros_ws/src/Rescue_Car_ws/install/common_interfaces/share/ament_index/resource_index/parent_prefix_path/common_interfaces
-- Installing: /root/ros_ws/src/Rescue_Car_ws/install/common_interfaces/share/common_interfaces/environment/ament_prefix_path.sh
-- Installing: /root/ros_ws/src/Rescue_Car_ws/install/common_interfaces/share/common_interfaces/environment/ament_prefix_path.dsv
-- Installing: /root/ros_ws/src/Rescue_Car_ws/install/common_interfaces/share/common_interfaces/environment/path.sh
-- Installing: /root/ros_ws/src/Rescue_Car_ws/install/common_interfaces/share/common_interfaces/environment/path.dsv
-- Installing: /root/ros_ws/src/Rescue_Car_ws/install/common_interfaces/share/common_interfaces/local_setup.bash
-- Installing: /root/ros_ws/src/Rescue_Car_ws/install/common_interfaces/share/common_interfaces/local_setup.sh
-- Installing: /root/ros_ws/src/Rescue_Car_ws/install/common_interfaces/share/common_interfaces/local_setup.zsh
-- Installing: /root/ros_ws/src/Rescue_Car_ws/install/common_interfaces/share/common_interfaces/local_setup.dsv
-- Installing: /root/ros_ws/src/Rescue_Car_ws/install/common_interfaces/share/common_interfaces/package.dsv
-- Installing: /root/ros_ws/src/Rescue_Car_ws/install/common_interfaces/share/ament_index/resource_index/packages/common_interfaces
-- Installing: /root/ros_ws/src/Rescue_Car_ws/install/common_interfaces/share/common_interfaces/cmake/common_interfacesConfig.cmake
-- Installing: /root/ros_ws/src/Rescue_Car_ws/install/common_interfaces/share/common_interfaces/cmake/common_interfacesConfig-version.cmake
-- Installing: /root/ros_ws/src/Rescue_Car_ws/install/common_interfaces/share/common_interfaces/package.xml
