[1.033s] Invoking command in '/root/ros_ws/src/Rescue_Car_ws/build/rclc_parameter': AMENT_PREFIX_PATH=/root/ros_ws/src/Rescue_Car_ws/install/rclc:/root/ros_ws/src/Rescue_Car_ws/install/test_msgs:/root/ros_ws/src/Rescue_Car_ws/install/example_interfaces:/root/ros_ws/src/Rescue_Car_ws/install/std_msgs:/root/ros_ws/src/Rescue_Car_ws/install/rcl_interfaces:/root/ros_ws/src/Rescue_Car_ws/install/action_msgs:/root/ros_ws/src/Rescue_Car_ws/install/unique_identifier_msgs:/root/ros_ws/src/Rescue_Car_ws/install/builtin_interfaces:${AMENT_PREFIX_PATH} CMAKE_PREFIX_PATH=/root/ros_ws/src/Rescue_Car_ws/install/rclc:/root/ros_ws/src/Rescue_Car_ws/install/test_msgs:/root/ros_ws/src/Rescue_Car_ws/install/example_interfaces:/root/ros_ws/src/Rescue_Car_ws/install/std_msgs:/root/ros_ws/src/Rescue_Car_ws/install/rcl_interfaces:/root/ros_ws/src/Rescue_Car_ws/install/action_msgs:/root/ros_ws/src/Rescue_Car_ws/install/unique_identifier_msgs:/root/ros_ws/src/Rescue_Car_ws/install/builtin_interfaces:/opt/ros/humble LD_LIBRARY_PATH=/root/ros_ws/src/Rescue_Car_ws/install/rclc/lib:/root/ros_ws/src/Rescue_Car_ws/install/test_msgs/lib:/root/ros_ws/src/Rescue_Car_ws/install/example_interfaces/lib:/root/ros_ws/src/Rescue_Car_ws/install/std_msgs/lib:/root/ros_ws/src/Rescue_Car_ws/install/rcl_interfaces/lib:/root/ros_ws/src/Rescue_Car_ws/install/action_msgs/lib:/root/ros_ws/src/Rescue_Car_ws/install/unique_identifier_msgs/lib:/root/ros_ws/src/Rescue_Car_ws/install/builtin_interfaces/lib:${LD_LIBRARY_PATH} PYTHONPATH=/root/ros_ws/src/Rescue_Car_ws/install/test_msgs/local/lib/python3.10/dist-packages:/root/ros_ws/src/Rescue_Car_ws/install/example_interfaces/local/lib/python3.10/dist-packages:/root/ros_ws/src/Rescue_Car_ws/install/std_msgs/local/lib/python3.10/dist-packages:/root/ros_ws/src/Rescue_Car_ws/install/rcl_interfaces/local/lib/python3.10/dist-packages:/root/ros_ws/src/Rescue_Car_ws/install/action_msgs/local/lib/python3.10/dist-packages:/root/ros_ws/src/Rescue_Car_ws/install/unique_identifier_msgs/local/lib/python3.10/dist-packages:/root/ros_ws/src/Rescue_Car_ws/install/builtin_interfaces/local/lib/python3.10/dist-packages:${PYTHONPATH} /usr/bin/cmake /root/ros_ws/src/Rescue_Car_ws/src/microros/src/uros/rclc/rclc_parameter -DCMAKE_INSTALL_PREFIX=/root/ros_ws/src/Rescue_Car_ws/install/rclc_parameter
[1.248s] -- The C compiler identification is GNU 11.4.0
[2.192s] -- The CXX compiler identification is GNU 11.4.0
[2.615s] -- Detecting C compiler ABI info
[2.774s] -- Detecting C compiler ABI info - done
[2.779s] -- Check for working C compiler: /usr/bin/cc - skipped
[2.779s] -- Detecting C compile features
[2.780s] -- Detecting C compile features - done
[2.782s] -- Detecting CXX compiler ABI info
[2.942s] -- Detecting CXX compiler ABI info - done
[2.947s] -- Check for working CXX compiler: /usr/bin/c++ - skipped
[2.947s] -- Detecting CXX compile features
[2.947s] -- Detecting CXX compile features - done
[2.949s] -- Found ament_cmake: 1.3.12 (/opt/ros/humble/share/ament_cmake/cmake)
[3.091s] -- Found Python3: /usr/bin/python3 (found version "3.10.12") found components: Interpreter 
[3.168s] -- Found rcl: 5.3.10 (/opt/ros/humble/share/rcl/cmake)
[3.363s] -- Found rosidl_generator_c: 3.1.7 (/opt/ros/humble/share/rosidl_generator_c/cmake)
[3.367s] -- Found rosidl_adapter: 3.1.7 (/opt/ros/humble/share/rosidl_adapter/cmake)
[3.375s] -- Found rosidl_generator_cpp: 3.1.7 (/opt/ros/humble/share/rosidl_generator_cpp/cmake)
[3.391s] -- Using all available rosidl_typesupport_c: rosidl_typesupport_fastrtps_c;rosidl_typesupport_introspection_c
[3.406s] -- Using all available rosidl_typesupport_cpp: rosidl_typesupport_fastrtps_cpp;rosidl_typesupport_introspection_cpp
[3.443s] -- Found rmw_implementation_cmake: 6.1.2 (/opt/ros/humble/share/rmw_implementation_cmake/cmake)
[3.445s] -- Found rmw_fastrtps_cpp: 6.2.8 (/opt/ros/humble/share/rmw_fastrtps_cpp/cmake)
[5.071s] -- Found OpenSSL: /usr/lib/x86_64-linux-gnu/libcrypto.so (found version "3.0.2")  
[7.033s] -- Found FastRTPS: /opt/ros/humble/include  
[10.222s] -- Using RMW implementation 'rmw_fastrtps_cpp' as default
[10.232s] -- Looking for pthread.h
[10.381s] -- Looking for pthread.h - found
[10.381s] -- Performing Test CMAKE_HAVE_LIBC_PTHREAD
[10.550s] -- Performing Test CMAKE_HAVE_LIBC_PTHREAD - Success
[10.551s] -- Found Threads: TRUE  
[10.558s] -- Found rclc: 4.0.2 (/root/ros_ws/src/Rescue_Car_ws/install/rclc/share/rclc/cmake)
[10.594s] -- Found rclcpp: 16.0.14 (/opt/ros/humble/share/rclcpp/cmake)
[10.640s] -- Found ament_cmake_gtest: 1.3.12 (/opt/ros/humble/share/ament_cmake_gtest/cmake)
[10.642s] -- Found ament_lint_auto: 0.12.14 (/opt/ros/humble/share/ament_lint_auto/cmake)
[10.649s] -- Found example_interfaces: 0.9.3 (/root/ros_ws/src/Rescue_Car_ws/install/example_interfaces/share/example_interfaces/cmake)
[10.739s] -- Found gtest sources under '/opt/ros/humble/src/gtest_vendor': C++ tests using 'Google Test' will be built
[10.752s] -- Added test 'cppcheck' to perform static code analysis on C / C++ code
[10.752s] -- Configured cppcheck include dirs: $<BUILD_INTERFACE:/root/ros_ws/src/Rescue_Car_ws/src/microros/src/uros/rclc/rclc_parameter/include>;$<BUILD_INTERFACE:/root/ros_ws/src/Rescue_Car_ws/src/microros/src/uros/rclc/rclc_parameter/src>;/root/ros_ws/src/Rescue_Car_ws/src/microros/src/uros/rclc/rclc_parameter/include;/root/ros_ws/src/Rescue_Car_ws/src/microros/src/uros/rclc/rclc_parameter/src
[10.752s] -- Configured cppcheck exclude dirs and/or files: 
[10.753s] -- Added test 'cpplint' to check C / C++ code against the Google style
[10.754s] -- Configured cpplint exclude dirs and/or files: 
[10.755s] -- Added test 'lint_cmake' to check CMake code style
[10.756s] -- Added test 'uncrustify' to check C / C++ code style
[10.756s] -- Configured uncrustify additional arguments: 
[10.757s] -- Added test 'xmllint' to check XML markup files
[10.761s] -- Configuring done
[10.787s] -- Generating done
[10.795s] -- Build files have been written to: /root/ros_ws/src/Rescue_Car_ws/build/rclc_parameter
[10.812s] Invoked command in '/root/ros_ws/src/Rescue_Car_ws/build/rclc_parameter' returned '0': AMENT_PREFIX_PATH=/root/ros_ws/src/Rescue_Car_ws/install/rclc:/root/ros_ws/src/Rescue_Car_ws/install/test_msgs:/root/ros_ws/src/Rescue_Car_ws/install/example_interfaces:/root/ros_ws/src/Rescue_Car_ws/install/std_msgs:/root/ros_ws/src/Rescue_Car_ws/install/rcl_interfaces:/root/ros_ws/src/Rescue_Car_ws/install/action_msgs:/root/ros_ws/src/Rescue_Car_ws/install/unique_identifier_msgs:/root/ros_ws/src/Rescue_Car_ws/install/builtin_interfaces:${AMENT_PREFIX_PATH} CMAKE_PREFIX_PATH=/root/ros_ws/src/Rescue_Car_ws/install/rclc:/root/ros_ws/src/Rescue_Car_ws/install/test_msgs:/root/ros_ws/src/Rescue_Car_ws/install/example_interfaces:/root/ros_ws/src/Rescue_Car_ws/install/std_msgs:/root/ros_ws/src/Rescue_Car_ws/install/rcl_interfaces:/root/ros_ws/src/Rescue_Car_ws/install/action_msgs:/root/ros_ws/src/Rescue_Car_ws/install/unique_identifier_msgs:/root/ros_ws/src/Rescue_Car_ws/install/builtin_interfaces:/opt/ros/humble LD_LIBRARY_PATH=/root/ros_ws/src/Rescue_Car_ws/install/rclc/lib:/root/ros_ws/src/Rescue_Car_ws/install/test_msgs/lib:/root/ros_ws/src/Rescue_Car_ws/install/example_interfaces/lib:/root/ros_ws/src/Rescue_Car_ws/install/std_msgs/lib:/root/ros_ws/src/Rescue_Car_ws/install/rcl_interfaces/lib:/root/ros_ws/src/Rescue_Car_ws/install/action_msgs/lib:/root/ros_ws/src/Rescue_Car_ws/install/unique_identifier_msgs/lib:/root/ros_ws/src/Rescue_Car_ws/install/builtin_interfaces/lib:${LD_LIBRARY_PATH} PYTHONPATH=/root/ros_ws/src/Rescue_Car_ws/install/test_msgs/local/lib/python3.10/dist-packages:/root/ros_ws/src/Rescue_Car_ws/install/example_interfaces/local/lib/python3.10/dist-packages:/root/ros_ws/src/Rescue_Car_ws/install/std_msgs/local/lib/python3.10/dist-packages:/root/ros_ws/src/Rescue_Car_ws/install/rcl_interfaces/local/lib/python3.10/dist-packages:/root/ros_ws/src/Rescue_Car_ws/install/action_msgs/local/lib/python3.10/dist-packages:/root/ros_ws/src/Rescue_Car_ws/install/unique_identifier_msgs/local/lib/python3.10/dist-packages:/root/ros_ws/src/Rescue_Car_ws/install/builtin_interfaces/local/lib/python3.10/dist-packages:${PYTHONPATH} /usr/bin/cmake /root/ros_ws/src/Rescue_Car_ws/src/microros/src/uros/rclc/rclc_parameter -DCMAKE_INSTALL_PREFIX=/root/ros_ws/src/Rescue_Car_ws/install/rclc_parameter
[10.815s] Invoking command in '/root/ros_ws/src/Rescue_Car_ws/build/rclc_parameter': AMENT_PREFIX_PATH=/root/ros_ws/src/Rescue_Car_ws/install/rclc:/root/ros_ws/src/Rescue_Car_ws/install/test_msgs:/root/ros_ws/src/Rescue_Car_ws/install/example_interfaces:/root/ros_ws/src/Rescue_Car_ws/install/std_msgs:/root/ros_ws/src/Rescue_Car_ws/install/rcl_interfaces:/root/ros_ws/src/Rescue_Car_ws/install/action_msgs:/root/ros_ws/src/Rescue_Car_ws/install/unique_identifier_msgs:/root/ros_ws/src/Rescue_Car_ws/install/builtin_interfaces:${AMENT_PREFIX_PATH} CMAKE_PREFIX_PATH=/root/ros_ws/src/Rescue_Car_ws/install/rclc:/root/ros_ws/src/Rescue_Car_ws/install/test_msgs:/root/ros_ws/src/Rescue_Car_ws/install/example_interfaces:/root/ros_ws/src/Rescue_Car_ws/install/std_msgs:/root/ros_ws/src/Rescue_Car_ws/install/rcl_interfaces:/root/ros_ws/src/Rescue_Car_ws/install/action_msgs:/root/ros_ws/src/Rescue_Car_ws/install/unique_identifier_msgs:/root/ros_ws/src/Rescue_Car_ws/install/builtin_interfaces:/opt/ros/humble LD_LIBRARY_PATH=/root/ros_ws/src/Rescue_Car_ws/install/rclc/lib:/root/ros_ws/src/Rescue_Car_ws/install/test_msgs/lib:/root/ros_ws/src/Rescue_Car_ws/install/example_interfaces/lib:/root/ros_ws/src/Rescue_Car_ws/install/std_msgs/lib:/root/ros_ws/src/Rescue_Car_ws/install/rcl_interfaces/lib:/root/ros_ws/src/Rescue_Car_ws/install/action_msgs/lib:/root/ros_ws/src/Rescue_Car_ws/install/unique_identifier_msgs/lib:/root/ros_ws/src/Rescue_Car_ws/install/builtin_interfaces/lib:${LD_LIBRARY_PATH} PYTHONPATH=/root/ros_ws/src/Rescue_Car_ws/install/test_msgs/local/lib/python3.10/dist-packages:/root/ros_ws/src/Rescue_Car_ws/install/example_interfaces/local/lib/python3.10/dist-packages:/root/ros_ws/src/Rescue_Car_ws/install/std_msgs/local/lib/python3.10/dist-packages:/root/ros_ws/src/Rescue_Car_ws/install/rcl_interfaces/local/lib/python3.10/dist-packages:/root/ros_ws/src/Rescue_Car_ws/install/action_msgs/local/lib/python3.10/dist-packages:/root/ros_ws/src/Rescue_Car_ws/install/unique_identifier_msgs/local/lib/python3.10/dist-packages:/root/ros_ws/src/Rescue_Car_ws/install/builtin_interfaces/local/lib/python3.10/dist-packages:${PYTHONPATH} /usr/bin/cmake --build /root/ros_ws/src/Rescue_Car_ws/build/rclc_parameter -- -j20 -l20
[10.824s] /usr/bin/cmake -S/root/ros_ws/src/Rescue_Car_ws/src/microros/src/uros/rclc/rclc_parameter -B/root/ros_ws/src/Rescue_Car_ws/build/rclc_parameter --check-build-system CMakeFiles/Makefile.cmake 0
[10.835s] /usr/bin/cmake -E cmake_progress_start /root/ros_ws/src/Rescue_Car_ws/build/rclc_parameter/CMakeFiles /root/ros_ws/src/Rescue_Car_ws/build/rclc_parameter//CMakeFiles/progress.marks
[10.846s] /usr/bin/gmake  -f CMakeFiles/Makefile2 all
[10.848s] gmake[1]: Entering directory '/root/ros_ws/src/Rescue_Car_ws/build/rclc_parameter'
[10.848s] /usr/bin/gmake  -f CMakeFiles/rclc_parameter.dir/build.make CMakeFiles/rclc_parameter.dir/depend
[10.848s] /usr/bin/gmake  -f gtest/CMakeFiles/gtest_main.dir/build.make gtest/CMakeFiles/gtest_main.dir/depend
[10.848s] /usr/bin/gmake  -f gtest/CMakeFiles/gtest.dir/build.make gtest/CMakeFiles/gtest.dir/depend
[10.850s] gmake[2]: Entering directory '/root/ros_ws/src/Rescue_Car_ws/build/rclc_parameter'
[10.850s] cd /root/ros_ws/src/Rescue_Car_ws/build/rclc_parameter && /usr/bin/cmake -E cmake_depends "Unix Makefiles" /root/ros_ws/src/Rescue_Car_ws/src/microros/src/uros/rclc/rclc_parameter /root/ros_ws/src/Rescue_Car_ws/src/microros/src/uros/rclc/rclc_parameter /root/ros_ws/src/Rescue_Car_ws/build/rclc_parameter /root/ros_ws/src/Rescue_Car_ws/build/rclc_parameter /root/ros_ws/src/Rescue_Car_ws/build/rclc_parameter/CMakeFiles/rclc_parameter.dir/DependInfo.cmake --color=
[10.850s] gmake[2]: Entering directory '/root/ros_ws/src/Rescue_Car_ws/build/rclc_parameter'
[10.850s] cd /root/ros_ws/src/Rescue_Car_ws/build/rclc_parameter && /usr/bin/cmake -E cmake_depends "Unix Makefiles" /root/ros_ws/src/Rescue_Car_ws/src/microros/src/uros/rclc/rclc_parameter /opt/ros/humble/src/gtest_vendor /root/ros_ws/src/Rescue_Car_ws/build/rclc_parameter /root/ros_ws/src/Rescue_Car_ws/build/rclc_parameter/gtest /root/ros_ws/src/Rescue_Car_ws/build/rclc_parameter/gtest/CMakeFiles/gtest.dir/DependInfo.cmake --color=
[10.850s] gmake[2]: Entering directory '/root/ros_ws/src/Rescue_Car_ws/build/rclc_parameter'
[10.851s] cd /root/ros_ws/src/Rescue_Car_ws/build/rclc_parameter && /usr/bin/cmake -E cmake_depends "Unix Makefiles" /root/ros_ws/src/Rescue_Car_ws/src/microros/src/uros/rclc/rclc_parameter /opt/ros/humble/src/gtest_vendor /root/ros_ws/src/Rescue_Car_ws/build/rclc_parameter /root/ros_ws/src/Rescue_Car_ws/build/rclc_parameter/gtest /root/ros_ws/src/Rescue_Car_ws/build/rclc_parameter/gtest/CMakeFiles/gtest_main.dir/DependInfo.cmake --color=
[10.858s] gmake[2]: Leaving directory '/root/ros_ws/src/Rescue_Car_ws/build/rclc_parameter'
[10.859s] /usr/bin/gmake  -f CMakeFiles/rclc_parameter.dir/build.make CMakeFiles/rclc_parameter.dir/build
[10.859s] gmake[2]: Leaving directory '/root/ros_ws/src/Rescue_Car_ws/build/rclc_parameter'
[10.859s] /usr/bin/gmake  -f gtest/CMakeFiles/gtest.dir/build.make gtest/CMakeFiles/gtest.dir/build
[10.860s] gmake[2]: Entering directory '/root/ros_ws/src/Rescue_Car_ws/build/rclc_parameter'
[10.861s] gmake[2]: Entering directory '/root/ros_ws/src/Rescue_Car_ws/build/rclc_parameter'
[10.863s] gmake[2]: Leaving directory '/root/ros_ws/src/Rescue_Car_ws/build/rclc_parameter'
[10.863s] /usr/bin/gmake  -f gtest/CMakeFiles/gtest_main.dir/build.make gtest/CMakeFiles/gtest_main.dir/build
[10.864s] gmake[2]: Entering directory '/root/ros_ws/src/Rescue_Car_ws/build/rclc_parameter'
[10.868s] [ 11%] [32mBuilding C object CMakeFiles/rclc_parameter.dir/src/rclc_parameter/parameter_utils.c.o[0m
[10.869s] [ 22%] [32mBuilding CXX object gtest/CMakeFiles/gtest.dir/src/gtest-all.cc.o[0m
[10.869s] /usr/bin/cc -DDEFAULT_RMW_IMPLEMENTATION=rmw_fastrtps_cpp -DRCLC_PARAMETER_BUILDING_LIBRARY -DRCLC_PARAMETER_MAX_STRING_LENGTH=50 -DRCUTILS_ENABLE_FAULT_INJECTION -I/root/ros_ws/src/Rescue_Car_ws/src/microros/src/uros/rclc/rclc_parameter/include -I/root/ros_ws/src/Rescue_Car_ws/src/microros/src/uros/rclc/rclc_parameter/src -isystem /root/ros_ws/src/Rescue_Car_ws/install/rclc/include -isystem /root/ros_ws/src/Rescue_Car_ws/install/rcl_interfaces/include/rcl_interfaces -isystem /root/ros_ws/src/Rescue_Car_ws/install/builtin_interfaces/include/builtin_interfaces -isystem /opt/ros/humble/include/rcl -isystem /opt/ros/humble/include/rosidl_typesupport_interface -isystem /opt/ros/humble/include/rcutils -isystem /opt/ros/humble/include/rosidl_runtime_c -isystem /opt/ros/humble/include/fastcdr -isystem /opt/ros/humble/include/rosidl_runtime_cpp -isystem /opt/ros/humble/include/rosidl_typesupport_fastrtps_cpp -isystem /opt/ros/humble/include/rmw -isystem /opt/ros/humble/include/rosidl_typesupport_fastrtps_c -isystem /opt/ros/humble/include/rosidl_typesupport_introspection_c -isystem /opt/ros/humble/include/rosidl_typesupport_introspection_cpp -isystem /opt/ros/humble/include/rcl_logging_interface -isystem /opt/ros/humble/include/rcl_yaml_param_parser -isystem /opt/ros/humble/include/libyaml_vendor -isystem /opt/ros/humble/include/tracetools -isystem /opt/ros/humble/include/rcl_action -isystem /root/ros_ws/src/Rescue_Car_ws/install/action_msgs/include/action_msgs -isystem /root/ros_ws/src/Rescue_Car_ws/install/unique_identifier_msgs/include/unique_identifier_msgs -Wall -Wextra -Wpedantic -std=gnu11 -MD -MT CMakeFiles/rclc_parameter.dir/src/rclc_parameter/parameter_utils.c.o -MF CMakeFiles/rclc_parameter.dir/src/rclc_parameter/parameter_utils.c.o.d -o CMakeFiles/rclc_parameter.dir/src/rclc_parameter/parameter_utils.c.o -c /root/ros_ws/src/Rescue_Car_ws/src/microros/src/uros/rclc/rclc_parameter/src/rclc_parameter/parameter_utils.c
[10.870s] [ 33%] [32mBuilding C object CMakeFiles/rclc_parameter.dir/src/rclc_parameter/parameter_server.c.o[0m
[10.870s] cd /root/ros_ws/src/Rescue_Car_ws/build/rclc_parameter/gtest && /usr/bin/c++ -DRCLC_PARAMETER_MAX_STRING_LENGTH=50 -I/opt/ros/humble/src/gtest_vendor/. -isystem /opt/ros/humble/src/gtest_vendor/include -fPIC -Wno-missing-field-initializers -Wall -Wextra -Wpedantic -Wno-null-dereference -std=gnu++14 -MD -MT gtest/CMakeFiles/gtest.dir/src/gtest-all.cc.o -MF CMakeFiles/gtest.dir/src/gtest-all.cc.o.d -o CMakeFiles/gtest.dir/src/gtest-all.cc.o -c /opt/ros/humble/src/gtest_vendor/src/gtest-all.cc
[10.871s] /usr/bin/cc -DDEFAULT_RMW_IMPLEMENTATION=rmw_fastrtps_cpp -DRCLC_PARAMETER_BUILDING_LIBRARY -DRCLC_PARAMETER_MAX_STRING_LENGTH=50 -DRCUTILS_ENABLE_FAULT_INJECTION -I/root/ros_ws/src/Rescue_Car_ws/src/microros/src/uros/rclc/rclc_parameter/include -I/root/ros_ws/src/Rescue_Car_ws/src/microros/src/uros/rclc/rclc_parameter/src -isystem /root/ros_ws/src/Rescue_Car_ws/install/rclc/include -isystem /root/ros_ws/src/Rescue_Car_ws/install/rcl_interfaces/include/rcl_interfaces -isystem /root/ros_ws/src/Rescue_Car_ws/install/builtin_interfaces/include/builtin_interfaces -isystem /opt/ros/humble/include/rcl -isystem /opt/ros/humble/include/rosidl_typesupport_interface -isystem /opt/ros/humble/include/rcutils -isystem /opt/ros/humble/include/rosidl_runtime_c -isystem /opt/ros/humble/include/fastcdr -isystem /opt/ros/humble/include/rosidl_runtime_cpp -isystem /opt/ros/humble/include/rosidl_typesupport_fastrtps_cpp -isystem /opt/ros/humble/include/rmw -isystem /opt/ros/humble/include/rosidl_typesupport_fastrtps_c -isystem /opt/ros/humble/include/rosidl_typesupport_introspection_c -isystem /opt/ros/humble/include/rosidl_typesupport_introspection_cpp -isystem /opt/ros/humble/include/rcl_logging_interface -isystem /opt/ros/humble/include/rcl_yaml_param_parser -isystem /opt/ros/humble/include/libyaml_vendor -isystem /opt/ros/humble/include/tracetools -isystem /opt/ros/humble/include/rcl_action -isystem /root/ros_ws/src/Rescue_Car_ws/install/action_msgs/include/action_msgs -isystem /root/ros_ws/src/Rescue_Car_ws/install/unique_identifier_msgs/include/unique_identifier_msgs -Wall -Wextra -Wpedantic -std=gnu11 -MD -MT CMakeFiles/rclc_parameter.dir/src/rclc_parameter/parameter_server.c.o -MF CMakeFiles/rclc_parameter.dir/src/rclc_parameter/parameter_server.c.o.d -o CMakeFiles/rclc_parameter.dir/src/rclc_parameter/parameter_server.c.o -c /root/ros_ws/src/Rescue_Car_ws/src/microros/src/uros/rclc/rclc_parameter/src/rclc_parameter/parameter_server.c
[10.873s] [ 44%] [32mBuilding CXX object gtest/CMakeFiles/gtest_main.dir/src/gtest_main.cc.o[0m
[10.874s] cd /root/ros_ws/src/Rescue_Car_ws/build/rclc_parameter/gtest && /usr/bin/c++ -DRCLC_PARAMETER_MAX_STRING_LENGTH=50 -I/opt/ros/humble/src/gtest_vendor/. -isystem /opt/ros/humble/src/gtest_vendor/include -Wall -Wextra -Wpedantic -std=gnu++14 -MD -MT gtest/CMakeFiles/gtest_main.dir/src/gtest_main.cc.o -MF CMakeFiles/gtest_main.dir/src/gtest_main.cc.o.d -o CMakeFiles/gtest_main.dir/src/gtest_main.cc.o -c /opt/ros/humble/src/gtest_vendor/src/gtest_main.cc
[11.025s] [ 55%] [32m[1mLinking C static library librclc_parameter.a[0m
[11.026s] /usr/bin/cmake -P CMakeFiles/rclc_parameter.dir/cmake_clean_target.cmake
[11.039s] /usr/bin/cmake -E cmake_link_script CMakeFiles/rclc_parameter.dir/link.txt --verbose=1
[11.047s] /usr/bin/ar qc librclc_parameter.a CMakeFiles/rclc_parameter.dir/src/rclc_parameter/parameter_server.c.o CMakeFiles/rclc_parameter.dir/src/rclc_parameter/parameter_utils.c.o
[11.070s] /usr/bin/ranlib librclc_parameter.a
[11.090s] gmake[2]: Leaving directory '/root/ros_ws/src/Rescue_Car_ws/build/rclc_parameter'
[11.098s] [ 55%] Built target rclc_parameter
[11.518s] [ 66%] [32m[1mLinking CXX static library libgtest_main.a[0m
[11.519s] cd /root/ros_ws/src/Rescue_Car_ws/build/rclc_parameter/gtest && /usr/bin/cmake -P CMakeFiles/gtest_main.dir/cmake_clean_target.cmake
[11.532s] cd /root/ros_ws/src/Rescue_Car_ws/build/rclc_parameter/gtest && /usr/bin/cmake -E cmake_link_script CMakeFiles/gtest_main.dir/link.txt --verbose=1
[11.544s] /usr/bin/ar qc libgtest_main.a CMakeFiles/gtest_main.dir/src/gtest_main.cc.o
[11.563s] /usr/bin/ranlib libgtest_main.a
[11.582s] gmake[2]: Leaving directory '/root/ros_ws/src/Rescue_Car_ws/build/rclc_parameter'
[11.593s] [ 66%] Built target gtest_main
[13.479s] [ 77%] [32m[1mLinking CXX static library libgtest.a[0m
[13.480s] cd /root/ros_ws/src/Rescue_Car_ws/build/rclc_parameter/gtest && /usr/bin/cmake -P CMakeFiles/gtest.dir/cmake_clean_target.cmake
[13.488s] cd /root/ros_ws/src/Rescue_Car_ws/build/rclc_parameter/gtest && /usr/bin/cmake -E cmake_link_script CMakeFiles/gtest.dir/link.txt --verbose=1
[13.498s] /usr/bin/ar qc libgtest.a CMakeFiles/gtest.dir/src/gtest-all.cc.o
[13.527s] /usr/bin/ranlib libgtest.a
[13.565s] gmake[2]: Leaving directory '/root/ros_ws/src/Rescue_Car_ws/build/rclc_parameter'
[13.573s] [ 77%] Built target gtest
[13.574s] /usr/bin/gmake  -f CMakeFiles/rclc_parameter_test.dir/build.make CMakeFiles/rclc_parameter_test.dir/depend
[13.576s] gmake[2]: Entering directory '/root/ros_ws/src/Rescue_Car_ws/build/rclc_parameter'
[13.576s] cd /root/ros_ws/src/Rescue_Car_ws/build/rclc_parameter && /usr/bin/cmake -E cmake_depends "Unix Makefiles" /root/ros_ws/src/Rescue_Car_ws/src/microros/src/uros/rclc/rclc_parameter /root/ros_ws/src/Rescue_Car_ws/src/microros/src/uros/rclc/rclc_parameter /root/ros_ws/src/Rescue_Car_ws/build/rclc_parameter /root/ros_ws/src/Rescue_Car_ws/build/rclc_parameter /root/ros_ws/src/Rescue_Car_ws/build/rclc_parameter/CMakeFiles/rclc_parameter_test.dir/DependInfo.cmake --color=
[13.583s] gmake[2]: Leaving directory '/root/ros_ws/src/Rescue_Car_ws/build/rclc_parameter'
[13.584s] /usr/bin/gmake  -f CMakeFiles/rclc_parameter_test.dir/build.make CMakeFiles/rclc_parameter_test.dir/build
[13.585s] gmake[2]: Entering directory '/root/ros_ws/src/Rescue_Car_ws/build/rclc_parameter'
[13.595s] [ 88%] [32mBuilding CXX object CMakeFiles/rclc_parameter_test.dir/test/rclc_parameter/test_parameter.cpp.o[0m
[13.596s] /usr/bin/c++ -DDEFAULT_RMW_IMPLEMENTATION=rmw_fastrtps_cpp -DRCLC_PARAMETER_BUILDING_LIBRARY -DRCLC_PARAMETER_MAX_STRING_LENGTH=50 -DRCUTILS_ENABLE_FAULT_INJECTION -I/root/ros_ws/src/Rescue_Car_ws/src/microros/src/uros/rclc/rclc_parameter/include -I/root/ros_ws/src/Rescue_Car_ws/src/microros/src/uros/rclc/rclc_parameter/src -isystem /opt/ros/humble/src/gtest_vendor/include -isystem /root/ros_ws/src/Rescue_Car_ws/install/rclc/include -isystem /root/ros_ws/src/Rescue_Car_ws/install/example_interfaces/include/example_interfaces -isystem /root/ros_ws/src/Rescue_Car_ws/install/std_msgs/include/std_msgs -isystem /opt/ros/humble/include/rclcpp -isystem /opt/ros/humble/include/rosidl_typesupport_interface -isystem /opt/ros/humble/include/rcl -isystem /opt/ros/humble/include/rcutils -isystem /opt/ros/humble/include -isystem /root/ros_ws/src/Rescue_Car_ws/install/rcl_interfaces/include/rcl_interfaces -isystem /root/ros_ws/src/Rescue_Car_ws/install/builtin_interfaces/include/builtin_interfaces -isystem /opt/ros/humble/include/rosidl_runtime_c -isystem /opt/ros/humble/include/fastcdr -isystem /opt/ros/humble/include/rosidl_runtime_cpp -isystem /opt/ros/humble/include/rosidl_typesupport_fastrtps_cpp -isystem /opt/ros/humble/include/rmw -isystem /opt/ros/humble/include/rosidl_typesupport_fastrtps_c -isystem /opt/ros/humble/include/rosidl_typesupport_introspection_c -isystem /opt/ros/humble/include/rosidl_typesupport_introspection_cpp -isystem /opt/ros/humble/include/rcl_logging_interface -isystem /opt/ros/humble/include/rcl_yaml_param_parser -isystem /opt/ros/humble/include/libyaml_vendor -isystem /opt/ros/humble/include/tracetools -isystem /opt/ros/humble/include/rcl_action -isystem /root/ros_ws/src/Rescue_Car_ws/install/action_msgs/include/action_msgs -isystem /root/ros_ws/src/Rescue_Car_ws/install/unique_identifier_msgs/include/unique_identifier_msgs -isystem /opt/ros/humble/include/ament_index_cpp -isystem /opt/ros/humble/include/libstatistics_collector -isystem /opt/ros/humble/include/rcpputils -isystem /opt/ros/humble/include/statistics_msgs -isystem /opt/ros/humble/include/rosgraph_msgs -isystem /opt/ros/humble/include/rosidl_typesupport_cpp -isystem /opt/ros/humble/include/rosidl_typesupport_c -Wall -Wextra -Wpedantic -MD -MT CMakeFiles/rclc_parameter_test.dir/test/rclc_parameter/test_parameter.cpp.o -MF CMakeFiles/rclc_parameter_test.dir/test/rclc_parameter/test_parameter.cpp.o.d -o CMakeFiles/rclc_parameter_test.dir/test/rclc_parameter/test_parameter.cpp.o -c /root/ros_ws/src/Rescue_Car_ws/src/microros/src/uros/rclc/rclc_parameter/test/rclc_parameter/test_parameter.cpp
[24.698s] [100%] [32m[1mLinking CXX executable rclc_parameter_test[0m
[24.698s] /usr/bin/cmake -E cmake_link_script CMakeFiles/rclc_parameter_test.dir/link.txt --verbose=1
[24.704s] /usr/bin/c++ CMakeFiles/rclc_parameter_test.dir/test/rclc_parameter/test_parameter.cpp.o -o rclc_parameter_test  -Wl,-rpath,/root/ros_ws/src/Rescue_Car_ws/install/std_msgs/lib:/root/ros_ws/src/Rescue_Car_ws/install/example_interfaces/lib:/root/ros_ws/src/Rescue_Car_ws/install/rcl_interfaces/lib:/root/ros_ws/src/Rescue_Car_ws/install/action_msgs/lib:/root/ros_ws/src/Rescue_Car_ws/install/builtin_interfaces/lib:/root/ros_ws/src/Rescue_Car_ws/install/unique_identifier_msgs/lib:/opt/ros/humble/lib:/root/ros_ws/src/Rescue_Car_ws/install/rclc/lib gtest/libgtest_main.a gtest/libgtest.a librclc_parameter.a /opt/ros/humble/lib/librclcpp.so /root/ros_ws/src/Rescue_Car_ws/install/rclc/lib/librclc.so /opt/ros/humble/lib/libmemory_tools_interpose.so /root/ros_ws/src/Rescue_Car_ws/install/std_msgs/lib/libstd_msgs__rosidl_typesupport_fastrtps_c.so /root/ros_ws/src/Rescue_Car_ws/install/std_msgs/lib/libstd_msgs__rosidl_typesupport_fastrtps_cpp.so /root/ros_ws/src/Rescue_Car_ws/install/std_msgs/lib/libstd_msgs__rosidl_typesupport_introspection_c.so /root/ros_ws/src/Rescue_Car_ws/install/std_msgs/lib/libstd_msgs__rosidl_typesupport_introspection_cpp.so /root/ros_ws/src/Rescue_Car_ws/install/std_msgs/lib/libstd_msgs__rosidl_typesupport_cpp.so /root/ros_ws/src/Rescue_Car_ws/install/std_msgs/lib/libstd_msgs__rosidl_generator_py.so /root/ros_ws/src/Rescue_Car_ws/install/example_interfaces/lib/libexample_interfaces__rosidl_typesupport_fastrtps_c.so /root/ros_ws/src/Rescue_Car_ws/install/example_interfaces/lib/libexample_interfaces__rosidl_typesupport_introspection_c.so /root/ros_ws/src/Rescue_Car_ws/install/example_interfaces/lib/libexample_interfaces__rosidl_typesupport_fastrtps_cpp.so /root/ros_ws/src/Rescue_Car_ws/install/example_interfaces/lib/libexample_interfaces__rosidl_typesupport_introspection_cpp.so /root/ros_ws/src/Rescue_Car_ws/install/example_interfaces/lib/libexample_interfaces__rosidl_typesupport_cpp.so /root/ros_ws/src/Rescue_Car_ws/install/example_interfaces/lib/libexample_interfaces__rosidl_generator_py.so -pthread /opt/ros/humble/lib/librcl_action.so /opt/ros/humble/lib/liblibstatistics_collector.so /opt/ros/humble/lib/librcl.so /root/ros_ws/src/Rescue_Car_ws/install/rcl_interfaces/lib/librcl_interfaces__rosidl_typesupport_fastrtps_c.so /root/ros_ws/src/Rescue_Car_ws/install/rcl_interfaces/lib/librcl_interfaces__rosidl_typesupport_introspection_c.so /root/ros_ws/src/Rescue_Car_ws/install/rcl_interfaces/lib/librcl_interfaces__rosidl_typesupport_fastrtps_cpp.so /root/ros_ws/src/Rescue_Car_ws/install/rcl_interfaces/lib/librcl_interfaces__rosidl_typesupport_introspection_cpp.so /root/ros_ws/src/Rescue_Car_ws/install/rcl_interfaces/lib/librcl_interfaces__rosidl_typesupport_cpp.so /root/ros_ws/src/Rescue_Car_ws/install/rcl_interfaces/lib/librcl_interfaces__rosidl_generator_py.so /root/ros_ws/src/Rescue_Car_ws/install/rcl_interfaces/lib/librcl_interfaces__rosidl_typesupport_c.so /root/ros_ws/src/Rescue_Car_ws/install/rcl_interfaces/lib/librcl_interfaces__rosidl_generator_c.so /opt/ros/humble/lib/librmw_implementation.so /opt/ros/humble/lib/libament_index_cpp.so /opt/ros/humble/lib/librcl_logging_spdlog.so /opt/ros/humble/lib/librcl_logging_interface.so /opt/ros/humble/lib/librcl_yaml_param_parser.so /opt/ros/humble/lib/libyaml.so /opt/ros/humble/lib/librosgraph_msgs__rosidl_typesupport_fastrtps_c.so /opt/ros/humble/lib/librosgraph_msgs__rosidl_typesupport_fastrtps_cpp.so /opt/ros/humble/lib/librosgraph_msgs__rosidl_typesupport_introspection_c.so /opt/ros/humble/lib/librosgraph_msgs__rosidl_typesupport_introspection_cpp.so /opt/ros/humble/lib/librosgraph_msgs__rosidl_typesupport_cpp.so /opt/ros/humble/lib/librosgraph_msgs__rosidl_generator_py.so /opt/ros/humble/lib/librosgraph_msgs__rosidl_typesupport_c.so /opt/ros/humble/lib/librosgraph_msgs__rosidl_generator_c.so /opt/ros/humble/lib/libstatistics_msgs__rosidl_typesupport_fastrtps_c.so /opt/ros/humble/lib/libstatistics_msgs__rosidl_typesupport_fastrtps_cpp.so /opt/ros/humble/lib/libstatistics_msgs__rosidl_typesupport_introspection_c.so /opt/ros/humble/lib/libstatistics_msgs__rosidl_typesupport_introspection_cpp.so /opt/ros/humble/lib/libstatistics_msgs__rosidl_typesupport_cpp.so /opt/ros/humble/lib/libstatistics_msgs__rosidl_generator_py.so /opt/ros/humble/lib/libstatistics_msgs__rosidl_typesupport_c.so /opt/ros/humble/lib/libstatistics_msgs__rosidl_generator_c.so /opt/ros/humble/lib/libtracetools.so /opt/ros/humble/lib/libmemory_tools.so /root/ros_ws/src/Rescue_Car_ws/install/std_msgs/lib/libstd_msgs__rosidl_typesupport_c.so /root/ros_ws/src/Rescue_Car_ws/install/std_msgs/lib/libstd_msgs__rosidl_generator_c.so /root/ros_ws/src/Rescue_Car_ws/install/action_msgs/lib/libaction_msgs__rosidl_typesupport_fastrtps_c.so /root/ros_ws/src/Rescue_Car_ws/install/builtin_interfaces/lib/libbuiltin_interfaces__rosidl_typesupport_fastrtps_c.so /root/ros_ws/src/Rescue_Car_ws/install/unique_identifier_msgs/lib/libunique_identifier_msgs__rosidl_typesupport_fastrtps_c.so /opt/ros/humble/lib/librosidl_typesupport_fastrtps_c.so /root/ros_ws/src/Rescue_Car_ws/install/action_msgs/lib/libaction_msgs__rosidl_typesupport_introspection_c.so /root/ros_ws/src/Rescue_Car_ws/install/builtin_interfaces/lib/libbuiltin_interfaces__rosidl_typesupport_introspection_c.so /root/ros_ws/src/Rescue_Car_ws/install/unique_identifier_msgs/lib/libunique_identifier_msgs__rosidl_typesupport_introspection_c.so /root/ros_ws/src/Rescue_Car_ws/install/action_msgs/lib/libaction_msgs__rosidl_typesupport_fastrtps_cpp.so /root/ros_ws/src/Rescue_Car_ws/install/builtin_interfaces/lib/libbuiltin_interfaces__rosidl_typesupport_fastrtps_cpp.so /root/ros_ws/src/Rescue_Car_ws/install/unique_identifier_msgs/lib/libunique_identifier_msgs__rosidl_typesupport_fastrtps_cpp.so /opt/ros/humble/lib/librosidl_typesupport_fastrtps_cpp.so /opt/ros/humble/lib/librmw.so /opt/ros/humble/lib/libfastcdr.so.1.0.24 /root/ros_ws/src/Rescue_Car_ws/install/action_msgs/lib/libaction_msgs__rosidl_typesupport_introspection_cpp.so /root/ros_ws/src/Rescue_Car_ws/install/builtin_interfaces/lib/libbuiltin_interfaces__rosidl_typesupport_introspection_cpp.so /root/ros_ws/src/Rescue_Car_ws/install/unique_identifier_msgs/lib/libunique_identifier_msgs__rosidl_typesupport_introspection_cpp.so /opt/ros/humble/lib/librosidl_typesupport_introspection_cpp.so /opt/ros/humble/lib/librosidl_typesupport_introspection_c.so /root/ros_ws/src/Rescue_Car_ws/install/action_msgs/lib/libaction_msgs__rosidl_typesupport_cpp.so /root/ros_ws/src/Rescue_Car_ws/install/builtin_interfaces/lib/libbuiltin_interfaces__rosidl_typesupport_cpp.so /root/ros_ws/src/Rescue_Car_ws/install/unique_identifier_msgs/lib/libunique_identifier_msgs__rosidl_typesupport_cpp.so /opt/ros/humble/lib/librosidl_typesupport_cpp.so /root/ros_ws/src/Rescue_Car_ws/install/example_interfaces/lib/libexample_interfaces__rosidl_typesupport_c.so /root/ros_ws/src/Rescue_Car_ws/install/example_interfaces/lib/libexample_interfaces__rosidl_generator_c.so /root/ros_ws/src/Rescue_Car_ws/install/action_msgs/lib/libaction_msgs__rosidl_generator_py.so /root/ros_ws/src/Rescue_Car_ws/install/builtin_interfaces/lib/libbuiltin_interfaces__rosidl_generator_py.so /root/ros_ws/src/Rescue_Car_ws/install/action_msgs/lib/libaction_msgs__rosidl_typesupport_c.so /root/ros_ws/src/Rescue_Car_ws/install/builtin_interfaces/lib/libbuiltin_interfaces__rosidl_typesupport_c.so /root/ros_ws/src/Rescue_Car_ws/install/action_msgs/lib/libaction_msgs__rosidl_generator_c.so /root/ros_ws/src/Rescue_Car_ws/install/builtin_interfaces/lib/libbuiltin_interfaces__rosidl_generator_c.so /root/ros_ws/src/Rescue_Car_ws/install/unique_identifier_msgs/lib/libunique_identifier_msgs__rosidl_generator_py.so /usr/lib/x86_64-linux-gnu/libpython3.10.so /root/ros_ws/src/Rescue_Car_ws/install/unique_identifier_msgs/lib/libunique_identifier_msgs__rosidl_typesupport_c.so /root/ros_ws/src/Rescue_Car_ws/install/unique_identifier_msgs/lib/libunique_identifier_msgs__rosidl_generator_c.so /opt/ros/humble/lib/librosidl_typesupport_c.so /opt/ros/humble/lib/librosidl_runtime_c.so /opt/ros/humble/lib/librcpputils.so /opt/ros/humble/lib/librcutils.so -ldl 
[25.269s] gmake[2]: Leaving directory '/root/ros_ws/src/Rescue_Car_ws/build/rclc_parameter'
[25.276s] [100%] Built target rclc_parameter_test
[25.277s] gmake[1]: Leaving directory '/root/ros_ws/src/Rescue_Car_ws/build/rclc_parameter'
[25.277s] /usr/bin/cmake -E cmake_progress_start /root/ros_ws/src/Rescue_Car_ws/build/rclc_parameter/CMakeFiles 0
[25.285s] Invoked command in '/root/ros_ws/src/Rescue_Car_ws/build/rclc_parameter' returned '0': AMENT_PREFIX_PATH=/root/ros_ws/src/Rescue_Car_ws/install/rclc:/root/ros_ws/src/Rescue_Car_ws/install/test_msgs:/root/ros_ws/src/Rescue_Car_ws/install/example_interfaces:/root/ros_ws/src/Rescue_Car_ws/install/std_msgs:/root/ros_ws/src/Rescue_Car_ws/install/rcl_interfaces:/root/ros_ws/src/Rescue_Car_ws/install/action_msgs:/root/ros_ws/src/Rescue_Car_ws/install/unique_identifier_msgs:/root/ros_ws/src/Rescue_Car_ws/install/builtin_interfaces:${AMENT_PREFIX_PATH} CMAKE_PREFIX_PATH=/root/ros_ws/src/Rescue_Car_ws/install/rclc:/root/ros_ws/src/Rescue_Car_ws/install/test_msgs:/root/ros_ws/src/Rescue_Car_ws/install/example_interfaces:/root/ros_ws/src/Rescue_Car_ws/install/std_msgs:/root/ros_ws/src/Rescue_Car_ws/install/rcl_interfaces:/root/ros_ws/src/Rescue_Car_ws/install/action_msgs:/root/ros_ws/src/Rescue_Car_ws/install/unique_identifier_msgs:/root/ros_ws/src/Rescue_Car_ws/install/builtin_interfaces:/opt/ros/humble LD_LIBRARY_PATH=/root/ros_ws/src/Rescue_Car_ws/install/rclc/lib:/root/ros_ws/src/Rescue_Car_ws/install/test_msgs/lib:/root/ros_ws/src/Rescue_Car_ws/install/example_interfaces/lib:/root/ros_ws/src/Rescue_Car_ws/install/std_msgs/lib:/root/ros_ws/src/Rescue_Car_ws/install/rcl_interfaces/lib:/root/ros_ws/src/Rescue_Car_ws/install/action_msgs/lib:/root/ros_ws/src/Rescue_Car_ws/install/unique_identifier_msgs/lib:/root/ros_ws/src/Rescue_Car_ws/install/builtin_interfaces/lib:${LD_LIBRARY_PATH} PYTHONPATH=/root/ros_ws/src/Rescue_Car_ws/install/test_msgs/local/lib/python3.10/dist-packages:/root/ros_ws/src/Rescue_Car_ws/install/example_interfaces/local/lib/python3.10/dist-packages:/root/ros_ws/src/Rescue_Car_ws/install/std_msgs/local/lib/python3.10/dist-packages:/root/ros_ws/src/Rescue_Car_ws/install/rcl_interfaces/local/lib/python3.10/dist-packages:/root/ros_ws/src/Rescue_Car_ws/install/action_msgs/local/lib/python3.10/dist-packages:/root/ros_ws/src/Rescue_Car_ws/install/unique_identifier_msgs/local/lib/python3.10/dist-packages:/root/ros_ws/src/Rescue_Car_ws/install/builtin_interfaces/local/lib/python3.10/dist-packages:${PYTHONPATH} /usr/bin/cmake --build /root/ros_ws/src/Rescue_Car_ws/build/rclc_parameter -- -j20 -l20
[25.287s] Invoking command in '/root/ros_ws/src/Rescue_Car_ws/build/rclc_parameter': AMENT_PREFIX_PATH=/root/ros_ws/src/Rescue_Car_ws/install/rclc:/root/ros_ws/src/Rescue_Car_ws/install/test_msgs:/root/ros_ws/src/Rescue_Car_ws/install/example_interfaces:/root/ros_ws/src/Rescue_Car_ws/install/std_msgs:/root/ros_ws/src/Rescue_Car_ws/install/rcl_interfaces:/root/ros_ws/src/Rescue_Car_ws/install/action_msgs:/root/ros_ws/src/Rescue_Car_ws/install/unique_identifier_msgs:/root/ros_ws/src/Rescue_Car_ws/install/builtin_interfaces:${AMENT_PREFIX_PATH} CMAKE_PREFIX_PATH=/root/ros_ws/src/Rescue_Car_ws/install/rclc:/root/ros_ws/src/Rescue_Car_ws/install/test_msgs:/root/ros_ws/src/Rescue_Car_ws/install/example_interfaces:/root/ros_ws/src/Rescue_Car_ws/install/std_msgs:/root/ros_ws/src/Rescue_Car_ws/install/rcl_interfaces:/root/ros_ws/src/Rescue_Car_ws/install/action_msgs:/root/ros_ws/src/Rescue_Car_ws/install/unique_identifier_msgs:/root/ros_ws/src/Rescue_Car_ws/install/builtin_interfaces:/opt/ros/humble LD_LIBRARY_PATH=/root/ros_ws/src/Rescue_Car_ws/install/rclc/lib:/root/ros_ws/src/Rescue_Car_ws/install/test_msgs/lib:/root/ros_ws/src/Rescue_Car_ws/install/example_interfaces/lib:/root/ros_ws/src/Rescue_Car_ws/install/std_msgs/lib:/root/ros_ws/src/Rescue_Car_ws/install/rcl_interfaces/lib:/root/ros_ws/src/Rescue_Car_ws/install/action_msgs/lib:/root/ros_ws/src/Rescue_Car_ws/install/unique_identifier_msgs/lib:/root/ros_ws/src/Rescue_Car_ws/install/builtin_interfaces/lib:${LD_LIBRARY_PATH} PYTHONPATH=/root/ros_ws/src/Rescue_Car_ws/install/test_msgs/local/lib/python3.10/dist-packages:/root/ros_ws/src/Rescue_Car_ws/install/example_interfaces/local/lib/python3.10/dist-packages:/root/ros_ws/src/Rescue_Car_ws/install/std_msgs/local/lib/python3.10/dist-packages:/root/ros_ws/src/Rescue_Car_ws/install/rcl_interfaces/local/lib/python3.10/dist-packages:/root/ros_ws/src/Rescue_Car_ws/install/action_msgs/local/lib/python3.10/dist-packages:/root/ros_ws/src/Rescue_Car_ws/install/unique_identifier_msgs/local/lib/python3.10/dist-packages:/root/ros_ws/src/Rescue_Car_ws/install/builtin_interfaces/local/lib/python3.10/dist-packages:${PYTHONPATH} /usr/bin/cmake --install /root/ros_ws/src/Rescue_Car_ws/build/rclc_parameter
[25.295s] -- Install configuration: ""
[25.295s] -- Installing: /root/ros_ws/src/Rescue_Car_ws/install/rclc_parameter/lib/librclc_parameter.a
[25.296s] -- Installing: /root/ros_ws/src/Rescue_Car_ws/install/rclc_parameter/include
[25.296s] -- Installing: /root/ros_ws/src/Rescue_Car_ws/install/rclc_parameter/include/rclc_parameter
[25.296s] -- Installing: /root/ros_ws/src/Rescue_Car_ws/install/rclc_parameter/include/rclc_parameter/visibility_control.h
[25.296s] -- Installing: /root/ros_ws/src/Rescue_Car_ws/install/rclc_parameter/include/rclc_parameter/rclc_parameter.h
[25.296s] -- Installing: /root/ros_ws/src/Rescue_Car_ws/install/rclc_parameter/share/rclc_parameter/environment/library_path.sh
[25.297s] -- Installing: /root/ros_ws/src/Rescue_Car_ws/install/rclc_parameter/share/rclc_parameter/environment/library_path.dsv
[25.297s] -- Installing: /root/ros_ws/src/Rescue_Car_ws/install/rclc_parameter/share/ament_index/resource_index/package_run_dependencies/rclc_parameter
[25.297s] -- Installing: /root/ros_ws/src/Rescue_Car_ws/install/rclc_parameter/share/ament_index/resource_index/parent_prefix_path/rclc_parameter
[25.297s] -- Installing: /root/ros_ws/src/Rescue_Car_ws/install/rclc_parameter/share/rclc_parameter/environment/ament_prefix_path.sh
[25.297s] -- Installing: /root/ros_ws/src/Rescue_Car_ws/install/rclc_parameter/share/rclc_parameter/environment/ament_prefix_path.dsv
[25.297s] -- Installing: /root/ros_ws/src/Rescue_Car_ws/install/rclc_parameter/share/rclc_parameter/environment/path.sh
[25.298s] -- Installing: /root/ros_ws/src/Rescue_Car_ws/install/rclc_parameter/share/rclc_parameter/environment/path.dsv
[25.298s] -- Installing: /root/ros_ws/src/Rescue_Car_ws/install/rclc_parameter/share/rclc_parameter/local_setup.bash
[25.298s] -- Installing: /root/ros_ws/src/Rescue_Car_ws/install/rclc_parameter/share/rclc_parameter/local_setup.sh
[25.298s] -- Installing: /root/ros_ws/src/Rescue_Car_ws/install/rclc_parameter/share/rclc_parameter/local_setup.zsh
[25.298s] -- Installing: /root/ros_ws/src/Rescue_Car_ws/install/rclc_parameter/share/rclc_parameter/local_setup.dsv
[25.298s] -- Installing: /root/ros_ws/src/Rescue_Car_ws/install/rclc_parameter/share/rclc_parameter/package.dsv
[25.298s] -- Installing: /root/ros_ws/src/Rescue_Car_ws/install/rclc_parameter/share/ament_index/resource_index/packages/rclc_parameter
[25.298s] -- Installing: /root/ros_ws/src/Rescue_Car_ws/install/rclc_parameter/share/rclc_parameter/cmake/rclc_parameterExport.cmake
[25.299s] -- Installing: /root/ros_ws/src/Rescue_Car_ws/install/rclc_parameter/share/rclc_parameter/cmake/rclc_parameterExport-noconfig.cmake
[25.299s] -- Installing: /root/ros_ws/src/Rescue_Car_ws/install/rclc_parameter/share/rclc_parameter/cmake/ament_cmake_export_include_directories-extras.cmake
[25.299s] -- Installing: /root/ros_ws/src/Rescue_Car_ws/install/rclc_parameter/share/rclc_parameter/cmake/ament_cmake_export_libraries-extras.cmake
[25.299s] -- Installing: /root/ros_ws/src/Rescue_Car_ws/install/rclc_parameter/share/rclc_parameter/cmake/ament_cmake_export_targets-extras.cmake
[25.299s] -- Installing: /root/ros_ws/src/Rescue_Car_ws/install/rclc_parameter/share/rclc_parameter/cmake/ament_cmake_export_dependencies-extras.cmake
[25.299s] -- Installing: /root/ros_ws/src/Rescue_Car_ws/install/rclc_parameter/share/rclc_parameter/cmake/rclc_parameterConfig.cmake
[25.299s] -- Installing: /root/ros_ws/src/Rescue_Car_ws/install/rclc_parameter/share/rclc_parameter/cmake/rclc_parameterConfig-version.cmake
[25.299s] -- Installing: /root/ros_ws/src/Rescue_Car_ws/install/rclc_parameter/share/rclc_parameter/package.xml
[25.301s] Invoked command in '/root/ros_ws/src/Rescue_Car_ws/build/rclc_parameter' returned '0': AMENT_PREFIX_PATH=/root/ros_ws/src/Rescue_Car_ws/install/rclc:/root/ros_ws/src/Rescue_Car_ws/install/test_msgs:/root/ros_ws/src/Rescue_Car_ws/install/example_interfaces:/root/ros_ws/src/Rescue_Car_ws/install/std_msgs:/root/ros_ws/src/Rescue_Car_ws/install/rcl_interfaces:/root/ros_ws/src/Rescue_Car_ws/install/action_msgs:/root/ros_ws/src/Rescue_Car_ws/install/unique_identifier_msgs:/root/ros_ws/src/Rescue_Car_ws/install/builtin_interfaces:${AMENT_PREFIX_PATH} CMAKE_PREFIX_PATH=/root/ros_ws/src/Rescue_Car_ws/install/rclc:/root/ros_ws/src/Rescue_Car_ws/install/test_msgs:/root/ros_ws/src/Rescue_Car_ws/install/example_interfaces:/root/ros_ws/src/Rescue_Car_ws/install/std_msgs:/root/ros_ws/src/Rescue_Car_ws/install/rcl_interfaces:/root/ros_ws/src/Rescue_Car_ws/install/action_msgs:/root/ros_ws/src/Rescue_Car_ws/install/unique_identifier_msgs:/root/ros_ws/src/Rescue_Car_ws/install/builtin_interfaces:/opt/ros/humble LD_LIBRARY_PATH=/root/ros_ws/src/Rescue_Car_ws/install/rclc/lib:/root/ros_ws/src/Rescue_Car_ws/install/test_msgs/lib:/root/ros_ws/src/Rescue_Car_ws/install/example_interfaces/lib:/root/ros_ws/src/Rescue_Car_ws/install/std_msgs/lib:/root/ros_ws/src/Rescue_Car_ws/install/rcl_interfaces/lib:/root/ros_ws/src/Rescue_Car_ws/install/action_msgs/lib:/root/ros_ws/src/Rescue_Car_ws/install/unique_identifier_msgs/lib:/root/ros_ws/src/Rescue_Car_ws/install/builtin_interfaces/lib:${LD_LIBRARY_PATH} PYTHONPATH=/root/ros_ws/src/Rescue_Car_ws/install/test_msgs/local/lib/python3.10/dist-packages:/root/ros_ws/src/Rescue_Car_ws/install/example_interfaces/local/lib/python3.10/dist-packages:/root/ros_ws/src/Rescue_Car_ws/install/std_msgs/local/lib/python3.10/dist-packages:/root/ros_ws/src/Rescue_Car_ws/install/rcl_interfaces/local/lib/python3.10/dist-packages:/root/ros_ws/src/Rescue_Car_ws/install/action_msgs/local/lib/python3.10/dist-packages:/root/ros_ws/src/Rescue_Car_ws/install/unique_identifier_msgs/local/lib/python3.10/dist-packages:/root/ros_ws/src/Rescue_Car_ws/install/builtin_interfaces/local/lib/python3.10/dist-packages:${PYTHONPATH} /usr/bin/cmake --install /root/ros_ws/src/Rescue_Car_ws/build/rclc_parameter
