-- The C compiler identification is GNU 11.4.0
-- Detecting C compiler ABI info
-- Detecting C compiler ABI info - done
-- Check for working C compiler: /usr/bin/cc - skipped
-- Detecting C compile features
-- Detecting C compile features - done
-- Found ament_cmake: 1.3.12 (/opt/ros/humble/share/ament_cmake/cmake)
-- Found Python3: /usr/bin/python3 (found version "3.10.12") found components: Interpreter 
-- Found rosidl_runtime_c: 3.1.7 (/opt/ros/humble/share/rosidl_runtime_c/cmake)
-- Found ament_lint_auto: 0.12.14 (/opt/ros/humble/share/ament_lint_auto/cmake)
-- Added test 'copyright' to check source files copyright and LICENSE
-- Added test 'cppcheck' to perform static code analysis on C / C++ code
-- Configured cppcheck include dirs: $<BUILD_INTERFACE:/root/ros_ws/src/Rescue_Car_ws/src/microros/src/uros/rosidl_typesupport_microxrcedds/rosidl_typesupport_microxrcedds_c/include>
-- Configured cppcheck exclude dirs and/or files: 
-- Added test 'cpplint' to check C / C++ code against the Google style
-- Configured cpplint exclude dirs and/or files: 
-- Added test 'flake8' to check Python code syntax and style conventions
-- Added test 'lint_cmake' to check CMake code style
-- Added test 'pep257' to check Python code against some of the docstring style conventions in PEP 257
-- Added test 'uncrustify' to check C / C++ code style
-- Configured uncrustify additional arguments: 
-- Added test 'xmllint' to check XML markup files
-- Configuring done
-- Generating done
-- Build files have been written to: /root/ros_ws/src/Rescue_Car_ws/build/rosidl_typesupport_microxrcedds_c
[ 50%] [32mBuilding C object CMakeFiles/rosidl_typesupport_microxrcedds_c.dir/src/identifier.c.o[0m
[ 50%] Built target ament_cmake_python_copy_rosidl_typesupport_microxrcedds_c
[100%] [32m[1mLinking C static library librosidl_typesupport_microxrcedds_c.a[0m
[100%] Built target rosidl_typesupport_microxrcedds_c
running egg_info
creating rosidl_typesupport_microxrcedds_c.egg-info
writing rosidl_typesupport_microxrcedds_c.egg-info/PKG-INFO
writing dependency_links to rosidl_typesupport_microxrcedds_c.egg-info/dependency_links.txt
writing top-level names to rosidl_typesupport_microxrcedds_c.egg-info/top_level.txt
writing manifest file 'rosidl_typesupport_microxrcedds_c.egg-info/SOURCES.txt'
reading manifest file 'rosidl_typesupport_microxrcedds_c.egg-info/SOURCES.txt'
writing manifest file 'rosidl_typesupport_microxrcedds_c.egg-info/SOURCES.txt'
[100%] Built target ament_cmake_python_build_rosidl_typesupport_microxrcedds_c_egg
-- Install configuration: ""
-- Installing: /root/ros_ws/src/Rescue_Car_ws/install/rosidl_typesupport_microxrcedds_c/share/rosidl_typesupport_microxrcedds_c/environment/pythonpath.sh
-- Installing: /root/ros_ws/src/Rescue_Car_ws/install/rosidl_typesupport_microxrcedds_c/share/rosidl_typesupport_microxrcedds_c/environment/pythonpath.dsv
-- Installing: /root/ros_ws/src/Rescue_Car_ws/install/rosidl_typesupport_microxrcedds_c/local/lib/python3.10/dist-packages/rosidl_typesupport_microxrcedds_c-3.0.1-py3.10.egg-info
-- Installing: /root/ros_ws/src/Rescue_Car_ws/install/rosidl_typesupport_microxrcedds_c/local/lib/python3.10/dist-packages/rosidl_typesupport_microxrcedds_c-3.0.1-py3.10.egg-info/dependency_links.txt
-- Installing: /root/ros_ws/src/Rescue_Car_ws/install/rosidl_typesupport_microxrcedds_c/local/lib/python3.10/dist-packages/rosidl_typesupport_microxrcedds_c-3.0.1-py3.10.egg-info/SOURCES.txt
-- Installing: /root/ros_ws/src/Rescue_Car_ws/install/rosidl_typesupport_microxrcedds_c/local/lib/python3.10/dist-packages/rosidl_typesupport_microxrcedds_c-3.0.1-py3.10.egg-info/PKG-INFO
-- Installing: /root/ros_ws/src/Rescue_Car_ws/install/rosidl_typesupport_microxrcedds_c/local/lib/python3.10/dist-packages/rosidl_typesupport_microxrcedds_c-3.0.1-py3.10.egg-info/top_level.txt
-- Installing: /root/ros_ws/src/Rescue_Car_ws/install/rosidl_typesupport_microxrcedds_c/local/lib/python3.10/dist-packages/rosidl_typesupport_microxrcedds_c
-- Installing: /root/ros_ws/src/Rescue_Car_ws/install/rosidl_typesupport_microxrcedds_c/local/lib/python3.10/dist-packages/rosidl_typesupport_microxrcedds_c/__init__.py
Listing '/root/ros_ws/src/Rescue_Car_ws/install/rosidl_typesupport_microxrcedds_c/local/lib/python3.10/dist-packages/rosidl_typesupport_microxrcedds_c'...
Compiling '/root/ros_ws/src/Rescue_Car_ws/install/rosidl_typesupport_microxrcedds_c/local/lib/python3.10/dist-packages/rosidl_typesupport_microxrcedds_c/__init__.py'...
-- Installing: /root/ros_ws/src/Rescue_Car_ws/install/rosidl_typesupport_microxrcedds_c/share/rosidl_typesupport_microxrcedds_c/environment/library_path.sh
-- Installing: /root/ros_ws/src/Rescue_Car_ws/install/rosidl_typesupport_microxrcedds_c/share/rosidl_typesupport_microxrcedds_c/environment/library_path.dsv
-- Installing: /root/ros_ws/src/Rescue_Car_ws/install/rosidl_typesupport_microxrcedds_c/share/ament_index/resource_index/rosidl_typesupport_c/rosidl_typesupport_microxrcedds_c
-- Installing: /root/ros_ws/src/Rescue_Car_ws/install/rosidl_typesupport_microxrcedds_c/share/ament_index/resource_index/package_run_dependencies/rosidl_typesupport_microxrcedds_c
-- Installing: /root/ros_ws/src/Rescue_Car_ws/install/rosidl_typesupport_microxrcedds_c/share/ament_index/resource_index/parent_prefix_path/rosidl_typesupport_microxrcedds_c
-- Installing: /root/ros_ws/src/Rescue_Car_ws/install/rosidl_typesupport_microxrcedds_c/share/rosidl_typesupport_microxrcedds_c/environment/ament_prefix_path.sh
-- Installing: /root/ros_ws/src/Rescue_Car_ws/install/rosidl_typesupport_microxrcedds_c/share/rosidl_typesupport_microxrcedds_c/environment/ament_prefix_path.dsv
-- Installing: /root/ros_ws/src/Rescue_Car_ws/install/rosidl_typesupport_microxrcedds_c/share/rosidl_typesupport_microxrcedds_c/environment/path.sh
-- Installing: /root/ros_ws/src/Rescue_Car_ws/install/rosidl_typesupport_microxrcedds_c/share/rosidl_typesupport_microxrcedds_c/environment/path.dsv
-- Installing: /root/ros_ws/src/Rescue_Car_ws/install/rosidl_typesupport_microxrcedds_c/share/rosidl_typesupport_microxrcedds_c/local_setup.bash
-- Installing: /root/ros_ws/src/Rescue_Car_ws/install/rosidl_typesupport_microxrcedds_c/share/rosidl_typesupport_microxrcedds_c/local_setup.sh
-- Installing: /root/ros_ws/src/Rescue_Car_ws/install/rosidl_typesupport_microxrcedds_c/share/rosidl_typesupport_microxrcedds_c/local_setup.zsh
-- Installing: /root/ros_ws/src/Rescue_Car_ws/install/rosidl_typesupport_microxrcedds_c/share/rosidl_typesupport_microxrcedds_c/local_setup.dsv
-- Installing: /root/ros_ws/src/Rescue_Car_ws/install/rosidl_typesupport_microxrcedds_c/share/rosidl_typesupport_microxrcedds_c/package.dsv
-- Installing: /root/ros_ws/src/Rescue_Car_ws/install/rosidl_typesupport_microxrcedds_c/share/ament_index/resource_index/packages/rosidl_typesupport_microxrcedds_c
-- Installing: /root/ros_ws/src/Rescue_Car_ws/install/rosidl_typesupport_microxrcedds_c/share/rosidl_typesupport_microxrcedds_c/cmake/rosidl_typesupport_microxrcedds_cExport.cmake
-- Installing: /root/ros_ws/src/Rescue_Car_ws/install/rosidl_typesupport_microxrcedds_c/share/rosidl_typesupport_microxrcedds_c/cmake/rosidl_typesupport_microxrcedds_cExport-noconfig.cmake
-- Installing: /root/ros_ws/src/Rescue_Car_ws/install/rosidl_typesupport_microxrcedds_c/share/rosidl_typesupport_microxrcedds_c/cmake/rosidl_typesupport_microxrcedds_c-extras.cmake
-- Installing: /root/ros_ws/src/Rescue_Car_ws/install/rosidl_typesupport_microxrcedds_c/share/rosidl_typesupport_microxrcedds_c/cmake/ament_cmake_export_dependencies-extras.cmake
-- Installing: /root/ros_ws/src/Rescue_Car_ws/install/rosidl_typesupport_microxrcedds_c/share/rosidl_typesupport_microxrcedds_c/cmake/ament_cmake_export_include_directories-extras.cmake
-- Installing: /root/ros_ws/src/Rescue_Car_ws/install/rosidl_typesupport_microxrcedds_c/share/rosidl_typesupport_microxrcedds_c/cmake/ament_cmake_export_libraries-extras.cmake
-- Installing: /root/ros_ws/src/Rescue_Car_ws/install/rosidl_typesupport_microxrcedds_c/share/rosidl_typesupport_microxrcedds_c/cmake/ament_cmake_export_targets-extras.cmake
-- Installing: /root/ros_ws/src/Rescue_Car_ws/install/rosidl_typesupport_microxrcedds_c/share/rosidl_typesupport_microxrcedds_c/cmake/rosidl_typesupport_microxrcedds_cConfig.cmake
-- Installing: /root/ros_ws/src/Rescue_Car_ws/install/rosidl_typesupport_microxrcedds_c/share/rosidl_typesupport_microxrcedds_c/cmake/rosidl_typesupport_microxrcedds_cConfig-version.cmake
-- Installing: /root/ros_ws/src/Rescue_Car_ws/install/rosidl_typesupport_microxrcedds_c/share/rosidl_typesupport_microxrcedds_c/package.xml
-- Installing: /root/ros_ws/src/Rescue_Car_ws/install/rosidl_typesupport_microxrcedds_c/lib/rosidl_typesupport_microxrcedds_c/rosidl_typesupport_microxrcedds_c
-- Up-to-date: /root/ros_ws/src/Rescue_Car_ws/install/rosidl_typesupport_microxrcedds_c/share/rosidl_typesupport_microxrcedds_c/cmake
-- Installing: /root/ros_ws/src/Rescue_Car_ws/install/rosidl_typesupport_microxrcedds_c/share/rosidl_typesupport_microxrcedds_c/cmake/rosidl_typesupport_microxrcedds_c_generate_interfaces.cmake
-- Installing: /root/ros_ws/src/Rescue_Car_ws/install/rosidl_typesupport_microxrcedds_c/share/rosidl_typesupport_microxrcedds_c/resource
-- Installing: /root/ros_ws/src/Rescue_Car_ws/install/rosidl_typesupport_microxrcedds_c/share/rosidl_typesupport_microxrcedds_c/resource/rosidl_typesupport_microxrcedds_c__visibility_control.h.in
-- Installing: /root/ros_ws/src/Rescue_Car_ws/install/rosidl_typesupport_microxrcedds_c/share/rosidl_typesupport_microxrcedds_c/resource/srv__rosidl_typesupport_microxrcedds_c.h.em
-- Installing: /root/ros_ws/src/Rescue_Car_ws/install/rosidl_typesupport_microxrcedds_c/share/rosidl_typesupport_microxrcedds_c/resource/srv__type_support_c.c.em
-- Installing: /root/ros_ws/src/Rescue_Car_ws/install/rosidl_typesupport_microxrcedds_c/share/rosidl_typesupport_microxrcedds_c/resource/msg__type_support_c.c.em
-- Installing: /root/ros_ws/src/Rescue_Car_ws/install/rosidl_typesupport_microxrcedds_c/share/rosidl_typesupport_microxrcedds_c/resource/msg__rosidl_typesupport_microxrcedds_c.h.em
-- Installing: /root/ros_ws/src/Rescue_Car_ws/install/rosidl_typesupport_microxrcedds_c/share/rosidl_typesupport_microxrcedds_c/resource/idl__type_support_c.c.em
-- Installing: /root/ros_ws/src/Rescue_Car_ws/install/rosidl_typesupport_microxrcedds_c/share/rosidl_typesupport_microxrcedds_c/resource/idl__rosidl_typesupport_microxrcedds_c.h.em
-- Installing: /root/ros_ws/src/Rescue_Car_ws/install/rosidl_typesupport_microxrcedds_c/include
-- Installing: /root/ros_ws/src/Rescue_Car_ws/install/rosidl_typesupport_microxrcedds_c/include/rosidl_typesupport_microxrcedds_c
-- Installing: /root/ros_ws/src/Rescue_Car_ws/install/rosidl_typesupport_microxrcedds_c/include/rosidl_typesupport_microxrcedds_c/identifier.h
-- Installing: /root/ros_ws/src/Rescue_Car_ws/install/rosidl_typesupport_microxrcedds_c/include/rosidl_typesupport_microxrcedds_c/visibility_control.h
-- Installing: /root/ros_ws/src/Rescue_Car_ws/install/rosidl_typesupport_microxrcedds_c/include/rosidl_typesupport_microxrcedds_c/message_type_support.h
-- Installing: /root/ros_ws/src/Rescue_Car_ws/install/rosidl_typesupport_microxrcedds_c/include/rosidl_typesupport_microxrcedds_c/service_type_support.h
-- Installing: /root/ros_ws/src/Rescue_Car_ws/install/rosidl_typesupport_microxrcedds_c/lib/librosidl_typesupport_microxrcedds_c.a
