[0.067s] Invoking command in '/root/ros_ws/src/Rescue_Car_ws/build/rosidl_typesupport_microxrcedds_c': CMAKE_PREFIX_PATH=/root/ros_ws/src/Rescue_Car_ws/install/microcdr:/opt/ros/humble /usr/bin/cmake /root/ros_ws/src/Rescue_Car_ws/src/microros/src/uros/rosidl_typesupport_microxrcedds/rosidl_typesupport_microxrcedds_c -DCMAKE_INSTALL_PREFIX=/root/ros_ws/src/Rescue_Car_ws/install/rosidl_typesupport_microxrcedds_c
[0.210s] -- The C compiler identification is GNU 11.4.0
[0.594s] -- Detecting C compiler ABI info
[0.749s] -- Detecting C compiler ABI info - done
[0.756s] -- Check for working C compiler: /usr/bin/cc - skipped
[0.757s] -- Detecting C compile features
[0.757s] -- Detecting C compile features - done
[0.759s] -- Found ament_cmake: 1.3.12 (/opt/ros/humble/share/ament_cmake/cmake)
[0.933s] -- Found Python3: /usr/bin/python3 (found version "3.10.12") found components: Interpreter 
[1.051s] -- Found rosidl_runtime_c: 3.1.7 (/opt/ros/humble/share/rosidl_runtime_c/cmake)
[1.909s] -- Found ament_lint_auto: 0.12.14 (/opt/ros/humble/share/ament_lint_auto/cmake)
[2.086s] -- Added test 'copyright' to check source files copyright and LICENSE
[2.088s] -- Added test 'cppcheck' to perform static code analysis on C / C++ code
[2.093s] -- Configured cppcheck include dirs: $<BUILD_INTERFACE:/root/ros_ws/src/Rescue_Car_ws/src/microros/src/uros/rosidl_typesupport_microxrcedds/rosidl_typesupport_microxrcedds_c/include>
[2.093s] -- Configured cppcheck exclude dirs and/or files: 
[2.095s] -- Added test 'cpplint' to check C / C++ code against the Google style
[2.096s] -- Configured cpplint exclude dirs and/or files: 
[2.096s] -- Added test 'flake8' to check Python code syntax and style conventions
[2.104s] -- Added test 'lint_cmake' to check CMake code style
[2.109s] -- Added test 'pep257' to check Python code against some of the docstring style conventions in PEP 257
[2.112s] -- Added test 'uncrustify' to check C / C++ code style
[2.112s] -- Configured uncrustify additional arguments: 
[2.113s] -- Added test 'xmllint' to check XML markup files
[2.125s] -- Configuring done
[2.153s] -- Generating done
[2.173s] -- Build files have been written to: /root/ros_ws/src/Rescue_Car_ws/build/rosidl_typesupport_microxrcedds_c
[2.202s] Invoked command in '/root/ros_ws/src/Rescue_Car_ws/build/rosidl_typesupport_microxrcedds_c' returned '0': CMAKE_PREFIX_PATH=/root/ros_ws/src/Rescue_Car_ws/install/microcdr:/opt/ros/humble /usr/bin/cmake /root/ros_ws/src/Rescue_Car_ws/src/microros/src/uros/rosidl_typesupport_microxrcedds/rosidl_typesupport_microxrcedds_c -DCMAKE_INSTALL_PREFIX=/root/ros_ws/src/Rescue_Car_ws/install/rosidl_typesupport_microxrcedds_c
[2.203s] Invoking command in '/root/ros_ws/src/Rescue_Car_ws/build/rosidl_typesupport_microxrcedds_c': CMAKE_PREFIX_PATH=/root/ros_ws/src/Rescue_Car_ws/install/microcdr:/opt/ros/humble /usr/bin/cmake --build /root/ros_ws/src/Rescue_Car_ws/build/rosidl_typesupport_microxrcedds_c -- -j20 -l20
[2.352s] [ 50%] [32mBuilding C object CMakeFiles/rosidl_typesupport_microxrcedds_c.dir/src/identifier.c.o[0m
[2.364s] [ 50%] Built target ament_cmake_python_copy_rosidl_typesupport_microxrcedds_c
[2.412s] [100%] [32m[1mLinking C static library librosidl_typesupport_microxrcedds_c.a[0m
[2.588s] [100%] Built target rosidl_typesupport_microxrcedds_c
[2.926s] running egg_info
[2.927s] creating rosidl_typesupport_microxrcedds_c.egg-info
[2.927s] writing rosidl_typesupport_microxrcedds_c.egg-info/PKG-INFO
[2.927s] writing dependency_links to rosidl_typesupport_microxrcedds_c.egg-info/dependency_links.txt
[2.927s] writing top-level names to rosidl_typesupport_microxrcedds_c.egg-info/top_level.txt
[2.928s] writing manifest file 'rosidl_typesupport_microxrcedds_c.egg-info/SOURCES.txt'
[2.934s] reading manifest file 'rosidl_typesupport_microxrcedds_c.egg-info/SOURCES.txt'
[2.935s] writing manifest file 'rosidl_typesupport_microxrcedds_c.egg-info/SOURCES.txt'
[3.013s] [100%] Built target ament_cmake_python_build_rosidl_typesupport_microxrcedds_c_egg
[3.050s] Invoked command in '/root/ros_ws/src/Rescue_Car_ws/build/rosidl_typesupport_microxrcedds_c' returned '0': CMAKE_PREFIX_PATH=/root/ros_ws/src/Rescue_Car_ws/install/microcdr:/opt/ros/humble /usr/bin/cmake --build /root/ros_ws/src/Rescue_Car_ws/build/rosidl_typesupport_microxrcedds_c -- -j20 -l20
[3.050s] Invoking command in '/root/ros_ws/src/Rescue_Car_ws/build/rosidl_typesupport_microxrcedds_c': CMAKE_PREFIX_PATH=/root/ros_ws/src/Rescue_Car_ws/install/microcdr:/opt/ros/humble /usr/bin/cmake --install /root/ros_ws/src/Rescue_Car_ws/build/rosidl_typesupport_microxrcedds_c
[3.059s] -- Install configuration: ""
[3.059s] -- Installing: /root/ros_ws/src/Rescue_Car_ws/install/rosidl_typesupport_microxrcedds_c/share/rosidl_typesupport_microxrcedds_c/environment/pythonpath.sh
[3.059s] -- Installing: /root/ros_ws/src/Rescue_Car_ws/install/rosidl_typesupport_microxrcedds_c/share/rosidl_typesupport_microxrcedds_c/environment/pythonpath.dsv
[3.059s] -- Installing: /root/ros_ws/src/Rescue_Car_ws/install/rosidl_typesupport_microxrcedds_c/local/lib/python3.10/dist-packages/rosidl_typesupport_microxrcedds_c-3.0.1-py3.10.egg-info
[3.060s] -- Installing: /root/ros_ws/src/Rescue_Car_ws/install/rosidl_typesupport_microxrcedds_c/local/lib/python3.10/dist-packages/rosidl_typesupport_microxrcedds_c-3.0.1-py3.10.egg-info/dependency_links.txt
[3.060s] -- Installing: /root/ros_ws/src/Rescue_Car_ws/install/rosidl_typesupport_microxrcedds_c/local/lib/python3.10/dist-packages/rosidl_typesupport_microxrcedds_c-3.0.1-py3.10.egg-info/SOURCES.txt
[3.064s] -- Installing: /root/ros_ws/src/Rescue_Car_ws/install/rosidl_typesupport_microxrcedds_c/local/lib/python3.10/dist-packages/rosidl_typesupport_microxrcedds_c-3.0.1-py3.10.egg-info/PKG-INFO
[3.064s] -- Installing: /root/ros_ws/src/Rescue_Car_ws/install/rosidl_typesupport_microxrcedds_c/local/lib/python3.10/dist-packages/rosidl_typesupport_microxrcedds_c-3.0.1-py3.10.egg-info/top_level.txt
[3.064s] -- Installing: /root/ros_ws/src/Rescue_Car_ws/install/rosidl_typesupport_microxrcedds_c/local/lib/python3.10/dist-packages/rosidl_typesupport_microxrcedds_c
[3.064s] -- Installing: /root/ros_ws/src/Rescue_Car_ws/install/rosidl_typesupport_microxrcedds_c/local/lib/python3.10/dist-packages/rosidl_typesupport_microxrcedds_c/__init__.py
[3.123s] Listing '/root/ros_ws/src/Rescue_Car_ws/install/rosidl_typesupport_microxrcedds_c/local/lib/python3.10/dist-packages/rosidl_typesupport_microxrcedds_c'...
[3.123s] Compiling '/root/ros_ws/src/Rescue_Car_ws/install/rosidl_typesupport_microxrcedds_c/local/lib/python3.10/dist-packages/rosidl_typesupport_microxrcedds_c/__init__.py'...
[3.130s] -- Installing: /root/ros_ws/src/Rescue_Car_ws/install/rosidl_typesupport_microxrcedds_c/share/rosidl_typesupport_microxrcedds_c/environment/library_path.sh
[3.130s] -- Installing: /root/ros_ws/src/Rescue_Car_ws/install/rosidl_typesupport_microxrcedds_c/share/rosidl_typesupport_microxrcedds_c/environment/library_path.dsv
[3.130s] -- Installing: /root/ros_ws/src/Rescue_Car_ws/install/rosidl_typesupport_microxrcedds_c/share/ament_index/resource_index/rosidl_typesupport_c/rosidl_typesupport_microxrcedds_c
[3.131s] -- Installing: /root/ros_ws/src/Rescue_Car_ws/install/rosidl_typesupport_microxrcedds_c/share/ament_index/resource_index/package_run_dependencies/rosidl_typesupport_microxrcedds_c
[3.131s] -- Installing: /root/ros_ws/src/Rescue_Car_ws/install/rosidl_typesupport_microxrcedds_c/share/ament_index/resource_index/parent_prefix_path/rosidl_typesupport_microxrcedds_c
[3.131s] -- Installing: /root/ros_ws/src/Rescue_Car_ws/install/rosidl_typesupport_microxrcedds_c/share/rosidl_typesupport_microxrcedds_c/environment/ament_prefix_path.sh
[3.131s] -- Installing: /root/ros_ws/src/Rescue_Car_ws/install/rosidl_typesupport_microxrcedds_c/share/rosidl_typesupport_microxrcedds_c/environment/ament_prefix_path.dsv
[3.131s] -- Installing: /root/ros_ws/src/Rescue_Car_ws/install/rosidl_typesupport_microxrcedds_c/share/rosidl_typesupport_microxrcedds_c/environment/path.sh
[3.131s] -- Installing: /root/ros_ws/src/Rescue_Car_ws/install/rosidl_typesupport_microxrcedds_c/share/rosidl_typesupport_microxrcedds_c/environment/path.dsv
[3.132s] -- Installing: /root/ros_ws/src/Rescue_Car_ws/install/rosidl_typesupport_microxrcedds_c/share/rosidl_typesupport_microxrcedds_c/local_setup.bash
[3.132s] -- Installing: /root/ros_ws/src/Rescue_Car_ws/install/rosidl_typesupport_microxrcedds_c/share/rosidl_typesupport_microxrcedds_c/local_setup.sh
[3.132s] -- Installing: /root/ros_ws/src/Rescue_Car_ws/install/rosidl_typesupport_microxrcedds_c/share/rosidl_typesupport_microxrcedds_c/local_setup.zsh
[3.132s] -- Installing: /root/ros_ws/src/Rescue_Car_ws/install/rosidl_typesupport_microxrcedds_c/share/rosidl_typesupport_microxrcedds_c/local_setup.dsv
[3.132s] -- Installing: /root/ros_ws/src/Rescue_Car_ws/install/rosidl_typesupport_microxrcedds_c/share/rosidl_typesupport_microxrcedds_c/package.dsv
[3.132s] -- Installing: /root/ros_ws/src/Rescue_Car_ws/install/rosidl_typesupport_microxrcedds_c/share/ament_index/resource_index/packages/rosidl_typesupport_microxrcedds_c
[3.133s] -- Installing: /root/ros_ws/src/Rescue_Car_ws/install/rosidl_typesupport_microxrcedds_c/share/rosidl_typesupport_microxrcedds_c/cmake/rosidl_typesupport_microxrcedds_cExport.cmake
[3.133s] -- Installing: /root/ros_ws/src/Rescue_Car_ws/install/rosidl_typesupport_microxrcedds_c/share/rosidl_typesupport_microxrcedds_c/cmake/rosidl_typesupport_microxrcedds_cExport-noconfig.cmake
[3.134s] -- Installing: /root/ros_ws/src/Rescue_Car_ws/install/rosidl_typesupport_microxrcedds_c/share/rosidl_typesupport_microxrcedds_c/cmake/rosidl_typesupport_microxrcedds_c-extras.cmake
[3.134s] -- Installing: /root/ros_ws/src/Rescue_Car_ws/install/rosidl_typesupport_microxrcedds_c/share/rosidl_typesupport_microxrcedds_c/cmake/ament_cmake_export_dependencies-extras.cmake
[3.134s] -- Installing: /root/ros_ws/src/Rescue_Car_ws/install/rosidl_typesupport_microxrcedds_c/share/rosidl_typesupport_microxrcedds_c/cmake/ament_cmake_export_include_directories-extras.cmake
[3.134s] -- Installing: /root/ros_ws/src/Rescue_Car_ws/install/rosidl_typesupport_microxrcedds_c/share/rosidl_typesupport_microxrcedds_c/cmake/ament_cmake_export_libraries-extras.cmake
[3.135s] -- Installing: /root/ros_ws/src/Rescue_Car_ws/install/rosidl_typesupport_microxrcedds_c/share/rosidl_typesupport_microxrcedds_c/cmake/ament_cmake_export_targets-extras.cmake
[3.135s] -- Installing: /root/ros_ws/src/Rescue_Car_ws/install/rosidl_typesupport_microxrcedds_c/share/rosidl_typesupport_microxrcedds_c/cmake/rosidl_typesupport_microxrcedds_cConfig.cmake
[3.135s] -- Installing: /root/ros_ws/src/Rescue_Car_ws/install/rosidl_typesupport_microxrcedds_c/share/rosidl_typesupport_microxrcedds_c/cmake/rosidl_typesupport_microxrcedds_cConfig-version.cmake
[3.135s] -- Installing: /root/ros_ws/src/Rescue_Car_ws/install/rosidl_typesupport_microxrcedds_c/share/rosidl_typesupport_microxrcedds_c/package.xml
[3.136s] -- Installing: /root/ros_ws/src/Rescue_Car_ws/install/rosidl_typesupport_microxrcedds_c/lib/rosidl_typesupport_microxrcedds_c/rosidl_typesupport_microxrcedds_c
[3.141s] -- Up-to-date: /root/ros_ws/src/Rescue_Car_ws/install/rosidl_typesupport_microxrcedds_c/share/rosidl_typesupport_microxrcedds_c/cmake
[3.141s] -- Installing: /root/ros_ws/src/Rescue_Car_ws/install/rosidl_typesupport_microxrcedds_c/share/rosidl_typesupport_microxrcedds_c/cmake/rosidl_typesupport_microxrcedds_c_generate_interfaces.cmake
[3.141s] -- Installing: /root/ros_ws/src/Rescue_Car_ws/install/rosidl_typesupport_microxrcedds_c/share/rosidl_typesupport_microxrcedds_c/resource
[3.141s] -- Installing: /root/ros_ws/src/Rescue_Car_ws/install/rosidl_typesupport_microxrcedds_c/share/rosidl_typesupport_microxrcedds_c/resource/rosidl_typesupport_microxrcedds_c__visibility_control.h.in
[3.142s] -- Installing: /root/ros_ws/src/Rescue_Car_ws/install/rosidl_typesupport_microxrcedds_c/share/rosidl_typesupport_microxrcedds_c/resource/srv__rosidl_typesupport_microxrcedds_c.h.em
[3.142s] -- Installing: /root/ros_ws/src/Rescue_Car_ws/install/rosidl_typesupport_microxrcedds_c/share/rosidl_typesupport_microxrcedds_c/resource/srv__type_support_c.c.em
[3.142s] -- Installing: /root/ros_ws/src/Rescue_Car_ws/install/rosidl_typesupport_microxrcedds_c/share/rosidl_typesupport_microxrcedds_c/resource/msg__type_support_c.c.em
[3.143s] -- Installing: /root/ros_ws/src/Rescue_Car_ws/install/rosidl_typesupport_microxrcedds_c/share/rosidl_typesupport_microxrcedds_c/resource/msg__rosidl_typesupport_microxrcedds_c.h.em
[3.143s] -- Installing: /root/ros_ws/src/Rescue_Car_ws/install/rosidl_typesupport_microxrcedds_c/share/rosidl_typesupport_microxrcedds_c/resource/idl__type_support_c.c.em
[3.143s] -- Installing: /root/ros_ws/src/Rescue_Car_ws/install/rosidl_typesupport_microxrcedds_c/share/rosidl_typesupport_microxrcedds_c/resource/idl__rosidl_typesupport_microxrcedds_c.h.em
[3.144s] -- Installing: /root/ros_ws/src/Rescue_Car_ws/install/rosidl_typesupport_microxrcedds_c/include
[3.144s] -- Installing: /root/ros_ws/src/Rescue_Car_ws/install/rosidl_typesupport_microxrcedds_c/include/rosidl_typesupport_microxrcedds_c
[3.145s] -- Installing: /root/ros_ws/src/Rescue_Car_ws/install/rosidl_typesupport_microxrcedds_c/include/rosidl_typesupport_microxrcedds_c/identifier.h
[3.145s] -- Installing: /root/ros_ws/src/Rescue_Car_ws/install/rosidl_typesupport_microxrcedds_c/include/rosidl_typesupport_microxrcedds_c/visibility_control.h
[3.145s] -- Installing: /root/ros_ws/src/Rescue_Car_ws/install/rosidl_typesupport_microxrcedds_c/include/rosidl_typesupport_microxrcedds_c/message_type_support.h
[3.145s] -- Installing: /root/ros_ws/src/Rescue_Car_ws/install/rosidl_typesupport_microxrcedds_c/include/rosidl_typesupport_microxrcedds_c/service_type_support.h
[3.145s] -- Installing: /root/ros_ws/src/Rescue_Car_ws/install/rosidl_typesupport_microxrcedds_c/lib/librosidl_typesupport_microxrcedds_c.a
[3.152s] Invoked command in '/root/ros_ws/src/Rescue_Car_ws/build/rosidl_typesupport_microxrcedds_c' returned '0': CMAKE_PREFIX_PATH=/root/ros_ws/src/Rescue_Car_ws/install/microcdr:/opt/ros/humble /usr/bin/cmake --install /root/ros_ws/src/Rescue_Car_ws/build/rosidl_typesupport_microxrcedds_c
