[0.266s] Invoking command in '/root/ros_ws/src/Rescue_Car_ws/build/trajectory_msgs': CMAKE_PREFIX_PATH=/root/ros_ws/src/Rescue_Car_ws/install/geometry_msgs:/root/ros_ws/src/Rescue_Car_ws/install/std_msgs:/root/ros_ws/src/Rescue_Car_ws/install/builtin_interfaces:/root/ros_ws/src/Rescue_Car_ws/install/micro_ros_demos_rclc:/root/ros_ws/src/Rescue_Car_ws/install/common_interfaces:/root/ros_ws/src/Rescue_Car_ws/install/visualization_msgs:/root/ros_ws/src/Rescue_Car_ws/install/test_msgs:/root/ros_ws/src/Rescue_Car_ws/install/example_interfaces:/root/ros_ws/src/Rescue_Car_ws/install/action_msgs:/root/ros_ws/src/Rescue_Car_ws/install/unique_identifier_msgs:/root/ros_ws/src/Rescue_Car_ws/install/trajectory_msgs:/root/ros_ws/src/Rescue_Car_ws/install/stereo_msgs:/root/ros_ws/src/Rescue_Car_ws/install/std_srvs:/root/ros_ws/src/Rescue_Car_ws/install/shape_msgs:/root/ros_ws/src/Rescue_Car_ws/install/sensor_msgs:/root/ros_ws/src/Rescue_Car_ws/install/nav_msgs:/root/ros_ws/src/Rescue_Car_ws/install/diagnostic_msgs:/root/ros_ws/src/Rescue_Car_ws/install/actionlib_msgs:/root/ros_ws/src/Rescue_Car_ws/install/statistics_msgs:/root/ros_ws/src/Rescue_Car_ws/install/rosidl_typesupport_microxrcedds_test_msg:/root/ros_ws/src/Rescue_Car_ws/install/rosidl_typesupport_microxrcedds_cpp_tests:/root/ros_ws/src/Rescue_Car_ws/install/rmw_microxrcedds:/root/ros_ws/src/Rescue_Car_ws/install/rosidl_typesupport_microxrcedds_cpp:/root/ros_ws/src/Rescue_Car_ws/install/rosidl_typesupport_microxrcedds_c_tests:/root/ros_ws/src/Rescue_Car_ws/install/rosidl_typesupport_microxrcedds_c:/root/ros_ws/src/Rescue_Car_ws/install/rosgraph_msgs:/root/ros_ws/src/Rescue_Car_ws/install/rclc_parameter:/root/ros_ws/src/Rescue_Car_ws/install/rclc:/root/ros_ws/src/Rescue_Car_ws/install/composition_interfaces:/root/ros_ws/src/Rescue_Car_ws/install/rcl_interfaces:/root/ros_ws/src/Rescue_Car_ws/install/microxrcedds_client:/root/ros_ws/src/Rescue_Car_ws/install/microcdr:/root/ros_ws/src/Rescue_Car_ws/install/micro_ros_utilities:/root/ros_ws/src/Rescue_Car_ws/install/micro_ros_setup:/root/ros_ws/src/Rescue_Car_ws/install/micro_ros_agent:/root/ros_ws/src/Rescue_Car_ws/install/micro_ros_msgs:/root/ros_ws/src/Rescue_Car_ws/install/lifecycle_msgs:/root/ros_ws/src/Rescue_Car_ws/install/complex_msgs:/root/ros_ws/src/Rescue_Car_ws/install/car:/root/ros_ws/src/Rescue_Car_ws/install/sensor_msgs_py:/opt/ros/humble LD_LIBRARY_PATH=/root/ros_ws/src/Rescue_Car_ws/install/geometry_msgs/lib:/root/ros_ws/src/Rescue_Car_ws/install/std_msgs/lib:/root/ros_ws/src/Rescue_Car_ws/install/builtin_interfaces/lib:/root/ros_ws/src/Rescue_Car_ws/install/visualization_msgs/lib:/root/ros_ws/src/Rescue_Car_ws/install/test_msgs/lib:/root/ros_ws/src/Rescue_Car_ws/install/example_interfaces/lib:/root/ros_ws/src/Rescue_Car_ws/install/action_msgs/lib:/root/ros_ws/src/Rescue_Car_ws/install/unique_identifier_msgs/lib:/root/ros_ws/src/Rescue_Car_ws/install/trajectory_msgs/lib:/root/ros_ws/src/Rescue_Car_ws/install/stereo_msgs/lib:/root/ros_ws/src/Rescue_Car_ws/install/std_srvs/lib:/root/ros_ws/src/Rescue_Car_ws/install/shape_msgs/lib:/root/ros_ws/src/Rescue_Car_ws/install/sensor_msgs/lib:/root/ros_ws/src/Rescue_Car_ws/install/nav_msgs/lib:/root/ros_ws/src/Rescue_Car_ws/install/diagnostic_msgs/lib:/root/ros_ws/src/Rescue_Car_ws/install/actionlib_msgs/lib:/root/ros_ws/src/Rescue_Car_ws/install/statistics_msgs/lib:/root/ros_ws/src/Rescue_Car_ws/install/rosidl_typesupport_microxrcedds_test_msg/lib:/root/ros_ws/src/Rescue_Car_ws/install/rmw_microxrcedds/lib:/root/ros_ws/src/Rescue_Car_ws/install/rosidl_typesupport_microxrcedds_cpp/lib:/root/ros_ws/src/Rescue_Car_ws/install/rosidl_typesupport_microxrcedds_c/lib:/root/ros_ws/src/Rescue_Car_ws/install/rosgraph_msgs/lib:/root/ros_ws/src/Rescue_Car_ws/install/rclc_parameter/lib:/root/ros_ws/src/Rescue_Car_ws/install/rclc/lib:/root/ros_ws/src/Rescue_Car_ws/install/composition_interfaces/lib:/root/ros_ws/src/Rescue_Car_ws/install/rcl_interfaces/lib:/root/ros_ws/src/Rescue_Car_ws/install/micro_ros_utilities/lib:/root/ros_ws/src/Rescue_Car_ws/install/micro_ros_agent/lib:/root/ros_ws/src/Rescue_Car_ws/install/micro_ros_msgs/lib:/root/ros_ws/src/Rescue_Car_ws/install/lifecycle_msgs/lib:/root/ros_ws/src/Rescue_Car_ws/install/complex_msgs/lib:/usr/lib/x86_64-linux-gnu/gazebo-11/plugins:/opt/ros/humble/opt/rviz_ogre_vendor/lib:/opt/ros/humble/lib/x86_64-linux-gnu:/opt/ros/humble/lib /usr/bin/cmake --build /root/ros_ws/src/Rescue_Car_ws/build/trajectory_msgs -- -j20 -l20
[0.354s] [  1%] Built target trajectory_msgs__cpp
[0.360s] [ 12%] Built target trajectory_msgs__rosidl_generator_c
[0.373s] [ 12%] Built target ament_cmake_python_copy_trajectory_msgs
[0.403s] [ 23%] Built target trajectory_msgs__rosidl_typesupport_fastrtps_c
[0.403s] [ 34%] Built target trajectory_msgs__rosidl_typesupport_fastrtps_cpp
[0.403s] [ 50%] Built target trajectory_msgs__rosidl_typesupport_introspection_c
[0.403s] [ 56%] Built target trajectory_msgs__rosidl_typesupport_introspection_cpp
[0.403s] [ 67%] Built target trajectory_msgs__rosidl_typesupport_c
[0.407s] [ 78%] Built target trajectory_msgs__rosidl_typesupport_cpp
[0.442s] [ 78%] Built target trajectory_msgs
[0.474s] [ 80%] Built target trajectory_msgs__py
[0.511s] [ 89%] Built target trajectory_msgs__rosidl_generator_py
[0.543s] [ 92%] Built target trajectory_msgs__rosidl_typesupport_fastrtps_c__pyext
[0.547s] [ 96%] Built target trajectory_msgs__rosidl_typesupport_c__pyext
[0.551s] [100%] Built target trajectory_msgs__rosidl_typesupport_introspection_c__pyext
[0.724s] running egg_info
[0.731s] writing trajectory_msgs.egg-info/PKG-INFO
[0.731s] writing dependency_links to trajectory_msgs.egg-info/dependency_links.txt
[0.732s] writing top-level names to trajectory_msgs.egg-info/top_level.txt
[0.757s] reading manifest file 'trajectory_msgs.egg-info/SOURCES.txt'
[0.758s] writing manifest file 'trajectory_msgs.egg-info/SOURCES.txt'
[0.843s] [100%] Built target ament_cmake_python_build_trajectory_msgs_egg
[0.891s] Invoked command in '/root/ros_ws/src/Rescue_Car_ws/build/trajectory_msgs' returned '0': CMAKE_PREFIX_PATH=/root/ros_ws/src/Rescue_Car_ws/install/geometry_msgs:/root/ros_ws/src/Rescue_Car_ws/install/std_msgs:/root/ros_ws/src/Rescue_Car_ws/install/builtin_interfaces:/root/ros_ws/src/Rescue_Car_ws/install/micro_ros_demos_rclc:/root/ros_ws/src/Rescue_Car_ws/install/common_interfaces:/root/ros_ws/src/Rescue_Car_ws/install/visualization_msgs:/root/ros_ws/src/Rescue_Car_ws/install/test_msgs:/root/ros_ws/src/Rescue_Car_ws/install/example_interfaces:/root/ros_ws/src/Rescue_Car_ws/install/action_msgs:/root/ros_ws/src/Rescue_Car_ws/install/unique_identifier_msgs:/root/ros_ws/src/Rescue_Car_ws/install/trajectory_msgs:/root/ros_ws/src/Rescue_Car_ws/install/stereo_msgs:/root/ros_ws/src/Rescue_Car_ws/install/std_srvs:/root/ros_ws/src/Rescue_Car_ws/install/shape_msgs:/root/ros_ws/src/Rescue_Car_ws/install/sensor_msgs:/root/ros_ws/src/Rescue_Car_ws/install/nav_msgs:/root/ros_ws/src/Rescue_Car_ws/install/diagnostic_msgs:/root/ros_ws/src/Rescue_Car_ws/install/actionlib_msgs:/root/ros_ws/src/Rescue_Car_ws/install/statistics_msgs:/root/ros_ws/src/Rescue_Car_ws/install/rosidl_typesupport_microxrcedds_test_msg:/root/ros_ws/src/Rescue_Car_ws/install/rosidl_typesupport_microxrcedds_cpp_tests:/root/ros_ws/src/Rescue_Car_ws/install/rmw_microxrcedds:/root/ros_ws/src/Rescue_Car_ws/install/rosidl_typesupport_microxrcedds_cpp:/root/ros_ws/src/Rescue_Car_ws/install/rosidl_typesupport_microxrcedds_c_tests:/root/ros_ws/src/Rescue_Car_ws/install/rosidl_typesupport_microxrcedds_c:/root/ros_ws/src/Rescue_Car_ws/install/rosgraph_msgs:/root/ros_ws/src/Rescue_Car_ws/install/rclc_parameter:/root/ros_ws/src/Rescue_Car_ws/install/rclc:/root/ros_ws/src/Rescue_Car_ws/install/composition_interfaces:/root/ros_ws/src/Rescue_Car_ws/install/rcl_interfaces:/root/ros_ws/src/Rescue_Car_ws/install/microxrcedds_client:/root/ros_ws/src/Rescue_Car_ws/install/microcdr:/root/ros_ws/src/Rescue_Car_ws/install/micro_ros_utilities:/root/ros_ws/src/Rescue_Car_ws/install/micro_ros_setup:/root/ros_ws/src/Rescue_Car_ws/install/micro_ros_agent:/root/ros_ws/src/Rescue_Car_ws/install/micro_ros_msgs:/root/ros_ws/src/Rescue_Car_ws/install/lifecycle_msgs:/root/ros_ws/src/Rescue_Car_ws/install/complex_msgs:/root/ros_ws/src/Rescue_Car_ws/install/car:/root/ros_ws/src/Rescue_Car_ws/install/sensor_msgs_py:/opt/ros/humble LD_LIBRARY_PATH=/root/ros_ws/src/Rescue_Car_ws/install/geometry_msgs/lib:/root/ros_ws/src/Rescue_Car_ws/install/std_msgs/lib:/root/ros_ws/src/Rescue_Car_ws/install/builtin_interfaces/lib:/root/ros_ws/src/Rescue_Car_ws/install/visualization_msgs/lib:/root/ros_ws/src/Rescue_Car_ws/install/test_msgs/lib:/root/ros_ws/src/Rescue_Car_ws/install/example_interfaces/lib:/root/ros_ws/src/Rescue_Car_ws/install/action_msgs/lib:/root/ros_ws/src/Rescue_Car_ws/install/unique_identifier_msgs/lib:/root/ros_ws/src/Rescue_Car_ws/install/trajectory_msgs/lib:/root/ros_ws/src/Rescue_Car_ws/install/stereo_msgs/lib:/root/ros_ws/src/Rescue_Car_ws/install/std_srvs/lib:/root/ros_ws/src/Rescue_Car_ws/install/shape_msgs/lib:/root/ros_ws/src/Rescue_Car_ws/install/sensor_msgs/lib:/root/ros_ws/src/Rescue_Car_ws/install/nav_msgs/lib:/root/ros_ws/src/Rescue_Car_ws/install/diagnostic_msgs/lib:/root/ros_ws/src/Rescue_Car_ws/install/actionlib_msgs/lib:/root/ros_ws/src/Rescue_Car_ws/install/statistics_msgs/lib:/root/ros_ws/src/Rescue_Car_ws/install/rosidl_typesupport_microxrcedds_test_msg/lib:/root/ros_ws/src/Rescue_Car_ws/install/rmw_microxrcedds/lib:/root/ros_ws/src/Rescue_Car_ws/install/rosidl_typesupport_microxrcedds_cpp/lib:/root/ros_ws/src/Rescue_Car_ws/install/rosidl_typesupport_microxrcedds_c/lib:/root/ros_ws/src/Rescue_Car_ws/install/rosgraph_msgs/lib:/root/ros_ws/src/Rescue_Car_ws/install/rclc_parameter/lib:/root/ros_ws/src/Rescue_Car_ws/install/rclc/lib:/root/ros_ws/src/Rescue_Car_ws/install/composition_interfaces/lib:/root/ros_ws/src/Rescue_Car_ws/install/rcl_interfaces/lib:/root/ros_ws/src/Rescue_Car_ws/install/micro_ros_utilities/lib:/root/ros_ws/src/Rescue_Car_ws/install/micro_ros_agent/lib:/root/ros_ws/src/Rescue_Car_ws/install/micro_ros_msgs/lib:/root/ros_ws/src/Rescue_Car_ws/install/lifecycle_msgs/lib:/root/ros_ws/src/Rescue_Car_ws/install/complex_msgs/lib:/usr/lib/x86_64-linux-gnu/gazebo-11/plugins:/opt/ros/humble/opt/rviz_ogre_vendor/lib:/opt/ros/humble/lib/x86_64-linux-gnu:/opt/ros/humble/lib /usr/bin/cmake --build /root/ros_ws/src/Rescue_Car_ws/build/trajectory_msgs -- -j20 -l20
[0.894s] Invoking command in '/root/ros_ws/src/Rescue_Car_ws/build/trajectory_msgs': CMAKE_PREFIX_PATH=/root/ros_ws/src/Rescue_Car_ws/install/geometry_msgs:/root/ros_ws/src/Rescue_Car_ws/install/std_msgs:/root/ros_ws/src/Rescue_Car_ws/install/builtin_interfaces:/root/ros_ws/src/Rescue_Car_ws/install/micro_ros_demos_rclc:/root/ros_ws/src/Rescue_Car_ws/install/common_interfaces:/root/ros_ws/src/Rescue_Car_ws/install/visualization_msgs:/root/ros_ws/src/Rescue_Car_ws/install/test_msgs:/root/ros_ws/src/Rescue_Car_ws/install/example_interfaces:/root/ros_ws/src/Rescue_Car_ws/install/action_msgs:/root/ros_ws/src/Rescue_Car_ws/install/unique_identifier_msgs:/root/ros_ws/src/Rescue_Car_ws/install/trajectory_msgs:/root/ros_ws/src/Rescue_Car_ws/install/stereo_msgs:/root/ros_ws/src/Rescue_Car_ws/install/std_srvs:/root/ros_ws/src/Rescue_Car_ws/install/shape_msgs:/root/ros_ws/src/Rescue_Car_ws/install/sensor_msgs:/root/ros_ws/src/Rescue_Car_ws/install/nav_msgs:/root/ros_ws/src/Rescue_Car_ws/install/diagnostic_msgs:/root/ros_ws/src/Rescue_Car_ws/install/actionlib_msgs:/root/ros_ws/src/Rescue_Car_ws/install/statistics_msgs:/root/ros_ws/src/Rescue_Car_ws/install/rosidl_typesupport_microxrcedds_test_msg:/root/ros_ws/src/Rescue_Car_ws/install/rosidl_typesupport_microxrcedds_cpp_tests:/root/ros_ws/src/Rescue_Car_ws/install/rmw_microxrcedds:/root/ros_ws/src/Rescue_Car_ws/install/rosidl_typesupport_microxrcedds_cpp:/root/ros_ws/src/Rescue_Car_ws/install/rosidl_typesupport_microxrcedds_c_tests:/root/ros_ws/src/Rescue_Car_ws/install/rosidl_typesupport_microxrcedds_c:/root/ros_ws/src/Rescue_Car_ws/install/rosgraph_msgs:/root/ros_ws/src/Rescue_Car_ws/install/rclc_parameter:/root/ros_ws/src/Rescue_Car_ws/install/rclc:/root/ros_ws/src/Rescue_Car_ws/install/composition_interfaces:/root/ros_ws/src/Rescue_Car_ws/install/rcl_interfaces:/root/ros_ws/src/Rescue_Car_ws/install/microxrcedds_client:/root/ros_ws/src/Rescue_Car_ws/install/microcdr:/root/ros_ws/src/Rescue_Car_ws/install/micro_ros_utilities:/root/ros_ws/src/Rescue_Car_ws/install/micro_ros_setup:/root/ros_ws/src/Rescue_Car_ws/install/micro_ros_agent:/root/ros_ws/src/Rescue_Car_ws/install/micro_ros_msgs:/root/ros_ws/src/Rescue_Car_ws/install/lifecycle_msgs:/root/ros_ws/src/Rescue_Car_ws/install/complex_msgs:/root/ros_ws/src/Rescue_Car_ws/install/car:/root/ros_ws/src/Rescue_Car_ws/install/sensor_msgs_py:/opt/ros/humble LD_LIBRARY_PATH=/root/ros_ws/src/Rescue_Car_ws/install/geometry_msgs/lib:/root/ros_ws/src/Rescue_Car_ws/install/std_msgs/lib:/root/ros_ws/src/Rescue_Car_ws/install/builtin_interfaces/lib:/root/ros_ws/src/Rescue_Car_ws/install/visualization_msgs/lib:/root/ros_ws/src/Rescue_Car_ws/install/test_msgs/lib:/root/ros_ws/src/Rescue_Car_ws/install/example_interfaces/lib:/root/ros_ws/src/Rescue_Car_ws/install/action_msgs/lib:/root/ros_ws/src/Rescue_Car_ws/install/unique_identifier_msgs/lib:/root/ros_ws/src/Rescue_Car_ws/install/trajectory_msgs/lib:/root/ros_ws/src/Rescue_Car_ws/install/stereo_msgs/lib:/root/ros_ws/src/Rescue_Car_ws/install/std_srvs/lib:/root/ros_ws/src/Rescue_Car_ws/install/shape_msgs/lib:/root/ros_ws/src/Rescue_Car_ws/install/sensor_msgs/lib:/root/ros_ws/src/Rescue_Car_ws/install/nav_msgs/lib:/root/ros_ws/src/Rescue_Car_ws/install/diagnostic_msgs/lib:/root/ros_ws/src/Rescue_Car_ws/install/actionlib_msgs/lib:/root/ros_ws/src/Rescue_Car_ws/install/statistics_msgs/lib:/root/ros_ws/src/Rescue_Car_ws/install/rosidl_typesupport_microxrcedds_test_msg/lib:/root/ros_ws/src/Rescue_Car_ws/install/rmw_microxrcedds/lib:/root/ros_ws/src/Rescue_Car_ws/install/rosidl_typesupport_microxrcedds_cpp/lib:/root/ros_ws/src/Rescue_Car_ws/install/rosidl_typesupport_microxrcedds_c/lib:/root/ros_ws/src/Rescue_Car_ws/install/rosgraph_msgs/lib:/root/ros_ws/src/Rescue_Car_ws/install/rclc_parameter/lib:/root/ros_ws/src/Rescue_Car_ws/install/rclc/lib:/root/ros_ws/src/Rescue_Car_ws/install/composition_interfaces/lib:/root/ros_ws/src/Rescue_Car_ws/install/rcl_interfaces/lib:/root/ros_ws/src/Rescue_Car_ws/install/micro_ros_utilities/lib:/root/ros_ws/src/Rescue_Car_ws/install/micro_ros_agent/lib:/root/ros_ws/src/Rescue_Car_ws/install/micro_ros_msgs/lib:/root/ros_ws/src/Rescue_Car_ws/install/lifecycle_msgs/lib:/root/ros_ws/src/Rescue_Car_ws/install/complex_msgs/lib:/usr/lib/x86_64-linux-gnu/gazebo-11/plugins:/opt/ros/humble/opt/rviz_ogre_vendor/lib:/opt/ros/humble/lib/x86_64-linux-gnu:/opt/ros/humble/lib /usr/bin/cmake --install /root/ros_ws/src/Rescue_Car_ws/build/trajectory_msgs
[0.950s] -- Install configuration: ""
[0.950s] -- Up-to-date: /root/ros_ws/src/Rescue_Car_ws/install/trajectory_msgs/share/ament_index/resource_index/rosidl_interfaces/trajectory_msgs
[0.950s] -- Up-to-date: /root/ros_ws/src/Rescue_Car_ws/install/trajectory_msgs/include/trajectory_msgs/trajectory_msgs
[0.950s] -- Up-to-date: /root/ros_ws/src/Rescue_Car_ws/install/trajectory_msgs/include/trajectory_msgs/trajectory_msgs/msg
[0.950s] -- Up-to-date: /root/ros_ws/src/Rescue_Car_ws/install/trajectory_msgs/include/trajectory_msgs/trajectory_msgs/msg/joint_trajectory_point.h
[0.951s] -- Up-to-date: /root/ros_ws/src/Rescue_Car_ws/install/trajectory_msgs/include/trajectory_msgs/trajectory_msgs/msg/multi_dof_joint_trajectory.h
[0.952s] -- Up-to-date: /root/ros_ws/src/Rescue_Car_ws/install/trajectory_msgs/include/trajectory_msgs/trajectory_msgs/msg/joint_trajectory.h
[0.952s] -- Up-to-date: /root/ros_ws/src/Rescue_Car_ws/install/trajectory_msgs/include/trajectory_msgs/trajectory_msgs/msg/detail
[0.952s] -- Up-to-date: /root/ros_ws/src/Rescue_Car_ws/install/trajectory_msgs/include/trajectory_msgs/trajectory_msgs/msg/detail/multi_dof_joint_trajectory_point__type_support.h
[0.952s] -- Up-to-date: /root/ros_ws/src/Rescue_Car_ws/install/trajectory_msgs/include/trajectory_msgs/trajectory_msgs/msg/detail/joint_trajectory__functions.c
[0.952s] -- Up-to-date: /root/ros_ws/src/Rescue_Car_ws/install/trajectory_msgs/include/trajectory_msgs/trajectory_msgs/msg/detail/joint_trajectory_point__struct.h
[0.952s] -- Up-to-date: /root/ros_ws/src/Rescue_Car_ws/install/trajectory_msgs/include/trajectory_msgs/trajectory_msgs/msg/detail/joint_trajectory__type_support.h
[0.953s] -- Up-to-date: /root/ros_ws/src/Rescue_Car_ws/install/trajectory_msgs/include/trajectory_msgs/trajectory_msgs/msg/detail/joint_trajectory_point__type_support.h
[0.953s] -- Up-to-date: /root/ros_ws/src/Rescue_Car_ws/install/trajectory_msgs/include/trajectory_msgs/trajectory_msgs/msg/detail/joint_trajectory__struct.h
[0.953s] -- Up-to-date: /root/ros_ws/src/Rescue_Car_ws/install/trajectory_msgs/include/trajectory_msgs/trajectory_msgs/msg/detail/multi_dof_joint_trajectory_point__functions.h
[0.953s] -- Up-to-date: /root/ros_ws/src/Rescue_Car_ws/install/trajectory_msgs/include/trajectory_msgs/trajectory_msgs/msg/detail/multi_dof_joint_trajectory__functions.h
[0.953s] -- Up-to-date: /root/ros_ws/src/Rescue_Car_ws/install/trajectory_msgs/include/trajectory_msgs/trajectory_msgs/msg/detail/multi_dof_joint_trajectory__struct.h
[0.953s] -- Up-to-date: /root/ros_ws/src/Rescue_Car_ws/install/trajectory_msgs/include/trajectory_msgs/trajectory_msgs/msg/detail/joint_trajectory__functions.h
[0.953s] -- Up-to-date: /root/ros_ws/src/Rescue_Car_ws/install/trajectory_msgs/include/trajectory_msgs/trajectory_msgs/msg/detail/multi_dof_joint_trajectory__functions.c
[0.953s] -- Up-to-date: /root/ros_ws/src/Rescue_Car_ws/install/trajectory_msgs/include/trajectory_msgs/trajectory_msgs/msg/detail/joint_trajectory_point__functions.h
[0.953s] -- Up-to-date: /root/ros_ws/src/Rescue_Car_ws/install/trajectory_msgs/include/trajectory_msgs/trajectory_msgs/msg/detail/joint_trajectory_point__functions.c
[0.954s] -- Up-to-date: /root/ros_ws/src/Rescue_Car_ws/install/trajectory_msgs/include/trajectory_msgs/trajectory_msgs/msg/detail/multi_dof_joint_trajectory_point__struct.h
[0.955s] -- Up-to-date: /root/ros_ws/src/Rescue_Car_ws/install/trajectory_msgs/include/trajectory_msgs/trajectory_msgs/msg/detail/multi_dof_joint_trajectory__type_support.h
[0.957s] -- Up-to-date: /root/ros_ws/src/Rescue_Car_ws/install/trajectory_msgs/include/trajectory_msgs/trajectory_msgs/msg/detail/multi_dof_joint_trajectory_point__functions.c
[0.958s] -- Up-to-date: /root/ros_ws/src/Rescue_Car_ws/install/trajectory_msgs/include/trajectory_msgs/trajectory_msgs/msg/rosidl_generator_c__visibility_control.h
[0.959s] -- Up-to-date: /root/ros_ws/src/Rescue_Car_ws/install/trajectory_msgs/include/trajectory_msgs/trajectory_msgs/msg/multi_dof_joint_trajectory_point.h
[0.959s] -- Up-to-date: /root/ros_ws/src/Rescue_Car_ws/install/trajectory_msgs/share/trajectory_msgs/environment/library_path.sh
[0.959s] -- Up-to-date: /root/ros_ws/src/Rescue_Car_ws/install/trajectory_msgs/share/trajectory_msgs/environment/library_path.dsv
[0.959s] -- Up-to-date: /root/ros_ws/src/Rescue_Car_ws/install/trajectory_msgs/lib/libtrajectory_msgs__rosidl_generator_c.so
[0.959s] -- Up-to-date: /root/ros_ws/src/Rescue_Car_ws/install/trajectory_msgs/include/trajectory_msgs/trajectory_msgs
[0.959s] -- Up-to-date: /root/ros_ws/src/Rescue_Car_ws/install/trajectory_msgs/include/trajectory_msgs/trajectory_msgs/msg
[0.959s] -- Up-to-date: /root/ros_ws/src/Rescue_Car_ws/install/trajectory_msgs/include/trajectory_msgs/trajectory_msgs/msg/detail
[0.959s] -- Up-to-date: /root/ros_ws/src/Rescue_Car_ws/install/trajectory_msgs/include/trajectory_msgs/trajectory_msgs/msg/detail/multi_dof_joint_trajectory_point__rosidl_typesupport_fastrtps_c.h
[0.959s] -- Up-to-date: /root/ros_ws/src/Rescue_Car_ws/install/trajectory_msgs/include/trajectory_msgs/trajectory_msgs/msg/detail/joint_trajectory__rosidl_typesupport_fastrtps_c.h
[0.959s] -- Up-to-date: /root/ros_ws/src/Rescue_Car_ws/install/trajectory_msgs/include/trajectory_msgs/trajectory_msgs/msg/detail/multi_dof_joint_trajectory__rosidl_typesupport_fastrtps_c.h
[0.959s] -- Up-to-date: /root/ros_ws/src/Rescue_Car_ws/install/trajectory_msgs/include/trajectory_msgs/trajectory_msgs/msg/detail/joint_trajectory_point__rosidl_typesupport_fastrtps_c.h
[0.959s] -- Up-to-date: /root/ros_ws/src/Rescue_Car_ws/install/trajectory_msgs/include/trajectory_msgs/trajectory_msgs/msg/rosidl_typesupport_fastrtps_c__visibility_control.h
[0.960s] -- Up-to-date: /root/ros_ws/src/Rescue_Car_ws/install/trajectory_msgs/lib/libtrajectory_msgs__rosidl_typesupport_fastrtps_c.so
[0.960s] -- Up-to-date: /root/ros_ws/src/Rescue_Car_ws/install/trajectory_msgs/include/trajectory_msgs/trajectory_msgs
[0.960s] -- Up-to-date: /root/ros_ws/src/Rescue_Car_ws/install/trajectory_msgs/include/trajectory_msgs/trajectory_msgs/msg
[0.960s] -- Up-to-date: /root/ros_ws/src/Rescue_Car_ws/install/trajectory_msgs/include/trajectory_msgs/trajectory_msgs/msg/multi_dof_joint_trajectory.hpp
[0.961s] -- Up-to-date: /root/ros_ws/src/Rescue_Car_ws/install/trajectory_msgs/include/trajectory_msgs/trajectory_msgs/msg/rosidl_generator_cpp__visibility_control.hpp
[0.961s] -- Up-to-date: /root/ros_ws/src/Rescue_Car_ws/install/trajectory_msgs/include/trajectory_msgs/trajectory_msgs/msg/joint_trajectory_point.hpp
[0.961s] -- Up-to-date: /root/ros_ws/src/Rescue_Car_ws/install/trajectory_msgs/include/trajectory_msgs/trajectory_msgs/msg/multi_dof_joint_trajectory_point.hpp
[0.961s] -- Up-to-date: /root/ros_ws/src/Rescue_Car_ws/install/trajectory_msgs/include/trajectory_msgs/trajectory_msgs/msg/detail
[0.961s] -- Up-to-date: /root/ros_ws/src/Rescue_Car_ws/install/trajectory_msgs/include/trajectory_msgs/trajectory_msgs/msg/detail/multi_dof_joint_trajectory_point__struct.hpp
[0.961s] -- Up-to-date: /root/ros_ws/src/Rescue_Car_ws/install/trajectory_msgs/include/trajectory_msgs/trajectory_msgs/msg/detail/multi_dof_joint_trajectory_point__builder.hpp
[0.961s] -- Up-to-date: /root/ros_ws/src/Rescue_Car_ws/install/trajectory_msgs/include/trajectory_msgs/trajectory_msgs/msg/detail/joint_trajectory_point__type_support.hpp
[0.961s] -- Up-to-date: /root/ros_ws/src/Rescue_Car_ws/install/trajectory_msgs/include/trajectory_msgs/trajectory_msgs/msg/detail/joint_trajectory_point__builder.hpp
[0.961s] -- Up-to-date: /root/ros_ws/src/Rescue_Car_ws/install/trajectory_msgs/include/trajectory_msgs/trajectory_msgs/msg/detail/multi_dof_joint_trajectory__type_support.hpp
[0.961s] -- Up-to-date: /root/ros_ws/src/Rescue_Car_ws/install/trajectory_msgs/include/trajectory_msgs/trajectory_msgs/msg/detail/joint_trajectory_point__struct.hpp
[0.961s] -- Up-to-date: /root/ros_ws/src/Rescue_Car_ws/install/trajectory_msgs/include/trajectory_msgs/trajectory_msgs/msg/detail/multi_dof_joint_trajectory__builder.hpp
[0.961s] -- Up-to-date: /root/ros_ws/src/Rescue_Car_ws/install/trajectory_msgs/include/trajectory_msgs/trajectory_msgs/msg/detail/joint_trajectory__traits.hpp
[0.961s] -- Up-to-date: /root/ros_ws/src/Rescue_Car_ws/install/trajectory_msgs/include/trajectory_msgs/trajectory_msgs/msg/detail/multi_dof_joint_trajectory__traits.hpp
[0.961s] -- Up-to-date: /root/ros_ws/src/Rescue_Car_ws/install/trajectory_msgs/include/trajectory_msgs/trajectory_msgs/msg/detail/joint_trajectory_point__traits.hpp
[0.961s] -- Up-to-date: /root/ros_ws/src/Rescue_Car_ws/install/trajectory_msgs/include/trajectory_msgs/trajectory_msgs/msg/detail/multi_dof_joint_trajectory__struct.hpp
[0.961s] -- Up-to-date: /root/ros_ws/src/Rescue_Car_ws/install/trajectory_msgs/include/trajectory_msgs/trajectory_msgs/msg/detail/joint_trajectory__type_support.hpp
[0.961s] -- Up-to-date: /root/ros_ws/src/Rescue_Car_ws/install/trajectory_msgs/include/trajectory_msgs/trajectory_msgs/msg/detail/multi_dof_joint_trajectory_point__type_support.hpp
[0.962s] -- Up-to-date: /root/ros_ws/src/Rescue_Car_ws/install/trajectory_msgs/include/trajectory_msgs/trajectory_msgs/msg/detail/joint_trajectory__struct.hpp
[0.962s] -- Up-to-date: /root/ros_ws/src/Rescue_Car_ws/install/trajectory_msgs/include/trajectory_msgs/trajectory_msgs/msg/detail/joint_trajectory__builder.hpp
[0.962s] -- Up-to-date: /root/ros_ws/src/Rescue_Car_ws/install/trajectory_msgs/include/trajectory_msgs/trajectory_msgs/msg/detail/multi_dof_joint_trajectory_point__traits.hpp
[0.962s] -- Up-to-date: /root/ros_ws/src/Rescue_Car_ws/install/trajectory_msgs/include/trajectory_msgs/trajectory_msgs/msg/joint_trajectory.hpp
[0.962s] -- Up-to-date: /root/ros_ws/src/Rescue_Car_ws/install/trajectory_msgs/include/trajectory_msgs/trajectory_msgs
[0.962s] -- Up-to-date: /root/ros_ws/src/Rescue_Car_ws/install/trajectory_msgs/include/trajectory_msgs/trajectory_msgs/msg
[0.962s] -- Up-to-date: /root/ros_ws/src/Rescue_Car_ws/install/trajectory_msgs/include/trajectory_msgs/trajectory_msgs/msg/rosidl_typesupport_fastrtps_cpp__visibility_control.h
[0.962s] -- Up-to-date: /root/ros_ws/src/Rescue_Car_ws/install/trajectory_msgs/include/trajectory_msgs/trajectory_msgs/msg/detail
[0.962s] -- Up-to-date: /root/ros_ws/src/Rescue_Car_ws/install/trajectory_msgs/include/trajectory_msgs/trajectory_msgs/msg/detail/dds_fastrtps
[0.962s] -- Up-to-date: /root/ros_ws/src/Rescue_Car_ws/install/trajectory_msgs/include/trajectory_msgs/trajectory_msgs/msg/detail/joint_trajectory__rosidl_typesupport_fastrtps_cpp.hpp
[0.962s] -- Up-to-date: /root/ros_ws/src/Rescue_Car_ws/install/trajectory_msgs/include/trajectory_msgs/trajectory_msgs/msg/detail/multi_dof_joint_trajectory_point__rosidl_typesupport_fastrtps_cpp.hpp
[0.962s] -- Up-to-date: /root/ros_ws/src/Rescue_Car_ws/install/trajectory_msgs/include/trajectory_msgs/trajectory_msgs/msg/detail/joint_trajectory_point__rosidl_typesupport_fastrtps_cpp.hpp
[0.962s] -- Up-to-date: /root/ros_ws/src/Rescue_Car_ws/install/trajectory_msgs/include/trajectory_msgs/trajectory_msgs/msg/detail/multi_dof_joint_trajectory__rosidl_typesupport_fastrtps_cpp.hpp
[0.962s] -- Up-to-date: /root/ros_ws/src/Rescue_Car_ws/install/trajectory_msgs/lib/libtrajectory_msgs__rosidl_typesupport_fastrtps_cpp.so
[0.962s] -- Up-to-date: /root/ros_ws/src/Rescue_Car_ws/install/trajectory_msgs/include/trajectory_msgs/trajectory_msgs
[0.962s] -- Up-to-date: /root/ros_ws/src/Rescue_Car_ws/install/trajectory_msgs/include/trajectory_msgs/trajectory_msgs/msg
[0.962s] -- Up-to-date: /root/ros_ws/src/Rescue_Car_ws/install/trajectory_msgs/include/trajectory_msgs/trajectory_msgs/msg/rosidl_typesupport_introspection_c__visibility_control.h
[0.962s] -- Up-to-date: /root/ros_ws/src/Rescue_Car_ws/install/trajectory_msgs/include/trajectory_msgs/trajectory_msgs/msg/detail
[0.962s] -- Up-to-date: /root/ros_ws/src/Rescue_Car_ws/install/trajectory_msgs/include/trajectory_msgs/trajectory_msgs/msg/detail/multi_dof_joint_trajectory_point__type_support.c
[0.962s] -- Up-to-date: /root/ros_ws/src/Rescue_Car_ws/install/trajectory_msgs/include/trajectory_msgs/trajectory_msgs/msg/detail/multi_dof_joint_trajectory__type_support.c
[0.962s] -- Up-to-date: /root/ros_ws/src/Rescue_Car_ws/install/trajectory_msgs/include/trajectory_msgs/trajectory_msgs/msg/detail/joint_trajectory_point__rosidl_typesupport_introspection_c.h
[0.962s] -- Up-to-date: /root/ros_ws/src/Rescue_Car_ws/install/trajectory_msgs/include/trajectory_msgs/trajectory_msgs/msg/detail/joint_trajectory__rosidl_typesupport_introspection_c.h
[0.962s] -- Up-to-date: /root/ros_ws/src/Rescue_Car_ws/install/trajectory_msgs/include/trajectory_msgs/trajectory_msgs/msg/detail/joint_trajectory_point__type_support.c
[0.962s] -- Up-to-date: /root/ros_ws/src/Rescue_Car_ws/install/trajectory_msgs/include/trajectory_msgs/trajectory_msgs/msg/detail/multi_dof_joint_trajectory__rosidl_typesupport_introspection_c.h
[0.962s] -- Up-to-date: /root/ros_ws/src/Rescue_Car_ws/install/trajectory_msgs/include/trajectory_msgs/trajectory_msgs/msg/detail/joint_trajectory__type_support.c
[0.963s] -- Up-to-date: /root/ros_ws/src/Rescue_Car_ws/install/trajectory_msgs/include/trajectory_msgs/trajectory_msgs/msg/detail/multi_dof_joint_trajectory_point__rosidl_typesupport_introspection_c.h
[0.963s] -- Up-to-date: /root/ros_ws/src/Rescue_Car_ws/install/trajectory_msgs/lib/libtrajectory_msgs__rosidl_typesupport_introspection_c.so
[0.963s] -- Up-to-date: /root/ros_ws/src/Rescue_Car_ws/install/trajectory_msgs/lib/libtrajectory_msgs__rosidl_typesupport_c.so
[0.963s] -- Up-to-date: /root/ros_ws/src/Rescue_Car_ws/install/trajectory_msgs/include/trajectory_msgs/trajectory_msgs
[0.963s] -- Up-to-date: /root/ros_ws/src/Rescue_Car_ws/install/trajectory_msgs/include/trajectory_msgs/trajectory_msgs/msg
[0.963s] -- Up-to-date: /root/ros_ws/src/Rescue_Car_ws/install/trajectory_msgs/include/trajectory_msgs/trajectory_msgs/msg/detail
[0.963s] -- Up-to-date: /root/ros_ws/src/Rescue_Car_ws/install/trajectory_msgs/include/trajectory_msgs/trajectory_msgs/msg/detail/joint_trajectory__rosidl_typesupport_introspection_cpp.hpp
[0.963s] -- Up-to-date: /root/ros_ws/src/Rescue_Car_ws/install/trajectory_msgs/include/trajectory_msgs/trajectory_msgs/msg/detail/multi_dof_joint_trajectory_point__rosidl_typesupport_introspection_cpp.hpp
[0.963s] -- Up-to-date: /root/ros_ws/src/Rescue_Car_ws/install/trajectory_msgs/include/trajectory_msgs/trajectory_msgs/msg/detail/joint_trajectory__type_support.cpp
[0.963s] -- Up-to-date: /root/ros_ws/src/Rescue_Car_ws/install/trajectory_msgs/include/trajectory_msgs/trajectory_msgs/msg/detail/multi_dof_joint_trajectory__rosidl_typesupport_introspection_cpp.hpp
[0.963s] -- Up-to-date: /root/ros_ws/src/Rescue_Car_ws/install/trajectory_msgs/include/trajectory_msgs/trajectory_msgs/msg/detail/joint_trajectory_point__rosidl_typesupport_introspection_cpp.hpp
[0.963s] -- Up-to-date: /root/ros_ws/src/Rescue_Car_ws/install/trajectory_msgs/include/trajectory_msgs/trajectory_msgs/msg/detail/multi_dof_joint_trajectory__type_support.cpp
[0.964s] -- Up-to-date: /root/ros_ws/src/Rescue_Car_ws/install/trajectory_msgs/include/trajectory_msgs/trajectory_msgs/msg/detail/joint_trajectory_point__type_support.cpp
[0.964s] -- Up-to-date: /root/ros_ws/src/Rescue_Car_ws/install/trajectory_msgs/include/trajectory_msgs/trajectory_msgs/msg/detail/multi_dof_joint_trajectory_point__type_support.cpp
[0.964s] -- Up-to-date: /root/ros_ws/src/Rescue_Car_ws/install/trajectory_msgs/lib/libtrajectory_msgs__rosidl_typesupport_introspection_cpp.so
[0.964s] -- Up-to-date: /root/ros_ws/src/Rescue_Car_ws/install/trajectory_msgs/lib/libtrajectory_msgs__rosidl_typesupport_cpp.so
[0.964s] -- Up-to-date: /root/ros_ws/src/Rescue_Car_ws/install/trajectory_msgs/share/trajectory_msgs/environment/pythonpath.sh
[0.964s] -- Up-to-date: /root/ros_ws/src/Rescue_Car_ws/install/trajectory_msgs/share/trajectory_msgs/environment/pythonpath.dsv
[0.964s] -- Up-to-date: /root/ros_ws/src/Rescue_Car_ws/install/trajectory_msgs/local/lib/python3.10/dist-packages/trajectory_msgs-4.9.0-py3.10.egg-info
[0.965s] -- Installing: /root/ros_ws/src/Rescue_Car_ws/install/trajectory_msgs/local/lib/python3.10/dist-packages/trajectory_msgs-4.9.0-py3.10.egg-info/dependency_links.txt
[0.965s] -- Installing: /root/ros_ws/src/Rescue_Car_ws/install/trajectory_msgs/local/lib/python3.10/dist-packages/trajectory_msgs-4.9.0-py3.10.egg-info/SOURCES.txt
[0.965s] -- Installing: /root/ros_ws/src/Rescue_Car_ws/install/trajectory_msgs/local/lib/python3.10/dist-packages/trajectory_msgs-4.9.0-py3.10.egg-info/PKG-INFO
[0.966s] -- Installing: /root/ros_ws/src/Rescue_Car_ws/install/trajectory_msgs/local/lib/python3.10/dist-packages/trajectory_msgs-4.9.0-py3.10.egg-info/top_level.txt
[0.966s] -- Up-to-date: /root/ros_ws/src/Rescue_Car_ws/install/trajectory_msgs/local/lib/python3.10/dist-packages/trajectory_msgs
[0.967s] -- Up-to-date: /root/ros_ws/src/Rescue_Car_ws/install/trajectory_msgs/local/lib/python3.10/dist-packages/trajectory_msgs/trajectory_msgs_s__rosidl_typesupport_c.cpython-310-x86_64-linux-gnu.so
[0.967s] -- Up-to-date: /root/ros_ws/src/Rescue_Car_ws/install/trajectory_msgs/local/lib/python3.10/dist-packages/trajectory_msgs/_trajectory_msgs_s.ep.rosidl_typesupport_fastrtps_c.c
[0.967s] -- Up-to-date: /root/ros_ws/src/Rescue_Car_ws/install/trajectory_msgs/local/lib/python3.10/dist-packages/trajectory_msgs/trajectory_msgs_s__rosidl_typesupport_introspection_c.cpython-310-x86_64-linux-gnu.so
[0.968s] -- Up-to-date: /root/ros_ws/src/Rescue_Car_ws/install/trajectory_msgs/local/lib/python3.10/dist-packages/trajectory_msgs/libtrajectory_msgs__rosidl_generator_py.so
[0.968s] -- Up-to-date: /root/ros_ws/src/Rescue_Car_ws/install/trajectory_msgs/local/lib/python3.10/dist-packages/trajectory_msgs/_trajectory_msgs_s.ep.rosidl_typesupport_c.c
[0.968s] -- Up-to-date: /root/ros_ws/src/Rescue_Car_ws/install/trajectory_msgs/local/lib/python3.10/dist-packages/trajectory_msgs/trajectory_msgs_s__rosidl_typesupport_fastrtps_c.cpython-310-x86_64-linux-gnu.so
[0.969s] -- Up-to-date: /root/ros_ws/src/Rescue_Car_ws/install/trajectory_msgs/local/lib/python3.10/dist-packages/trajectory_msgs/__init__.py
[0.969s] -- Up-to-date: /root/ros_ws/src/Rescue_Car_ws/install/trajectory_msgs/local/lib/python3.10/dist-packages/trajectory_msgs/msg
[0.969s] -- Up-to-date: /root/ros_ws/src/Rescue_Car_ws/install/trajectory_msgs/local/lib/python3.10/dist-packages/trajectory_msgs/msg/_multi_dof_joint_trajectory.py
[0.970s] -- Up-to-date: /root/ros_ws/src/Rescue_Car_ws/install/trajectory_msgs/local/lib/python3.10/dist-packages/trajectory_msgs/msg/_joint_trajectory.py
[0.970s] -- Up-to-date: /root/ros_ws/src/Rescue_Car_ws/install/trajectory_msgs/local/lib/python3.10/dist-packages/trajectory_msgs/msg/_multi_dof_joint_trajectory_point_s.c
[0.970s] -- Up-to-date: /root/ros_ws/src/Rescue_Car_ws/install/trajectory_msgs/local/lib/python3.10/dist-packages/trajectory_msgs/msg/_multi_dof_joint_trajectory_point.py
[0.970s] -- Up-to-date: /root/ros_ws/src/Rescue_Car_ws/install/trajectory_msgs/local/lib/python3.10/dist-packages/trajectory_msgs/msg/_joint_trajectory_point.py
[0.970s] -- Up-to-date: /root/ros_ws/src/Rescue_Car_ws/install/trajectory_msgs/local/lib/python3.10/dist-packages/trajectory_msgs/msg/_multi_dof_joint_trajectory_s.c
[0.970s] -- Up-to-date: /root/ros_ws/src/Rescue_Car_ws/install/trajectory_msgs/local/lib/python3.10/dist-packages/trajectory_msgs/msg/_joint_trajectory_s.c
[0.970s] -- Up-to-date: /root/ros_ws/src/Rescue_Car_ws/install/trajectory_msgs/local/lib/python3.10/dist-packages/trajectory_msgs/msg/__init__.py
[0.970s] -- Up-to-date: /root/ros_ws/src/Rescue_Car_ws/install/trajectory_msgs/local/lib/python3.10/dist-packages/trajectory_msgs/msg/_joint_trajectory_point_s.c
[0.970s] -- Up-to-date: /root/ros_ws/src/Rescue_Car_ws/install/trajectory_msgs/local/lib/python3.10/dist-packages/trajectory_msgs/_trajectory_msgs_s.ep.rosidl_typesupport_introspection_c.c
[0.998s] Listing '/root/ros_ws/src/Rescue_Car_ws/install/trajectory_msgs/local/lib/python3.10/dist-packages/trajectory_msgs'...
[0.998s] Listing '/root/ros_ws/src/Rescue_Car_ws/install/trajectory_msgs/local/lib/python3.10/dist-packages/trajectory_msgs/msg'...
[1.003s] -- Up-to-date: /root/ros_ws/src/Rescue_Car_ws/install/trajectory_msgs/local/lib/python3.10/dist-packages/trajectory_msgs/trajectory_msgs_s__rosidl_typesupport_fastrtps_c.cpython-310-x86_64-linux-gnu.so
[1.003s] -- Up-to-date: /root/ros_ws/src/Rescue_Car_ws/install/trajectory_msgs/local/lib/python3.10/dist-packages/trajectory_msgs/trajectory_msgs_s__rosidl_typesupport_introspection_c.cpython-310-x86_64-linux-gnu.so
[1.003s] -- Up-to-date: /root/ros_ws/src/Rescue_Car_ws/install/trajectory_msgs/local/lib/python3.10/dist-packages/trajectory_msgs/trajectory_msgs_s__rosidl_typesupport_c.cpython-310-x86_64-linux-gnu.so
[1.003s] -- Up-to-date: /root/ros_ws/src/Rescue_Car_ws/install/trajectory_msgs/lib/libtrajectory_msgs__rosidl_generator_py.so
[1.003s] -- Up-to-date: /root/ros_ws/src/Rescue_Car_ws/install/trajectory_msgs/share/trajectory_msgs/msg/JointTrajectory.idl
[1.003s] -- Up-to-date: /root/ros_ws/src/Rescue_Car_ws/install/trajectory_msgs/share/trajectory_msgs/msg/JointTrajectoryPoint.idl
[1.004s] -- Up-to-date: /root/ros_ws/src/Rescue_Car_ws/install/trajectory_msgs/share/trajectory_msgs/msg/MultiDOFJointTrajectory.idl
[1.004s] -- Up-to-date: /root/ros_ws/src/Rescue_Car_ws/install/trajectory_msgs/share/trajectory_msgs/msg/MultiDOFJointTrajectoryPoint.idl
[1.004s] -- Up-to-date: /root/ros_ws/src/Rescue_Car_ws/install/trajectory_msgs/share/trajectory_msgs/msg/JointTrajectory.msg
[1.004s] -- Up-to-date: /root/ros_ws/src/Rescue_Car_ws/install/trajectory_msgs/share/trajectory_msgs/msg/JointTrajectoryPoint.msg
[1.004s] -- Up-to-date: /root/ros_ws/src/Rescue_Car_ws/install/trajectory_msgs/share/trajectory_msgs/msg/MultiDOFJointTrajectory.msg
[1.004s] -- Up-to-date: /root/ros_ws/src/Rescue_Car_ws/install/trajectory_msgs/share/trajectory_msgs/msg/MultiDOFJointTrajectoryPoint.msg
[1.004s] -- Up-to-date: /root/ros_ws/src/Rescue_Car_ws/install/trajectory_msgs/share/ament_index/resource_index/package_run_dependencies/trajectory_msgs
[1.004s] -- Up-to-date: /root/ros_ws/src/Rescue_Car_ws/install/trajectory_msgs/share/ament_index/resource_index/parent_prefix_path/trajectory_msgs
[1.005s] -- Up-to-date: /root/ros_ws/src/Rescue_Car_ws/install/trajectory_msgs/share/trajectory_msgs/environment/ament_prefix_path.sh
[1.005s] -- Up-to-date: /root/ros_ws/src/Rescue_Car_ws/install/trajectory_msgs/share/trajectory_msgs/environment/ament_prefix_path.dsv
[1.005s] -- Up-to-date: /root/ros_ws/src/Rescue_Car_ws/install/trajectory_msgs/share/trajectory_msgs/environment/path.sh
[1.005s] -- Up-to-date: /root/ros_ws/src/Rescue_Car_ws/install/trajectory_msgs/share/trajectory_msgs/environment/path.dsv
[1.005s] -- Up-to-date: /root/ros_ws/src/Rescue_Car_ws/install/trajectory_msgs/share/trajectory_msgs/local_setup.bash
[1.005s] -- Up-to-date: /root/ros_ws/src/Rescue_Car_ws/install/trajectory_msgs/share/trajectory_msgs/local_setup.sh
[1.006s] -- Up-to-date: /root/ros_ws/src/Rescue_Car_ws/install/trajectory_msgs/share/trajectory_msgs/local_setup.zsh
[1.006s] -- Up-to-date: /root/ros_ws/src/Rescue_Car_ws/install/trajectory_msgs/share/trajectory_msgs/local_setup.dsv
[1.006s] -- Installing: /root/ros_ws/src/Rescue_Car_ws/install/trajectory_msgs/share/trajectory_msgs/package.dsv
[1.006s] -- Up-to-date: /root/ros_ws/src/Rescue_Car_ws/install/trajectory_msgs/share/ament_index/resource_index/packages/trajectory_msgs
[1.006s] -- Up-to-date: /root/ros_ws/src/Rescue_Car_ws/install/trajectory_msgs/share/trajectory_msgs/cmake/export_trajectory_msgs__rosidl_generator_cExport.cmake
[1.006s] -- Up-to-date: /root/ros_ws/src/Rescue_Car_ws/install/trajectory_msgs/share/trajectory_msgs/cmake/export_trajectory_msgs__rosidl_generator_cExport-noconfig.cmake
[1.006s] -- Up-to-date: /root/ros_ws/src/Rescue_Car_ws/install/trajectory_msgs/share/trajectory_msgs/cmake/export_trajectory_msgs__rosidl_typesupport_fastrtps_cExport.cmake
[1.006s] -- Up-to-date: /root/ros_ws/src/Rescue_Car_ws/install/trajectory_msgs/share/trajectory_msgs/cmake/export_trajectory_msgs__rosidl_typesupport_fastrtps_cExport-noconfig.cmake
[1.006s] -- Up-to-date: /root/ros_ws/src/Rescue_Car_ws/install/trajectory_msgs/share/trajectory_msgs/cmake/export_trajectory_msgs__rosidl_generator_cppExport.cmake
[1.007s] -- Up-to-date: /root/ros_ws/src/Rescue_Car_ws/install/trajectory_msgs/share/trajectory_msgs/cmake/export_trajectory_msgs__rosidl_typesupport_fastrtps_cppExport.cmake
[1.007s] -- Up-to-date: /root/ros_ws/src/Rescue_Car_ws/install/trajectory_msgs/share/trajectory_msgs/cmake/export_trajectory_msgs__rosidl_typesupport_fastrtps_cppExport-noconfig.cmake
[1.007s] -- Up-to-date: /root/ros_ws/src/Rescue_Car_ws/install/trajectory_msgs/share/trajectory_msgs/cmake/trajectory_msgs__rosidl_typesupport_introspection_cExport.cmake
[1.007s] -- Up-to-date: /root/ros_ws/src/Rescue_Car_ws/install/trajectory_msgs/share/trajectory_msgs/cmake/trajectory_msgs__rosidl_typesupport_introspection_cExport-noconfig.cmake
[1.007s] -- Up-to-date: /root/ros_ws/src/Rescue_Car_ws/install/trajectory_msgs/share/trajectory_msgs/cmake/trajectory_msgs__rosidl_typesupport_cExport.cmake
[1.007s] -- Up-to-date: /root/ros_ws/src/Rescue_Car_ws/install/trajectory_msgs/share/trajectory_msgs/cmake/trajectory_msgs__rosidl_typesupport_cExport-noconfig.cmake
[1.007s] -- Up-to-date: /root/ros_ws/src/Rescue_Car_ws/install/trajectory_msgs/share/trajectory_msgs/cmake/trajectory_msgs__rosidl_typesupport_introspection_cppExport.cmake
[1.007s] -- Up-to-date: /root/ros_ws/src/Rescue_Car_ws/install/trajectory_msgs/share/trajectory_msgs/cmake/trajectory_msgs__rosidl_typesupport_introspection_cppExport-noconfig.cmake
[1.008s] -- Up-to-date: /root/ros_ws/src/Rescue_Car_ws/install/trajectory_msgs/share/trajectory_msgs/cmake/trajectory_msgs__rosidl_typesupport_cppExport.cmake
[1.008s] -- Up-to-date: /root/ros_ws/src/Rescue_Car_ws/install/trajectory_msgs/share/trajectory_msgs/cmake/trajectory_msgs__rosidl_typesupport_cppExport-noconfig.cmake
[1.008s] -- Up-to-date: /root/ros_ws/src/Rescue_Car_ws/install/trajectory_msgs/share/trajectory_msgs/cmake/export_trajectory_msgs__rosidl_generator_pyExport.cmake
[1.008s] -- Up-to-date: /root/ros_ws/src/Rescue_Car_ws/install/trajectory_msgs/share/trajectory_msgs/cmake/export_trajectory_msgs__rosidl_generator_pyExport-noconfig.cmake
[1.008s] -- Up-to-date: /root/ros_ws/src/Rescue_Car_ws/install/trajectory_msgs/share/trajectory_msgs/cmake/rosidl_cmake-extras.cmake
[1.008s] -- Up-to-date: /root/ros_ws/src/Rescue_Car_ws/install/trajectory_msgs/share/trajectory_msgs/cmake/ament_cmake_export_dependencies-extras.cmake
[1.008s] -- Up-to-date: /root/ros_ws/src/Rescue_Car_ws/install/trajectory_msgs/share/trajectory_msgs/cmake/ament_cmake_export_include_directories-extras.cmake
[1.009s] -- Up-to-date: /root/ros_ws/src/Rescue_Car_ws/install/trajectory_msgs/share/trajectory_msgs/cmake/ament_cmake_export_libraries-extras.cmake
[1.009s] -- Up-to-date: /root/ros_ws/src/Rescue_Car_ws/install/trajectory_msgs/share/trajectory_msgs/cmake/ament_cmake_export_targets-extras.cmake
[1.009s] -- Up-to-date: /root/ros_ws/src/Rescue_Car_ws/install/trajectory_msgs/share/trajectory_msgs/cmake/rosidl_cmake_export_typesupport_targets-extras.cmake
[1.009s] -- Up-to-date: /root/ros_ws/src/Rescue_Car_ws/install/trajectory_msgs/share/trajectory_msgs/cmake/rosidl_cmake_export_typesupport_libraries-extras.cmake
[1.009s] -- Up-to-date: /root/ros_ws/src/Rescue_Car_ws/install/trajectory_msgs/share/trajectory_msgs/cmake/trajectory_msgsConfig.cmake
[1.009s] -- Up-to-date: /root/ros_ws/src/Rescue_Car_ws/install/trajectory_msgs/share/trajectory_msgs/cmake/trajectory_msgsConfig-version.cmake
[1.009s] -- Up-to-date: /root/ros_ws/src/Rescue_Car_ws/install/trajectory_msgs/share/trajectory_msgs/package.xml
[1.012s] Invoked command in '/root/ros_ws/src/Rescue_Car_ws/build/trajectory_msgs' returned '0': CMAKE_PREFIX_PATH=/root/ros_ws/src/Rescue_Car_ws/install/geometry_msgs:/root/ros_ws/src/Rescue_Car_ws/install/std_msgs:/root/ros_ws/src/Rescue_Car_ws/install/builtin_interfaces:/root/ros_ws/src/Rescue_Car_ws/install/micro_ros_demos_rclc:/root/ros_ws/src/Rescue_Car_ws/install/common_interfaces:/root/ros_ws/src/Rescue_Car_ws/install/visualization_msgs:/root/ros_ws/src/Rescue_Car_ws/install/test_msgs:/root/ros_ws/src/Rescue_Car_ws/install/example_interfaces:/root/ros_ws/src/Rescue_Car_ws/install/action_msgs:/root/ros_ws/src/Rescue_Car_ws/install/unique_identifier_msgs:/root/ros_ws/src/Rescue_Car_ws/install/trajectory_msgs:/root/ros_ws/src/Rescue_Car_ws/install/stereo_msgs:/root/ros_ws/src/Rescue_Car_ws/install/std_srvs:/root/ros_ws/src/Rescue_Car_ws/install/shape_msgs:/root/ros_ws/src/Rescue_Car_ws/install/sensor_msgs:/root/ros_ws/src/Rescue_Car_ws/install/nav_msgs:/root/ros_ws/src/Rescue_Car_ws/install/diagnostic_msgs:/root/ros_ws/src/Rescue_Car_ws/install/actionlib_msgs:/root/ros_ws/src/Rescue_Car_ws/install/statistics_msgs:/root/ros_ws/src/Rescue_Car_ws/install/rosidl_typesupport_microxrcedds_test_msg:/root/ros_ws/src/Rescue_Car_ws/install/rosidl_typesupport_microxrcedds_cpp_tests:/root/ros_ws/src/Rescue_Car_ws/install/rmw_microxrcedds:/root/ros_ws/src/Rescue_Car_ws/install/rosidl_typesupport_microxrcedds_cpp:/root/ros_ws/src/Rescue_Car_ws/install/rosidl_typesupport_microxrcedds_c_tests:/root/ros_ws/src/Rescue_Car_ws/install/rosidl_typesupport_microxrcedds_c:/root/ros_ws/src/Rescue_Car_ws/install/rosgraph_msgs:/root/ros_ws/src/Rescue_Car_ws/install/rclc_parameter:/root/ros_ws/src/Rescue_Car_ws/install/rclc:/root/ros_ws/src/Rescue_Car_ws/install/composition_interfaces:/root/ros_ws/src/Rescue_Car_ws/install/rcl_interfaces:/root/ros_ws/src/Rescue_Car_ws/install/microxrcedds_client:/root/ros_ws/src/Rescue_Car_ws/install/microcdr:/root/ros_ws/src/Rescue_Car_ws/install/micro_ros_utilities:/root/ros_ws/src/Rescue_Car_ws/install/micro_ros_setup:/root/ros_ws/src/Rescue_Car_ws/install/micro_ros_agent:/root/ros_ws/src/Rescue_Car_ws/install/micro_ros_msgs:/root/ros_ws/src/Rescue_Car_ws/install/lifecycle_msgs:/root/ros_ws/src/Rescue_Car_ws/install/complex_msgs:/root/ros_ws/src/Rescue_Car_ws/install/car:/root/ros_ws/src/Rescue_Car_ws/install/sensor_msgs_py:/opt/ros/humble LD_LIBRARY_PATH=/root/ros_ws/src/Rescue_Car_ws/install/geometry_msgs/lib:/root/ros_ws/src/Rescue_Car_ws/install/std_msgs/lib:/root/ros_ws/src/Rescue_Car_ws/install/builtin_interfaces/lib:/root/ros_ws/src/Rescue_Car_ws/install/visualization_msgs/lib:/root/ros_ws/src/Rescue_Car_ws/install/test_msgs/lib:/root/ros_ws/src/Rescue_Car_ws/install/example_interfaces/lib:/root/ros_ws/src/Rescue_Car_ws/install/action_msgs/lib:/root/ros_ws/src/Rescue_Car_ws/install/unique_identifier_msgs/lib:/root/ros_ws/src/Rescue_Car_ws/install/trajectory_msgs/lib:/root/ros_ws/src/Rescue_Car_ws/install/stereo_msgs/lib:/root/ros_ws/src/Rescue_Car_ws/install/std_srvs/lib:/root/ros_ws/src/Rescue_Car_ws/install/shape_msgs/lib:/root/ros_ws/src/Rescue_Car_ws/install/sensor_msgs/lib:/root/ros_ws/src/Rescue_Car_ws/install/nav_msgs/lib:/root/ros_ws/src/Rescue_Car_ws/install/diagnostic_msgs/lib:/root/ros_ws/src/Rescue_Car_ws/install/actionlib_msgs/lib:/root/ros_ws/src/Rescue_Car_ws/install/statistics_msgs/lib:/root/ros_ws/src/Rescue_Car_ws/install/rosidl_typesupport_microxrcedds_test_msg/lib:/root/ros_ws/src/Rescue_Car_ws/install/rmw_microxrcedds/lib:/root/ros_ws/src/Rescue_Car_ws/install/rosidl_typesupport_microxrcedds_cpp/lib:/root/ros_ws/src/Rescue_Car_ws/install/rosidl_typesupport_microxrcedds_c/lib:/root/ros_ws/src/Rescue_Car_ws/install/rosgraph_msgs/lib:/root/ros_ws/src/Rescue_Car_ws/install/rclc_parameter/lib:/root/ros_ws/src/Rescue_Car_ws/install/rclc/lib:/root/ros_ws/src/Rescue_Car_ws/install/composition_interfaces/lib:/root/ros_ws/src/Rescue_Car_ws/install/rcl_interfaces/lib:/root/ros_ws/src/Rescue_Car_ws/install/micro_ros_utilities/lib:/root/ros_ws/src/Rescue_Car_ws/install/micro_ros_agent/lib:/root/ros_ws/src/Rescue_Car_ws/install/micro_ros_msgs/lib:/root/ros_ws/src/Rescue_Car_ws/install/lifecycle_msgs/lib:/root/ros_ws/src/Rescue_Car_ws/install/complex_msgs/lib:/usr/lib/x86_64-linux-gnu/gazebo-11/plugins:/opt/ros/humble/opt/rviz_ogre_vendor/lib:/opt/ros/humble/lib/x86_64-linux-gnu:/opt/ros/humble/lib /usr/bin/cmake --install /root/ros_ws/src/Rescue_Car_ws/build/trajectory_msgs
