[0.112s] Invoking command in '/root/ros_ws/src/Rescue_Car_ws/build/statistics_msgs': CMAKE_PREFIX_PATH=/root/ros_ws/src/Rescue_Car_ws/install/builtin_interfaces:/root/ros_ws/src/Rescue_Car_ws/install/micro_ros_demos_rclc:/root/ros_ws/src/Rescue_Car_ws/install/common_interfaces:/root/ros_ws/src/Rescue_Car_ws/install/visualization_msgs:/root/ros_ws/src/Rescue_Car_ws/install/test_msgs:/root/ros_ws/src/Rescue_Car_ws/install/example_interfaces:/root/ros_ws/src/Rescue_Car_ws/install/action_msgs:/root/ros_ws/src/Rescue_Car_ws/install/unique_identifier_msgs:/root/ros_ws/src/Rescue_Car_ws/install/trajectory_msgs:/root/ros_ws/src/Rescue_Car_ws/install/stereo_msgs:/root/ros_ws/src/Rescue_Car_ws/install/std_srvs:/root/ros_ws/src/Rescue_Car_ws/install/shape_msgs:/root/ros_ws/src/Rescue_Car_ws/install/sensor_msgs:/root/ros_ws/src/Rescue_Car_ws/install/nav_msgs:/root/ros_ws/src/Rescue_Car_ws/install/diagnostic_msgs:/root/ros_ws/src/Rescue_Car_ws/install/geometry_msgs:/root/ros_ws/src/Rescue_Car_ws/install/actionlib_msgs:/root/ros_ws/src/Rescue_Car_ws/install/std_msgs:/root/ros_ws/src/Rescue_Car_ws/install/statistics_msgs:/root/ros_ws/src/Rescue_Car_ws/install/rosidl_typesupport_microxrcedds_test_msg:/root/ros_ws/src/Rescue_Car_ws/install/rosidl_typesupport_microxrcedds_cpp_tests:/root/ros_ws/src/Rescue_Car_ws/install/rmw_microxrcedds:/root/ros_ws/src/Rescue_Car_ws/install/rosidl_typesupport_microxrcedds_cpp:/root/ros_ws/src/Rescue_Car_ws/install/rosidl_typesupport_microxrcedds_c_tests:/root/ros_ws/src/Rescue_Car_ws/install/rosidl_typesupport_microxrcedds_c:/root/ros_ws/src/Rescue_Car_ws/install/rosgraph_msgs:/root/ros_ws/src/Rescue_Car_ws/install/rclc_parameter:/root/ros_ws/src/Rescue_Car_ws/install/rclc:/root/ros_ws/src/Rescue_Car_ws/install/composition_interfaces:/root/ros_ws/src/Rescue_Car_ws/install/rcl_interfaces:/root/ros_ws/src/Rescue_Car_ws/install/microxrcedds_client:/root/ros_ws/src/Rescue_Car_ws/install/microcdr:/root/ros_ws/src/Rescue_Car_ws/install/micro_ros_utilities:/root/ros_ws/src/Rescue_Car_ws/install/micro_ros_setup:/root/ros_ws/src/Rescue_Car_ws/install/micro_ros_agent:/root/ros_ws/src/Rescue_Car_ws/install/micro_ros_msgs:/root/ros_ws/src/Rescue_Car_ws/install/lifecycle_msgs:/root/ros_ws/src/Rescue_Car_ws/install/complex_msgs:/root/ros_ws/src/Rescue_Car_ws/install/car:/root/ros_ws/src/Rescue_Car_ws/install/sensor_msgs_py:/opt/ros/humble LD_LIBRARY_PATH=/root/ros_ws/src/Rescue_Car_ws/install/builtin_interfaces/lib:/root/ros_ws/src/Rescue_Car_ws/install/visualization_msgs/lib:/root/ros_ws/src/Rescue_Car_ws/install/test_msgs/lib:/root/ros_ws/src/Rescue_Car_ws/install/example_interfaces/lib:/root/ros_ws/src/Rescue_Car_ws/install/action_msgs/lib:/root/ros_ws/src/Rescue_Car_ws/install/unique_identifier_msgs/lib:/root/ros_ws/src/Rescue_Car_ws/install/trajectory_msgs/lib:/root/ros_ws/src/Rescue_Car_ws/install/stereo_msgs/lib:/root/ros_ws/src/Rescue_Car_ws/install/std_srvs/lib:/root/ros_ws/src/Rescue_Car_ws/install/shape_msgs/lib:/root/ros_ws/src/Rescue_Car_ws/install/sensor_msgs/lib:/root/ros_ws/src/Rescue_Car_ws/install/nav_msgs/lib:/root/ros_ws/src/Rescue_Car_ws/install/diagnostic_msgs/lib:/root/ros_ws/src/Rescue_Car_ws/install/geometry_msgs/lib:/root/ros_ws/src/Rescue_Car_ws/install/actionlib_msgs/lib:/root/ros_ws/src/Rescue_Car_ws/install/std_msgs/lib:/root/ros_ws/src/Rescue_Car_ws/install/statistics_msgs/lib:/root/ros_ws/src/Rescue_Car_ws/install/rosidl_typesupport_microxrcedds_test_msg/lib:/root/ros_ws/src/Rescue_Car_ws/install/rmw_microxrcedds/lib:/root/ros_ws/src/Rescue_Car_ws/install/rosidl_typesupport_microxrcedds_cpp/lib:/root/ros_ws/src/Rescue_Car_ws/install/rosidl_typesupport_microxrcedds_c/lib:/root/ros_ws/src/Rescue_Car_ws/install/rosgraph_msgs/lib:/root/ros_ws/src/Rescue_Car_ws/install/rclc_parameter/lib:/root/ros_ws/src/Rescue_Car_ws/install/rclc/lib:/root/ros_ws/src/Rescue_Car_ws/install/composition_interfaces/lib:/root/ros_ws/src/Rescue_Car_ws/install/rcl_interfaces/lib:/root/ros_ws/src/Rescue_Car_ws/install/micro_ros_utilities/lib:/root/ros_ws/src/Rescue_Car_ws/install/micro_ros_agent/lib:/root/ros_ws/src/Rescue_Car_ws/install/micro_ros_msgs/lib:/root/ros_ws/src/Rescue_Car_ws/install/lifecycle_msgs/lib:/root/ros_ws/src/Rescue_Car_ws/install/complex_msgs/lib:/usr/lib/x86_64-linux-gnu/gazebo-11/plugins:/opt/ros/humble/opt/rviz_ogre_vendor/lib:/opt/ros/humble/lib/x86_64-linux-gnu:/opt/ros/humble/lib /usr/bin/cmake --build /root/ros_ws/src/Rescue_Car_ws/build/statistics_msgs -- -j20 -l20
[0.216s] [  2%] Built target statistics_msgs__cpp
[0.217s] [ 12%] Built target statistics_msgs__rosidl_generator_c
[0.240s] [ 12%] Built target ament_cmake_python_copy_statistics_msgs
[0.255s] [ 23%] Built target statistics_msgs__rosidl_typesupport_cpp
[0.255s] [ 34%] Built target statistics_msgs__rosidl_typesupport_fastrtps_cpp
[0.258s] [ 44%] Built target statistics_msgs__rosidl_typesupport_introspection_c
[0.262s] [ 55%] Built target statistics_msgs__rosidl_typesupport_c
[0.269s] [ 65%] Built target statistics_msgs__rosidl_typesupport_introspection_cpp
[0.278s] [ 76%] Built target statistics_msgs__rosidl_typesupport_fastrtps_c
[0.311s] [ 76%] Built target statistics_msgs
[0.342s] [ 78%] Built target statistics_msgs__py
[0.382s] [ 87%] Built target statistics_msgs__rosidl_generator_py
[0.412s] [ 91%] Built target statistics_msgs__rosidl_typesupport_c__pyext
[0.414s] [ 95%] Built target statistics_msgs__rosidl_typesupport_fastrtps_c__pyext
[0.416s] [100%] Built target statistics_msgs__rosidl_typesupport_introspection_c__pyext
[0.504s] running egg_info
[0.504s] writing statistics_msgs.egg-info/PKG-INFO
[0.504s] writing dependency_links to statistics_msgs.egg-info/dependency_links.txt
[0.504s] writing top-level names to statistics_msgs.egg-info/top_level.txt
[0.504s] reading manifest file 'statistics_msgs.egg-info/SOURCES.txt'
[0.505s] writing manifest file 'statistics_msgs.egg-info/SOURCES.txt'
[0.532s] [100%] Built target ament_cmake_python_build_statistics_msgs_egg
[0.549s] Invoked command in '/root/ros_ws/src/Rescue_Car_ws/build/statistics_msgs' returned '0': CMAKE_PREFIX_PATH=/root/ros_ws/src/Rescue_Car_ws/install/builtin_interfaces:/root/ros_ws/src/Rescue_Car_ws/install/micro_ros_demos_rclc:/root/ros_ws/src/Rescue_Car_ws/install/common_interfaces:/root/ros_ws/src/Rescue_Car_ws/install/visualization_msgs:/root/ros_ws/src/Rescue_Car_ws/install/test_msgs:/root/ros_ws/src/Rescue_Car_ws/install/example_interfaces:/root/ros_ws/src/Rescue_Car_ws/install/action_msgs:/root/ros_ws/src/Rescue_Car_ws/install/unique_identifier_msgs:/root/ros_ws/src/Rescue_Car_ws/install/trajectory_msgs:/root/ros_ws/src/Rescue_Car_ws/install/stereo_msgs:/root/ros_ws/src/Rescue_Car_ws/install/std_srvs:/root/ros_ws/src/Rescue_Car_ws/install/shape_msgs:/root/ros_ws/src/Rescue_Car_ws/install/sensor_msgs:/root/ros_ws/src/Rescue_Car_ws/install/nav_msgs:/root/ros_ws/src/Rescue_Car_ws/install/diagnostic_msgs:/root/ros_ws/src/Rescue_Car_ws/install/geometry_msgs:/root/ros_ws/src/Rescue_Car_ws/install/actionlib_msgs:/root/ros_ws/src/Rescue_Car_ws/install/std_msgs:/root/ros_ws/src/Rescue_Car_ws/install/statistics_msgs:/root/ros_ws/src/Rescue_Car_ws/install/rosidl_typesupport_microxrcedds_test_msg:/root/ros_ws/src/Rescue_Car_ws/install/rosidl_typesupport_microxrcedds_cpp_tests:/root/ros_ws/src/Rescue_Car_ws/install/rmw_microxrcedds:/root/ros_ws/src/Rescue_Car_ws/install/rosidl_typesupport_microxrcedds_cpp:/root/ros_ws/src/Rescue_Car_ws/install/rosidl_typesupport_microxrcedds_c_tests:/root/ros_ws/src/Rescue_Car_ws/install/rosidl_typesupport_microxrcedds_c:/root/ros_ws/src/Rescue_Car_ws/install/rosgraph_msgs:/root/ros_ws/src/Rescue_Car_ws/install/rclc_parameter:/root/ros_ws/src/Rescue_Car_ws/install/rclc:/root/ros_ws/src/Rescue_Car_ws/install/composition_interfaces:/root/ros_ws/src/Rescue_Car_ws/install/rcl_interfaces:/root/ros_ws/src/Rescue_Car_ws/install/microxrcedds_client:/root/ros_ws/src/Rescue_Car_ws/install/microcdr:/root/ros_ws/src/Rescue_Car_ws/install/micro_ros_utilities:/root/ros_ws/src/Rescue_Car_ws/install/micro_ros_setup:/root/ros_ws/src/Rescue_Car_ws/install/micro_ros_agent:/root/ros_ws/src/Rescue_Car_ws/install/micro_ros_msgs:/root/ros_ws/src/Rescue_Car_ws/install/lifecycle_msgs:/root/ros_ws/src/Rescue_Car_ws/install/complex_msgs:/root/ros_ws/src/Rescue_Car_ws/install/car:/root/ros_ws/src/Rescue_Car_ws/install/sensor_msgs_py:/opt/ros/humble LD_LIBRARY_PATH=/root/ros_ws/src/Rescue_Car_ws/install/builtin_interfaces/lib:/root/ros_ws/src/Rescue_Car_ws/install/visualization_msgs/lib:/root/ros_ws/src/Rescue_Car_ws/install/test_msgs/lib:/root/ros_ws/src/Rescue_Car_ws/install/example_interfaces/lib:/root/ros_ws/src/Rescue_Car_ws/install/action_msgs/lib:/root/ros_ws/src/Rescue_Car_ws/install/unique_identifier_msgs/lib:/root/ros_ws/src/Rescue_Car_ws/install/trajectory_msgs/lib:/root/ros_ws/src/Rescue_Car_ws/install/stereo_msgs/lib:/root/ros_ws/src/Rescue_Car_ws/install/std_srvs/lib:/root/ros_ws/src/Rescue_Car_ws/install/shape_msgs/lib:/root/ros_ws/src/Rescue_Car_ws/install/sensor_msgs/lib:/root/ros_ws/src/Rescue_Car_ws/install/nav_msgs/lib:/root/ros_ws/src/Rescue_Car_ws/install/diagnostic_msgs/lib:/root/ros_ws/src/Rescue_Car_ws/install/geometry_msgs/lib:/root/ros_ws/src/Rescue_Car_ws/install/actionlib_msgs/lib:/root/ros_ws/src/Rescue_Car_ws/install/std_msgs/lib:/root/ros_ws/src/Rescue_Car_ws/install/statistics_msgs/lib:/root/ros_ws/src/Rescue_Car_ws/install/rosidl_typesupport_microxrcedds_test_msg/lib:/root/ros_ws/src/Rescue_Car_ws/install/rmw_microxrcedds/lib:/root/ros_ws/src/Rescue_Car_ws/install/rosidl_typesupport_microxrcedds_cpp/lib:/root/ros_ws/src/Rescue_Car_ws/install/rosidl_typesupport_microxrcedds_c/lib:/root/ros_ws/src/Rescue_Car_ws/install/rosgraph_msgs/lib:/root/ros_ws/src/Rescue_Car_ws/install/rclc_parameter/lib:/root/ros_ws/src/Rescue_Car_ws/install/rclc/lib:/root/ros_ws/src/Rescue_Car_ws/install/composition_interfaces/lib:/root/ros_ws/src/Rescue_Car_ws/install/rcl_interfaces/lib:/root/ros_ws/src/Rescue_Car_ws/install/micro_ros_utilities/lib:/root/ros_ws/src/Rescue_Car_ws/install/micro_ros_agent/lib:/root/ros_ws/src/Rescue_Car_ws/install/micro_ros_msgs/lib:/root/ros_ws/src/Rescue_Car_ws/install/lifecycle_msgs/lib:/root/ros_ws/src/Rescue_Car_ws/install/complex_msgs/lib:/usr/lib/x86_64-linux-gnu/gazebo-11/plugins:/opt/ros/humble/opt/rviz_ogre_vendor/lib:/opt/ros/humble/lib/x86_64-linux-gnu:/opt/ros/humble/lib /usr/bin/cmake --build /root/ros_ws/src/Rescue_Car_ws/build/statistics_msgs -- -j20 -l20
[0.552s] Invoking command in '/root/ros_ws/src/Rescue_Car_ws/build/statistics_msgs': CMAKE_PREFIX_PATH=/root/ros_ws/src/Rescue_Car_ws/install/builtin_interfaces:/root/ros_ws/src/Rescue_Car_ws/install/micro_ros_demos_rclc:/root/ros_ws/src/Rescue_Car_ws/install/common_interfaces:/root/ros_ws/src/Rescue_Car_ws/install/visualization_msgs:/root/ros_ws/src/Rescue_Car_ws/install/test_msgs:/root/ros_ws/src/Rescue_Car_ws/install/example_interfaces:/root/ros_ws/src/Rescue_Car_ws/install/action_msgs:/root/ros_ws/src/Rescue_Car_ws/install/unique_identifier_msgs:/root/ros_ws/src/Rescue_Car_ws/install/trajectory_msgs:/root/ros_ws/src/Rescue_Car_ws/install/stereo_msgs:/root/ros_ws/src/Rescue_Car_ws/install/std_srvs:/root/ros_ws/src/Rescue_Car_ws/install/shape_msgs:/root/ros_ws/src/Rescue_Car_ws/install/sensor_msgs:/root/ros_ws/src/Rescue_Car_ws/install/nav_msgs:/root/ros_ws/src/Rescue_Car_ws/install/diagnostic_msgs:/root/ros_ws/src/Rescue_Car_ws/install/geometry_msgs:/root/ros_ws/src/Rescue_Car_ws/install/actionlib_msgs:/root/ros_ws/src/Rescue_Car_ws/install/std_msgs:/root/ros_ws/src/Rescue_Car_ws/install/statistics_msgs:/root/ros_ws/src/Rescue_Car_ws/install/rosidl_typesupport_microxrcedds_test_msg:/root/ros_ws/src/Rescue_Car_ws/install/rosidl_typesupport_microxrcedds_cpp_tests:/root/ros_ws/src/Rescue_Car_ws/install/rmw_microxrcedds:/root/ros_ws/src/Rescue_Car_ws/install/rosidl_typesupport_microxrcedds_cpp:/root/ros_ws/src/Rescue_Car_ws/install/rosidl_typesupport_microxrcedds_c_tests:/root/ros_ws/src/Rescue_Car_ws/install/rosidl_typesupport_microxrcedds_c:/root/ros_ws/src/Rescue_Car_ws/install/rosgraph_msgs:/root/ros_ws/src/Rescue_Car_ws/install/rclc_parameter:/root/ros_ws/src/Rescue_Car_ws/install/rclc:/root/ros_ws/src/Rescue_Car_ws/install/composition_interfaces:/root/ros_ws/src/Rescue_Car_ws/install/rcl_interfaces:/root/ros_ws/src/Rescue_Car_ws/install/microxrcedds_client:/root/ros_ws/src/Rescue_Car_ws/install/microcdr:/root/ros_ws/src/Rescue_Car_ws/install/micro_ros_utilities:/root/ros_ws/src/Rescue_Car_ws/install/micro_ros_setup:/root/ros_ws/src/Rescue_Car_ws/install/micro_ros_agent:/root/ros_ws/src/Rescue_Car_ws/install/micro_ros_msgs:/root/ros_ws/src/Rescue_Car_ws/install/lifecycle_msgs:/root/ros_ws/src/Rescue_Car_ws/install/complex_msgs:/root/ros_ws/src/Rescue_Car_ws/install/car:/root/ros_ws/src/Rescue_Car_ws/install/sensor_msgs_py:/opt/ros/humble LD_LIBRARY_PATH=/root/ros_ws/src/Rescue_Car_ws/install/builtin_interfaces/lib:/root/ros_ws/src/Rescue_Car_ws/install/visualization_msgs/lib:/root/ros_ws/src/Rescue_Car_ws/install/test_msgs/lib:/root/ros_ws/src/Rescue_Car_ws/install/example_interfaces/lib:/root/ros_ws/src/Rescue_Car_ws/install/action_msgs/lib:/root/ros_ws/src/Rescue_Car_ws/install/unique_identifier_msgs/lib:/root/ros_ws/src/Rescue_Car_ws/install/trajectory_msgs/lib:/root/ros_ws/src/Rescue_Car_ws/install/stereo_msgs/lib:/root/ros_ws/src/Rescue_Car_ws/install/std_srvs/lib:/root/ros_ws/src/Rescue_Car_ws/install/shape_msgs/lib:/root/ros_ws/src/Rescue_Car_ws/install/sensor_msgs/lib:/root/ros_ws/src/Rescue_Car_ws/install/nav_msgs/lib:/root/ros_ws/src/Rescue_Car_ws/install/diagnostic_msgs/lib:/root/ros_ws/src/Rescue_Car_ws/install/geometry_msgs/lib:/root/ros_ws/src/Rescue_Car_ws/install/actionlib_msgs/lib:/root/ros_ws/src/Rescue_Car_ws/install/std_msgs/lib:/root/ros_ws/src/Rescue_Car_ws/install/statistics_msgs/lib:/root/ros_ws/src/Rescue_Car_ws/install/rosidl_typesupport_microxrcedds_test_msg/lib:/root/ros_ws/src/Rescue_Car_ws/install/rmw_microxrcedds/lib:/root/ros_ws/src/Rescue_Car_ws/install/rosidl_typesupport_microxrcedds_cpp/lib:/root/ros_ws/src/Rescue_Car_ws/install/rosidl_typesupport_microxrcedds_c/lib:/root/ros_ws/src/Rescue_Car_ws/install/rosgraph_msgs/lib:/root/ros_ws/src/Rescue_Car_ws/install/rclc_parameter/lib:/root/ros_ws/src/Rescue_Car_ws/install/rclc/lib:/root/ros_ws/src/Rescue_Car_ws/install/composition_interfaces/lib:/root/ros_ws/src/Rescue_Car_ws/install/rcl_interfaces/lib:/root/ros_ws/src/Rescue_Car_ws/install/micro_ros_utilities/lib:/root/ros_ws/src/Rescue_Car_ws/install/micro_ros_agent/lib:/root/ros_ws/src/Rescue_Car_ws/install/micro_ros_msgs/lib:/root/ros_ws/src/Rescue_Car_ws/install/lifecycle_msgs/lib:/root/ros_ws/src/Rescue_Car_ws/install/complex_msgs/lib:/usr/lib/x86_64-linux-gnu/gazebo-11/plugins:/opt/ros/humble/opt/rviz_ogre_vendor/lib:/opt/ros/humble/lib/x86_64-linux-gnu:/opt/ros/humble/lib /usr/bin/cmake --install /root/ros_ws/src/Rescue_Car_ws/build/statistics_msgs
[0.587s] -- Install configuration: ""
[0.587s] -- Up-to-date: /root/ros_ws/src/Rescue_Car_ws/install/statistics_msgs/share/ament_index/resource_index/rosidl_interfaces/statistics_msgs
[0.587s] -- Up-to-date: /root/ros_ws/src/Rescue_Car_ws/install/statistics_msgs/include/statistics_msgs/statistics_msgs
[0.587s] -- Up-to-date: /root/ros_ws/src/Rescue_Car_ws/install/statistics_msgs/include/statistics_msgs/statistics_msgs/msg
[0.587s] -- Up-to-date: /root/ros_ws/src/Rescue_Car_ws/install/statistics_msgs/include/statistics_msgs/statistics_msgs/msg/statistic_data_point.h
[0.587s] -- Up-to-date: /root/ros_ws/src/Rescue_Car_ws/install/statistics_msgs/include/statistics_msgs/statistics_msgs/msg/detail
[0.588s] -- Up-to-date: /root/ros_ws/src/Rescue_Car_ws/install/statistics_msgs/include/statistics_msgs/statistics_msgs/msg/detail/metrics_message__functions.c
[0.588s] -- Up-to-date: /root/ros_ws/src/Rescue_Car_ws/install/statistics_msgs/include/statistics_msgs/statistics_msgs/msg/detail/statistic_data_point__type_support.h
[0.588s] -- Up-to-date: /root/ros_ws/src/Rescue_Car_ws/install/statistics_msgs/include/statistics_msgs/statistics_msgs/msg/detail/metrics_message__functions.h
[0.588s] -- Up-to-date: /root/ros_ws/src/Rescue_Car_ws/install/statistics_msgs/include/statistics_msgs/statistics_msgs/msg/detail/statistic_data_point__functions.h
[0.589s] -- Up-to-date: /root/ros_ws/src/Rescue_Car_ws/install/statistics_msgs/include/statistics_msgs/statistics_msgs/msg/detail/metrics_message__type_support.h
[0.589s] -- Up-to-date: /root/ros_ws/src/Rescue_Car_ws/install/statistics_msgs/include/statistics_msgs/statistics_msgs/msg/detail/statistic_data_type__functions.h
[0.589s] -- Up-to-date: /root/ros_ws/src/Rescue_Car_ws/install/statistics_msgs/include/statistics_msgs/statistics_msgs/msg/detail/statistic_data_point__functions.c
[0.589s] -- Up-to-date: /root/ros_ws/src/Rescue_Car_ws/install/statistics_msgs/include/statistics_msgs/statistics_msgs/msg/detail/statistic_data_type__functions.c
[0.589s] -- Up-to-date: /root/ros_ws/src/Rescue_Car_ws/install/statistics_msgs/include/statistics_msgs/statistics_msgs/msg/detail/metrics_message__struct.h
[0.589s] -- Up-to-date: /root/ros_ws/src/Rescue_Car_ws/install/statistics_msgs/include/statistics_msgs/statistics_msgs/msg/detail/statistic_data_point__struct.h
[0.589s] -- Up-to-date: /root/ros_ws/src/Rescue_Car_ws/install/statistics_msgs/include/statistics_msgs/statistics_msgs/msg/detail/statistic_data_type__type_support.h
[0.589s] -- Up-to-date: /root/ros_ws/src/Rescue_Car_ws/install/statistics_msgs/include/statistics_msgs/statistics_msgs/msg/detail/statistic_data_type__struct.h
[0.589s] -- Up-to-date: /root/ros_ws/src/Rescue_Car_ws/install/statistics_msgs/include/statistics_msgs/statistics_msgs/msg/rosidl_generator_c__visibility_control.h
[0.589s] -- Up-to-date: /root/ros_ws/src/Rescue_Car_ws/install/statistics_msgs/include/statistics_msgs/statistics_msgs/msg/statistic_data_type.h
[0.589s] -- Up-to-date: /root/ros_ws/src/Rescue_Car_ws/install/statistics_msgs/include/statistics_msgs/statistics_msgs/msg/metrics_message.h
[0.589s] -- Up-to-date: /root/ros_ws/src/Rescue_Car_ws/install/statistics_msgs/share/statistics_msgs/environment/library_path.sh
[0.589s] -- Up-to-date: /root/ros_ws/src/Rescue_Car_ws/install/statistics_msgs/share/statistics_msgs/environment/library_path.dsv
[0.589s] -- Up-to-date: /root/ros_ws/src/Rescue_Car_ws/install/statistics_msgs/lib/libstatistics_msgs__rosidl_generator_c.so
[0.589s] -- Up-to-date: /root/ros_ws/src/Rescue_Car_ws/install/statistics_msgs/include/statistics_msgs/statistics_msgs
[0.589s] -- Up-to-date: /root/ros_ws/src/Rescue_Car_ws/install/statistics_msgs/include/statistics_msgs/statistics_msgs/msg
[0.589s] -- Up-to-date: /root/ros_ws/src/Rescue_Car_ws/install/statistics_msgs/include/statistics_msgs/statistics_msgs/msg/detail
[0.590s] -- Up-to-date: /root/ros_ws/src/Rescue_Car_ws/install/statistics_msgs/include/statistics_msgs/statistics_msgs/msg/detail/statistic_data_type__rosidl_typesupport_fastrtps_c.h
[0.590s] -- Up-to-date: /root/ros_ws/src/Rescue_Car_ws/install/statistics_msgs/include/statistics_msgs/statistics_msgs/msg/detail/statistic_data_point__rosidl_typesupport_fastrtps_c.h
[0.590s] -- Up-to-date: /root/ros_ws/src/Rescue_Car_ws/install/statistics_msgs/include/statistics_msgs/statistics_msgs/msg/detail/metrics_message__rosidl_typesupport_fastrtps_c.h
[0.590s] -- Up-to-date: /root/ros_ws/src/Rescue_Car_ws/install/statistics_msgs/include/statistics_msgs/statistics_msgs/msg/rosidl_typesupport_fastrtps_c__visibility_control.h
[0.590s] -- Up-to-date: /root/ros_ws/src/Rescue_Car_ws/install/statistics_msgs/lib/libstatistics_msgs__rosidl_typesupport_fastrtps_c.so
[0.590s] -- Up-to-date: /root/ros_ws/src/Rescue_Car_ws/install/statistics_msgs/include/statistics_msgs/statistics_msgs
[0.590s] -- Up-to-date: /root/ros_ws/src/Rescue_Car_ws/install/statistics_msgs/include/statistics_msgs/statistics_msgs/msg
[0.590s] -- Up-to-date: /root/ros_ws/src/Rescue_Car_ws/install/statistics_msgs/include/statistics_msgs/statistics_msgs/msg/statistic_data_point.hpp
[0.590s] -- Up-to-date: /root/ros_ws/src/Rescue_Car_ws/install/statistics_msgs/include/statistics_msgs/statistics_msgs/msg/rosidl_generator_cpp__visibility_control.hpp
[0.590s] -- Up-to-date: /root/ros_ws/src/Rescue_Car_ws/install/statistics_msgs/include/statistics_msgs/statistics_msgs/msg/detail
[0.590s] -- Up-to-date: /root/ros_ws/src/Rescue_Car_ws/install/statistics_msgs/include/statistics_msgs/statistics_msgs/msg/detail/statistic_data_point__struct.hpp
[0.590s] -- Up-to-date: /root/ros_ws/src/Rescue_Car_ws/install/statistics_msgs/include/statistics_msgs/statistics_msgs/msg/detail/metrics_message__type_support.hpp
[0.590s] -- Up-to-date: /root/ros_ws/src/Rescue_Car_ws/install/statistics_msgs/include/statistics_msgs/statistics_msgs/msg/detail/metrics_message__struct.hpp
[0.590s] -- Up-to-date: /root/ros_ws/src/Rescue_Car_ws/install/statistics_msgs/include/statistics_msgs/statistics_msgs/msg/detail/statistic_data_point__type_support.hpp
[0.590s] -- Up-to-date: /root/ros_ws/src/Rescue_Car_ws/install/statistics_msgs/include/statistics_msgs/statistics_msgs/msg/detail/metrics_message__builder.hpp
[0.590s] -- Up-to-date: /root/ros_ws/src/Rescue_Car_ws/install/statistics_msgs/include/statistics_msgs/statistics_msgs/msg/detail/metrics_message__traits.hpp
[0.590s] -- Up-to-date: /root/ros_ws/src/Rescue_Car_ws/install/statistics_msgs/include/statistics_msgs/statistics_msgs/msg/detail/statistic_data_type__traits.hpp
[0.590s] -- Up-to-date: /root/ros_ws/src/Rescue_Car_ws/install/statistics_msgs/include/statistics_msgs/statistics_msgs/msg/detail/statistic_data_type__type_support.hpp
[0.590s] -- Up-to-date: /root/ros_ws/src/Rescue_Car_ws/install/statistics_msgs/include/statistics_msgs/statistics_msgs/msg/detail/statistic_data_type__builder.hpp
[0.590s] -- Up-to-date: /root/ros_ws/src/Rescue_Car_ws/install/statistics_msgs/include/statistics_msgs/statistics_msgs/msg/detail/statistic_data_point__builder.hpp
[0.590s] -- Up-to-date: /root/ros_ws/src/Rescue_Car_ws/install/statistics_msgs/include/statistics_msgs/statistics_msgs/msg/detail/statistic_data_type__struct.hpp
[0.590s] -- Up-to-date: /root/ros_ws/src/Rescue_Car_ws/install/statistics_msgs/include/statistics_msgs/statistics_msgs/msg/detail/statistic_data_point__traits.hpp
[0.590s] -- Up-to-date: /root/ros_ws/src/Rescue_Car_ws/install/statistics_msgs/include/statistics_msgs/statistics_msgs/msg/statistic_data_type.hpp
[0.591s] -- Up-to-date: /root/ros_ws/src/Rescue_Car_ws/install/statistics_msgs/include/statistics_msgs/statistics_msgs/msg/metrics_message.hpp
[0.591s] -- Up-to-date: /root/ros_ws/src/Rescue_Car_ws/install/statistics_msgs/include/statistics_msgs/statistics_msgs
[0.591s] -- Up-to-date: /root/ros_ws/src/Rescue_Car_ws/install/statistics_msgs/include/statistics_msgs/statistics_msgs/msg
[0.591s] -- Up-to-date: /root/ros_ws/src/Rescue_Car_ws/install/statistics_msgs/include/statistics_msgs/statistics_msgs/msg/rosidl_typesupport_fastrtps_cpp__visibility_control.h
[0.591s] -- Up-to-date: /root/ros_ws/src/Rescue_Car_ws/install/statistics_msgs/include/statistics_msgs/statistics_msgs/msg/detail
[0.591s] -- Up-to-date: /root/ros_ws/src/Rescue_Car_ws/install/statistics_msgs/include/statistics_msgs/statistics_msgs/msg/detail/dds_fastrtps
[0.591s] -- Up-to-date: /root/ros_ws/src/Rescue_Car_ws/install/statistics_msgs/include/statistics_msgs/statistics_msgs/msg/detail/statistic_data_point__rosidl_typesupport_fastrtps_cpp.hpp
[0.591s] -- Up-to-date: /root/ros_ws/src/Rescue_Car_ws/install/statistics_msgs/include/statistics_msgs/statistics_msgs/msg/detail/metrics_message__rosidl_typesupport_fastrtps_cpp.hpp
[0.591s] -- Up-to-date: /root/ros_ws/src/Rescue_Car_ws/install/statistics_msgs/include/statistics_msgs/statistics_msgs/msg/detail/statistic_data_type__rosidl_typesupport_fastrtps_cpp.hpp
[0.591s] -- Up-to-date: /root/ros_ws/src/Rescue_Car_ws/install/statistics_msgs/lib/libstatistics_msgs__rosidl_typesupport_fastrtps_cpp.so
[0.591s] -- Up-to-date: /root/ros_ws/src/Rescue_Car_ws/install/statistics_msgs/include/statistics_msgs/statistics_msgs
[0.591s] -- Up-to-date: /root/ros_ws/src/Rescue_Car_ws/install/statistics_msgs/include/statistics_msgs/statistics_msgs/msg
[0.591s] -- Up-to-date: /root/ros_ws/src/Rescue_Car_ws/install/statistics_msgs/include/statistics_msgs/statistics_msgs/msg/rosidl_typesupport_introspection_c__visibility_control.h
[0.591s] -- Up-to-date: /root/ros_ws/src/Rescue_Car_ws/install/statistics_msgs/include/statistics_msgs/statistics_msgs/msg/detail
[0.591s] -- Up-to-date: /root/ros_ws/src/Rescue_Car_ws/install/statistics_msgs/include/statistics_msgs/statistics_msgs/msg/detail/metrics_message__rosidl_typesupport_introspection_c.h
[0.591s] -- Up-to-date: /root/ros_ws/src/Rescue_Car_ws/install/statistics_msgs/include/statistics_msgs/statistics_msgs/msg/detail/metrics_message__type_support.c
[0.592s] -- Up-to-date: /root/ros_ws/src/Rescue_Car_ws/install/statistics_msgs/include/statistics_msgs/statistics_msgs/msg/detail/statistic_data_type__rosidl_typesupport_introspection_c.h
[0.592s] -- Up-to-date: /root/ros_ws/src/Rescue_Car_ws/install/statistics_msgs/include/statistics_msgs/statistics_msgs/msg/detail/statistic_data_point__type_support.c
[0.592s] -- Up-to-date: /root/ros_ws/src/Rescue_Car_ws/install/statistics_msgs/include/statistics_msgs/statistics_msgs/msg/detail/statistic_data_type__type_support.c
[0.592s] -- Up-to-date: /root/ros_ws/src/Rescue_Car_ws/install/statistics_msgs/include/statistics_msgs/statistics_msgs/msg/detail/statistic_data_point__rosidl_typesupport_introspection_c.h
[0.592s] -- Up-to-date: /root/ros_ws/src/Rescue_Car_ws/install/statistics_msgs/lib/libstatistics_msgs__rosidl_typesupport_introspection_c.so
[0.592s] -- Up-to-date: /root/ros_ws/src/Rescue_Car_ws/install/statistics_msgs/lib/libstatistics_msgs__rosidl_typesupport_c.so
[0.592s] -- Up-to-date: /root/ros_ws/src/Rescue_Car_ws/install/statistics_msgs/include/statistics_msgs/statistics_msgs
[0.592s] -- Up-to-date: /root/ros_ws/src/Rescue_Car_ws/install/statistics_msgs/include/statistics_msgs/statistics_msgs/msg
[0.592s] -- Up-to-date: /root/ros_ws/src/Rescue_Car_ws/install/statistics_msgs/include/statistics_msgs/statistics_msgs/msg/detail
[0.593s] -- Up-to-date: /root/ros_ws/src/Rescue_Car_ws/install/statistics_msgs/include/statistics_msgs/statistics_msgs/msg/detail/statistic_data_type__rosidl_typesupport_introspection_cpp.hpp
[0.593s] -- Up-to-date: /root/ros_ws/src/Rescue_Car_ws/install/statistics_msgs/include/statistics_msgs/statistics_msgs/msg/detail/metrics_message__type_support.cpp
[0.593s] -- Up-to-date: /root/ros_ws/src/Rescue_Car_ws/install/statistics_msgs/include/statistics_msgs/statistics_msgs/msg/detail/statistic_data_type__type_support.cpp
[0.593s] -- Up-to-date: /root/ros_ws/src/Rescue_Car_ws/install/statistics_msgs/include/statistics_msgs/statistics_msgs/msg/detail/statistic_data_point__rosidl_typesupport_introspection_cpp.hpp
[0.593s] -- Up-to-date: /root/ros_ws/src/Rescue_Car_ws/install/statistics_msgs/include/statistics_msgs/statistics_msgs/msg/detail/statistic_data_point__type_support.cpp
[0.594s] -- Up-to-date: /root/ros_ws/src/Rescue_Car_ws/install/statistics_msgs/include/statistics_msgs/statistics_msgs/msg/detail/metrics_message__rosidl_typesupport_introspection_cpp.hpp
[0.594s] -- Up-to-date: /root/ros_ws/src/Rescue_Car_ws/install/statistics_msgs/lib/libstatistics_msgs__rosidl_typesupport_introspection_cpp.so
[0.594s] -- Up-to-date: /root/ros_ws/src/Rescue_Car_ws/install/statistics_msgs/lib/libstatistics_msgs__rosidl_typesupport_cpp.so
[0.594s] -- Up-to-date: /root/ros_ws/src/Rescue_Car_ws/install/statistics_msgs/share/statistics_msgs/environment/pythonpath.sh
[0.594s] -- Up-to-date: /root/ros_ws/src/Rescue_Car_ws/install/statistics_msgs/share/statistics_msgs/environment/pythonpath.dsv
[0.594s] -- Up-to-date: /root/ros_ws/src/Rescue_Car_ws/install/statistics_msgs/local/lib/python3.10/dist-packages/statistics_msgs-1.2.2-py3.10.egg-info
[0.595s] -- Installing: /root/ros_ws/src/Rescue_Car_ws/install/statistics_msgs/local/lib/python3.10/dist-packages/statistics_msgs-1.2.2-py3.10.egg-info/dependency_links.txt
[0.595s] -- Installing: /root/ros_ws/src/Rescue_Car_ws/install/statistics_msgs/local/lib/python3.10/dist-packages/statistics_msgs-1.2.2-py3.10.egg-info/SOURCES.txt
[0.595s] -- Installing: /root/ros_ws/src/Rescue_Car_ws/install/statistics_msgs/local/lib/python3.10/dist-packages/statistics_msgs-1.2.2-py3.10.egg-info/PKG-INFO
[0.595s] -- Installing: /root/ros_ws/src/Rescue_Car_ws/install/statistics_msgs/local/lib/python3.10/dist-packages/statistics_msgs-1.2.2-py3.10.egg-info/top_level.txt
[0.596s] -- Up-to-date: /root/ros_ws/src/Rescue_Car_ws/install/statistics_msgs/local/lib/python3.10/dist-packages/statistics_msgs
[0.596s] -- Up-to-date: /root/ros_ws/src/Rescue_Car_ws/install/statistics_msgs/local/lib/python3.10/dist-packages/statistics_msgs/statistics_msgs_s__rosidl_typesupport_fastrtps_c.cpython-310-x86_64-linux-gnu.so
[0.596s] -- Up-to-date: /root/ros_ws/src/Rescue_Car_ws/install/statistics_msgs/local/lib/python3.10/dist-packages/statistics_msgs/libstatistics_msgs__rosidl_generator_py.so
[0.596s] -- Up-to-date: /root/ros_ws/src/Rescue_Car_ws/install/statistics_msgs/local/lib/python3.10/dist-packages/statistics_msgs/_statistics_msgs_s.ep.rosidl_typesupport_fastrtps_c.c
[0.597s] -- Up-to-date: /root/ros_ws/src/Rescue_Car_ws/install/statistics_msgs/local/lib/python3.10/dist-packages/statistics_msgs/statistics_msgs_s__rosidl_typesupport_c.cpython-310-x86_64-linux-gnu.so
[0.597s] -- Up-to-date: /root/ros_ws/src/Rescue_Car_ws/install/statistics_msgs/local/lib/python3.10/dist-packages/statistics_msgs/statistics_msgs_s__rosidl_typesupport_introspection_c.cpython-310-x86_64-linux-gnu.so
[0.597s] -- Up-to-date: /root/ros_ws/src/Rescue_Car_ws/install/statistics_msgs/local/lib/python3.10/dist-packages/statistics_msgs/__init__.py
[0.597s] -- Up-to-date: /root/ros_ws/src/Rescue_Car_ws/install/statistics_msgs/local/lib/python3.10/dist-packages/statistics_msgs/msg
[0.597s] -- Up-to-date: /root/ros_ws/src/Rescue_Car_ws/install/statistics_msgs/local/lib/python3.10/dist-packages/statistics_msgs/msg/_metrics_message.py
[0.598s] -- Up-to-date: /root/ros_ws/src/Rescue_Car_ws/install/statistics_msgs/local/lib/python3.10/dist-packages/statistics_msgs/msg/_statistic_data_point.py
[0.598s] -- Up-to-date: /root/ros_ws/src/Rescue_Car_ws/install/statistics_msgs/local/lib/python3.10/dist-packages/statistics_msgs/msg/_statistic_data_point_s.c
[0.598s] -- Up-to-date: /root/ros_ws/src/Rescue_Car_ws/install/statistics_msgs/local/lib/python3.10/dist-packages/statistics_msgs/msg/_statistic_data_type.py
[0.598s] -- Up-to-date: /root/ros_ws/src/Rescue_Car_ws/install/statistics_msgs/local/lib/python3.10/dist-packages/statistics_msgs/msg/__init__.py
[0.598s] -- Up-to-date: /root/ros_ws/src/Rescue_Car_ws/install/statistics_msgs/local/lib/python3.10/dist-packages/statistics_msgs/msg/_metrics_message_s.c
[0.598s] -- Up-to-date: /root/ros_ws/src/Rescue_Car_ws/install/statistics_msgs/local/lib/python3.10/dist-packages/statistics_msgs/msg/_statistic_data_type_s.c
[0.599s] -- Up-to-date: /root/ros_ws/src/Rescue_Car_ws/install/statistics_msgs/local/lib/python3.10/dist-packages/statistics_msgs/_statistics_msgs_s.ep.rosidl_typesupport_introspection_c.c
[0.599s] -- Up-to-date: /root/ros_ws/src/Rescue_Car_ws/install/statistics_msgs/local/lib/python3.10/dist-packages/statistics_msgs/_statistics_msgs_s.ep.rosidl_typesupport_c.c
[0.723s] Listing '/root/ros_ws/src/Rescue_Car_ws/install/statistics_msgs/local/lib/python3.10/dist-packages/statistics_msgs'...
[0.723s] Listing '/root/ros_ws/src/Rescue_Car_ws/install/statistics_msgs/local/lib/python3.10/dist-packages/statistics_msgs/msg'...
[0.728s] -- Up-to-date: /root/ros_ws/src/Rescue_Car_ws/install/statistics_msgs/local/lib/python3.10/dist-packages/statistics_msgs/statistics_msgs_s__rosidl_typesupport_fastrtps_c.cpython-310-x86_64-linux-gnu.so
[0.735s] -- Up-to-date: /root/ros_ws/src/Rescue_Car_ws/install/statistics_msgs/local/lib/python3.10/dist-packages/statistics_msgs/statistics_msgs_s__rosidl_typesupport_introspection_c.cpython-310-x86_64-linux-gnu.so
[0.735s] -- Up-to-date: /root/ros_ws/src/Rescue_Car_ws/install/statistics_msgs/local/lib/python3.10/dist-packages/statistics_msgs/statistics_msgs_s__rosidl_typesupport_c.cpython-310-x86_64-linux-gnu.so
[0.735s] -- Up-to-date: /root/ros_ws/src/Rescue_Car_ws/install/statistics_msgs/lib/libstatistics_msgs__rosidl_generator_py.so
[0.735s] -- Up-to-date: /root/ros_ws/src/Rescue_Car_ws/install/statistics_msgs/share/statistics_msgs/msg/MetricsMessage.idl
[0.735s] -- Up-to-date: /root/ros_ws/src/Rescue_Car_ws/install/statistics_msgs/share/statistics_msgs/msg/StatisticDataPoint.idl
[0.735s] -- Up-to-date: /root/ros_ws/src/Rescue_Car_ws/install/statistics_msgs/share/statistics_msgs/msg/StatisticDataType.idl
[0.735s] -- Up-to-date: /root/ros_ws/src/Rescue_Car_ws/install/statistics_msgs/share/statistics_msgs/msg/MetricsMessage.msg
[0.735s] -- Up-to-date: /root/ros_ws/src/Rescue_Car_ws/install/statistics_msgs/share/statistics_msgs/msg/StatisticDataPoint.msg
[0.735s] -- Up-to-date: /root/ros_ws/src/Rescue_Car_ws/install/statistics_msgs/share/statistics_msgs/msg/StatisticDataType.msg
[0.736s] -- Up-to-date: /root/ros_ws/src/Rescue_Car_ws/install/statistics_msgs/share/ament_index/resource_index/package_run_dependencies/statistics_msgs
[0.736s] -- Up-to-date: /root/ros_ws/src/Rescue_Car_ws/install/statistics_msgs/share/ament_index/resource_index/parent_prefix_path/statistics_msgs
[0.736s] -- Up-to-date: /root/ros_ws/src/Rescue_Car_ws/install/statistics_msgs/share/statistics_msgs/environment/ament_prefix_path.sh
[0.736s] -- Up-to-date: /root/ros_ws/src/Rescue_Car_ws/install/statistics_msgs/share/statistics_msgs/environment/ament_prefix_path.dsv
[0.736s] -- Up-to-date: /root/ros_ws/src/Rescue_Car_ws/install/statistics_msgs/share/statistics_msgs/environment/path.sh
[0.742s] -- Up-to-date: /root/ros_ws/src/Rescue_Car_ws/install/statistics_msgs/share/statistics_msgs/environment/path.dsv
[0.742s] -- Up-to-date: /root/ros_ws/src/Rescue_Car_ws/install/statistics_msgs/share/statistics_msgs/local_setup.bash
[0.742s] -- Up-to-date: /root/ros_ws/src/Rescue_Car_ws/install/statistics_msgs/share/statistics_msgs/local_setup.sh
[0.742s] -- Up-to-date: /root/ros_ws/src/Rescue_Car_ws/install/statistics_msgs/share/statistics_msgs/local_setup.zsh
[0.742s] -- Up-to-date: /root/ros_ws/src/Rescue_Car_ws/install/statistics_msgs/share/statistics_msgs/local_setup.dsv
[0.742s] -- Installing: /root/ros_ws/src/Rescue_Car_ws/install/statistics_msgs/share/statistics_msgs/package.dsv
[0.742s] -- Up-to-date: /root/ros_ws/src/Rescue_Car_ws/install/statistics_msgs/share/ament_index/resource_index/packages/statistics_msgs
[0.743s] -- Up-to-date: /root/ros_ws/src/Rescue_Car_ws/install/statistics_msgs/share/statistics_msgs/cmake/export_statistics_msgs__rosidl_generator_cExport.cmake
[0.743s] -- Up-to-date: /root/ros_ws/src/Rescue_Car_ws/install/statistics_msgs/share/statistics_msgs/cmake/export_statistics_msgs__rosidl_generator_cExport-noconfig.cmake
[0.743s] -- Up-to-date: /root/ros_ws/src/Rescue_Car_ws/install/statistics_msgs/share/statistics_msgs/cmake/export_statistics_msgs__rosidl_typesupport_fastrtps_cExport.cmake
[0.743s] -- Up-to-date: /root/ros_ws/src/Rescue_Car_ws/install/statistics_msgs/share/statistics_msgs/cmake/export_statistics_msgs__rosidl_typesupport_fastrtps_cExport-noconfig.cmake
[0.743s] -- Up-to-date: /root/ros_ws/src/Rescue_Car_ws/install/statistics_msgs/share/statistics_msgs/cmake/export_statistics_msgs__rosidl_generator_cppExport.cmake
[0.743s] -- Up-to-date: /root/ros_ws/src/Rescue_Car_ws/install/statistics_msgs/share/statistics_msgs/cmake/export_statistics_msgs__rosidl_typesupport_fastrtps_cppExport.cmake
[0.743s] -- Up-to-date: /root/ros_ws/src/Rescue_Car_ws/install/statistics_msgs/share/statistics_msgs/cmake/export_statistics_msgs__rosidl_typesupport_fastrtps_cppExport-noconfig.cmake
[0.743s] -- Up-to-date: /root/ros_ws/src/Rescue_Car_ws/install/statistics_msgs/share/statistics_msgs/cmake/statistics_msgs__rosidl_typesupport_introspection_cExport.cmake
[0.743s] -- Up-to-date: /root/ros_ws/src/Rescue_Car_ws/install/statistics_msgs/share/statistics_msgs/cmake/statistics_msgs__rosidl_typesupport_introspection_cExport-noconfig.cmake
[0.743s] -- Up-to-date: /root/ros_ws/src/Rescue_Car_ws/install/statistics_msgs/share/statistics_msgs/cmake/statistics_msgs__rosidl_typesupport_cExport.cmake
[0.744s] -- Up-to-date: /root/ros_ws/src/Rescue_Car_ws/install/statistics_msgs/share/statistics_msgs/cmake/statistics_msgs__rosidl_typesupport_cExport-noconfig.cmake
[0.745s] -- Up-to-date: /root/ros_ws/src/Rescue_Car_ws/install/statistics_msgs/share/statistics_msgs/cmake/statistics_msgs__rosidl_typesupport_introspection_cppExport.cmake
[0.745s] -- Up-to-date: /root/ros_ws/src/Rescue_Car_ws/install/statistics_msgs/share/statistics_msgs/cmake/statistics_msgs__rosidl_typesupport_introspection_cppExport-noconfig.cmake
[0.746s] -- Up-to-date: /root/ros_ws/src/Rescue_Car_ws/install/statistics_msgs/share/statistics_msgs/cmake/statistics_msgs__rosidl_typesupport_cppExport.cmake
[0.746s] -- Up-to-date: /root/ros_ws/src/Rescue_Car_ws/install/statistics_msgs/share/statistics_msgs/cmake/statistics_msgs__rosidl_typesupport_cppExport-noconfig.cmake
[0.752s] -- Up-to-date: /root/ros_ws/src/Rescue_Car_ws/install/statistics_msgs/share/statistics_msgs/cmake/export_statistics_msgs__rosidl_generator_pyExport.cmake
[0.752s] -- Up-to-date: /root/ros_ws/src/Rescue_Car_ws/install/statistics_msgs/share/statistics_msgs/cmake/export_statistics_msgs__rosidl_generator_pyExport-noconfig.cmake
[0.752s] -- Up-to-date: /root/ros_ws/src/Rescue_Car_ws/install/statistics_msgs/share/statistics_msgs/cmake/rosidl_cmake-extras.cmake
[0.752s] -- Up-to-date: /root/ros_ws/src/Rescue_Car_ws/install/statistics_msgs/share/statistics_msgs/cmake/ament_cmake_export_dependencies-extras.cmake
[0.752s] -- Up-to-date: /root/ros_ws/src/Rescue_Car_ws/install/statistics_msgs/share/statistics_msgs/cmake/ament_cmake_export_include_directories-extras.cmake
[0.752s] -- Up-to-date: /root/ros_ws/src/Rescue_Car_ws/install/statistics_msgs/share/statistics_msgs/cmake/ament_cmake_export_libraries-extras.cmake
[0.753s] -- Up-to-date: /root/ros_ws/src/Rescue_Car_ws/install/statistics_msgs/share/statistics_msgs/cmake/ament_cmake_export_targets-extras.cmake
[0.753s] -- Up-to-date: /root/ros_ws/src/Rescue_Car_ws/install/statistics_msgs/share/statistics_msgs/cmake/rosidl_cmake_export_typesupport_targets-extras.cmake
[0.753s] -- Up-to-date: /root/ros_ws/src/Rescue_Car_ws/install/statistics_msgs/share/statistics_msgs/cmake/rosidl_cmake_export_typesupport_libraries-extras.cmake
[0.753s] -- Up-to-date: /root/ros_ws/src/Rescue_Car_ws/install/statistics_msgs/share/statistics_msgs/cmake/statistics_msgsConfig.cmake
[0.753s] -- Up-to-date: /root/ros_ws/src/Rescue_Car_ws/install/statistics_msgs/share/statistics_msgs/cmake/statistics_msgsConfig-version.cmake
[0.753s] -- Up-to-date: /root/ros_ws/src/Rescue_Car_ws/install/statistics_msgs/share/statistics_msgs/package.xml
[0.806s] Invoked command in '/root/ros_ws/src/Rescue_Car_ws/build/statistics_msgs' returned '0': CMAKE_PREFIX_PATH=/root/ros_ws/src/Rescue_Car_ws/install/builtin_interfaces:/root/ros_ws/src/Rescue_Car_ws/install/micro_ros_demos_rclc:/root/ros_ws/src/Rescue_Car_ws/install/common_interfaces:/root/ros_ws/src/Rescue_Car_ws/install/visualization_msgs:/root/ros_ws/src/Rescue_Car_ws/install/test_msgs:/root/ros_ws/src/Rescue_Car_ws/install/example_interfaces:/root/ros_ws/src/Rescue_Car_ws/install/action_msgs:/root/ros_ws/src/Rescue_Car_ws/install/unique_identifier_msgs:/root/ros_ws/src/Rescue_Car_ws/install/trajectory_msgs:/root/ros_ws/src/Rescue_Car_ws/install/stereo_msgs:/root/ros_ws/src/Rescue_Car_ws/install/std_srvs:/root/ros_ws/src/Rescue_Car_ws/install/shape_msgs:/root/ros_ws/src/Rescue_Car_ws/install/sensor_msgs:/root/ros_ws/src/Rescue_Car_ws/install/nav_msgs:/root/ros_ws/src/Rescue_Car_ws/install/diagnostic_msgs:/root/ros_ws/src/Rescue_Car_ws/install/geometry_msgs:/root/ros_ws/src/Rescue_Car_ws/install/actionlib_msgs:/root/ros_ws/src/Rescue_Car_ws/install/std_msgs:/root/ros_ws/src/Rescue_Car_ws/install/statistics_msgs:/root/ros_ws/src/Rescue_Car_ws/install/rosidl_typesupport_microxrcedds_test_msg:/root/ros_ws/src/Rescue_Car_ws/install/rosidl_typesupport_microxrcedds_cpp_tests:/root/ros_ws/src/Rescue_Car_ws/install/rmw_microxrcedds:/root/ros_ws/src/Rescue_Car_ws/install/rosidl_typesupport_microxrcedds_cpp:/root/ros_ws/src/Rescue_Car_ws/install/rosidl_typesupport_microxrcedds_c_tests:/root/ros_ws/src/Rescue_Car_ws/install/rosidl_typesupport_microxrcedds_c:/root/ros_ws/src/Rescue_Car_ws/install/rosgraph_msgs:/root/ros_ws/src/Rescue_Car_ws/install/rclc_parameter:/root/ros_ws/src/Rescue_Car_ws/install/rclc:/root/ros_ws/src/Rescue_Car_ws/install/composition_interfaces:/root/ros_ws/src/Rescue_Car_ws/install/rcl_interfaces:/root/ros_ws/src/Rescue_Car_ws/install/microxrcedds_client:/root/ros_ws/src/Rescue_Car_ws/install/microcdr:/root/ros_ws/src/Rescue_Car_ws/install/micro_ros_utilities:/root/ros_ws/src/Rescue_Car_ws/install/micro_ros_setup:/root/ros_ws/src/Rescue_Car_ws/install/micro_ros_agent:/root/ros_ws/src/Rescue_Car_ws/install/micro_ros_msgs:/root/ros_ws/src/Rescue_Car_ws/install/lifecycle_msgs:/root/ros_ws/src/Rescue_Car_ws/install/complex_msgs:/root/ros_ws/src/Rescue_Car_ws/install/car:/root/ros_ws/src/Rescue_Car_ws/install/sensor_msgs_py:/opt/ros/humble LD_LIBRARY_PATH=/root/ros_ws/src/Rescue_Car_ws/install/builtin_interfaces/lib:/root/ros_ws/src/Rescue_Car_ws/install/visualization_msgs/lib:/root/ros_ws/src/Rescue_Car_ws/install/test_msgs/lib:/root/ros_ws/src/Rescue_Car_ws/install/example_interfaces/lib:/root/ros_ws/src/Rescue_Car_ws/install/action_msgs/lib:/root/ros_ws/src/Rescue_Car_ws/install/unique_identifier_msgs/lib:/root/ros_ws/src/Rescue_Car_ws/install/trajectory_msgs/lib:/root/ros_ws/src/Rescue_Car_ws/install/stereo_msgs/lib:/root/ros_ws/src/Rescue_Car_ws/install/std_srvs/lib:/root/ros_ws/src/Rescue_Car_ws/install/shape_msgs/lib:/root/ros_ws/src/Rescue_Car_ws/install/sensor_msgs/lib:/root/ros_ws/src/Rescue_Car_ws/install/nav_msgs/lib:/root/ros_ws/src/Rescue_Car_ws/install/diagnostic_msgs/lib:/root/ros_ws/src/Rescue_Car_ws/install/geometry_msgs/lib:/root/ros_ws/src/Rescue_Car_ws/install/actionlib_msgs/lib:/root/ros_ws/src/Rescue_Car_ws/install/std_msgs/lib:/root/ros_ws/src/Rescue_Car_ws/install/statistics_msgs/lib:/root/ros_ws/src/Rescue_Car_ws/install/rosidl_typesupport_microxrcedds_test_msg/lib:/root/ros_ws/src/Rescue_Car_ws/install/rmw_microxrcedds/lib:/root/ros_ws/src/Rescue_Car_ws/install/rosidl_typesupport_microxrcedds_cpp/lib:/root/ros_ws/src/Rescue_Car_ws/install/rosidl_typesupport_microxrcedds_c/lib:/root/ros_ws/src/Rescue_Car_ws/install/rosgraph_msgs/lib:/root/ros_ws/src/Rescue_Car_ws/install/rclc_parameter/lib:/root/ros_ws/src/Rescue_Car_ws/install/rclc/lib:/root/ros_ws/src/Rescue_Car_ws/install/composition_interfaces/lib:/root/ros_ws/src/Rescue_Car_ws/install/rcl_interfaces/lib:/root/ros_ws/src/Rescue_Car_ws/install/micro_ros_utilities/lib:/root/ros_ws/src/Rescue_Car_ws/install/micro_ros_agent/lib:/root/ros_ws/src/Rescue_Car_ws/install/micro_ros_msgs/lib:/root/ros_ws/src/Rescue_Car_ws/install/lifecycle_msgs/lib:/root/ros_ws/src/Rescue_Car_ws/install/complex_msgs/lib:/usr/lib/x86_64-linux-gnu/gazebo-11/plugins:/opt/ros/humble/opt/rviz_ogre_vendor/lib:/opt/ros/humble/lib/x86_64-linux-gnu:/opt/ros/humble/lib /usr/bin/cmake --install /root/ros_ws/src/Rescue_Car_ws/build/statistics_msgs
