[2.101s] Invoking command in '/root/ros_ws/src/Rescue_Car_ws/build/actionlib_msgs': AMENT_PREFIX_PATH=/root/ros_ws/src/Rescue_Car_ws/install/std_msgs:/root/ros_ws/src/Rescue_Car_ws/install/builtin_interfaces:${AMENT_PREFIX_PATH} CMAKE_PREFIX_PATH=/root/ros_ws/src/Rescue_Car_ws/install/std_msgs:/root/ros_ws/src/Rescue_Car_ws/install/builtin_interfaces:/opt/ros/humble LD_LIBRARY_PATH=/root/ros_ws/src/Rescue_Car_ws/install/std_msgs/lib:/root/ros_ws/src/Rescue_Car_ws/install/builtin_interfaces/lib:${LD_LIBRARY_PATH} PYTHONPATH=/root/ros_ws/src/Rescue_Car_ws/install/std_msgs/local/lib/python3.10/dist-packages:/root/ros_ws/src/Rescue_Car_ws/install/builtin_interfaces/local/lib/python3.10/dist-packages:${PYTHONPATH} /usr/bin/cmake /root/ros_ws/src/Rescue_Car_ws/src/microros/src/ros2/common_interfaces/actionlib_msgs -DCMAKE_INSTALL_PREFIX=/root/ros_ws/src/Rescue_Car_ws/install/actionlib_msgs
[3.435s] -- The C compiler identification is GNU 11.4.0
[9.419s] -- The CXX compiler identification is GNU 11.4.0
[12.663s] -- Detecting C compiler ABI info
[15.083s] -- Detecting C compiler ABI info - done
[15.103s] -- Check for working C compiler: /usr/bin/cc - skipped
[15.113s] -- Detecting C compile features
[15.113s] -- Detecting C compile features - done
[15.124s] -- Detecting CXX compiler ABI info
[16.248s] -- Detecting CXX compiler ABI info - done
[16.279s] -- Check for working CXX compiler: /usr/bin/c++ - skipped
[16.279s] -- Detecting CXX compile features
[16.279s] -- Detecting CXX compile features - done
[16.282s] -- Found ament_cmake: 1.3.12 (/opt/ros/humble/share/ament_cmake/cmake)
[16.656s] -- Found Python3: /usr/bin/python3 (found version "3.10.12") found components: Interpreter 
[16.858s] -- Found builtin_interfaces: 1.2.2 (/root/ros_ws/src/Rescue_Car_ws/install/builtin_interfaces/share/builtin_interfaces/cmake)
[17.216s] -- Found rosidl_generator_c: 3.1.7 (/opt/ros/humble/share/rosidl_generator_c/cmake)
[17.225s] -- Found rosidl_adapter: 3.1.7 (/opt/ros/humble/share/rosidl_adapter/cmake)
[17.255s] -- Found rosidl_generator_cpp: 3.1.7 (/opt/ros/humble/share/rosidl_generator_cpp/cmake)
[17.302s] -- Using all available rosidl_typesupport_c: rosidl_typesupport_fastrtps_c;rosidl_typesupport_introspection_c
[17.336s] -- Using all available rosidl_typesupport_cpp: rosidl_typesupport_fastrtps_cpp;rosidl_typesupport_introspection_cpp
[17.355s] -- Found rosidl_default_generators: 1.2.0 (/opt/ros/humble/share/rosidl_default_generators/cmake)
[17.367s] -- Found std_msgs: 4.9.0 (/root/ros_ws/src/Rescue_Car_ws/install/std_msgs/share/std_msgs/cmake)
[17.924s] -- Found ament_cmake_cppcheck: 0.12.14 (/opt/ros/humble/share/ament_cmake_cppcheck/cmake)
[17.929s] -- Found ament_cmake_cpplint: 0.12.14 (/opt/ros/humble/share/ament_cmake_cpplint/cmake)
[17.934s] -- Found ament_cmake_uncrustify: 0.12.14 (/opt/ros/humble/share/ament_cmake_uncrustify/cmake)
[17.941s] -- Found ament_cmake_ros: 0.10.0 (/opt/ros/humble/share/ament_cmake_ros/cmake)
[18.555s] -- Using all available rosidl_typesupport_c: rosidl_typesupport_fastrtps_c;rosidl_typesupport_introspection_c
[18.785s] -- Using all available rosidl_typesupport_cpp: rosidl_typesupport_fastrtps_cpp;rosidl_typesupport_introspection_cpp
[19.117s] -- Found PythonInterp: /usr/bin/python3 (found suitable version "3.10.12", minimum required is "3.6") 
[19.120s] -- Found python_cmake_module: 0.10.0 (/opt/ros/humble/share/python_cmake_module/cmake)
[20.379s] -- Found PythonLibs: /usr/lib/x86_64-linux-gnu/libpython3.10.so (found suitable version "3.10.12", minimum required is "3.5") 
[20.379s] -- Using PYTHON_EXECUTABLE: /usr/bin/python3
[20.379s] -- Using PYTHON_INCLUDE_DIRS: /usr/include/python3.10
[20.379s] -- Using PYTHON_LIBRARIES: /usr/lib/x86_64-linux-gnu/libpython3.10.so
[20.423s] -- Found PythonExtra: .so  
[20.614s] -- Found ament_cmake_flake8: 0.12.14 (/opt/ros/humble/share/ament_cmake_flake8/cmake)
[20.621s] -- Found ament_cmake_pep257: 0.12.14 (/opt/ros/humble/share/ament_cmake_pep257/cmake)
[20.625s] -- Configuring done
[20.706s] -- Generating done
[20.732s] -- Build files have been written to: /root/ros_ws/src/Rescue_Car_ws/build/actionlib_msgs
[20.744s] Invoked command in '/root/ros_ws/src/Rescue_Car_ws/build/actionlib_msgs' returned '0': AMENT_PREFIX_PATH=/root/ros_ws/src/Rescue_Car_ws/install/std_msgs:/root/ros_ws/src/Rescue_Car_ws/install/builtin_interfaces:${AMENT_PREFIX_PATH} CMAKE_PREFIX_PATH=/root/ros_ws/src/Rescue_Car_ws/install/std_msgs:/root/ros_ws/src/Rescue_Car_ws/install/builtin_interfaces:/opt/ros/humble LD_LIBRARY_PATH=/root/ros_ws/src/Rescue_Car_ws/install/std_msgs/lib:/root/ros_ws/src/Rescue_Car_ws/install/builtin_interfaces/lib:${LD_LIBRARY_PATH} PYTHONPATH=/root/ros_ws/src/Rescue_Car_ws/install/std_msgs/local/lib/python3.10/dist-packages:/root/ros_ws/src/Rescue_Car_ws/install/builtin_interfaces/local/lib/python3.10/dist-packages:${PYTHONPATH} /usr/bin/cmake /root/ros_ws/src/Rescue_Car_ws/src/microros/src/ros2/common_interfaces/actionlib_msgs -DCMAKE_INSTALL_PREFIX=/root/ros_ws/src/Rescue_Car_ws/install/actionlib_msgs
[20.747s] Invoking command in '/root/ros_ws/src/Rescue_Car_ws/build/actionlib_msgs': AMENT_PREFIX_PATH=/root/ros_ws/src/Rescue_Car_ws/install/std_msgs:/root/ros_ws/src/Rescue_Car_ws/install/builtin_interfaces:${AMENT_PREFIX_PATH} CMAKE_PREFIX_PATH=/root/ros_ws/src/Rescue_Car_ws/install/std_msgs:/root/ros_ws/src/Rescue_Car_ws/install/builtin_interfaces:/opt/ros/humble LD_LIBRARY_PATH=/root/ros_ws/src/Rescue_Car_ws/install/std_msgs/lib:/root/ros_ws/src/Rescue_Car_ws/install/builtin_interfaces/lib:${LD_LIBRARY_PATH} PYTHONPATH=/root/ros_ws/src/Rescue_Car_ws/install/std_msgs/local/lib/python3.10/dist-packages:/root/ros_ws/src/Rescue_Car_ws/install/builtin_interfaces/local/lib/python3.10/dist-packages:${PYTHONPATH} /usr/bin/cmake --build /root/ros_ws/src/Rescue_Car_ws/build/actionlib_msgs -- -j20 -l20
[20.820s] [  2%] [34m[1mGenerating C++ code for ROS interfaces[0m
[21.606s] [  2%] Built target actionlib_msgs__cpp
[21.650s] [  2%] Built target ament_cmake_python_copy_actionlib_msgs
[21.665s] [  4%] [34m[1mGenerating C++ introspection for ROS interfaces[0m
[22.213s] [  6%] [32mBuilding CXX object CMakeFiles/actionlib_msgs__rosidl_typesupport_introspection_cpp.dir/rosidl_typesupport_introspection_cpp/actionlib_msgs/msg/detail/goal_id__type_support.cpp.o[0m
[22.653s] [  8%] [32mBuilding CXX object CMakeFiles/actionlib_msgs__rosidl_typesupport_introspection_cpp.dir/rosidl_typesupport_introspection_cpp/actionlib_msgs/msg/detail/goal_status_array__type_support.cpp.o[0m
[23.119s] [ 10%] [32mBuilding CXX object CMakeFiles/actionlib_msgs__rosidl_typesupport_introspection_cpp.dir/rosidl_typesupport_introspection_cpp/actionlib_msgs/msg/detail/goal_status__type_support.cpp.o[0m
[23.544s] [ 12%] [32m[1mLinking CXX shared library libactionlib_msgs__rosidl_typesupport_introspection_cpp.so[0m
[23.802s] [ 12%] Built target actionlib_msgs__rosidl_typesupport_introspection_cpp
[24.073s] running egg_info
[24.074s] creating actionlib_msgs.egg-info
[24.074s] writing actionlib_msgs.egg-info/PKG-INFO
[24.074s] writing dependency_links to actionlib_msgs.egg-info/dependency_links.txt
[24.075s] writing top-level names to actionlib_msgs.egg-info/top_level.txt
[24.075s] writing manifest file 'actionlib_msgs.egg-info/SOURCES.txt'
[24.078s] reading manifest file 'actionlib_msgs.egg-info/SOURCES.txt'
[24.078s] writing manifest file 'actionlib_msgs.egg-info/SOURCES.txt'
[24.120s] [ 12%] Built target ament_cmake_python_build_actionlib_msgs_egg
[24.133s] [ 14%] [34m[1mGenerating C++ type support for eProsima Fast-RTPS[0m
[24.695s] [ 17%] [32mBuilding CXX object CMakeFiles/actionlib_msgs__rosidl_typesupport_fastrtps_cpp.dir/rosidl_typesupport_fastrtps_cpp/actionlib_msgs/msg/detail/dds_fastrtps/goal_id__type_support.cpp.o[0m
[25.148s] [ 19%] [32mBuilding CXX object CMakeFiles/actionlib_msgs__rosidl_typesupport_fastrtps_cpp.dir/rosidl_typesupport_fastrtps_cpp/actionlib_msgs/msg/detail/dds_fastrtps/goal_status_array__type_support.cpp.o[0m
[25.700s] [ 21%] [32mBuilding CXX object CMakeFiles/actionlib_msgs__rosidl_typesupport_fastrtps_cpp.dir/rosidl_typesupport_fastrtps_cpp/actionlib_msgs/msg/detail/dds_fastrtps/goal_status__type_support.cpp.o[0m
[26.235s] [ 23%] [32m[1mLinking CXX shared library libactionlib_msgs__rosidl_typesupport_fastrtps_cpp.so[0m
[26.457s] [ 23%] Built target actionlib_msgs__rosidl_typesupport_fastrtps_cpp
[26.472s] [ 25%] [34m[1mGenerating C++ type support dispatch for ROS interfaces[0m
[27.014s] [ 27%] [32mBuilding CXX object CMakeFiles/actionlib_msgs__rosidl_typesupport_cpp.dir/rosidl_typesupport_cpp/actionlib_msgs/msg/goal_id__type_support.cpp.o[0m
[27.340s] [ 29%] [32mBuilding CXX object CMakeFiles/actionlib_msgs__rosidl_typesupport_cpp.dir/rosidl_typesupport_cpp/actionlib_msgs/msg/goal_status_array__type_support.cpp.o[0m
[27.605s] [ 31%] [32mBuilding CXX object CMakeFiles/actionlib_msgs__rosidl_typesupport_cpp.dir/rosidl_typesupport_cpp/actionlib_msgs/msg/goal_status__type_support.cpp.o[0m
[27.887s] [ 34%] [32m[1mLinking CXX shared library libactionlib_msgs__rosidl_typesupport_cpp.so[0m
[28.054s] [ 34%] Built target actionlib_msgs__rosidl_typesupport_cpp
[28.067s] [ 36%] [34m[1mGenerating C code for ROS interfaces[0m
[28.758s] [ 38%] [32mBuilding C object CMakeFiles/actionlib_msgs__rosidl_generator_c.dir/rosidl_generator_c/actionlib_msgs/msg/detail/goal_id__functions.c.o[0m
[28.804s] [ 40%] [32mBuilding C object CMakeFiles/actionlib_msgs__rosidl_generator_c.dir/rosidl_generator_c/actionlib_msgs/msg/detail/goal_status_array__functions.c.o[0m
[28.856s] [ 42%] [32mBuilding C object CMakeFiles/actionlib_msgs__rosidl_generator_c.dir/rosidl_generator_c/actionlib_msgs/msg/detail/goal_status__functions.c.o[0m
[28.909s] [ 44%] [32m[1mLinking C shared library libactionlib_msgs__rosidl_generator_c.so[0m
[29.072s] [ 44%] Built target actionlib_msgs__rosidl_generator_c
[29.082s] [ 46%] [34m[1mGenerating C type support for eProsima Fast-RTPS[0m
[29.581s] [ 48%] [32mBuilding CXX object CMakeFiles/actionlib_msgs__rosidl_typesupport_fastrtps_c.dir/rosidl_typesupport_fastrtps_c/actionlib_msgs/msg/detail/goal_id__type_support_c.cpp.o[0m
[29.905s] [ 51%] [32mBuilding CXX object CMakeFiles/actionlib_msgs__rosidl_typesupport_fastrtps_c.dir/rosidl_typesupport_fastrtps_c/actionlib_msgs/msg/detail/goal_status_array__type_support_c.cpp.o[0m
[30.201s] [ 53%] [32mBuilding CXX object CMakeFiles/actionlib_msgs__rosidl_typesupport_fastrtps_c.dir/rosidl_typesupport_fastrtps_c/actionlib_msgs/msg/detail/goal_status__type_support_c.cpp.o[0m
[30.516s] [ 55%] [32m[1mLinking CXX shared library libactionlib_msgs__rosidl_typesupport_fastrtps_c.so[0m
[30.698s] [ 55%] Built target actionlib_msgs__rosidl_typesupport_fastrtps_c
[30.711s] [ 57%] [34m[1mGenerating C type support dispatch for ROS interfaces[0m
[31.125s] [ 59%] [32mBuilding CXX object CMakeFiles/actionlib_msgs__rosidl_typesupport_c.dir/rosidl_typesupport_c/actionlib_msgs/msg/goal_id__type_support.cpp.o[0m
[31.154s] [ 61%] [32mBuilding CXX object CMakeFiles/actionlib_msgs__rosidl_typesupport_c.dir/rosidl_typesupport_c/actionlib_msgs/msg/goal_status_array__type_support.cpp.o[0m
[31.189s] [ 63%] [32mBuilding CXX object CMakeFiles/actionlib_msgs__rosidl_typesupport_c.dir/rosidl_typesupport_c/actionlib_msgs/msg/goal_status__type_support.cpp.o[0m
[31.217s] [ 65%] [32m[1mLinking CXX shared library libactionlib_msgs__rosidl_typesupport_c.so[0m
[31.363s] [ 65%] Built target actionlib_msgs__rosidl_typesupport_c
[31.371s] [ 68%] [34m[1mGenerating C introspection for ROS interfaces[0m
[31.800s] [ 70%] [32mBuilding C object CMakeFiles/actionlib_msgs__rosidl_typesupport_introspection_c.dir/rosidl_typesupport_introspection_c/actionlib_msgs/msg/detail/goal_id__type_support.c.o[0m
[31.836s] [ 72%] [32mBuilding C object CMakeFiles/actionlib_msgs__rosidl_typesupport_introspection_c.dir/rosidl_typesupport_introspection_c/actionlib_msgs/msg/detail/goal_status_array__type_support.c.o[0m
[31.874s] [ 74%] [32mBuilding C object CMakeFiles/actionlib_msgs__rosidl_typesupport_introspection_c.dir/rosidl_typesupport_introspection_c/actionlib_msgs/msg/detail/goal_status__type_support.c.o[0m
[31.912s] [ 76%] [32m[1mLinking C shared library libactionlib_msgs__rosidl_typesupport_introspection_c.so[0m
[32.042s] [ 76%] Built target actionlib_msgs__rosidl_typesupport_introspection_c
[32.067s] [ 76%] Built target actionlib_msgs
[32.090s] [ 78%] [34m[1mGenerating Python code for ROS interfaces[0m
[32.830s] [ 78%] Built target actionlib_msgs__py
[32.849s] [ 80%] [32mBuilding C object CMakeFiles/actionlib_msgs__rosidl_generator_py.dir/rosidl_generator_py/actionlib_msgs/msg/_goal_id_s.c.o[0m
[32.934s] [ 82%] [32mBuilding C object CMakeFiles/actionlib_msgs__rosidl_generator_py.dir/rosidl_generator_py/actionlib_msgs/msg/_goal_status_array_s.c.o[0m
[33.024s] [ 85%] [32mBuilding C object CMakeFiles/actionlib_msgs__rosidl_generator_py.dir/rosidl_generator_py/actionlib_msgs/msg/_goal_status_s.c.o[0m
[33.125s] [ 87%] [32m[1mLinking C shared library rosidl_generator_py/actionlib_msgs/libactionlib_msgs__rosidl_generator_py.so[0m
[33.247s] [ 87%] Built target actionlib_msgs__rosidl_generator_py
[33.266s] [ 89%] [32mBuilding C object CMakeFiles/actionlib_msgs__rosidl_typesupport_fastrtps_c__pyext.dir/rosidl_generator_py/actionlib_msgs/_actionlib_msgs_s.ep.rosidl_typesupport_fastrtps_c.c.o[0m
[33.362s] [ 91%] [32m[1mLinking C shared library rosidl_generator_py/actionlib_msgs/actionlib_msgs_s__rosidl_typesupport_fastrtps_c.cpython-310-x86_64-linux-gnu.so[0m
[33.491s] [ 91%] Built target actionlib_msgs__rosidl_typesupport_fastrtps_c__pyext
[33.508s] [ 93%] [32mBuilding C object CMakeFiles/actionlib_msgs__rosidl_typesupport_c__pyext.dir/rosidl_generator_py/actionlib_msgs/_actionlib_msgs_s.ep.rosidl_typesupport_c.c.o[0m
[33.600s] [ 95%] [32m[1mLinking C shared library rosidl_generator_py/actionlib_msgs/actionlib_msgs_s__rosidl_typesupport_c.cpython-310-x86_64-linux-gnu.so[0m
[33.723s] [ 95%] Built target actionlib_msgs__rosidl_typesupport_c__pyext
[33.744s] [ 97%] [32mBuilding C object CMakeFiles/actionlib_msgs__rosidl_typesupport_introspection_c__pyext.dir/rosidl_generator_py/actionlib_msgs/_actionlib_msgs_s.ep.rosidl_typesupport_introspection_c.c.o[0m
[33.832s] [100%] [32m[1mLinking C shared library rosidl_generator_py/actionlib_msgs/actionlib_msgs_s__rosidl_typesupport_introspection_c.cpython-310-x86_64-linux-gnu.so[0m
[33.956s] [100%] Built target actionlib_msgs__rosidl_typesupport_introspection_c__pyext
[33.967s] Invoked command in '/root/ros_ws/src/Rescue_Car_ws/build/actionlib_msgs' returned '0': AMENT_PREFIX_PATH=/root/ros_ws/src/Rescue_Car_ws/install/std_msgs:/root/ros_ws/src/Rescue_Car_ws/install/builtin_interfaces:${AMENT_PREFIX_PATH} CMAKE_PREFIX_PATH=/root/ros_ws/src/Rescue_Car_ws/install/std_msgs:/root/ros_ws/src/Rescue_Car_ws/install/builtin_interfaces:/opt/ros/humble LD_LIBRARY_PATH=/root/ros_ws/src/Rescue_Car_ws/install/std_msgs/lib:/root/ros_ws/src/Rescue_Car_ws/install/builtin_interfaces/lib:${LD_LIBRARY_PATH} PYTHONPATH=/root/ros_ws/src/Rescue_Car_ws/install/std_msgs/local/lib/python3.10/dist-packages:/root/ros_ws/src/Rescue_Car_ws/install/builtin_interfaces/local/lib/python3.10/dist-packages:${PYTHONPATH} /usr/bin/cmake --build /root/ros_ws/src/Rescue_Car_ws/build/actionlib_msgs -- -j20 -l20
[33.969s] Invoking command in '/root/ros_ws/src/Rescue_Car_ws/build/actionlib_msgs': AMENT_PREFIX_PATH=/root/ros_ws/src/Rescue_Car_ws/install/std_msgs:/root/ros_ws/src/Rescue_Car_ws/install/builtin_interfaces:${AMENT_PREFIX_PATH} CMAKE_PREFIX_PATH=/root/ros_ws/src/Rescue_Car_ws/install/std_msgs:/root/ros_ws/src/Rescue_Car_ws/install/builtin_interfaces:/opt/ros/humble LD_LIBRARY_PATH=/root/ros_ws/src/Rescue_Car_ws/install/std_msgs/lib:/root/ros_ws/src/Rescue_Car_ws/install/builtin_interfaces/lib:${LD_LIBRARY_PATH} PYTHONPATH=/root/ros_ws/src/Rescue_Car_ws/install/std_msgs/local/lib/python3.10/dist-packages:/root/ros_ws/src/Rescue_Car_ws/install/builtin_interfaces/local/lib/python3.10/dist-packages:${PYTHONPATH} /usr/bin/cmake --install /root/ros_ws/src/Rescue_Car_ws/build/actionlib_msgs
[33.978s] -- Install configuration: ""
[33.979s] -- Installing: /root/ros_ws/src/Rescue_Car_ws/install/actionlib_msgs/share/ament_index/resource_index/rosidl_interfaces/actionlib_msgs
[33.979s] -- Installing: /root/ros_ws/src/Rescue_Car_ws/install/actionlib_msgs/include/actionlib_msgs/actionlib_msgs
[33.979s] -- Installing: /root/ros_ws/src/Rescue_Car_ws/install/actionlib_msgs/include/actionlib_msgs/actionlib_msgs/msg
[33.980s] -- Installing: /root/ros_ws/src/Rescue_Car_ws/install/actionlib_msgs/include/actionlib_msgs/actionlib_msgs/msg/goal_status_array.h
[33.980s] -- Installing: /root/ros_ws/src/Rescue_Car_ws/install/actionlib_msgs/include/actionlib_msgs/actionlib_msgs/msg/detail
[33.980s] -- Installing: /root/ros_ws/src/Rescue_Car_ws/install/actionlib_msgs/include/actionlib_msgs/actionlib_msgs/msg/detail/goal_id__struct.h
[33.980s] -- Installing: /root/ros_ws/src/Rescue_Car_ws/install/actionlib_msgs/include/actionlib_msgs/actionlib_msgs/msg/detail/goal_status_array__functions.c
[33.980s] -- Installing: /root/ros_ws/src/Rescue_Car_ws/install/actionlib_msgs/include/actionlib_msgs/actionlib_msgs/msg/detail/goal_id__type_support.h
[33.981s] -- Installing: /root/ros_ws/src/Rescue_Car_ws/install/actionlib_msgs/include/actionlib_msgs/actionlib_msgs/msg/detail/goal_id__functions.c
[33.981s] -- Installing: /root/ros_ws/src/Rescue_Car_ws/install/actionlib_msgs/include/actionlib_msgs/actionlib_msgs/msg/detail/goal_status__functions.h
[33.981s] -- Installing: /root/ros_ws/src/Rescue_Car_ws/install/actionlib_msgs/include/actionlib_msgs/actionlib_msgs/msg/detail/goal_status__functions.c
[33.981s] -- Installing: /root/ros_ws/src/Rescue_Car_ws/install/actionlib_msgs/include/actionlib_msgs/actionlib_msgs/msg/detail/goal_status_array__functions.h
[33.981s] -- Installing: /root/ros_ws/src/Rescue_Car_ws/install/actionlib_msgs/include/actionlib_msgs/actionlib_msgs/msg/detail/goal_status__type_support.h
[33.982s] -- Installing: /root/ros_ws/src/Rescue_Car_ws/install/actionlib_msgs/include/actionlib_msgs/actionlib_msgs/msg/detail/goal_id__functions.h
[33.982s] -- Installing: /root/ros_ws/src/Rescue_Car_ws/install/actionlib_msgs/include/actionlib_msgs/actionlib_msgs/msg/detail/goal_status_array__struct.h
[33.982s] -- Installing: /root/ros_ws/src/Rescue_Car_ws/install/actionlib_msgs/include/actionlib_msgs/actionlib_msgs/msg/detail/goal_status_array__type_support.h
[33.982s] -- Installing: /root/ros_ws/src/Rescue_Car_ws/install/actionlib_msgs/include/actionlib_msgs/actionlib_msgs/msg/detail/goal_status__struct.h
[33.982s] -- Installing: /root/ros_ws/src/Rescue_Car_ws/install/actionlib_msgs/include/actionlib_msgs/actionlib_msgs/msg/rosidl_generator_c__visibility_control.h
[33.982s] -- Installing: /root/ros_ws/src/Rescue_Car_ws/install/actionlib_msgs/include/actionlib_msgs/actionlib_msgs/msg/goal_id.h
[33.982s] -- Installing: /root/ros_ws/src/Rescue_Car_ws/install/actionlib_msgs/include/actionlib_msgs/actionlib_msgs/msg/goal_status.h
[33.983s] -- Installing: /root/ros_ws/src/Rescue_Car_ws/install/actionlib_msgs/share/actionlib_msgs/environment/library_path.sh
[33.984s] -- Installing: /root/ros_ws/src/Rescue_Car_ws/install/actionlib_msgs/share/actionlib_msgs/environment/library_path.dsv
[33.984s] -- Installing: /root/ros_ws/src/Rescue_Car_ws/install/actionlib_msgs/lib/libactionlib_msgs__rosidl_generator_c.so
[33.984s] -- Set runtime path of "/root/ros_ws/src/Rescue_Car_ws/install/actionlib_msgs/lib/libactionlib_msgs__rosidl_generator_c.so" to ""
[33.984s] -- Up-to-date: /root/ros_ws/src/Rescue_Car_ws/install/actionlib_msgs/include/actionlib_msgs/actionlib_msgs
[33.984s] -- Up-to-date: /root/ros_ws/src/Rescue_Car_ws/install/actionlib_msgs/include/actionlib_msgs/actionlib_msgs/msg
[33.985s] -- Up-to-date: /root/ros_ws/src/Rescue_Car_ws/install/actionlib_msgs/include/actionlib_msgs/actionlib_msgs/msg/detail
[33.985s] -- Installing: /root/ros_ws/src/Rescue_Car_ws/install/actionlib_msgs/include/actionlib_msgs/actionlib_msgs/msg/detail/goal_status__rosidl_typesupport_fastrtps_c.h
[33.985s] -- Installing: /root/ros_ws/src/Rescue_Car_ws/install/actionlib_msgs/include/actionlib_msgs/actionlib_msgs/msg/detail/goal_status_array__rosidl_typesupport_fastrtps_c.h
[33.985s] -- Installing: /root/ros_ws/src/Rescue_Car_ws/install/actionlib_msgs/include/actionlib_msgs/actionlib_msgs/msg/detail/goal_id__rosidl_typesupport_fastrtps_c.h
[33.985s] -- Installing: /root/ros_ws/src/Rescue_Car_ws/install/actionlib_msgs/include/actionlib_msgs/actionlib_msgs/msg/rosidl_typesupport_fastrtps_c__visibility_control.h
[33.986s] -- Installing: /root/ros_ws/src/Rescue_Car_ws/install/actionlib_msgs/lib/libactionlib_msgs__rosidl_typesupport_fastrtps_c.so
[33.986s] -- Set runtime path of "/root/ros_ws/src/Rescue_Car_ws/install/actionlib_msgs/lib/libactionlib_msgs__rosidl_typesupport_fastrtps_c.so" to ""
[33.986s] -- Up-to-date: /root/ros_ws/src/Rescue_Car_ws/install/actionlib_msgs/include/actionlib_msgs/actionlib_msgs
[33.986s] -- Up-to-date: /root/ros_ws/src/Rescue_Car_ws/install/actionlib_msgs/include/actionlib_msgs/actionlib_msgs/msg
[33.986s] -- Installing: /root/ros_ws/src/Rescue_Car_ws/install/actionlib_msgs/include/actionlib_msgs/actionlib_msgs/msg/rosidl_generator_cpp__visibility_control.hpp
[33.986s] -- Installing: /root/ros_ws/src/Rescue_Car_ws/install/actionlib_msgs/include/actionlib_msgs/actionlib_msgs/msg/goal_status_array.hpp
[33.986s] -- Installing: /root/ros_ws/src/Rescue_Car_ws/install/actionlib_msgs/include/actionlib_msgs/actionlib_msgs/msg/goal_status.hpp
[33.986s] -- Up-to-date: /root/ros_ws/src/Rescue_Car_ws/install/actionlib_msgs/include/actionlib_msgs/actionlib_msgs/msg/detail
[33.987s] -- Installing: /root/ros_ws/src/Rescue_Car_ws/install/actionlib_msgs/include/actionlib_msgs/actionlib_msgs/msg/detail/goal_status_array__builder.hpp
[33.987s] -- Installing: /root/ros_ws/src/Rescue_Car_ws/install/actionlib_msgs/include/actionlib_msgs/actionlib_msgs/msg/detail/goal_id__builder.hpp
[33.987s] -- Installing: /root/ros_ws/src/Rescue_Car_ws/install/actionlib_msgs/include/actionlib_msgs/actionlib_msgs/msg/detail/goal_id__type_support.hpp
[33.987s] -- Installing: /root/ros_ws/src/Rescue_Car_ws/install/actionlib_msgs/include/actionlib_msgs/actionlib_msgs/msg/detail/goal_status_array__type_support.hpp
[33.987s] -- Installing: /root/ros_ws/src/Rescue_Car_ws/install/actionlib_msgs/include/actionlib_msgs/actionlib_msgs/msg/detail/goal_status__type_support.hpp
[33.987s] -- Installing: /root/ros_ws/src/Rescue_Car_ws/install/actionlib_msgs/include/actionlib_msgs/actionlib_msgs/msg/detail/goal_status_array__traits.hpp
[33.987s] -- Installing: /root/ros_ws/src/Rescue_Car_ws/install/actionlib_msgs/include/actionlib_msgs/actionlib_msgs/msg/detail/goal_status__struct.hpp
[33.988s] -- Installing: /root/ros_ws/src/Rescue_Car_ws/install/actionlib_msgs/include/actionlib_msgs/actionlib_msgs/msg/detail/goal_status_array__struct.hpp
[33.988s] -- Installing: /root/ros_ws/src/Rescue_Car_ws/install/actionlib_msgs/include/actionlib_msgs/actionlib_msgs/msg/detail/goal_id__traits.hpp
[33.988s] -- Installing: /root/ros_ws/src/Rescue_Car_ws/install/actionlib_msgs/include/actionlib_msgs/actionlib_msgs/msg/detail/goal_id__struct.hpp
[33.988s] -- Installing: /root/ros_ws/src/Rescue_Car_ws/install/actionlib_msgs/include/actionlib_msgs/actionlib_msgs/msg/detail/goal_status__traits.hpp
[33.988s] -- Installing: /root/ros_ws/src/Rescue_Car_ws/install/actionlib_msgs/include/actionlib_msgs/actionlib_msgs/msg/detail/goal_status__builder.hpp
[33.988s] -- Installing: /root/ros_ws/src/Rescue_Car_ws/install/actionlib_msgs/include/actionlib_msgs/actionlib_msgs/msg/goal_id.hpp
[33.988s] -- Up-to-date: /root/ros_ws/src/Rescue_Car_ws/install/actionlib_msgs/include/actionlib_msgs/actionlib_msgs
[33.988s] -- Up-to-date: /root/ros_ws/src/Rescue_Car_ws/install/actionlib_msgs/include/actionlib_msgs/actionlib_msgs/msg
[33.989s] -- Installing: /root/ros_ws/src/Rescue_Car_ws/install/actionlib_msgs/include/actionlib_msgs/actionlib_msgs/msg/rosidl_typesupport_fastrtps_cpp__visibility_control.h
[33.989s] -- Up-to-date: /root/ros_ws/src/Rescue_Car_ws/install/actionlib_msgs/include/actionlib_msgs/actionlib_msgs/msg/detail
[33.989s] -- Installing: /root/ros_ws/src/Rescue_Car_ws/install/actionlib_msgs/include/actionlib_msgs/actionlib_msgs/msg/detail/goal_status__rosidl_typesupport_fastrtps_cpp.hpp
[33.989s] -- Installing: /root/ros_ws/src/Rescue_Car_ws/install/actionlib_msgs/include/actionlib_msgs/actionlib_msgs/msg/detail/goal_id__rosidl_typesupport_fastrtps_cpp.hpp
[33.989s] -- Installing: /root/ros_ws/src/Rescue_Car_ws/install/actionlib_msgs/include/actionlib_msgs/actionlib_msgs/msg/detail/dds_fastrtps
[33.989s] -- Installing: /root/ros_ws/src/Rescue_Car_ws/install/actionlib_msgs/include/actionlib_msgs/actionlib_msgs/msg/detail/goal_status_array__rosidl_typesupport_fastrtps_cpp.hpp
[33.989s] -- Installing: /root/ros_ws/src/Rescue_Car_ws/install/actionlib_msgs/lib/libactionlib_msgs__rosidl_typesupport_fastrtps_cpp.so
[33.990s] -- Set runtime path of "/root/ros_ws/src/Rescue_Car_ws/install/actionlib_msgs/lib/libactionlib_msgs__rosidl_typesupport_fastrtps_cpp.so" to ""
[33.990s] -- Up-to-date: /root/ros_ws/src/Rescue_Car_ws/install/actionlib_msgs/include/actionlib_msgs/actionlib_msgs
[33.990s] -- Up-to-date: /root/ros_ws/src/Rescue_Car_ws/install/actionlib_msgs/include/actionlib_msgs/actionlib_msgs/msg
[33.990s] -- Installing: /root/ros_ws/src/Rescue_Car_ws/install/actionlib_msgs/include/actionlib_msgs/actionlib_msgs/msg/rosidl_typesupport_introspection_c__visibility_control.h
[33.990s] -- Up-to-date: /root/ros_ws/src/Rescue_Car_ws/install/actionlib_msgs/include/actionlib_msgs/actionlib_msgs/msg/detail
[33.990s] -- Installing: /root/ros_ws/src/Rescue_Car_ws/install/actionlib_msgs/include/actionlib_msgs/actionlib_msgs/msg/detail/goal_id__rosidl_typesupport_introspection_c.h
[33.990s] -- Installing: /root/ros_ws/src/Rescue_Car_ws/install/actionlib_msgs/include/actionlib_msgs/actionlib_msgs/msg/detail/goal_status_array__type_support.c
[33.990s] -- Installing: /root/ros_ws/src/Rescue_Car_ws/install/actionlib_msgs/include/actionlib_msgs/actionlib_msgs/msg/detail/goal_status__type_support.c
[33.990s] -- Installing: /root/ros_ws/src/Rescue_Car_ws/install/actionlib_msgs/include/actionlib_msgs/actionlib_msgs/msg/detail/goal_status__rosidl_typesupport_introspection_c.h
[33.991s] -- Installing: /root/ros_ws/src/Rescue_Car_ws/install/actionlib_msgs/include/actionlib_msgs/actionlib_msgs/msg/detail/goal_status_array__rosidl_typesupport_introspection_c.h
[33.991s] -- Installing: /root/ros_ws/src/Rescue_Car_ws/install/actionlib_msgs/include/actionlib_msgs/actionlib_msgs/msg/detail/goal_id__type_support.c
[33.991s] -- Installing: /root/ros_ws/src/Rescue_Car_ws/install/actionlib_msgs/lib/libactionlib_msgs__rosidl_typesupport_introspection_c.so
[33.991s] -- Set runtime path of "/root/ros_ws/src/Rescue_Car_ws/install/actionlib_msgs/lib/libactionlib_msgs__rosidl_typesupport_introspection_c.so" to ""
[33.991s] -- Installing: /root/ros_ws/src/Rescue_Car_ws/install/actionlib_msgs/lib/libactionlib_msgs__rosidl_typesupport_c.so
[33.991s] -- Set runtime path of "/root/ros_ws/src/Rescue_Car_ws/install/actionlib_msgs/lib/libactionlib_msgs__rosidl_typesupport_c.so" to ""
[33.991s] -- Up-to-date: /root/ros_ws/src/Rescue_Car_ws/install/actionlib_msgs/include/actionlib_msgs/actionlib_msgs
[33.991s] -- Up-to-date: /root/ros_ws/src/Rescue_Car_ws/install/actionlib_msgs/include/actionlib_msgs/actionlib_msgs/msg
[33.992s] -- Up-to-date: /root/ros_ws/src/Rescue_Car_ws/install/actionlib_msgs/include/actionlib_msgs/actionlib_msgs/msg/detail
[33.992s] -- Installing: /root/ros_ws/src/Rescue_Car_ws/install/actionlib_msgs/include/actionlib_msgs/actionlib_msgs/msg/detail/goal_status_array__rosidl_typesupport_introspection_cpp.hpp
[33.992s] -- Installing: /root/ros_ws/src/Rescue_Car_ws/install/actionlib_msgs/include/actionlib_msgs/actionlib_msgs/msg/detail/goal_id__type_support.cpp
[33.992s] -- Installing: /root/ros_ws/src/Rescue_Car_ws/install/actionlib_msgs/include/actionlib_msgs/actionlib_msgs/msg/detail/goal_status_array__type_support.cpp
[33.992s] -- Installing: /root/ros_ws/src/Rescue_Car_ws/install/actionlib_msgs/include/actionlib_msgs/actionlib_msgs/msg/detail/goal_status__rosidl_typesupport_introspection_cpp.hpp
[33.992s] -- Installing: /root/ros_ws/src/Rescue_Car_ws/install/actionlib_msgs/include/actionlib_msgs/actionlib_msgs/msg/detail/goal_status__type_support.cpp
[33.992s] -- Installing: /root/ros_ws/src/Rescue_Car_ws/install/actionlib_msgs/include/actionlib_msgs/actionlib_msgs/msg/detail/goal_id__rosidl_typesupport_introspection_cpp.hpp
[33.992s] -- Installing: /root/ros_ws/src/Rescue_Car_ws/install/actionlib_msgs/lib/libactionlib_msgs__rosidl_typesupport_introspection_cpp.so
[33.992s] -- Set runtime path of "/root/ros_ws/src/Rescue_Car_ws/install/actionlib_msgs/lib/libactionlib_msgs__rosidl_typesupport_introspection_cpp.so" to ""
[33.993s] -- Installing: /root/ros_ws/src/Rescue_Car_ws/install/actionlib_msgs/lib/libactionlib_msgs__rosidl_typesupport_cpp.so
[33.993s] -- Set runtime path of "/root/ros_ws/src/Rescue_Car_ws/install/actionlib_msgs/lib/libactionlib_msgs__rosidl_typesupport_cpp.so" to ""
[33.993s] -- Installing: /root/ros_ws/src/Rescue_Car_ws/install/actionlib_msgs/share/actionlib_msgs/environment/pythonpath.sh
[33.993s] -- Installing: /root/ros_ws/src/Rescue_Car_ws/install/actionlib_msgs/share/actionlib_msgs/environment/pythonpath.dsv
[33.993s] -- Installing: /root/ros_ws/src/Rescue_Car_ws/install/actionlib_msgs/local/lib/python3.10/dist-packages/actionlib_msgs-4.9.0-py3.10.egg-info
[33.993s] -- Installing: /root/ros_ws/src/Rescue_Car_ws/install/actionlib_msgs/local/lib/python3.10/dist-packages/actionlib_msgs-4.9.0-py3.10.egg-info/dependency_links.txt
[33.993s] -- Installing: /root/ros_ws/src/Rescue_Car_ws/install/actionlib_msgs/local/lib/python3.10/dist-packages/actionlib_msgs-4.9.0-py3.10.egg-info/SOURCES.txt
[33.993s] -- Installing: /root/ros_ws/src/Rescue_Car_ws/install/actionlib_msgs/local/lib/python3.10/dist-packages/actionlib_msgs-4.9.0-py3.10.egg-info/PKG-INFO
[33.993s] -- Installing: /root/ros_ws/src/Rescue_Car_ws/install/actionlib_msgs/local/lib/python3.10/dist-packages/actionlib_msgs-4.9.0-py3.10.egg-info/top_level.txt
[33.993s] -- Installing: /root/ros_ws/src/Rescue_Car_ws/install/actionlib_msgs/local/lib/python3.10/dist-packages/actionlib_msgs
[33.993s] -- Installing: /root/ros_ws/src/Rescue_Car_ws/install/actionlib_msgs/local/lib/python3.10/dist-packages/actionlib_msgs/_actionlib_msgs_s.ep.rosidl_typesupport_fastrtps_c.c
[33.993s] -- Installing: /root/ros_ws/src/Rescue_Car_ws/install/actionlib_msgs/local/lib/python3.10/dist-packages/actionlib_msgs/actionlib_msgs_s__rosidl_typesupport_introspection_c.cpython-310-x86_64-linux-gnu.so
[33.993s] -- Installing: /root/ros_ws/src/Rescue_Car_ws/install/actionlib_msgs/local/lib/python3.10/dist-packages/actionlib_msgs/actionlib_msgs_s__rosidl_typesupport_fastrtps_c.cpython-310-x86_64-linux-gnu.so
[33.993s] -- Installing: /root/ros_ws/src/Rescue_Car_ws/install/actionlib_msgs/local/lib/python3.10/dist-packages/actionlib_msgs/_actionlib_msgs_s.ep.rosidl_typesupport_introspection_c.c
[33.994s] -- Installing: /root/ros_ws/src/Rescue_Car_ws/install/actionlib_msgs/local/lib/python3.10/dist-packages/actionlib_msgs/libactionlib_msgs__rosidl_generator_py.so
[33.994s] -- Installing: /root/ros_ws/src/Rescue_Car_ws/install/actionlib_msgs/local/lib/python3.10/dist-packages/actionlib_msgs/_actionlib_msgs_s.ep.rosidl_typesupport_c.c
[33.994s] -- Installing: /root/ros_ws/src/Rescue_Car_ws/install/actionlib_msgs/local/lib/python3.10/dist-packages/actionlib_msgs/actionlib_msgs_s__rosidl_typesupport_c.cpython-310-x86_64-linux-gnu.so
[33.994s] -- Installing: /root/ros_ws/src/Rescue_Car_ws/install/actionlib_msgs/local/lib/python3.10/dist-packages/actionlib_msgs/__init__.py
[33.994s] -- Installing: /root/ros_ws/src/Rescue_Car_ws/install/actionlib_msgs/local/lib/python3.10/dist-packages/actionlib_msgs/msg
[33.994s] -- Installing: /root/ros_ws/src/Rescue_Car_ws/install/actionlib_msgs/local/lib/python3.10/dist-packages/actionlib_msgs/msg/_goal_status_s.c
[33.994s] -- Installing: /root/ros_ws/src/Rescue_Car_ws/install/actionlib_msgs/local/lib/python3.10/dist-packages/actionlib_msgs/msg/_goal_id_s.c
[33.994s] -- Installing: /root/ros_ws/src/Rescue_Car_ws/install/actionlib_msgs/local/lib/python3.10/dist-packages/actionlib_msgs/msg/_goal_status.py
[33.994s] -- Installing: /root/ros_ws/src/Rescue_Car_ws/install/actionlib_msgs/local/lib/python3.10/dist-packages/actionlib_msgs/msg/_goal_status_array_s.c
[33.994s] -- Installing: /root/ros_ws/src/Rescue_Car_ws/install/actionlib_msgs/local/lib/python3.10/dist-packages/actionlib_msgs/msg/_goal_status_array.py
[33.994s] -- Installing: /root/ros_ws/src/Rescue_Car_ws/install/actionlib_msgs/local/lib/python3.10/dist-packages/actionlib_msgs/msg/__init__.py
[33.994s] -- Installing: /root/ros_ws/src/Rescue_Car_ws/install/actionlib_msgs/local/lib/python3.10/dist-packages/actionlib_msgs/msg/_goal_id.py
[34.030s] Listing '/root/ros_ws/src/Rescue_Car_ws/install/actionlib_msgs/local/lib/python3.10/dist-packages/actionlib_msgs'...
[34.030s] Compiling '/root/ros_ws/src/Rescue_Car_ws/install/actionlib_msgs/local/lib/python3.10/dist-packages/actionlib_msgs/__init__.py'...
[34.030s] Listing '/root/ros_ws/src/Rescue_Car_ws/install/actionlib_msgs/local/lib/python3.10/dist-packages/actionlib_msgs/msg'...
[34.030s] Compiling '/root/ros_ws/src/Rescue_Car_ws/install/actionlib_msgs/local/lib/python3.10/dist-packages/actionlib_msgs/msg/__init__.py'...
[34.030s] Compiling '/root/ros_ws/src/Rescue_Car_ws/install/actionlib_msgs/local/lib/python3.10/dist-packages/actionlib_msgs/msg/_goal_id.py'...
[34.030s] Compiling '/root/ros_ws/src/Rescue_Car_ws/install/actionlib_msgs/local/lib/python3.10/dist-packages/actionlib_msgs/msg/_goal_status.py'...
[34.030s] Compiling '/root/ros_ws/src/Rescue_Car_ws/install/actionlib_msgs/local/lib/python3.10/dist-packages/actionlib_msgs/msg/_goal_status_array.py'...
[34.039s] -- Installing: /root/ros_ws/src/Rescue_Car_ws/install/actionlib_msgs/local/lib/python3.10/dist-packages/actionlib_msgs/actionlib_msgs_s__rosidl_typesupport_fastrtps_c.cpython-310-x86_64-linux-gnu.so
[34.039s] -- Set runtime path of "/root/ros_ws/src/Rescue_Car_ws/install/actionlib_msgs/local/lib/python3.10/dist-packages/actionlib_msgs/actionlib_msgs_s__rosidl_typesupport_fastrtps_c.cpython-310-x86_64-linux-gnu.so" to ""
[34.040s] -- Installing: /root/ros_ws/src/Rescue_Car_ws/install/actionlib_msgs/local/lib/python3.10/dist-packages/actionlib_msgs/actionlib_msgs_s__rosidl_typesupport_introspection_c.cpython-310-x86_64-linux-gnu.so
[34.040s] -- Set runtime path of "/root/ros_ws/src/Rescue_Car_ws/install/actionlib_msgs/local/lib/python3.10/dist-packages/actionlib_msgs/actionlib_msgs_s__rosidl_typesupport_introspection_c.cpython-310-x86_64-linux-gnu.so" to ""
[34.040s] -- Installing: /root/ros_ws/src/Rescue_Car_ws/install/actionlib_msgs/local/lib/python3.10/dist-packages/actionlib_msgs/actionlib_msgs_s__rosidl_typesupport_c.cpython-310-x86_64-linux-gnu.so
[34.041s] -- Set runtime path of "/root/ros_ws/src/Rescue_Car_ws/install/actionlib_msgs/local/lib/python3.10/dist-packages/actionlib_msgs/actionlib_msgs_s__rosidl_typesupport_c.cpython-310-x86_64-linux-gnu.so" to ""
[34.041s] -- Installing: /root/ros_ws/src/Rescue_Car_ws/install/actionlib_msgs/lib/libactionlib_msgs__rosidl_generator_py.so
[34.041s] -- Set runtime path of "/root/ros_ws/src/Rescue_Car_ws/install/actionlib_msgs/lib/libactionlib_msgs__rosidl_generator_py.so" to ""
[34.042s] -- Installing: /root/ros_ws/src/Rescue_Car_ws/install/actionlib_msgs/share/actionlib_msgs/msg/GoalID.idl
[34.042s] -- Installing: /root/ros_ws/src/Rescue_Car_ws/install/actionlib_msgs/share/actionlib_msgs/msg/GoalStatus.idl
[34.042s] -- Installing: /root/ros_ws/src/Rescue_Car_ws/install/actionlib_msgs/share/actionlib_msgs/msg/GoalStatusArray.idl
[34.042s] -- Installing: /root/ros_ws/src/Rescue_Car_ws/install/actionlib_msgs/share/actionlib_msgs/msg/GoalID.msg
[34.043s] -- Installing: /root/ros_ws/src/Rescue_Car_ws/install/actionlib_msgs/share/actionlib_msgs/msg/GoalStatus.msg
[34.043s] -- Installing: /root/ros_ws/src/Rescue_Car_ws/install/actionlib_msgs/share/actionlib_msgs/msg/GoalStatusArray.msg
[34.044s] -- Installing: /root/ros_ws/src/Rescue_Car_ws/install/actionlib_msgs/share/ament_index/resource_index/package_run_dependencies/actionlib_msgs
[34.044s] -- Installing: /root/ros_ws/src/Rescue_Car_ws/install/actionlib_msgs/share/ament_index/resource_index/parent_prefix_path/actionlib_msgs
[34.044s] -- Installing: /root/ros_ws/src/Rescue_Car_ws/install/actionlib_msgs/share/actionlib_msgs/environment/ament_prefix_path.sh
[34.044s] -- Installing: /root/ros_ws/src/Rescue_Car_ws/install/actionlib_msgs/share/actionlib_msgs/environment/ament_prefix_path.dsv
[34.045s] -- Installing: /root/ros_ws/src/Rescue_Car_ws/install/actionlib_msgs/share/actionlib_msgs/environment/path.sh
[34.045s] -- Installing: /root/ros_ws/src/Rescue_Car_ws/install/actionlib_msgs/share/actionlib_msgs/environment/path.dsv
[34.045s] -- Installing: /root/ros_ws/src/Rescue_Car_ws/install/actionlib_msgs/share/actionlib_msgs/local_setup.bash
[34.045s] -- Installing: /root/ros_ws/src/Rescue_Car_ws/install/actionlib_msgs/share/actionlib_msgs/local_setup.sh
[34.045s] -- Installing: /root/ros_ws/src/Rescue_Car_ws/install/actionlib_msgs/share/actionlib_msgs/local_setup.zsh
[34.046s] -- Installing: /root/ros_ws/src/Rescue_Car_ws/install/actionlib_msgs/share/actionlib_msgs/local_setup.dsv
[34.046s] -- Installing: /root/ros_ws/src/Rescue_Car_ws/install/actionlib_msgs/share/actionlib_msgs/package.dsv
[34.046s] -- Installing: /root/ros_ws/src/Rescue_Car_ws/install/actionlib_msgs/share/ament_index/resource_index/packages/actionlib_msgs
[34.047s] -- Installing: /root/ros_ws/src/Rescue_Car_ws/install/actionlib_msgs/share/actionlib_msgs/cmake/export_actionlib_msgs__rosidl_generator_cExport.cmake
[34.047s] -- Installing: /root/ros_ws/src/Rescue_Car_ws/install/actionlib_msgs/share/actionlib_msgs/cmake/export_actionlib_msgs__rosidl_generator_cExport-noconfig.cmake
[34.047s] -- Installing: /root/ros_ws/src/Rescue_Car_ws/install/actionlib_msgs/share/actionlib_msgs/cmake/export_actionlib_msgs__rosidl_typesupport_fastrtps_cExport.cmake
[34.048s] -- Installing: /root/ros_ws/src/Rescue_Car_ws/install/actionlib_msgs/share/actionlib_msgs/cmake/export_actionlib_msgs__rosidl_typesupport_fastrtps_cExport-noconfig.cmake
[34.048s] -- Installing: /root/ros_ws/src/Rescue_Car_ws/install/actionlib_msgs/share/actionlib_msgs/cmake/export_actionlib_msgs__rosidl_generator_cppExport.cmake
[34.048s] -- Installing: /root/ros_ws/src/Rescue_Car_ws/install/actionlib_msgs/share/actionlib_msgs/cmake/export_actionlib_msgs__rosidl_typesupport_fastrtps_cppExport.cmake
[34.049s] -- Installing: /root/ros_ws/src/Rescue_Car_ws/install/actionlib_msgs/share/actionlib_msgs/cmake/export_actionlib_msgs__rosidl_typesupport_fastrtps_cppExport-noconfig.cmake
[34.049s] -- Installing: /root/ros_ws/src/Rescue_Car_ws/install/actionlib_msgs/share/actionlib_msgs/cmake/actionlib_msgs__rosidl_typesupport_introspection_cExport.cmake
[34.049s] -- Installing: /root/ros_ws/src/Rescue_Car_ws/install/actionlib_msgs/share/actionlib_msgs/cmake/actionlib_msgs__rosidl_typesupport_introspection_cExport-noconfig.cmake
[34.049s] -- Installing: /root/ros_ws/src/Rescue_Car_ws/install/actionlib_msgs/share/actionlib_msgs/cmake/actionlib_msgs__rosidl_typesupport_cExport.cmake
[34.050s] -- Installing: /root/ros_ws/src/Rescue_Car_ws/install/actionlib_msgs/share/actionlib_msgs/cmake/actionlib_msgs__rosidl_typesupport_cExport-noconfig.cmake
[34.050s] -- Installing: /root/ros_ws/src/Rescue_Car_ws/install/actionlib_msgs/share/actionlib_msgs/cmake/actionlib_msgs__rosidl_typesupport_introspection_cppExport.cmake
[34.050s] -- Installing: /root/ros_ws/src/Rescue_Car_ws/install/actionlib_msgs/share/actionlib_msgs/cmake/actionlib_msgs__rosidl_typesupport_introspection_cppExport-noconfig.cmake
[34.050s] -- Installing: /root/ros_ws/src/Rescue_Car_ws/install/actionlib_msgs/share/actionlib_msgs/cmake/actionlib_msgs__rosidl_typesupport_cppExport.cmake
[34.050s] -- Installing: /root/ros_ws/src/Rescue_Car_ws/install/actionlib_msgs/share/actionlib_msgs/cmake/actionlib_msgs__rosidl_typesupport_cppExport-noconfig.cmake
[34.051s] -- Installing: /root/ros_ws/src/Rescue_Car_ws/install/actionlib_msgs/share/actionlib_msgs/cmake/export_actionlib_msgs__rosidl_generator_pyExport.cmake
[34.051s] -- Installing: /root/ros_ws/src/Rescue_Car_ws/install/actionlib_msgs/share/actionlib_msgs/cmake/export_actionlib_msgs__rosidl_generator_pyExport-noconfig.cmake
[34.051s] -- Installing: /root/ros_ws/src/Rescue_Car_ws/install/actionlib_msgs/share/actionlib_msgs/cmake/rosidl_cmake-extras.cmake
[34.051s] -- Installing: /root/ros_ws/src/Rescue_Car_ws/install/actionlib_msgs/share/actionlib_msgs/cmake/ament_cmake_export_dependencies-extras.cmake
[34.051s] -- Installing: /root/ros_ws/src/Rescue_Car_ws/install/actionlib_msgs/share/actionlib_msgs/cmake/ament_cmake_export_include_directories-extras.cmake
[34.051s] -- Installing: /root/ros_ws/src/Rescue_Car_ws/install/actionlib_msgs/share/actionlib_msgs/cmake/ament_cmake_export_libraries-extras.cmake
[34.051s] -- Installing: /root/ros_ws/src/Rescue_Car_ws/install/actionlib_msgs/share/actionlib_msgs/cmake/ament_cmake_export_targets-extras.cmake
[34.051s] -- Installing: /root/ros_ws/src/Rescue_Car_ws/install/actionlib_msgs/share/actionlib_msgs/cmake/rosidl_cmake_export_typesupport_targets-extras.cmake
[34.051s] -- Installing: /root/ros_ws/src/Rescue_Car_ws/install/actionlib_msgs/share/actionlib_msgs/cmake/rosidl_cmake_export_typesupport_libraries-extras.cmake
[34.051s] -- Installing: /root/ros_ws/src/Rescue_Car_ws/install/actionlib_msgs/share/actionlib_msgs/cmake/actionlib_msgsConfig.cmake
[34.051s] -- Installing: /root/ros_ws/src/Rescue_Car_ws/install/actionlib_msgs/share/actionlib_msgs/cmake/actionlib_msgsConfig-version.cmake
[34.051s] -- Installing: /root/ros_ws/src/Rescue_Car_ws/install/actionlib_msgs/share/actionlib_msgs/package.xml
[34.053s] Invoked command in '/root/ros_ws/src/Rescue_Car_ws/build/actionlib_msgs' returned '0': AMENT_PREFIX_PATH=/root/ros_ws/src/Rescue_Car_ws/install/std_msgs:/root/ros_ws/src/Rescue_Car_ws/install/builtin_interfaces:${AMENT_PREFIX_PATH} CMAKE_PREFIX_PATH=/root/ros_ws/src/Rescue_Car_ws/install/std_msgs:/root/ros_ws/src/Rescue_Car_ws/install/builtin_interfaces:/opt/ros/humble LD_LIBRARY_PATH=/root/ros_ws/src/Rescue_Car_ws/install/std_msgs/lib:/root/ros_ws/src/Rescue_Car_ws/install/builtin_interfaces/lib:${LD_LIBRARY_PATH} PYTHONPATH=/root/ros_ws/src/Rescue_Car_ws/install/std_msgs/local/lib/python3.10/dist-packages:/root/ros_ws/src/Rescue_Car_ws/install/builtin_interfaces/local/lib/python3.10/dist-packages:${PYTHONPATH} /usr/bin/cmake --install /root/ros_ws/src/Rescue_Car_ws/build/actionlib_msgs
