[0.555s] Invoking command in '/root/ros_ws/src/Rescue_Car_ws/build/rclc': AMENT_PREFIX_PATH=/root/ros_ws/src/Rescue_Car_ws/install/test_msgs:/root/ros_ws/src/Rescue_Car_ws/install/example_interfaces:/root/ros_ws/src/Rescue_Car_ws/install/std_msgs:/root/ros_ws/src/Rescue_Car_ws/install/action_msgs:/root/ros_ws/src/Rescue_Car_ws/install/unique_identifier_msgs:/root/ros_ws/src/Rescue_Car_ws/install/builtin_interfaces:${AMENT_PREFIX_PATH} CMAKE_PREFIX_PATH=/root/ros_ws/src/Rescue_Car_ws/install/test_msgs:/root/ros_ws/src/Rescue_Car_ws/install/example_interfaces:/root/ros_ws/src/Rescue_Car_ws/install/std_msgs:/root/ros_ws/src/Rescue_Car_ws/install/action_msgs:/root/ros_ws/src/Rescue_Car_ws/install/unique_identifier_msgs:/root/ros_ws/src/Rescue_Car_ws/install/builtin_interfaces:/opt/ros/humble LD_LIBRARY_PATH=/root/ros_ws/src/Rescue_Car_ws/install/test_msgs/lib:/root/ros_ws/src/Rescue_Car_ws/install/example_interfaces/lib:/root/ros_ws/src/Rescue_Car_ws/install/std_msgs/lib:/root/ros_ws/src/Rescue_Car_ws/install/action_msgs/lib:/root/ros_ws/src/Rescue_Car_ws/install/unique_identifier_msgs/lib:/root/ros_ws/src/Rescue_Car_ws/install/builtin_interfaces/lib:${LD_LIBRARY_PATH} PYTHONPATH=/root/ros_ws/src/Rescue_Car_ws/install/test_msgs/local/lib/python3.10/dist-packages:/root/ros_ws/src/Rescue_Car_ws/install/example_interfaces/local/lib/python3.10/dist-packages:/root/ros_ws/src/Rescue_Car_ws/install/std_msgs/local/lib/python3.10/dist-packages:/root/ros_ws/src/Rescue_Car_ws/install/action_msgs/local/lib/python3.10/dist-packages:/root/ros_ws/src/Rescue_Car_ws/install/unique_identifier_msgs/local/lib/python3.10/dist-packages:/root/ros_ws/src/Rescue_Car_ws/install/builtin_interfaces/local/lib/python3.10/dist-packages:${PYTHONPATH} /usr/bin/cmake --build /root/ros_ws/src/Rescue_Car_ws/build/rclc -- -j20 -l20
[0.565s] /usr/bin/cmake -S/root/ros_ws/src/Rescue_Car_ws/src/microros/src/uros/rclc/rclc -B/root/ros_ws/src/Rescue_Car_ws/build/rclc --check-build-system CMakeFiles/Makefile.cmake 0
[0.578s] /usr/bin/cmake -E cmake_progress_start /root/ros_ws/src/Rescue_Car_ws/build/rclc/CMakeFiles /root/ros_ws/src/Rescue_Car_ws/build/rclc//CMakeFiles/progress.marks
[0.588s] /usr/bin/gmake  -f CMakeFiles/Makefile2 all
[0.589s] gmake[1]: Entering directory '/root/ros_ws/src/Rescue_Car_ws/build/rclc'
[0.590s] /usr/bin/gmake  -f CMakeFiles/rclc.dir/build.make CMakeFiles/rclc.dir/depend
[0.590s] /usr/bin/gmake  -f gtest/CMakeFiles/gtest_main.dir/build.make gtest/CMakeFiles/gtest_main.dir/depend
[0.590s] /usr/bin/gmake  -f gtest/CMakeFiles/gtest.dir/build.make gtest/CMakeFiles/gtest.dir/depend
[0.591s] gmake[2]: Entering directory '/root/ros_ws/src/Rescue_Car_ws/build/rclc'
[0.591s] cd /root/ros_ws/src/Rescue_Car_ws/build/rclc && /usr/bin/cmake -E cmake_depends "Unix Makefiles" /root/ros_ws/src/Rescue_Car_ws/src/microros/src/uros/rclc/rclc /root/ros_ws/src/Rescue_Car_ws/src/microros/src/uros/rclc/rclc /root/ros_ws/src/Rescue_Car_ws/build/rclc /root/ros_ws/src/Rescue_Car_ws/build/rclc /root/ros_ws/src/Rescue_Car_ws/build/rclc/CMakeFiles/rclc.dir/DependInfo.cmake --color=
[0.591s] gmake[2]: Entering directory '/root/ros_ws/src/Rescue_Car_ws/build/rclc'
[0.591s] cd /root/ros_ws/src/Rescue_Car_ws/build/rclc && /usr/bin/cmake -E cmake_depends "Unix Makefiles" /root/ros_ws/src/Rescue_Car_ws/src/microros/src/uros/rclc/rclc /opt/ros/humble/src/gtest_vendor /root/ros_ws/src/Rescue_Car_ws/build/rclc /root/ros_ws/src/Rescue_Car_ws/build/rclc/gtest /root/ros_ws/src/Rescue_Car_ws/build/rclc/gtest/CMakeFiles/gtest_main.dir/DependInfo.cmake --color=
[0.592s] gmake[2]: Entering directory '/root/ros_ws/src/Rescue_Car_ws/build/rclc'
[0.592s] cd /root/ros_ws/src/Rescue_Car_ws/build/rclc && /usr/bin/cmake -E cmake_depends "Unix Makefiles" /root/ros_ws/src/Rescue_Car_ws/src/microros/src/uros/rclc/rclc /opt/ros/humble/src/gtest_vendor /root/ros_ws/src/Rescue_Car_ws/build/rclc /root/ros_ws/src/Rescue_Car_ws/build/rclc/gtest /root/ros_ws/src/Rescue_Car_ws/build/rclc/gtest/CMakeFiles/gtest.dir/DependInfo.cmake --color=
[0.599s] [35m[1mConsolidate compiler generated dependencies of target rclc[0m
[0.600s] [35m[1mConsolidate compiler generated dependencies of target gtest_main[0m
[0.603s] [35m[1mConsolidate compiler generated dependencies of target gtest[0m
[0.604s] gmake[2]: Leaving directory '/root/ros_ws/src/Rescue_Car_ws/build/rclc'
[0.604s] /usr/bin/gmake  -f gtest/CMakeFiles/gtest_main.dir/build.make gtest/CMakeFiles/gtest_main.dir/build
[0.604s] gmake[2]: Leaving directory '/root/ros_ws/src/Rescue_Car_ws/build/rclc'
[0.604s] /usr/bin/gmake  -f CMakeFiles/rclc.dir/build.make CMakeFiles/rclc.dir/build
[0.605s] gmake[2]: Entering directory '/root/ros_ws/src/Rescue_Car_ws/build/rclc'
[0.606s] gmake[2]: Nothing to be done for 'gtest/CMakeFiles/gtest_main.dir/build'.
[0.606s] gmake[2]: Leaving directory '/root/ros_ws/src/Rescue_Car_ws/build/rclc'
[0.606s] gmake[2]: Leaving directory '/root/ros_ws/src/Rescue_Car_ws/build/rclc'
[0.606s] /usr/bin/gmake  -f gtest/CMakeFiles/gtest.dir/build.make gtest/CMakeFiles/gtest.dir/build
[0.607s] gmake[2]: Entering directory '/root/ros_ws/src/Rescue_Car_ws/build/rclc'
[0.607s] gmake[2]: Nothing to be done for 'CMakeFiles/rclc.dir/build'.
[0.607s] gmake[2]: Leaving directory '/root/ros_ws/src/Rescue_Car_ws/build/rclc'
[0.609s] gmake[2]: Entering directory '/root/ros_ws/src/Rescue_Car_ws/build/rclc'
[0.609s] gmake[2]: Nothing to be done for 'gtest/CMakeFiles/gtest.dir/build'.
[0.609s] gmake[2]: Leaving directory '/root/ros_ws/src/Rescue_Car_ws/build/rclc'
[0.614s] [  6%] Built target gtest_main
[0.616s] [ 13%] Built target gtest
[0.617s] [ 60%] Built target rclc
[0.617s] /usr/bin/gmake  -f CMakeFiles/rclc_test.dir/build.make CMakeFiles/rclc_test.dir/depend
[0.619s] gmake[2]: Entering directory '/root/ros_ws/src/Rescue_Car_ws/build/rclc'
[0.619s] cd /root/ros_ws/src/Rescue_Car_ws/build/rclc && /usr/bin/cmake -E cmake_depends "Unix Makefiles" /root/ros_ws/src/Rescue_Car_ws/src/microros/src/uros/rclc/rclc /root/ros_ws/src/Rescue_Car_ws/src/microros/src/uros/rclc/rclc /root/ros_ws/src/Rescue_Car_ws/build/rclc /root/ros_ws/src/Rescue_Car_ws/build/rclc /root/ros_ws/src/Rescue_Car_ws/build/rclc/CMakeFiles/rclc_test.dir/DependInfo.cmake --color=
[0.632s] [35m[1mConsolidate compiler generated dependencies of target rclc_test[0m
[0.643s] gmake[2]: Leaving directory '/root/ros_ws/src/Rescue_Car_ws/build/rclc'
[0.643s] /usr/bin/gmake  -f CMakeFiles/rclc_test.dir/build.make CMakeFiles/rclc_test.dir/build
[0.653s] gmake[2]: Entering directory '/root/ros_ws/src/Rescue_Car_ws/build/rclc'
[0.662s] [ 63%] [32m[1mLinking CXX executable rclc_test[0m
[0.663s] /usr/bin/cmake -E cmake_link_script CMakeFiles/rclc_test.dir/link.txt --verbose=1
[0.668s] /usr/bin/c++ CMakeFiles/rclc_test.dir/test/rclc/test_init.cpp.o CMakeFiles/rclc_test.dir/test/rclc/test_node.cpp.o CMakeFiles/rclc_test.dir/test/rclc/test_publisher.cpp.o CMakeFiles/rclc_test.dir/test/rclc/test_subscription.cpp.o CMakeFiles/rclc_test.dir/test/rclc/test_client.cpp.o CMakeFiles/rclc_test.dir/test/rclc/test_service.cpp.o CMakeFiles/rclc_test.dir/test/rclc/test_timer.cpp.o CMakeFiles/rclc_test.dir/test/rclc/test_executor_handle.cpp.o CMakeFiles/rclc_test.dir/test/rclc/test_executor.cpp.o CMakeFiles/rclc_test.dir/test/rclc/test_action_server.cpp.o CMakeFiles/rclc_test.dir/test/rclc/test_action_client.cpp.o -o rclc_test  -Wl,-rpath,/root/ros_ws/src/Rescue_Car_ws/build/rclc:/root/ros_ws/src/Rescue_Car_ws/install/std_msgs/lib:/root/ros_ws/src/Rescue_Car_ws/install/example_interfaces/lib:/root/ros_ws/src/Rescue_Car_ws/install/action_msgs/lib:/root/ros_ws/src/Rescue_Car_ws/install/builtin_interfaces/lib:/root/ros_ws/src/Rescue_Car_ws/install/unique_identifier_msgs/lib:/opt/ros/humble/lib:/root/ros_ws/src/Rescue_Car_ws/install/test_msgs/lib gtest/libgtest_main.a gtest/libgtest.a librclc.so /opt/ros/humble/lib/librclcpp_action.so /opt/ros/humble/lib/libmemory_tools_interpose.so /root/ros_ws/src/Rescue_Car_ws/install/std_msgs/lib/libstd_msgs__rosidl_typesupport_fastrtps_c.so /root/ros_ws/src/Rescue_Car_ws/install/std_msgs/lib/libstd_msgs__rosidl_typesupport_fastrtps_cpp.so /root/ros_ws/src/Rescue_Car_ws/install/std_msgs/lib/libstd_msgs__rosidl_typesupport_introspection_c.so /root/ros_ws/src/Rescue_Car_ws/install/std_msgs/lib/libstd_msgs__rosidl_typesupport_introspection_cpp.so /root/ros_ws/src/Rescue_Car_ws/install/std_msgs/lib/libstd_msgs__rosidl_typesupport_cpp.so /root/ros_ws/src/Rescue_Car_ws/install/std_msgs/lib/libstd_msgs__rosidl_generator_py.so /root/ros_ws/src/Rescue_Car_ws/install/test_msgs/lib/libtest_msgs__rosidl_typesupport_fastrtps_c.so /root/ros_ws/src/Rescue_Car_ws/install/test_msgs/lib/libtest_msgs__rosidl_typesupport_fastrtps_cpp.so /root/ros_ws/src/Rescue_Car_ws/install/test_msgs/lib/libtest_msgs__rosidl_typesupport_introspection_c.so /root/ros_ws/src/Rescue_Car_ws/install/test_msgs/lib/libtest_msgs__rosidl_typesupport_introspection_cpp.so /root/ros_ws/src/Rescue_Car_ws/install/test_msgs/lib/libtest_msgs__rosidl_typesupport_cpp.so /root/ros_ws/src/Rescue_Car_ws/install/test_msgs/lib/libtest_msgs__rosidl_generator_py.so /root/ros_ws/src/Rescue_Car_ws/install/example_interfaces/lib/libexample_interfaces__rosidl_typesupport_fastrtps_c.so /root/ros_ws/src/Rescue_Car_ws/install/example_interfaces/lib/libexample_interfaces__rosidl_typesupport_introspection_c.so /root/ros_ws/src/Rescue_Car_ws/install/example_interfaces/lib/libexample_interfaces__rosidl_typesupport_fastrtps_cpp.so /root/ros_ws/src/Rescue_Car_ws/install/example_interfaces/lib/libexample_interfaces__rosidl_typesupport_introspection_cpp.so /root/ros_ws/src/Rescue_Car_ws/install/example_interfaces/lib/libexample_interfaces__rosidl_typesupport_cpp.so /root/ros_ws/src/Rescue_Car_ws/install/example_interfaces/lib/libexample_interfaces__rosidl_generator_py.so -pthread /opt/ros/humble/lib/librclcpp.so /opt/ros/humble/lib/liblibstatistics_collector.so /opt/ros/humble/lib/librosgraph_msgs__rosidl_typesupport_fastrtps_c.so /opt/ros/humble/lib/librosgraph_msgs__rosidl_typesupport_fastrtps_cpp.so /opt/ros/humble/lib/librosgraph_msgs__rosidl_typesupport_introspection_c.so /opt/ros/humble/lib/librosgraph_msgs__rosidl_typesupport_introspection_cpp.so /opt/ros/humble/lib/librosgraph_msgs__rosidl_typesupport_cpp.so /opt/ros/humble/lib/librosgraph_msgs__rosidl_generator_py.so /opt/ros/humble/lib/librosgraph_msgs__rosidl_typesupport_c.so /opt/ros/humble/lib/librosgraph_msgs__rosidl_generator_c.so /opt/ros/humble/lib/libstatistics_msgs__rosidl_typesupport_fastrtps_c.so /opt/ros/humble/lib/libstatistics_msgs__rosidl_typesupport_fastrtps_cpp.so /opt/ros/humble/lib/libstatistics_msgs__rosidl_typesupport_introspection_c.so /opt/ros/humble/lib/libstatistics_msgs__rosidl_typesupport_introspection_cpp.so /opt/ros/humble/lib/libstatistics_msgs__rosidl_typesupport_cpp.so /opt/ros/humble/lib/libstatistics_msgs__rosidl_generator_py.so /opt/ros/humble/lib/libstatistics_msgs__rosidl_typesupport_c.so /opt/ros/humble/lib/libstatistics_msgs__rosidl_generator_c.so /opt/ros/humble/lib/librcl_action.so /opt/ros/humble/lib/librcl.so /opt/ros/humble/lib/librcl_interfaces__rosidl_typesupport_fastrtps_c.so /opt/ros/humble/lib/librcl_interfaces__rosidl_typesupport_introspection_c.so /opt/ros/humble/lib/librcl_interfaces__rosidl_typesupport_fastrtps_cpp.so /opt/ros/humble/lib/librcl_interfaces__rosidl_typesupport_introspection_cpp.so /opt/ros/humble/lib/librcl_interfaces__rosidl_typesupport_cpp.so /opt/ros/humble/lib/librcl_interfaces__rosidl_generator_py.so /opt/ros/humble/lib/librcl_interfaces__rosidl_typesupport_c.so /opt/ros/humble/lib/librcl_interfaces__rosidl_generator_c.so /opt/ros/humble/lib/librcl_yaml_param_parser.so /opt/ros/humble/lib/libyaml.so /opt/ros/humble/lib/libtracetools.so /opt/ros/humble/lib/librmw_implementation.so /opt/ros/humble/lib/libament_index_cpp.so /opt/ros/humble/lib/librcl_logging_spdlog.so /opt/ros/humble/lib/librcl_logging_interface.so /opt/ros/humble/lib/libmemory_tools.so /root/ros_ws/src/Rescue_Car_ws/install/std_msgs/lib/libstd_msgs__rosidl_typesupport_c.so /root/ros_ws/src/Rescue_Car_ws/install/std_msgs/lib/libstd_msgs__rosidl_generator_c.so /root/ros_ws/src/Rescue_Car_ws/install/test_msgs/lib/libtest_msgs__rosidl_typesupport_c.so /root/ros_ws/src/Rescue_Car_ws/install/test_msgs/lib/libtest_msgs__rosidl_generator_c.so /root/ros_ws/src/Rescue_Car_ws/install/action_msgs/lib/libaction_msgs__rosidl_typesupport_fastrtps_c.so /root/ros_ws/src/Rescue_Car_ws/install/builtin_interfaces/lib/libbuiltin_interfaces__rosidl_typesupport_fastrtps_c.so /root/ros_ws/src/Rescue_Car_ws/install/unique_identifier_msgs/lib/libunique_identifier_msgs__rosidl_typesupport_fastrtps_c.so /opt/ros/humble/lib/librosidl_typesupport_fastrtps_c.so /root/ros_ws/src/Rescue_Car_ws/install/action_msgs/lib/libaction_msgs__rosidl_typesupport_introspection_c.so /root/ros_ws/src/Rescue_Car_ws/install/builtin_interfaces/lib/libbuiltin_interfaces__rosidl_typesupport_introspection_c.so /root/ros_ws/src/Rescue_Car_ws/install/unique_identifier_msgs/lib/libunique_identifier_msgs__rosidl_typesupport_introspection_c.so /root/ros_ws/src/Rescue_Car_ws/install/action_msgs/lib/libaction_msgs__rosidl_typesupport_fastrtps_cpp.so /root/ros_ws/src/Rescue_Car_ws/install/builtin_interfaces/lib/libbuiltin_interfaces__rosidl_typesupport_fastrtps_cpp.so /root/ros_ws/src/Rescue_Car_ws/install/unique_identifier_msgs/lib/libunique_identifier_msgs__rosidl_typesupport_fastrtps_cpp.so /opt/ros/humble/lib/librosidl_typesupport_fastrtps_cpp.so /opt/ros/humble/lib/librmw.so /opt/ros/humble/lib/libfastcdr.so.1.0.24 /root/ros_ws/src/Rescue_Car_ws/install/action_msgs/lib/libaction_msgs__rosidl_typesupport_introspection_cpp.so /root/ros_ws/src/Rescue_Car_ws/install/builtin_interfaces/lib/libbuiltin_interfaces__rosidl_typesupport_introspection_cpp.so /root/ros_ws/src/Rescue_Car_ws/install/unique_identifier_msgs/lib/libunique_identifier_msgs__rosidl_typesupport_introspection_cpp.so /opt/ros/humble/lib/librosidl_typesupport_introspection_cpp.so /opt/ros/humble/lib/librosidl_typesupport_introspection_c.so /root/ros_ws/src/Rescue_Car_ws/install/action_msgs/lib/libaction_msgs__rosidl_typesupport_cpp.so /root/ros_ws/src/Rescue_Car_ws/install/builtin_interfaces/lib/libbuiltin_interfaces__rosidl_typesupport_cpp.so /root/ros_ws/src/Rescue_Car_ws/install/unique_identifier_msgs/lib/libunique_identifier_msgs__rosidl_typesupport_cpp.so /opt/ros/humble/lib/librosidl_typesupport_cpp.so /root/ros_ws/src/Rescue_Car_ws/install/example_interfaces/lib/libexample_interfaces__rosidl_typesupport_c.so /root/ros_ws/src/Rescue_Car_ws/install/example_interfaces/lib/libexample_interfaces__rosidl_generator_c.so /root/ros_ws/src/Rescue_Car_ws/install/action_msgs/lib/libaction_msgs__rosidl_generator_py.so /root/ros_ws/src/Rescue_Car_ws/install/builtin_interfaces/lib/libbuiltin_interfaces__rosidl_generator_py.so /root/ros_ws/src/Rescue_Car_ws/install/action_msgs/lib/libaction_msgs__rosidl_typesupport_c.so /root/ros_ws/src/Rescue_Car_ws/install/builtin_interfaces/lib/libbuiltin_interfaces__rosidl_typesupport_c.so /root/ros_ws/src/Rescue_Car_ws/install/action_msgs/lib/libaction_msgs__rosidl_generator_c.so /root/ros_ws/src/Rescue_Car_ws/install/builtin_interfaces/lib/libbuiltin_interfaces__rosidl_generator_c.so /root/ros_ws/src/Rescue_Car_ws/install/unique_identifier_msgs/lib/libunique_identifier_msgs__rosidl_generator_py.so /usr/lib/x86_64-linux-gnu/libpython3.10.so /root/ros_ws/src/Rescue_Car_ws/install/unique_identifier_msgs/lib/libunique_identifier_msgs__rosidl_typesupport_c.so /root/ros_ws/src/Rescue_Car_ws/install/unique_identifier_msgs/lib/libunique_identifier_msgs__rosidl_generator_c.so /opt/ros/humble/lib/librosidl_typesupport_c.so /opt/ros/humble/lib/librcpputils.so /opt/ros/humble/lib/librosidl_runtime_c.so /opt/ros/humble/lib/librcutils.so -ldl 
[1.084s] gmake[2]: Leaving directory '/root/ros_ws/src/Rescue_Car_ws/build/rclc'
[1.092s] [100%] Built target rclc_test
[1.093s] gmake[1]: Leaving directory '/root/ros_ws/src/Rescue_Car_ws/build/rclc'
[1.093s] /usr/bin/cmake -E cmake_progress_start /root/ros_ws/src/Rescue_Car_ws/build/rclc/CMakeFiles 0
[1.102s] Invoked command in '/root/ros_ws/src/Rescue_Car_ws/build/rclc' returned '0': AMENT_PREFIX_PATH=/root/ros_ws/src/Rescue_Car_ws/install/test_msgs:/root/ros_ws/src/Rescue_Car_ws/install/example_interfaces:/root/ros_ws/src/Rescue_Car_ws/install/std_msgs:/root/ros_ws/src/Rescue_Car_ws/install/action_msgs:/root/ros_ws/src/Rescue_Car_ws/install/unique_identifier_msgs:/root/ros_ws/src/Rescue_Car_ws/install/builtin_interfaces:${AMENT_PREFIX_PATH} CMAKE_PREFIX_PATH=/root/ros_ws/src/Rescue_Car_ws/install/test_msgs:/root/ros_ws/src/Rescue_Car_ws/install/example_interfaces:/root/ros_ws/src/Rescue_Car_ws/install/std_msgs:/root/ros_ws/src/Rescue_Car_ws/install/action_msgs:/root/ros_ws/src/Rescue_Car_ws/install/unique_identifier_msgs:/root/ros_ws/src/Rescue_Car_ws/install/builtin_interfaces:/opt/ros/humble LD_LIBRARY_PATH=/root/ros_ws/src/Rescue_Car_ws/install/test_msgs/lib:/root/ros_ws/src/Rescue_Car_ws/install/example_interfaces/lib:/root/ros_ws/src/Rescue_Car_ws/install/std_msgs/lib:/root/ros_ws/src/Rescue_Car_ws/install/action_msgs/lib:/root/ros_ws/src/Rescue_Car_ws/install/unique_identifier_msgs/lib:/root/ros_ws/src/Rescue_Car_ws/install/builtin_interfaces/lib:${LD_LIBRARY_PATH} PYTHONPATH=/root/ros_ws/src/Rescue_Car_ws/install/test_msgs/local/lib/python3.10/dist-packages:/root/ros_ws/src/Rescue_Car_ws/install/example_interfaces/local/lib/python3.10/dist-packages:/root/ros_ws/src/Rescue_Car_ws/install/std_msgs/local/lib/python3.10/dist-packages:/root/ros_ws/src/Rescue_Car_ws/install/action_msgs/local/lib/python3.10/dist-packages:/root/ros_ws/src/Rescue_Car_ws/install/unique_identifier_msgs/local/lib/python3.10/dist-packages:/root/ros_ws/src/Rescue_Car_ws/install/builtin_interfaces/local/lib/python3.10/dist-packages:${PYTHONPATH} /usr/bin/cmake --build /root/ros_ws/src/Rescue_Car_ws/build/rclc -- -j20 -l20
[1.104s] Invoking command in '/root/ros_ws/src/Rescue_Car_ws/build/rclc': AMENT_PREFIX_PATH=/root/ros_ws/src/Rescue_Car_ws/install/test_msgs:/root/ros_ws/src/Rescue_Car_ws/install/example_interfaces:/root/ros_ws/src/Rescue_Car_ws/install/std_msgs:/root/ros_ws/src/Rescue_Car_ws/install/action_msgs:/root/ros_ws/src/Rescue_Car_ws/install/unique_identifier_msgs:/root/ros_ws/src/Rescue_Car_ws/install/builtin_interfaces:${AMENT_PREFIX_PATH} CMAKE_PREFIX_PATH=/root/ros_ws/src/Rescue_Car_ws/install/test_msgs:/root/ros_ws/src/Rescue_Car_ws/install/example_interfaces:/root/ros_ws/src/Rescue_Car_ws/install/std_msgs:/root/ros_ws/src/Rescue_Car_ws/install/action_msgs:/root/ros_ws/src/Rescue_Car_ws/install/unique_identifier_msgs:/root/ros_ws/src/Rescue_Car_ws/install/builtin_interfaces:/opt/ros/humble LD_LIBRARY_PATH=/root/ros_ws/src/Rescue_Car_ws/install/test_msgs/lib:/root/ros_ws/src/Rescue_Car_ws/install/example_interfaces/lib:/root/ros_ws/src/Rescue_Car_ws/install/std_msgs/lib:/root/ros_ws/src/Rescue_Car_ws/install/action_msgs/lib:/root/ros_ws/src/Rescue_Car_ws/install/unique_identifier_msgs/lib:/root/ros_ws/src/Rescue_Car_ws/install/builtin_interfaces/lib:${LD_LIBRARY_PATH} PYTHONPATH=/root/ros_ws/src/Rescue_Car_ws/install/test_msgs/local/lib/python3.10/dist-packages:/root/ros_ws/src/Rescue_Car_ws/install/example_interfaces/local/lib/python3.10/dist-packages:/root/ros_ws/src/Rescue_Car_ws/install/std_msgs/local/lib/python3.10/dist-packages:/root/ros_ws/src/Rescue_Car_ws/install/action_msgs/local/lib/python3.10/dist-packages:/root/ros_ws/src/Rescue_Car_ws/install/unique_identifier_msgs/local/lib/python3.10/dist-packages:/root/ros_ws/src/Rescue_Car_ws/install/builtin_interfaces/local/lib/python3.10/dist-packages:${PYTHONPATH} /usr/bin/cmake --install /root/ros_ws/src/Rescue_Car_ws/build/rclc
[1.110s] -- Install configuration: ""
[1.110s] -- Up-to-date: /root/ros_ws/src/Rescue_Car_ws/install/rclc/lib/librclc.so
[1.110s] -- Up-to-date: /root/ros_ws/src/Rescue_Car_ws/install/rclc/include
[1.111s] -- Up-to-date: /root/ros_ws/src/Rescue_Car_ws/install/rclc/include/rclc
[1.111s] -- Up-to-date: /root/ros_ws/src/Rescue_Car_ws/install/rclc/include/rclc/init.h
[1.111s] -- Up-to-date: /root/ros_ws/src/Rescue_Car_ws/install/rclc/include/rclc/executor_handle.h
[1.111s] -- Up-to-date: /root/ros_ws/src/Rescue_Car_ws/install/rclc/include/rclc/timer.h
[1.111s] -- Up-to-date: /root/ros_ws/src/Rescue_Car_ws/install/rclc/include/rclc/client.h
[1.111s] -- Up-to-date: /root/ros_ws/src/Rescue_Car_ws/install/rclc/include/rclc/rclc.h
[1.112s] -- Up-to-date: /root/ros_ws/src/Rescue_Car_ws/install/rclc/include/rclc/visibility_control.h
[1.112s] -- Up-to-date: /root/ros_ws/src/Rescue_Car_ws/install/rclc/include/rclc/sleep.h
[1.112s] -- Up-to-date: /root/ros_ws/src/Rescue_Car_ws/install/rclc/include/rclc/service.h
[1.112s] -- Up-to-date: /root/ros_ws/src/Rescue_Car_ws/install/rclc/include/rclc/action_server.h
[1.112s] -- Up-to-date: /root/ros_ws/src/Rescue_Car_ws/install/rclc/include/rclc/action_goal_handle.h
[1.112s] -- Up-to-date: /root/ros_ws/src/Rescue_Car_ws/install/rclc/include/rclc/action_client.h
[1.112s] -- Up-to-date: /root/ros_ws/src/Rescue_Car_ws/install/rclc/include/rclc/subscription.h
[1.112s] -- Up-to-date: /root/ros_ws/src/Rescue_Car_ws/install/rclc/include/rclc/publisher.h
[1.112s] -- Up-to-date: /root/ros_ws/src/Rescue_Car_ws/install/rclc/include/rclc/types.h
[1.112s] -- Up-to-date: /root/ros_ws/src/Rescue_Car_ws/install/rclc/include/rclc/node.h
[1.112s] -- Up-to-date: /root/ros_ws/src/Rescue_Car_ws/install/rclc/include/rclc/executor.h
[1.112s] -- Up-to-date: /root/ros_ws/src/Rescue_Car_ws/install/rclc/share/rclc/environment/library_path.sh
[1.112s] -- Up-to-date: /root/ros_ws/src/Rescue_Car_ws/install/rclc/share/rclc/environment/library_path.dsv
[1.112s] -- Up-to-date: /root/ros_ws/src/Rescue_Car_ws/install/rclc/share/ament_index/resource_index/package_run_dependencies/rclc
[1.112s] -- Up-to-date: /root/ros_ws/src/Rescue_Car_ws/install/rclc/share/ament_index/resource_index/parent_prefix_path/rclc
[1.112s] -- Up-to-date: /root/ros_ws/src/Rescue_Car_ws/install/rclc/share/rclc/environment/ament_prefix_path.sh
[1.112s] -- Up-to-date: /root/ros_ws/src/Rescue_Car_ws/install/rclc/share/rclc/environment/ament_prefix_path.dsv
[1.112s] -- Up-to-date: /root/ros_ws/src/Rescue_Car_ws/install/rclc/share/rclc/environment/path.sh
[1.112s] -- Up-to-date: /root/ros_ws/src/Rescue_Car_ws/install/rclc/share/rclc/environment/path.dsv
[1.112s] -- Up-to-date: /root/ros_ws/src/Rescue_Car_ws/install/rclc/share/rclc/local_setup.bash
[1.112s] -- Up-to-date: /root/ros_ws/src/Rescue_Car_ws/install/rclc/share/rclc/local_setup.sh
[1.112s] -- Up-to-date: /root/ros_ws/src/Rescue_Car_ws/install/rclc/share/rclc/local_setup.zsh
[1.112s] -- Up-to-date: /root/ros_ws/src/Rescue_Car_ws/install/rclc/share/rclc/local_setup.dsv
[1.112s] -- Installing: /root/ros_ws/src/Rescue_Car_ws/install/rclc/share/rclc/package.dsv
[1.112s] -- Up-to-date: /root/ros_ws/src/Rescue_Car_ws/install/rclc/share/ament_index/resource_index/packages/rclc
[1.113s] -- Up-to-date: /root/ros_ws/src/Rescue_Car_ws/install/rclc/share/rclc/cmake/rclcExport.cmake
[1.113s] -- Up-to-date: /root/ros_ws/src/Rescue_Car_ws/install/rclc/share/rclc/cmake/rclcExport-noconfig.cmake
[1.113s] -- Up-to-date: /root/ros_ws/src/Rescue_Car_ws/install/rclc/share/rclc/cmake/ament_cmake_export_include_directories-extras.cmake
[1.113s] -- Up-to-date: /root/ros_ws/src/Rescue_Car_ws/install/rclc/share/rclc/cmake/ament_cmake_export_libraries-extras.cmake
[1.113s] -- Up-to-date: /root/ros_ws/src/Rescue_Car_ws/install/rclc/share/rclc/cmake/ament_cmake_export_targets-extras.cmake
[1.113s] -- Up-to-date: /root/ros_ws/src/Rescue_Car_ws/install/rclc/share/rclc/cmake/ament_cmake_export_dependencies-extras.cmake
[1.113s] -- Up-to-date: /root/ros_ws/src/Rescue_Car_ws/install/rclc/share/rclc/cmake/rclcConfig.cmake
[1.113s] -- Up-to-date: /root/ros_ws/src/Rescue_Car_ws/install/rclc/share/rclc/cmake/rclcConfig-version.cmake
[1.113s] -- Up-to-date: /root/ros_ws/src/Rescue_Car_ws/install/rclc/share/rclc/package.xml
[1.114s] Invoked command in '/root/ros_ws/src/Rescue_Car_ws/build/rclc' returned '0': AMENT_PREFIX_PATH=/root/ros_ws/src/Rescue_Car_ws/install/test_msgs:/root/ros_ws/src/Rescue_Car_ws/install/example_interfaces:/root/ros_ws/src/Rescue_Car_ws/install/std_msgs:/root/ros_ws/src/Rescue_Car_ws/install/action_msgs:/root/ros_ws/src/Rescue_Car_ws/install/unique_identifier_msgs:/root/ros_ws/src/Rescue_Car_ws/install/builtin_interfaces:${AMENT_PREFIX_PATH} CMAKE_PREFIX_PATH=/root/ros_ws/src/Rescue_Car_ws/install/test_msgs:/root/ros_ws/src/Rescue_Car_ws/install/example_interfaces:/root/ros_ws/src/Rescue_Car_ws/install/std_msgs:/root/ros_ws/src/Rescue_Car_ws/install/action_msgs:/root/ros_ws/src/Rescue_Car_ws/install/unique_identifier_msgs:/root/ros_ws/src/Rescue_Car_ws/install/builtin_interfaces:/opt/ros/humble LD_LIBRARY_PATH=/root/ros_ws/src/Rescue_Car_ws/install/test_msgs/lib:/root/ros_ws/src/Rescue_Car_ws/install/example_interfaces/lib:/root/ros_ws/src/Rescue_Car_ws/install/std_msgs/lib:/root/ros_ws/src/Rescue_Car_ws/install/action_msgs/lib:/root/ros_ws/src/Rescue_Car_ws/install/unique_identifier_msgs/lib:/root/ros_ws/src/Rescue_Car_ws/install/builtin_interfaces/lib:${LD_LIBRARY_PATH} PYTHONPATH=/root/ros_ws/src/Rescue_Car_ws/install/test_msgs/local/lib/python3.10/dist-packages:/root/ros_ws/src/Rescue_Car_ws/install/example_interfaces/local/lib/python3.10/dist-packages:/root/ros_ws/src/Rescue_Car_ws/install/std_msgs/local/lib/python3.10/dist-packages:/root/ros_ws/src/Rescue_Car_ws/install/action_msgs/local/lib/python3.10/dist-packages:/root/ros_ws/src/Rescue_Car_ws/install/unique_identifier_msgs/local/lib/python3.10/dist-packages:/root/ros_ws/src/Rescue_Car_ws/install/builtin_interfaces/local/lib/python3.10/dist-packages:${PYTHONPATH} /usr/bin/cmake --install /root/ros_ws/src/Rescue_Car_ws/build/rclc
