[0.149s] Invoking command in '/root/ros_ws/src/Rescue_Car_ws/build/composition_interfaces': CMAKE_PREFIX_PATH=/root/ros_ws/src/Rescue_Car_ws/install/rcl_interfaces:/root/ros_ws/src/Rescue_Car_ws/install/builtin_interfaces:/root/ros_ws/src/Rescue_Car_ws/install/micro_ros_demos_rclc:/root/ros_ws/src/Rescue_Car_ws/install/common_interfaces:/root/ros_ws/src/Rescue_Car_ws/install/visualization_msgs:/root/ros_ws/src/Rescue_Car_ws/install/test_msgs:/root/ros_ws/src/Rescue_Car_ws/install/example_interfaces:/root/ros_ws/src/Rescue_Car_ws/install/action_msgs:/root/ros_ws/src/Rescue_Car_ws/install/unique_identifier_msgs:/root/ros_ws/src/Rescue_Car_ws/install/trajectory_msgs:/root/ros_ws/src/Rescue_Car_ws/install/stereo_msgs:/root/ros_ws/src/Rescue_Car_ws/install/std_srvs:/root/ros_ws/src/Rescue_Car_ws/install/shape_msgs:/root/ros_ws/src/Rescue_Car_ws/install/sensor_msgs:/root/ros_ws/src/Rescue_Car_ws/install/nav_msgs:/root/ros_ws/src/Rescue_Car_ws/install/diagnostic_msgs:/root/ros_ws/src/Rescue_Car_ws/install/geometry_msgs:/root/ros_ws/src/Rescue_Car_ws/install/actionlib_msgs:/root/ros_ws/src/Rescue_Car_ws/install/std_msgs:/root/ros_ws/src/Rescue_Car_ws/install/statistics_msgs:/root/ros_ws/src/Rescue_Car_ws/install/rosidl_typesupport_microxrcedds_test_msg:/root/ros_ws/src/Rescue_Car_ws/install/rosidl_typesupport_microxrcedds_cpp_tests:/root/ros_ws/src/Rescue_Car_ws/install/rmw_microxrcedds:/root/ros_ws/src/Rescue_Car_ws/install/rosidl_typesupport_microxrcedds_cpp:/root/ros_ws/src/Rescue_Car_ws/install/rosidl_typesupport_microxrcedds_c_tests:/root/ros_ws/src/Rescue_Car_ws/install/rosidl_typesupport_microxrcedds_c:/root/ros_ws/src/Rescue_Car_ws/install/rosgraph_msgs:/root/ros_ws/src/Rescue_Car_ws/install/rclc_parameter:/root/ros_ws/src/Rescue_Car_ws/install/rclc:/root/ros_ws/src/Rescue_Car_ws/install/composition_interfaces:/root/ros_ws/src/Rescue_Car_ws/install/microxrcedds_client:/root/ros_ws/src/Rescue_Car_ws/install/microcdr:/root/ros_ws/src/Rescue_Car_ws/install/micro_ros_utilities:/root/ros_ws/src/Rescue_Car_ws/install/micro_ros_setup:/root/ros_ws/src/Rescue_Car_ws/install/micro_ros_agent:/root/ros_ws/src/Rescue_Car_ws/install/micro_ros_msgs:/root/ros_ws/src/Rescue_Car_ws/install/lifecycle_msgs:/root/ros_ws/src/Rescue_Car_ws/install/complex_msgs:/root/ros_ws/src/Rescue_Car_ws/install/car:/root/ros_ws/src/Rescue_Car_ws/install/sensor_msgs_py:/opt/ros/humble LD_LIBRARY_PATH=/root/ros_ws/src/Rescue_Car_ws/install/rcl_interfaces/lib:/root/ros_ws/src/Rescue_Car_ws/install/builtin_interfaces/lib:/root/ros_ws/src/Rescue_Car_ws/install/visualization_msgs/lib:/root/ros_ws/src/Rescue_Car_ws/install/test_msgs/lib:/root/ros_ws/src/Rescue_Car_ws/install/example_interfaces/lib:/root/ros_ws/src/Rescue_Car_ws/install/action_msgs/lib:/root/ros_ws/src/Rescue_Car_ws/install/unique_identifier_msgs/lib:/root/ros_ws/src/Rescue_Car_ws/install/trajectory_msgs/lib:/root/ros_ws/src/Rescue_Car_ws/install/stereo_msgs/lib:/root/ros_ws/src/Rescue_Car_ws/install/std_srvs/lib:/root/ros_ws/src/Rescue_Car_ws/install/shape_msgs/lib:/root/ros_ws/src/Rescue_Car_ws/install/sensor_msgs/lib:/root/ros_ws/src/Rescue_Car_ws/install/nav_msgs/lib:/root/ros_ws/src/Rescue_Car_ws/install/diagnostic_msgs/lib:/root/ros_ws/src/Rescue_Car_ws/install/geometry_msgs/lib:/root/ros_ws/src/Rescue_Car_ws/install/actionlib_msgs/lib:/root/ros_ws/src/Rescue_Car_ws/install/std_msgs/lib:/root/ros_ws/src/Rescue_Car_ws/install/statistics_msgs/lib:/root/ros_ws/src/Rescue_Car_ws/install/rosidl_typesupport_microxrcedds_test_msg/lib:/root/ros_ws/src/Rescue_Car_ws/install/rmw_microxrcedds/lib:/root/ros_ws/src/Rescue_Car_ws/install/rosidl_typesupport_microxrcedds_cpp/lib:/root/ros_ws/src/Rescue_Car_ws/install/rosidl_typesupport_microxrcedds_c/lib:/root/ros_ws/src/Rescue_Car_ws/install/rosgraph_msgs/lib:/root/ros_ws/src/Rescue_Car_ws/install/rclc_parameter/lib:/root/ros_ws/src/Rescue_Car_ws/install/rclc/lib:/root/ros_ws/src/Rescue_Car_ws/install/composition_interfaces/lib:/root/ros_ws/src/Rescue_Car_ws/install/micro_ros_utilities/lib:/root/ros_ws/src/Rescue_Car_ws/install/micro_ros_agent/lib:/root/ros_ws/src/Rescue_Car_ws/install/micro_ros_msgs/lib:/root/ros_ws/src/Rescue_Car_ws/install/lifecycle_msgs/lib:/root/ros_ws/src/Rescue_Car_ws/install/complex_msgs/lib:/usr/lib/x86_64-linux-gnu/gazebo-11/plugins:/opt/ros/humble/opt/rviz_ogre_vendor/lib:/opt/ros/humble/lib/x86_64-linux-gnu:/opt/ros/humble/lib /usr/bin/cmake --build /root/ros_ws/src/Rescue_Car_ws/build/composition_interfaces -- -j20 -l20
[0.206s] [  2%] Built target composition_interfaces__cpp
[0.208s] [ 12%] Built target composition_interfaces__rosidl_generator_c
[0.214s] [ 12%] Built target ament_cmake_python_copy_composition_interfaces
[0.240s] [ 23%] Built target composition_interfaces__rosidl_typesupport_fastrtps_c
[0.240s] [ 34%] Built target composition_interfaces__rosidl_typesupport_cpp
[0.242s] [ 44%] Built target composition_interfaces__rosidl_typesupport_c
[0.242s] [ 61%] Built target composition_interfaces__rosidl_typesupport_fastrtps_cpp
[0.242s] [ 65%] Built target composition_interfaces__rosidl_typesupport_introspection_cpp
[0.248s] [ 76%] Built target composition_interfaces__rosidl_typesupport_introspection_c
[0.279s] [ 76%] Built target composition_interfaces
[0.308s] [ 78%] Built target composition_interfaces__py
[0.338s] [ 87%] Built target composition_interfaces__rosidl_generator_py
[0.365s] [ 91%] Built target composition_interfaces__rosidl_typesupport_fastrtps_c__pyext
[0.366s] [ 95%] Built target composition_interfaces__rosidl_typesupport_c__pyext
[0.370s] [100%] Built target composition_interfaces__rosidl_typesupport_introspection_c__pyext
[0.460s] running egg_info
[0.460s] writing composition_interfaces.egg-info/PKG-INFO
[0.460s] writing dependency_links to composition_interfaces.egg-info/dependency_links.txt
[0.460s] writing top-level names to composition_interfaces.egg-info/top_level.txt
[0.461s] reading manifest file 'composition_interfaces.egg-info/SOURCES.txt'
[0.462s] writing manifest file 'composition_interfaces.egg-info/SOURCES.txt'
[0.512s] [100%] Built target ament_cmake_python_build_composition_interfaces_egg
[0.527s] Invoked command in '/root/ros_ws/src/Rescue_Car_ws/build/composition_interfaces' returned '0': CMAKE_PREFIX_PATH=/root/ros_ws/src/Rescue_Car_ws/install/rcl_interfaces:/root/ros_ws/src/Rescue_Car_ws/install/builtin_interfaces:/root/ros_ws/src/Rescue_Car_ws/install/micro_ros_demos_rclc:/root/ros_ws/src/Rescue_Car_ws/install/common_interfaces:/root/ros_ws/src/Rescue_Car_ws/install/visualization_msgs:/root/ros_ws/src/Rescue_Car_ws/install/test_msgs:/root/ros_ws/src/Rescue_Car_ws/install/example_interfaces:/root/ros_ws/src/Rescue_Car_ws/install/action_msgs:/root/ros_ws/src/Rescue_Car_ws/install/unique_identifier_msgs:/root/ros_ws/src/Rescue_Car_ws/install/trajectory_msgs:/root/ros_ws/src/Rescue_Car_ws/install/stereo_msgs:/root/ros_ws/src/Rescue_Car_ws/install/std_srvs:/root/ros_ws/src/Rescue_Car_ws/install/shape_msgs:/root/ros_ws/src/Rescue_Car_ws/install/sensor_msgs:/root/ros_ws/src/Rescue_Car_ws/install/nav_msgs:/root/ros_ws/src/Rescue_Car_ws/install/diagnostic_msgs:/root/ros_ws/src/Rescue_Car_ws/install/geometry_msgs:/root/ros_ws/src/Rescue_Car_ws/install/actionlib_msgs:/root/ros_ws/src/Rescue_Car_ws/install/std_msgs:/root/ros_ws/src/Rescue_Car_ws/install/statistics_msgs:/root/ros_ws/src/Rescue_Car_ws/install/rosidl_typesupport_microxrcedds_test_msg:/root/ros_ws/src/Rescue_Car_ws/install/rosidl_typesupport_microxrcedds_cpp_tests:/root/ros_ws/src/Rescue_Car_ws/install/rmw_microxrcedds:/root/ros_ws/src/Rescue_Car_ws/install/rosidl_typesupport_microxrcedds_cpp:/root/ros_ws/src/Rescue_Car_ws/install/rosidl_typesupport_microxrcedds_c_tests:/root/ros_ws/src/Rescue_Car_ws/install/rosidl_typesupport_microxrcedds_c:/root/ros_ws/src/Rescue_Car_ws/install/rosgraph_msgs:/root/ros_ws/src/Rescue_Car_ws/install/rclc_parameter:/root/ros_ws/src/Rescue_Car_ws/install/rclc:/root/ros_ws/src/Rescue_Car_ws/install/composition_interfaces:/root/ros_ws/src/Rescue_Car_ws/install/microxrcedds_client:/root/ros_ws/src/Rescue_Car_ws/install/microcdr:/root/ros_ws/src/Rescue_Car_ws/install/micro_ros_utilities:/root/ros_ws/src/Rescue_Car_ws/install/micro_ros_setup:/root/ros_ws/src/Rescue_Car_ws/install/micro_ros_agent:/root/ros_ws/src/Rescue_Car_ws/install/micro_ros_msgs:/root/ros_ws/src/Rescue_Car_ws/install/lifecycle_msgs:/root/ros_ws/src/Rescue_Car_ws/install/complex_msgs:/root/ros_ws/src/Rescue_Car_ws/install/car:/root/ros_ws/src/Rescue_Car_ws/install/sensor_msgs_py:/opt/ros/humble LD_LIBRARY_PATH=/root/ros_ws/src/Rescue_Car_ws/install/rcl_interfaces/lib:/root/ros_ws/src/Rescue_Car_ws/install/builtin_interfaces/lib:/root/ros_ws/src/Rescue_Car_ws/install/visualization_msgs/lib:/root/ros_ws/src/Rescue_Car_ws/install/test_msgs/lib:/root/ros_ws/src/Rescue_Car_ws/install/example_interfaces/lib:/root/ros_ws/src/Rescue_Car_ws/install/action_msgs/lib:/root/ros_ws/src/Rescue_Car_ws/install/unique_identifier_msgs/lib:/root/ros_ws/src/Rescue_Car_ws/install/trajectory_msgs/lib:/root/ros_ws/src/Rescue_Car_ws/install/stereo_msgs/lib:/root/ros_ws/src/Rescue_Car_ws/install/std_srvs/lib:/root/ros_ws/src/Rescue_Car_ws/install/shape_msgs/lib:/root/ros_ws/src/Rescue_Car_ws/install/sensor_msgs/lib:/root/ros_ws/src/Rescue_Car_ws/install/nav_msgs/lib:/root/ros_ws/src/Rescue_Car_ws/install/diagnostic_msgs/lib:/root/ros_ws/src/Rescue_Car_ws/install/geometry_msgs/lib:/root/ros_ws/src/Rescue_Car_ws/install/actionlib_msgs/lib:/root/ros_ws/src/Rescue_Car_ws/install/std_msgs/lib:/root/ros_ws/src/Rescue_Car_ws/install/statistics_msgs/lib:/root/ros_ws/src/Rescue_Car_ws/install/rosidl_typesupport_microxrcedds_test_msg/lib:/root/ros_ws/src/Rescue_Car_ws/install/rmw_microxrcedds/lib:/root/ros_ws/src/Rescue_Car_ws/install/rosidl_typesupport_microxrcedds_cpp/lib:/root/ros_ws/src/Rescue_Car_ws/install/rosidl_typesupport_microxrcedds_c/lib:/root/ros_ws/src/Rescue_Car_ws/install/rosgraph_msgs/lib:/root/ros_ws/src/Rescue_Car_ws/install/rclc_parameter/lib:/root/ros_ws/src/Rescue_Car_ws/install/rclc/lib:/root/ros_ws/src/Rescue_Car_ws/install/composition_interfaces/lib:/root/ros_ws/src/Rescue_Car_ws/install/micro_ros_utilities/lib:/root/ros_ws/src/Rescue_Car_ws/install/micro_ros_agent/lib:/root/ros_ws/src/Rescue_Car_ws/install/micro_ros_msgs/lib:/root/ros_ws/src/Rescue_Car_ws/install/lifecycle_msgs/lib:/root/ros_ws/src/Rescue_Car_ws/install/complex_msgs/lib:/usr/lib/x86_64-linux-gnu/gazebo-11/plugins:/opt/ros/humble/opt/rviz_ogre_vendor/lib:/opt/ros/humble/lib/x86_64-linux-gnu:/opt/ros/humble/lib /usr/bin/cmake --build /root/ros_ws/src/Rescue_Car_ws/build/composition_interfaces -- -j20 -l20
[0.528s] Invoking command in '/root/ros_ws/src/Rescue_Car_ws/build/composition_interfaces': CMAKE_PREFIX_PATH=/root/ros_ws/src/Rescue_Car_ws/install/rcl_interfaces:/root/ros_ws/src/Rescue_Car_ws/install/builtin_interfaces:/root/ros_ws/src/Rescue_Car_ws/install/micro_ros_demos_rclc:/root/ros_ws/src/Rescue_Car_ws/install/common_interfaces:/root/ros_ws/src/Rescue_Car_ws/install/visualization_msgs:/root/ros_ws/src/Rescue_Car_ws/install/test_msgs:/root/ros_ws/src/Rescue_Car_ws/install/example_interfaces:/root/ros_ws/src/Rescue_Car_ws/install/action_msgs:/root/ros_ws/src/Rescue_Car_ws/install/unique_identifier_msgs:/root/ros_ws/src/Rescue_Car_ws/install/trajectory_msgs:/root/ros_ws/src/Rescue_Car_ws/install/stereo_msgs:/root/ros_ws/src/Rescue_Car_ws/install/std_srvs:/root/ros_ws/src/Rescue_Car_ws/install/shape_msgs:/root/ros_ws/src/Rescue_Car_ws/install/sensor_msgs:/root/ros_ws/src/Rescue_Car_ws/install/nav_msgs:/root/ros_ws/src/Rescue_Car_ws/install/diagnostic_msgs:/root/ros_ws/src/Rescue_Car_ws/install/geometry_msgs:/root/ros_ws/src/Rescue_Car_ws/install/actionlib_msgs:/root/ros_ws/src/Rescue_Car_ws/install/std_msgs:/root/ros_ws/src/Rescue_Car_ws/install/statistics_msgs:/root/ros_ws/src/Rescue_Car_ws/install/rosidl_typesupport_microxrcedds_test_msg:/root/ros_ws/src/Rescue_Car_ws/install/rosidl_typesupport_microxrcedds_cpp_tests:/root/ros_ws/src/Rescue_Car_ws/install/rmw_microxrcedds:/root/ros_ws/src/Rescue_Car_ws/install/rosidl_typesupport_microxrcedds_cpp:/root/ros_ws/src/Rescue_Car_ws/install/rosidl_typesupport_microxrcedds_c_tests:/root/ros_ws/src/Rescue_Car_ws/install/rosidl_typesupport_microxrcedds_c:/root/ros_ws/src/Rescue_Car_ws/install/rosgraph_msgs:/root/ros_ws/src/Rescue_Car_ws/install/rclc_parameter:/root/ros_ws/src/Rescue_Car_ws/install/rclc:/root/ros_ws/src/Rescue_Car_ws/install/composition_interfaces:/root/ros_ws/src/Rescue_Car_ws/install/microxrcedds_client:/root/ros_ws/src/Rescue_Car_ws/install/microcdr:/root/ros_ws/src/Rescue_Car_ws/install/micro_ros_utilities:/root/ros_ws/src/Rescue_Car_ws/install/micro_ros_setup:/root/ros_ws/src/Rescue_Car_ws/install/micro_ros_agent:/root/ros_ws/src/Rescue_Car_ws/install/micro_ros_msgs:/root/ros_ws/src/Rescue_Car_ws/install/lifecycle_msgs:/root/ros_ws/src/Rescue_Car_ws/install/complex_msgs:/root/ros_ws/src/Rescue_Car_ws/install/car:/root/ros_ws/src/Rescue_Car_ws/install/sensor_msgs_py:/opt/ros/humble LD_LIBRARY_PATH=/root/ros_ws/src/Rescue_Car_ws/install/rcl_interfaces/lib:/root/ros_ws/src/Rescue_Car_ws/install/builtin_interfaces/lib:/root/ros_ws/src/Rescue_Car_ws/install/visualization_msgs/lib:/root/ros_ws/src/Rescue_Car_ws/install/test_msgs/lib:/root/ros_ws/src/Rescue_Car_ws/install/example_interfaces/lib:/root/ros_ws/src/Rescue_Car_ws/install/action_msgs/lib:/root/ros_ws/src/Rescue_Car_ws/install/unique_identifier_msgs/lib:/root/ros_ws/src/Rescue_Car_ws/install/trajectory_msgs/lib:/root/ros_ws/src/Rescue_Car_ws/install/stereo_msgs/lib:/root/ros_ws/src/Rescue_Car_ws/install/std_srvs/lib:/root/ros_ws/src/Rescue_Car_ws/install/shape_msgs/lib:/root/ros_ws/src/Rescue_Car_ws/install/sensor_msgs/lib:/root/ros_ws/src/Rescue_Car_ws/install/nav_msgs/lib:/root/ros_ws/src/Rescue_Car_ws/install/diagnostic_msgs/lib:/root/ros_ws/src/Rescue_Car_ws/install/geometry_msgs/lib:/root/ros_ws/src/Rescue_Car_ws/install/actionlib_msgs/lib:/root/ros_ws/src/Rescue_Car_ws/install/std_msgs/lib:/root/ros_ws/src/Rescue_Car_ws/install/statistics_msgs/lib:/root/ros_ws/src/Rescue_Car_ws/install/rosidl_typesupport_microxrcedds_test_msg/lib:/root/ros_ws/src/Rescue_Car_ws/install/rmw_microxrcedds/lib:/root/ros_ws/src/Rescue_Car_ws/install/rosidl_typesupport_microxrcedds_cpp/lib:/root/ros_ws/src/Rescue_Car_ws/install/rosidl_typesupport_microxrcedds_c/lib:/root/ros_ws/src/Rescue_Car_ws/install/rosgraph_msgs/lib:/root/ros_ws/src/Rescue_Car_ws/install/rclc_parameter/lib:/root/ros_ws/src/Rescue_Car_ws/install/rclc/lib:/root/ros_ws/src/Rescue_Car_ws/install/composition_interfaces/lib:/root/ros_ws/src/Rescue_Car_ws/install/micro_ros_utilities/lib:/root/ros_ws/src/Rescue_Car_ws/install/micro_ros_agent/lib:/root/ros_ws/src/Rescue_Car_ws/install/micro_ros_msgs/lib:/root/ros_ws/src/Rescue_Car_ws/install/lifecycle_msgs/lib:/root/ros_ws/src/Rescue_Car_ws/install/complex_msgs/lib:/usr/lib/x86_64-linux-gnu/gazebo-11/plugins:/opt/ros/humble/opt/rviz_ogre_vendor/lib:/opt/ros/humble/lib/x86_64-linux-gnu:/opt/ros/humble/lib /usr/bin/cmake --install /root/ros_ws/src/Rescue_Car_ws/build/composition_interfaces
[0.540s] -- Install configuration: ""
[0.541s] -- Up-to-date: /root/ros_ws/src/Rescue_Car_ws/install/composition_interfaces/share/ament_index/resource_index/rosidl_interfaces/composition_interfaces
[0.542s] -- Up-to-date: /root/ros_ws/src/Rescue_Car_ws/install/composition_interfaces/include/composition_interfaces/composition_interfaces
[0.543s] -- Up-to-date: /root/ros_ws/src/Rescue_Car_ws/install/composition_interfaces/include/composition_interfaces/composition_interfaces/srv
[0.543s] -- Up-to-date: /root/ros_ws/src/Rescue_Car_ws/install/composition_interfaces/include/composition_interfaces/composition_interfaces/srv/list_nodes.h
[0.545s] -- Up-to-date: /root/ros_ws/src/Rescue_Car_ws/install/composition_interfaces/include/composition_interfaces/composition_interfaces/srv/load_node.h
[0.546s] -- Up-to-date: /root/ros_ws/src/Rescue_Car_ws/install/composition_interfaces/include/composition_interfaces/composition_interfaces/srv/detail
[0.546s] -- Up-to-date: /root/ros_ws/src/Rescue_Car_ws/install/composition_interfaces/include/composition_interfaces/composition_interfaces/srv/detail/unload_node__functions.c
[0.546s] -- Up-to-date: /root/ros_ws/src/Rescue_Car_ws/install/composition_interfaces/include/composition_interfaces/composition_interfaces/srv/detail/load_node__functions.c
[0.547s] -- Up-to-date: /root/ros_ws/src/Rescue_Car_ws/install/composition_interfaces/include/composition_interfaces/composition_interfaces/srv/detail/unload_node__struct.h
[0.547s] -- Up-to-date: /root/ros_ws/src/Rescue_Car_ws/install/composition_interfaces/include/composition_interfaces/composition_interfaces/srv/detail/list_nodes__functions.c
[0.547s] -- Up-to-date: /root/ros_ws/src/Rescue_Car_ws/install/composition_interfaces/include/composition_interfaces/composition_interfaces/srv/detail/unload_node__functions.h
[0.547s] -- Up-to-date: /root/ros_ws/src/Rescue_Car_ws/install/composition_interfaces/include/composition_interfaces/composition_interfaces/srv/detail/list_nodes__functions.h
[0.547s] -- Up-to-date: /root/ros_ws/src/Rescue_Car_ws/install/composition_interfaces/include/composition_interfaces/composition_interfaces/srv/detail/unload_node__type_support.h
[0.548s] -- Up-to-date: /root/ros_ws/src/Rescue_Car_ws/install/composition_interfaces/include/composition_interfaces/composition_interfaces/srv/detail/load_node__type_support.h
[0.548s] -- Up-to-date: /root/ros_ws/src/Rescue_Car_ws/install/composition_interfaces/include/composition_interfaces/composition_interfaces/srv/detail/list_nodes__type_support.h
[0.548s] -- Up-to-date: /root/ros_ws/src/Rescue_Car_ws/install/composition_interfaces/include/composition_interfaces/composition_interfaces/srv/detail/load_node__struct.h
[0.549s] -- Up-to-date: /root/ros_ws/src/Rescue_Car_ws/install/composition_interfaces/include/composition_interfaces/composition_interfaces/srv/detail/load_node__functions.h
[0.549s] -- Up-to-date: /root/ros_ws/src/Rescue_Car_ws/install/composition_interfaces/include/composition_interfaces/composition_interfaces/srv/detail/list_nodes__struct.h
[0.550s] -- Up-to-date: /root/ros_ws/src/Rescue_Car_ws/install/composition_interfaces/include/composition_interfaces/composition_interfaces/srv/unload_node.h
[0.551s] -- Up-to-date: /root/ros_ws/src/Rescue_Car_ws/install/composition_interfaces/include/composition_interfaces/composition_interfaces/msg
[0.561s] -- Up-to-date: /root/ros_ws/src/Rescue_Car_ws/install/composition_interfaces/include/composition_interfaces/composition_interfaces/msg/rosidl_generator_c__visibility_control.h
[0.561s] -- Up-to-date: /root/ros_ws/src/Rescue_Car_ws/install/composition_interfaces/share/composition_interfaces/environment/library_path.sh
[0.561s] -- Up-to-date: /root/ros_ws/src/Rescue_Car_ws/install/composition_interfaces/share/composition_interfaces/environment/library_path.dsv
[0.563s] -- Up-to-date: /root/ros_ws/src/Rescue_Car_ws/install/composition_interfaces/lib/libcomposition_interfaces__rosidl_generator_c.so
[0.564s] -- Up-to-date: /root/ros_ws/src/Rescue_Car_ws/install/composition_interfaces/include/composition_interfaces/composition_interfaces
[0.564s] -- Up-to-date: /root/ros_ws/src/Rescue_Car_ws/install/composition_interfaces/include/composition_interfaces/composition_interfaces/srv
[0.564s] -- Up-to-date: /root/ros_ws/src/Rescue_Car_ws/install/composition_interfaces/include/composition_interfaces/composition_interfaces/srv/detail
[0.564s] -- Up-to-date: /root/ros_ws/src/Rescue_Car_ws/install/composition_interfaces/include/composition_interfaces/composition_interfaces/srv/detail/load_node__rosidl_typesupport_fastrtps_c.h
[0.564s] -- Up-to-date: /root/ros_ws/src/Rescue_Car_ws/install/composition_interfaces/include/composition_interfaces/composition_interfaces/srv/detail/list_nodes__rosidl_typesupport_fastrtps_c.h
[0.564s] -- Up-to-date: /root/ros_ws/src/Rescue_Car_ws/install/composition_interfaces/include/composition_interfaces/composition_interfaces/srv/detail/unload_node__rosidl_typesupport_fastrtps_c.h
[0.565s] -- Up-to-date: /root/ros_ws/src/Rescue_Car_ws/install/composition_interfaces/include/composition_interfaces/composition_interfaces/msg
[0.565s] -- Up-to-date: /root/ros_ws/src/Rescue_Car_ws/install/composition_interfaces/include/composition_interfaces/composition_interfaces/msg/rosidl_typesupport_fastrtps_c__visibility_control.h
[0.570s] -- Up-to-date: /root/ros_ws/src/Rescue_Car_ws/install/composition_interfaces/lib/libcomposition_interfaces__rosidl_typesupport_fastrtps_c.so
[0.570s] -- Up-to-date: /root/ros_ws/src/Rescue_Car_ws/install/composition_interfaces/include/composition_interfaces/composition_interfaces
[0.570s] -- Up-to-date: /root/ros_ws/src/Rescue_Car_ws/install/composition_interfaces/include/composition_interfaces/composition_interfaces/srv
[0.571s] -- Up-to-date: /root/ros_ws/src/Rescue_Car_ws/install/composition_interfaces/include/composition_interfaces/composition_interfaces/srv/detail
[0.571s] -- Up-to-date: /root/ros_ws/src/Rescue_Car_ws/install/composition_interfaces/include/composition_interfaces/composition_interfaces/srv/detail/load_node__rosidl_typesupport_introspection_c.h
[0.571s] -- Up-to-date: /root/ros_ws/src/Rescue_Car_ws/install/composition_interfaces/include/composition_interfaces/composition_interfaces/srv/detail/list_nodes__type_support.c
[0.571s] -- Up-to-date: /root/ros_ws/src/Rescue_Car_ws/install/composition_interfaces/include/composition_interfaces/composition_interfaces/srv/detail/unload_node__type_support.c
[0.571s] -- Up-to-date: /root/ros_ws/src/Rescue_Car_ws/install/composition_interfaces/include/composition_interfaces/composition_interfaces/srv/detail/load_node__type_support.c
[0.572s] -- Up-to-date: /root/ros_ws/src/Rescue_Car_ws/install/composition_interfaces/include/composition_interfaces/composition_interfaces/srv/detail/unload_node__rosidl_typesupport_introspection_c.h
[0.572s] -- Up-to-date: /root/ros_ws/src/Rescue_Car_ws/install/composition_interfaces/include/composition_interfaces/composition_interfaces/srv/detail/list_nodes__rosidl_typesupport_introspection_c.h
[0.572s] -- Up-to-date: /root/ros_ws/src/Rescue_Car_ws/install/composition_interfaces/include/composition_interfaces/composition_interfaces/msg
[0.572s] -- Up-to-date: /root/ros_ws/src/Rescue_Car_ws/install/composition_interfaces/include/composition_interfaces/composition_interfaces/msg/rosidl_typesupport_introspection_c__visibility_control.h
[0.574s] -- Up-to-date: /root/ros_ws/src/Rescue_Car_ws/install/composition_interfaces/lib/libcomposition_interfaces__rosidl_typesupport_introspection_c.so
[0.574s] -- Up-to-date: /root/ros_ws/src/Rescue_Car_ws/install/composition_interfaces/lib/libcomposition_interfaces__rosidl_typesupport_c.so
[0.575s] -- Up-to-date: /root/ros_ws/src/Rescue_Car_ws/install/composition_interfaces/include/composition_interfaces/composition_interfaces
[0.575s] -- Up-to-date: /root/ros_ws/src/Rescue_Car_ws/install/composition_interfaces/include/composition_interfaces/composition_interfaces/srv
[0.576s] -- Up-to-date: /root/ros_ws/src/Rescue_Car_ws/install/composition_interfaces/include/composition_interfaces/composition_interfaces/srv/list_nodes.hpp
[0.577s] -- Up-to-date: /root/ros_ws/src/Rescue_Car_ws/install/composition_interfaces/include/composition_interfaces/composition_interfaces/srv/load_node.hpp
[0.577s] -- Up-to-date: /root/ros_ws/src/Rescue_Car_ws/install/composition_interfaces/include/composition_interfaces/composition_interfaces/srv/detail
[0.578s] -- Up-to-date: /root/ros_ws/src/Rescue_Car_ws/install/composition_interfaces/include/composition_interfaces/composition_interfaces/srv/detail/unload_node__struct.hpp
[0.578s] -- Up-to-date: /root/ros_ws/src/Rescue_Car_ws/install/composition_interfaces/include/composition_interfaces/composition_interfaces/srv/detail/load_node__builder.hpp
[0.579s] -- Up-to-date: /root/ros_ws/src/Rescue_Car_ws/install/composition_interfaces/include/composition_interfaces/composition_interfaces/srv/detail/load_node__traits.hpp
[0.579s] -- Up-to-date: /root/ros_ws/src/Rescue_Car_ws/install/composition_interfaces/include/composition_interfaces/composition_interfaces/srv/detail/unload_node__type_support.hpp
[0.579s] -- Up-to-date: /root/ros_ws/src/Rescue_Car_ws/install/composition_interfaces/include/composition_interfaces/composition_interfaces/srv/detail/unload_node__traits.hpp
[0.579s] -- Up-to-date: /root/ros_ws/src/Rescue_Car_ws/install/composition_interfaces/include/composition_interfaces/composition_interfaces/srv/detail/list_nodes__builder.hpp
[0.581s] -- Up-to-date: /root/ros_ws/src/Rescue_Car_ws/install/composition_interfaces/include/composition_interfaces/composition_interfaces/srv/detail/load_node__type_support.hpp
[0.581s] -- Up-to-date: /root/ros_ws/src/Rescue_Car_ws/install/composition_interfaces/include/composition_interfaces/composition_interfaces/srv/detail/unload_node__builder.hpp
[0.581s] -- Up-to-date: /root/ros_ws/src/Rescue_Car_ws/install/composition_interfaces/include/composition_interfaces/composition_interfaces/srv/detail/list_nodes__type_support.hpp
[0.581s] -- Up-to-date: /root/ros_ws/src/Rescue_Car_ws/install/composition_interfaces/include/composition_interfaces/composition_interfaces/srv/detail/list_nodes__struct.hpp
[0.581s] -- Up-to-date: /root/ros_ws/src/Rescue_Car_ws/install/composition_interfaces/include/composition_interfaces/composition_interfaces/srv/detail/list_nodes__traits.hpp
[0.581s] -- Up-to-date: /root/ros_ws/src/Rescue_Car_ws/install/composition_interfaces/include/composition_interfaces/composition_interfaces/srv/detail/load_node__struct.hpp
[0.581s] -- Up-to-date: /root/ros_ws/src/Rescue_Car_ws/install/composition_interfaces/include/composition_interfaces/composition_interfaces/srv/unload_node.hpp
[0.581s] -- Up-to-date: /root/ros_ws/src/Rescue_Car_ws/install/composition_interfaces/include/composition_interfaces/composition_interfaces/msg
[0.582s] -- Up-to-date: /root/ros_ws/src/Rescue_Car_ws/install/composition_interfaces/include/composition_interfaces/composition_interfaces/msg/rosidl_generator_cpp__visibility_control.hpp
[0.582s] -- Up-to-date: /root/ros_ws/src/Rescue_Car_ws/install/composition_interfaces/include/composition_interfaces/composition_interfaces
[0.582s] -- Up-to-date: /root/ros_ws/src/Rescue_Car_ws/install/composition_interfaces/include/composition_interfaces/composition_interfaces/srv
[0.582s] -- Up-to-date: /root/ros_ws/src/Rescue_Car_ws/install/composition_interfaces/include/composition_interfaces/composition_interfaces/srv/detail
[0.583s] -- Up-to-date: /root/ros_ws/src/Rescue_Car_ws/install/composition_interfaces/include/composition_interfaces/composition_interfaces/srv/detail/list_nodes__rosidl_typesupport_fastrtps_cpp.hpp
[0.583s] -- Up-to-date: /root/ros_ws/src/Rescue_Car_ws/install/composition_interfaces/include/composition_interfaces/composition_interfaces/srv/detail/dds_fastrtps
[0.583s] -- Up-to-date: /root/ros_ws/src/Rescue_Car_ws/install/composition_interfaces/include/composition_interfaces/composition_interfaces/srv/detail/unload_node__rosidl_typesupport_fastrtps_cpp.hpp
[0.584s] -- Up-to-date: /root/ros_ws/src/Rescue_Car_ws/install/composition_interfaces/include/composition_interfaces/composition_interfaces/srv/detail/load_node__rosidl_typesupport_fastrtps_cpp.hpp
[0.585s] -- Up-to-date: /root/ros_ws/src/Rescue_Car_ws/install/composition_interfaces/include/composition_interfaces/composition_interfaces/msg
[0.585s] -- Up-to-date: /root/ros_ws/src/Rescue_Car_ws/install/composition_interfaces/include/composition_interfaces/composition_interfaces/msg/rosidl_typesupport_fastrtps_cpp__visibility_control.h
[0.585s] -- Up-to-date: /root/ros_ws/src/Rescue_Car_ws/install/composition_interfaces/lib/libcomposition_interfaces__rosidl_typesupport_fastrtps_cpp.so
[0.586s] -- Up-to-date: /root/ros_ws/src/Rescue_Car_ws/install/composition_interfaces/include/composition_interfaces/composition_interfaces
[0.586s] -- Up-to-date: /root/ros_ws/src/Rescue_Car_ws/install/composition_interfaces/include/composition_interfaces/composition_interfaces/srv
[0.586s] -- Up-to-date: /root/ros_ws/src/Rescue_Car_ws/install/composition_interfaces/include/composition_interfaces/composition_interfaces/srv/detail
[0.586s] -- Up-to-date: /root/ros_ws/src/Rescue_Car_ws/install/composition_interfaces/include/composition_interfaces/composition_interfaces/srv/detail/unload_node__type_support.cpp
[0.586s] -- Up-to-date: /root/ros_ws/src/Rescue_Car_ws/install/composition_interfaces/include/composition_interfaces/composition_interfaces/srv/detail/list_nodes__rosidl_typesupport_introspection_cpp.hpp
[0.586s] -- Up-to-date: /root/ros_ws/src/Rescue_Car_ws/install/composition_interfaces/include/composition_interfaces/composition_interfaces/srv/detail/load_node__rosidl_typesupport_introspection_cpp.hpp
[0.586s] -- Up-to-date: /root/ros_ws/src/Rescue_Car_ws/install/composition_interfaces/include/composition_interfaces/composition_interfaces/srv/detail/list_nodes__type_support.cpp
[0.587s] -- Up-to-date: /root/ros_ws/src/Rescue_Car_ws/install/composition_interfaces/include/composition_interfaces/composition_interfaces/srv/detail/unload_node__rosidl_typesupport_introspection_cpp.hpp
[0.587s] -- Up-to-date: /root/ros_ws/src/Rescue_Car_ws/install/composition_interfaces/include/composition_interfaces/composition_interfaces/srv/detail/load_node__type_support.cpp
[0.587s] -- Up-to-date: /root/ros_ws/src/Rescue_Car_ws/install/composition_interfaces/lib/libcomposition_interfaces__rosidl_typesupport_introspection_cpp.so
[0.587s] -- Up-to-date: /root/ros_ws/src/Rescue_Car_ws/install/composition_interfaces/lib/libcomposition_interfaces__rosidl_typesupport_cpp.so
[0.587s] -- Up-to-date: /root/ros_ws/src/Rescue_Car_ws/install/composition_interfaces/share/composition_interfaces/environment/pythonpath.sh
[0.587s] -- Up-to-date: /root/ros_ws/src/Rescue_Car_ws/install/composition_interfaces/share/composition_interfaces/environment/pythonpath.dsv
[0.587s] -- Up-to-date: /root/ros_ws/src/Rescue_Car_ws/install/composition_interfaces/local/lib/python3.10/dist-packages/composition_interfaces-1.2.2-py3.10.egg-info
[0.587s] -- Installing: /root/ros_ws/src/Rescue_Car_ws/install/composition_interfaces/local/lib/python3.10/dist-packages/composition_interfaces-1.2.2-py3.10.egg-info/dependency_links.txt
[0.588s] -- Installing: /root/ros_ws/src/Rescue_Car_ws/install/composition_interfaces/local/lib/python3.10/dist-packages/composition_interfaces-1.2.2-py3.10.egg-info/SOURCES.txt
[0.588s] -- Installing: /root/ros_ws/src/Rescue_Car_ws/install/composition_interfaces/local/lib/python3.10/dist-packages/composition_interfaces-1.2.2-py3.10.egg-info/PKG-INFO
[0.588s] -- Installing: /root/ros_ws/src/Rescue_Car_ws/install/composition_interfaces/local/lib/python3.10/dist-packages/composition_interfaces-1.2.2-py3.10.egg-info/top_level.txt
[0.588s] -- Up-to-date: /root/ros_ws/src/Rescue_Car_ws/install/composition_interfaces/local/lib/python3.10/dist-packages/composition_interfaces
[0.588s] -- Up-to-date: /root/ros_ws/src/Rescue_Car_ws/install/composition_interfaces/local/lib/python3.10/dist-packages/composition_interfaces/composition_interfaces_s__rosidl_typesupport_fastrtps_c.cpython-310-x86_64-linux-gnu.so
[0.589s] -- Up-to-date: /root/ros_ws/src/Rescue_Car_ws/install/composition_interfaces/local/lib/python3.10/dist-packages/composition_interfaces/composition_interfaces_s__rosidl_typesupport_introspection_c.cpython-310-x86_64-linux-gnu.so
[0.589s] -- Up-to-date: /root/ros_ws/src/Rescue_Car_ws/install/composition_interfaces/local/lib/python3.10/dist-packages/composition_interfaces/libcomposition_interfaces__rosidl_generator_py.so
[0.589s] -- Up-to-date: /root/ros_ws/src/Rescue_Car_ws/install/composition_interfaces/local/lib/python3.10/dist-packages/composition_interfaces/_composition_interfaces_s.ep.rosidl_typesupport_introspection_c.c
[0.590s] -- Up-to-date: /root/ros_ws/src/Rescue_Car_ws/install/composition_interfaces/local/lib/python3.10/dist-packages/composition_interfaces/srv
[0.590s] -- Up-to-date: /root/ros_ws/src/Rescue_Car_ws/install/composition_interfaces/local/lib/python3.10/dist-packages/composition_interfaces/srv/_list_nodes_s.c
[0.590s] -- Up-to-date: /root/ros_ws/src/Rescue_Car_ws/install/composition_interfaces/local/lib/python3.10/dist-packages/composition_interfaces/srv/_unload_node_s.c
[0.590s] -- Up-to-date: /root/ros_ws/src/Rescue_Car_ws/install/composition_interfaces/local/lib/python3.10/dist-packages/composition_interfaces/srv/_load_node_s.c
[0.591s] -- Up-to-date: /root/ros_ws/src/Rescue_Car_ws/install/composition_interfaces/local/lib/python3.10/dist-packages/composition_interfaces/srv/__init__.py
[0.591s] -- Up-to-date: /root/ros_ws/src/Rescue_Car_ws/install/composition_interfaces/local/lib/python3.10/dist-packages/composition_interfaces/srv/_unload_node.py
[0.591s] -- Up-to-date: /root/ros_ws/src/Rescue_Car_ws/install/composition_interfaces/local/lib/python3.10/dist-packages/composition_interfaces/srv/_load_node.py
[0.591s] -- Up-to-date: /root/ros_ws/src/Rescue_Car_ws/install/composition_interfaces/local/lib/python3.10/dist-packages/composition_interfaces/srv/_list_nodes.py
[0.591s] -- Up-to-date: /root/ros_ws/src/Rescue_Car_ws/install/composition_interfaces/local/lib/python3.10/dist-packages/composition_interfaces/composition_interfaces_s__rosidl_typesupport_c.cpython-310-x86_64-linux-gnu.so
[0.592s] -- Up-to-date: /root/ros_ws/src/Rescue_Car_ws/install/composition_interfaces/local/lib/python3.10/dist-packages/composition_interfaces/__init__.py
[0.592s] -- Up-to-date: /root/ros_ws/src/Rescue_Car_ws/install/composition_interfaces/local/lib/python3.10/dist-packages/composition_interfaces/_composition_interfaces_s.ep.rosidl_typesupport_fastrtps_c.c
[0.593s] -- Up-to-date: /root/ros_ws/src/Rescue_Car_ws/install/composition_interfaces/local/lib/python3.10/dist-packages/composition_interfaces/_composition_interfaces_s.ep.rosidl_typesupport_c.c
[0.624s] Listing '/root/ros_ws/src/Rescue_Car_ws/install/composition_interfaces/local/lib/python3.10/dist-packages/composition_interfaces'...
[0.624s] Listing '/root/ros_ws/src/Rescue_Car_ws/install/composition_interfaces/local/lib/python3.10/dist-packages/composition_interfaces/srv'...
[0.625s] -- Up-to-date: /root/ros_ws/src/Rescue_Car_ws/install/composition_interfaces/local/lib/python3.10/dist-packages/composition_interfaces/composition_interfaces_s__rosidl_typesupport_fastrtps_c.cpython-310-x86_64-linux-gnu.so
[0.625s] -- Up-to-date: /root/ros_ws/src/Rescue_Car_ws/install/composition_interfaces/local/lib/python3.10/dist-packages/composition_interfaces/composition_interfaces_s__rosidl_typesupport_introspection_c.cpython-310-x86_64-linux-gnu.so
[0.625s] -- Up-to-date: /root/ros_ws/src/Rescue_Car_ws/install/composition_interfaces/local/lib/python3.10/dist-packages/composition_interfaces/composition_interfaces_s__rosidl_typesupport_c.cpython-310-x86_64-linux-gnu.so
[0.625s] -- Up-to-date: /root/ros_ws/src/Rescue_Car_ws/install/composition_interfaces/lib/libcomposition_interfaces__rosidl_generator_py.so
[0.625s] -- Up-to-date: /root/ros_ws/src/Rescue_Car_ws/install/composition_interfaces/share/composition_interfaces/srv/LoadNode.idl
[0.625s] -- Up-to-date: /root/ros_ws/src/Rescue_Car_ws/install/composition_interfaces/share/composition_interfaces/srv/ListNodes.idl
[0.625s] -- Up-to-date: /root/ros_ws/src/Rescue_Car_ws/install/composition_interfaces/share/composition_interfaces/srv/UnloadNode.idl
[0.625s] -- Up-to-date: /root/ros_ws/src/Rescue_Car_ws/install/composition_interfaces/share/composition_interfaces/srv/LoadNode.srv
[0.625s] -- Up-to-date: /root/ros_ws/src/Rescue_Car_ws/install/composition_interfaces/share/composition_interfaces/srv/LoadNode_Request.msg
[0.625s] -- Up-to-date: /root/ros_ws/src/Rescue_Car_ws/install/composition_interfaces/share/composition_interfaces/srv/LoadNode_Response.msg
[0.626s] -- Up-to-date: /root/ros_ws/src/Rescue_Car_ws/install/composition_interfaces/share/composition_interfaces/srv/ListNodes.srv
[0.626s] -- Up-to-date: /root/ros_ws/src/Rescue_Car_ws/install/composition_interfaces/share/composition_interfaces/srv/ListNodes_Request.msg
[0.626s] -- Up-to-date: /root/ros_ws/src/Rescue_Car_ws/install/composition_interfaces/share/composition_interfaces/srv/ListNodes_Response.msg
[0.626s] -- Up-to-date: /root/ros_ws/src/Rescue_Car_ws/install/composition_interfaces/share/composition_interfaces/srv/UnloadNode.srv
[0.626s] -- Up-to-date: /root/ros_ws/src/Rescue_Car_ws/install/composition_interfaces/share/composition_interfaces/srv/UnloadNode_Request.msg
[0.626s] -- Up-to-date: /root/ros_ws/src/Rescue_Car_ws/install/composition_interfaces/share/composition_interfaces/srv/UnloadNode_Response.msg
[0.626s] -- Up-to-date: /root/ros_ws/src/Rescue_Car_ws/install/composition_interfaces/share/ament_index/resource_index/package_run_dependencies/composition_interfaces
[0.626s] -- Up-to-date: /root/ros_ws/src/Rescue_Car_ws/install/composition_interfaces/share/ament_index/resource_index/parent_prefix_path/composition_interfaces
[0.626s] -- Up-to-date: /root/ros_ws/src/Rescue_Car_ws/install/composition_interfaces/share/composition_interfaces/environment/ament_prefix_path.sh
[0.626s] -- Up-to-date: /root/ros_ws/src/Rescue_Car_ws/install/composition_interfaces/share/composition_interfaces/environment/ament_prefix_path.dsv
[0.627s] -- Up-to-date: /root/ros_ws/src/Rescue_Car_ws/install/composition_interfaces/share/composition_interfaces/environment/path.sh
[0.627s] -- Up-to-date: /root/ros_ws/src/Rescue_Car_ws/install/composition_interfaces/share/composition_interfaces/environment/path.dsv
[0.627s] -- Up-to-date: /root/ros_ws/src/Rescue_Car_ws/install/composition_interfaces/share/composition_interfaces/local_setup.bash
[0.627s] -- Up-to-date: /root/ros_ws/src/Rescue_Car_ws/install/composition_interfaces/share/composition_interfaces/local_setup.sh
[0.627s] -- Up-to-date: /root/ros_ws/src/Rescue_Car_ws/install/composition_interfaces/share/composition_interfaces/local_setup.zsh
[0.628s] -- Up-to-date: /root/ros_ws/src/Rescue_Car_ws/install/composition_interfaces/share/composition_interfaces/local_setup.dsv
[0.628s] -- Installing: /root/ros_ws/src/Rescue_Car_ws/install/composition_interfaces/share/composition_interfaces/package.dsv
[0.629s] -- Up-to-date: /root/ros_ws/src/Rescue_Car_ws/install/composition_interfaces/share/ament_index/resource_index/packages/composition_interfaces
[0.630s] -- Up-to-date: /root/ros_ws/src/Rescue_Car_ws/install/composition_interfaces/share/composition_interfaces/cmake/export_composition_interfaces__rosidl_generator_cExport.cmake
[0.630s] -- Up-to-date: /root/ros_ws/src/Rescue_Car_ws/install/composition_interfaces/share/composition_interfaces/cmake/export_composition_interfaces__rosidl_generator_cExport-noconfig.cmake
[0.630s] -- Up-to-date: /root/ros_ws/src/Rescue_Car_ws/install/composition_interfaces/share/composition_interfaces/cmake/export_composition_interfaces__rosidl_typesupport_fastrtps_cExport.cmake
[0.630s] -- Up-to-date: /root/ros_ws/src/Rescue_Car_ws/install/composition_interfaces/share/composition_interfaces/cmake/export_composition_interfaces__rosidl_typesupport_fastrtps_cExport-noconfig.cmake
[0.630s] -- Up-to-date: /root/ros_ws/src/Rescue_Car_ws/install/composition_interfaces/share/composition_interfaces/cmake/composition_interfaces__rosidl_typesupport_introspection_cExport.cmake
[0.630s] -- Up-to-date: /root/ros_ws/src/Rescue_Car_ws/install/composition_interfaces/share/composition_interfaces/cmake/composition_interfaces__rosidl_typesupport_introspection_cExport-noconfig.cmake
[0.631s] -- Up-to-date: /root/ros_ws/src/Rescue_Car_ws/install/composition_interfaces/share/composition_interfaces/cmake/composition_interfaces__rosidl_typesupport_cExport.cmake
[0.631s] -- Up-to-date: /root/ros_ws/src/Rescue_Car_ws/install/composition_interfaces/share/composition_interfaces/cmake/composition_interfaces__rosidl_typesupport_cExport-noconfig.cmake
[0.631s] -- Up-to-date: /root/ros_ws/src/Rescue_Car_ws/install/composition_interfaces/share/composition_interfaces/cmake/export_composition_interfaces__rosidl_generator_cppExport.cmake
[0.631s] -- Up-to-date: /root/ros_ws/src/Rescue_Car_ws/install/composition_interfaces/share/composition_interfaces/cmake/export_composition_interfaces__rosidl_typesupport_fastrtps_cppExport.cmake
[0.631s] -- Up-to-date: /root/ros_ws/src/Rescue_Car_ws/install/composition_interfaces/share/composition_interfaces/cmake/export_composition_interfaces__rosidl_typesupport_fastrtps_cppExport-noconfig.cmake
[0.631s] -- Up-to-date: /root/ros_ws/src/Rescue_Car_ws/install/composition_interfaces/share/composition_interfaces/cmake/composition_interfaces__rosidl_typesupport_introspection_cppExport.cmake
[0.631s] -- Up-to-date: /root/ros_ws/src/Rescue_Car_ws/install/composition_interfaces/share/composition_interfaces/cmake/composition_interfaces__rosidl_typesupport_introspection_cppExport-noconfig.cmake
[0.631s] -- Up-to-date: /root/ros_ws/src/Rescue_Car_ws/install/composition_interfaces/share/composition_interfaces/cmake/composition_interfaces__rosidl_typesupport_cppExport.cmake
[0.631s] -- Up-to-date: /root/ros_ws/src/Rescue_Car_ws/install/composition_interfaces/share/composition_interfaces/cmake/composition_interfaces__rosidl_typesupport_cppExport-noconfig.cmake
[0.631s] -- Up-to-date: /root/ros_ws/src/Rescue_Car_ws/install/composition_interfaces/share/composition_interfaces/cmake/export_composition_interfaces__rosidl_generator_pyExport.cmake
[0.631s] -- Up-to-date: /root/ros_ws/src/Rescue_Car_ws/install/composition_interfaces/share/composition_interfaces/cmake/export_composition_interfaces__rosidl_generator_pyExport-noconfig.cmake
[0.631s] -- Up-to-date: /root/ros_ws/src/Rescue_Car_ws/install/composition_interfaces/share/composition_interfaces/cmake/rosidl_cmake-extras.cmake
[0.632s] -- Up-to-date: /root/ros_ws/src/Rescue_Car_ws/install/composition_interfaces/share/composition_interfaces/cmake/ament_cmake_export_dependencies-extras.cmake
[0.632s] -- Up-to-date: /root/ros_ws/src/Rescue_Car_ws/install/composition_interfaces/share/composition_interfaces/cmake/ament_cmake_export_include_directories-extras.cmake
[0.633s] -- Up-to-date: /root/ros_ws/src/Rescue_Car_ws/install/composition_interfaces/share/composition_interfaces/cmake/ament_cmake_export_libraries-extras.cmake
[0.633s] -- Up-to-date: /root/ros_ws/src/Rescue_Car_ws/install/composition_interfaces/share/composition_interfaces/cmake/ament_cmake_export_targets-extras.cmake
[0.633s] -- Up-to-date: /root/ros_ws/src/Rescue_Car_ws/install/composition_interfaces/share/composition_interfaces/cmake/rosidl_cmake_export_typesupport_targets-extras.cmake
[0.634s] -- Up-to-date: /root/ros_ws/src/Rescue_Car_ws/install/composition_interfaces/share/composition_interfaces/cmake/rosidl_cmake_export_typesupport_libraries-extras.cmake
[0.635s] -- Up-to-date: /root/ros_ws/src/Rescue_Car_ws/install/composition_interfaces/share/composition_interfaces/cmake/composition_interfacesConfig.cmake
[0.635s] -- Up-to-date: /root/ros_ws/src/Rescue_Car_ws/install/composition_interfaces/share/composition_interfaces/cmake/composition_interfacesConfig-version.cmake
[0.635s] -- Up-to-date: /root/ros_ws/src/Rescue_Car_ws/install/composition_interfaces/share/composition_interfaces/package.xml
[0.772s] Invoked command in '/root/ros_ws/src/Rescue_Car_ws/build/composition_interfaces' returned '0': CMAKE_PREFIX_PATH=/root/ros_ws/src/Rescue_Car_ws/install/rcl_interfaces:/root/ros_ws/src/Rescue_Car_ws/install/builtin_interfaces:/root/ros_ws/src/Rescue_Car_ws/install/micro_ros_demos_rclc:/root/ros_ws/src/Rescue_Car_ws/install/common_interfaces:/root/ros_ws/src/Rescue_Car_ws/install/visualization_msgs:/root/ros_ws/src/Rescue_Car_ws/install/test_msgs:/root/ros_ws/src/Rescue_Car_ws/install/example_interfaces:/root/ros_ws/src/Rescue_Car_ws/install/action_msgs:/root/ros_ws/src/Rescue_Car_ws/install/unique_identifier_msgs:/root/ros_ws/src/Rescue_Car_ws/install/trajectory_msgs:/root/ros_ws/src/Rescue_Car_ws/install/stereo_msgs:/root/ros_ws/src/Rescue_Car_ws/install/std_srvs:/root/ros_ws/src/Rescue_Car_ws/install/shape_msgs:/root/ros_ws/src/Rescue_Car_ws/install/sensor_msgs:/root/ros_ws/src/Rescue_Car_ws/install/nav_msgs:/root/ros_ws/src/Rescue_Car_ws/install/diagnostic_msgs:/root/ros_ws/src/Rescue_Car_ws/install/geometry_msgs:/root/ros_ws/src/Rescue_Car_ws/install/actionlib_msgs:/root/ros_ws/src/Rescue_Car_ws/install/std_msgs:/root/ros_ws/src/Rescue_Car_ws/install/statistics_msgs:/root/ros_ws/src/Rescue_Car_ws/install/rosidl_typesupport_microxrcedds_test_msg:/root/ros_ws/src/Rescue_Car_ws/install/rosidl_typesupport_microxrcedds_cpp_tests:/root/ros_ws/src/Rescue_Car_ws/install/rmw_microxrcedds:/root/ros_ws/src/Rescue_Car_ws/install/rosidl_typesupport_microxrcedds_cpp:/root/ros_ws/src/Rescue_Car_ws/install/rosidl_typesupport_microxrcedds_c_tests:/root/ros_ws/src/Rescue_Car_ws/install/rosidl_typesupport_microxrcedds_c:/root/ros_ws/src/Rescue_Car_ws/install/rosgraph_msgs:/root/ros_ws/src/Rescue_Car_ws/install/rclc_parameter:/root/ros_ws/src/Rescue_Car_ws/install/rclc:/root/ros_ws/src/Rescue_Car_ws/install/composition_interfaces:/root/ros_ws/src/Rescue_Car_ws/install/microxrcedds_client:/root/ros_ws/src/Rescue_Car_ws/install/microcdr:/root/ros_ws/src/Rescue_Car_ws/install/micro_ros_utilities:/root/ros_ws/src/Rescue_Car_ws/install/micro_ros_setup:/root/ros_ws/src/Rescue_Car_ws/install/micro_ros_agent:/root/ros_ws/src/Rescue_Car_ws/install/micro_ros_msgs:/root/ros_ws/src/Rescue_Car_ws/install/lifecycle_msgs:/root/ros_ws/src/Rescue_Car_ws/install/complex_msgs:/root/ros_ws/src/Rescue_Car_ws/install/car:/root/ros_ws/src/Rescue_Car_ws/install/sensor_msgs_py:/opt/ros/humble LD_LIBRARY_PATH=/root/ros_ws/src/Rescue_Car_ws/install/rcl_interfaces/lib:/root/ros_ws/src/Rescue_Car_ws/install/builtin_interfaces/lib:/root/ros_ws/src/Rescue_Car_ws/install/visualization_msgs/lib:/root/ros_ws/src/Rescue_Car_ws/install/test_msgs/lib:/root/ros_ws/src/Rescue_Car_ws/install/example_interfaces/lib:/root/ros_ws/src/Rescue_Car_ws/install/action_msgs/lib:/root/ros_ws/src/Rescue_Car_ws/install/unique_identifier_msgs/lib:/root/ros_ws/src/Rescue_Car_ws/install/trajectory_msgs/lib:/root/ros_ws/src/Rescue_Car_ws/install/stereo_msgs/lib:/root/ros_ws/src/Rescue_Car_ws/install/std_srvs/lib:/root/ros_ws/src/Rescue_Car_ws/install/shape_msgs/lib:/root/ros_ws/src/Rescue_Car_ws/install/sensor_msgs/lib:/root/ros_ws/src/Rescue_Car_ws/install/nav_msgs/lib:/root/ros_ws/src/Rescue_Car_ws/install/diagnostic_msgs/lib:/root/ros_ws/src/Rescue_Car_ws/install/geometry_msgs/lib:/root/ros_ws/src/Rescue_Car_ws/install/actionlib_msgs/lib:/root/ros_ws/src/Rescue_Car_ws/install/std_msgs/lib:/root/ros_ws/src/Rescue_Car_ws/install/statistics_msgs/lib:/root/ros_ws/src/Rescue_Car_ws/install/rosidl_typesupport_microxrcedds_test_msg/lib:/root/ros_ws/src/Rescue_Car_ws/install/rmw_microxrcedds/lib:/root/ros_ws/src/Rescue_Car_ws/install/rosidl_typesupport_microxrcedds_cpp/lib:/root/ros_ws/src/Rescue_Car_ws/install/rosidl_typesupport_microxrcedds_c/lib:/root/ros_ws/src/Rescue_Car_ws/install/rosgraph_msgs/lib:/root/ros_ws/src/Rescue_Car_ws/install/rclc_parameter/lib:/root/ros_ws/src/Rescue_Car_ws/install/rclc/lib:/root/ros_ws/src/Rescue_Car_ws/install/composition_interfaces/lib:/root/ros_ws/src/Rescue_Car_ws/install/micro_ros_utilities/lib:/root/ros_ws/src/Rescue_Car_ws/install/micro_ros_agent/lib:/root/ros_ws/src/Rescue_Car_ws/install/micro_ros_msgs/lib:/root/ros_ws/src/Rescue_Car_ws/install/lifecycle_msgs/lib:/root/ros_ws/src/Rescue_Car_ws/install/complex_msgs/lib:/usr/lib/x86_64-linux-gnu/gazebo-11/plugins:/opt/ros/humble/opt/rviz_ogre_vendor/lib:/opt/ros/humble/lib/x86_64-linux-gnu:/opt/ros/humble/lib /usr/bin/cmake --install /root/ros_ws/src/Rescue_Car_ws/build/composition_interfaces
