[0.012s] Invoking command in '/root/ros_ws/src/Rescue_Car_ws/build/car': CMAKE_PREFIX_PATH=${CMAKE_PREFIX_PATH}:/root/ros_ws/src/Rescue_Car_ws/install/sensor_msgs_py:/opt/ros/humble /usr/bin/cmake --build /root/ros_ws/src/Rescue_Car_ws/build/car -- -j20 -l20
[0.030s] -- Found ament_cmake: 1.3.12 (/opt/ros/humble/share/ament_cmake/cmake)
[0.136s] -- Found rclcpp: 16.0.14 (/opt/ros/humble/share/rclcpp/cmake)
[0.285s] -- Found rosidl_generator_c: 3.1.7 (/opt/ros/humble/share/rosidl_generator_c/cmake)
[0.286s] -- Found rosidl_adapter: 3.1.7 (/opt/ros/humble/share/rosidl_adapter/cmake)
[0.290s] -- Found rosidl_generator_cpp: 3.1.7 (/opt/ros/humble/share/rosidl_generator_cpp/cmake)
[0.296s] -- Using all available rosidl_typesupport_c: rosidl_typesupport_microxrcedds_c;rosidl_typesupport_fastrtps_c;rosidl_typesupport_introspection_c
[0.307s] -- Using all available rosidl_typesupport_cpp: rosidl_typesupport_microxrcedds_cpp;rosidl_typesupport_fastrtps_cpp;rosidl_typesupport_introspection_cpp
[0.336s] -- Found rmw_implementation_cmake: 6.1.2 (/opt/ros/humble/share/rmw_implementation_cmake/cmake)
[0.338s] -- Found rmw_fastrtps_cpp: 6.2.8 (/opt/ros/humble/share/rmw_fastrtps_cpp/cmake)
[5.326s] -- Using RMW implementation 'rmw_fastrtps_cpp' as default
[5.355s] -- Found geometry_msgs: 4.9.0 (/root/ros_ws/src/Rescue_Car_ws/install/geometry_msgs/share/geometry_msgs/cmake)
[5.365s] -- Found ament_lint_auto: 0.12.14 (/opt/ros/humble/share/ament_lint_auto/cmake)
[5.416s] -- Added test 'cppcheck' to perform static code analysis on C / C++ code
[5.416s] -- Configured cppcheck include dirs: 
[5.416s] -- Configured cppcheck exclude dirs and/or files: 
[5.417s] -- Added test 'flake8' to check Python code syntax and style conventions
[5.417s] -- Added test 'lint_cmake' to check CMake code style
[5.417s] -- Added test 'pep257' to check Python code against some of the docstring style conventions in PEP 257
[5.417s] -- Added test 'uncrustify' to check C / C++ code style
[5.417s] -- Configured uncrustify additional arguments: 
[5.418s] -- Added test 'xmllint' to check XML markup files
[5.418s] -- Configuring done
[5.427s] -- Generating done
[5.430s] -- Build files have been written to: /root/ros_ws/src/Rescue_Car_ws/build/car
[5.463s] [ 50%] [32mBuilding CXX object CMakeFiles/control_pub.dir/src/control_pub.cpp.o[0m
[5.463s] [ 50%] [32mBuilding CXX object CMakeFiles/odom_sub.dir/src/odom_sub.cpp.o[0m
[5.481s] [ 75%] [32m[1mLinking CXX executable odom_sub[0m
[5.603s] /usr/bin/ld: /usr/lib/gcc/x86_64-linux-gnu/11/../../../x86_64-linux-gnu/Scrt1.o: in function `_start':
[5.603s] (.text+0x1b): undefined reference to `main'
[5.605s] collect2: error: ld returned 1 exit status
[5.607s] gmake[2]: *** [CMakeFiles/odom_sub.dir/build.make:167: odom_sub] Error 1
[5.607s] gmake[1]: *** [CMakeFiles/Makefile2:139: CMakeFiles/odom_sub.dir/all] Error 2
[5.607s] gmake[1]: *** Waiting for unfinished jobs....
[8.353s] [100%] [32m[1mLinking CXX executable control_pub[0m
[8.548s] [100%] Built target control_pub
[8.549s] gmake: *** [Makefile:146: all] Error 2
[8.552s] Invoked command in '/root/ros_ws/src/Rescue_Car_ws/build/car' returned '2': CMAKE_PREFIX_PATH=${CMAKE_PREFIX_PATH}:/root/ros_ws/src/Rescue_Car_ws/install/sensor_msgs_py:/opt/ros/humble /usr/bin/cmake --build /root/ros_ws/src/Rescue_Car_ws/build/car -- -j20 -l20
