[0.215s] Invoking command in '/root/ros_ws/src/Rescue_Car_ws/build/action_msgs': AMENT_PREFIX_PATH=/root/ros_ws/src/Rescue_Car_ws/install/unique_identifier_msgs:/root/ros_ws/src/Rescue_Car_ws/install/builtin_interfaces:${AMENT_PREFIX_PATH} CMAKE_PREFIX_PATH=/root/ros_ws/src/Rescue_Car_ws/install/unique_identifier_msgs:/root/ros_ws/src/Rescue_Car_ws/install/builtin_interfaces:/opt/ros/humble LD_LIBRARY_PATH=/root/ros_ws/src/Rescue_Car_ws/install/unique_identifier_msgs/lib:/root/ros_ws/src/Rescue_Car_ws/install/builtin_interfaces/lib:${LD_LIBRARY_PATH} PYTHONPATH=/root/ros_ws/src/Rescue_Car_ws/install/unique_identifier_msgs/local/lib/python3.10/dist-packages:/root/ros_ws/src/Rescue_Car_ws/install/builtin_interfaces/local/lib/python3.10/dist-packages:${PYTHONPATH} /usr/bin/cmake --build /root/ros_ws/src/Rescue_Car_ws/build/action_msgs -- -j20 -l20
[0.281s] [35m[1mConsolidate compiler generated dependencies of target action_msgs__rosidl_generator_c[0m
[0.288s] [  1%] Built target action_msgs__cpp
[0.299s] [ 12%] Built target action_msgs__rosidl_generator_c
[0.300s] [35m[1mConsolidate compiler generated dependencies of target action_msgs__rosidl_typesupport_fastrtps_cpp[0m
[0.306s] [35m[1mConsolidate compiler generated dependencies of target action_msgs__rosidl_typesupport_cpp[0m
[0.306s] [35m[1mConsolidate compiler generated dependencies of target action_msgs__rosidl_typesupport_introspection_cpp[0m
[0.315s] [ 12%] Built target ament_cmake_python_copy_action_msgs
[0.321s] [35m[1mConsolidate compiler generated dependencies of target action_msgs__rosidl_typesupport_fastrtps_c[0m
[0.321s] [35m[1mConsolidate compiler generated dependencies of target action_msgs__rosidl_typesupport_c[0m
[0.321s] [35m[1mConsolidate compiler generated dependencies of target action_msgs__rosidl_typesupport_introspection_c[0m
[0.325s] [ 23%] Built target action_msgs__rosidl_typesupport_fastrtps_cpp
[0.328s] [ 45%] Built target action_msgs__rosidl_typesupport_cpp
[0.329s] [ 45%] Built target action_msgs__rosidl_typesupport_introspection_cpp
[0.346s] [ 67%] Built target action_msgs__rosidl_typesupport_introspection_c
[0.346s] [ 78%] Built target action_msgs__rosidl_typesupport_fastrtps_c
[0.347s] [ 78%] Built target action_msgs__rosidl_typesupport_c
[0.378s] [ 78%] Built target action_msgs
[0.398s] [ 80%] Built target action_msgs__py
[0.409s] [35m[1mConsolidate compiler generated dependencies of target action_msgs__rosidl_generator_py[0m
[0.427s] [ 89%] Built target action_msgs__rosidl_generator_py
[0.437s] [35m[1mConsolidate compiler generated dependencies of target action_msgs__rosidl_typesupport_fastrtps_c__pyext[0m
[0.437s] [35m[1mConsolidate compiler generated dependencies of target action_msgs__rosidl_typesupport_introspection_c__pyext[0m
[0.438s] [35m[1mConsolidate compiler generated dependencies of target action_msgs__rosidl_typesupport_c__pyext[0m
[0.450s] [ 92%] Built target action_msgs__rosidl_typesupport_introspection_c__pyext
[0.452s] [100%] Built target action_msgs__rosidl_typesupport_c__pyext
[0.452s] [100%] Built target action_msgs__rosidl_typesupport_fastrtps_c__pyext
[0.712s] running egg_info
[0.713s] writing action_msgs.egg-info/PKG-INFO
[0.713s] writing dependency_links to action_msgs.egg-info/dependency_links.txt
[0.713s] writing top-level names to action_msgs.egg-info/top_level.txt
[0.714s] reading manifest file 'action_msgs.egg-info/SOURCES.txt'
[0.716s] writing manifest file 'action_msgs.egg-info/SOURCES.txt'
[0.750s] [100%] Built target ament_cmake_python_build_action_msgs_egg
[0.815s] Invoked command in '/root/ros_ws/src/Rescue_Car_ws/build/action_msgs' returned '0': AMENT_PREFIX_PATH=/root/ros_ws/src/Rescue_Car_ws/install/unique_identifier_msgs:/root/ros_ws/src/Rescue_Car_ws/install/builtin_interfaces:${AMENT_PREFIX_PATH} CMAKE_PREFIX_PATH=/root/ros_ws/src/Rescue_Car_ws/install/unique_identifier_msgs:/root/ros_ws/src/Rescue_Car_ws/install/builtin_interfaces:/opt/ros/humble LD_LIBRARY_PATH=/root/ros_ws/src/Rescue_Car_ws/install/unique_identifier_msgs/lib:/root/ros_ws/src/Rescue_Car_ws/install/builtin_interfaces/lib:${LD_LIBRARY_PATH} PYTHONPATH=/root/ros_ws/src/Rescue_Car_ws/install/unique_identifier_msgs/local/lib/python3.10/dist-packages:/root/ros_ws/src/Rescue_Car_ws/install/builtin_interfaces/local/lib/python3.10/dist-packages:${PYTHONPATH} /usr/bin/cmake --build /root/ros_ws/src/Rescue_Car_ws/build/action_msgs -- -j20 -l20
[0.817s] Invoking command in '/root/ros_ws/src/Rescue_Car_ws/build/action_msgs': AMENT_PREFIX_PATH=/root/ros_ws/src/Rescue_Car_ws/install/unique_identifier_msgs:/root/ros_ws/src/Rescue_Car_ws/install/builtin_interfaces:${AMENT_PREFIX_PATH} CMAKE_PREFIX_PATH=/root/ros_ws/src/Rescue_Car_ws/install/unique_identifier_msgs:/root/ros_ws/src/Rescue_Car_ws/install/builtin_interfaces:/opt/ros/humble LD_LIBRARY_PATH=/root/ros_ws/src/Rescue_Car_ws/install/unique_identifier_msgs/lib:/root/ros_ws/src/Rescue_Car_ws/install/builtin_interfaces/lib:${LD_LIBRARY_PATH} PYTHONPATH=/root/ros_ws/src/Rescue_Car_ws/install/unique_identifier_msgs/local/lib/python3.10/dist-packages:/root/ros_ws/src/Rescue_Car_ws/install/builtin_interfaces/local/lib/python3.10/dist-packages:${PYTHONPATH} /usr/bin/cmake --install /root/ros_ws/src/Rescue_Car_ws/build/action_msgs
[0.834s] -- Install configuration: ""
[0.834s] -- Up-to-date: /root/ros_ws/src/Rescue_Car_ws/install/action_msgs/share/ament_index/resource_index/rosidl_interfaces/action_msgs
[0.834s] -- Up-to-date: /root/ros_ws/src/Rescue_Car_ws/install/action_msgs/include/action_msgs/action_msgs
[0.834s] -- Up-to-date: /root/ros_ws/src/Rescue_Car_ws/install/action_msgs/include/action_msgs/action_msgs/srv
[0.834s] -- Up-to-date: /root/ros_ws/src/Rescue_Car_ws/install/action_msgs/include/action_msgs/action_msgs/srv/cancel_goal.h
[0.834s] -- Up-to-date: /root/ros_ws/src/Rescue_Car_ws/install/action_msgs/include/action_msgs/action_msgs/srv/detail
[0.834s] -- Up-to-date: /root/ros_ws/src/Rescue_Car_ws/install/action_msgs/include/action_msgs/action_msgs/srv/detail/cancel_goal__type_support.h
[0.834s] -- Up-to-date: /root/ros_ws/src/Rescue_Car_ws/install/action_msgs/include/action_msgs/action_msgs/srv/detail/cancel_goal__struct.h
[0.834s] -- Up-to-date: /root/ros_ws/src/Rescue_Car_ws/install/action_msgs/include/action_msgs/action_msgs/srv/detail/cancel_goal__functions.c
[0.834s] -- Up-to-date: /root/ros_ws/src/Rescue_Car_ws/install/action_msgs/include/action_msgs/action_msgs/srv/detail/cancel_goal__functions.h
[0.834s] -- Up-to-date: /root/ros_ws/src/Rescue_Car_ws/install/action_msgs/include/action_msgs/action_msgs/msg
[0.834s] -- Up-to-date: /root/ros_ws/src/Rescue_Car_ws/install/action_msgs/include/action_msgs/action_msgs/msg/goal_status_array.h
[0.835s] -- Up-to-date: /root/ros_ws/src/Rescue_Car_ws/install/action_msgs/include/action_msgs/action_msgs/msg/goal_info.h
[0.835s] -- Up-to-date: /root/ros_ws/src/Rescue_Car_ws/install/action_msgs/include/action_msgs/action_msgs/msg/detail
[0.835s] -- Up-to-date: /root/ros_ws/src/Rescue_Car_ws/install/action_msgs/include/action_msgs/action_msgs/msg/detail/goal_status_array__functions.c
[0.835s] -- Up-to-date: /root/ros_ws/src/Rescue_Car_ws/install/action_msgs/include/action_msgs/action_msgs/msg/detail/goal_info__struct.h
[0.835s] -- Up-to-date: /root/ros_ws/src/Rescue_Car_ws/install/action_msgs/include/action_msgs/action_msgs/msg/detail/goal_info__functions.h
[0.835s] -- Up-to-date: /root/ros_ws/src/Rescue_Car_ws/install/action_msgs/include/action_msgs/action_msgs/msg/detail/goal_info__functions.c
[0.835s] -- Up-to-date: /root/ros_ws/src/Rescue_Car_ws/install/action_msgs/include/action_msgs/action_msgs/msg/detail/goal_status__functions.h
[0.835s] -- Up-to-date: /root/ros_ws/src/Rescue_Car_ws/install/action_msgs/include/action_msgs/action_msgs/msg/detail/goal_status__functions.c
[0.835s] -- Up-to-date: /root/ros_ws/src/Rescue_Car_ws/install/action_msgs/include/action_msgs/action_msgs/msg/detail/goal_status_array__functions.h
[0.835s] -- Up-to-date: /root/ros_ws/src/Rescue_Car_ws/install/action_msgs/include/action_msgs/action_msgs/msg/detail/goal_status__type_support.h
[0.835s] -- Up-to-date: /root/ros_ws/src/Rescue_Car_ws/install/action_msgs/include/action_msgs/action_msgs/msg/detail/goal_info__type_support.h
[0.835s] -- Up-to-date: /root/ros_ws/src/Rescue_Car_ws/install/action_msgs/include/action_msgs/action_msgs/msg/detail/goal_status_array__struct.h
[0.835s] -- Up-to-date: /root/ros_ws/src/Rescue_Car_ws/install/action_msgs/include/action_msgs/action_msgs/msg/detail/goal_status_array__type_support.h
[0.835s] -- Up-to-date: /root/ros_ws/src/Rescue_Car_ws/install/action_msgs/include/action_msgs/action_msgs/msg/detail/goal_status__struct.h
[0.835s] -- Up-to-date: /root/ros_ws/src/Rescue_Car_ws/install/action_msgs/include/action_msgs/action_msgs/msg/rosidl_generator_c__visibility_control.h
[0.835s] -- Up-to-date: /root/ros_ws/src/Rescue_Car_ws/install/action_msgs/include/action_msgs/action_msgs/msg/goal_status.h
[0.835s] -- Up-to-date: /root/ros_ws/src/Rescue_Car_ws/install/action_msgs/share/action_msgs/environment/library_path.sh
[0.835s] -- Up-to-date: /root/ros_ws/src/Rescue_Car_ws/install/action_msgs/share/action_msgs/environment/library_path.dsv
[0.835s] -- Up-to-date: /root/ros_ws/src/Rescue_Car_ws/install/action_msgs/lib/libaction_msgs__rosidl_generator_c.so
[0.835s] -- Up-to-date: /root/ros_ws/src/Rescue_Car_ws/install/action_msgs/include/action_msgs/action_msgs
[0.835s] -- Up-to-date: /root/ros_ws/src/Rescue_Car_ws/install/action_msgs/include/action_msgs/action_msgs/srv
[0.835s] -- Up-to-date: /root/ros_ws/src/Rescue_Car_ws/install/action_msgs/include/action_msgs/action_msgs/srv/detail
[0.835s] -- Up-to-date: /root/ros_ws/src/Rescue_Car_ws/install/action_msgs/include/action_msgs/action_msgs/srv/detail/cancel_goal__rosidl_typesupport_fastrtps_c.h
[0.835s] -- Up-to-date: /root/ros_ws/src/Rescue_Car_ws/install/action_msgs/include/action_msgs/action_msgs/msg
[0.835s] -- Up-to-date: /root/ros_ws/src/Rescue_Car_ws/install/action_msgs/include/action_msgs/action_msgs/msg/detail
[0.835s] -- Up-to-date: /root/ros_ws/src/Rescue_Car_ws/install/action_msgs/include/action_msgs/action_msgs/msg/detail/goal_info__rosidl_typesupport_fastrtps_c.h
[0.835s] -- Up-to-date: /root/ros_ws/src/Rescue_Car_ws/install/action_msgs/include/action_msgs/action_msgs/msg/detail/goal_status__rosidl_typesupport_fastrtps_c.h
[0.835s] -- Up-to-date: /root/ros_ws/src/Rescue_Car_ws/install/action_msgs/include/action_msgs/action_msgs/msg/detail/goal_status_array__rosidl_typesupport_fastrtps_c.h
[0.835s] -- Up-to-date: /root/ros_ws/src/Rescue_Car_ws/install/action_msgs/include/action_msgs/action_msgs/msg/rosidl_typesupport_fastrtps_c__visibility_control.h
[0.835s] -- Up-to-date: /root/ros_ws/src/Rescue_Car_ws/install/action_msgs/lib/libaction_msgs__rosidl_typesupport_fastrtps_c.so
[0.835s] -- Up-to-date: /root/ros_ws/src/Rescue_Car_ws/install/action_msgs/include/action_msgs/action_msgs
[0.835s] -- Up-to-date: /root/ros_ws/src/Rescue_Car_ws/install/action_msgs/include/action_msgs/action_msgs/srv
[0.835s] -- Up-to-date: /root/ros_ws/src/Rescue_Car_ws/install/action_msgs/include/action_msgs/action_msgs/srv/cancel_goal.hpp
[0.835s] -- Up-to-date: /root/ros_ws/src/Rescue_Car_ws/install/action_msgs/include/action_msgs/action_msgs/srv/detail
[0.836s] -- Up-to-date: /root/ros_ws/src/Rescue_Car_ws/install/action_msgs/include/action_msgs/action_msgs/srv/detail/cancel_goal__struct.hpp
[0.836s] -- Up-to-date: /root/ros_ws/src/Rescue_Car_ws/install/action_msgs/include/action_msgs/action_msgs/srv/detail/cancel_goal__traits.hpp
[0.836s] -- Up-to-date: /root/ros_ws/src/Rescue_Car_ws/install/action_msgs/include/action_msgs/action_msgs/srv/detail/cancel_goal__type_support.hpp
[0.836s] -- Up-to-date: /root/ros_ws/src/Rescue_Car_ws/install/action_msgs/include/action_msgs/action_msgs/srv/detail/cancel_goal__builder.hpp
[0.836s] -- Up-to-date: /root/ros_ws/src/Rescue_Car_ws/install/action_msgs/include/action_msgs/action_msgs/msg
[0.836s] -- Up-to-date: /root/ros_ws/src/Rescue_Car_ws/install/action_msgs/include/action_msgs/action_msgs/msg/rosidl_generator_cpp__visibility_control.hpp
[0.836s] -- Up-to-date: /root/ros_ws/src/Rescue_Car_ws/install/action_msgs/include/action_msgs/action_msgs/msg/goal_status_array.hpp
[0.836s] -- Up-to-date: /root/ros_ws/src/Rescue_Car_ws/install/action_msgs/include/action_msgs/action_msgs/msg/goal_status.hpp
[0.836s] -- Up-to-date: /root/ros_ws/src/Rescue_Car_ws/install/action_msgs/include/action_msgs/action_msgs/msg/detail
[0.836s] -- Up-to-date: /root/ros_ws/src/Rescue_Car_ws/install/action_msgs/include/action_msgs/action_msgs/msg/detail/goal_info__builder.hpp
[0.836s] -- Up-to-date: /root/ros_ws/src/Rescue_Car_ws/install/action_msgs/include/action_msgs/action_msgs/msg/detail/goal_status_array__builder.hpp
[0.836s] -- Up-to-date: /root/ros_ws/src/Rescue_Car_ws/install/action_msgs/include/action_msgs/action_msgs/msg/detail/goal_info__struct.hpp
[0.836s] -- Up-to-date: /root/ros_ws/src/Rescue_Car_ws/install/action_msgs/include/action_msgs/action_msgs/msg/detail/goal_info__type_support.hpp
[0.836s] -- Up-to-date: /root/ros_ws/src/Rescue_Car_ws/install/action_msgs/include/action_msgs/action_msgs/msg/detail/goal_info__traits.hpp
[0.836s] -- Up-to-date: /root/ros_ws/src/Rescue_Car_ws/install/action_msgs/include/action_msgs/action_msgs/msg/detail/goal_status_array__type_support.hpp
[0.836s] -- Up-to-date: /root/ros_ws/src/Rescue_Car_ws/install/action_msgs/include/action_msgs/action_msgs/msg/detail/goal_status__type_support.hpp
[0.836s] -- Up-to-date: /root/ros_ws/src/Rescue_Car_ws/install/action_msgs/include/action_msgs/action_msgs/msg/detail/goal_status_array__traits.hpp
[0.836s] -- Up-to-date: /root/ros_ws/src/Rescue_Car_ws/install/action_msgs/include/action_msgs/action_msgs/msg/detail/goal_status__struct.hpp
[0.836s] -- Up-to-date: /root/ros_ws/src/Rescue_Car_ws/install/action_msgs/include/action_msgs/action_msgs/msg/detail/goal_status_array__struct.hpp
[0.836s] -- Up-to-date: /root/ros_ws/src/Rescue_Car_ws/install/action_msgs/include/action_msgs/action_msgs/msg/detail/goal_status__traits.hpp
[0.836s] -- Up-to-date: /root/ros_ws/src/Rescue_Car_ws/install/action_msgs/include/action_msgs/action_msgs/msg/detail/goal_status__builder.hpp
[0.836s] -- Up-to-date: /root/ros_ws/src/Rescue_Car_ws/install/action_msgs/include/action_msgs/action_msgs/msg/goal_info.hpp
[0.836s] -- Up-to-date: /root/ros_ws/src/Rescue_Car_ws/install/action_msgs/include/action_msgs/action_msgs
[0.836s] -- Up-to-date: /root/ros_ws/src/Rescue_Car_ws/install/action_msgs/include/action_msgs/action_msgs/srv
[0.836s] -- Up-to-date: /root/ros_ws/src/Rescue_Car_ws/install/action_msgs/include/action_msgs/action_msgs/srv/detail
[0.836s] -- Up-to-date: /root/ros_ws/src/Rescue_Car_ws/install/action_msgs/include/action_msgs/action_msgs/srv/detail/dds_fastrtps
[0.836s] -- Up-to-date: /root/ros_ws/src/Rescue_Car_ws/install/action_msgs/include/action_msgs/action_msgs/srv/detail/cancel_goal__rosidl_typesupport_fastrtps_cpp.hpp
[0.836s] -- Up-to-date: /root/ros_ws/src/Rescue_Car_ws/install/action_msgs/include/action_msgs/action_msgs/msg
[0.836s] -- Up-to-date: /root/ros_ws/src/Rescue_Car_ws/install/action_msgs/include/action_msgs/action_msgs/msg/rosidl_typesupport_fastrtps_cpp__visibility_control.h
[0.836s] -- Up-to-date: /root/ros_ws/src/Rescue_Car_ws/install/action_msgs/include/action_msgs/action_msgs/msg/detail
[0.836s] -- Up-to-date: /root/ros_ws/src/Rescue_Car_ws/install/action_msgs/include/action_msgs/action_msgs/msg/detail/goal_status__rosidl_typesupport_fastrtps_cpp.hpp
[0.836s] -- Up-to-date: /root/ros_ws/src/Rescue_Car_ws/install/action_msgs/include/action_msgs/action_msgs/msg/detail/goal_info__rosidl_typesupport_fastrtps_cpp.hpp
[0.836s] -- Up-to-date: /root/ros_ws/src/Rescue_Car_ws/install/action_msgs/include/action_msgs/action_msgs/msg/detail/dds_fastrtps
[0.836s] -- Up-to-date: /root/ros_ws/src/Rescue_Car_ws/install/action_msgs/include/action_msgs/action_msgs/msg/detail/goal_status_array__rosidl_typesupport_fastrtps_cpp.hpp
[0.836s] -- Up-to-date: /root/ros_ws/src/Rescue_Car_ws/install/action_msgs/lib/libaction_msgs__rosidl_typesupport_fastrtps_cpp.so
[0.836s] -- Up-to-date: /root/ros_ws/src/Rescue_Car_ws/install/action_msgs/include/action_msgs/action_msgs
[0.836s] -- Up-to-date: /root/ros_ws/src/Rescue_Car_ws/install/action_msgs/include/action_msgs/action_msgs/srv
[0.836s] -- Up-to-date: /root/ros_ws/src/Rescue_Car_ws/install/action_msgs/include/action_msgs/action_msgs/srv/detail
[0.836s] -- Up-to-date: /root/ros_ws/src/Rescue_Car_ws/install/action_msgs/include/action_msgs/action_msgs/srv/detail/cancel_goal__rosidl_typesupport_introspection_c.h
[0.836s] -- Up-to-date: /root/ros_ws/src/Rescue_Car_ws/install/action_msgs/include/action_msgs/action_msgs/srv/detail/cancel_goal__type_support.c
[0.836s] -- Up-to-date: /root/ros_ws/src/Rescue_Car_ws/install/action_msgs/include/action_msgs/action_msgs/msg
[0.836s] -- Up-to-date: /root/ros_ws/src/Rescue_Car_ws/install/action_msgs/include/action_msgs/action_msgs/msg/rosidl_typesupport_introspection_c__visibility_control.h
[0.837s] -- Up-to-date: /root/ros_ws/src/Rescue_Car_ws/install/action_msgs/include/action_msgs/action_msgs/msg/detail
[0.837s] -- Up-to-date: /root/ros_ws/src/Rescue_Car_ws/install/action_msgs/include/action_msgs/action_msgs/msg/detail/goal_status_array__type_support.c
[0.837s] -- Up-to-date: /root/ros_ws/src/Rescue_Car_ws/install/action_msgs/include/action_msgs/action_msgs/msg/detail/goal_info__type_support.c
[0.837s] -- Up-to-date: /root/ros_ws/src/Rescue_Car_ws/install/action_msgs/include/action_msgs/action_msgs/msg/detail/goal_status__type_support.c
[0.837s] -- Up-to-date: /root/ros_ws/src/Rescue_Car_ws/install/action_msgs/include/action_msgs/action_msgs/msg/detail/goal_info__rosidl_typesupport_introspection_c.h
[0.837s] -- Up-to-date: /root/ros_ws/src/Rescue_Car_ws/install/action_msgs/include/action_msgs/action_msgs/msg/detail/goal_status__rosidl_typesupport_introspection_c.h
[0.837s] -- Up-to-date: /root/ros_ws/src/Rescue_Car_ws/install/action_msgs/include/action_msgs/action_msgs/msg/detail/goal_status_array__rosidl_typesupport_introspection_c.h
[0.837s] -- Up-to-date: /root/ros_ws/src/Rescue_Car_ws/install/action_msgs/lib/libaction_msgs__rosidl_typesupport_introspection_c.so
[0.837s] -- Up-to-date: /root/ros_ws/src/Rescue_Car_ws/install/action_msgs/lib/libaction_msgs__rosidl_typesupport_c.so
[0.837s] -- Up-to-date: /root/ros_ws/src/Rescue_Car_ws/install/action_msgs/include/action_msgs/action_msgs
[0.837s] -- Up-to-date: /root/ros_ws/src/Rescue_Car_ws/install/action_msgs/include/action_msgs/action_msgs/srv
[0.837s] -- Up-to-date: /root/ros_ws/src/Rescue_Car_ws/install/action_msgs/include/action_msgs/action_msgs/srv/detail
[0.837s] -- Up-to-date: /root/ros_ws/src/Rescue_Car_ws/install/action_msgs/include/action_msgs/action_msgs/srv/detail/cancel_goal__type_support.cpp
[0.837s] -- Up-to-date: /root/ros_ws/src/Rescue_Car_ws/install/action_msgs/include/action_msgs/action_msgs/srv/detail/cancel_goal__rosidl_typesupport_introspection_cpp.hpp
[0.837s] -- Up-to-date: /root/ros_ws/src/Rescue_Car_ws/install/action_msgs/include/action_msgs/action_msgs/msg
[0.837s] -- Up-to-date: /root/ros_ws/src/Rescue_Car_ws/install/action_msgs/include/action_msgs/action_msgs/msg/detail
[0.837s] -- Up-to-date: /root/ros_ws/src/Rescue_Car_ws/install/action_msgs/include/action_msgs/action_msgs/msg/detail/goal_status_array__rosidl_typesupport_introspection_cpp.hpp
[0.837s] -- Up-to-date: /root/ros_ws/src/Rescue_Car_ws/install/action_msgs/include/action_msgs/action_msgs/msg/detail/goal_info__type_support.cpp
[0.837s] -- Up-to-date: /root/ros_ws/src/Rescue_Car_ws/install/action_msgs/include/action_msgs/action_msgs/msg/detail/goal_status_array__type_support.cpp
[0.837s] -- Up-to-date: /root/ros_ws/src/Rescue_Car_ws/install/action_msgs/include/action_msgs/action_msgs/msg/detail/goal_info__rosidl_typesupport_introspection_cpp.hpp
[0.837s] -- Up-to-date: /root/ros_ws/src/Rescue_Car_ws/install/action_msgs/include/action_msgs/action_msgs/msg/detail/goal_status__rosidl_typesupport_introspection_cpp.hpp
[0.837s] -- Up-to-date: /root/ros_ws/src/Rescue_Car_ws/install/action_msgs/include/action_msgs/action_msgs/msg/detail/goal_status__type_support.cpp
[0.837s] -- Up-to-date: /root/ros_ws/src/Rescue_Car_ws/install/action_msgs/lib/libaction_msgs__rosidl_typesupport_introspection_cpp.so
[0.837s] -- Up-to-date: /root/ros_ws/src/Rescue_Car_ws/install/action_msgs/lib/libaction_msgs__rosidl_typesupport_cpp.so
[0.837s] -- Up-to-date: /root/ros_ws/src/Rescue_Car_ws/install/action_msgs/share/action_msgs/environment/pythonpath.sh
[0.837s] -- Up-to-date: /root/ros_ws/src/Rescue_Car_ws/install/action_msgs/share/action_msgs/environment/pythonpath.dsv
[0.837s] -- Up-to-date: /root/ros_ws/src/Rescue_Car_ws/install/action_msgs/local/lib/python3.10/dist-packages/action_msgs-1.2.2-py3.10.egg-info
[0.837s] -- Installing: /root/ros_ws/src/Rescue_Car_ws/install/action_msgs/local/lib/python3.10/dist-packages/action_msgs-1.2.2-py3.10.egg-info/dependency_links.txt
[0.837s] -- Installing: /root/ros_ws/src/Rescue_Car_ws/install/action_msgs/local/lib/python3.10/dist-packages/action_msgs-1.2.2-py3.10.egg-info/SOURCES.txt
[0.837s] -- Installing: /root/ros_ws/src/Rescue_Car_ws/install/action_msgs/local/lib/python3.10/dist-packages/action_msgs-1.2.2-py3.10.egg-info/PKG-INFO
[0.837s] -- Installing: /root/ros_ws/src/Rescue_Car_ws/install/action_msgs/local/lib/python3.10/dist-packages/action_msgs-1.2.2-py3.10.egg-info/top_level.txt
[0.837s] -- Up-to-date: /root/ros_ws/src/Rescue_Car_ws/install/action_msgs/local/lib/python3.10/dist-packages/action_msgs
[0.837s] -- Up-to-date: /root/ros_ws/src/Rescue_Car_ws/install/action_msgs/local/lib/python3.10/dist-packages/action_msgs/libaction_msgs__rosidl_generator_py.so
[0.837s] -- Up-to-date: /root/ros_ws/src/Rescue_Car_ws/install/action_msgs/local/lib/python3.10/dist-packages/action_msgs/action_msgs_s__rosidl_typesupport_introspection_c.cpython-310-x86_64-linux-gnu.so
[0.838s] -- Up-to-date: /root/ros_ws/src/Rescue_Car_ws/install/action_msgs/local/lib/python3.10/dist-packages/action_msgs/action_msgs_s__rosidl_typesupport_c.cpython-310-x86_64-linux-gnu.so
[0.838s] -- Up-to-date: /root/ros_ws/src/Rescue_Car_ws/install/action_msgs/local/lib/python3.10/dist-packages/action_msgs/_action_msgs_s.ep.rosidl_typesupport_c.c
[0.838s] -- Up-to-date: /root/ros_ws/src/Rescue_Car_ws/install/action_msgs/local/lib/python3.10/dist-packages/action_msgs/_action_msgs_s.ep.rosidl_typesupport_introspection_c.c
[0.838s] -- Up-to-date: /root/ros_ws/src/Rescue_Car_ws/install/action_msgs/local/lib/python3.10/dist-packages/action_msgs/srv
[0.838s] -- Up-to-date: /root/ros_ws/src/Rescue_Car_ws/install/action_msgs/local/lib/python3.10/dist-packages/action_msgs/srv/_cancel_goal.py
[0.838s] -- Up-to-date: /root/ros_ws/src/Rescue_Car_ws/install/action_msgs/local/lib/python3.10/dist-packages/action_msgs/srv/_cancel_goal_s.c
[0.838s] -- Up-to-date: /root/ros_ws/src/Rescue_Car_ws/install/action_msgs/local/lib/python3.10/dist-packages/action_msgs/srv/__init__.py
[0.838s] -- Up-to-date: /root/ros_ws/src/Rescue_Car_ws/install/action_msgs/local/lib/python3.10/dist-packages/action_msgs/__init__.py
[0.838s] -- Up-to-date: /root/ros_ws/src/Rescue_Car_ws/install/action_msgs/local/lib/python3.10/dist-packages/action_msgs/msg
[0.838s] -- Up-to-date: /root/ros_ws/src/Rescue_Car_ws/install/action_msgs/local/lib/python3.10/dist-packages/action_msgs/msg/_goal_status_s.c
[0.838s] -- Up-to-date: /root/ros_ws/src/Rescue_Car_ws/install/action_msgs/local/lib/python3.10/dist-packages/action_msgs/msg/_goal_info.py
[0.838s] -- Up-to-date: /root/ros_ws/src/Rescue_Car_ws/install/action_msgs/local/lib/python3.10/dist-packages/action_msgs/msg/_goal_status.py
[0.838s] -- Up-to-date: /root/ros_ws/src/Rescue_Car_ws/install/action_msgs/local/lib/python3.10/dist-packages/action_msgs/msg/_goal_info_s.c
[0.838s] -- Up-to-date: /root/ros_ws/src/Rescue_Car_ws/install/action_msgs/local/lib/python3.10/dist-packages/action_msgs/msg/_goal_status_array_s.c
[0.838s] -- Up-to-date: /root/ros_ws/src/Rescue_Car_ws/install/action_msgs/local/lib/python3.10/dist-packages/action_msgs/msg/_goal_status_array.py
[0.838s] -- Up-to-date: /root/ros_ws/src/Rescue_Car_ws/install/action_msgs/local/lib/python3.10/dist-packages/action_msgs/msg/__init__.py
[0.838s] -- Up-to-date: /root/ros_ws/src/Rescue_Car_ws/install/action_msgs/local/lib/python3.10/dist-packages/action_msgs/_action_msgs_s.ep.rosidl_typesupport_fastrtps_c.c
[0.838s] -- Up-to-date: /root/ros_ws/src/Rescue_Car_ws/install/action_msgs/local/lib/python3.10/dist-packages/action_msgs/action_msgs_s__rosidl_typesupport_fastrtps_c.cpython-310-x86_64-linux-gnu.so
[0.861s] Listing '/root/ros_ws/src/Rescue_Car_ws/install/action_msgs/local/lib/python3.10/dist-packages/action_msgs'...
[0.861s] Listing '/root/ros_ws/src/Rescue_Car_ws/install/action_msgs/local/lib/python3.10/dist-packages/action_msgs/msg'...
[0.861s] Listing '/root/ros_ws/src/Rescue_Car_ws/install/action_msgs/local/lib/python3.10/dist-packages/action_msgs/srv'...
[0.867s] -- Up-to-date: /root/ros_ws/src/Rescue_Car_ws/install/action_msgs/local/lib/python3.10/dist-packages/action_msgs/action_msgs_s__rosidl_typesupport_fastrtps_c.cpython-310-x86_64-linux-gnu.so
[0.867s] -- Up-to-date: /root/ros_ws/src/Rescue_Car_ws/install/action_msgs/local/lib/python3.10/dist-packages/action_msgs/action_msgs_s__rosidl_typesupport_introspection_c.cpython-310-x86_64-linux-gnu.so
[0.867s] -- Up-to-date: /root/ros_ws/src/Rescue_Car_ws/install/action_msgs/local/lib/python3.10/dist-packages/action_msgs/action_msgs_s__rosidl_typesupport_c.cpython-310-x86_64-linux-gnu.so
[0.867s] -- Up-to-date: /root/ros_ws/src/Rescue_Car_ws/install/action_msgs/lib/libaction_msgs__rosidl_generator_py.so
[0.867s] -- Up-to-date: /root/ros_ws/src/Rescue_Car_ws/install/action_msgs/share/action_msgs/msg/GoalInfo.idl
[0.868s] -- Up-to-date: /root/ros_ws/src/Rescue_Car_ws/install/action_msgs/share/action_msgs/msg/GoalStatus.idl
[0.868s] -- Up-to-date: /root/ros_ws/src/Rescue_Car_ws/install/action_msgs/share/action_msgs/msg/GoalStatusArray.idl
[0.868s] -- Up-to-date: /root/ros_ws/src/Rescue_Car_ws/install/action_msgs/share/action_msgs/srv/CancelGoal.idl
[0.869s] -- Up-to-date: /root/ros_ws/src/Rescue_Car_ws/install/action_msgs/share/action_msgs/msg/GoalInfo.msg
[0.869s] -- Up-to-date: /root/ros_ws/src/Rescue_Car_ws/install/action_msgs/share/action_msgs/msg/GoalStatus.msg
[0.869s] -- Up-to-date: /root/ros_ws/src/Rescue_Car_ws/install/action_msgs/share/action_msgs/msg/GoalStatusArray.msg
[0.869s] -- Up-to-date: /root/ros_ws/src/Rescue_Car_ws/install/action_msgs/share/action_msgs/srv/CancelGoal.srv
[0.869s] -- Up-to-date: /root/ros_ws/src/Rescue_Car_ws/install/action_msgs/share/action_msgs/srv/CancelGoal_Request.msg
[0.870s] -- Up-to-date: /root/ros_ws/src/Rescue_Car_ws/install/action_msgs/share/action_msgs/srv/CancelGoal_Response.msg
[0.870s] -- Up-to-date: /root/ros_ws/src/Rescue_Car_ws/install/action_msgs/share/ament_index/resource_index/package_run_dependencies/action_msgs
[0.870s] -- Up-to-date: /root/ros_ws/src/Rescue_Car_ws/install/action_msgs/share/ament_index/resource_index/parent_prefix_path/action_msgs
[0.871s] -- Up-to-date: /root/ros_ws/src/Rescue_Car_ws/install/action_msgs/share/action_msgs/environment/ament_prefix_path.sh
[0.871s] -- Up-to-date: /root/ros_ws/src/Rescue_Car_ws/install/action_msgs/share/action_msgs/environment/ament_prefix_path.dsv
[0.871s] -- Up-to-date: /root/ros_ws/src/Rescue_Car_ws/install/action_msgs/share/action_msgs/environment/path.sh
[0.871s] -- Up-to-date: /root/ros_ws/src/Rescue_Car_ws/install/action_msgs/share/action_msgs/environment/path.dsv
[0.872s] -- Up-to-date: /root/ros_ws/src/Rescue_Car_ws/install/action_msgs/share/action_msgs/local_setup.bash
[0.872s] -- Up-to-date: /root/ros_ws/src/Rescue_Car_ws/install/action_msgs/share/action_msgs/local_setup.sh
[0.872s] -- Up-to-date: /root/ros_ws/src/Rescue_Car_ws/install/action_msgs/share/action_msgs/local_setup.zsh
[0.872s] -- Up-to-date: /root/ros_ws/src/Rescue_Car_ws/install/action_msgs/share/action_msgs/local_setup.dsv
[0.872s] -- Installing: /root/ros_ws/src/Rescue_Car_ws/install/action_msgs/share/action_msgs/package.dsv
[0.872s] -- Up-to-date: /root/ros_ws/src/Rescue_Car_ws/install/action_msgs/share/ament_index/resource_index/packages/action_msgs
[0.872s] -- Up-to-date: /root/ros_ws/src/Rescue_Car_ws/install/action_msgs/share/action_msgs/cmake/export_action_msgs__rosidl_generator_cExport.cmake
[0.872s] -- Up-to-date: /root/ros_ws/src/Rescue_Car_ws/install/action_msgs/share/action_msgs/cmake/export_action_msgs__rosidl_generator_cExport-noconfig.cmake
[0.872s] -- Up-to-date: /root/ros_ws/src/Rescue_Car_ws/install/action_msgs/share/action_msgs/cmake/export_action_msgs__rosidl_typesupport_fastrtps_cExport.cmake
[0.872s] -- Up-to-date: /root/ros_ws/src/Rescue_Car_ws/install/action_msgs/share/action_msgs/cmake/export_action_msgs__rosidl_typesupport_fastrtps_cExport-noconfig.cmake
[0.872s] -- Up-to-date: /root/ros_ws/src/Rescue_Car_ws/install/action_msgs/share/action_msgs/cmake/export_action_msgs__rosidl_generator_cppExport.cmake
[0.873s] -- Up-to-date: /root/ros_ws/src/Rescue_Car_ws/install/action_msgs/share/action_msgs/cmake/export_action_msgs__rosidl_typesupport_fastrtps_cppExport.cmake
[0.873s] -- Up-to-date: /root/ros_ws/src/Rescue_Car_ws/install/action_msgs/share/action_msgs/cmake/export_action_msgs__rosidl_typesupport_fastrtps_cppExport-noconfig.cmake
[0.873s] -- Up-to-date: /root/ros_ws/src/Rescue_Car_ws/install/action_msgs/share/action_msgs/cmake/action_msgs__rosidl_typesupport_introspection_cExport.cmake
[0.873s] -- Up-to-date: /root/ros_ws/src/Rescue_Car_ws/install/action_msgs/share/action_msgs/cmake/action_msgs__rosidl_typesupport_introspection_cExport-noconfig.cmake
[0.874s] -- Up-to-date: /root/ros_ws/src/Rescue_Car_ws/install/action_msgs/share/action_msgs/cmake/action_msgs__rosidl_typesupport_cExport.cmake
[0.874s] -- Up-to-date: /root/ros_ws/src/Rescue_Car_ws/install/action_msgs/share/action_msgs/cmake/action_msgs__rosidl_typesupport_cExport-noconfig.cmake
[0.874s] -- Up-to-date: /root/ros_ws/src/Rescue_Car_ws/install/action_msgs/share/action_msgs/cmake/action_msgs__rosidl_typesupport_introspection_cppExport.cmake
[0.874s] -- Up-to-date: /root/ros_ws/src/Rescue_Car_ws/install/action_msgs/share/action_msgs/cmake/action_msgs__rosidl_typesupport_introspection_cppExport-noconfig.cmake
[0.874s] -- Up-to-date: /root/ros_ws/src/Rescue_Car_ws/install/action_msgs/share/action_msgs/cmake/action_msgs__rosidl_typesupport_cppExport.cmake
[0.874s] -- Up-to-date: /root/ros_ws/src/Rescue_Car_ws/install/action_msgs/share/action_msgs/cmake/action_msgs__rosidl_typesupport_cppExport-noconfig.cmake
[0.874s] -- Up-to-date: /root/ros_ws/src/Rescue_Car_ws/install/action_msgs/share/action_msgs/cmake/export_action_msgs__rosidl_generator_pyExport.cmake
[0.875s] -- Up-to-date: /root/ros_ws/src/Rescue_Car_ws/install/action_msgs/share/action_msgs/cmake/export_action_msgs__rosidl_generator_pyExport-noconfig.cmake
[0.875s] -- Up-to-date: /root/ros_ws/src/Rescue_Car_ws/install/action_msgs/share/action_msgs/cmake/rosidl_cmake-extras.cmake
[0.875s] -- Up-to-date: /root/ros_ws/src/Rescue_Car_ws/install/action_msgs/share/action_msgs/cmake/ament_cmake_export_dependencies-extras.cmake
[0.875s] -- Up-to-date: /root/ros_ws/src/Rescue_Car_ws/install/action_msgs/share/action_msgs/cmake/ament_cmake_export_include_directories-extras.cmake
[0.875s] -- Up-to-date: /root/ros_ws/src/Rescue_Car_ws/install/action_msgs/share/action_msgs/cmake/ament_cmake_export_libraries-extras.cmake
[0.875s] -- Up-to-date: /root/ros_ws/src/Rescue_Car_ws/install/action_msgs/share/action_msgs/cmake/ament_cmake_export_targets-extras.cmake
[0.875s] -- Up-to-date: /root/ros_ws/src/Rescue_Car_ws/install/action_msgs/share/action_msgs/cmake/rosidl_cmake_export_typesupport_targets-extras.cmake
[0.875s] -- Up-to-date: /root/ros_ws/src/Rescue_Car_ws/install/action_msgs/share/action_msgs/cmake/rosidl_cmake_export_typesupport_libraries-extras.cmake
[0.875s] -- Up-to-date: /root/ros_ws/src/Rescue_Car_ws/install/action_msgs/share/action_msgs/cmake/action_msgsConfig.cmake
[0.875s] -- Up-to-date: /root/ros_ws/src/Rescue_Car_ws/install/action_msgs/share/action_msgs/cmake/action_msgsConfig-version.cmake
[0.876s] -- Up-to-date: /root/ros_ws/src/Rescue_Car_ws/install/action_msgs/share/action_msgs/package.xml
[0.890s] Invoked command in '/root/ros_ws/src/Rescue_Car_ws/build/action_msgs' returned '0': AMENT_PREFIX_PATH=/root/ros_ws/src/Rescue_Car_ws/install/unique_identifier_msgs:/root/ros_ws/src/Rescue_Car_ws/install/builtin_interfaces:${AMENT_PREFIX_PATH} CMAKE_PREFIX_PATH=/root/ros_ws/src/Rescue_Car_ws/install/unique_identifier_msgs:/root/ros_ws/src/Rescue_Car_ws/install/builtin_interfaces:/opt/ros/humble LD_LIBRARY_PATH=/root/ros_ws/src/Rescue_Car_ws/install/unique_identifier_msgs/lib:/root/ros_ws/src/Rescue_Car_ws/install/builtin_interfaces/lib:${LD_LIBRARY_PATH} PYTHONPATH=/root/ros_ws/src/Rescue_Car_ws/install/unique_identifier_msgs/local/lib/python3.10/dist-packages:/root/ros_ws/src/Rescue_Car_ws/install/builtin_interfaces/local/lib/python3.10/dist-packages:${PYTHONPATH} /usr/bin/cmake --install /root/ros_ws/src/Rescue_Car_ws/build/action_msgs
