[0.111s] Invoking command in '/root/ros_ws/src/Rescue_Car_ws/build/complex_msgs': AMENT_PREFIX_PATH=/root/ros_ws/src/Rescue_Car_ws/install/builtin_interfaces:${AMENT_PREFIX_PATH} CMAKE_PREFIX_PATH=/root/ros_ws/src/Rescue_Car_ws/install/builtin_interfaces:/opt/ros/humble LD_LIBRARY_PATH=/root/ros_ws/src/Rescue_Car_ws/install/builtin_interfaces/lib:${LD_LIBRARY_PATH} PYTHONPATH=/root/ros_ws/src/Rescue_Car_ws/install/builtin_interfaces/local/lib/python3.10/dist-packages:${PYTHONPATH} /usr/bin/cmake /root/ros_ws/src/Rescue_Car_ws/src/microros/src/uros/micro-ROS-demos/messages/complex_msg -DCMAKE_INSTALL_PREFIX=/root/ros_ws/src/Rescue_Car_ws/install/complex_msgs
[0.268s] -- The C compiler identification is GNU 11.4.0
[0.872s] -- The CXX compiler identification is GNU 11.4.0
[1.266s] -- Detecting C compiler ABI info
[1.427s] -- Detecting C compiler ABI info - done
[1.432s] -- Check for working C compiler: /usr/bin/cc - skipped
[1.432s] -- Detecting C compile features
[1.433s] -- Detecting C compile features - done
[1.435s] -- Detecting CXX compiler ABI info
[1.582s] -- Detecting CXX compiler ABI info - done
[1.587s] -- Check for working CXX compiler: /usr/bin/c++ - skipped
[1.588s] -- Detecting CXX compile features
[1.588s] -- Detecting CXX compile features - done
[1.590s] -- Found ament_cmake: 1.3.12 (/opt/ros/humble/share/ament_cmake/cmake)
[1.758s] -- Found Python3: /usr/bin/python3 (found version "3.10.12") found components: Interpreter 
[1.861s] -- Found builtin_interfaces: 1.2.2 (/root/ros_ws/src/Rescue_Car_ws/install/builtin_interfaces/share/builtin_interfaces/cmake)
[2.119s] -- Found rosidl_generator_c: 3.1.7 (/opt/ros/humble/share/rosidl_generator_c/cmake)
[2.125s] -- Found rosidl_adapter: 3.1.7 (/opt/ros/humble/share/rosidl_adapter/cmake)
[2.134s] -- Found rosidl_generator_cpp: 3.1.7 (/opt/ros/humble/share/rosidl_generator_cpp/cmake)
[2.146s] -- Using all available rosidl_typesupport_c: rosidl_typesupport_fastrtps_c;rosidl_typesupport_introspection_c
[2.162s] -- Using all available rosidl_typesupport_cpp: rosidl_typesupport_fastrtps_cpp;rosidl_typesupport_introspection_cpp
[2.179s] -- Found rosidl_default_generators: 1.2.0 (/opt/ros/humble/share/rosidl_default_generators/cmake)
[2.450s] -- Found ament_cmake_cppcheck: 0.12.14 (/opt/ros/humble/share/ament_cmake_cppcheck/cmake)
[2.452s] -- Found ament_cmake_cpplint: 0.12.14 (/opt/ros/humble/share/ament_cmake_cpplint/cmake)
[2.455s] -- Found ament_cmake_uncrustify: 0.12.14 (/opt/ros/humble/share/ament_cmake_uncrustify/cmake)
[2.458s] -- Found ament_cmake_ros: 0.10.0 (/opt/ros/humble/share/ament_cmake_ros/cmake)
[2.749s] -- Using all available rosidl_typesupport_c: rosidl_typesupport_fastrtps_c;rosidl_typesupport_introspection_c
[2.876s] -- Using all available rosidl_typesupport_cpp: rosidl_typesupport_fastrtps_cpp;rosidl_typesupport_introspection_cpp
[3.054s] -- Found PythonInterp: /usr/bin/python3 (found suitable version "3.10.12", minimum required is "3.6") 
[3.056s] -- Found python_cmake_module: 0.10.0 (/opt/ros/humble/share/python_cmake_module/cmake)
[3.647s] -- Found PythonLibs: /usr/lib/x86_64-linux-gnu/libpython3.10.so (found suitable version "3.10.12", minimum required is "3.5") 
[3.647s] -- Using PYTHON_EXECUTABLE: /usr/bin/python3
[3.647s] -- Using PYTHON_INCLUDE_DIRS: /usr/include/python3.10
[3.647s] -- Using PYTHON_LIBRARIES: /usr/lib/x86_64-linux-gnu/libpython3.10.so
[3.669s] -- Found PythonExtra: .so  
[3.757s] -- Found ament_cmake_flake8: 0.12.14 (/opt/ros/humble/share/ament_cmake_flake8/cmake)
[3.759s] -- Found ament_cmake_pep257: 0.12.14 (/opt/ros/humble/share/ament_cmake_pep257/cmake)
[3.768s] -- Configuring done
[3.803s] -- Generating done
[3.816s] -- Build files have been written to: /root/ros_ws/src/Rescue_Car_ws/build/complex_msgs
[3.825s] Invoked command in '/root/ros_ws/src/Rescue_Car_ws/build/complex_msgs' returned '0': AMENT_PREFIX_PATH=/root/ros_ws/src/Rescue_Car_ws/install/builtin_interfaces:${AMENT_PREFIX_PATH} CMAKE_PREFIX_PATH=/root/ros_ws/src/Rescue_Car_ws/install/builtin_interfaces:/opt/ros/humble LD_LIBRARY_PATH=/root/ros_ws/src/Rescue_Car_ws/install/builtin_interfaces/lib:${LD_LIBRARY_PATH} PYTHONPATH=/root/ros_ws/src/Rescue_Car_ws/install/builtin_interfaces/local/lib/python3.10/dist-packages:${PYTHONPATH} /usr/bin/cmake /root/ros_ws/src/Rescue_Car_ws/src/microros/src/uros/micro-ROS-demos/messages/complex_msg -DCMAKE_INSTALL_PREFIX=/root/ros_ws/src/Rescue_Car_ws/install/complex_msgs
[3.827s] Invoking command in '/root/ros_ws/src/Rescue_Car_ws/build/complex_msgs': AMENT_PREFIX_PATH=/root/ros_ws/src/Rescue_Car_ws/install/builtin_interfaces:${AMENT_PREFIX_PATH} CMAKE_PREFIX_PATH=/root/ros_ws/src/Rescue_Car_ws/install/builtin_interfaces:/opt/ros/humble LD_LIBRARY_PATH=/root/ros_ws/src/Rescue_Car_ws/install/builtin_interfaces/lib:${LD_LIBRARY_PATH} PYTHONPATH=/root/ros_ws/src/Rescue_Car_ws/install/builtin_interfaces/local/lib/python3.10/dist-packages:${PYTHONPATH} /usr/bin/cmake --build /root/ros_ws/src/Rescue_Car_ws/build/complex_msgs -- -j20 -l20
[3.866s] [  2%] [34m[1mGenerating C code for ROS interfaces[0m
[3.878s] [  5%] [34m[1mGenerating C++ code for ROS interfaces[0m
[3.886s] [  5%] Built target ament_cmake_python_copy_complex_msgs
[4.163s] running egg_info
[4.165s] creating complex_msgs.egg-info
[4.167s] writing complex_msgs.egg-info/PKG-INFO
[4.167s] writing dependency_links to complex_msgs.egg-info/dependency_links.txt
[4.167s] writing top-level names to complex_msgs.egg-info/top_level.txt
[4.168s] writing manifest file 'complex_msgs.egg-info/SOURCES.txt'
[4.176s] reading manifest file 'complex_msgs.egg-info/SOURCES.txt'
[4.176s] writing manifest file 'complex_msgs.egg-info/SOURCES.txt'
[4.241s] [  5%] Built target ament_cmake_python_build_complex_msgs_egg
[4.315s] [  7%] [32mBuilding C object CMakeFiles/complex_msgs__rosidl_generator_c.dir/rosidl_generator_c/complex_msgs/msg/detail/multi_string_test__functions.c.o[0m
[4.318s] [  7%] Built target complex_msgs__cpp
[4.324s] [ 10%] [32mBuilding C object CMakeFiles/complex_msgs__rosidl_generator_c.dir/rosidl_generator_c/complex_msgs/msg/detail/nested_msg_test__functions.c.o[0m
[4.341s] [ 12%] [34m[1mGenerating C++ type support for eProsima Fast-RTPS[0m
[4.346s] [ 15%] [34m[1mGenerating C++ type support dispatch for ROS interfaces[0m
[4.356s] [ 17%] [34m[1mGenerating C++ introspection for ROS interfaces[0m
[4.429s] [ 20%] [32m[1mLinking C shared library libcomplex_msgs__rosidl_generator_c.so[0m
[4.722s] [ 23%] [32mBuilding CXX object CMakeFiles/complex_msgs__rosidl_typesupport_cpp.dir/rosidl_typesupport_cpp/complex_msgs/msg/multi_string_test__type_support.cpp.o[0m
[4.739s] [ 25%] [32mBuilding CXX object CMakeFiles/complex_msgs__rosidl_typesupport_cpp.dir/rosidl_typesupport_cpp/complex_msgs/msg/nested_msg_test__type_support.cpp.o[0m
[4.754s] [ 28%] [32mBuilding CXX object CMakeFiles/complex_msgs__rosidl_typesupport_fastrtps_cpp.dir/rosidl_typesupport_fastrtps_cpp/complex_msgs/msg/detail/dds_fastrtps/multi_string_test__type_support.cpp.o[0m
[4.781s] [ 30%] [32mBuilding CXX object CMakeFiles/complex_msgs__rosidl_typesupport_fastrtps_cpp.dir/rosidl_typesupport_fastrtps_cpp/complex_msgs/msg/detail/dds_fastrtps/nested_msg_test__type_support.cpp.o[0m
[4.874s] [ 33%] [32mBuilding CXX object CMakeFiles/complex_msgs__rosidl_typesupport_introspection_cpp.dir/rosidl_typesupport_introspection_cpp/complex_msgs/msg/detail/multi_string_test__type_support.cpp.o[0m
[4.885s] [ 35%] [32mBuilding CXX object CMakeFiles/complex_msgs__rosidl_typesupport_introspection_cpp.dir/rosidl_typesupport_introspection_cpp/complex_msgs/msg/detail/nested_msg_test__type_support.cpp.o[0m
[5.137s] [ 35%] Built target complex_msgs__rosidl_generator_c
[5.163s] [ 38%] [34m[1mGenerating C type support dispatch for ROS interfaces[0m
[5.163s] [ 41%] [34m[1mGenerating C introspection for ROS interfaces[0m
[5.164s] [ 43%] [34m[1mGenerating C type support for eProsima Fast-RTPS[0m
[5.221s] [ 46%] [32m[1mLinking CXX shared library libcomplex_msgs__rosidl_typesupport_cpp.so[0m
[5.552s] [ 48%] [32mBuilding CXX object CMakeFiles/complex_msgs__rosidl_typesupport_c.dir/rosidl_typesupport_c/complex_msgs/msg/multi_string_test__type_support.cpp.o[0m
[5.568s] [ 51%] [32mBuilding CXX object CMakeFiles/complex_msgs__rosidl_typesupport_c.dir/rosidl_typesupport_c/complex_msgs/msg/nested_msg_test__type_support.cpp.o[0m
[5.592s] [ 53%] [32m[1mLinking CXX shared library libcomplex_msgs__rosidl_typesupport_fastrtps_cpp.so[0m
[5.599s] [ 56%] [32mBuilding C object CMakeFiles/complex_msgs__rosidl_typesupport_introspection_c.dir/rosidl_typesupport_introspection_c/complex_msgs/msg/detail/multi_string_test__type_support.c.o[0m
[5.612s] [ 58%] [32mBuilding C object CMakeFiles/complex_msgs__rosidl_typesupport_introspection_c.dir/rosidl_typesupport_introspection_c/complex_msgs/msg/detail/nested_msg_test__type_support.c.o[0m
[5.626s] [ 61%] [32m[1mLinking CXX shared library libcomplex_msgs__rosidl_typesupport_c.so[0m
[5.649s] [ 64%] [32m[1mLinking CXX shared library libcomplex_msgs__rosidl_typesupport_introspection_cpp.so[0m
[5.707s] [ 66%] [32m[1mLinking C shared library libcomplex_msgs__rosidl_typesupport_introspection_c.so[0m
[5.798s] [ 69%] [32mBuilding CXX object CMakeFiles/complex_msgs__rosidl_typesupport_fastrtps_c.dir/rosidl_typesupport_fastrtps_c/complex_msgs/msg/detail/multi_string_test__type_support_c.cpp.o[0m
[5.810s] [ 71%] [32mBuilding CXX object CMakeFiles/complex_msgs__rosidl_typesupport_fastrtps_c.dir/rosidl_typesupport_fastrtps_c/complex_msgs/msg/detail/nested_msg_test__type_support_c.cpp.o[0m
[5.980s] [ 71%] Built target complex_msgs__rosidl_typesupport_cpp
[6.368s] [ 71%] Built target complex_msgs__rosidl_typesupport_fastrtps_cpp
[6.379s] [ 71%] Built target complex_msgs__rosidl_typesupport_introspection_cpp
[6.527s] [ 74%] [32m[1mLinking CXX shared library libcomplex_msgs__rosidl_typesupport_fastrtps_c.so[0m
[6.610s] [ 74%] Built target complex_msgs__rosidl_typesupport_c
[6.611s] [ 74%] Built target complex_msgs__rosidl_typesupport_introspection_c
[6.934s] [ 74%] Built target complex_msgs__rosidl_typesupport_fastrtps_c
[6.970s] [ 74%] Built target complex_msgs
[7.001s] [ 76%] [34m[1mGenerating Python code for ROS interfaces[0m
[7.573s] [ 76%] Built target complex_msgs__py
[7.638s] [ 79%] [32mBuilding C object CMakeFiles/complex_msgs__rosidl_generator_py.dir/rosidl_generator_py/complex_msgs/msg/_nested_msg_test_s.c.o[0m
[7.639s] [ 82%] [32mBuilding C object CMakeFiles/complex_msgs__rosidl_generator_py.dir/rosidl_generator_py/complex_msgs/msg/_multi_string_test_s.c.o[0m
[7.804s] [ 84%] [32m[1mLinking C shared library rosidl_generator_py/complex_msgs/libcomplex_msgs__rosidl_generator_py.so[0m
[8.381s] [ 84%] Built target complex_msgs__rosidl_generator_py
[8.437s] [ 87%] [32mBuilding C object CMakeFiles/complex_msgs__rosidl_typesupport_fastrtps_c__pyext.dir/rosidl_generator_py/complex_msgs/_complex_msgs_s.ep.rosidl_typesupport_fastrtps_c.c.o[0m
[8.445s] [ 89%] [32mBuilding C object CMakeFiles/complex_msgs__rosidl_typesupport_introspection_c__pyext.dir/rosidl_generator_py/complex_msgs/_complex_msgs_s.ep.rosidl_typesupport_introspection_c.c.o[0m
[8.457s] [ 92%] [32mBuilding C object CMakeFiles/complex_msgs__rosidl_typesupport_c__pyext.dir/rosidl_generator_py/complex_msgs/_complex_msgs_s.ep.rosidl_typesupport_c.c.o[0m
[8.636s] [ 94%] [32m[1mLinking C shared library rosidl_generator_py/complex_msgs/complex_msgs_s__rosidl_typesupport_fastrtps_c.cpython-310-x86_64-linux-gnu.so[0m
[8.693s] [ 97%] [32m[1mLinking C shared library rosidl_generator_py/complex_msgs/complex_msgs_s__rosidl_typesupport_introspection_c.cpython-310-x86_64-linux-gnu.so[0m
[8.705s] [100%] [32m[1mLinking C shared library rosidl_generator_py/complex_msgs/complex_msgs_s__rosidl_typesupport_c.cpython-310-x86_64-linux-gnu.so[0m
[8.905s] [100%] Built target complex_msgs__rosidl_typesupport_fastrtps_c__pyext
[9.108s] [100%] Built target complex_msgs__rosidl_typesupport_introspection_c__pyext
[9.323s] [100%] Built target complex_msgs__rosidl_typesupport_c__pyext
[9.358s] Invoked command in '/root/ros_ws/src/Rescue_Car_ws/build/complex_msgs' returned '0': AMENT_PREFIX_PATH=/root/ros_ws/src/Rescue_Car_ws/install/builtin_interfaces:${AMENT_PREFIX_PATH} CMAKE_PREFIX_PATH=/root/ros_ws/src/Rescue_Car_ws/install/builtin_interfaces:/opt/ros/humble LD_LIBRARY_PATH=/root/ros_ws/src/Rescue_Car_ws/install/builtin_interfaces/lib:${LD_LIBRARY_PATH} PYTHONPATH=/root/ros_ws/src/Rescue_Car_ws/install/builtin_interfaces/local/lib/python3.10/dist-packages:${PYTHONPATH} /usr/bin/cmake --build /root/ros_ws/src/Rescue_Car_ws/build/complex_msgs -- -j20 -l20
[9.358s] Invoking command in '/root/ros_ws/src/Rescue_Car_ws/build/complex_msgs': AMENT_PREFIX_PATH=/root/ros_ws/src/Rescue_Car_ws/install/builtin_interfaces:${AMENT_PREFIX_PATH} CMAKE_PREFIX_PATH=/root/ros_ws/src/Rescue_Car_ws/install/builtin_interfaces:/opt/ros/humble LD_LIBRARY_PATH=/root/ros_ws/src/Rescue_Car_ws/install/builtin_interfaces/lib:${LD_LIBRARY_PATH} PYTHONPATH=/root/ros_ws/src/Rescue_Car_ws/install/builtin_interfaces/local/lib/python3.10/dist-packages:${PYTHONPATH} /usr/bin/cmake --install /root/ros_ws/src/Rescue_Car_ws/build/complex_msgs
[9.385s] -- Install configuration: ""
[9.385s] -- Installing: /root/ros_ws/src/Rescue_Car_ws/install/complex_msgs/share/ament_index/resource_index/rosidl_interfaces/complex_msgs
[9.386s] -- Installing: /root/ros_ws/src/Rescue_Car_ws/install/complex_msgs/include/complex_msgs/complex_msgs
[9.389s] -- Installing: /root/ros_ws/src/Rescue_Car_ws/install/complex_msgs/include/complex_msgs/complex_msgs/msg
[9.389s] -- Installing: /root/ros_ws/src/Rescue_Car_ws/install/complex_msgs/include/complex_msgs/complex_msgs/msg/nested_msg_test.h
[9.389s] -- Installing: /root/ros_ws/src/Rescue_Car_ws/install/complex_msgs/include/complex_msgs/complex_msgs/msg/multi_string_test.h
[9.398s] -- Installing: /root/ros_ws/src/Rescue_Car_ws/install/complex_msgs/include/complex_msgs/complex_msgs/msg/detail
[9.398s] -- Installing: /root/ros_ws/src/Rescue_Car_ws/install/complex_msgs/include/complex_msgs/complex_msgs/msg/detail/multi_string_test__struct.h
[9.398s] -- Installing: /root/ros_ws/src/Rescue_Car_ws/install/complex_msgs/include/complex_msgs/complex_msgs/msg/detail/nested_msg_test__functions.h
[9.398s] -- Installing: /root/ros_ws/src/Rescue_Car_ws/install/complex_msgs/include/complex_msgs/complex_msgs/msg/detail/multi_string_test__type_support.h
[9.398s] -- Installing: /root/ros_ws/src/Rescue_Car_ws/install/complex_msgs/include/complex_msgs/complex_msgs/msg/detail/nested_msg_test__functions.c
[9.398s] -- Installing: /root/ros_ws/src/Rescue_Car_ws/install/complex_msgs/include/complex_msgs/complex_msgs/msg/detail/multi_string_test__functions.h
[9.399s] -- Installing: /root/ros_ws/src/Rescue_Car_ws/install/complex_msgs/include/complex_msgs/complex_msgs/msg/detail/multi_string_test__functions.c
[9.399s] -- Installing: /root/ros_ws/src/Rescue_Car_ws/install/complex_msgs/include/complex_msgs/complex_msgs/msg/detail/nested_msg_test__type_support.h
[9.399s] -- Installing: /root/ros_ws/src/Rescue_Car_ws/install/complex_msgs/include/complex_msgs/complex_msgs/msg/detail/nested_msg_test__struct.h
[9.399s] -- Installing: /root/ros_ws/src/Rescue_Car_ws/install/complex_msgs/include/complex_msgs/complex_msgs/msg/rosidl_generator_c__visibility_control.h
[9.399s] -- Installing: /root/ros_ws/src/Rescue_Car_ws/install/complex_msgs/share/complex_msgs/environment/library_path.sh
[9.399s] -- Installing: /root/ros_ws/src/Rescue_Car_ws/install/complex_msgs/share/complex_msgs/environment/library_path.dsv
[9.399s] -- Installing: /root/ros_ws/src/Rescue_Car_ws/install/complex_msgs/lib/libcomplex_msgs__rosidl_generator_c.so
[9.399s] -- Set runtime path of "/root/ros_ws/src/Rescue_Car_ws/install/complex_msgs/lib/libcomplex_msgs__rosidl_generator_c.so" to ""
[9.399s] -- Up-to-date: /root/ros_ws/src/Rescue_Car_ws/install/complex_msgs/include/complex_msgs/complex_msgs
[9.399s] -- Up-to-date: /root/ros_ws/src/Rescue_Car_ws/install/complex_msgs/include/complex_msgs/complex_msgs/msg
[9.399s] -- Up-to-date: /root/ros_ws/src/Rescue_Car_ws/install/complex_msgs/include/complex_msgs/complex_msgs/msg/detail
[9.399s] -- Installing: /root/ros_ws/src/Rescue_Car_ws/install/complex_msgs/include/complex_msgs/complex_msgs/msg/detail/nested_msg_test__rosidl_typesupport_fastrtps_c.h
[9.399s] -- Installing: /root/ros_ws/src/Rescue_Car_ws/install/complex_msgs/include/complex_msgs/complex_msgs/msg/detail/multi_string_test__rosidl_typesupport_fastrtps_c.h
[9.399s] -- Installing: /root/ros_ws/src/Rescue_Car_ws/install/complex_msgs/include/complex_msgs/complex_msgs/msg/rosidl_typesupport_fastrtps_c__visibility_control.h
[9.400s] -- Installing: /root/ros_ws/src/Rescue_Car_ws/install/complex_msgs/lib/libcomplex_msgs__rosidl_typesupport_fastrtps_c.so
[9.400s] -- Set runtime path of "/root/ros_ws/src/Rescue_Car_ws/install/complex_msgs/lib/libcomplex_msgs__rosidl_typesupport_fastrtps_c.so" to ""
[9.400s] -- Up-to-date: /root/ros_ws/src/Rescue_Car_ws/install/complex_msgs/include/complex_msgs/complex_msgs
[9.400s] -- Up-to-date: /root/ros_ws/src/Rescue_Car_ws/install/complex_msgs/include/complex_msgs/complex_msgs/msg
[9.400s] -- Installing: /root/ros_ws/src/Rescue_Car_ws/install/complex_msgs/include/complex_msgs/complex_msgs/msg/nested_msg_test.hpp
[9.400s] -- Installing: /root/ros_ws/src/Rescue_Car_ws/install/complex_msgs/include/complex_msgs/complex_msgs/msg/rosidl_generator_cpp__visibility_control.hpp
[9.400s] -- Up-to-date: /root/ros_ws/src/Rescue_Car_ws/install/complex_msgs/include/complex_msgs/complex_msgs/msg/detail
[9.400s] -- Installing: /root/ros_ws/src/Rescue_Car_ws/install/complex_msgs/include/complex_msgs/complex_msgs/msg/detail/nested_msg_test__builder.hpp
[9.400s] -- Installing: /root/ros_ws/src/Rescue_Car_ws/install/complex_msgs/include/complex_msgs/complex_msgs/msg/detail/nested_msg_test__type_support.hpp
[9.400s] -- Installing: /root/ros_ws/src/Rescue_Car_ws/install/complex_msgs/include/complex_msgs/complex_msgs/msg/detail/multi_string_test__struct.hpp
[9.400s] -- Installing: /root/ros_ws/src/Rescue_Car_ws/install/complex_msgs/include/complex_msgs/complex_msgs/msg/detail/nested_msg_test__struct.hpp
[9.400s] -- Installing: /root/ros_ws/src/Rescue_Car_ws/install/complex_msgs/include/complex_msgs/complex_msgs/msg/detail/multi_string_test__traits.hpp
[9.400s] -- Installing: /root/ros_ws/src/Rescue_Car_ws/install/complex_msgs/include/complex_msgs/complex_msgs/msg/detail/multi_string_test__builder.hpp
[9.400s] -- Installing: /root/ros_ws/src/Rescue_Car_ws/install/complex_msgs/include/complex_msgs/complex_msgs/msg/detail/nested_msg_test__traits.hpp
[9.400s] -- Installing: /root/ros_ws/src/Rescue_Car_ws/install/complex_msgs/include/complex_msgs/complex_msgs/msg/detail/multi_string_test__type_support.hpp
[9.400s] -- Installing: /root/ros_ws/src/Rescue_Car_ws/install/complex_msgs/include/complex_msgs/complex_msgs/msg/multi_string_test.hpp
[9.400s] -- Up-to-date: /root/ros_ws/src/Rescue_Car_ws/install/complex_msgs/include/complex_msgs/complex_msgs
[9.409s] -- Up-to-date: /root/ros_ws/src/Rescue_Car_ws/install/complex_msgs/include/complex_msgs/complex_msgs/msg
[9.409s] -- Installing: /root/ros_ws/src/Rescue_Car_ws/install/complex_msgs/include/complex_msgs/complex_msgs/msg/rosidl_typesupport_fastrtps_cpp__visibility_control.h
[9.410s] -- Up-to-date: /root/ros_ws/src/Rescue_Car_ws/install/complex_msgs/include/complex_msgs/complex_msgs/msg/detail
[9.410s] -- Installing: /root/ros_ws/src/Rescue_Car_ws/install/complex_msgs/include/complex_msgs/complex_msgs/msg/detail/dds_fastrtps
[9.410s] -- Installing: /root/ros_ws/src/Rescue_Car_ws/install/complex_msgs/include/complex_msgs/complex_msgs/msg/detail/multi_string_test__rosidl_typesupport_fastrtps_cpp.hpp
[9.410s] -- Installing: /root/ros_ws/src/Rescue_Car_ws/install/complex_msgs/include/complex_msgs/complex_msgs/msg/detail/nested_msg_test__rosidl_typesupport_fastrtps_cpp.hpp
[9.410s] -- Installing: /root/ros_ws/src/Rescue_Car_ws/install/complex_msgs/lib/libcomplex_msgs__rosidl_typesupport_fastrtps_cpp.so
[9.410s] -- Set runtime path of "/root/ros_ws/src/Rescue_Car_ws/install/complex_msgs/lib/libcomplex_msgs__rosidl_typesupport_fastrtps_cpp.so" to ""
[9.410s] -- Up-to-date: /root/ros_ws/src/Rescue_Car_ws/install/complex_msgs/include/complex_msgs/complex_msgs
[9.410s] -- Up-to-date: /root/ros_ws/src/Rescue_Car_ws/install/complex_msgs/include/complex_msgs/complex_msgs/msg
[9.410s] -- Installing: /root/ros_ws/src/Rescue_Car_ws/install/complex_msgs/include/complex_msgs/complex_msgs/msg/rosidl_typesupport_introspection_c__visibility_control.h
[9.410s] -- Up-to-date: /root/ros_ws/src/Rescue_Car_ws/install/complex_msgs/include/complex_msgs/complex_msgs/msg/detail
[9.410s] -- Installing: /root/ros_ws/src/Rescue_Car_ws/install/complex_msgs/include/complex_msgs/complex_msgs/msg/detail/multi_string_test__rosidl_typesupport_introspection_c.h
[9.410s] -- Installing: /root/ros_ws/src/Rescue_Car_ws/install/complex_msgs/include/complex_msgs/complex_msgs/msg/detail/nested_msg_test__rosidl_typesupport_introspection_c.h
[9.410s] -- Installing: /root/ros_ws/src/Rescue_Car_ws/install/complex_msgs/include/complex_msgs/complex_msgs/msg/detail/multi_string_test__type_support.c
[9.410s] -- Installing: /root/ros_ws/src/Rescue_Car_ws/install/complex_msgs/include/complex_msgs/complex_msgs/msg/detail/nested_msg_test__type_support.c
[9.410s] -- Installing: /root/ros_ws/src/Rescue_Car_ws/install/complex_msgs/lib/libcomplex_msgs__rosidl_typesupport_introspection_c.so
[9.410s] -- Set runtime path of "/root/ros_ws/src/Rescue_Car_ws/install/complex_msgs/lib/libcomplex_msgs__rosidl_typesupport_introspection_c.so" to ""
[9.410s] -- Installing: /root/ros_ws/src/Rescue_Car_ws/install/complex_msgs/lib/libcomplex_msgs__rosidl_typesupport_c.so
[9.410s] -- Set runtime path of "/root/ros_ws/src/Rescue_Car_ws/install/complex_msgs/lib/libcomplex_msgs__rosidl_typesupport_c.so" to ""
[9.410s] -- Up-to-date: /root/ros_ws/src/Rescue_Car_ws/install/complex_msgs/include/complex_msgs/complex_msgs
[9.411s] -- Up-to-date: /root/ros_ws/src/Rescue_Car_ws/install/complex_msgs/include/complex_msgs/complex_msgs/msg
[9.411s] -- Up-to-date: /root/ros_ws/src/Rescue_Car_ws/install/complex_msgs/include/complex_msgs/complex_msgs/msg/detail
[9.411s] -- Installing: /root/ros_ws/src/Rescue_Car_ws/install/complex_msgs/include/complex_msgs/complex_msgs/msg/detail/nested_msg_test__type_support.cpp
[9.411s] -- Installing: /root/ros_ws/src/Rescue_Car_ws/install/complex_msgs/include/complex_msgs/complex_msgs/msg/detail/multi_string_test__rosidl_typesupport_introspection_cpp.hpp
[9.411s] -- Installing: /root/ros_ws/src/Rescue_Car_ws/install/complex_msgs/include/complex_msgs/complex_msgs/msg/detail/nested_msg_test__rosidl_typesupport_introspection_cpp.hpp
[9.411s] -- Installing: /root/ros_ws/src/Rescue_Car_ws/install/complex_msgs/include/complex_msgs/complex_msgs/msg/detail/multi_string_test__type_support.cpp
[9.411s] -- Installing: /root/ros_ws/src/Rescue_Car_ws/install/complex_msgs/lib/libcomplex_msgs__rosidl_typesupport_introspection_cpp.so
[9.411s] -- Set runtime path of "/root/ros_ws/src/Rescue_Car_ws/install/complex_msgs/lib/libcomplex_msgs__rosidl_typesupport_introspection_cpp.so" to ""
[9.411s] -- Installing: /root/ros_ws/src/Rescue_Car_ws/install/complex_msgs/lib/libcomplex_msgs__rosidl_typesupport_cpp.so
[9.411s] -- Set runtime path of "/root/ros_ws/src/Rescue_Car_ws/install/complex_msgs/lib/libcomplex_msgs__rosidl_typesupport_cpp.so" to ""
[9.411s] -- Installing: /root/ros_ws/src/Rescue_Car_ws/install/complex_msgs/share/complex_msgs/environment/pythonpath.sh
[9.411s] -- Installing: /root/ros_ws/src/Rescue_Car_ws/install/complex_msgs/share/complex_msgs/environment/pythonpath.dsv
[9.411s] -- Installing: /root/ros_ws/src/Rescue_Car_ws/install/complex_msgs/local/lib/python3.10/dist-packages/complex_msgs-3.0.2-py3.10.egg-info
[9.415s] -- Installing: /root/ros_ws/src/Rescue_Car_ws/install/complex_msgs/local/lib/python3.10/dist-packages/complex_msgs-3.0.2-py3.10.egg-info/dependency_links.txt
[9.415s] -- Installing: /root/ros_ws/src/Rescue_Car_ws/install/complex_msgs/local/lib/python3.10/dist-packages/complex_msgs-3.0.2-py3.10.egg-info/SOURCES.txt
[9.415s] -- Installing: /root/ros_ws/src/Rescue_Car_ws/install/complex_msgs/local/lib/python3.10/dist-packages/complex_msgs-3.0.2-py3.10.egg-info/PKG-INFO
[9.415s] -- Installing: /root/ros_ws/src/Rescue_Car_ws/install/complex_msgs/local/lib/python3.10/dist-packages/complex_msgs-3.0.2-py3.10.egg-info/top_level.txt
[9.415s] -- Installing: /root/ros_ws/src/Rescue_Car_ws/install/complex_msgs/local/lib/python3.10/dist-packages/complex_msgs
[9.415s] -- Installing: /root/ros_ws/src/Rescue_Car_ws/install/complex_msgs/local/lib/python3.10/dist-packages/complex_msgs/libcomplex_msgs__rosidl_generator_py.so
[9.415s] -- Installing: /root/ros_ws/src/Rescue_Car_ws/install/complex_msgs/local/lib/python3.10/dist-packages/complex_msgs/_complex_msgs_s.ep.rosidl_typesupport_c.c
[9.416s] -- Installing: /root/ros_ws/src/Rescue_Car_ws/install/complex_msgs/local/lib/python3.10/dist-packages/complex_msgs/complex_msgs_s__rosidl_typesupport_c.cpython-310-x86_64-linux-gnu.so
[9.416s] -- Installing: /root/ros_ws/src/Rescue_Car_ws/install/complex_msgs/local/lib/python3.10/dist-packages/complex_msgs/complex_msgs_s__rosidl_typesupport_introspection_c.cpython-310-x86_64-linux-gnu.so
[9.416s] -- Installing: /root/ros_ws/src/Rescue_Car_ws/install/complex_msgs/local/lib/python3.10/dist-packages/complex_msgs/_complex_msgs_s.ep.rosidl_typesupport_fastrtps_c.c
[9.416s] -- Installing: /root/ros_ws/src/Rescue_Car_ws/install/complex_msgs/local/lib/python3.10/dist-packages/complex_msgs/complex_msgs_s__rosidl_typesupport_fastrtps_c.cpython-310-x86_64-linux-gnu.so
[9.421s] -- Installing: /root/ros_ws/src/Rescue_Car_ws/install/complex_msgs/local/lib/python3.10/dist-packages/complex_msgs/_complex_msgs_s.ep.rosidl_typesupport_introspection_c.c
[9.421s] -- Installing: /root/ros_ws/src/Rescue_Car_ws/install/complex_msgs/local/lib/python3.10/dist-packages/complex_msgs/__init__.py
[9.421s] -- Installing: /root/ros_ws/src/Rescue_Car_ws/install/complex_msgs/local/lib/python3.10/dist-packages/complex_msgs/msg
[9.421s] -- Installing: /root/ros_ws/src/Rescue_Car_ws/install/complex_msgs/local/lib/python3.10/dist-packages/complex_msgs/msg/_nested_msg_test.py
[9.422s] -- Installing: /root/ros_ws/src/Rescue_Car_ws/install/complex_msgs/local/lib/python3.10/dist-packages/complex_msgs/msg/_nested_msg_test_s.c
[9.422s] -- Installing: /root/ros_ws/src/Rescue_Car_ws/install/complex_msgs/local/lib/python3.10/dist-packages/complex_msgs/msg/_multi_string_test.py
[9.422s] -- Installing: /root/ros_ws/src/Rescue_Car_ws/install/complex_msgs/local/lib/python3.10/dist-packages/complex_msgs/msg/__init__.py
[9.422s] -- Installing: /root/ros_ws/src/Rescue_Car_ws/install/complex_msgs/local/lib/python3.10/dist-packages/complex_msgs/msg/_multi_string_test_s.c
[9.514s] Listing '/root/ros_ws/src/Rescue_Car_ws/install/complex_msgs/local/lib/python3.10/dist-packages/complex_msgs'...
[9.514s] Compiling '/root/ros_ws/src/Rescue_Car_ws/install/complex_msgs/local/lib/python3.10/dist-packages/complex_msgs/__init__.py'...
[9.514s] Listing '/root/ros_ws/src/Rescue_Car_ws/install/complex_msgs/local/lib/python3.10/dist-packages/complex_msgs/msg'...
[9.514s] Compiling '/root/ros_ws/src/Rescue_Car_ws/install/complex_msgs/local/lib/python3.10/dist-packages/complex_msgs/msg/__init__.py'...
[9.514s] Compiling '/root/ros_ws/src/Rescue_Car_ws/install/complex_msgs/local/lib/python3.10/dist-packages/complex_msgs/msg/_multi_string_test.py'...
[9.514s] Compiling '/root/ros_ws/src/Rescue_Car_ws/install/complex_msgs/local/lib/python3.10/dist-packages/complex_msgs/msg/_nested_msg_test.py'...
[9.529s] -- Installing: /root/ros_ws/src/Rescue_Car_ws/install/complex_msgs/local/lib/python3.10/dist-packages/complex_msgs/complex_msgs_s__rosidl_typesupport_fastrtps_c.cpython-310-x86_64-linux-gnu.so
[9.529s] -- Set runtime path of "/root/ros_ws/src/Rescue_Car_ws/install/complex_msgs/local/lib/python3.10/dist-packages/complex_msgs/complex_msgs_s__rosidl_typesupport_fastrtps_c.cpython-310-x86_64-linux-gnu.so" to ""
[9.529s] -- Installing: /root/ros_ws/src/Rescue_Car_ws/install/complex_msgs/local/lib/python3.10/dist-packages/complex_msgs/complex_msgs_s__rosidl_typesupport_introspection_c.cpython-310-x86_64-linux-gnu.so
[9.530s] -- Set runtime path of "/root/ros_ws/src/Rescue_Car_ws/install/complex_msgs/local/lib/python3.10/dist-packages/complex_msgs/complex_msgs_s__rosidl_typesupport_introspection_c.cpython-310-x86_64-linux-gnu.so" to ""
[9.530s] -- Installing: /root/ros_ws/src/Rescue_Car_ws/install/complex_msgs/local/lib/python3.10/dist-packages/complex_msgs/complex_msgs_s__rosidl_typesupport_c.cpython-310-x86_64-linux-gnu.so
[9.530s] -- Set runtime path of "/root/ros_ws/src/Rescue_Car_ws/install/complex_msgs/local/lib/python3.10/dist-packages/complex_msgs/complex_msgs_s__rosidl_typesupport_c.cpython-310-x86_64-linux-gnu.so" to ""
[9.530s] -- Installing: /root/ros_ws/src/Rescue_Car_ws/install/complex_msgs/lib/libcomplex_msgs__rosidl_generator_py.so
[9.530s] -- Set runtime path of "/root/ros_ws/src/Rescue_Car_ws/install/complex_msgs/lib/libcomplex_msgs__rosidl_generator_py.so" to ""
[9.530s] -- Installing: /root/ros_ws/src/Rescue_Car_ws/install/complex_msgs/share/complex_msgs/msg/MultiStringTest.idl
[9.530s] -- Installing: /root/ros_ws/src/Rescue_Car_ws/install/complex_msgs/share/complex_msgs/msg/NestedMsgTest.idl
[9.532s] -- Installing: /root/ros_ws/src/Rescue_Car_ws/install/complex_msgs/share/complex_msgs/msg/MultiStringTest.msg
[9.532s] -- Installing: /root/ros_ws/src/Rescue_Car_ws/install/complex_msgs/share/complex_msgs/msg/NestedMsgTest.msg
[9.533s] -- Installing: /root/ros_ws/src/Rescue_Car_ws/install/complex_msgs/share/ament_index/resource_index/package_run_dependencies/complex_msgs
[9.533s] -- Installing: /root/ros_ws/src/Rescue_Car_ws/install/complex_msgs/share/ament_index/resource_index/parent_prefix_path/complex_msgs
[9.537s] -- Installing: /root/ros_ws/src/Rescue_Car_ws/install/complex_msgs/share/complex_msgs/environment/ament_prefix_path.sh
[9.537s] -- Installing: /root/ros_ws/src/Rescue_Car_ws/install/complex_msgs/share/complex_msgs/environment/ament_prefix_path.dsv
[9.538s] -- Installing: /root/ros_ws/src/Rescue_Car_ws/install/complex_msgs/share/complex_msgs/environment/path.sh
[9.538s] -- Installing: /root/ros_ws/src/Rescue_Car_ws/install/complex_msgs/share/complex_msgs/environment/path.dsv
[9.538s] -- Installing: /root/ros_ws/src/Rescue_Car_ws/install/complex_msgs/share/complex_msgs/local_setup.bash
[9.538s] -- Installing: /root/ros_ws/src/Rescue_Car_ws/install/complex_msgs/share/complex_msgs/local_setup.sh
[9.538s] -- Installing: /root/ros_ws/src/Rescue_Car_ws/install/complex_msgs/share/complex_msgs/local_setup.zsh
[9.538s] -- Installing: /root/ros_ws/src/Rescue_Car_ws/install/complex_msgs/share/complex_msgs/local_setup.dsv
[9.538s] -- Installing: /root/ros_ws/src/Rescue_Car_ws/install/complex_msgs/share/complex_msgs/package.dsv
[9.538s] -- Installing: /root/ros_ws/src/Rescue_Car_ws/install/complex_msgs/share/ament_index/resource_index/packages/complex_msgs
[9.538s] -- Installing: /root/ros_ws/src/Rescue_Car_ws/install/complex_msgs/share/complex_msgs/cmake/export_complex_msgs__rosidl_generator_cExport.cmake
[9.538s] -- Installing: /root/ros_ws/src/Rescue_Car_ws/install/complex_msgs/share/complex_msgs/cmake/export_complex_msgs__rosidl_generator_cExport-noconfig.cmake
[9.538s] -- Installing: /root/ros_ws/src/Rescue_Car_ws/install/complex_msgs/share/complex_msgs/cmake/export_complex_msgs__rosidl_typesupport_fastrtps_cExport.cmake
[9.538s] -- Installing: /root/ros_ws/src/Rescue_Car_ws/install/complex_msgs/share/complex_msgs/cmake/export_complex_msgs__rosidl_typesupport_fastrtps_cExport-noconfig.cmake
[9.538s] -- Installing: /root/ros_ws/src/Rescue_Car_ws/install/complex_msgs/share/complex_msgs/cmake/export_complex_msgs__rosidl_generator_cppExport.cmake
[9.538s] -- Installing: /root/ros_ws/src/Rescue_Car_ws/install/complex_msgs/share/complex_msgs/cmake/export_complex_msgs__rosidl_typesupport_fastrtps_cppExport.cmake
[9.538s] -- Installing: /root/ros_ws/src/Rescue_Car_ws/install/complex_msgs/share/complex_msgs/cmake/export_complex_msgs__rosidl_typesupport_fastrtps_cppExport-noconfig.cmake
[9.539s] -- Installing: /root/ros_ws/src/Rescue_Car_ws/install/complex_msgs/share/complex_msgs/cmake/complex_msgs__rosidl_typesupport_introspection_cExport.cmake
[9.539s] -- Installing: /root/ros_ws/src/Rescue_Car_ws/install/complex_msgs/share/complex_msgs/cmake/complex_msgs__rosidl_typesupport_introspection_cExport-noconfig.cmake
[9.539s] -- Installing: /root/ros_ws/src/Rescue_Car_ws/install/complex_msgs/share/complex_msgs/cmake/complex_msgs__rosidl_typesupport_cExport.cmake
[9.539s] -- Installing: /root/ros_ws/src/Rescue_Car_ws/install/complex_msgs/share/complex_msgs/cmake/complex_msgs__rosidl_typesupport_cExport-noconfig.cmake
[9.539s] -- Installing: /root/ros_ws/src/Rescue_Car_ws/install/complex_msgs/share/complex_msgs/cmake/complex_msgs__rosidl_typesupport_introspection_cppExport.cmake
[9.539s] -- Installing: /root/ros_ws/src/Rescue_Car_ws/install/complex_msgs/share/complex_msgs/cmake/complex_msgs__rosidl_typesupport_introspection_cppExport-noconfig.cmake
[9.539s] -- Installing: /root/ros_ws/src/Rescue_Car_ws/install/complex_msgs/share/complex_msgs/cmake/complex_msgs__rosidl_typesupport_cppExport.cmake
[9.539s] -- Installing: /root/ros_ws/src/Rescue_Car_ws/install/complex_msgs/share/complex_msgs/cmake/complex_msgs__rosidl_typesupport_cppExport-noconfig.cmake
[9.539s] -- Installing: /root/ros_ws/src/Rescue_Car_ws/install/complex_msgs/share/complex_msgs/cmake/export_complex_msgs__rosidl_generator_pyExport.cmake
[9.539s] -- Installing: /root/ros_ws/src/Rescue_Car_ws/install/complex_msgs/share/complex_msgs/cmake/export_complex_msgs__rosidl_generator_pyExport-noconfig.cmake
[9.539s] -- Installing: /root/ros_ws/src/Rescue_Car_ws/install/complex_msgs/share/complex_msgs/cmake/rosidl_cmake-extras.cmake
[9.539s] -- Installing: /root/ros_ws/src/Rescue_Car_ws/install/complex_msgs/share/complex_msgs/cmake/ament_cmake_export_dependencies-extras.cmake
[9.539s] -- Installing: /root/ros_ws/src/Rescue_Car_ws/install/complex_msgs/share/complex_msgs/cmake/ament_cmake_export_include_directories-extras.cmake
[9.539s] -- Installing: /root/ros_ws/src/Rescue_Car_ws/install/complex_msgs/share/complex_msgs/cmake/ament_cmake_export_libraries-extras.cmake
[9.540s] -- Installing: /root/ros_ws/src/Rescue_Car_ws/install/complex_msgs/share/complex_msgs/cmake/ament_cmake_export_targets-extras.cmake
[9.540s] -- Installing: /root/ros_ws/src/Rescue_Car_ws/install/complex_msgs/share/complex_msgs/cmake/rosidl_cmake_export_typesupport_targets-extras.cmake
[9.540s] -- Installing: /root/ros_ws/src/Rescue_Car_ws/install/complex_msgs/share/complex_msgs/cmake/rosidl_cmake_export_typesupport_libraries-extras.cmake
[9.540s] -- Installing: /root/ros_ws/src/Rescue_Car_ws/install/complex_msgs/share/complex_msgs/cmake/complex_msgsConfig.cmake
[9.540s] -- Installing: /root/ros_ws/src/Rescue_Car_ws/install/complex_msgs/share/complex_msgs/cmake/complex_msgsConfig-version.cmake
[9.540s] -- Installing: /root/ros_ws/src/Rescue_Car_ws/install/complex_msgs/share/complex_msgs/package.xml
[9.551s] Invoked command in '/root/ros_ws/src/Rescue_Car_ws/build/complex_msgs' returned '0': AMENT_PREFIX_PATH=/root/ros_ws/src/Rescue_Car_ws/install/builtin_interfaces:${AMENT_PREFIX_PATH} CMAKE_PREFIX_PATH=/root/ros_ws/src/Rescue_Car_ws/install/builtin_interfaces:/opt/ros/humble LD_LIBRARY_PATH=/root/ros_ws/src/Rescue_Car_ws/install/builtin_interfaces/lib:${LD_LIBRARY_PATH} PYTHONPATH=/root/ros_ws/src/Rescue_Car_ws/install/builtin_interfaces/local/lib/python3.10/dist-packages:${PYTHONPATH} /usr/bin/cmake --install /root/ros_ws/src/Rescue_Car_ws/build/complex_msgs
