[0.393s] Invoking command in '/root/ros_ws/src/Rescue_Car_ws/build/diagnostic_msgs': AMENT_PREFIX_PATH=/root/ros_ws/src/Rescue_Car_ws/install/geometry_msgs:/root/ros_ws/src/Rescue_Car_ws/install/std_msgs:/root/ros_ws/src/Rescue_Car_ws/install/builtin_interfaces:${AMENT_PREFIX_PATH} CMAKE_PREFIX_PATH=/root/ros_ws/src/Rescue_Car_ws/install/geometry_msgs:/root/ros_ws/src/Rescue_Car_ws/install/std_msgs:/root/ros_ws/src/Rescue_Car_ws/install/builtin_interfaces:/opt/ros/humble LD_LIBRARY_PATH=/root/ros_ws/src/Rescue_Car_ws/install/geometry_msgs/lib:/root/ros_ws/src/Rescue_Car_ws/install/std_msgs/lib:/root/ros_ws/src/Rescue_Car_ws/install/builtin_interfaces/lib:${LD_LIBRARY_PATH} PYTHONPATH=/root/ros_ws/src/Rescue_Car_ws/install/geometry_msgs/local/lib/python3.10/dist-packages:/root/ros_ws/src/Rescue_Car_ws/install/std_msgs/local/lib/python3.10/dist-packages:/root/ros_ws/src/Rescue_Car_ws/install/builtin_interfaces/local/lib/python3.10/dist-packages:${PYTHONPATH} /usr/bin/cmake --build /root/ros_ws/src/Rescue_Car_ws/build/diagnostic_msgs -- -j20 -l20
[0.435s] [35m[1mConsolidate compiler generated dependencies of target diagnostic_msgs__rosidl_generator_c[0m
[0.454s] [  1%] Built target diagnostic_msgs__cpp
[0.460s] [ 12%] Built target diagnostic_msgs__rosidl_generator_c
[0.472s] [ 12%] Built target ament_cmake_python_copy_diagnostic_msgs
[0.483s] [35m[1mConsolidate compiler generated dependencies of target diagnostic_msgs__rosidl_typesupport_introspection_c[0m
[0.484s] [35m[1mConsolidate compiler generated dependencies of target diagnostic_msgs__rosidl_typesupport_cpp[0m
[0.495s] [35m[1mConsolidate compiler generated dependencies of target diagnostic_msgs__rosidl_typesupport_fastrtps_c[0m
[0.495s] [35m[1mConsolidate compiler generated dependencies of target diagnostic_msgs__rosidl_typesupport_introspection_cpp[0m
[0.496s] [35m[1mConsolidate compiler generated dependencies of target diagnostic_msgs__rosidl_typesupport_fastrtps_cpp[0m
[0.507s] [35m[1mConsolidate compiler generated dependencies of target diagnostic_msgs__rosidl_typesupport_c[0m
[0.535s] [ 23%] Built target diagnostic_msgs__rosidl_typesupport_introspection_c
[0.538s] [ 34%] Built target diagnostic_msgs__rosidl_typesupport_introspection_cpp
[0.541s] [ 46%] Built target diagnostic_msgs__rosidl_typesupport_c
[0.552s] [ 57%] Built target diagnostic_msgs__rosidl_typesupport_fastrtps_c
[0.552s] [ 68%] Built target diagnostic_msgs__rosidl_typesupport_cpp
[0.571s] [ 79%] Built target diagnostic_msgs__rosidl_typesupport_fastrtps_cpp
[0.608s] [ 79%] Built target diagnostic_msgs
[0.658s] [ 80%] Built target diagnostic_msgs__py
[0.682s] [35m[1mConsolidate compiler generated dependencies of target diagnostic_msgs__rosidl_generator_py[0m
[0.719s] [ 90%] Built target diagnostic_msgs__rosidl_generator_py
[0.743s] [35m[1mConsolidate compiler generated dependencies of target diagnostic_msgs__rosidl_typesupport_c__pyext[0m
[0.745s] [35m[1mConsolidate compiler generated dependencies of target diagnostic_msgs__rosidl_typesupport_fastrtps_c__pyext[0m
[0.746s] [35m[1mConsolidate compiler generated dependencies of target diagnostic_msgs__rosidl_typesupport_introspection_c__pyext[0m
[0.781s] [ 93%] Built target diagnostic_msgs__rosidl_typesupport_introspection_c__pyext
[0.791s] [ 96%] Built target diagnostic_msgs__rosidl_typesupport_c__pyext
[0.793s] [100%] Built target diagnostic_msgs__rosidl_typesupport_fastrtps_c__pyext
[1.140s] running egg_info
[1.140s] writing diagnostic_msgs.egg-info/PKG-INFO
[1.140s] writing dependency_links to diagnostic_msgs.egg-info/dependency_links.txt
[1.140s] writing top-level names to diagnostic_msgs.egg-info/top_level.txt
[1.140s] reading manifest file 'diagnostic_msgs.egg-info/SOURCES.txt'
[1.140s] writing manifest file 'diagnostic_msgs.egg-info/SOURCES.txt'
[1.213s] [100%] Built target ament_cmake_python_build_diagnostic_msgs_egg
[1.288s] Invoked command in '/root/ros_ws/src/Rescue_Car_ws/build/diagnostic_msgs' returned '0': AMENT_PREFIX_PATH=/root/ros_ws/src/Rescue_Car_ws/install/geometry_msgs:/root/ros_ws/src/Rescue_Car_ws/install/std_msgs:/root/ros_ws/src/Rescue_Car_ws/install/builtin_interfaces:${AMENT_PREFIX_PATH} CMAKE_PREFIX_PATH=/root/ros_ws/src/Rescue_Car_ws/install/geometry_msgs:/root/ros_ws/src/Rescue_Car_ws/install/std_msgs:/root/ros_ws/src/Rescue_Car_ws/install/builtin_interfaces:/opt/ros/humble LD_LIBRARY_PATH=/root/ros_ws/src/Rescue_Car_ws/install/geometry_msgs/lib:/root/ros_ws/src/Rescue_Car_ws/install/std_msgs/lib:/root/ros_ws/src/Rescue_Car_ws/install/builtin_interfaces/lib:${LD_LIBRARY_PATH} PYTHONPATH=/root/ros_ws/src/Rescue_Car_ws/install/geometry_msgs/local/lib/python3.10/dist-packages:/root/ros_ws/src/Rescue_Car_ws/install/std_msgs/local/lib/python3.10/dist-packages:/root/ros_ws/src/Rescue_Car_ws/install/builtin_interfaces/local/lib/python3.10/dist-packages:${PYTHONPATH} /usr/bin/cmake --build /root/ros_ws/src/Rescue_Car_ws/build/diagnostic_msgs -- -j20 -l20
[1.288s] Invoking command in '/root/ros_ws/src/Rescue_Car_ws/build/diagnostic_msgs': AMENT_PREFIX_PATH=/root/ros_ws/src/Rescue_Car_ws/install/geometry_msgs:/root/ros_ws/src/Rescue_Car_ws/install/std_msgs:/root/ros_ws/src/Rescue_Car_ws/install/builtin_interfaces:${AMENT_PREFIX_PATH} CMAKE_PREFIX_PATH=/root/ros_ws/src/Rescue_Car_ws/install/geometry_msgs:/root/ros_ws/src/Rescue_Car_ws/install/std_msgs:/root/ros_ws/src/Rescue_Car_ws/install/builtin_interfaces:/opt/ros/humble LD_LIBRARY_PATH=/root/ros_ws/src/Rescue_Car_ws/install/geometry_msgs/lib:/root/ros_ws/src/Rescue_Car_ws/install/std_msgs/lib:/root/ros_ws/src/Rescue_Car_ws/install/builtin_interfaces/lib:${LD_LIBRARY_PATH} PYTHONPATH=/root/ros_ws/src/Rescue_Car_ws/install/geometry_msgs/local/lib/python3.10/dist-packages:/root/ros_ws/src/Rescue_Car_ws/install/std_msgs/local/lib/python3.10/dist-packages:/root/ros_ws/src/Rescue_Car_ws/install/builtin_interfaces/local/lib/python3.10/dist-packages:${PYTHONPATH} /usr/bin/cmake --install /root/ros_ws/src/Rescue_Car_ws/build/diagnostic_msgs
[1.303s] -- Install configuration: ""
[1.324s] -- Up-to-date: /root/ros_ws/src/Rescue_Car_ws/install/diagnostic_msgs/share/ament_index/resource_index/rosidl_interfaces/diagnostic_msgs
[1.325s] -- Up-to-date: /root/ros_ws/src/Rescue_Car_ws/install/diagnostic_msgs/include/diagnostic_msgs/diagnostic_msgs
[1.325s] -- Up-to-date: /root/ros_ws/src/Rescue_Car_ws/install/diagnostic_msgs/include/diagnostic_msgs/diagnostic_msgs/srv
[1.325s] -- Up-to-date: /root/ros_ws/src/Rescue_Car_ws/install/diagnostic_msgs/include/diagnostic_msgs/diagnostic_msgs/srv/add_diagnostics.h
[1.325s] -- Up-to-date: /root/ros_ws/src/Rescue_Car_ws/install/diagnostic_msgs/include/diagnostic_msgs/diagnostic_msgs/srv/self_test.h
[1.325s] -- Up-to-date: /root/ros_ws/src/Rescue_Car_ws/install/diagnostic_msgs/include/diagnostic_msgs/diagnostic_msgs/srv/detail
[1.325s] -- Up-to-date: /root/ros_ws/src/Rescue_Car_ws/install/diagnostic_msgs/include/diagnostic_msgs/diagnostic_msgs/srv/detail/add_diagnostics__functions.c
[1.325s] -- Up-to-date: /root/ros_ws/src/Rescue_Car_ws/install/diagnostic_msgs/include/diagnostic_msgs/diagnostic_msgs/srv/detail/add_diagnostics__struct.h
[1.325s] -- Up-to-date: /root/ros_ws/src/Rescue_Car_ws/install/diagnostic_msgs/include/diagnostic_msgs/diagnostic_msgs/srv/detail/self_test__functions.h
[1.325s] -- Up-to-date: /root/ros_ws/src/Rescue_Car_ws/install/diagnostic_msgs/include/diagnostic_msgs/diagnostic_msgs/srv/detail/self_test__struct.h
[1.325s] -- Up-to-date: /root/ros_ws/src/Rescue_Car_ws/install/diagnostic_msgs/include/diagnostic_msgs/diagnostic_msgs/srv/detail/self_test__type_support.h
[1.325s] -- Up-to-date: /root/ros_ws/src/Rescue_Car_ws/install/diagnostic_msgs/include/diagnostic_msgs/diagnostic_msgs/srv/detail/self_test__functions.c
[1.325s] -- Up-to-date: /root/ros_ws/src/Rescue_Car_ws/install/diagnostic_msgs/include/diagnostic_msgs/diagnostic_msgs/srv/detail/add_diagnostics__functions.h
[1.326s] -- Up-to-date: /root/ros_ws/src/Rescue_Car_ws/install/diagnostic_msgs/include/diagnostic_msgs/diagnostic_msgs/srv/detail/add_diagnostics__type_support.h
[1.326s] -- Up-to-date: /root/ros_ws/src/Rescue_Car_ws/install/diagnostic_msgs/include/diagnostic_msgs/diagnostic_msgs/msg
[1.326s] -- Up-to-date: /root/ros_ws/src/Rescue_Car_ws/install/diagnostic_msgs/include/diagnostic_msgs/diagnostic_msgs/msg/diagnostic_array.h
[1.326s] -- Up-to-date: /root/ros_ws/src/Rescue_Car_ws/install/diagnostic_msgs/include/diagnostic_msgs/diagnostic_msgs/msg/diagnostic_status.h
[1.326s] -- Up-to-date: /root/ros_ws/src/Rescue_Car_ws/install/diagnostic_msgs/include/diagnostic_msgs/diagnostic_msgs/msg/detail
[1.326s] -- Up-to-date: /root/ros_ws/src/Rescue_Car_ws/install/diagnostic_msgs/include/diagnostic_msgs/diagnostic_msgs/msg/detail/diagnostic_status__functions.c
[1.326s] -- Up-to-date: /root/ros_ws/src/Rescue_Car_ws/install/diagnostic_msgs/include/diagnostic_msgs/diagnostic_msgs/msg/detail/diagnostic_status__struct.h
[1.326s] -- Up-to-date: /root/ros_ws/src/Rescue_Car_ws/install/diagnostic_msgs/include/diagnostic_msgs/diagnostic_msgs/msg/detail/key_value__functions.h
[1.326s] -- Up-to-date: /root/ros_ws/src/Rescue_Car_ws/install/diagnostic_msgs/include/diagnostic_msgs/diagnostic_msgs/msg/detail/diagnostic_array__struct.h
[1.326s] -- Up-to-date: /root/ros_ws/src/Rescue_Car_ws/install/diagnostic_msgs/include/diagnostic_msgs/diagnostic_msgs/msg/detail/diagnostic_status__functions.h
[1.326s] -- Up-to-date: /root/ros_ws/src/Rescue_Car_ws/install/diagnostic_msgs/include/diagnostic_msgs/diagnostic_msgs/msg/detail/diagnostic_array__functions.c
[1.326s] -- Up-to-date: /root/ros_ws/src/Rescue_Car_ws/install/diagnostic_msgs/include/diagnostic_msgs/diagnostic_msgs/msg/detail/diagnostic_array__functions.h
[1.326s] -- Up-to-date: /root/ros_ws/src/Rescue_Car_ws/install/diagnostic_msgs/include/diagnostic_msgs/diagnostic_msgs/msg/detail/key_value__type_support.h
[1.326s] -- Up-to-date: /root/ros_ws/src/Rescue_Car_ws/install/diagnostic_msgs/include/diagnostic_msgs/diagnostic_msgs/msg/detail/diagnostic_array__type_support.h
[1.326s] -- Up-to-date: /root/ros_ws/src/Rescue_Car_ws/install/diagnostic_msgs/include/diagnostic_msgs/diagnostic_msgs/msg/detail/key_value__functions.c
[1.326s] -- Up-to-date: /root/ros_ws/src/Rescue_Car_ws/install/diagnostic_msgs/include/diagnostic_msgs/diagnostic_msgs/msg/detail/diagnostic_status__type_support.h
[1.327s] -- Up-to-date: /root/ros_ws/src/Rescue_Car_ws/install/diagnostic_msgs/include/diagnostic_msgs/diagnostic_msgs/msg/detail/key_value__struct.h
[1.327s] -- Up-to-date: /root/ros_ws/src/Rescue_Car_ws/install/diagnostic_msgs/include/diagnostic_msgs/diagnostic_msgs/msg/rosidl_generator_c__visibility_control.h
[1.327s] -- Up-to-date: /root/ros_ws/src/Rescue_Car_ws/install/diagnostic_msgs/include/diagnostic_msgs/diagnostic_msgs/msg/key_value.h
[1.327s] -- Up-to-date: /root/ros_ws/src/Rescue_Car_ws/install/diagnostic_msgs/share/diagnostic_msgs/environment/library_path.sh
[1.327s] -- Up-to-date: /root/ros_ws/src/Rescue_Car_ws/install/diagnostic_msgs/share/diagnostic_msgs/environment/library_path.dsv
[1.327s] -- Up-to-date: /root/ros_ws/src/Rescue_Car_ws/install/diagnostic_msgs/lib/libdiagnostic_msgs__rosidl_generator_c.so
[1.327s] -- Up-to-date: /root/ros_ws/src/Rescue_Car_ws/install/diagnostic_msgs/include/diagnostic_msgs/diagnostic_msgs
[1.327s] -- Up-to-date: /root/ros_ws/src/Rescue_Car_ws/install/diagnostic_msgs/include/diagnostic_msgs/diagnostic_msgs/srv
[1.332s] -- Up-to-date: /root/ros_ws/src/Rescue_Car_ws/install/diagnostic_msgs/include/diagnostic_msgs/diagnostic_msgs/srv/detail
[1.332s] -- Up-to-date: /root/ros_ws/src/Rescue_Car_ws/install/diagnostic_msgs/include/diagnostic_msgs/diagnostic_msgs/srv/detail/add_diagnostics__rosidl_typesupport_fastrtps_c.h
[1.332s] -- Up-to-date: /root/ros_ws/src/Rescue_Car_ws/install/diagnostic_msgs/include/diagnostic_msgs/diagnostic_msgs/srv/detail/self_test__rosidl_typesupport_fastrtps_c.h
[1.332s] -- Up-to-date: /root/ros_ws/src/Rescue_Car_ws/install/diagnostic_msgs/include/diagnostic_msgs/diagnostic_msgs/msg
[1.332s] -- Up-to-date: /root/ros_ws/src/Rescue_Car_ws/install/diagnostic_msgs/include/diagnostic_msgs/diagnostic_msgs/msg/detail
[1.332s] -- Up-to-date: /root/ros_ws/src/Rescue_Car_ws/install/diagnostic_msgs/include/diagnostic_msgs/diagnostic_msgs/msg/detail/key_value__rosidl_typesupport_fastrtps_c.h
[1.332s] -- Up-to-date: /root/ros_ws/src/Rescue_Car_ws/install/diagnostic_msgs/include/diagnostic_msgs/diagnostic_msgs/msg/detail/diagnostic_status__rosidl_typesupport_fastrtps_c.h
[1.333s] -- Up-to-date: /root/ros_ws/src/Rescue_Car_ws/install/diagnostic_msgs/include/diagnostic_msgs/diagnostic_msgs/msg/detail/diagnostic_array__rosidl_typesupport_fastrtps_c.h
[1.333s] -- Up-to-date: /root/ros_ws/src/Rescue_Car_ws/install/diagnostic_msgs/include/diagnostic_msgs/diagnostic_msgs/msg/rosidl_typesupport_fastrtps_c__visibility_control.h
[1.333s] -- Up-to-date: /root/ros_ws/src/Rescue_Car_ws/install/diagnostic_msgs/lib/libdiagnostic_msgs__rosidl_typesupport_fastrtps_c.so
[1.333s] -- Up-to-date: /root/ros_ws/src/Rescue_Car_ws/install/diagnostic_msgs/include/diagnostic_msgs/diagnostic_msgs
[1.333s] -- Up-to-date: /root/ros_ws/src/Rescue_Car_ws/install/diagnostic_msgs/include/diagnostic_msgs/diagnostic_msgs/srv
[1.333s] -- Up-to-date: /root/ros_ws/src/Rescue_Car_ws/install/diagnostic_msgs/include/diagnostic_msgs/diagnostic_msgs/srv/detail
[1.333s] -- Up-to-date: /root/ros_ws/src/Rescue_Car_ws/install/diagnostic_msgs/include/diagnostic_msgs/diagnostic_msgs/srv/detail/add_diagnostics__rosidl_typesupport_introspection_c.h
[1.333s] -- Up-to-date: /root/ros_ws/src/Rescue_Car_ws/install/diagnostic_msgs/include/diagnostic_msgs/diagnostic_msgs/srv/detail/add_diagnostics__type_support.c
[1.334s] -- Up-to-date: /root/ros_ws/src/Rescue_Car_ws/install/diagnostic_msgs/include/diagnostic_msgs/diagnostic_msgs/srv/detail/self_test__rosidl_typesupport_introspection_c.h
[1.334s] -- Up-to-date: /root/ros_ws/src/Rescue_Car_ws/install/diagnostic_msgs/include/diagnostic_msgs/diagnostic_msgs/srv/detail/self_test__type_support.c
[1.334s] -- Up-to-date: /root/ros_ws/src/Rescue_Car_ws/install/diagnostic_msgs/include/diagnostic_msgs/diagnostic_msgs/msg
[1.334s] -- Up-to-date: /root/ros_ws/src/Rescue_Car_ws/install/diagnostic_msgs/include/diagnostic_msgs/diagnostic_msgs/msg/rosidl_typesupport_introspection_c__visibility_control.h
[1.334s] -- Up-to-date: /root/ros_ws/src/Rescue_Car_ws/install/diagnostic_msgs/include/diagnostic_msgs/diagnostic_msgs/msg/detail
[1.334s] -- Up-to-date: /root/ros_ws/src/Rescue_Car_ws/install/diagnostic_msgs/include/diagnostic_msgs/diagnostic_msgs/msg/detail/diagnostic_array__type_support.c
[1.334s] -- Up-to-date: /root/ros_ws/src/Rescue_Car_ws/install/diagnostic_msgs/include/diagnostic_msgs/diagnostic_msgs/msg/detail/diagnostic_status__type_support.c
[1.334s] -- Up-to-date: /root/ros_ws/src/Rescue_Car_ws/install/diagnostic_msgs/include/diagnostic_msgs/diagnostic_msgs/msg/detail/diagnostic_array__rosidl_typesupport_introspection_c.h
[1.335s] -- Up-to-date: /root/ros_ws/src/Rescue_Car_ws/install/diagnostic_msgs/include/diagnostic_msgs/diagnostic_msgs/msg/detail/key_value__rosidl_typesupport_introspection_c.h
[1.335s] -- Up-to-date: /root/ros_ws/src/Rescue_Car_ws/install/diagnostic_msgs/include/diagnostic_msgs/diagnostic_msgs/msg/detail/key_value__type_support.c
[1.335s] -- Up-to-date: /root/ros_ws/src/Rescue_Car_ws/install/diagnostic_msgs/include/diagnostic_msgs/diagnostic_msgs/msg/detail/diagnostic_status__rosidl_typesupport_introspection_c.h
[1.335s] -- Up-to-date: /root/ros_ws/src/Rescue_Car_ws/install/diagnostic_msgs/lib/libdiagnostic_msgs__rosidl_typesupport_introspection_c.so
[1.335s] -- Up-to-date: /root/ros_ws/src/Rescue_Car_ws/install/diagnostic_msgs/lib/libdiagnostic_msgs__rosidl_typesupport_c.so
[1.335s] -- Up-to-date: /root/ros_ws/src/Rescue_Car_ws/install/diagnostic_msgs/include/diagnostic_msgs/diagnostic_msgs
[1.335s] -- Up-to-date: /root/ros_ws/src/Rescue_Car_ws/install/diagnostic_msgs/include/diagnostic_msgs/diagnostic_msgs/srv
[1.335s] -- Up-to-date: /root/ros_ws/src/Rescue_Car_ws/install/diagnostic_msgs/include/diagnostic_msgs/diagnostic_msgs/srv/self_test.hpp
[1.335s] -- Up-to-date: /root/ros_ws/src/Rescue_Car_ws/install/diagnostic_msgs/include/diagnostic_msgs/diagnostic_msgs/srv/detail
[1.335s] -- Up-to-date: /root/ros_ws/src/Rescue_Car_ws/install/diagnostic_msgs/include/diagnostic_msgs/diagnostic_msgs/srv/detail/add_diagnostics__type_support.hpp
[1.335s] -- Up-to-date: /root/ros_ws/src/Rescue_Car_ws/install/diagnostic_msgs/include/diagnostic_msgs/diagnostic_msgs/srv/detail/self_test__builder.hpp
[1.335s] -- Up-to-date: /root/ros_ws/src/Rescue_Car_ws/install/diagnostic_msgs/include/diagnostic_msgs/diagnostic_msgs/srv/detail/add_diagnostics__struct.hpp
[1.335s] -- Up-to-date: /root/ros_ws/src/Rescue_Car_ws/install/diagnostic_msgs/include/diagnostic_msgs/diagnostic_msgs/srv/detail/add_diagnostics__traits.hpp
[1.336s] -- Up-to-date: /root/ros_ws/src/Rescue_Car_ws/install/diagnostic_msgs/include/diagnostic_msgs/diagnostic_msgs/srv/detail/self_test__traits.hpp
[1.336s] -- Up-to-date: /root/ros_ws/src/Rescue_Car_ws/install/diagnostic_msgs/include/diagnostic_msgs/diagnostic_msgs/srv/detail/self_test__struct.hpp
[1.336s] -- Up-to-date: /root/ros_ws/src/Rescue_Car_ws/install/diagnostic_msgs/include/diagnostic_msgs/diagnostic_msgs/srv/detail/self_test__type_support.hpp
[1.336s] -- Up-to-date: /root/ros_ws/src/Rescue_Car_ws/install/diagnostic_msgs/include/diagnostic_msgs/diagnostic_msgs/srv/detail/add_diagnostics__builder.hpp
[1.336s] -- Up-to-date: /root/ros_ws/src/Rescue_Car_ws/install/diagnostic_msgs/include/diagnostic_msgs/diagnostic_msgs/srv/add_diagnostics.hpp
[1.350s] -- Up-to-date: /root/ros_ws/src/Rescue_Car_ws/install/diagnostic_msgs/include/diagnostic_msgs/diagnostic_msgs/msg
[1.351s] -- Up-to-date: /root/ros_ws/src/Rescue_Car_ws/install/diagnostic_msgs/include/diagnostic_msgs/diagnostic_msgs/msg/key_value.hpp
[1.351s] -- Up-to-date: /root/ros_ws/src/Rescue_Car_ws/install/diagnostic_msgs/include/diagnostic_msgs/diagnostic_msgs/msg/rosidl_generator_cpp__visibility_control.hpp
[1.351s] -- Up-to-date: /root/ros_ws/src/Rescue_Car_ws/install/diagnostic_msgs/include/diagnostic_msgs/diagnostic_msgs/msg/diagnostic_status.hpp
[1.351s] -- Up-to-date: /root/ros_ws/src/Rescue_Car_ws/install/diagnostic_msgs/include/diagnostic_msgs/diagnostic_msgs/msg/detail
[1.353s] -- Up-to-date: /root/ros_ws/src/Rescue_Car_ws/install/diagnostic_msgs/include/diagnostic_msgs/diagnostic_msgs/msg/detail/diagnostic_array__builder.hpp
[1.354s] -- Up-to-date: /root/ros_ws/src/Rescue_Car_ws/install/diagnostic_msgs/include/diagnostic_msgs/diagnostic_msgs/msg/detail/diagnostic_array__traits.hpp
[1.354s] -- Up-to-date: /root/ros_ws/src/Rescue_Car_ws/install/diagnostic_msgs/include/diagnostic_msgs/diagnostic_msgs/msg/detail/key_value__type_support.hpp
[1.354s] -- Up-to-date: /root/ros_ws/src/Rescue_Car_ws/install/diagnostic_msgs/include/diagnostic_msgs/diagnostic_msgs/msg/detail/diagnostic_status__type_support.hpp
[1.354s] -- Up-to-date: /root/ros_ws/src/Rescue_Car_ws/install/diagnostic_msgs/include/diagnostic_msgs/diagnostic_msgs/msg/detail/key_value__struct.hpp
[1.354s] -- Up-to-date: /root/ros_ws/src/Rescue_Car_ws/install/diagnostic_msgs/include/diagnostic_msgs/diagnostic_msgs/msg/detail/key_value__traits.hpp
[1.354s] -- Up-to-date: /root/ros_ws/src/Rescue_Car_ws/install/diagnostic_msgs/include/diagnostic_msgs/diagnostic_msgs/msg/detail/diagnostic_array__struct.hpp
[1.354s] -- Up-to-date: /root/ros_ws/src/Rescue_Car_ws/install/diagnostic_msgs/include/diagnostic_msgs/diagnostic_msgs/msg/detail/diagnostic_status__struct.hpp
[1.354s] -- Up-to-date: /root/ros_ws/src/Rescue_Car_ws/install/diagnostic_msgs/include/diagnostic_msgs/diagnostic_msgs/msg/detail/diagnostic_status__builder.hpp
[1.355s] -- Up-to-date: /root/ros_ws/src/Rescue_Car_ws/install/diagnostic_msgs/include/diagnostic_msgs/diagnostic_msgs/msg/detail/diagnostic_array__type_support.hpp
[1.355s] -- Up-to-date: /root/ros_ws/src/Rescue_Car_ws/install/diagnostic_msgs/include/diagnostic_msgs/diagnostic_msgs/msg/detail/key_value__builder.hpp
[1.355s] -- Up-to-date: /root/ros_ws/src/Rescue_Car_ws/install/diagnostic_msgs/include/diagnostic_msgs/diagnostic_msgs/msg/detail/diagnostic_status__traits.hpp
[1.355s] -- Up-to-date: /root/ros_ws/src/Rescue_Car_ws/install/diagnostic_msgs/include/diagnostic_msgs/diagnostic_msgs/msg/diagnostic_array.hpp
[1.355s] -- Up-to-date: /root/ros_ws/src/Rescue_Car_ws/install/diagnostic_msgs/include/diagnostic_msgs/diagnostic_msgs
[1.355s] -- Up-to-date: /root/ros_ws/src/Rescue_Car_ws/install/diagnostic_msgs/include/diagnostic_msgs/diagnostic_msgs/srv
[1.356s] -- Up-to-date: /root/ros_ws/src/Rescue_Car_ws/install/diagnostic_msgs/include/diagnostic_msgs/diagnostic_msgs/srv/detail
[1.356s] -- Up-to-date: /root/ros_ws/src/Rescue_Car_ws/install/diagnostic_msgs/include/diagnostic_msgs/diagnostic_msgs/srv/detail/self_test__rosidl_typesupport_fastrtps_cpp.hpp
[1.356s] -- Up-to-date: /root/ros_ws/src/Rescue_Car_ws/install/diagnostic_msgs/include/diagnostic_msgs/diagnostic_msgs/srv/detail/dds_fastrtps
[1.356s] -- Up-to-date: /root/ros_ws/src/Rescue_Car_ws/install/diagnostic_msgs/include/diagnostic_msgs/diagnostic_msgs/srv/detail/add_diagnostics__rosidl_typesupport_fastrtps_cpp.hpp
[1.356s] -- Up-to-date: /root/ros_ws/src/Rescue_Car_ws/install/diagnostic_msgs/include/diagnostic_msgs/diagnostic_msgs/msg
[1.356s] -- Up-to-date: /root/ros_ws/src/Rescue_Car_ws/install/diagnostic_msgs/include/diagnostic_msgs/diagnostic_msgs/msg/rosidl_typesupport_fastrtps_cpp__visibility_control.h
[1.356s] -- Up-to-date: /root/ros_ws/src/Rescue_Car_ws/install/diagnostic_msgs/include/diagnostic_msgs/diagnostic_msgs/msg/detail
[1.356s] -- Up-to-date: /root/ros_ws/src/Rescue_Car_ws/install/diagnostic_msgs/include/diagnostic_msgs/diagnostic_msgs/msg/detail/diagnostic_array__rosidl_typesupport_fastrtps_cpp.hpp
[1.356s] -- Up-to-date: /root/ros_ws/src/Rescue_Car_ws/install/diagnostic_msgs/include/diagnostic_msgs/diagnostic_msgs/msg/detail/dds_fastrtps
[1.356s] -- Up-to-date: /root/ros_ws/src/Rescue_Car_ws/install/diagnostic_msgs/include/diagnostic_msgs/diagnostic_msgs/msg/detail/diagnostic_status__rosidl_typesupport_fastrtps_cpp.hpp
[1.356s] -- Up-to-date: /root/ros_ws/src/Rescue_Car_ws/install/diagnostic_msgs/include/diagnostic_msgs/diagnostic_msgs/msg/detail/key_value__rosidl_typesupport_fastrtps_cpp.hpp
[1.356s] -- Up-to-date: /root/ros_ws/src/Rescue_Car_ws/install/diagnostic_msgs/lib/libdiagnostic_msgs__rosidl_typesupport_fastrtps_cpp.so
[1.356s] -- Up-to-date: /root/ros_ws/src/Rescue_Car_ws/install/diagnostic_msgs/include/diagnostic_msgs/diagnostic_msgs
[1.357s] -- Up-to-date: /root/ros_ws/src/Rescue_Car_ws/install/diagnostic_msgs/include/diagnostic_msgs/diagnostic_msgs/srv
[1.357s] -- Up-to-date: /root/ros_ws/src/Rescue_Car_ws/install/diagnostic_msgs/include/diagnostic_msgs/diagnostic_msgs/srv/detail
[1.357s] -- Up-to-date: /root/ros_ws/src/Rescue_Car_ws/install/diagnostic_msgs/include/diagnostic_msgs/diagnostic_msgs/srv/detail/self_test__rosidl_typesupport_introspection_cpp.hpp
[1.357s] -- Up-to-date: /root/ros_ws/src/Rescue_Car_ws/install/diagnostic_msgs/include/diagnostic_msgs/diagnostic_msgs/srv/detail/add_diagnostics__type_support.cpp
[1.357s] -- Up-to-date: /root/ros_ws/src/Rescue_Car_ws/install/diagnostic_msgs/include/diagnostic_msgs/diagnostic_msgs/srv/detail/add_diagnostics__rosidl_typesupport_introspection_cpp.hpp
[1.357s] -- Up-to-date: /root/ros_ws/src/Rescue_Car_ws/install/diagnostic_msgs/include/diagnostic_msgs/diagnostic_msgs/srv/detail/self_test__type_support.cpp
[1.357s] -- Up-to-date: /root/ros_ws/src/Rescue_Car_ws/install/diagnostic_msgs/include/diagnostic_msgs/diagnostic_msgs/msg
[1.357s] -- Up-to-date: /root/ros_ws/src/Rescue_Car_ws/install/diagnostic_msgs/include/diagnostic_msgs/diagnostic_msgs/msg/detail
[1.357s] -- Up-to-date: /root/ros_ws/src/Rescue_Car_ws/install/diagnostic_msgs/include/diagnostic_msgs/diagnostic_msgs/msg/detail/diagnostic_array__type_support.cpp
[1.357s] -- Up-to-date: /root/ros_ws/src/Rescue_Car_ws/install/diagnostic_msgs/include/diagnostic_msgs/diagnostic_msgs/msg/detail/key_value__rosidl_typesupport_introspection_cpp.hpp
[1.357s] -- Up-to-date: /root/ros_ws/src/Rescue_Car_ws/install/diagnostic_msgs/include/diagnostic_msgs/diagnostic_msgs/msg/detail/diagnostic_status__rosidl_typesupport_introspection_cpp.hpp
[1.357s] -- Up-to-date: /root/ros_ws/src/Rescue_Car_ws/install/diagnostic_msgs/include/diagnostic_msgs/diagnostic_msgs/msg/detail/diagnostic_array__rosidl_typesupport_introspection_cpp.hpp
[1.357s] -- Up-to-date: /root/ros_ws/src/Rescue_Car_ws/install/diagnostic_msgs/include/diagnostic_msgs/diagnostic_msgs/msg/detail/diagnostic_status__type_support.cpp
[1.357s] -- Up-to-date: /root/ros_ws/src/Rescue_Car_ws/install/diagnostic_msgs/include/diagnostic_msgs/diagnostic_msgs/msg/detail/key_value__type_support.cpp
[1.358s] -- Up-to-date: /root/ros_ws/src/Rescue_Car_ws/install/diagnostic_msgs/lib/libdiagnostic_msgs__rosidl_typesupport_introspection_cpp.so
[1.358s] -- Up-to-date: /root/ros_ws/src/Rescue_Car_ws/install/diagnostic_msgs/lib/libdiagnostic_msgs__rosidl_typesupport_cpp.so
[1.358s] -- Up-to-date: /root/ros_ws/src/Rescue_Car_ws/install/diagnostic_msgs/share/diagnostic_msgs/environment/pythonpath.sh
[1.358s] -- Up-to-date: /root/ros_ws/src/Rescue_Car_ws/install/diagnostic_msgs/share/diagnostic_msgs/environment/pythonpath.dsv
[1.358s] -- Up-to-date: /root/ros_ws/src/Rescue_Car_ws/install/diagnostic_msgs/local/lib/python3.10/dist-packages/diagnostic_msgs-4.9.0-py3.10.egg-info
[1.358s] -- Installing: /root/ros_ws/src/Rescue_Car_ws/install/diagnostic_msgs/local/lib/python3.10/dist-packages/diagnostic_msgs-4.9.0-py3.10.egg-info/dependency_links.txt
[1.358s] -- Installing: /root/ros_ws/src/Rescue_Car_ws/install/diagnostic_msgs/local/lib/python3.10/dist-packages/diagnostic_msgs-4.9.0-py3.10.egg-info/SOURCES.txt
[1.358s] -- Installing: /root/ros_ws/src/Rescue_Car_ws/install/diagnostic_msgs/local/lib/python3.10/dist-packages/diagnostic_msgs-4.9.0-py3.10.egg-info/PKG-INFO
[1.358s] -- Installing: /root/ros_ws/src/Rescue_Car_ws/install/diagnostic_msgs/local/lib/python3.10/dist-packages/diagnostic_msgs-4.9.0-py3.10.egg-info/top_level.txt
[1.358s] -- Up-to-date: /root/ros_ws/src/Rescue_Car_ws/install/diagnostic_msgs/local/lib/python3.10/dist-packages/diagnostic_msgs
[1.381s] -- Up-to-date: /root/ros_ws/src/Rescue_Car_ws/install/diagnostic_msgs/local/lib/python3.10/dist-packages/diagnostic_msgs/_diagnostic_msgs_s.ep.rosidl_typesupport_c.c
[1.381s] -- Up-to-date: /root/ros_ws/src/Rescue_Car_ws/install/diagnostic_msgs/local/lib/python3.10/dist-packages/diagnostic_msgs/libdiagnostic_msgs__rosidl_generator_py.so
[1.382s] -- Up-to-date: /root/ros_ws/src/Rescue_Car_ws/install/diagnostic_msgs/local/lib/python3.10/dist-packages/diagnostic_msgs/diagnostic_msgs_s__rosidl_typesupport_c.cpython-310-x86_64-linux-gnu.so
[1.382s] -- Up-to-date: /root/ros_ws/src/Rescue_Car_ws/install/diagnostic_msgs/local/lib/python3.10/dist-packages/diagnostic_msgs/_diagnostic_msgs_s.ep.rosidl_typesupport_introspection_c.c
[1.382s] -- Up-to-date: /root/ros_ws/src/Rescue_Car_ws/install/diagnostic_msgs/local/lib/python3.10/dist-packages/diagnostic_msgs/diagnostic_msgs_s__rosidl_typesupport_fastrtps_c.cpython-310-x86_64-linux-gnu.so
[1.382s] -- Up-to-date: /root/ros_ws/src/Rescue_Car_ws/install/diagnostic_msgs/local/lib/python3.10/dist-packages/diagnostic_msgs/srv
[1.382s] -- Up-to-date: /root/ros_ws/src/Rescue_Car_ws/install/diagnostic_msgs/local/lib/python3.10/dist-packages/diagnostic_msgs/srv/_add_diagnostics_s.c
[1.382s] -- Up-to-date: /root/ros_ws/src/Rescue_Car_ws/install/diagnostic_msgs/local/lib/python3.10/dist-packages/diagnostic_msgs/srv/_add_diagnostics.py
[1.382s] -- Up-to-date: /root/ros_ws/src/Rescue_Car_ws/install/diagnostic_msgs/local/lib/python3.10/dist-packages/diagnostic_msgs/srv/__init__.py
[1.382s] -- Up-to-date: /root/ros_ws/src/Rescue_Car_ws/install/diagnostic_msgs/local/lib/python3.10/dist-packages/diagnostic_msgs/srv/_self_test.py
[1.382s] -- Up-to-date: /root/ros_ws/src/Rescue_Car_ws/install/diagnostic_msgs/local/lib/python3.10/dist-packages/diagnostic_msgs/srv/_self_test_s.c
[1.382s] -- Up-to-date: /root/ros_ws/src/Rescue_Car_ws/install/diagnostic_msgs/local/lib/python3.10/dist-packages/diagnostic_msgs/__init__.py
[1.382s] -- Up-to-date: /root/ros_ws/src/Rescue_Car_ws/install/diagnostic_msgs/local/lib/python3.10/dist-packages/diagnostic_msgs/msg
[1.382s] -- Up-to-date: /root/ros_ws/src/Rescue_Car_ws/install/diagnostic_msgs/local/lib/python3.10/dist-packages/diagnostic_msgs/msg/_key_value.py
[1.382s] -- Up-to-date: /root/ros_ws/src/Rescue_Car_ws/install/diagnostic_msgs/local/lib/python3.10/dist-packages/diagnostic_msgs/msg/_diagnostic_status.py
[1.382s] -- Up-to-date: /root/ros_ws/src/Rescue_Car_ws/install/diagnostic_msgs/local/lib/python3.10/dist-packages/diagnostic_msgs/msg/_diagnostic_array.py
[1.383s] -- Up-to-date: /root/ros_ws/src/Rescue_Car_ws/install/diagnostic_msgs/local/lib/python3.10/dist-packages/diagnostic_msgs/msg/_key_value_s.c
[1.383s] -- Up-to-date: /root/ros_ws/src/Rescue_Car_ws/install/diagnostic_msgs/local/lib/python3.10/dist-packages/diagnostic_msgs/msg/_diagnostic_status_s.c
[1.383s] -- Up-to-date: /root/ros_ws/src/Rescue_Car_ws/install/diagnostic_msgs/local/lib/python3.10/dist-packages/diagnostic_msgs/msg/_diagnostic_array_s.c
[1.383s] -- Up-to-date: /root/ros_ws/src/Rescue_Car_ws/install/diagnostic_msgs/local/lib/python3.10/dist-packages/diagnostic_msgs/msg/__init__.py
[1.383s] -- Up-to-date: /root/ros_ws/src/Rescue_Car_ws/install/diagnostic_msgs/local/lib/python3.10/dist-packages/diagnostic_msgs/diagnostic_msgs_s__rosidl_typesupport_introspection_c.cpython-310-x86_64-linux-gnu.so
[1.383s] -- Up-to-date: /root/ros_ws/src/Rescue_Car_ws/install/diagnostic_msgs/local/lib/python3.10/dist-packages/diagnostic_msgs/_diagnostic_msgs_s.ep.rosidl_typesupport_fastrtps_c.c
[1.422s] Listing '/root/ros_ws/src/Rescue_Car_ws/install/diagnostic_msgs/local/lib/python3.10/dist-packages/diagnostic_msgs'...
[1.422s] Listing '/root/ros_ws/src/Rescue_Car_ws/install/diagnostic_msgs/local/lib/python3.10/dist-packages/diagnostic_msgs/msg'...
[1.422s] Listing '/root/ros_ws/src/Rescue_Car_ws/install/diagnostic_msgs/local/lib/python3.10/dist-packages/diagnostic_msgs/srv'...
[1.439s] -- Up-to-date: /root/ros_ws/src/Rescue_Car_ws/install/diagnostic_msgs/local/lib/python3.10/dist-packages/diagnostic_msgs/diagnostic_msgs_s__rosidl_typesupport_fastrtps_c.cpython-310-x86_64-linux-gnu.so
[1.441s] -- Up-to-date: /root/ros_ws/src/Rescue_Car_ws/install/diagnostic_msgs/local/lib/python3.10/dist-packages/diagnostic_msgs/diagnostic_msgs_s__rosidl_typesupport_introspection_c.cpython-310-x86_64-linux-gnu.so
[1.441s] -- Up-to-date: /root/ros_ws/src/Rescue_Car_ws/install/diagnostic_msgs/local/lib/python3.10/dist-packages/diagnostic_msgs/diagnostic_msgs_s__rosidl_typesupport_c.cpython-310-x86_64-linux-gnu.so
[1.441s] -- Up-to-date: /root/ros_ws/src/Rescue_Car_ws/install/diagnostic_msgs/lib/libdiagnostic_msgs__rosidl_generator_py.so
[1.441s] -- Up-to-date: /root/ros_ws/src/Rescue_Car_ws/install/diagnostic_msgs/share/diagnostic_msgs/msg/DiagnosticArray.idl
[1.441s] -- Up-to-date: /root/ros_ws/src/Rescue_Car_ws/install/diagnostic_msgs/share/diagnostic_msgs/msg/DiagnosticStatus.idl
[1.441s] -- Up-to-date: /root/ros_ws/src/Rescue_Car_ws/install/diagnostic_msgs/share/diagnostic_msgs/msg/KeyValue.idl
[1.442s] -- Up-to-date: /root/ros_ws/src/Rescue_Car_ws/install/diagnostic_msgs/share/diagnostic_msgs/srv/AddDiagnostics.idl
[1.442s] -- Up-to-date: /root/ros_ws/src/Rescue_Car_ws/install/diagnostic_msgs/share/diagnostic_msgs/srv/SelfTest.idl
[1.442s] -- Up-to-date: /root/ros_ws/src/Rescue_Car_ws/install/diagnostic_msgs/share/diagnostic_msgs/msg/DiagnosticArray.msg
[1.442s] -- Up-to-date: /root/ros_ws/src/Rescue_Car_ws/install/diagnostic_msgs/share/diagnostic_msgs/msg/DiagnosticStatus.msg
[1.442s] -- Up-to-date: /root/ros_ws/src/Rescue_Car_ws/install/diagnostic_msgs/share/diagnostic_msgs/msg/KeyValue.msg
[1.443s] -- Up-to-date: /root/ros_ws/src/Rescue_Car_ws/install/diagnostic_msgs/share/diagnostic_msgs/srv/AddDiagnostics.srv
[1.443s] -- Up-to-date: /root/ros_ws/src/Rescue_Car_ws/install/diagnostic_msgs/share/diagnostic_msgs/srv/AddDiagnostics_Request.msg
[1.444s] -- Up-to-date: /root/ros_ws/src/Rescue_Car_ws/install/diagnostic_msgs/share/diagnostic_msgs/srv/AddDiagnostics_Response.msg
[1.444s] -- Up-to-date: /root/ros_ws/src/Rescue_Car_ws/install/diagnostic_msgs/share/diagnostic_msgs/srv/SelfTest.srv
[1.444s] -- Up-to-date: /root/ros_ws/src/Rescue_Car_ws/install/diagnostic_msgs/share/diagnostic_msgs/srv/SelfTest_Request.msg
[1.445s] -- Up-to-date: /root/ros_ws/src/Rescue_Car_ws/install/diagnostic_msgs/share/diagnostic_msgs/srv/SelfTest_Response.msg
[1.445s] -- Up-to-date: /root/ros_ws/src/Rescue_Car_ws/install/diagnostic_msgs/share/ament_index/resource_index/package_run_dependencies/diagnostic_msgs
[1.445s] -- Up-to-date: /root/ros_ws/src/Rescue_Car_ws/install/diagnostic_msgs/share/ament_index/resource_index/parent_prefix_path/diagnostic_msgs
[1.445s] -- Up-to-date: /root/ros_ws/src/Rescue_Car_ws/install/diagnostic_msgs/share/diagnostic_msgs/environment/ament_prefix_path.sh
[1.449s] -- Up-to-date: /root/ros_ws/src/Rescue_Car_ws/install/diagnostic_msgs/share/diagnostic_msgs/environment/ament_prefix_path.dsv
[1.450s] -- Up-to-date: /root/ros_ws/src/Rescue_Car_ws/install/diagnostic_msgs/share/diagnostic_msgs/environment/path.sh
[1.450s] -- Up-to-date: /root/ros_ws/src/Rescue_Car_ws/install/diagnostic_msgs/share/diagnostic_msgs/environment/path.dsv
[1.450s] -- Up-to-date: /root/ros_ws/src/Rescue_Car_ws/install/diagnostic_msgs/share/diagnostic_msgs/local_setup.bash
[1.450s] -- Up-to-date: /root/ros_ws/src/Rescue_Car_ws/install/diagnostic_msgs/share/diagnostic_msgs/local_setup.sh
[1.450s] -- Up-to-date: /root/ros_ws/src/Rescue_Car_ws/install/diagnostic_msgs/share/diagnostic_msgs/local_setup.zsh
[1.450s] -- Up-to-date: /root/ros_ws/src/Rescue_Car_ws/install/diagnostic_msgs/share/diagnostic_msgs/local_setup.dsv
[1.450s] -- Installing: /root/ros_ws/src/Rescue_Car_ws/install/diagnostic_msgs/share/diagnostic_msgs/package.dsv
[1.450s] -- Up-to-date: /root/ros_ws/src/Rescue_Car_ws/install/diagnostic_msgs/share/ament_index/resource_index/packages/diagnostic_msgs
[1.450s] -- Up-to-date: /root/ros_ws/src/Rescue_Car_ws/install/diagnostic_msgs/share/diagnostic_msgs/cmake/export_diagnostic_msgs__rosidl_generator_cExport.cmake
[1.450s] -- Up-to-date: /root/ros_ws/src/Rescue_Car_ws/install/diagnostic_msgs/share/diagnostic_msgs/cmake/export_diagnostic_msgs__rosidl_generator_cExport-noconfig.cmake
[1.450s] -- Up-to-date: /root/ros_ws/src/Rescue_Car_ws/install/diagnostic_msgs/share/diagnostic_msgs/cmake/export_diagnostic_msgs__rosidl_typesupport_fastrtps_cExport.cmake
[1.451s] -- Up-to-date: /root/ros_ws/src/Rescue_Car_ws/install/diagnostic_msgs/share/diagnostic_msgs/cmake/export_diagnostic_msgs__rosidl_typesupport_fastrtps_cExport-noconfig.cmake
[1.451s] -- Up-to-date: /root/ros_ws/src/Rescue_Car_ws/install/diagnostic_msgs/share/diagnostic_msgs/cmake/diagnostic_msgs__rosidl_typesupport_introspection_cExport.cmake
[1.451s] -- Up-to-date: /root/ros_ws/src/Rescue_Car_ws/install/diagnostic_msgs/share/diagnostic_msgs/cmake/diagnostic_msgs__rosidl_typesupport_introspection_cExport-noconfig.cmake
[1.451s] -- Up-to-date: /root/ros_ws/src/Rescue_Car_ws/install/diagnostic_msgs/share/diagnostic_msgs/cmake/diagnostic_msgs__rosidl_typesupport_cExport.cmake
[1.451s] -- Up-to-date: /root/ros_ws/src/Rescue_Car_ws/install/diagnostic_msgs/share/diagnostic_msgs/cmake/diagnostic_msgs__rosidl_typesupport_cExport-noconfig.cmake
[1.451s] -- Up-to-date: /root/ros_ws/src/Rescue_Car_ws/install/diagnostic_msgs/share/diagnostic_msgs/cmake/export_diagnostic_msgs__rosidl_generator_cppExport.cmake
[1.451s] -- Up-to-date: /root/ros_ws/src/Rescue_Car_ws/install/diagnostic_msgs/share/diagnostic_msgs/cmake/export_diagnostic_msgs__rosidl_typesupport_fastrtps_cppExport.cmake
[1.451s] -- Up-to-date: /root/ros_ws/src/Rescue_Car_ws/install/diagnostic_msgs/share/diagnostic_msgs/cmake/export_diagnostic_msgs__rosidl_typesupport_fastrtps_cppExport-noconfig.cmake
[1.451s] -- Up-to-date: /root/ros_ws/src/Rescue_Car_ws/install/diagnostic_msgs/share/diagnostic_msgs/cmake/diagnostic_msgs__rosidl_typesupport_introspection_cppExport.cmake
[1.451s] -- Up-to-date: /root/ros_ws/src/Rescue_Car_ws/install/diagnostic_msgs/share/diagnostic_msgs/cmake/diagnostic_msgs__rosidl_typesupport_introspection_cppExport-noconfig.cmake
[1.451s] -- Up-to-date: /root/ros_ws/src/Rescue_Car_ws/install/diagnostic_msgs/share/diagnostic_msgs/cmake/diagnostic_msgs__rosidl_typesupport_cppExport.cmake
[1.451s] -- Up-to-date: /root/ros_ws/src/Rescue_Car_ws/install/diagnostic_msgs/share/diagnostic_msgs/cmake/diagnostic_msgs__rosidl_typesupport_cppExport-noconfig.cmake
[1.451s] -- Up-to-date: /root/ros_ws/src/Rescue_Car_ws/install/diagnostic_msgs/share/diagnostic_msgs/cmake/export_diagnostic_msgs__rosidl_generator_pyExport.cmake
[1.451s] -- Up-to-date: /root/ros_ws/src/Rescue_Car_ws/install/diagnostic_msgs/share/diagnostic_msgs/cmake/export_diagnostic_msgs__rosidl_generator_pyExport-noconfig.cmake
[1.451s] -- Up-to-date: /root/ros_ws/src/Rescue_Car_ws/install/diagnostic_msgs/share/diagnostic_msgs/cmake/rosidl_cmake-extras.cmake
[1.451s] -- Up-to-date: /root/ros_ws/src/Rescue_Car_ws/install/diagnostic_msgs/share/diagnostic_msgs/cmake/ament_cmake_export_dependencies-extras.cmake
[1.451s] -- Up-to-date: /root/ros_ws/src/Rescue_Car_ws/install/diagnostic_msgs/share/diagnostic_msgs/cmake/ament_cmake_export_include_directories-extras.cmake
[1.451s] -- Up-to-date: /root/ros_ws/src/Rescue_Car_ws/install/diagnostic_msgs/share/diagnostic_msgs/cmake/ament_cmake_export_libraries-extras.cmake
[1.452s] -- Up-to-date: /root/ros_ws/src/Rescue_Car_ws/install/diagnostic_msgs/share/diagnostic_msgs/cmake/ament_cmake_export_targets-extras.cmake
[1.452s] -- Up-to-date: /root/ros_ws/src/Rescue_Car_ws/install/diagnostic_msgs/share/diagnostic_msgs/cmake/rosidl_cmake_export_typesupport_targets-extras.cmake
[1.452s] -- Up-to-date: /root/ros_ws/src/Rescue_Car_ws/install/diagnostic_msgs/share/diagnostic_msgs/cmake/rosidl_cmake_export_typesupport_libraries-extras.cmake
[1.452s] -- Up-to-date: /root/ros_ws/src/Rescue_Car_ws/install/diagnostic_msgs/share/diagnostic_msgs/cmake/diagnostic_msgsConfig.cmake
[1.452s] -- Up-to-date: /root/ros_ws/src/Rescue_Car_ws/install/diagnostic_msgs/share/diagnostic_msgs/cmake/diagnostic_msgsConfig-version.cmake
[1.452s] -- Up-to-date: /root/ros_ws/src/Rescue_Car_ws/install/diagnostic_msgs/share/diagnostic_msgs/package.xml
[1.555s] Invoked command in '/root/ros_ws/src/Rescue_Car_ws/build/diagnostic_msgs' returned '0': AMENT_PREFIX_PATH=/root/ros_ws/src/Rescue_Car_ws/install/geometry_msgs:/root/ros_ws/src/Rescue_Car_ws/install/std_msgs:/root/ros_ws/src/Rescue_Car_ws/install/builtin_interfaces:${AMENT_PREFIX_PATH} CMAKE_PREFIX_PATH=/root/ros_ws/src/Rescue_Car_ws/install/geometry_msgs:/root/ros_ws/src/Rescue_Car_ws/install/std_msgs:/root/ros_ws/src/Rescue_Car_ws/install/builtin_interfaces:/opt/ros/humble LD_LIBRARY_PATH=/root/ros_ws/src/Rescue_Car_ws/install/geometry_msgs/lib:/root/ros_ws/src/Rescue_Car_ws/install/std_msgs/lib:/root/ros_ws/src/Rescue_Car_ws/install/builtin_interfaces/lib:${LD_LIBRARY_PATH} PYTHONPATH=/root/ros_ws/src/Rescue_Car_ws/install/geometry_msgs/local/lib/python3.10/dist-packages:/root/ros_ws/src/Rescue_Car_ws/install/std_msgs/local/lib/python3.10/dist-packages:/root/ros_ws/src/Rescue_Car_ws/install/builtin_interfaces/local/lib/python3.10/dist-packages:${PYTHONPATH} /usr/bin/cmake --install /root/ros_ws/src/Rescue_Car_ws/build/diagnostic_msgs
