[0.165s] Invoking command in '/root/ros_ws/src/Rescue_Car_ws/build/actionlib_msgs': AMENT_PREFIX_PATH=/root/ros_ws/src/Rescue_Car_ws/install/std_msgs:/root/ros_ws/src/Rescue_Car_ws/install/builtin_interfaces:${AMENT_PREFIX_PATH} CMAKE_PREFIX_PATH=/root/ros_ws/src/Rescue_Car_ws/install/std_msgs:/root/ros_ws/src/Rescue_Car_ws/install/builtin_interfaces:/opt/ros/humble LD_LIBRARY_PATH=/root/ros_ws/src/Rescue_Car_ws/install/std_msgs/lib:/root/ros_ws/src/Rescue_Car_ws/install/builtin_interfaces/lib:${LD_LIBRARY_PATH} PYTHONPATH=/root/ros_ws/src/Rescue_Car_ws/install/std_msgs/local/lib/python3.10/dist-packages:/root/ros_ws/src/Rescue_Car_ws/install/builtin_interfaces/local/lib/python3.10/dist-packages:${PYTHONPATH} /usr/bin/cmake --build /root/ros_ws/src/Rescue_Car_ws/build/actionlib_msgs -- -j20 -l20
[0.195s] [35m[1mConsolidate compiler generated dependencies of target actionlib_msgs__rosidl_generator_c[0m
[0.202s] [  2%] Built target actionlib_msgs__cpp
[0.208s] [ 12%] Built target actionlib_msgs__rosidl_generator_c
[0.217s] [35m[1mConsolidate compiler generated dependencies of target actionlib_msgs__rosidl_typesupport_fastrtps_cpp[0m
[0.217s] [35m[1mConsolidate compiler generated dependencies of target actionlib_msgs__rosidl_typesupport_cpp[0m
[0.217s] [35m[1mConsolidate compiler generated dependencies of target actionlib_msgs__rosidl_typesupport_introspection_cpp[0m
[0.217s] [ 12%] Built target ament_cmake_python_copy_actionlib_msgs
[0.218s] [35m[1mConsolidate compiler generated dependencies of target actionlib_msgs__rosidl_typesupport_introspection_c[0m
[0.219s] [35m[1mConsolidate compiler generated dependencies of target actionlib_msgs__rosidl_typesupport_fastrtps_c[0m
[0.221s] [35m[1mConsolidate compiler generated dependencies of target actionlib_msgs__rosidl_typesupport_c[0m
[0.230s] [ 23%] Built target actionlib_msgs__rosidl_typesupport_introspection_c
[0.230s] [ 34%] Built target actionlib_msgs__rosidl_typesupport_fastrtps_cpp
[0.230s] [ 44%] Built target actionlib_msgs__rosidl_typesupport_cpp
[0.234s] [ 55%] Built target actionlib_msgs__rosidl_typesupport_c
[0.234s] [ 65%] Built target actionlib_msgs__rosidl_typesupport_introspection_cpp
[0.239s] [ 76%] Built target actionlib_msgs__rosidl_typesupport_fastrtps_c
[0.260s] [ 76%] Built target actionlib_msgs
[0.277s] [ 78%] Built target actionlib_msgs__py
[0.289s] [35m[1mConsolidate compiler generated dependencies of target actionlib_msgs__rosidl_generator_py[0m
[0.304s] [ 87%] Built target actionlib_msgs__rosidl_generator_py
[0.315s] [35m[1mConsolidate compiler generated dependencies of target actionlib_msgs__rosidl_typesupport_introspection_c__pyext[0m
[0.315s] [35m[1mConsolidate compiler generated dependencies of target actionlib_msgs__rosidl_typesupport_c__pyext[0m
[0.316s] [35m[1mConsolidate compiler generated dependencies of target actionlib_msgs__rosidl_typesupport_fastrtps_c__pyext[0m
[0.326s] [ 91%] Built target actionlib_msgs__rosidl_typesupport_introspection_c__pyext
[0.328s] [ 95%] Built target actionlib_msgs__rosidl_typesupport_fastrtps_c__pyext
[0.329s] [100%] Built target actionlib_msgs__rosidl_typesupport_c__pyext
[0.464s] running egg_info
[0.465s] writing actionlib_msgs.egg-info/PKG-INFO
[0.465s] writing dependency_links to actionlib_msgs.egg-info/dependency_links.txt
[0.468s] writing top-level names to actionlib_msgs.egg-info/top_level.txt
[0.469s] reading manifest file 'actionlib_msgs.egg-info/SOURCES.txt'
[0.469s] writing manifest file 'actionlib_msgs.egg-info/SOURCES.txt'
[0.509s] [100%] Built target ament_cmake_python_build_actionlib_msgs_egg
[0.521s] Invoked command in '/root/ros_ws/src/Rescue_Car_ws/build/actionlib_msgs' returned '0': AMENT_PREFIX_PATH=/root/ros_ws/src/Rescue_Car_ws/install/std_msgs:/root/ros_ws/src/Rescue_Car_ws/install/builtin_interfaces:${AMENT_PREFIX_PATH} CMAKE_PREFIX_PATH=/root/ros_ws/src/Rescue_Car_ws/install/std_msgs:/root/ros_ws/src/Rescue_Car_ws/install/builtin_interfaces:/opt/ros/humble LD_LIBRARY_PATH=/root/ros_ws/src/Rescue_Car_ws/install/std_msgs/lib:/root/ros_ws/src/Rescue_Car_ws/install/builtin_interfaces/lib:${LD_LIBRARY_PATH} PYTHONPATH=/root/ros_ws/src/Rescue_Car_ws/install/std_msgs/local/lib/python3.10/dist-packages:/root/ros_ws/src/Rescue_Car_ws/install/builtin_interfaces/local/lib/python3.10/dist-packages:${PYTHONPATH} /usr/bin/cmake --build /root/ros_ws/src/Rescue_Car_ws/build/actionlib_msgs -- -j20 -l20
[0.524s] Invoking command in '/root/ros_ws/src/Rescue_Car_ws/build/actionlib_msgs': AMENT_PREFIX_PATH=/root/ros_ws/src/Rescue_Car_ws/install/std_msgs:/root/ros_ws/src/Rescue_Car_ws/install/builtin_interfaces:${AMENT_PREFIX_PATH} CMAKE_PREFIX_PATH=/root/ros_ws/src/Rescue_Car_ws/install/std_msgs:/root/ros_ws/src/Rescue_Car_ws/install/builtin_interfaces:/opt/ros/humble LD_LIBRARY_PATH=/root/ros_ws/src/Rescue_Car_ws/install/std_msgs/lib:/root/ros_ws/src/Rescue_Car_ws/install/builtin_interfaces/lib:${LD_LIBRARY_PATH} PYTHONPATH=/root/ros_ws/src/Rescue_Car_ws/install/std_msgs/local/lib/python3.10/dist-packages:/root/ros_ws/src/Rescue_Car_ws/install/builtin_interfaces/local/lib/python3.10/dist-packages:${PYTHONPATH} /usr/bin/cmake --install /root/ros_ws/src/Rescue_Car_ws/build/actionlib_msgs
[0.545s] -- Install configuration: ""
[0.546s] -- Up-to-date: /root/ros_ws/src/Rescue_Car_ws/install/actionlib_msgs/share/ament_index/resource_index/rosidl_interfaces/actionlib_msgs
[0.546s] -- Up-to-date: /root/ros_ws/src/Rescue_Car_ws/install/actionlib_msgs/include/actionlib_msgs/actionlib_msgs
[0.546s] -- Up-to-date: /root/ros_ws/src/Rescue_Car_ws/install/actionlib_msgs/include/actionlib_msgs/actionlib_msgs/msg
[0.546s] -- Up-to-date: /root/ros_ws/src/Rescue_Car_ws/install/actionlib_msgs/include/actionlib_msgs/actionlib_msgs/msg/goal_status_array.h
[0.546s] -- Up-to-date: /root/ros_ws/src/Rescue_Car_ws/install/actionlib_msgs/include/actionlib_msgs/actionlib_msgs/msg/detail
[0.546s] -- Up-to-date: /root/ros_ws/src/Rescue_Car_ws/install/actionlib_msgs/include/actionlib_msgs/actionlib_msgs/msg/detail/goal_id__struct.h
[0.547s] -- Up-to-date: /root/ros_ws/src/Rescue_Car_ws/install/actionlib_msgs/include/actionlib_msgs/actionlib_msgs/msg/detail/goal_status_array__functions.c
[0.547s] -- Up-to-date: /root/ros_ws/src/Rescue_Car_ws/install/actionlib_msgs/include/actionlib_msgs/actionlib_msgs/msg/detail/goal_id__type_support.h
[0.547s] -- Up-to-date: /root/ros_ws/src/Rescue_Car_ws/install/actionlib_msgs/include/actionlib_msgs/actionlib_msgs/msg/detail/goal_id__functions.c
[0.547s] -- Up-to-date: /root/ros_ws/src/Rescue_Car_ws/install/actionlib_msgs/include/actionlib_msgs/actionlib_msgs/msg/detail/goal_status__functions.h
[0.548s] -- Up-to-date: /root/ros_ws/src/Rescue_Car_ws/install/actionlib_msgs/include/actionlib_msgs/actionlib_msgs/msg/detail/goal_status__functions.c
[0.548s] -- Up-to-date: /root/ros_ws/src/Rescue_Car_ws/install/actionlib_msgs/include/actionlib_msgs/actionlib_msgs/msg/detail/goal_status_array__functions.h
[0.548s] -- Up-to-date: /root/ros_ws/src/Rescue_Car_ws/install/actionlib_msgs/include/actionlib_msgs/actionlib_msgs/msg/detail/goal_status__type_support.h
[0.548s] -- Up-to-date: /root/ros_ws/src/Rescue_Car_ws/install/actionlib_msgs/include/actionlib_msgs/actionlib_msgs/msg/detail/goal_id__functions.h
[0.549s] -- Up-to-date: /root/ros_ws/src/Rescue_Car_ws/install/actionlib_msgs/include/actionlib_msgs/actionlib_msgs/msg/detail/goal_status_array__struct.h
[0.549s] -- Up-to-date: /root/ros_ws/src/Rescue_Car_ws/install/actionlib_msgs/include/actionlib_msgs/actionlib_msgs/msg/detail/goal_status_array__type_support.h
[0.549s] -- Up-to-date: /root/ros_ws/src/Rescue_Car_ws/install/actionlib_msgs/include/actionlib_msgs/actionlib_msgs/msg/detail/goal_status__struct.h
[0.549s] -- Up-to-date: /root/ros_ws/src/Rescue_Car_ws/install/actionlib_msgs/include/actionlib_msgs/actionlib_msgs/msg/rosidl_generator_c__visibility_control.h
[0.549s] -- Up-to-date: /root/ros_ws/src/Rescue_Car_ws/install/actionlib_msgs/include/actionlib_msgs/actionlib_msgs/msg/goal_id.h
[0.550s] -- Up-to-date: /root/ros_ws/src/Rescue_Car_ws/install/actionlib_msgs/include/actionlib_msgs/actionlib_msgs/msg/goal_status.h
[0.550s] -- Up-to-date: /root/ros_ws/src/Rescue_Car_ws/install/actionlib_msgs/share/actionlib_msgs/environment/library_path.sh
[0.550s] -- Up-to-date: /root/ros_ws/src/Rescue_Car_ws/install/actionlib_msgs/share/actionlib_msgs/environment/library_path.dsv
[0.550s] -- Up-to-date: /root/ros_ws/src/Rescue_Car_ws/install/actionlib_msgs/lib/libactionlib_msgs__rosidl_generator_c.so
[0.551s] -- Up-to-date: /root/ros_ws/src/Rescue_Car_ws/install/actionlib_msgs/include/actionlib_msgs/actionlib_msgs
[0.551s] -- Up-to-date: /root/ros_ws/src/Rescue_Car_ws/install/actionlib_msgs/include/actionlib_msgs/actionlib_msgs/msg
[0.551s] -- Up-to-date: /root/ros_ws/src/Rescue_Car_ws/install/actionlib_msgs/include/actionlib_msgs/actionlib_msgs/msg/detail
[0.551s] -- Up-to-date: /root/ros_ws/src/Rescue_Car_ws/install/actionlib_msgs/include/actionlib_msgs/actionlib_msgs/msg/detail/goal_status__rosidl_typesupport_fastrtps_c.h
[0.552s] -- Up-to-date: /root/ros_ws/src/Rescue_Car_ws/install/actionlib_msgs/include/actionlib_msgs/actionlib_msgs/msg/detail/goal_status_array__rosidl_typesupport_fastrtps_c.h
[0.552s] -- Up-to-date: /root/ros_ws/src/Rescue_Car_ws/install/actionlib_msgs/include/actionlib_msgs/actionlib_msgs/msg/detail/goal_id__rosidl_typesupport_fastrtps_c.h
[0.552s] -- Up-to-date: /root/ros_ws/src/Rescue_Car_ws/install/actionlib_msgs/include/actionlib_msgs/actionlib_msgs/msg/rosidl_typesupport_fastrtps_c__visibility_control.h
[0.552s] -- Up-to-date: /root/ros_ws/src/Rescue_Car_ws/install/actionlib_msgs/lib/libactionlib_msgs__rosidl_typesupport_fastrtps_c.so
[0.552s] -- Up-to-date: /root/ros_ws/src/Rescue_Car_ws/install/actionlib_msgs/include/actionlib_msgs/actionlib_msgs
[0.552s] -- Up-to-date: /root/ros_ws/src/Rescue_Car_ws/install/actionlib_msgs/include/actionlib_msgs/actionlib_msgs/msg
[0.552s] -- Up-to-date: /root/ros_ws/src/Rescue_Car_ws/install/actionlib_msgs/include/actionlib_msgs/actionlib_msgs/msg/rosidl_generator_cpp__visibility_control.hpp
[0.552s] -- Up-to-date: /root/ros_ws/src/Rescue_Car_ws/install/actionlib_msgs/include/actionlib_msgs/actionlib_msgs/msg/goal_status_array.hpp
[0.552s] -- Up-to-date: /root/ros_ws/src/Rescue_Car_ws/install/actionlib_msgs/include/actionlib_msgs/actionlib_msgs/msg/goal_status.hpp
[0.552s] -- Up-to-date: /root/ros_ws/src/Rescue_Car_ws/install/actionlib_msgs/include/actionlib_msgs/actionlib_msgs/msg/detail
[0.552s] -- Up-to-date: /root/ros_ws/src/Rescue_Car_ws/install/actionlib_msgs/include/actionlib_msgs/actionlib_msgs/msg/detail/goal_status_array__builder.hpp
[0.552s] -- Up-to-date: /root/ros_ws/src/Rescue_Car_ws/install/actionlib_msgs/include/actionlib_msgs/actionlib_msgs/msg/detail/goal_id__builder.hpp
[0.552s] -- Up-to-date: /root/ros_ws/src/Rescue_Car_ws/install/actionlib_msgs/include/actionlib_msgs/actionlib_msgs/msg/detail/goal_id__type_support.hpp
[0.552s] -- Up-to-date: /root/ros_ws/src/Rescue_Car_ws/install/actionlib_msgs/include/actionlib_msgs/actionlib_msgs/msg/detail/goal_status_array__type_support.hpp
[0.552s] -- Up-to-date: /root/ros_ws/src/Rescue_Car_ws/install/actionlib_msgs/include/actionlib_msgs/actionlib_msgs/msg/detail/goal_status__type_support.hpp
[0.552s] -- Up-to-date: /root/ros_ws/src/Rescue_Car_ws/install/actionlib_msgs/include/actionlib_msgs/actionlib_msgs/msg/detail/goal_status_array__traits.hpp
[0.553s] -- Up-to-date: /root/ros_ws/src/Rescue_Car_ws/install/actionlib_msgs/include/actionlib_msgs/actionlib_msgs/msg/detail/goal_status__struct.hpp
[0.553s] -- Up-to-date: /root/ros_ws/src/Rescue_Car_ws/install/actionlib_msgs/include/actionlib_msgs/actionlib_msgs/msg/detail/goal_status_array__struct.hpp
[0.553s] -- Up-to-date: /root/ros_ws/src/Rescue_Car_ws/install/actionlib_msgs/include/actionlib_msgs/actionlib_msgs/msg/detail/goal_id__traits.hpp
[0.553s] -- Up-to-date: /root/ros_ws/src/Rescue_Car_ws/install/actionlib_msgs/include/actionlib_msgs/actionlib_msgs/msg/detail/goal_id__struct.hpp
[0.553s] -- Up-to-date: /root/ros_ws/src/Rescue_Car_ws/install/actionlib_msgs/include/actionlib_msgs/actionlib_msgs/msg/detail/goal_status__traits.hpp
[0.553s] -- Up-to-date: /root/ros_ws/src/Rescue_Car_ws/install/actionlib_msgs/include/actionlib_msgs/actionlib_msgs/msg/detail/goal_status__builder.hpp
[0.553s] -- Up-to-date: /root/ros_ws/src/Rescue_Car_ws/install/actionlib_msgs/include/actionlib_msgs/actionlib_msgs/msg/goal_id.hpp
[0.553s] -- Up-to-date: /root/ros_ws/src/Rescue_Car_ws/install/actionlib_msgs/include/actionlib_msgs/actionlib_msgs
[0.553s] -- Up-to-date: /root/ros_ws/src/Rescue_Car_ws/install/actionlib_msgs/include/actionlib_msgs/actionlib_msgs/msg
[0.553s] -- Up-to-date: /root/ros_ws/src/Rescue_Car_ws/install/actionlib_msgs/include/actionlib_msgs/actionlib_msgs/msg/rosidl_typesupport_fastrtps_cpp__visibility_control.h
[0.553s] -- Up-to-date: /root/ros_ws/src/Rescue_Car_ws/install/actionlib_msgs/include/actionlib_msgs/actionlib_msgs/msg/detail
[0.553s] -- Up-to-date: /root/ros_ws/src/Rescue_Car_ws/install/actionlib_msgs/include/actionlib_msgs/actionlib_msgs/msg/detail/goal_status__rosidl_typesupport_fastrtps_cpp.hpp
[0.553s] -- Up-to-date: /root/ros_ws/src/Rescue_Car_ws/install/actionlib_msgs/include/actionlib_msgs/actionlib_msgs/msg/detail/goal_id__rosidl_typesupport_fastrtps_cpp.hpp
[0.553s] -- Up-to-date: /root/ros_ws/src/Rescue_Car_ws/install/actionlib_msgs/include/actionlib_msgs/actionlib_msgs/msg/detail/dds_fastrtps
[0.553s] -- Up-to-date: /root/ros_ws/src/Rescue_Car_ws/install/actionlib_msgs/include/actionlib_msgs/actionlib_msgs/msg/detail/goal_status_array__rosidl_typesupport_fastrtps_cpp.hpp
[0.553s] -- Up-to-date: /root/ros_ws/src/Rescue_Car_ws/install/actionlib_msgs/lib/libactionlib_msgs__rosidl_typesupport_fastrtps_cpp.so
[0.554s] -- Up-to-date: /root/ros_ws/src/Rescue_Car_ws/install/actionlib_msgs/include/actionlib_msgs/actionlib_msgs
[0.554s] -- Up-to-date: /root/ros_ws/src/Rescue_Car_ws/install/actionlib_msgs/include/actionlib_msgs/actionlib_msgs/msg
[0.554s] -- Up-to-date: /root/ros_ws/src/Rescue_Car_ws/install/actionlib_msgs/include/actionlib_msgs/actionlib_msgs/msg/rosidl_typesupport_introspection_c__visibility_control.h
[0.554s] -- Up-to-date: /root/ros_ws/src/Rescue_Car_ws/install/actionlib_msgs/include/actionlib_msgs/actionlib_msgs/msg/detail
[0.554s] -- Up-to-date: /root/ros_ws/src/Rescue_Car_ws/install/actionlib_msgs/include/actionlib_msgs/actionlib_msgs/msg/detail/goal_id__rosidl_typesupport_introspection_c.h
[0.554s] -- Up-to-date: /root/ros_ws/src/Rescue_Car_ws/install/actionlib_msgs/include/actionlib_msgs/actionlib_msgs/msg/detail/goal_status_array__type_support.c
[0.554s] -- Up-to-date: /root/ros_ws/src/Rescue_Car_ws/install/actionlib_msgs/include/actionlib_msgs/actionlib_msgs/msg/detail/goal_status__type_support.c
[0.554s] -- Up-to-date: /root/ros_ws/src/Rescue_Car_ws/install/actionlib_msgs/include/actionlib_msgs/actionlib_msgs/msg/detail/goal_status__rosidl_typesupport_introspection_c.h
[0.554s] -- Up-to-date: /root/ros_ws/src/Rescue_Car_ws/install/actionlib_msgs/include/actionlib_msgs/actionlib_msgs/msg/detail/goal_status_array__rosidl_typesupport_introspection_c.h
[0.554s] -- Up-to-date: /root/ros_ws/src/Rescue_Car_ws/install/actionlib_msgs/include/actionlib_msgs/actionlib_msgs/msg/detail/goal_id__type_support.c
[0.554s] -- Up-to-date: /root/ros_ws/src/Rescue_Car_ws/install/actionlib_msgs/lib/libactionlib_msgs__rosidl_typesupport_introspection_c.so
[0.554s] -- Up-to-date: /root/ros_ws/src/Rescue_Car_ws/install/actionlib_msgs/lib/libactionlib_msgs__rosidl_typesupport_c.so
[0.554s] -- Up-to-date: /root/ros_ws/src/Rescue_Car_ws/install/actionlib_msgs/include/actionlib_msgs/actionlib_msgs
[0.555s] -- Up-to-date: /root/ros_ws/src/Rescue_Car_ws/install/actionlib_msgs/include/actionlib_msgs/actionlib_msgs/msg
[0.555s] -- Up-to-date: /root/ros_ws/src/Rescue_Car_ws/install/actionlib_msgs/include/actionlib_msgs/actionlib_msgs/msg/detail
[0.555s] -- Up-to-date: /root/ros_ws/src/Rescue_Car_ws/install/actionlib_msgs/include/actionlib_msgs/actionlib_msgs/msg/detail/goal_status_array__rosidl_typesupport_introspection_cpp.hpp
[0.555s] -- Up-to-date: /root/ros_ws/src/Rescue_Car_ws/install/actionlib_msgs/include/actionlib_msgs/actionlib_msgs/msg/detail/goal_id__type_support.cpp
[0.555s] -- Up-to-date: /root/ros_ws/src/Rescue_Car_ws/install/actionlib_msgs/include/actionlib_msgs/actionlib_msgs/msg/detail/goal_status_array__type_support.cpp
[0.555s] -- Up-to-date: /root/ros_ws/src/Rescue_Car_ws/install/actionlib_msgs/include/actionlib_msgs/actionlib_msgs/msg/detail/goal_status__rosidl_typesupport_introspection_cpp.hpp
[0.556s] -- Up-to-date: /root/ros_ws/src/Rescue_Car_ws/install/actionlib_msgs/include/actionlib_msgs/actionlib_msgs/msg/detail/goal_status__type_support.cpp
[0.556s] -- Up-to-date: /root/ros_ws/src/Rescue_Car_ws/install/actionlib_msgs/include/actionlib_msgs/actionlib_msgs/msg/detail/goal_id__rosidl_typesupport_introspection_cpp.hpp
[0.556s] -- Up-to-date: /root/ros_ws/src/Rescue_Car_ws/install/actionlib_msgs/lib/libactionlib_msgs__rosidl_typesupport_introspection_cpp.so
[0.557s] -- Up-to-date: /root/ros_ws/src/Rescue_Car_ws/install/actionlib_msgs/lib/libactionlib_msgs__rosidl_typesupport_cpp.so
[0.557s] -- Up-to-date: /root/ros_ws/src/Rescue_Car_ws/install/actionlib_msgs/share/actionlib_msgs/environment/pythonpath.sh
[0.557s] -- Up-to-date: /root/ros_ws/src/Rescue_Car_ws/install/actionlib_msgs/share/actionlib_msgs/environment/pythonpath.dsv
[0.557s] -- Up-to-date: /root/ros_ws/src/Rescue_Car_ws/install/actionlib_msgs/local/lib/python3.10/dist-packages/actionlib_msgs-4.9.0-py3.10.egg-info
[0.557s] -- Installing: /root/ros_ws/src/Rescue_Car_ws/install/actionlib_msgs/local/lib/python3.10/dist-packages/actionlib_msgs-4.9.0-py3.10.egg-info/dependency_links.txt
[0.557s] -- Installing: /root/ros_ws/src/Rescue_Car_ws/install/actionlib_msgs/local/lib/python3.10/dist-packages/actionlib_msgs-4.9.0-py3.10.egg-info/SOURCES.txt
[0.558s] -- Installing: /root/ros_ws/src/Rescue_Car_ws/install/actionlib_msgs/local/lib/python3.10/dist-packages/actionlib_msgs-4.9.0-py3.10.egg-info/PKG-INFO
[0.558s] -- Installing: /root/ros_ws/src/Rescue_Car_ws/install/actionlib_msgs/local/lib/python3.10/dist-packages/actionlib_msgs-4.9.0-py3.10.egg-info/top_level.txt
[0.558s] -- Up-to-date: /root/ros_ws/src/Rescue_Car_ws/install/actionlib_msgs/local/lib/python3.10/dist-packages/actionlib_msgs
[0.558s] -- Up-to-date: /root/ros_ws/src/Rescue_Car_ws/install/actionlib_msgs/local/lib/python3.10/dist-packages/actionlib_msgs/_actionlib_msgs_s.ep.rosidl_typesupport_fastrtps_c.c
[0.558s] -- Up-to-date: /root/ros_ws/src/Rescue_Car_ws/install/actionlib_msgs/local/lib/python3.10/dist-packages/actionlib_msgs/actionlib_msgs_s__rosidl_typesupport_introspection_c.cpython-310-x86_64-linux-gnu.so
[0.558s] -- Up-to-date: /root/ros_ws/src/Rescue_Car_ws/install/actionlib_msgs/local/lib/python3.10/dist-packages/actionlib_msgs/actionlib_msgs_s__rosidl_typesupport_fastrtps_c.cpython-310-x86_64-linux-gnu.so
[0.559s] -- Up-to-date: /root/ros_ws/src/Rescue_Car_ws/install/actionlib_msgs/local/lib/python3.10/dist-packages/actionlib_msgs/_actionlib_msgs_s.ep.rosidl_typesupport_introspection_c.c
[0.559s] -- Up-to-date: /root/ros_ws/src/Rescue_Car_ws/install/actionlib_msgs/local/lib/python3.10/dist-packages/actionlib_msgs/libactionlib_msgs__rosidl_generator_py.so
[0.559s] -- Up-to-date: /root/ros_ws/src/Rescue_Car_ws/install/actionlib_msgs/local/lib/python3.10/dist-packages/actionlib_msgs/_actionlib_msgs_s.ep.rosidl_typesupport_c.c
[0.559s] -- Up-to-date: /root/ros_ws/src/Rescue_Car_ws/install/actionlib_msgs/local/lib/python3.10/dist-packages/actionlib_msgs/actionlib_msgs_s__rosidl_typesupport_c.cpython-310-x86_64-linux-gnu.so
[0.559s] -- Up-to-date: /root/ros_ws/src/Rescue_Car_ws/install/actionlib_msgs/local/lib/python3.10/dist-packages/actionlib_msgs/__init__.py
[0.559s] -- Up-to-date: /root/ros_ws/src/Rescue_Car_ws/install/actionlib_msgs/local/lib/python3.10/dist-packages/actionlib_msgs/msg
[0.559s] -- Up-to-date: /root/ros_ws/src/Rescue_Car_ws/install/actionlib_msgs/local/lib/python3.10/dist-packages/actionlib_msgs/msg/_goal_status_s.c
[0.560s] -- Up-to-date: /root/ros_ws/src/Rescue_Car_ws/install/actionlib_msgs/local/lib/python3.10/dist-packages/actionlib_msgs/msg/_goal_id_s.c
[0.560s] -- Up-to-date: /root/ros_ws/src/Rescue_Car_ws/install/actionlib_msgs/local/lib/python3.10/dist-packages/actionlib_msgs/msg/_goal_status.py
[0.560s] -- Up-to-date: /root/ros_ws/src/Rescue_Car_ws/install/actionlib_msgs/local/lib/python3.10/dist-packages/actionlib_msgs/msg/_goal_status_array_s.c
[0.560s] -- Up-to-date: /root/ros_ws/src/Rescue_Car_ws/install/actionlib_msgs/local/lib/python3.10/dist-packages/actionlib_msgs/msg/_goal_status_array.py
[0.561s] -- Up-to-date: /root/ros_ws/src/Rescue_Car_ws/install/actionlib_msgs/local/lib/python3.10/dist-packages/actionlib_msgs/msg/__init__.py
[0.561s] -- Up-to-date: /root/ros_ws/src/Rescue_Car_ws/install/actionlib_msgs/local/lib/python3.10/dist-packages/actionlib_msgs/msg/_goal_id.py
[0.650s] Listing '/root/ros_ws/src/Rescue_Car_ws/install/actionlib_msgs/local/lib/python3.10/dist-packages/actionlib_msgs'...
[0.650s] Listing '/root/ros_ws/src/Rescue_Car_ws/install/actionlib_msgs/local/lib/python3.10/dist-packages/actionlib_msgs/msg'...
[0.672s] -- Up-to-date: /root/ros_ws/src/Rescue_Car_ws/install/actionlib_msgs/local/lib/python3.10/dist-packages/actionlib_msgs/actionlib_msgs_s__rosidl_typesupport_fastrtps_c.cpython-310-x86_64-linux-gnu.so
[0.672s] -- Up-to-date: /root/ros_ws/src/Rescue_Car_ws/install/actionlib_msgs/local/lib/python3.10/dist-packages/actionlib_msgs/actionlib_msgs_s__rosidl_typesupport_introspection_c.cpython-310-x86_64-linux-gnu.so
[0.673s] -- Up-to-date: /root/ros_ws/src/Rescue_Car_ws/install/actionlib_msgs/local/lib/python3.10/dist-packages/actionlib_msgs/actionlib_msgs_s__rosidl_typesupport_c.cpython-310-x86_64-linux-gnu.so
[0.673s] -- Up-to-date: /root/ros_ws/src/Rescue_Car_ws/install/actionlib_msgs/lib/libactionlib_msgs__rosidl_generator_py.so
[0.673s] -- Up-to-date: /root/ros_ws/src/Rescue_Car_ws/install/actionlib_msgs/share/actionlib_msgs/msg/GoalID.idl
[0.673s] -- Up-to-date: /root/ros_ws/src/Rescue_Car_ws/install/actionlib_msgs/share/actionlib_msgs/msg/GoalStatus.idl
[0.673s] -- Up-to-date: /root/ros_ws/src/Rescue_Car_ws/install/actionlib_msgs/share/actionlib_msgs/msg/GoalStatusArray.idl
[0.673s] -- Up-to-date: /root/ros_ws/src/Rescue_Car_ws/install/actionlib_msgs/share/actionlib_msgs/msg/GoalID.msg
[0.673s] -- Up-to-date: /root/ros_ws/src/Rescue_Car_ws/install/actionlib_msgs/share/actionlib_msgs/msg/GoalStatus.msg
[0.674s] -- Up-to-date: /root/ros_ws/src/Rescue_Car_ws/install/actionlib_msgs/share/actionlib_msgs/msg/GoalStatusArray.msg
[0.674s] -- Up-to-date: /root/ros_ws/src/Rescue_Car_ws/install/actionlib_msgs/share/ament_index/resource_index/package_run_dependencies/actionlib_msgs
[0.674s] -- Up-to-date: /root/ros_ws/src/Rescue_Car_ws/install/actionlib_msgs/share/ament_index/resource_index/parent_prefix_path/actionlib_msgs
[0.674s] -- Up-to-date: /root/ros_ws/src/Rescue_Car_ws/install/actionlib_msgs/share/actionlib_msgs/environment/ament_prefix_path.sh
[0.674s] -- Up-to-date: /root/ros_ws/src/Rescue_Car_ws/install/actionlib_msgs/share/actionlib_msgs/environment/ament_prefix_path.dsv
[0.674s] -- Up-to-date: /root/ros_ws/src/Rescue_Car_ws/install/actionlib_msgs/share/actionlib_msgs/environment/path.sh
[0.674s] -- Up-to-date: /root/ros_ws/src/Rescue_Car_ws/install/actionlib_msgs/share/actionlib_msgs/environment/path.dsv
[0.674s] -- Up-to-date: /root/ros_ws/src/Rescue_Car_ws/install/actionlib_msgs/share/actionlib_msgs/local_setup.bash
[0.674s] -- Up-to-date: /root/ros_ws/src/Rescue_Car_ws/install/actionlib_msgs/share/actionlib_msgs/local_setup.sh
[0.674s] -- Up-to-date: /root/ros_ws/src/Rescue_Car_ws/install/actionlib_msgs/share/actionlib_msgs/local_setup.zsh
[0.674s] -- Up-to-date: /root/ros_ws/src/Rescue_Car_ws/install/actionlib_msgs/share/actionlib_msgs/local_setup.dsv
[0.674s] -- Installing: /root/ros_ws/src/Rescue_Car_ws/install/actionlib_msgs/share/actionlib_msgs/package.dsv
[0.674s] -- Up-to-date: /root/ros_ws/src/Rescue_Car_ws/install/actionlib_msgs/share/ament_index/resource_index/packages/actionlib_msgs
[0.675s] -- Up-to-date: /root/ros_ws/src/Rescue_Car_ws/install/actionlib_msgs/share/actionlib_msgs/cmake/export_actionlib_msgs__rosidl_generator_cExport.cmake
[0.675s] -- Up-to-date: /root/ros_ws/src/Rescue_Car_ws/install/actionlib_msgs/share/actionlib_msgs/cmake/export_actionlib_msgs__rosidl_generator_cExport-noconfig.cmake
[0.675s] -- Up-to-date: /root/ros_ws/src/Rescue_Car_ws/install/actionlib_msgs/share/actionlib_msgs/cmake/export_actionlib_msgs__rosidl_typesupport_fastrtps_cExport.cmake
[0.676s] -- Up-to-date: /root/ros_ws/src/Rescue_Car_ws/install/actionlib_msgs/share/actionlib_msgs/cmake/export_actionlib_msgs__rosidl_typesupport_fastrtps_cExport-noconfig.cmake
[0.676s] -- Up-to-date: /root/ros_ws/src/Rescue_Car_ws/install/actionlib_msgs/share/actionlib_msgs/cmake/export_actionlib_msgs__rosidl_generator_cppExport.cmake
[0.676s] -- Up-to-date: /root/ros_ws/src/Rescue_Car_ws/install/actionlib_msgs/share/actionlib_msgs/cmake/export_actionlib_msgs__rosidl_typesupport_fastrtps_cppExport.cmake
[0.676s] -- Up-to-date: /root/ros_ws/src/Rescue_Car_ws/install/actionlib_msgs/share/actionlib_msgs/cmake/export_actionlib_msgs__rosidl_typesupport_fastrtps_cppExport-noconfig.cmake
[0.676s] -- Up-to-date: /root/ros_ws/src/Rescue_Car_ws/install/actionlib_msgs/share/actionlib_msgs/cmake/actionlib_msgs__rosidl_typesupport_introspection_cExport.cmake
[0.676s] -- Up-to-date: /root/ros_ws/src/Rescue_Car_ws/install/actionlib_msgs/share/actionlib_msgs/cmake/actionlib_msgs__rosidl_typesupport_introspection_cExport-noconfig.cmake
[0.676s] -- Up-to-date: /root/ros_ws/src/Rescue_Car_ws/install/actionlib_msgs/share/actionlib_msgs/cmake/actionlib_msgs__rosidl_typesupport_cExport.cmake
[0.676s] -- Up-to-date: /root/ros_ws/src/Rescue_Car_ws/install/actionlib_msgs/share/actionlib_msgs/cmake/actionlib_msgs__rosidl_typesupport_cExport-noconfig.cmake
[0.676s] -- Up-to-date: /root/ros_ws/src/Rescue_Car_ws/install/actionlib_msgs/share/actionlib_msgs/cmake/actionlib_msgs__rosidl_typesupport_introspection_cppExport.cmake
[0.677s] -- Up-to-date: /root/ros_ws/src/Rescue_Car_ws/install/actionlib_msgs/share/actionlib_msgs/cmake/actionlib_msgs__rosidl_typesupport_introspection_cppExport-noconfig.cmake
[0.677s] -- Up-to-date: /root/ros_ws/src/Rescue_Car_ws/install/actionlib_msgs/share/actionlib_msgs/cmake/actionlib_msgs__rosidl_typesupport_cppExport.cmake
[0.677s] -- Up-to-date: /root/ros_ws/src/Rescue_Car_ws/install/actionlib_msgs/share/actionlib_msgs/cmake/actionlib_msgs__rosidl_typesupport_cppExport-noconfig.cmake
[0.677s] -- Up-to-date: /root/ros_ws/src/Rescue_Car_ws/install/actionlib_msgs/share/actionlib_msgs/cmake/export_actionlib_msgs__rosidl_generator_pyExport.cmake
[0.677s] -- Up-to-date: /root/ros_ws/src/Rescue_Car_ws/install/actionlib_msgs/share/actionlib_msgs/cmake/export_actionlib_msgs__rosidl_generator_pyExport-noconfig.cmake
[0.677s] -- Up-to-date: /root/ros_ws/src/Rescue_Car_ws/install/actionlib_msgs/share/actionlib_msgs/cmake/rosidl_cmake-extras.cmake
[0.677s] -- Up-to-date: /root/ros_ws/src/Rescue_Car_ws/install/actionlib_msgs/share/actionlib_msgs/cmake/ament_cmake_export_dependencies-extras.cmake
[0.678s] -- Up-to-date: /root/ros_ws/src/Rescue_Car_ws/install/actionlib_msgs/share/actionlib_msgs/cmake/ament_cmake_export_include_directories-extras.cmake
[0.678s] -- Up-to-date: /root/ros_ws/src/Rescue_Car_ws/install/actionlib_msgs/share/actionlib_msgs/cmake/ament_cmake_export_libraries-extras.cmake
[0.678s] -- Up-to-date: /root/ros_ws/src/Rescue_Car_ws/install/actionlib_msgs/share/actionlib_msgs/cmake/ament_cmake_export_targets-extras.cmake
[0.678s] -- Up-to-date: /root/ros_ws/src/Rescue_Car_ws/install/actionlib_msgs/share/actionlib_msgs/cmake/rosidl_cmake_export_typesupport_targets-extras.cmake
[0.678s] -- Up-to-date: /root/ros_ws/src/Rescue_Car_ws/install/actionlib_msgs/share/actionlib_msgs/cmake/rosidl_cmake_export_typesupport_libraries-extras.cmake
[0.678s] -- Up-to-date: /root/ros_ws/src/Rescue_Car_ws/install/actionlib_msgs/share/actionlib_msgs/cmake/actionlib_msgsConfig.cmake
[0.678s] -- Up-to-date: /root/ros_ws/src/Rescue_Car_ws/install/actionlib_msgs/share/actionlib_msgs/cmake/actionlib_msgsConfig-version.cmake
[0.678s] -- Up-to-date: /root/ros_ws/src/Rescue_Car_ws/install/actionlib_msgs/share/actionlib_msgs/package.xml
[0.699s] Invoked command in '/root/ros_ws/src/Rescue_Car_ws/build/actionlib_msgs' returned '0': AMENT_PREFIX_PATH=/root/ros_ws/src/Rescue_Car_ws/install/std_msgs:/root/ros_ws/src/Rescue_Car_ws/install/builtin_interfaces:${AMENT_PREFIX_PATH} CMAKE_PREFIX_PATH=/root/ros_ws/src/Rescue_Car_ws/install/std_msgs:/root/ros_ws/src/Rescue_Car_ws/install/builtin_interfaces:/opt/ros/humble LD_LIBRARY_PATH=/root/ros_ws/src/Rescue_Car_ws/install/std_msgs/lib:/root/ros_ws/src/Rescue_Car_ws/install/builtin_interfaces/lib:${LD_LIBRARY_PATH} PYTHONPATH=/root/ros_ws/src/Rescue_Car_ws/install/std_msgs/local/lib/python3.10/dist-packages:/root/ros_ws/src/Rescue_Car_ws/install/builtin_interfaces/local/lib/python3.10/dist-packages:${PYTHONPATH} /usr/bin/cmake --install /root/ros_ws/src/Rescue_Car_ws/build/actionlib_msgs
