/usr/bin/cmake -S/root/ros_ws/src/Rescue_Car_ws/src/microros/src/uros/rclc/rclc -B/root/ros_ws/src/Rescue_Car_ws/build/rclc --check-build-system CMakeFiles/Makefile.cmake 0
/usr/bin/cmake -E cmake_progress_start /root/ros_ws/src/Rescue_Car_ws/build/rclc/CMakeFiles /root/ros_ws/src/Rescue_Car_ws/build/rclc//CMakeFiles/progress.marks
/usr/bin/gmake  -f CMakeFiles/Makefile2 all
gmake[1]: Entering directory '/root/ros_ws/src/Rescue_Car_ws/build/rclc'
/usr/bin/gmake  -f CMakeFiles/rclc.dir/build.make CMakeFiles/rclc.dir/depend
/usr/bin/gmake  -f gtest/CMakeFiles/gtest_main.dir/build.make gtest/CMakeFiles/gtest_main.dir/depend
/usr/bin/gmake  -f gtest/CMakeFiles/gtest.dir/build.make gtest/CMakeFiles/gtest.dir/depend
gmake[2]: Entering directory '/root/ros_ws/src/Rescue_Car_ws/build/rclc'
cd /root/ros_ws/src/Rescue_Car_ws/build/rclc && /usr/bin/cmake -E cmake_depends "Unix Makefiles" /root/ros_ws/src/Rescue_Car_ws/src/microros/src/uros/rclc/rclc /root/ros_ws/src/Rescue_Car_ws/src/microros/src/uros/rclc/rclc /root/ros_ws/src/Rescue_Car_ws/build/rclc /root/ros_ws/src/Rescue_Car_ws/build/rclc /root/ros_ws/src/Rescue_Car_ws/build/rclc/CMakeFiles/rclc.dir/DependInfo.cmake --color=
gmake[2]: Entering directory '/root/ros_ws/src/Rescue_Car_ws/build/rclc'
gmake[2]: Entering directory '/root/ros_ws/src/Rescue_Car_ws/build/rclc'
cd /root/ros_ws/src/Rescue_Car_ws/build/rclc && /usr/bin/cmake -E cmake_depends "Unix Makefiles" /root/ros_ws/src/Rescue_Car_ws/src/microros/src/uros/rclc/rclc /opt/ros/humble/src/gtest_vendor /root/ros_ws/src/Rescue_Car_ws/build/rclc /root/ros_ws/src/Rescue_Car_ws/build/rclc/gtest /root/ros_ws/src/Rescue_Car_ws/build/rclc/gtest/CMakeFiles/gtest_main.dir/DependInfo.cmake --color=
cd /root/ros_ws/src/Rescue_Car_ws/build/rclc && /usr/bin/cmake -E cmake_depends "Unix Makefiles" /root/ros_ws/src/Rescue_Car_ws/src/microros/src/uros/rclc/rclc /opt/ros/humble/src/gtest_vendor /root/ros_ws/src/Rescue_Car_ws/build/rclc /root/ros_ws/src/Rescue_Car_ws/build/rclc/gtest /root/ros_ws/src/Rescue_Car_ws/build/rclc/gtest/CMakeFiles/gtest.dir/DependInfo.cmake --color=
gmake[2]: Leaving directory '/root/ros_ws/src/Rescue_Car_ws/build/rclc'
/usr/bin/gmake  -f CMakeFiles/rclc.dir/build.make CMakeFiles/rclc.dir/build
gmake[2]: Leaving directory '/root/ros_ws/src/Rescue_Car_ws/build/rclc'
/usr/bin/gmake  -f gtest/CMakeFiles/gtest_main.dir/build.make gtest/CMakeFiles/gtest_main.dir/build
gmake[2]: Leaving directory '/root/ros_ws/src/Rescue_Car_ws/build/rclc'
/usr/bin/gmake  -f gtest/CMakeFiles/gtest.dir/build.make gtest/CMakeFiles/gtest.dir/build
gmake[2]: Entering directory '/root/ros_ws/src/Rescue_Car_ws/build/rclc'
gmake[2]: Nothing to be done for 'gtest/CMakeFiles/gtest_main.dir/build'.
gmake[2]: Leaving directory '/root/ros_ws/src/Rescue_Car_ws/build/rclc'
gmake[2]: Entering directory '/root/ros_ws/src/Rescue_Car_ws/build/rclc'
gmake[2]: Nothing to be done for 'gtest/CMakeFiles/gtest.dir/build'.
gmake[2]: Leaving directory '/root/ros_ws/src/Rescue_Car_ws/build/rclc'
gmake[2]: Entering directory '/root/ros_ws/src/Rescue_Car_ws/build/rclc'
gmake[2]: Nothing to be done for 'CMakeFiles/rclc.dir/build'.
gmake[2]: Leaving directory '/root/ros_ws/src/Rescue_Car_ws/build/rclc'
[  6%] Built target gtest
[ 53%] Built target rclc
[ 60%] Built target gtest_main
/usr/bin/gmake  -f CMakeFiles/rclc_test.dir/build.make CMakeFiles/rclc_test.dir/depend
gmake[2]: Entering directory '/root/ros_ws/src/Rescue_Car_ws/build/rclc'
cd /root/ros_ws/src/Rescue_Car_ws/build/rclc && /usr/bin/cmake -E cmake_depends "Unix Makefiles" /root/ros_ws/src/Rescue_Car_ws/src/microros/src/uros/rclc/rclc /root/ros_ws/src/Rescue_Car_ws/src/microros/src/uros/rclc/rclc /root/ros_ws/src/Rescue_Car_ws/build/rclc /root/ros_ws/src/Rescue_Car_ws/build/rclc /root/ros_ws/src/Rescue_Car_ws/build/rclc/CMakeFiles/rclc_test.dir/DependInfo.cmake --color=
gmake[2]: Leaving directory '/root/ros_ws/src/Rescue_Car_ws/build/rclc'
/usr/bin/gmake  -f CMakeFiles/rclc_test.dir/build.make CMakeFiles/rclc_test.dir/build
gmake[2]: Entering directory '/root/ros_ws/src/Rescue_Car_ws/build/rclc'
gmake[2]: Nothing to be done for 'CMakeFiles/rclc_test.dir/build'.
gmake[2]: Leaving directory '/root/ros_ws/src/Rescue_Car_ws/build/rclc'
[100%] Built target rclc_test
gmake[1]: Leaving directory '/root/ros_ws/src/Rescue_Car_ws/build/rclc'
/usr/bin/cmake -E cmake_progress_start /root/ros_ws/src/Rescue_Car_ws/build/rclc/CMakeFiles 0
-- Install configuration: ""
-- Up-to-date: /root/ros_ws/src/Rescue_Car_ws/install/rclc/lib/librclc.so
-- Up-to-date: /root/ros_ws/src/Rescue_Car_ws/install/rclc/include
-- Up-to-date: /root/ros_ws/src/Rescue_Car_ws/install/rclc/include/rclc
-- Up-to-date: /root/ros_ws/src/Rescue_Car_ws/install/rclc/include/rclc/init.h
-- Up-to-date: /root/ros_ws/src/Rescue_Car_ws/install/rclc/include/rclc/executor_handle.h
-- Up-to-date: /root/ros_ws/src/Rescue_Car_ws/install/rclc/include/rclc/timer.h
-- Up-to-date: /root/ros_ws/src/Rescue_Car_ws/install/rclc/include/rclc/client.h
-- Up-to-date: /root/ros_ws/src/Rescue_Car_ws/install/rclc/include/rclc/rclc.h
-- Up-to-date: /root/ros_ws/src/Rescue_Car_ws/install/rclc/include/rclc/visibility_control.h
-- Up-to-date: /root/ros_ws/src/Rescue_Car_ws/install/rclc/include/rclc/sleep.h
-- Up-to-date: /root/ros_ws/src/Rescue_Car_ws/install/rclc/include/rclc/service.h
-- Up-to-date: /root/ros_ws/src/Rescue_Car_ws/install/rclc/include/rclc/action_server.h
-- Up-to-date: /root/ros_ws/src/Rescue_Car_ws/install/rclc/include/rclc/action_goal_handle.h
-- Up-to-date: /root/ros_ws/src/Rescue_Car_ws/install/rclc/include/rclc/action_client.h
-- Up-to-date: /root/ros_ws/src/Rescue_Car_ws/install/rclc/include/rclc/subscription.h
-- Up-to-date: /root/ros_ws/src/Rescue_Car_ws/install/rclc/include/rclc/publisher.h
-- Up-to-date: /root/ros_ws/src/Rescue_Car_ws/install/rclc/include/rclc/types.h
-- Up-to-date: /root/ros_ws/src/Rescue_Car_ws/install/rclc/include/rclc/node.h
-- Up-to-date: /root/ros_ws/src/Rescue_Car_ws/install/rclc/include/rclc/executor.h
-- Up-to-date: /root/ros_ws/src/Rescue_Car_ws/install/rclc/share/rclc/environment/library_path.sh
-- Up-to-date: /root/ros_ws/src/Rescue_Car_ws/install/rclc/share/rclc/environment/library_path.dsv
-- Up-to-date: /root/ros_ws/src/Rescue_Car_ws/install/rclc/share/ament_index/resource_index/package_run_dependencies/rclc
-- Up-to-date: /root/ros_ws/src/Rescue_Car_ws/install/rclc/share/ament_index/resource_index/parent_prefix_path/rclc
-- Up-to-date: /root/ros_ws/src/Rescue_Car_ws/install/rclc/share/rclc/environment/ament_prefix_path.sh
-- Up-to-date: /root/ros_ws/src/Rescue_Car_ws/install/rclc/share/rclc/environment/ament_prefix_path.dsv
-- Up-to-date: /root/ros_ws/src/Rescue_Car_ws/install/rclc/share/rclc/environment/path.sh
-- Up-to-date: /root/ros_ws/src/Rescue_Car_ws/install/rclc/share/rclc/environment/path.dsv
-- Up-to-date: /root/ros_ws/src/Rescue_Car_ws/install/rclc/share/rclc/local_setup.bash
-- Up-to-date: /root/ros_ws/src/Rescue_Car_ws/install/rclc/share/rclc/local_setup.sh
-- Up-to-date: /root/ros_ws/src/Rescue_Car_ws/install/rclc/share/rclc/local_setup.zsh
-- Up-to-date: /root/ros_ws/src/Rescue_Car_ws/install/rclc/share/rclc/local_setup.dsv
-- Installing: /root/ros_ws/src/Rescue_Car_ws/install/rclc/share/rclc/package.dsv
-- Up-to-date: /root/ros_ws/src/Rescue_Car_ws/install/rclc/share/ament_index/resource_index/packages/rclc
-- Up-to-date: /root/ros_ws/src/Rescue_Car_ws/install/rclc/share/rclc/cmake/rclcExport.cmake
-- Up-to-date: /root/ros_ws/src/Rescue_Car_ws/install/rclc/share/rclc/cmake/rclcExport-noconfig.cmake
-- Up-to-date: /root/ros_ws/src/Rescue_Car_ws/install/rclc/share/rclc/cmake/ament_cmake_export_include_directories-extras.cmake
-- Up-to-date: /root/ros_ws/src/Rescue_Car_ws/install/rclc/share/rclc/cmake/ament_cmake_export_libraries-extras.cmake
-- Up-to-date: /root/ros_ws/src/Rescue_Car_ws/install/rclc/share/rclc/cmake/ament_cmake_export_targets-extras.cmake
-- Up-to-date: /root/ros_ws/src/Rescue_Car_ws/install/rclc/share/rclc/cmake/ament_cmake_export_dependencies-extras.cmake
-- Up-to-date: /root/ros_ws/src/Rescue_Car_ws/install/rclc/share/rclc/cmake/rclcConfig.cmake
-- Up-to-date: /root/ros_ws/src/Rescue_Car_ws/install/rclc/share/rclc/cmake/rclcConfig-version.cmake
-- Up-to-date: /root/ros_ws/src/Rescue_Car_ws/install/rclc/share/rclc/package.xml
